2026-02-11 03:24:06,538 - INFO - Arguments:
2026-02-11 03:24:06,538 - INFO -   ablate_concept_graph: False
2026-02-11 03:24:06,538 - INFO -   ablate_module1: False
2026-02-11 03:24:06,538 - INFO -   ablate_module2: False
2026-02-11 03:24:06,538 - INFO -   ablate_module3: True
2026-02-11 03:24:06,538 - INFO -   ablate_skill_encoder: False
2026-02-11 03:24:06,538 - INFO -   ablate_soft_prototype: True
2026-02-11 03:24:06,538 - INFO -   allow_self_loop: True
2026-02-11 03:24:06,538 - INFO -   batch_size: 128
2026-02-11 03:24:06,538 - INFO -   data_dir: ./data/assist_09
2026-02-11 03:24:06,538 - INFO -   dataset_name: assist_09
2026-02-11 03:24:06,539 - INFO -   debug_module3_diag: True
2026-02-11 03:24:06,539 - INFO -   diag_batches: 2
2026-02-11 03:24:06,539 - INFO -   disable_q_aligned_residual: False
2026-02-11 03:24:06,539 - INFO -   disable_q_conditioning: False
2026-02-11 03:24:06,539 - INFO -   disable_self_loop: False
2026-02-11 03:24:06,539 - INFO -   disable_soft_prototype: True
2026-02-11 03:24:06,539 - INFO -   dropout: 0.1
2026-02-11 03:24:06,539 - INFO -   early_stop_patience: 3
2026-02-11 03:24:06,539 - INFO -   enable_module1: True
2026-02-11 03:24:06,539 - INFO -   enable_module2: True
2026-02-11 03:24:06,539 - INFO -   enable_module3: False
2026-02-11 03:24:06,539 - INFO -   enable_soft_prototype: False
2026-02-11 03:24:06,539 - INFO -   epochs: 30
2026-02-11 03:24:06,539 - INFO -   exercise_dim: 64
2026-02-11 03:24:06,539 - INFO -   exercise_l2_lambda: 5e-05
2026-02-11 03:24:06,539 - INFO -   fusion_gate_bias_init: -2.5
2026-02-11 03:24:06,539 - INFO -   fusion_gate_max: 0.4
2026-02-11 03:24:06,539 - INFO -   generate_diagnosis: False
2026-02-11 03:24:06,539 - INFO -   gnn_residual_weight: 0.5
2026-02-11 03:24:06,539 - INFO -   gpu_candidates: None
2026-02-11 03:24:06,539 - INFO -   gpu_ids: None
2026-02-11 03:24:06,539 - INFO -   gpu_memory_threshold: 2000
2026-02-11 03:24:06,539 - INFO -   gpus: None
2026-02-11 03:24:06,539 - INFO -   graph_topk: None
2026-02-11 03:24:06,539 - INFO -   knowledge_dim: 64
2026-02-11 03:24:06,539 - INFO -   lambda_alpha: 0.01
2026-02-11 03:24:06,539 - INFO -   lambda_proto_div: 0.0
2026-02-11 03:24:06,539 - INFO -   lambda_proto_usage: 0.0
2026-02-11 03:24:06,539 - INFO -   lambda_sparse: 1.0
2026-02-11 03:24:06,539 - INFO -   lambda_sparse_personal: 0.005
2026-02-11 03:24:06,539 - INFO -   learning_rate: 0.0003
2026-02-11 03:24:06,539 - INFO -   log_dir: logs/assist_09_m3grid/seed42/drop_0p1_no3
2026-02-11 03:24:06,539 - INFO -   min_exer_interactions: 0
2026-02-11 03:24:06,540 - INFO -   min_poison_count: 0
2026-02-11 03:24:06,540 - INFO -   min_stu_interactions: 15
2026-02-11 03:24:06,540 - INFO -   model_variant: assist_09_m3grid_drop_0p1_no3
2026-02-11 03:24:06,540 - INFO -   multi_gpu: False
2026-02-11 03:24:06,540 - INFO -   no_cuda: False
2026-02-11 03:24:06,540 - INFO -   num_gnn_layers: 1
2026-02-11 03:24:06,540 - INFO -   num_gpus: 1
2026-02-11 03:24:06,540 - INFO -   num_prototypes: 0
2026-02-11 03:24:06,540 - INFO -   num_relation_heads: 2
2026-02-11 03:24:06,540 - INFO -   num_workers: 4
2026-02-11 03:24:06,540 - INFO -   patience: 5
2026-02-11 03:24:06,540 - INFO -   personal_rank: 4
2026-02-11 03:24:06,540 - INFO -   proto_lambda: 0.0
2026-02-11 03:24:06,540 - INFO -   proto_tau: 1.0
2026-02-11 03:24:06,540 - INFO -   residual_clip_t: 2.0
2026-02-11 03:24:06,540 - INFO -   save_dir: checkpoints/assist_09_m3grid/seed42/drop_0p1_no3
2026-02-11 03:24:06,540 - INFO -   save_interval: 10
2026-02-11 03:24:06,540 - INFO -   seed: 42
2026-02-11 03:24:06,540 - INFO -   skill_dim: 128
2026-02-11 03:24:06,540 - INFO -   use_concept_graph: True
2026-02-11 03:24:06,540 - INFO -   use_exercise_graph: True
2026-02-11 03:24:06,540 - INFO -   use_mf_branch: False
2026-02-11 03:24:06,540 - INFO -   use_personal_graph: True
2026-02-11 03:24:06,540 - INFO -   use_q_aligned_residual: True
2026-02-11 03:24:06,540 - INFO -   use_q_conditioning: True
2026-02-11 03:24:06,540 - INFO -   use_skill_encoder: False
2026-02-11 03:24:06,540 - INFO -   use_soft_prototype: False
2026-02-11 03:24:06,540 - INFO -   use_soft_prototype_main_path: False
2026-02-11 03:24:06,540 - INFO -   weight_decay: 1e-05
2026-02-11 03:24:06,623 - INFO - Using device: cuda:0
2026-02-11 03:24:06,624 - INFO - [assist_09|assist_09_m3grid_drop_0p1_no3|lr=0.0003|drop=0.10] Loading datasets...
2026-02-11 03:24:06,624 - INFO - [assist_09|assist_09_m3grid_drop_0p1_no3|lr=0.0003|drop=0.10] Regularization: graph_entropy(lambda_sparse)=1.000000, proto_div=0.000000, proto_usage=0.000000, personal_sparse=0.005000, alpha_penalty=0.010000, mf_l2(exercise_l2_lambda)=0.000050
2026-02-11 03:24:06,718 - INFO - [数据清洗] 学生交互次数 < 15 次的学生：共移除 0 个学生（仅统计用户数）
2026-02-11 03:24:06,728 - INFO - [数据清洗] 学生冷启动过滤：在 train/valid/test 中共删除 0 条记录。
2026-02-11 03:24:06,728 - INFO - [数据清洗] 跳过题目冷门过滤（min_exer_interactions <= 0）。
2026-02-11 03:24:06,728 - INFO - [数据清洗] 跳过毒题清洗（min_poison_count <= 0）。
2026-02-11 03:24:18,904 - INFO - [assist_09|assist_09_m3grid_drop_0p1_no3|lr=0.0003|drop=0.10] Train samples: 194489, Val samples: 20385
2026-02-11 03:24:18,904 - INFO - [assist_09|assist_09_m3grid_drop_0p1_no3|lr=0.0003|drop=0.10] Number of students: 2493
2026-02-11 03:24:18,904 - INFO - [assist_09|assist_09_m3grid_drop_0p1_no3|lr=0.0003|drop=0.10] Number of exercises: 17676
2026-02-11 03:24:18,905 - INFO - [assist_09|assist_09_m3grid_drop_0p1_no3|lr=0.0003|drop=0.10] Number of concepts: 123
2026-02-11 03:24:18,905 - INFO - [assist_09|assist_09_m3grid_drop_0p1_no3|lr=0.0003|drop=0.10] Creating model...
2026-02-11 03:24:18,905 - INFO - [assist_09|assist_09_m3grid_drop_0p1_no3|lr=0.0003|drop=0.10] Ablation switches: ablate_module1=False, ablate_module2=False, ablate_module3=True | enable_module1=True, enable_module2=True, enable_module3=False | use_soft_prototype=False, use_mf_branch=False, use_concept_graph=True, use_q_aligned_residual=True, use_soft_prototype_main_path=False | effective(num_gnn_layers=1, num_prototypes=0)
2026-02-11 03:24:19,085 - INFO - [assist_09|assist_09_m3grid_drop_0p1_no3|lr=0.0003|drop=0.10] Ablation runtime check: args(ablate_module1=False,ablate_module2=False,ablate_module3=True) | model(enable_module1=True,enable_module2=True,enable_module3=False) | physical(has_knowledge_encoder=True,has_mf_branch=False,has_soft_prototype=False)
2026-02-11 03:24:19,085 - INFO - [assist_09|assist_09_m3grid_drop_0p1_no3|lr=0.0003|drop=0.10] Debug diagnostics enabled: diag_batches=2
2026-02-11 03:24:19,086 - INFO - [assist_09|assist_09_m3grid_drop_0p1_no3|lr=0.0003|drop=0.10] Total parameters: 292,959
2026-02-11 03:24:19,086 - INFO - [assist_09|assist_09_m3grid_drop_0p1_no3|lr=0.0003|drop=0.10] Trainable parameters: 292,959
2026-02-11 03:24:20,255 - INFO - [assist_09|assist_09_m3grid_drop_0p1_no3|lr=0.0003|drop=0.10] Starting training...
2026-02-11 03:24:50,139 - INFO - [assist_09|assist_09_m3grid_drop_0p1_no3|lr=0.0003|drop=0.10] Epoch [001/30] | Train: Loss=5.3032, BCE=0.5858, Reg=4.7174, AUC=0.6933, ACC=0.6956, RMSE=0.4472 | Val: Loss=5.3820, BCE=0.5658, Reg=4.8162, AUC=0.7299, ACC=0.7109, RMSE=0.4376
2026-02-11 03:24:50,139 - INFO - [assist_09|assist_09_m3grid_drop_0p1_no3|lr=0.0003|drop=0.10] [Reg Terms] Epoch [001] | Train: graph_entropy=4.706370, mf_l2=0.000000, proto_div=0.000000, proto_usage=0.000000, personal_sparse=0.012876, alpha_var=-0.001857, reg_bce_ratio=8.0533 | Val: graph_entropy=4.812184, mf_l2=0.000000, proto_div=0.000000, proto_usage=0.000000, personal_sparse=0.005528, alpha_var=-0.001483, reg_bce_ratio=8.5126
2026-02-11 03:24:50,318 - INFO - [assist_09|assist_09_m3grid_drop_0p1_no3|lr=0.0003|drop=0.10] [Diag][M3] Epoch [001] | residual_abs_mean=0.0000, residual_std=0.0000, mf_abs_mean=0.0000, mf_std=0.0000, gate_mean=0.0000, gate_std=0.0000, irt_abs_mean=1.3282, irt_std=0.5761, delta_abs_mean=0.0000, delta_std=0.0000, delta_over_irt=0.0000, graph_row_entropy=4.8122, graph_entropy_ratio=1.0000, alpha_mean=0.2098, alpha_std=0.4055, personal_row_entropy=0.8642
2026-02-11 03:24:50,318 - INFO - [assist_09|assist_09_m3grid_drop_0p1_no3|lr=0.0003|drop=0.10] [Grad Norms] Epoch [001] | mf_u_proj=0.000000, mf_v_proj=0.000000, fusion_gate=0.000000, q_gate_raw=0.000000, skill_latent=0.000000
2026-02-11 03:24:50,527 - INFO - [assist_09|assist_09_m3grid_drop_0p1_no3|lr=0.0003|drop=0.10] -> New best AUC=0.7299 at epoch 1
2026-02-11 03:25:20,586 - INFO - [assist_09|assist_09_m3grid_drop_0p1_no3|lr=0.0003|drop=0.10] Epoch [002/30] | Train: Loss=5.2550, BCE=0.5466, Reg=4.7084, AUC=0.7500, ACC=0.7248, RMSE=0.4285 | Val: Loss=5.3734, BCE=0.5593, Reg=4.8141, AUC=0.7364, ACC=0.7141, RMSE=0.4347
2026-02-11 03:25:20,586 - INFO - [assist_09|assist_09_m3grid_drop_0p1_no3|lr=0.0003|drop=0.10] [Reg Terms] Epoch [002] | Train: graph_entropy=4.706385, mf_l2=0.000000, proto_div=0.000000, proto_usage=0.000000, personal_sparse=0.004373, alpha_var=-0.002394, reg_bce_ratio=8.6135 | Val: graph_entropy=4.812184, mf_l2=0.000000, proto_div=0.000000, proto_usage=0.000000, personal_sparse=0.003418, alpha_var=-0.001498, reg_bce_ratio=8.6075
2026-02-11 03:25:20,769 - INFO - [assist_09|assist_09_m3grid_drop_0p1_no3|lr=0.0003|drop=0.10] [Diag][M3] Epoch [002] | residual_abs_mean=0.0000, residual_std=0.0000, mf_abs_mean=0.0000, mf_std=0.0000, gate_mean=0.0000, gate_std=0.0000, irt_abs_mean=1.3083, irt_std=0.6091, delta_abs_mean=0.0000, delta_std=0.0000, delta_over_irt=0.0000, graph_row_entropy=4.8122, graph_entropy_ratio=1.0000, alpha_mean=0.2119, alpha_std=0.4070, personal_row_entropy=0.7006
2026-02-11 03:25:20,769 - INFO - [assist_09|assist_09_m3grid_drop_0p1_no3|lr=0.0003|drop=0.10] [Grad Norms] Epoch [002] | mf_u_proj=0.000000, mf_v_proj=0.000000, fusion_gate=0.000000, q_gate_raw=0.000000, skill_latent=0.000000
2026-02-11 03:25:21,084 - INFO - [assist_09|assist_09_m3grid_drop_0p1_no3|lr=0.0003|drop=0.10] -> New best AUC=0.7364 at epoch 2
2026-02-11 03:25:50,695 - INFO - [assist_09|assist_09_m3grid_drop_0p1_no3|lr=0.0003|drop=0.10] Epoch [003/30] | Train: Loss=5.2395, BCE=0.5325, Reg=4.7070, AUC=0.7664, ACC=0.7337, RMSE=0.4220 | Val: Loss=5.3711, BCE=0.5579, Reg=4.8132, AUC=0.7385, ACC=0.7152, RMSE=0.4342
2026-02-11 03:25:50,695 - INFO - [assist_09|assist_09_m3grid_drop_0p1_no3|lr=0.0003|drop=0.10] [Reg Terms] Epoch [003] | Train: graph_entropy=4.706404, mf_l2=0.000000, proto_div=0.000000, proto_usage=0.000000, personal_sparse=0.002981, alpha_var=-0.002406, reg_bce_ratio=8.8392 | Val: graph_entropy=4.812184, mf_l2=0.000000, proto_div=0.000000, proto_usage=0.000000, personal_sparse=0.002530, alpha_var=-0.001505, reg_bce_ratio=8.6281
2026-02-11 03:25:50,913 - INFO - [assist_09|assist_09_m3grid_drop_0p1_no3|lr=0.0003|drop=0.10] [Diag][M3] Epoch [003] | residual_abs_mean=0.0000, residual_std=0.0000, mf_abs_mean=0.0000, mf_std=0.0000, gate_mean=0.0000, gate_std=0.0000, irt_abs_mean=1.3009, irt_std=0.6310, delta_abs_mean=0.0000, delta_std=0.0000, delta_over_irt=0.0000, graph_row_entropy=4.8122, graph_entropy_ratio=1.0000, alpha_mean=0.2108, alpha_std=0.4064, personal_row_entropy=0.6257
2026-02-11 03:25:50,913 - INFO - [assist_09|assist_09_m3grid_drop_0p1_no3|lr=0.0003|drop=0.10] [Grad Norms] Epoch [003] | mf_u_proj=0.000000, mf_v_proj=0.000000, fusion_gate=0.000000, q_gate_raw=0.000000, skill_latent=0.000000
2026-02-11 03:25:51,184 - INFO - [assist_09|assist_09_m3grid_drop_0p1_no3|lr=0.0003|drop=0.10] -> New best AUC=0.7385 at epoch 3
2026-02-11 03:26:16,808 - INFO - [assist_09|assist_09_m3grid_drop_0p1_no3|lr=0.0003|drop=0.10] Epoch [004/30] | Train: Loss=5.2290, BCE=0.5228, Reg=4.7062, AUC=0.7774, ACC=0.7389, RMSE=0.4178 | Val: Loss=5.3679, BCE=0.5551, Reg=4.8127, AUC=0.7423, ACC=0.7198, RMSE=0.4328
2026-02-11 03:26:16,808 - INFO - [assist_09|assist_09_m3grid_drop_0p1_no3|lr=0.0003|drop=0.10] [Reg Terms] Epoch [004] | Train: graph_entropy=4.706343, mf_l2=0.000000, proto_div=0.000000, proto_usage=0.000000, personal_sparse=0.002297, alpha_var=-0.002416, reg_bce_ratio=9.0017 | Val: graph_entropy=4.812184, mf_l2=0.000000, proto_div=0.000000, proto_usage=0.000000, personal_sparse=0.002051, alpha_var=-0.001512, reg_bce_ratio=8.6694
2026-02-11 03:26:17,014 - INFO - [assist_09|assist_09_m3grid_drop_0p1_no3|lr=0.0003|drop=0.10] [Diag][M3] Epoch [004] | residual_abs_mean=0.0000, residual_std=0.0000, mf_abs_mean=0.0000, mf_std=0.0000, gate_mean=0.0000, gate_std=0.0000, irt_abs_mean=1.3650, irt_std=0.6682, delta_abs_mean=0.0000, delta_std=0.0000, delta_over_irt=0.0000, graph_row_entropy=4.8122, graph_entropy_ratio=1.0000, alpha_mean=0.2112, alpha_std=0.4073, personal_row_entropy=0.6182
2026-02-11 03:26:17,014 - INFO - [assist_09|assist_09_m3grid_drop_0p1_no3|lr=0.0003|drop=0.10] [Grad Norms] Epoch [004] | mf_u_proj=0.000000, mf_v_proj=0.000000, fusion_gate=0.000000, q_gate_raw=0.000000, skill_latent=0.000000
2026-02-11 03:26:17,279 - INFO - [assist_09|assist_09_m3grid_drop_0p1_no3|lr=0.0003|drop=0.10] -> New best AUC=0.7423 at epoch 4
2026-02-11 03:26:46,306 - INFO - [assist_09|assist_09_m3grid_drop_0p1_no3|lr=0.0003|drop=0.10] Epoch [005/30] | Train: Loss=5.2204, BCE=0.5146, Reg=4.7058, AUC=0.7865, ACC=0.7432, RMSE=0.4141 | Val: Loss=5.3675, BCE=0.5552, Reg=4.8123, AUC=0.7423, ACC=0.7178, RMSE=0.4329
2026-02-11 03:26:46,306 - INFO - [assist_09|assist_09_m3grid_drop_0p1_no3|lr=0.0003|drop=0.10] [Reg Terms] Epoch [005] | Train: graph_entropy=4.706412, mf_l2=0.000000, proto_div=0.000000, proto_usage=0.000000, personal_sparse=0.001838, alpha_var=-0.002419, reg_bce_ratio=9.1454 | Val: graph_entropy=4.812184, mf_l2=0.000000, proto_div=0.000000, proto_usage=0.000000, personal_sparse=0.001626, alpha_var=-0.001514, reg_bce_ratio=8.6676
2026-02-11 03:26:46,500 - INFO - [assist_09|assist_09_m3grid_drop_0p1_no3|lr=0.0003|drop=0.10] [Diag][M3] Epoch [005] | residual_abs_mean=0.0000, residual_std=0.0000, mf_abs_mean=0.0000, mf_std=0.0000, gate_mean=0.0000, gate_std=0.0000, irt_abs_mean=1.3413, irt_std=0.6937, delta_abs_mean=0.0000, delta_std=0.0000, delta_over_irt=0.0000, graph_row_entropy=4.8122, graph_entropy_ratio=1.0000, alpha_mean=0.2132, alpha_std=0.4068, personal_row_entropy=0.4024
2026-02-11 03:26:46,500 - INFO - [assist_09|assist_09_m3grid_drop_0p1_no3|lr=0.0003|drop=0.10] [Grad Norms] Epoch [005] | mf_u_proj=0.000000, mf_v_proj=0.000000, fusion_gate=0.000000, q_gate_raw=0.000000, skill_latent=0.000000
2026-02-11 03:26:46,774 - INFO - [assist_09|assist_09_m3grid_drop_0p1_no3|lr=0.0003|drop=0.10] -> New best AUC=0.7423 at epoch 5
2026-02-11 03:27:16,103 - INFO - [assist_09|assist_09_m3grid_drop_0p1_no3|lr=0.0003|drop=0.10] Epoch [006/30] | Train: Loss=5.2137, BCE=0.5083, Reg=4.7055, AUC=0.7932, ACC=0.7456, RMSE=0.4115 | Val: Loss=5.3670, BCE=0.5550, Reg=4.8120, AUC=0.7437, ACC=0.7191, RMSE=0.4326
2026-02-11 03:27:16,103 - INFO - [assist_09|assist_09_m3grid_drop_0p1_no3|lr=0.0003|drop=0.10] [Reg Terms] Epoch [006] | Train: graph_entropy=4.706319, mf_l2=0.000001, proto_div=0.000000, proto_usage=0.000000, personal_sparse=0.001587, alpha_var=-0.002422, reg_bce_ratio=9.2580 | Val: graph_entropy=4.812184, mf_l2=0.000001, proto_div=0.000000, proto_usage=0.000000, personal_sparse=0.001400, alpha_var=-0.001541, reg_bce_ratio=8.6704
2026-02-11 03:27:16,293 - INFO - [assist_09|assist_09_m3grid_drop_0p1_no3|lr=0.0003|drop=0.10] [Diag][M3] Epoch [006] | residual_abs_mean=0.0000, residual_std=0.0000, mf_abs_mean=0.0000, mf_std=0.0000, gate_mean=0.0000, gate_std=0.0000, irt_abs_mean=1.3948, irt_std=0.7118, delta_abs_mean=0.0000, delta_std=0.0000, delta_over_irt=0.0000, graph_row_entropy=4.8122, graph_entropy_ratio=1.0000, alpha_mean=0.2116, alpha_std=0.4072, personal_row_entropy=0.2845
2026-02-11 03:27:16,294 - INFO - [assist_09|assist_09_m3grid_drop_0p1_no3|lr=0.0003|drop=0.10] [Grad Norms] Epoch [006] | mf_u_proj=0.000000, mf_v_proj=0.000000, fusion_gate=0.000000, q_gate_raw=0.000000, skill_latent=0.000000
2026-02-11 03:27:16,565 - INFO - [assist_09|assist_09_m3grid_drop_0p1_no3|lr=0.0003|drop=0.10] -> New best AUC=0.7437 at epoch 6
2026-02-11 03:27:45,852 - INFO - [assist_09|assist_09_m3grid_drop_0p1_no3|lr=0.0003|drop=0.10] Epoch [007/30] | Train: Loss=5.2073, BCE=0.5019, Reg=4.7054, AUC=0.7999, ACC=0.7487, RMSE=0.4087 | Val: Loss=5.3676, BCE=0.5557, Reg=4.8119, AUC=0.7437, ACC=0.7208, RMSE=0.4326
2026-02-11 03:27:45,852 - INFO - [assist_09|assist_09_m3grid_drop_0p1_no3|lr=0.0003|drop=0.10] [Reg Terms] Epoch [007] | Train: graph_entropy=4.706409, mf_l2=0.000001, proto_div=0.000000, proto_usage=0.000000, personal_sparse=0.001374, alpha_var=-0.002427, reg_bce_ratio=9.3744 | Val: graph_entropy=4.812184, mf_l2=0.000001, proto_div=0.000000, proto_usage=0.000000, personal_sparse=0.001277, alpha_var=-0.001525, reg_bce_ratio=8.6595
2026-02-11 03:27:46,063 - INFO - [assist_09|assist_09_m3grid_drop_0p1_no3|lr=0.0003|drop=0.10] [Diag][M3] Epoch [007] | residual_abs_mean=0.0000, residual_std=0.0000, mf_abs_mean=0.0000, mf_std=0.0000, gate_mean=0.0000, gate_std=0.0000, irt_abs_mean=1.4798, irt_std=0.7728, delta_abs_mean=0.0000, delta_std=0.0000, delta_over_irt=0.0000, graph_row_entropy=4.8122, graph_entropy_ratio=1.0000, alpha_mean=0.2117, alpha_std=0.4074, personal_row_entropy=0.2847
2026-02-11 03:27:46,063 - INFO - [assist_09|assist_09_m3grid_drop_0p1_no3|lr=0.0003|drop=0.10] [Grad Norms] Epoch [007] | mf_u_proj=0.000000, mf_v_proj=0.000000, fusion_gate=0.000000, q_gate_raw=0.000000, skill_latent=0.000000
2026-02-11 03:27:46,353 - INFO - [assist_09|assist_09_m3grid_drop_0p1_no3|lr=0.0003|drop=0.10] -> New best AUC=0.7437 at epoch 7
2026-02-11 03:28:15,970 - INFO - [assist_09|assist_09_m3grid_drop_0p1_no3|lr=0.0003|drop=0.10] Epoch [008/30] | Train: Loss=5.2016, BCE=0.4964, Reg=4.7051, AUC=0.8053, ACC=0.7518, RMSE=0.4063 | Val: Loss=5.3670, BCE=0.5552, Reg=4.8118, AUC=0.7454, ACC=0.7208, RMSE=0.4324
2026-02-11 03:28:15,970 - INFO - [assist_09|assist_09_m3grid_drop_0p1_no3|lr=0.0003|drop=0.10] [Reg Terms] Epoch [008] | Train: graph_entropy=4.706357, mf_l2=0.000001, proto_div=0.000000, proto_usage=0.000000, personal_sparse=0.001222, alpha_var=-0.002438, reg_bce_ratio=9.4782 | Val: graph_entropy=4.812184, mf_l2=0.000001, proto_div=0.000000, proto_usage=0.000000, personal_sparse=0.001132, alpha_var=-0.001526, reg_bce_ratio=8.6665
2026-02-11 03:28:16,230 - INFO - [assist_09|assist_09_m3grid_drop_0p1_no3|lr=0.0003|drop=0.10] [Diag][M3] Epoch [008] | residual_abs_mean=0.0000, residual_std=0.0000, mf_abs_mean=0.0000, mf_std=0.0000, gate_mean=0.0000, gate_std=0.0000, irt_abs_mean=1.4933, irt_std=0.7971, delta_abs_mean=0.0000, delta_std=0.0000, delta_over_irt=0.0000, graph_row_entropy=4.8122, graph_entropy_ratio=1.0000, alpha_mean=0.2122, alpha_std=0.4071, personal_row_entropy=0.2940
2026-02-11 03:28:16,230 - INFO - [assist_09|assist_09_m3grid_drop_0p1_no3|lr=0.0003|drop=0.10] [Grad Norms] Epoch [008] | mf_u_proj=0.000000, mf_v_proj=0.000000, fusion_gate=0.000000, q_gate_raw=0.000000, skill_latent=0.000000
2026-02-11 03:28:16,498 - INFO - [assist_09|assist_09_m3grid_drop_0p1_no3|lr=0.0003|drop=0.10] -> New best AUC=0.7454 at epoch 8
2026-02-11 03:28:45,895 - INFO - [assist_09|assist_09_m3grid_drop_0p1_no3|lr=0.0003|drop=0.10] Epoch [009/30] | Train: Loss=5.1966, BCE=0.4916, Reg=4.7050, AUC=0.8101, ACC=0.7538, RMSE=0.4042 | Val: Loss=5.3674, BCE=0.5557, Reg=4.8117, AUC=0.7477, ACC=0.7235, RMSE=0.4322
2026-02-11 03:28:45,895 - INFO - [assist_09|assist_09_m3grid_drop_0p1_no3|lr=0.0003|drop=0.10] [Reg Terms] Epoch [009] | Train: graph_entropy=4.706343, mf_l2=0.000001, proto_div=0.000000, proto_usage=0.000000, personal_sparse=0.001115, alpha_var=-0.002444, reg_bce_ratio=9.5716 | Val: graph_entropy=4.812184, mf_l2=0.000001, proto_div=0.000000, proto_usage=0.000000, personal_sparse=0.001039, alpha_var=-0.001524, reg_bce_ratio=8.6585
2026-02-11 03:28:46,121 - INFO - [assist_09|assist_09_m3grid_drop_0p1_no3|lr=0.0003|drop=0.10] [Diag][M3] Epoch [009] | residual_abs_mean=0.0000, residual_std=0.0000, mf_abs_mean=0.0000, mf_std=0.0000, gate_mean=0.0000, gate_std=0.0000, irt_abs_mean=1.5446, irt_std=0.8456, delta_abs_mean=0.0000, delta_std=0.0000, delta_over_irt=0.0000, graph_row_entropy=4.8122, graph_entropy_ratio=1.0000, alpha_mean=0.2130, alpha_std=0.4065, personal_row_entropy=0.2236
2026-02-11 03:28:46,121 - INFO - [assist_09|assist_09_m3grid_drop_0p1_no3|lr=0.0003|drop=0.10] [Grad Norms] Epoch [009] | mf_u_proj=0.000000, mf_v_proj=0.000000, fusion_gate=0.000000, q_gate_raw=0.000000, skill_latent=0.000000
2026-02-11 03:28:46,415 - INFO - [assist_09|assist_09_m3grid_drop_0p1_no3|lr=0.0003|drop=0.10] -> New best AUC=0.7477 at epoch 9
2026-02-11 03:29:16,126 - INFO - [assist_09|assist_09_m3grid_drop_0p1_no3|lr=0.0003|drop=0.10] Epoch [010/30] | Train: Loss=5.1919, BCE=0.4870, Reg=4.7050, AUC=0.8144, ACC=0.7563, RMSE=0.4023 | Val: Loss=5.3683, BCE=0.5568, Reg=4.8116, AUC=0.7465, ACC=0.7232, RMSE=0.4326
2026-02-11 03:29:16,127 - INFO - [assist_09|assist_09_m3grid_drop_0p1_no3|lr=0.0003|drop=0.10] [Reg Terms] Epoch [010] | Train: graph_entropy=4.706404, mf_l2=0.000001, proto_div=0.000000, proto_usage=0.000000, personal_sparse=0.001016, alpha_var=-0.002449, reg_bce_ratio=9.6619 | Val: graph_entropy=4.812184, mf_l2=0.000002, proto_div=0.000000, proto_usage=0.000000, personal_sparse=0.000915, alpha_var=-0.001527, reg_bce_ratio=8.6420
2026-02-11 03:29:16,329 - INFO - [assist_09|assist_09_m3grid_drop_0p1_no3|lr=0.0003|drop=0.10] [Diag][M3] Epoch [010] | residual_abs_mean=0.0000, residual_std=0.0000, mf_abs_mean=0.0000, mf_std=0.0000, gate_mean=0.0000, gate_std=0.0000, irt_abs_mean=1.5129, irt_std=0.8765, delta_abs_mean=0.0000, delta_std=0.0000, delta_over_irt=0.0000, graph_row_entropy=4.8122, graph_entropy_ratio=1.0000, alpha_mean=0.2148, alpha_std=0.4058, personal_row_entropy=0.2024
2026-02-11 03:29:16,329 - INFO - [assist_09|assist_09_m3grid_drop_0p1_no3|lr=0.0003|drop=0.10] [Grad Norms] Epoch [010] | mf_u_proj=0.000000, mf_v_proj=0.000000, fusion_gate=0.000000, q_gate_raw=0.000000, skill_latent=0.000000
2026-02-11 03:29:16,329 - INFO - [assist_09|assist_09_m3grid_drop_0p1_no3|lr=0.0003|drop=0.10] -> No improvement 1 epoch(s) (best AUC=0.7477 @ 9)
2026-02-11 03:29:16,358 - INFO - [assist_09|assist_09_m3grid_drop_0p1_no3|lr=0.0003|drop=0.10] Checkpoint saved: checkpoints/assist_09_m3grid/seed42/drop_0p1_no3/checkpoint_epoch_10.pth
2026-02-11 03:29:16,539 - INFO - [assist_09|assist_09_m3grid_drop_0p1_no3|lr=0.0003|drop=0.10] [Module Activity] Epoch 10: Graph✗ Personal✓ MF✗
2026-02-11 03:29:45,632 - INFO - [assist_09|assist_09_m3grid_drop_0p1_no3|lr=0.0003|drop=0.10] Epoch [011/30] | Train: Loss=5.1882, BCE=0.4833, Reg=4.7049, AUC=0.8180, ACC=0.7573, RMSE=0.4007 | Val: Loss=5.3669, BCE=0.5554, Reg=4.8115, AUC=0.7472, ACC=0.7226, RMSE=0.4319
2026-02-11 03:29:45,632 - INFO - [assist_09|assist_09_m3grid_drop_0p1_no3|lr=0.0003|drop=0.10] [Reg Terms] Epoch [011] | Train: graph_entropy=4.706385, mf_l2=0.000002, proto_div=0.000000, proto_usage=0.000000, personal_sparse=0.000938, alpha_var=-0.002443, reg_bce_ratio=9.7353 | Val: graph_entropy=4.812184, mf_l2=0.000002, proto_div=0.000000, proto_usage=0.000000, personal_sparse=0.000881, alpha_var=-0.001535, reg_bce_ratio=8.6629
2026-02-11 03:29:45,834 - INFO - [assist_09|assist_09_m3grid_drop_0p1_no3|lr=0.0003|drop=0.10] [Diag][M3] Epoch [011] | residual_abs_mean=0.0000, residual_std=0.0000, mf_abs_mean=0.0000, mf_std=0.0000, gate_mean=0.0000, gate_std=0.0000, irt_abs_mean=1.5242, irt_std=0.9032, delta_abs_mean=0.0000, delta_std=0.0000, delta_over_irt=0.0000, graph_row_entropy=4.8122, graph_entropy_ratio=1.0000, alpha_mean=0.2154, alpha_std=0.4052, personal_row_entropy=0.1944
2026-02-11 03:29:45,834 - INFO - [assist_09|assist_09_m3grid_drop_0p1_no3|lr=0.0003|drop=0.10] [Grad Norms] Epoch [011] | mf_u_proj=0.000000, mf_v_proj=0.000000, fusion_gate=0.000000, q_gate_raw=0.000000, skill_latent=0.000000
2026-02-11 03:29:45,834 - INFO - [assist_09|assist_09_m3grid_drop_0p1_no3|lr=0.0003|drop=0.10] -> No improvement 2 epoch(s) (best AUC=0.7477 @ 9)
2026-02-11 03:30:14,863 - INFO - [assist_09|assist_09_m3grid_drop_0p1_no3|lr=0.0003|drop=0.10] Epoch [012/30] | Train: Loss=5.1847, BCE=0.4798, Reg=4.7049, AUC=0.8212, ACC=0.7585, RMSE=0.3992 | Val: Loss=5.3668, BCE=0.5553, Reg=4.8115, AUC=0.7485, ACC=0.7222, RMSE=0.4317
2026-02-11 03:30:14,863 - INFO - [assist_09|assist_09_m3grid_drop_0p1_no3|lr=0.0003|drop=0.10] [Reg Terms] Epoch [012] | Train: graph_entropy=4.706436, mf_l2=0.000002, proto_div=0.000000, proto_usage=0.000000, personal_sparse=0.000875, alpha_var=-0.002440, reg_bce_ratio=9.8060 | Val: graph_entropy=4.812184, mf_l2=0.000002, proto_div=0.000000, proto_usage=0.000000, personal_sparse=0.000810, alpha_var=-0.001543, reg_bce_ratio=8.6645
2026-02-11 03:30:15,066 - INFO - [assist_09|assist_09_m3grid_drop_0p1_no3|lr=0.0003|drop=0.10] [Diag][M3] Epoch [012] | residual_abs_mean=0.0000, residual_std=0.0000, mf_abs_mean=0.0000, mf_std=0.0000, gate_mean=0.0000, gate_std=0.0000, irt_abs_mean=1.6102, irt_std=0.9317, delta_abs_mean=0.0000, delta_std=0.0000, delta_over_irt=0.0000, graph_row_entropy=4.8122, graph_entropy_ratio=1.0000, alpha_mean=0.2434, alpha_std=0.4264, personal_row_entropy=0.2078
2026-02-11 03:30:15,066 - INFO - [assist_09|assist_09_m3grid_drop_0p1_no3|lr=0.0003|drop=0.10] [Grad Norms] Epoch [012] | mf_u_proj=0.000000, mf_v_proj=0.000000, fusion_gate=0.000000, q_gate_raw=0.000000, skill_latent=0.000000
2026-02-11 03:30:15,365 - INFO - [assist_09|assist_09_m3grid_drop_0p1_no3|lr=0.0003|drop=0.10] -> New best AUC=0.7485 at epoch 12
2026-02-11 03:30:44,914 - INFO - [assist_09|assist_09_m3grid_drop_0p1_no3|lr=0.0003|drop=0.10] Epoch [013/30] | Train: Loss=5.1767, BCE=0.4720, Reg=4.7047, AUC=0.8285, ACC=0.7632, RMSE=0.3956 | Val: Loss=5.3684, BCE=0.5571, Reg=4.8114, AUC=0.7475, ACC=0.7210, RMSE=0.4322
2026-02-11 03:30:44,914 - INFO - [assist_09|assist_09_m3grid_drop_0p1_no3|lr=0.0003|drop=0.10] [Reg Terms] Epoch [013] | Train: graph_entropy=4.706317, mf_l2=0.000002, proto_div=0.000000, proto_usage=0.000000, personal_sparse=0.000793, alpha_var=-0.002440, reg_bce_ratio=9.9677 | Val: graph_entropy=4.812184, mf_l2=0.000002, proto_div=0.000000, proto_usage=0.000000, personal_sparse=0.000729, alpha_var=-0.001541, reg_bce_ratio=8.6370
2026-02-11 03:30:45,106 - INFO - [assist_09|assist_09_m3grid_drop_0p1_no3|lr=0.0003|drop=0.10] [Diag][M3] Epoch [013] | residual_abs_mean=0.0000, residual_std=0.0000, mf_abs_mean=0.0000, mf_std=0.0000, gate_mean=0.0000, gate_std=0.0000, irt_abs_mean=1.5807, irt_std=0.9723, delta_abs_mean=0.0000, delta_std=0.0000, delta_over_irt=0.0000, graph_row_entropy=4.8122, graph_entropy_ratio=1.0000, alpha_mean=0.2452, alpha_std=0.4255, personal_row_entropy=0.1817
2026-02-11 03:30:45,106 - INFO - [assist_09|assist_09_m3grid_drop_0p1_no3|lr=0.0003|drop=0.10] [Grad Norms] Epoch [013] | mf_u_proj=0.000000, mf_v_proj=0.000000, fusion_gate=0.000000, q_gate_raw=0.000000, skill_latent=0.000000
2026-02-11 03:30:45,106 - INFO - [assist_09|assist_09_m3grid_drop_0p1_no3|lr=0.0003|drop=0.10] -> No improvement 1 epoch(s) (best AUC=0.7485 @ 12)
2026-02-11 03:31:14,652 - INFO - [assist_09|assist_09_m3grid_drop_0p1_no3|lr=0.0003|drop=0.10] Epoch [014/30] | Train: Loss=5.1742, BCE=0.4695, Reg=4.7047, AUC=0.8307, ACC=0.7638, RMSE=0.3946 | Val: Loss=5.3707, BCE=0.5593, Reg=4.8113, AUC=0.7471, ACC=0.7218, RMSE=0.4327
2026-02-11 03:31:14,652 - INFO - [assist_09|assist_09_m3grid_drop_0p1_no3|lr=0.0003|drop=0.10] [Reg Terms] Epoch [014] | Train: graph_entropy=4.706420, mf_l2=0.000002, proto_div=0.000000, proto_usage=0.000000, personal_sparse=0.000736, alpha_var=-0.002439, reg_bce_ratio=10.0212 | Val: graph_entropy=4.812184, mf_l2=0.000002, proto_div=0.000000, proto_usage=0.000000, personal_sparse=0.000681, alpha_var=-0.001538, reg_bce_ratio=8.6018
2026-02-11 03:31:14,850 - INFO - [assist_09|assist_09_m3grid_drop_0p1_no3|lr=0.0003|drop=0.10] [Diag][M3] Epoch [014] | residual_abs_mean=0.0000, residual_std=0.0000, mf_abs_mean=0.0000, mf_std=0.0000, gate_mean=0.0000, gate_std=0.0000, irt_abs_mean=1.6343, irt_std=0.9994, delta_abs_mean=0.0000, delta_std=0.0000, delta_over_irt=0.0000, graph_row_entropy=4.8122, graph_entropy_ratio=1.0000, alpha_mean=0.2474, alpha_std=0.4246, personal_row_entropy=0.1741
2026-02-11 03:31:14,850 - INFO - [assist_09|assist_09_m3grid_drop_0p1_no3|lr=0.0003|drop=0.10] [Grad Norms] Epoch [014] | mf_u_proj=0.000000, mf_v_proj=0.000000, fusion_gate=0.000000, q_gate_raw=0.000000, skill_latent=0.000000
2026-02-11 03:31:14,850 - INFO - [assist_09|assist_09_m3grid_drop_0p1_no3|lr=0.0003|drop=0.10] -> No improvement 2 epoch(s) (best AUC=0.7485 @ 12)
2026-02-11 03:31:44,605 - INFO - [assist_09|assist_09_m3grid_drop_0p1_no3|lr=0.0003|drop=0.10] Epoch [015/30] | Train: Loss=5.1720, BCE=0.4675, Reg=4.7046, AUC=0.8322, ACC=0.7654, RMSE=0.3937 | Val: Loss=5.3700, BCE=0.5587, Reg=4.8113, AUC=0.7474, ACC=0.7226, RMSE=0.4323
2026-02-11 03:31:44,605 - INFO - [assist_09|assist_09_m3grid_drop_0p1_no3|lr=0.0003|drop=0.10] [Reg Terms] Epoch [015] | Train: graph_entropy=4.706334, mf_l2=0.000002, proto_div=0.000000, proto_usage=0.000000, personal_sparse=0.000689, alpha_var=-0.002438, reg_bce_ratio=10.0642 | Val: graph_entropy=4.812184, mf_l2=0.000002, proto_div=0.000000, proto_usage=0.000000, personal_sparse=0.000640, alpha_var=-0.001536, reg_bce_ratio=8.6120
2026-02-11 03:31:44,789 - INFO - [assist_09|assist_09_m3grid_drop_0p1_no3|lr=0.0003|drop=0.10] [Diag][M3] Epoch [015] | residual_abs_mean=0.0000, residual_std=0.0000, mf_abs_mean=0.0000, mf_std=0.0000, gate_mean=0.0000, gate_std=0.0000, irt_abs_mean=1.6405, irt_std=1.0250, delta_abs_mean=0.0000, delta_std=0.0000, delta_over_irt=0.0000, graph_row_entropy=4.8122, graph_entropy_ratio=1.0000, alpha_mean=0.2514, alpha_std=0.4231, personal_row_entropy=0.1536
2026-02-11 03:31:44,789 - INFO - [assist_09|assist_09_m3grid_drop_0p1_no3|lr=0.0003|drop=0.10] [Grad Norms] Epoch [015] | mf_u_proj=0.000000, mf_v_proj=0.000000, fusion_gate=0.000000, q_gate_raw=0.000000, skill_latent=0.000000
2026-02-11 03:31:44,790 - INFO - [assist_09|assist_09_m3grid_drop_0p1_no3|lr=0.0003|drop=0.10] -> No improvement 3 epoch(s) (best AUC=0.7485 @ 12)
2026-02-11 03:31:44,790 - INFO - [assist_09|assist_09_m3grid_drop_0p1_no3|lr=0.0003|drop=0.10] Early stopping at epoch 15 (best AUC=0.7485 @ 12)
2026-02-11 03:31:44,794 - INFO - Epoch-wise metrics saved to checkpoints/assist_09_m3grid/seed42/drop_0p1_no3/metrics_history.csv
2026-02-11 03:31:44,795 - INFO - [assist_09|assist_09_m3grid_drop_0p1_no3|lr=0.0003|drop=0.10] Training completed! Best Val AUC=0.7485 @ epoch 12
2026-02-11 03:31:44,997 - INFO - 
============================================================
         MODULE ACTIVITY REPORT
============================================================
Dataset: assist_09 | Seed: 42 | Epoch: 15

1. Soft Prototype Module:
   - Status: DISABLED (num_prototypes=0 or use_soft_prototype=False)

2. Concept Graph Module:
   - Mean row entropy: 4.812 / 4.812
   - Entropy ratio: 100.0%
   - Status: ✗ TRIVIAL (uniform distribution, not learning)
   → Consider: increase lambda_sparse or training longer

3. Personal Graph Module:
   - Gate alpha mean: 0.343
   - Gate alpha std: 0.469
   - Status: ✓ ACTIVE (using personalization)

4. Skill/MF Module:
   - MF logit |mean|: 0.0000
   - MF logit std: 0.0000
   - Fusion gate mean: 0.000
   - Status: ✗ INACTIVE (near-zero contribution)
   → Consider: check skill_dim or learning_rate

------------------------------------------------------------
SUMMARY:
   Active modules: Personal Graph
   ⚠ Inactive modules: Concept Graph, Skill/MF
============================================================
2026-02-11 03:31:44,998 - INFO - [assist_09|assist_09_m3grid_drop_0p1_no3|lr=0.0003|drop=0.10] Module activity saved to checkpoints/assist_09_m3grid/seed42/drop_0p1_no3/module_activity.json
2026-02-11 03:31:45,052 - INFO - Using device: cuda:0
2026-02-11 03:31:45,053 - INFO - Loading model from checkpoints/assist_09_m3grid/seed42/drop_0p1_no3/best_model.pth...
2026-02-11 03:31:45,504 - INFO - Inference switches: ablate_module1=False, ablate_module2=False, ablate_module3=True | enable_module1=True, enable_module2=True, enable_module3=False | use_soft_prototype=False, use_mf_branch=False, use_concept_graph=True, use_q_aligned_residual=True, use_soft_prototype_main_path=False | effective(num_gnn_layers=1, num_prototypes=0)
2026-02-11 03:31:45,519 - INFO - [Inference] Ablation runtime check: args(ablate_module1=False,ablate_module2=False,ablate_module3=True) | model(enable_module1=True,enable_module2=True,enable_module3=False) | physical(has_knowledge_encoder=True,has_mf_branch=False,has_soft_prototype=False)
2026-02-11 03:31:45,520 - INFO - Model loaded from epoch 12. Start testing...
2026-02-11 03:31:46,635 - INFO - [Test] 200/411 batches done, samples=25600
2026-02-11 03:31:47,688 - INFO - [Test] 400/411 batches done, samples=51200
2026-02-11 03:31:47,783 - INFO - 
==================================================
2026-02-11 03:31:47,783 - INFO - Test Results:
2026-02-11 03:31:47,783 - INFO - AUC: 0.7530
2026-02-11 03:31:47,783 - INFO - ACC: 0.7274
2026-02-11 03:31:47,783 - INFO - RMSE: 0.4285
2026-02-11 03:31:47,783 - INFO - ==================================================
2026-02-11 03:31:47,794 - INFO - Summary appended to /home/zsh/ConceptSkillCDM/results/experiment_results.csv
2026-02-11 03:31:47,797 - INFO - Run completed.
2026-02-11 03:31:47,798 - INFO - Best validation AUC: 0.7485 at epoch 12
2026-02-11 03:31:47,798 - INFO - Test metrics - AUC: 0.7530, ACC: 0.7274, RMSE: 0.4285
