2026-02-12 19:25:17,462 - INFO - Arguments:
2026-02-12 19:25:17,462 - INFO -   ablate_concept_graph: False
2026-02-12 19:25:17,462 - INFO -   ablate_module1: False
2026-02-12 19:25:17,462 - INFO -   ablate_module2: False
2026-02-12 19:25:17,462 - INFO -   ablate_module3: False
2026-02-12 19:25:17,462 - INFO -   ablate_skill_encoder: False
2026-02-12 19:25:17,463 - INFO -   ablate_soft_prototype: True
2026-02-12 19:25:17,463 - INFO -   allow_self_loop: True
2026-02-12 19:25:17,463 - INFO -   batch_size: 256
2026-02-12 19:25:17,463 - INFO -   data_dir: ./data/junyi
2026-02-12 19:25:17,463 - INFO -   dataset_name: junyi
2026-02-12 19:25:17,463 - INFO -   debug_module3_diag: True
2026-02-12 19:25:17,463 - INFO -   diag_batches: 1
2026-02-12 19:25:17,463 - INFO -   disable_q_aligned_residual: False
2026-02-12 19:25:17,463 - INFO -   disable_q_conditioning: False
2026-02-12 19:25:17,463 - INFO -   disable_self_loop: False
2026-02-12 19:25:17,463 - INFO -   disable_soft_prototype: True
2026-02-12 19:25:17,463 - INFO -   dropout: 0.4
2026-02-12 19:25:17,463 - INFO -   early_stop_patience: 3
2026-02-12 19:25:17,463 - INFO -   enable_module1: True
2026-02-12 19:25:17,463 - INFO -   enable_module2: True
2026-02-12 19:25:17,463 - INFO -   enable_module3: True
2026-02-12 19:25:17,463 - INFO -   enable_soft_prototype: False
2026-02-12 19:25:17,463 - INFO -   epochs: 50
2026-02-12 19:25:17,463 - INFO -   exercise_dim: 128
2026-02-12 19:25:17,463 - INFO -   exercise_l2_lambda: 5e-05
2026-02-12 19:25:17,463 - INFO -   fusion_gate_bias_init: -1.1
2026-02-12 19:25:17,463 - INFO -   fusion_gate_max: 1.0
2026-02-12 19:25:17,463 - INFO -   generate_diagnosis: False
2026-02-12 19:25:17,463 - INFO -   gnn_residual_weight: 0.5
2026-02-12 19:25:17,463 - INFO -   gpu_candidates: None
2026-02-12 19:25:17,463 - INFO -   gpu_ids: None
2026-02-12 19:25:17,463 - INFO -   gpu_memory_threshold: 2000
2026-02-12 19:25:17,463 - INFO -   gpus: None
2026-02-12 19:25:17,464 - INFO -   graph_dropout: -1.0
2026-02-12 19:25:17,464 - INFO -   graph_entropy_max: 0.6
2026-02-12 19:25:17,464 - INFO -   graph_entropy_min: 0.15
2026-02-12 19:25:17,464 - INFO -   graph_reg_cap_ratio: 6.0
2026-02-12 19:25:17,464 - INFO -   graph_reg_warmup_epochs: 0
2026-02-12 19:25:17,464 - INFO -   graph_tau_init: 1.0
2026-02-12 19:25:17,464 - INFO -   graph_topk: None
2026-02-12 19:25:17,464 - INFO -   graph_uniform_margin: 0.12
2026-02-12 19:25:17,464 - INFO -   knowledge_dim: 128
2026-02-12 19:25:17,464 - INFO -   lambda_alpha: 0.01
2026-02-12 19:25:17,464 - INFO -   lambda_graph_diag: 0.15
2026-02-12 19:25:17,464 - INFO -   lambda_graph_uniform: 0.06
2026-02-12 19:25:17,464 - INFO -   lambda_proto_div: 0.0
2026-02-12 19:25:17,464 - INFO -   lambda_proto_usage: 0.0
2026-02-12 19:25:17,464 - INFO -   lambda_sparse: 0.03
2026-02-12 19:25:17,464 - INFO -   lambda_sparse_personal: 0.005
2026-02-12 19:25:17,464 - INFO -   learning_rate: 0.003
2026-02-12 19:25:17,464 - INFO -   log_dir: logs/junyi_m3grid/seed42/prio_s0p03_h0p6_gd0p15_gw0_full
2026-02-12 19:25:17,464 - INFO -   min_exer_interactions: 0
2026-02-12 19:25:17,464 - INFO -   min_poison_count: 0
2026-02-12 19:25:17,464 - INFO -   min_stu_interactions: 15
2026-02-12 19:25:17,465 - INFO -   model_variant: junyi_m3grid_prio_s0p03_h0p6_gd0p15_gw0_full
2026-02-12 19:25:17,465 - INFO -   multi_gpu: False
2026-02-12 19:25:17,465 - INFO -   no_cuda: False
2026-02-12 19:25:17,465 - INFO -   num_gnn_layers: 2
2026-02-12 19:25:17,465 - INFO -   num_gpus: 1
2026-02-12 19:25:17,465 - INFO -   num_prototypes: 0
2026-02-12 19:25:17,465 - INFO -   num_relation_heads: 2
2026-02-12 19:25:17,465 - INFO -   num_workers: 4
2026-02-12 19:25:17,465 - INFO -   patience: 1
2026-02-12 19:25:17,465 - INFO -   personal_rank: 4
2026-02-12 19:25:17,465 - INFO -   proto_lambda: 0.0
2026-02-12 19:25:17,465 - INFO -   proto_tau: 1.0
2026-02-12 19:25:17,465 - INFO -   residual_clip_t: 2.0
2026-02-12 19:25:17,465 - INFO -   residual_scale_init: 0.1
2026-02-12 19:25:17,465 - INFO -   save_dir: checkpoints/junyi_m3grid/seed42/prio_s0p03_h0p6_gd0p15_gw0_full
2026-02-12 19:25:17,465 - INFO -   save_interval: 10
2026-02-12 19:25:17,465 - INFO -   seed: 42
2026-02-12 19:25:17,465 - INFO -   skill_dim: 64
2026-02-12 19:25:17,465 - INFO -   use_concept_graph: True
2026-02-12 19:25:17,465 - INFO -   use_exercise_graph: True
2026-02-12 19:25:17,465 - INFO -   use_mf_branch: True
2026-02-12 19:25:17,465 - INFO -   use_personal_graph: True
2026-02-12 19:25:17,465 - INFO -   use_q_aligned_residual: True
2026-02-12 19:25:17,465 - INFO -   use_q_conditioning: True
2026-02-12 19:25:17,465 - INFO -   use_skill_encoder: True
2026-02-12 19:25:17,465 - INFO -   use_soft_prototype: False
2026-02-12 19:25:17,465 - INFO -   use_soft_prototype_main_path: False
2026-02-12 19:25:17,465 - INFO -   weight_decay: 0.001
2026-02-12 19:25:17,566 - INFO - Using device: cuda:0 (physical gpu 3)
2026-02-12 19:25:17,566 - INFO - [junyi|junyi_m3grid_prio_s0p03_h0p6_gd0p15_gw0_full|lr=0.003|drop=0.40] Loading datasets...
2026-02-12 19:25:17,566 - INFO - [junyi|junyi_m3grid_prio_s0p03_h0p6_gd0p15_gw0_full|lr=0.003|drop=0.40] Regularization: graph_entropy(lambda_sparse)=0.030000, graph_diag=0.150000, graph_uniform=0.060000, proto_div=0.000000, proto_usage=0.000000, personal_sparse=0.005000, alpha_penalty=0.010000, mf_l2(exercise_l2_lambda)=0.000050
2026-02-12 19:25:17,566 - INFO - [junyi|junyi_m3grid_prio_s0p03_h0p6_gd0p15_gw0_full|lr=0.003|drop=0.40] Graph controls: entropy_band=[0.15, 0.60], uniform_margin=0.12, warmup_epochs=0, cap_ratio=6.00, graph_dropout=-1.000, graph_tau_init=1.000
2026-02-12 19:25:17,683 - INFO - [数据清洗] 学生交互次数 < 15 次的学生：共移除 0 个学生（仅统计用户数）
2026-02-12 19:25:17,698 - INFO - [数据清洗] 学生冷启动过滤：在 train/valid/test 中共删除 0 条记录。
2026-02-12 19:25:17,698 - INFO - [数据清洗] 跳过题目冷门过滤（min_exer_interactions <= 0）。
2026-02-12 19:25:17,698 - INFO - [数据清洗] 跳过毒题清洗（min_poison_count <= 0）。
2026-02-12 19:25:26,889 - INFO - [junyi|junyi_m3grid_prio_s0p03_h0p6_gd0p15_gw0_full|lr=0.003|drop=0.40] Train samples: 262473, Val samples: 24299
2026-02-12 19:25:26,890 - INFO - [junyi|junyi_m3grid_prio_s0p03_h0p6_gd0p15_gw0_full|lr=0.003|drop=0.40] Number of students: 10000
2026-02-12 19:25:26,890 - INFO - [junyi|junyi_m3grid_prio_s0p03_h0p6_gd0p15_gw0_full|lr=0.003|drop=0.40] Number of exercises: 706
2026-02-12 19:25:26,890 - INFO - [junyi|junyi_m3grid_prio_s0p03_h0p6_gd0p15_gw0_full|lr=0.003|drop=0.40] Number of concepts: 706
2026-02-12 19:25:26,890 - INFO - [junyi|junyi_m3grid_prio_s0p03_h0p6_gd0p15_gw0_full|lr=0.003|drop=0.40] Creating model...
2026-02-12 19:25:26,890 - INFO - [junyi|junyi_m3grid_prio_s0p03_h0p6_gd0p15_gw0_full|lr=0.003|drop=0.40] Ablation switches: ablate_module1=False, ablate_module2=False, ablate_module3=False | enable_module1=True, enable_module2=True, enable_module3=True | use_soft_prototype=False, use_mf_branch=True, use_concept_graph=True, use_q_aligned_residual=True, use_soft_prototype_main_path=False | effective(num_gnn_layers=2, num_prototypes=0)
2026-02-12 19:25:27,042 - INFO - [junyi|junyi_m3grid_prio_s0p03_h0p6_gd0p15_gw0_full|lr=0.003|drop=0.40] Ablation runtime check: args(ablate_module1=False,ablate_module2=False,ablate_module3=False) | model(enable_module1=True,enable_module2=True,enable_module3=True) | physical(has_knowledge_encoder=True,has_mf_branch=True,has_soft_prototype=False)
2026-02-12 19:25:27,042 - INFO - [junyi|junyi_m3grid_prio_s0p03_h0p6_gd0p15_gw0_full|lr=0.003|drop=0.40] Debug diagnostics enabled: diag_batches=1
2026-02-12 19:25:27,074 - INFO - [junyi|junyi_m3grid_prio_s0p03_h0p6_gd0p15_gw0_full|lr=0.003|drop=0.40] [Module3 Init] fusion_gate_bias=-1.1000, fusion_gate_max=1.0000, implied_gate=0.2497, q_gate=0.5000, mf_scale=0.1000, bias_scale=0.1000, graph_tau_mean=1.3133, graph_tau_std=0.0000, graph_dropout=0.400
2026-02-12 19:25:27,075 - INFO - [junyi|junyi_m3grid_prio_s0p03_h0p6_gd0p15_gw0_full|lr=0.003|drop=0.40] Total parameters: 3,079,270
2026-02-12 19:25:27,075 - INFO - [junyi|junyi_m3grid_prio_s0p03_h0p6_gd0p15_gw0_full|lr=0.003|drop=0.40] Trainable parameters: 3,079,270
2026-02-12 19:25:27,869 - INFO - [junyi|junyi_m3grid_prio_s0p03_h0p6_gd0p15_gw0_full|lr=0.003|drop=0.40] Starting training...
2026-02-12 19:28:16,393 - INFO - [junyi|junyi_m3grid_prio_s0p03_h0p6_gd0p15_gw0_full|lr=0.003|drop=0.40] Epoch [001/50] | Train: Loss=0.6368, BCE=0.5870, Reg=0.0498, AUC=0.7319, ACC=0.7090, RMSE=0.4477 | Val: Loss=0.6384, BCE=0.5862, Reg=0.0522, AUC=0.7307, ACC=0.6741, RMSE=0.4470
2026-02-12 19:28:16,393 - INFO - [junyi|junyi_m3grid_prio_s0p03_h0p6_gd0p15_gw0_full|lr=0.003|drop=0.40] [Reg Terms] Epoch [001] | Train: graph_entropy=0.009662, graph_diag=0.000212, graph_uniform=0.007131, graph_reg_scale=1.0000, mf_l2=0.000000, proto_div=0.000000, proto_usage=0.000000, personal_sparse=0.032798, alpha_var=-0.000000, reg_bce_ratio=0.0848 | Val: graph_entropy=0.012000, graph_diag=0.000212, graph_uniform=0.007200, graph_reg_scale=1.0000, mf_l2=0.000000, proto_div=0.000000, proto_usage=0.000000, personal_sparse=0.032798, alpha_var=-0.000000, reg_bce_ratio=0.0891
2026-02-12 19:28:17,454 - INFO - [junyi|junyi_m3grid_prio_s0p03_h0p6_gd0p15_gw0_full|lr=0.003|drop=0.40] [Diag][M3] Epoch [001] | residual_abs_mean=0.1819, residual_std=0.1298, mf_abs_mean=0.1819, mf_std=0.1298, gate_mean=0.5013, gate_std=0.0019, irt_abs_mean=0.7061, irt_std=0.3585, delta_abs_mean=0.0913, delta_std=0.0654, delta_over_irt=0.1293, graph_row_entropy=6.5596, graph_entropy_ratio=1.0000, alpha_mean=0.5000, alpha_std=0.0000, personal_row_entropy=6.5596
2026-02-12 19:28:17,455 - INFO - [junyi|junyi_m3grid_prio_s0p03_h0p6_gd0p15_gw0_full|lr=0.003|drop=0.40] [Diag][Graph] Epoch [001] | entropy_ratio=1.0000, diag_mass=0.0014, to_uniform_l2=0.000000, to_identity_l2=0.037609, tau_mean=0.6936, tau_std=0.0000, graph_reg_scale(train/val)=1.0000/1.0000
2026-02-12 19:28:17,455 - INFO - [junyi|junyi_m3grid_prio_s0p03_h0p6_gd0p15_gw0_full|lr=0.003|drop=0.40] [Grad Norms] Epoch [001] | mf_u_proj=0.008235, mf_v_proj=0.008426, fusion_gate=0.000085, q_gate_raw=0.000006, skill_latent=4.998810, relation_emb=6.672914e-02, relation_tau=0.000000e+00, relation_wq=0.000000e+00, relation_wk=0.000000e+00, personal_u=1.846766e-17, personal_v=1.950698e-19
2026-02-12 19:28:17,569 - INFO - [junyi|junyi_m3grid_prio_s0p03_h0p6_gd0p15_gw0_full|lr=0.003|drop=0.40] -> New best AUC=0.7307 at epoch 1
2026-02-12 19:31:05,449 - INFO - [junyi|junyi_m3grid_prio_s0p03_h0p6_gd0p15_gw0_full|lr=0.003|drop=0.40] Epoch [002/50] | Train: Loss=0.5920, BCE=0.5422, Reg=0.0498, AUC=0.7634, ACC=0.7262, RMSE=0.4270 | Val: Loss=0.5626, BCE=0.5104, Reg=0.0522, AUC=0.7963, ACC=0.7570, RMSE=0.4101
2026-02-12 19:31:05,449 - INFO - [junyi|junyi_m3grid_prio_s0p03_h0p6_gd0p15_gw0_full|lr=0.003|drop=0.40] [Reg Terms] Epoch [002] | Train: graph_entropy=0.009662, graph_diag=0.000212, graph_uniform=0.007131, graph_reg_scale=1.0000, mf_l2=0.000000, proto_div=0.000000, proto_usage=0.000000, personal_sparse=0.032798, alpha_var=-0.000000, reg_bce_ratio=0.0918 | Val: graph_entropy=0.012000, graph_diag=0.000212, graph_uniform=0.007200, graph_reg_scale=1.0000, mf_l2=0.000000, proto_div=0.000000, proto_usage=0.000000, personal_sparse=0.032798, alpha_var=-0.000000, reg_bce_ratio=0.1023
2026-02-12 19:31:06,570 - INFO - [junyi|junyi_m3grid_prio_s0p03_h0p6_gd0p15_gw0_full|lr=0.003|drop=0.40] [Diag][M3] Epoch [002] | residual_abs_mean=0.1571, residual_std=0.0959, mf_abs_mean=0.1571, mf_std=0.0959, gate_mean=0.2871, gate_std=0.0742, irt_abs_mean=1.6339, irt_std=0.9974, delta_abs_mean=0.0465, delta_std=0.0333, delta_over_irt=0.0284, graph_row_entropy=6.5596, graph_entropy_ratio=1.0000, alpha_mean=0.5017, alpha_std=0.0000, personal_row_entropy=6.5596
2026-02-12 19:31:06,570 - INFO - [junyi|junyi_m3grid_prio_s0p03_h0p6_gd0p15_gw0_full|lr=0.003|drop=0.40] [Diag][Graph] Epoch [002] | entropy_ratio=1.0000, diag_mass=0.0014, to_uniform_l2=0.000000, to_identity_l2=0.037609, tau_mean=0.6931, tau_std=0.0000, graph_reg_scale(train/val)=1.0000/1.0000
2026-02-12 19:31:06,570 - INFO - [junyi|junyi_m3grid_prio_s0p03_h0p6_gd0p15_gw0_full|lr=0.003|drop=0.40] [Grad Norms] Epoch [002] | mf_u_proj=0.028223, mf_v_proj=0.024545, fusion_gate=0.001658, q_gate_raw=0.000120, skill_latent=0.169704, relation_emb=3.141785e-01, relation_tau=1.396885e-15, relation_wq=9.151539e-10, relation_wk=9.269548e-10, personal_u=2.042346e-17, personal_v=1.666735e-17
2026-02-12 19:31:06,847 - INFO - [junyi|junyi_m3grid_prio_s0p03_h0p6_gd0p15_gw0_full|lr=0.003|drop=0.40] -> New best AUC=0.7963 at epoch 2
2026-02-12 19:33:54,494 - INFO - [junyi|junyi_m3grid_prio_s0p03_h0p6_gd0p15_gw0_full|lr=0.003|drop=0.40] Epoch [003/50] | Train: Loss=0.5638, BCE=0.5140, Reg=0.0498, AUC=0.7940, ACC=0.7498, RMSE=0.4130 | Val: Loss=0.5518, BCE=0.4996, Reg=0.0522, AUC=0.8055, ACC=0.7623, RMSE=0.4058
2026-02-12 19:33:54,494 - INFO - [junyi|junyi_m3grid_prio_s0p03_h0p6_gd0p15_gw0_full|lr=0.003|drop=0.40] [Reg Terms] Epoch [003] | Train: graph_entropy=0.009662, graph_diag=0.000213, graph_uniform=0.007131, graph_reg_scale=1.0000, mf_l2=0.000000, proto_div=0.000000, proto_usage=0.000000, personal_sparse=0.032798, alpha_var=-0.000000, reg_bce_ratio=0.0969 | Val: graph_entropy=0.012000, graph_diag=0.000212, graph_uniform=0.007200, graph_reg_scale=1.0000, mf_l2=0.000000, proto_div=0.000000, proto_usage=0.000000, personal_sparse=0.032798, alpha_var=-0.000000, reg_bce_ratio=0.1045
2026-02-12 19:33:55,581 - INFO - [junyi|junyi_m3grid_prio_s0p03_h0p6_gd0p15_gw0_full|lr=0.003|drop=0.40] [Diag][M3] Epoch [003] | residual_abs_mean=0.1582, residual_std=0.0980, mf_abs_mean=0.1582, mf_std=0.0980, gate_mean=0.3073, gate_std=0.0575, irt_abs_mean=1.5707, irt_std=0.9137, delta_abs_mean=0.0483, delta_std=0.0324, delta_over_irt=0.0307, graph_row_entropy=6.5596, graph_entropy_ratio=1.0000, alpha_mean=0.4969, alpha_std=0.0000, personal_row_entropy=6.5596
2026-02-12 19:33:55,581 - INFO - [junyi|junyi_m3grid_prio_s0p03_h0p6_gd0p15_gw0_full|lr=0.003|drop=0.40] [Diag][Graph] Epoch [003] | entropy_ratio=1.0000, diag_mass=0.0014, to_uniform_l2=0.000000, to_identity_l2=0.037609, tau_mean=0.6931, tau_std=0.0000, graph_reg_scale(train/val)=1.0000/1.0000
2026-02-12 19:33:55,581 - WARNING - [junyi|junyi_m3grid_prio_s0p03_h0p6_gd0p15_gw0_full|lr=0.003|drop=0.40] [Diag Warning] alpha_std has been near zero for 3 epoch(s) (alpha_std=0.000000, personal_row_entropy=6.5596). This indicates personal-graph mixing may be collapsed/trivial.
2026-02-12 19:33:55,581 - WARNING - [junyi|junyi_m3grid_prio_s0p03_h0p6_gd0p15_gw0_full|lr=0.003|drop=0.40] [Diag Warning][Graph] graph entropy ratio has stayed too high for 3 epoch(s): entropy_ratio=1.0000, to_uniform_l2=0.000000
2026-02-12 19:33:55,581 - INFO - [junyi|junyi_m3grid_prio_s0p03_h0p6_gd0p15_gw0_full|lr=0.003|drop=0.40] [Grad Norms] Epoch [003] | mf_u_proj=0.030415, mf_v_proj=0.024464, fusion_gate=0.000742, q_gate_raw=0.000099, skill_latent=0.445511, relation_emb=3.589364e-01, relation_tau=6.662445e-14, relation_wq=2.685309e-09, relation_wk=1.963531e-09, personal_u=8.218929e-15, personal_v=7.144454e-15
2026-02-12 19:33:55,840 - INFO - [junyi|junyi_m3grid_prio_s0p03_h0p6_gd0p15_gw0_full|lr=0.003|drop=0.40] -> New best AUC=0.8055 at epoch 3
2026-02-12 19:36:43,792 - INFO - [junyi|junyi_m3grid_prio_s0p03_h0p6_gd0p15_gw0_full|lr=0.003|drop=0.40] Epoch [004/50] | Train: Loss=0.5569, BCE=0.5071, Reg=0.0498, AUC=0.8004, ACC=0.7538, RMSE=0.4098 | Val: Loss=0.5483, BCE=0.4961, Reg=0.0522, AUC=0.8064, ACC=0.7669, RMSE=0.4032
2026-02-12 19:36:43,792 - INFO - [junyi|junyi_m3grid_prio_s0p03_h0p6_gd0p15_gw0_full|lr=0.003|drop=0.40] [Reg Terms] Epoch [004] | Train: graph_entropy=0.009661, graph_diag=0.000212, graph_uniform=0.007131, graph_reg_scale=1.0000, mf_l2=0.000000, proto_div=0.000000, proto_usage=0.000000, personal_sparse=0.032798, alpha_var=-0.000000, reg_bce_ratio=0.0982 | Val: graph_entropy=0.012000, graph_diag=0.000212, graph_uniform=0.007200, graph_reg_scale=1.0000, mf_l2=0.000000, proto_div=0.000000, proto_usage=0.000000, personal_sparse=0.032798, alpha_var=-0.000000, reg_bce_ratio=0.1052
2026-02-12 19:36:44,899 - INFO - [junyi|junyi_m3grid_prio_s0p03_h0p6_gd0p15_gw0_full|lr=0.003|drop=0.40] [Diag][M3] Epoch [004] | residual_abs_mean=0.1954, residual_std=0.1220, mf_abs_mean=0.1954, mf_std=0.1220, gate_mean=0.2927, gate_std=0.0687, irt_abs_mean=1.6092, irt_std=0.9687, delta_abs_mean=0.0577, delta_std=0.0412, delta_over_irt=0.0359, graph_row_entropy=6.5596, graph_entropy_ratio=1.0000, alpha_mean=0.5017, alpha_std=0.0000, personal_row_entropy=6.5596
2026-02-12 19:36:44,899 - INFO - [junyi|junyi_m3grid_prio_s0p03_h0p6_gd0p15_gw0_full|lr=0.003|drop=0.40] [Diag][Graph] Epoch [004] | entropy_ratio=1.0000, diag_mass=0.0014, to_uniform_l2=0.000000, to_identity_l2=0.037609, tau_mean=0.6931, tau_std=0.0000, graph_reg_scale(train/val)=1.0000/1.0000
2026-02-12 19:36:44,899 - WARNING - [junyi|junyi_m3grid_prio_s0p03_h0p6_gd0p15_gw0_full|lr=0.003|drop=0.40] [Diag Warning] alpha_std has been near zero for 4 epoch(s) (alpha_std=0.000000, personal_row_entropy=6.5596). This indicates personal-graph mixing may be collapsed/trivial.
2026-02-12 19:36:44,899 - WARNING - [junyi|junyi_m3grid_prio_s0p03_h0p6_gd0p15_gw0_full|lr=0.003|drop=0.40] [Diag Warning][Graph] graph entropy ratio has stayed too high for 4 epoch(s): entropy_ratio=1.0000, to_uniform_l2=0.000000
2026-02-12 19:36:44,899 - INFO - [junyi|junyi_m3grid_prio_s0p03_h0p6_gd0p15_gw0_full|lr=0.003|drop=0.40] [Grad Norms] Epoch [004] | mf_u_proj=0.028406, mf_v_proj=0.023452, fusion_gate=0.004721, q_gate_raw=0.000083, skill_latent=3.213947, relation_emb=3.852058e-01, relation_tau=1.428991e-14, relation_wq=1.140732e-09, relation_wk=9.975322e-10, personal_u=1.340086e-14, personal_v=1.346170e-14
2026-02-12 19:36:45,167 - INFO - [junyi|junyi_m3grid_prio_s0p03_h0p6_gd0p15_gw0_full|lr=0.003|drop=0.40] -> New best AUC=0.8064 at epoch 4
2026-02-12 19:39:33,006 - INFO - [junyi|junyi_m3grid_prio_s0p03_h0p6_gd0p15_gw0_full|lr=0.003|drop=0.40] Epoch [005/50] | Train: Loss=0.5536, BCE=0.5038, Reg=0.0498, AUC=0.8037, ACC=0.7562, RMSE=0.4081 | Val: Loss=0.5446, BCE=0.4924, Reg=0.0522, AUC=0.8097, ACC=0.7652, RMSE=0.4021
2026-02-12 19:39:33,006 - INFO - [junyi|junyi_m3grid_prio_s0p03_h0p6_gd0p15_gw0_full|lr=0.003|drop=0.40] [Reg Terms] Epoch [005] | Train: graph_entropy=0.009661, graph_diag=0.000212, graph_uniform=0.007131, graph_reg_scale=1.0000, mf_l2=0.000000, proto_div=0.000000, proto_usage=0.000000, personal_sparse=0.032798, alpha_var=-0.000000, reg_bce_ratio=0.0989 | Val: graph_entropy=0.012000, graph_diag=0.000212, graph_uniform=0.007200, graph_reg_scale=1.0000, mf_l2=0.000000, proto_div=0.000000, proto_usage=0.000000, personal_sparse=0.032798, alpha_var=-0.000000, reg_bce_ratio=0.1060
2026-02-12 19:39:34,267 - INFO - [junyi|junyi_m3grid_prio_s0p03_h0p6_gd0p15_gw0_full|lr=0.003|drop=0.40] [Diag][M3] Epoch [005] | residual_abs_mean=0.1607, residual_std=0.1094, mf_abs_mean=0.1607, mf_std=0.1094, gate_mean=0.2942, gate_std=0.0791, irt_abs_mean=1.6023, irt_std=0.9745, delta_abs_mean=0.0477, delta_std=0.0376, delta_over_irt=0.0297, graph_row_entropy=6.5596, graph_entropy_ratio=1.0000, alpha_mean=0.4977, alpha_std=0.0000, personal_row_entropy=6.5596
2026-02-12 19:39:34,267 - INFO - [junyi|junyi_m3grid_prio_s0p03_h0p6_gd0p15_gw0_full|lr=0.003|drop=0.40] [Diag][Graph] Epoch [005] | entropy_ratio=1.0000, diag_mass=0.0014, to_uniform_l2=0.000000, to_identity_l2=0.037609, tau_mean=0.6931, tau_std=0.0000, graph_reg_scale(train/val)=1.0000/1.0000
2026-02-12 19:39:34,267 - WARNING - [junyi|junyi_m3grid_prio_s0p03_h0p6_gd0p15_gw0_full|lr=0.003|drop=0.40] [Diag Warning] alpha_std has been near zero for 5 epoch(s) (alpha_std=0.000000, personal_row_entropy=6.5596). This indicates personal-graph mixing may be collapsed/trivial.
2026-02-12 19:39:34,268 - WARNING - [junyi|junyi_m3grid_prio_s0p03_h0p6_gd0p15_gw0_full|lr=0.003|drop=0.40] [Diag Warning][Graph] graph entropy ratio has stayed too high for 5 epoch(s): entropy_ratio=1.0000, to_uniform_l2=0.000000
2026-02-12 19:39:34,268 - INFO - [junyi|junyi_m3grid_prio_s0p03_h0p6_gd0p15_gw0_full|lr=0.003|drop=0.40] [Grad Norms] Epoch [005] | mf_u_proj=0.017010, mf_v_proj=0.018791, fusion_gate=0.003508, q_gate_raw=0.000003, skill_latent=0.415444, relation_emb=2.951874e-01, relation_tau=3.372301e-14, relation_wq=1.851059e-09, relation_wk=1.877966e-09, personal_u=1.817656e-14, personal_v=1.845998e-14
2026-02-12 19:39:34,543 - INFO - [junyi|junyi_m3grid_prio_s0p03_h0p6_gd0p15_gw0_full|lr=0.003|drop=0.40] -> New best AUC=0.8097 at epoch 5
2026-02-12 19:42:22,612 - INFO - [junyi|junyi_m3grid_prio_s0p03_h0p6_gd0p15_gw0_full|lr=0.003|drop=0.40] Epoch [006/50] | Train: Loss=0.5524, BCE=0.5026, Reg=0.0498, AUC=0.8049, ACC=0.7572, RMSE=0.4075 | Val: Loss=0.5521, BCE=0.4999, Reg=0.0522, AUC=0.8075, ACC=0.7648, RMSE=0.4049
2026-02-12 19:42:22,613 - INFO - [junyi|junyi_m3grid_prio_s0p03_h0p6_gd0p15_gw0_full|lr=0.003|drop=0.40] [Reg Terms] Epoch [006] | Train: graph_entropy=0.009662, graph_diag=0.000212, graph_uniform=0.007131, graph_reg_scale=1.0000, mf_l2=0.000000, proto_div=0.000000, proto_usage=0.000000, personal_sparse=0.032798, alpha_var=-0.000000, reg_bce_ratio=0.0991 | Val: graph_entropy=0.012000, graph_diag=0.000212, graph_uniform=0.007200, graph_reg_scale=1.0000, mf_l2=0.000000, proto_div=0.000000, proto_usage=0.000000, personal_sparse=0.032798, alpha_var=-0.000000, reg_bce_ratio=0.1044
2026-02-12 19:42:23,712 - INFO - [junyi|junyi_m3grid_prio_s0p03_h0p6_gd0p15_gw0_full|lr=0.003|drop=0.40] [Diag][M3] Epoch [006] | residual_abs_mean=0.1616, residual_std=0.1004, mf_abs_mean=0.1616, mf_std=0.1004, gate_mean=0.2682, gate_std=0.0881, irt_abs_mean=1.7108, irt_std=0.9902, delta_abs_mean=0.0436, delta_std=0.0325, delta_over_irt=0.0255, graph_row_entropy=6.5596, graph_entropy_ratio=1.0000, alpha_mean=0.5004, alpha_std=0.0000, personal_row_entropy=6.5596
2026-02-12 19:42:23,712 - INFO - [junyi|junyi_m3grid_prio_s0p03_h0p6_gd0p15_gw0_full|lr=0.003|drop=0.40] [Diag][Graph] Epoch [006] | entropy_ratio=1.0000, diag_mass=0.0014, to_uniform_l2=0.000000, to_identity_l2=0.037609, tau_mean=0.6931, tau_std=0.0000, graph_reg_scale(train/val)=1.0000/1.0000
2026-02-12 19:42:23,712 - WARNING - [junyi|junyi_m3grid_prio_s0p03_h0p6_gd0p15_gw0_full|lr=0.003|drop=0.40] [Diag Warning] alpha_std has been near zero for 6 epoch(s) (alpha_std=0.000000, personal_row_entropy=6.5596). This indicates personal-graph mixing may be collapsed/trivial.
2026-02-12 19:42:23,712 - WARNING - [junyi|junyi_m3grid_prio_s0p03_h0p6_gd0p15_gw0_full|lr=0.003|drop=0.40] [Diag Warning][Graph] graph entropy ratio has stayed too high for 6 epoch(s): entropy_ratio=1.0000, to_uniform_l2=0.000000
2026-02-12 19:42:23,712 - INFO - [junyi|junyi_m3grid_prio_s0p03_h0p6_gd0p15_gw0_full|lr=0.003|drop=0.40] [Grad Norms] Epoch [006] | mf_u_proj=0.013774, mf_v_proj=0.017923, fusion_gate=0.002939, q_gate_raw=0.000003, skill_latent=2.973281, relation_emb=3.674376e-01, relation_tau=5.810856e-14, relation_wq=2.485475e-09, relation_wk=2.349476e-09, personal_u=1.973211e-14, personal_v=1.597820e-14
2026-02-12 19:42:23,712 - INFO - [junyi|junyi_m3grid_prio_s0p03_h0p6_gd0p15_gw0_full|lr=0.003|drop=0.40] -> No improvement 1 epoch(s) (best AUC=0.8097 @ 5)
2026-02-12 19:45:11,612 - INFO - [junyi|junyi_m3grid_prio_s0p03_h0p6_gd0p15_gw0_full|lr=0.003|drop=0.40] Epoch [007/50] | Train: Loss=0.5511, BCE=0.5013, Reg=0.0498, AUC=0.8062, ACC=0.7587, RMSE=0.4069 | Val: Loss=0.5438, BCE=0.4916, Reg=0.0522, AUC=0.8103, ACC=0.7662, RMSE=0.4015
2026-02-12 19:45:11,613 - INFO - [junyi|junyi_m3grid_prio_s0p03_h0p6_gd0p15_gw0_full|lr=0.003|drop=0.40] [Reg Terms] Epoch [007] | Train: graph_entropy=0.009662, graph_diag=0.000212, graph_uniform=0.007131, graph_reg_scale=1.0000, mf_l2=0.000000, proto_div=0.000000, proto_usage=0.000000, personal_sparse=0.032798, alpha_var=-0.000000, reg_bce_ratio=0.0994 | Val: graph_entropy=0.012000, graph_diag=0.000212, graph_uniform=0.007200, graph_reg_scale=1.0000, mf_l2=0.000000, proto_div=0.000000, proto_usage=0.000000, personal_sparse=0.032798, alpha_var=-0.000000, reg_bce_ratio=0.1062
2026-02-12 19:45:12,669 - INFO - [junyi|junyi_m3grid_prio_s0p03_h0p6_gd0p15_gw0_full|lr=0.003|drop=0.40] [Diag][M3] Epoch [007] | residual_abs_mean=0.1514, residual_std=0.0982, mf_abs_mean=0.1514, mf_std=0.0982, gate_mean=0.2780, gate_std=0.0764, irt_abs_mean=1.6325, irt_std=0.9546, delta_abs_mean=0.0414, delta_std=0.0292, delta_over_irt=0.0254, graph_row_entropy=6.5596, graph_entropy_ratio=1.0000, alpha_mean=0.4975, alpha_std=0.0000, personal_row_entropy=6.5596
2026-02-12 19:45:12,669 - INFO - [junyi|junyi_m3grid_prio_s0p03_h0p6_gd0p15_gw0_full|lr=0.003|drop=0.40] [Diag][Graph] Epoch [007] | entropy_ratio=1.0000, diag_mass=0.0014, to_uniform_l2=0.000000, to_identity_l2=0.037609, tau_mean=0.6931, tau_std=0.0000, graph_reg_scale(train/val)=1.0000/1.0000
2026-02-12 19:45:12,669 - WARNING - [junyi|junyi_m3grid_prio_s0p03_h0p6_gd0p15_gw0_full|lr=0.003|drop=0.40] [Diag Warning] alpha_std has been near zero for 7 epoch(s) (alpha_std=0.000000, personal_row_entropy=6.5596). This indicates personal-graph mixing may be collapsed/trivial.
2026-02-12 19:45:12,669 - WARNING - [junyi|junyi_m3grid_prio_s0p03_h0p6_gd0p15_gw0_full|lr=0.003|drop=0.40] [Diag Warning][Graph] graph entropy ratio has stayed too high for 7 epoch(s): entropy_ratio=1.0000, to_uniform_l2=0.000000
2026-02-12 19:45:12,669 - INFO - [junyi|junyi_m3grid_prio_s0p03_h0p6_gd0p15_gw0_full|lr=0.003|drop=0.40] [Grad Norms] Epoch [007] | mf_u_proj=0.018698, mf_v_proj=0.022813, fusion_gate=0.002992, q_gate_raw=0.000067, skill_latent=0.251251, relation_emb=3.664762e-01, relation_tau=7.736209e-14, relation_wq=2.046082e-09, relation_wk=2.182917e-09, personal_u=3.969167e-14, personal_v=3.955482e-14
2026-02-12 19:45:12,915 - INFO - [junyi|junyi_m3grid_prio_s0p03_h0p6_gd0p15_gw0_full|lr=0.003|drop=0.40] -> New best AUC=0.8103 at epoch 7
2026-02-12 19:47:59,982 - INFO - [junyi|junyi_m3grid_prio_s0p03_h0p6_gd0p15_gw0_full|lr=0.003|drop=0.40] Epoch [008/50] | Train: Loss=0.5509, BCE=0.5011, Reg=0.0498, AUC=0.8064, ACC=0.7581, RMSE=0.4068 | Val: Loss=0.5491, BCE=0.4969, Reg=0.0522, AUC=0.8099, ACC=0.7685, RMSE=0.4031
2026-02-12 19:47:59,982 - INFO - [junyi|junyi_m3grid_prio_s0p03_h0p6_gd0p15_gw0_full|lr=0.003|drop=0.40] [Reg Terms] Epoch [008] | Train: graph_entropy=0.009662, graph_diag=0.000212, graph_uniform=0.007131, graph_reg_scale=1.0000, mf_l2=0.000000, proto_div=0.000000, proto_usage=0.000000, personal_sparse=0.032798, alpha_var=-0.000000, reg_bce_ratio=0.0994 | Val: graph_entropy=0.012000, graph_diag=0.000212, graph_uniform=0.007200, graph_reg_scale=1.0000, mf_l2=0.000000, proto_div=0.000000, proto_usage=0.000000, personal_sparse=0.032798, alpha_var=-0.000000, reg_bce_ratio=0.1051
2026-02-12 19:48:01,097 - INFO - [junyi|junyi_m3grid_prio_s0p03_h0p6_gd0p15_gw0_full|lr=0.003|drop=0.40] [Diag][M3] Epoch [008] | residual_abs_mean=0.1459, residual_std=0.0941, mf_abs_mean=0.1459, mf_std=0.0941, gate_mean=0.2864, gate_std=0.0820, irt_abs_mean=1.8244, irt_std=1.0028, delta_abs_mean=0.0422, delta_std=0.0318, delta_over_irt=0.0231, graph_row_entropy=6.5596, graph_entropy_ratio=1.0000, alpha_mean=0.4978, alpha_std=0.0000, personal_row_entropy=6.5596
2026-02-12 19:48:01,097 - INFO - [junyi|junyi_m3grid_prio_s0p03_h0p6_gd0p15_gw0_full|lr=0.003|drop=0.40] [Diag][Graph] Epoch [008] | entropy_ratio=1.0000, diag_mass=0.0014, to_uniform_l2=0.000000, to_identity_l2=0.037609, tau_mean=0.6931, tau_std=0.0000, graph_reg_scale(train/val)=1.0000/1.0000
2026-02-12 19:48:01,097 - WARNING - [junyi|junyi_m3grid_prio_s0p03_h0p6_gd0p15_gw0_full|lr=0.003|drop=0.40] [Diag Warning] alpha_std has been near zero for 8 epoch(s) (alpha_std=0.000000, personal_row_entropy=6.5596). This indicates personal-graph mixing may be collapsed/trivial.
2026-02-12 19:48:01,097 - WARNING - [junyi|junyi_m3grid_prio_s0p03_h0p6_gd0p15_gw0_full|lr=0.003|drop=0.40] [Diag Warning][Graph] graph entropy ratio has stayed too high for 8 epoch(s): entropy_ratio=1.0000, to_uniform_l2=0.000000
2026-02-12 19:48:01,097 - INFO - [junyi|junyi_m3grid_prio_s0p03_h0p6_gd0p15_gw0_full|lr=0.003|drop=0.40] [Grad Norms] Epoch [008] | mf_u_proj=0.027139, mf_v_proj=0.029808, fusion_gate=0.001181, q_gate_raw=0.000068, skill_latent=0.376771, relation_emb=4.803629e-01, relation_tau=2.749337e-14, relation_wq=3.411509e-09, relation_wk=3.460922e-09, personal_u=3.191944e-14, personal_v=1.934506e-14
2026-02-12 19:48:01,097 - INFO - [junyi|junyi_m3grid_prio_s0p03_h0p6_gd0p15_gw0_full|lr=0.003|drop=0.40] -> No improvement 1 epoch(s) (best AUC=0.8103 @ 7)
2026-02-12 19:50:47,647 - INFO - [junyi|junyi_m3grid_prio_s0p03_h0p6_gd0p15_gw0_full|lr=0.003|drop=0.40] Epoch [009/50] | Train: Loss=0.5503, BCE=0.5005, Reg=0.0498, AUC=0.8068, ACC=0.7580, RMSE=0.4065 | Val: Loss=0.5469, BCE=0.4947, Reg=0.0522, AUC=0.8098, ACC=0.7673, RMSE=0.4029
2026-02-12 19:50:47,648 - INFO - [junyi|junyi_m3grid_prio_s0p03_h0p6_gd0p15_gw0_full|lr=0.003|drop=0.40] [Reg Terms] Epoch [009] | Train: graph_entropy=0.009662, graph_diag=0.000213, graph_uniform=0.007131, graph_reg_scale=1.0000, mf_l2=0.000000, proto_div=0.000000, proto_usage=0.000000, personal_sparse=0.032798, alpha_var=-0.000000, reg_bce_ratio=0.0995 | Val: graph_entropy=0.012000, graph_diag=0.000212, graph_uniform=0.007200, graph_reg_scale=1.0000, mf_l2=0.000000, proto_div=0.000000, proto_usage=0.000000, personal_sparse=0.032798, alpha_var=-0.000000, reg_bce_ratio=0.1055
2026-02-12 19:50:48,811 - INFO - [junyi|junyi_m3grid_prio_s0p03_h0p6_gd0p15_gw0_full|lr=0.003|drop=0.40] [Diag][M3] Epoch [009] | residual_abs_mean=0.1880, residual_std=0.1176, mf_abs_mean=0.1880, mf_std=0.1176, gate_mean=0.2930, gate_std=0.0675, irt_abs_mean=1.6807, irt_std=0.9419, delta_abs_mean=0.0549, delta_std=0.0378, delta_over_irt=0.0326, graph_row_entropy=6.5596, graph_entropy_ratio=1.0000, alpha_mean=0.4978, alpha_std=0.0000, personal_row_entropy=6.5596
2026-02-12 19:50:48,811 - INFO - [junyi|junyi_m3grid_prio_s0p03_h0p6_gd0p15_gw0_full|lr=0.003|drop=0.40] [Diag][Graph] Epoch [009] | entropy_ratio=1.0000, diag_mass=0.0014, to_uniform_l2=0.000000, to_identity_l2=0.037609, tau_mean=0.6931, tau_std=0.0000, graph_reg_scale(train/val)=1.0000/1.0000
2026-02-12 19:50:48,811 - WARNING - [junyi|junyi_m3grid_prio_s0p03_h0p6_gd0p15_gw0_full|lr=0.003|drop=0.40] [Diag Warning] alpha_std has been near zero for 9 epoch(s) (alpha_std=0.000000, personal_row_entropy=6.5596). This indicates personal-graph mixing may be collapsed/trivial.
2026-02-12 19:50:48,811 - WARNING - [junyi|junyi_m3grid_prio_s0p03_h0p6_gd0p15_gw0_full|lr=0.003|drop=0.40] [Diag Warning][Graph] graph entropy ratio has stayed too high for 9 epoch(s): entropy_ratio=1.0000, to_uniform_l2=0.000000
2026-02-12 19:50:48,811 - INFO - [junyi|junyi_m3grid_prio_s0p03_h0p6_gd0p15_gw0_full|lr=0.003|drop=0.40] [Grad Norms] Epoch [009] | mf_u_proj=0.023722, mf_v_proj=0.029814, fusion_gate=0.005317, q_gate_raw=0.000078, skill_latent=0.298532, relation_emb=4.208869e-01, relation_tau=1.933074e-13, relation_wq=3.951194e-09, relation_wk=4.135122e-09, personal_u=7.094924e-14, personal_v=7.504152e-14
2026-02-12 19:50:48,811 - INFO - [junyi|junyi_m3grid_prio_s0p03_h0p6_gd0p15_gw0_full|lr=0.003|drop=0.40] -> No improvement 2 epoch(s) (best AUC=0.8103 @ 7)
2026-02-12 19:53:35,413 - INFO - [junyi|junyi_m3grid_prio_s0p03_h0p6_gd0p15_gw0_full|lr=0.003|drop=0.40] Epoch [010/50] | Train: Loss=0.5389, BCE=0.4891, Reg=0.0498, AUC=0.8172, ACC=0.7665, RMSE=0.4008 | Val: Loss=0.5382, BCE=0.4860, Reg=0.0522, AUC=0.8179, ACC=0.7727, RMSE=0.3983
2026-02-12 19:53:35,413 - INFO - [junyi|junyi_m3grid_prio_s0p03_h0p6_gd0p15_gw0_full|lr=0.003|drop=0.40] [Reg Terms] Epoch [010] | Train: graph_entropy=0.009662, graph_diag=0.000213, graph_uniform=0.007131, graph_reg_scale=1.0000, mf_l2=0.000000, proto_div=0.000000, proto_usage=0.000000, personal_sparse=0.032798, alpha_var=-0.000000, reg_bce_ratio=0.1018 | Val: graph_entropy=0.012000, graph_diag=0.000212, graph_uniform=0.007200, graph_reg_scale=1.0000, mf_l2=0.000000, proto_div=0.000000, proto_usage=0.000000, personal_sparse=0.032798, alpha_var=-0.000000, reg_bce_ratio=0.1074
2026-02-12 19:53:36,510 - INFO - [junyi|junyi_m3grid_prio_s0p03_h0p6_gd0p15_gw0_full|lr=0.003|drop=0.40] [Diag][M3] Epoch [010] | residual_abs_mean=0.1819, residual_std=0.1218, mf_abs_mean=0.1819, mf_std=0.1218, gate_mean=0.2849, gate_std=0.0748, irt_abs_mean=1.8401, irt_std=1.0432, delta_abs_mean=0.0510, delta_std=0.0359, delta_over_irt=0.0277, graph_row_entropy=6.5596, graph_entropy_ratio=1.0000, alpha_mean=0.5037, alpha_std=0.0000, personal_row_entropy=6.5596
2026-02-12 19:53:36,510 - INFO - [junyi|junyi_m3grid_prio_s0p03_h0p6_gd0p15_gw0_full|lr=0.003|drop=0.40] [Diag][Graph] Epoch [010] | entropy_ratio=1.0000, diag_mass=0.0014, to_uniform_l2=0.000000, to_identity_l2=0.037609, tau_mean=0.6931, tau_std=0.0000, graph_reg_scale(train/val)=1.0000/1.0000
2026-02-12 19:53:36,510 - WARNING - [junyi|junyi_m3grid_prio_s0p03_h0p6_gd0p15_gw0_full|lr=0.003|drop=0.40] [Diag Warning] alpha_std has been near zero for 10 epoch(s) (alpha_std=0.000000, personal_row_entropy=6.5596). This indicates personal-graph mixing may be collapsed/trivial.
2026-02-12 19:53:36,510 - WARNING - [junyi|junyi_m3grid_prio_s0p03_h0p6_gd0p15_gw0_full|lr=0.003|drop=0.40] [Diag Warning][Graph] graph entropy ratio has stayed too high for 10 epoch(s): entropy_ratio=1.0000, to_uniform_l2=0.000000
2026-02-12 19:53:36,511 - INFO - [junyi|junyi_m3grid_prio_s0p03_h0p6_gd0p15_gw0_full|lr=0.003|drop=0.40] [Grad Norms] Epoch [010] | mf_u_proj=0.017904, mf_v_proj=0.022744, fusion_gate=0.002939, q_gate_raw=0.000020, skill_latent=0.159917, relation_emb=4.802090e-01, relation_tau=0.000000e+00, relation_wq=0.000000e+00, relation_wk=0.000000e+00, personal_u=0.000000e+00, personal_v=0.000000e+00
2026-02-12 19:53:36,756 - INFO - [junyi|junyi_m3grid_prio_s0p03_h0p6_gd0p15_gw0_full|lr=0.003|drop=0.40] -> New best AUC=0.8179 at epoch 10
2026-02-12 19:53:36,803 - INFO - [junyi|junyi_m3grid_prio_s0p03_h0p6_gd0p15_gw0_full|lr=0.003|drop=0.40] Checkpoint saved: checkpoints/junyi_m3grid/seed42/prio_s0p03_h0p6_gd0p15_gw0_full/checkpoint_epoch_10.pth
2026-02-12 19:53:37,191 - INFO - [junyi|junyi_m3grid_prio_s0p03_h0p6_gd0p15_gw0_full|lr=0.003|drop=0.40] [Module Activity] Epoch 10: Graph✗ Personal✗ MF✓
2026-02-12 19:56:23,776 - INFO - [junyi|junyi_m3grid_prio_s0p03_h0p6_gd0p15_gw0_full|lr=0.003|drop=0.40] Epoch [011/50] | Train: Loss=0.5364, BCE=0.4866, Reg=0.0498, AUC=0.8193, ACC=0.7682, RMSE=0.3996 | Val: Loss=0.5374, BCE=0.4852, Reg=0.0522, AUC=0.8196, ACC=0.7738, RMSE=0.3977
2026-02-12 19:56:23,777 - INFO - [junyi|junyi_m3grid_prio_s0p03_h0p6_gd0p15_gw0_full|lr=0.003|drop=0.40] [Reg Terms] Epoch [011] | Train: graph_entropy=0.009662, graph_diag=0.000212, graph_uniform=0.007131, graph_reg_scale=1.0000, mf_l2=0.000000, proto_div=0.000000, proto_usage=0.000000, personal_sparse=0.032798, alpha_var=-0.000000, reg_bce_ratio=0.1024 | Val: graph_entropy=0.012000, graph_diag=0.000212, graph_uniform=0.007200, graph_reg_scale=1.0000, mf_l2=0.000000, proto_div=0.000000, proto_usage=0.000000, personal_sparse=0.032798, alpha_var=-0.000000, reg_bce_ratio=0.1076
2026-02-12 19:56:24,836 - INFO - [junyi|junyi_m3grid_prio_s0p03_h0p6_gd0p15_gw0_full|lr=0.003|drop=0.40] [Diag][M3] Epoch [011] | residual_abs_mean=0.1872, residual_std=0.1176, mf_abs_mean=0.1872, mf_std=0.1176, gate_mean=0.2993, gate_std=0.0653, irt_abs_mean=1.8693, irt_std=0.9922, delta_abs_mean=0.0554, delta_std=0.0374, delta_over_irt=0.0296, graph_row_entropy=6.5596, graph_entropy_ratio=1.0000, alpha_mean=0.5019, alpha_std=0.0000, personal_row_entropy=6.5596
2026-02-12 19:56:24,837 - INFO - [junyi|junyi_m3grid_prio_s0p03_h0p6_gd0p15_gw0_full|lr=0.003|drop=0.40] [Diag][Graph] Epoch [011] | entropy_ratio=1.0000, diag_mass=0.0014, to_uniform_l2=0.000000, to_identity_l2=0.037609, tau_mean=0.6931, tau_std=0.0000, graph_reg_scale(train/val)=1.0000/1.0000
2026-02-12 19:56:24,837 - WARNING - [junyi|junyi_m3grid_prio_s0p03_h0p6_gd0p15_gw0_full|lr=0.003|drop=0.40] [Diag Warning] alpha_std has been near zero for 11 epoch(s) (alpha_std=0.000000, personal_row_entropy=6.5596). This indicates personal-graph mixing may be collapsed/trivial.
2026-02-12 19:56:24,837 - WARNING - [junyi|junyi_m3grid_prio_s0p03_h0p6_gd0p15_gw0_full|lr=0.003|drop=0.40] [Diag Warning][Graph] graph entropy ratio has stayed too high for 11 epoch(s): entropy_ratio=1.0000, to_uniform_l2=0.000000
2026-02-12 19:56:24,837 - INFO - [junyi|junyi_m3grid_prio_s0p03_h0p6_gd0p15_gw0_full|lr=0.003|drop=0.40] [Grad Norms] Epoch [011] | mf_u_proj=0.021651, mf_v_proj=0.026224, fusion_gate=0.005000, q_gate_raw=0.000033, skill_latent=0.533109, relation_emb=5.335857e-01, relation_tau=6.093510e-15, relation_wq=6.614229e-10, relation_wk=7.746952e-10, personal_u=1.157176e-14, personal_v=1.462972e-14
2026-02-12 19:56:25,094 - INFO - [junyi|junyi_m3grid_prio_s0p03_h0p6_gd0p15_gw0_full|lr=0.003|drop=0.40] -> New best AUC=0.8196 at epoch 11
2026-02-12 19:59:11,643 - INFO - [junyi|junyi_m3grid_prio_s0p03_h0p6_gd0p15_gw0_full|lr=0.003|drop=0.40] Epoch [012/50] | Train: Loss=0.5347, BCE=0.4849, Reg=0.0498, AUC=0.8207, ACC=0.7690, RMSE=0.3989 | Val: Loss=0.5432, BCE=0.4910, Reg=0.0522, AUC=0.8170, ACC=0.7732, RMSE=0.3998
2026-02-12 19:59:11,643 - INFO - [junyi|junyi_m3grid_prio_s0p03_h0p6_gd0p15_gw0_full|lr=0.003|drop=0.40] [Reg Terms] Epoch [012] | Train: graph_entropy=0.009662, graph_diag=0.000212, graph_uniform=0.007131, graph_reg_scale=1.0000, mf_l2=0.000000, proto_div=0.000000, proto_usage=0.000000, personal_sparse=0.032798, alpha_var=-0.000000, reg_bce_ratio=0.1027 | Val: graph_entropy=0.012000, graph_diag=0.000212, graph_uniform=0.007200, graph_reg_scale=1.0000, mf_l2=0.000000, proto_div=0.000000, proto_usage=0.000000, personal_sparse=0.032798, alpha_var=-0.000000, reg_bce_ratio=0.1063
2026-02-12 19:59:12,716 - INFO - [junyi|junyi_m3grid_prio_s0p03_h0p6_gd0p15_gw0_full|lr=0.003|drop=0.40] [Diag][M3] Epoch [012] | residual_abs_mean=0.2033, residual_std=0.1162, mf_abs_mean=0.2033, mf_std=0.1162, gate_mean=0.2831, gate_std=0.0806, irt_abs_mean=1.9065, irt_std=1.0732, delta_abs_mean=0.0564, delta_std=0.0361, delta_over_irt=0.0296, graph_row_entropy=6.5596, graph_entropy_ratio=1.0000, alpha_mean=0.5026, alpha_std=0.0000, personal_row_entropy=6.5596
2026-02-12 19:59:12,716 - INFO - [junyi|junyi_m3grid_prio_s0p03_h0p6_gd0p15_gw0_full|lr=0.003|drop=0.40] [Diag][Graph] Epoch [012] | entropy_ratio=1.0000, diag_mass=0.0014, to_uniform_l2=0.000000, to_identity_l2=0.037609, tau_mean=0.6931, tau_std=0.0000, graph_reg_scale(train/val)=1.0000/1.0000
2026-02-12 19:59:12,716 - WARNING - [junyi|junyi_m3grid_prio_s0p03_h0p6_gd0p15_gw0_full|lr=0.003|drop=0.40] [Diag Warning] alpha_std has been near zero for 12 epoch(s) (alpha_std=0.000000, personal_row_entropy=6.5596). This indicates personal-graph mixing may be collapsed/trivial.
2026-02-12 19:59:12,716 - WARNING - [junyi|junyi_m3grid_prio_s0p03_h0p6_gd0p15_gw0_full|lr=0.003|drop=0.40] [Diag Warning][Graph] graph entropy ratio has stayed too high for 12 epoch(s): entropy_ratio=1.0000, to_uniform_l2=0.000000
2026-02-12 19:59:12,716 - INFO - [junyi|junyi_m3grid_prio_s0p03_h0p6_gd0p15_gw0_full|lr=0.003|drop=0.40] [Grad Norms] Epoch [012] | mf_u_proj=0.014765, mf_v_proj=0.030869, fusion_gate=0.002101, q_gate_raw=0.000008, skill_latent=0.134295, relation_emb=4.587044e-01, relation_tau=6.745249e-14, relation_wq=2.036090e-09, relation_wk=1.810591e-09, personal_u=7.791024e-16, personal_v=6.385667e-16
2026-02-12 19:59:12,716 - INFO - [junyi|junyi_m3grid_prio_s0p03_h0p6_gd0p15_gw0_full|lr=0.003|drop=0.40] -> No improvement 1 epoch(s) (best AUC=0.8196 @ 11)
2026-02-12 20:01:59,142 - INFO - [junyi|junyi_m3grid_prio_s0p03_h0p6_gd0p15_gw0_full|lr=0.003|drop=0.40] Epoch [013/50] | Train: Loss=0.5343, BCE=0.4845, Reg=0.0498, AUC=0.8211, ACC=0.7691, RMSE=0.3986 | Val: Loss=0.5335, BCE=0.4813, Reg=0.0522, AUC=0.8201, ACC=0.7755, RMSE=0.3963
2026-02-12 20:01:59,142 - INFO - [junyi|junyi_m3grid_prio_s0p03_h0p6_gd0p15_gw0_full|lr=0.003|drop=0.40] [Reg Terms] Epoch [013] | Train: graph_entropy=0.009662, graph_diag=0.000213, graph_uniform=0.007131, graph_reg_scale=1.0000, mf_l2=0.000000, proto_div=0.000000, proto_usage=0.000000, personal_sparse=0.032798, alpha_var=-0.000000, reg_bce_ratio=0.1028 | Val: graph_entropy=0.012000, graph_diag=0.000212, graph_uniform=0.007200, graph_reg_scale=1.0000, mf_l2=0.000000, proto_div=0.000000, proto_usage=0.000000, personal_sparse=0.032798, alpha_var=-0.000000, reg_bce_ratio=0.1085
2026-02-12 20:02:00,177 - INFO - [junyi|junyi_m3grid_prio_s0p03_h0p6_gd0p15_gw0_full|lr=0.003|drop=0.40] [Diag][M3] Epoch [013] | residual_abs_mean=0.1753, residual_std=0.1017, mf_abs_mean=0.1753, mf_std=0.1017, gate_mean=0.2969, gate_std=0.0720, irt_abs_mean=1.7687, irt_std=0.9943, delta_abs_mean=0.0519, delta_std=0.0338, delta_over_irt=0.0293, graph_row_entropy=6.5596, graph_entropy_ratio=1.0000, alpha_mean=0.4973, alpha_std=0.0000, personal_row_entropy=6.5596
2026-02-12 20:02:00,177 - INFO - [junyi|junyi_m3grid_prio_s0p03_h0p6_gd0p15_gw0_full|lr=0.003|drop=0.40] [Diag][Graph] Epoch [013] | entropy_ratio=1.0000, diag_mass=0.0014, to_uniform_l2=0.000000, to_identity_l2=0.037609, tau_mean=0.6931, tau_std=0.0000, graph_reg_scale(train/val)=1.0000/1.0000
2026-02-12 20:02:00,177 - WARNING - [junyi|junyi_m3grid_prio_s0p03_h0p6_gd0p15_gw0_full|lr=0.003|drop=0.40] [Diag Warning] alpha_std has been near zero for 13 epoch(s) (alpha_std=0.000000, personal_row_entropy=6.5596). This indicates personal-graph mixing may be collapsed/trivial.
2026-02-12 20:02:00,177 - WARNING - [junyi|junyi_m3grid_prio_s0p03_h0p6_gd0p15_gw0_full|lr=0.003|drop=0.40] [Diag Warning][Graph] graph entropy ratio has stayed too high for 13 epoch(s): entropy_ratio=1.0000, to_uniform_l2=0.000000
2026-02-12 20:02:00,178 - INFO - [junyi|junyi_m3grid_prio_s0p03_h0p6_gd0p15_gw0_full|lr=0.003|drop=0.40] [Grad Norms] Epoch [013] | mf_u_proj=0.024783, mf_v_proj=0.027278, fusion_gate=0.003958, q_gate_raw=0.000030, skill_latent=0.330871, relation_emb=4.522586e-01, relation_tau=2.111963e-14, relation_wq=1.870950e-09, relation_wk=2.073783e-09, personal_u=7.473157e-16, personal_v=6.749585e-16
2026-02-12 20:02:00,441 - INFO - [junyi|junyi_m3grid_prio_s0p03_h0p6_gd0p15_gw0_full|lr=0.003|drop=0.40] -> New best AUC=0.8201 at epoch 13
2026-02-12 20:04:46,775 - INFO - [junyi|junyi_m3grid_prio_s0p03_h0p6_gd0p15_gw0_full|lr=0.003|drop=0.40] Epoch [014/50] | Train: Loss=0.5342, BCE=0.4844, Reg=0.0498, AUC=0.8212, ACC=0.7690, RMSE=0.3986 | Val: Loss=0.5336, BCE=0.4814, Reg=0.0522, AUC=0.8202, ACC=0.7767, RMSE=0.3963
2026-02-12 20:04:46,775 - INFO - [junyi|junyi_m3grid_prio_s0p03_h0p6_gd0p15_gw0_full|lr=0.003|drop=0.40] [Reg Terms] Epoch [014] | Train: graph_entropy=0.009662, graph_diag=0.000212, graph_uniform=0.007131, graph_reg_scale=1.0000, mf_l2=0.000000, proto_div=0.000000, proto_usage=0.000000, personal_sparse=0.032798, alpha_var=-0.000000, reg_bce_ratio=0.1028 | Val: graph_entropy=0.012000, graph_diag=0.000212, graph_uniform=0.007200, graph_reg_scale=1.0000, mf_l2=0.000000, proto_div=0.000000, proto_usage=0.000000, personal_sparse=0.032798, alpha_var=-0.000000, reg_bce_ratio=0.1085
2026-02-12 20:04:47,810 - INFO - [junyi|junyi_m3grid_prio_s0p03_h0p6_gd0p15_gw0_full|lr=0.003|drop=0.40] [Diag][M3] Epoch [014] | residual_abs_mean=0.1448, residual_std=0.1017, mf_abs_mean=0.1448, mf_std=0.1017, gate_mean=0.2978, gate_std=0.0708, irt_abs_mean=1.7952, irt_std=1.0166, delta_abs_mean=0.0431, delta_std=0.0336, delta_over_irt=0.0240, graph_row_entropy=6.5596, graph_entropy_ratio=1.0000, alpha_mean=0.4981, alpha_std=0.0000, personal_row_entropy=6.5596
2026-02-12 20:04:47,810 - INFO - [junyi|junyi_m3grid_prio_s0p03_h0p6_gd0p15_gw0_full|lr=0.003|drop=0.40] [Diag][Graph] Epoch [014] | entropy_ratio=1.0000, diag_mass=0.0014, to_uniform_l2=0.000000, to_identity_l2=0.037609, tau_mean=0.6931, tau_std=0.0000, graph_reg_scale(train/val)=1.0000/1.0000
2026-02-12 20:04:47,810 - WARNING - [junyi|junyi_m3grid_prio_s0p03_h0p6_gd0p15_gw0_full|lr=0.003|drop=0.40] [Diag Warning] alpha_std has been near zero for 14 epoch(s) (alpha_std=0.000000, personal_row_entropy=6.5596). This indicates personal-graph mixing may be collapsed/trivial.
2026-02-12 20:04:47,810 - WARNING - [junyi|junyi_m3grid_prio_s0p03_h0p6_gd0p15_gw0_full|lr=0.003|drop=0.40] [Diag Warning][Graph] graph entropy ratio has stayed too high for 14 epoch(s): entropy_ratio=1.0000, to_uniform_l2=0.000000
2026-02-12 20:04:47,810 - INFO - [junyi|junyi_m3grid_prio_s0p03_h0p6_gd0p15_gw0_full|lr=0.003|drop=0.40] [Grad Norms] Epoch [014] | mf_u_proj=0.020824, mf_v_proj=0.026477, fusion_gate=0.000521, q_gate_raw=0.000090, skill_latent=0.178027, relation_emb=5.105966e-01, relation_tau=1.213982e-13, relation_wq=2.353908e-09, relation_wk=1.959197e-09, personal_u=6.634912e-15, personal_v=5.585533e-15
2026-02-12 20:04:48,083 - INFO - [junyi|junyi_m3grid_prio_s0p03_h0p6_gd0p15_gw0_full|lr=0.003|drop=0.40] -> New best AUC=0.8202 at epoch 14
2026-02-12 20:07:35,770 - INFO - [junyi|junyi_m3grid_prio_s0p03_h0p6_gd0p15_gw0_full|lr=0.003|drop=0.40] Epoch [015/50] | Train: Loss=0.5327, BCE=0.4829, Reg=0.0498, AUC=0.8226, ACC=0.7692, RMSE=0.3980 | Val: Loss=0.5390, BCE=0.4868, Reg=0.0522, AUC=0.8188, ACC=0.7738, RMSE=0.3984
2026-02-12 20:07:35,770 - INFO - [junyi|junyi_m3grid_prio_s0p03_h0p6_gd0p15_gw0_full|lr=0.003|drop=0.40] [Reg Terms] Epoch [015] | Train: graph_entropy=0.009661, graph_diag=0.000213, graph_uniform=0.007131, graph_reg_scale=1.0000, mf_l2=0.000000, proto_div=0.000000, proto_usage=0.000000, personal_sparse=0.032798, alpha_var=-0.000000, reg_bce_ratio=0.1031 | Val: graph_entropy=0.012000, graph_diag=0.000212, graph_uniform=0.007200, graph_reg_scale=1.0000, mf_l2=0.000000, proto_div=0.000000, proto_usage=0.000000, personal_sparse=0.032798, alpha_var=-0.000000, reg_bce_ratio=0.1073
2026-02-12 20:07:36,864 - INFO - [junyi|junyi_m3grid_prio_s0p03_h0p6_gd0p15_gw0_full|lr=0.003|drop=0.40] [Diag][M3] Epoch [015] | residual_abs_mean=0.1862, residual_std=0.1146, mf_abs_mean=0.1862, mf_std=0.1146, gate_mean=0.2935, gate_std=0.0878, irt_abs_mean=1.8435, irt_std=1.0809, delta_abs_mean=0.0545, delta_std=0.0392, delta_over_irt=0.0296, graph_row_entropy=6.5596, graph_entropy_ratio=1.0000, alpha_mean=0.4984, alpha_std=0.0000, personal_row_entropy=6.5596
2026-02-12 20:07:36,864 - INFO - [junyi|junyi_m3grid_prio_s0p03_h0p6_gd0p15_gw0_full|lr=0.003|drop=0.40] [Diag][Graph] Epoch [015] | entropy_ratio=1.0000, diag_mass=0.0014, to_uniform_l2=0.000000, to_identity_l2=0.037609, tau_mean=0.6931, tau_std=0.0000, graph_reg_scale(train/val)=1.0000/1.0000
2026-02-12 20:07:36,864 - WARNING - [junyi|junyi_m3grid_prio_s0p03_h0p6_gd0p15_gw0_full|lr=0.003|drop=0.40] [Diag Warning] alpha_std has been near zero for 15 epoch(s) (alpha_std=0.000000, personal_row_entropy=6.5596). This indicates personal-graph mixing may be collapsed/trivial.
2026-02-12 20:07:36,864 - WARNING - [junyi|junyi_m3grid_prio_s0p03_h0p6_gd0p15_gw0_full|lr=0.003|drop=0.40] [Diag Warning][Graph] graph entropy ratio has stayed too high for 15 epoch(s): entropy_ratio=1.0000, to_uniform_l2=0.000000
2026-02-12 20:07:36,864 - INFO - [junyi|junyi_m3grid_prio_s0p03_h0p6_gd0p15_gw0_full|lr=0.003|drop=0.40] [Grad Norms] Epoch [015] | mf_u_proj=0.019992, mf_v_proj=0.025912, fusion_gate=0.003724, q_gate_raw=0.000050, skill_latent=0.345092, relation_emb=5.832862e-01, relation_tau=7.233089e-14, relation_wq=1.684669e-09, relation_wk=1.491374e-09, personal_u=1.095747e-16, personal_v=1.274579e-16
2026-02-12 20:07:36,864 - INFO - [junyi|junyi_m3grid_prio_s0p03_h0p6_gd0p15_gw0_full|lr=0.003|drop=0.40] -> No improvement 1 epoch(s) (best AUC=0.8202 @ 14)
2026-02-12 20:10:24,936 - INFO - [junyi|junyi_m3grid_prio_s0p03_h0p6_gd0p15_gw0_full|lr=0.003|drop=0.40] Epoch [016/50] | Train: Loss=0.5205, BCE=0.4707, Reg=0.0498, AUC=0.8329, ACC=0.7780, RMSE=0.3918 | Val: Loss=0.5338, BCE=0.4815, Reg=0.0522, AUC=0.8222, ACC=0.7759, RMSE=0.3960
2026-02-12 20:10:24,936 - INFO - [junyi|junyi_m3grid_prio_s0p03_h0p6_gd0p15_gw0_full|lr=0.003|drop=0.40] [Reg Terms] Epoch [016] | Train: graph_entropy=0.009662, graph_diag=0.000213, graph_uniform=0.007131, graph_reg_scale=1.0000, mf_l2=0.000000, proto_div=0.000000, proto_usage=0.000000, personal_sparse=0.032798, alpha_var=-0.000000, reg_bce_ratio=0.1058 | Val: graph_entropy=0.012000, graph_diag=0.000212, graph_uniform=0.007200, graph_reg_scale=1.0000, mf_l2=0.000000, proto_div=0.000000, proto_usage=0.000000, personal_sparse=0.032798, alpha_var=-0.000000, reg_bce_ratio=0.1084
2026-02-12 20:10:26,003 - INFO - [junyi|junyi_m3grid_prio_s0p03_h0p6_gd0p15_gw0_full|lr=0.003|drop=0.40] [Diag][M3] Epoch [016] | residual_abs_mean=0.1556, residual_std=0.1031, mf_abs_mean=0.1556, mf_std=0.1031, gate_mean=0.3010, gate_std=0.0865, irt_abs_mean=1.8421, irt_std=1.0392, delta_abs_mean=0.0470, delta_std=0.0347, delta_over_irt=0.0255, graph_row_entropy=6.5596, graph_entropy_ratio=1.0000, alpha_mean=0.5012, alpha_std=0.0000, personal_row_entropy=6.5596
2026-02-12 20:10:26,003 - INFO - [junyi|junyi_m3grid_prio_s0p03_h0p6_gd0p15_gw0_full|lr=0.003|drop=0.40] [Diag][Graph] Epoch [016] | entropy_ratio=1.0000, diag_mass=0.0014, to_uniform_l2=0.000000, to_identity_l2=0.037609, tau_mean=0.6931, tau_std=0.0000, graph_reg_scale(train/val)=1.0000/1.0000
2026-02-12 20:10:26,003 - WARNING - [junyi|junyi_m3grid_prio_s0p03_h0p6_gd0p15_gw0_full|lr=0.003|drop=0.40] [Diag Warning] alpha_std has been near zero for 16 epoch(s) (alpha_std=0.000000, personal_row_entropy=6.5596). This indicates personal-graph mixing may be collapsed/trivial.
2026-02-12 20:10:26,003 - WARNING - [junyi|junyi_m3grid_prio_s0p03_h0p6_gd0p15_gw0_full|lr=0.003|drop=0.40] [Diag Warning][Graph] graph entropy ratio has stayed too high for 16 epoch(s): entropy_ratio=1.0000, to_uniform_l2=0.000000
2026-02-12 20:10:26,003 - INFO - [junyi|junyi_m3grid_prio_s0p03_h0p6_gd0p15_gw0_full|lr=0.003|drop=0.40] [Grad Norms] Epoch [016] | mf_u_proj=0.022301, mf_v_proj=0.035540, fusion_gate=0.000614, q_gate_raw=0.000062, skill_latent=0.216769, relation_emb=5.460743e-01, relation_tau=0.000000e+00, relation_wq=0.000000e+00, relation_wk=0.000000e+00, personal_u=0.000000e+00, personal_v=0.000000e+00
2026-02-12 20:10:26,285 - INFO - [junyi|junyi_m3grid_prio_s0p03_h0p6_gd0p15_gw0_full|lr=0.003|drop=0.40] -> New best AUC=0.8222 at epoch 16
2026-02-12 20:13:14,259 - INFO - [junyi|junyi_m3grid_prio_s0p03_h0p6_gd0p15_gw0_full|lr=0.003|drop=0.40] Epoch [017/50] | Train: Loss=0.5167, BCE=0.4669, Reg=0.0498, AUC=0.8360, ACC=0.7801, RMSE=0.3899 | Val: Loss=0.5357, BCE=0.4835, Reg=0.0522, AUC=0.8214, ACC=0.7735, RMSE=0.3976
2026-02-12 20:13:14,259 - INFO - [junyi|junyi_m3grid_prio_s0p03_h0p6_gd0p15_gw0_full|lr=0.003|drop=0.40] [Reg Terms] Epoch [017] | Train: graph_entropy=0.009662, graph_diag=0.000213, graph_uniform=0.007131, graph_reg_scale=1.0000, mf_l2=0.000000, proto_div=0.000000, proto_usage=0.000000, personal_sparse=0.032798, alpha_var=-0.000000, reg_bce_ratio=0.1067 | Val: graph_entropy=0.012000, graph_diag=0.000212, graph_uniform=0.007200, graph_reg_scale=1.0000, mf_l2=0.000000, proto_div=0.000000, proto_usage=0.000000, personal_sparse=0.032798, alpha_var=-0.000000, reg_bce_ratio=0.1080
2026-02-12 20:13:15,350 - INFO - [junyi|junyi_m3grid_prio_s0p03_h0p6_gd0p15_gw0_full|lr=0.003|drop=0.40] [Diag][M3] Epoch [017] | residual_abs_mean=0.1395, residual_std=0.0976, mf_abs_mean=0.1395, mf_std=0.0976, gate_mean=0.3126, gate_std=0.0836, irt_abs_mean=1.8049, irt_std=0.9926, delta_abs_mean=0.0433, delta_std=0.0337, delta_over_irt=0.0240, graph_row_entropy=6.5596, graph_entropy_ratio=1.0000, alpha_mean=0.4999, alpha_std=0.0000, personal_row_entropy=6.5596
2026-02-12 20:13:15,351 - INFO - [junyi|junyi_m3grid_prio_s0p03_h0p6_gd0p15_gw0_full|lr=0.003|drop=0.40] [Diag][Graph] Epoch [017] | entropy_ratio=1.0000, diag_mass=0.0014, to_uniform_l2=0.000000, to_identity_l2=0.037609, tau_mean=0.6931, tau_std=0.0000, graph_reg_scale(train/val)=1.0000/1.0000
2026-02-12 20:13:15,351 - WARNING - [junyi|junyi_m3grid_prio_s0p03_h0p6_gd0p15_gw0_full|lr=0.003|drop=0.40] [Diag Warning] alpha_std has been near zero for 17 epoch(s) (alpha_std=0.000000, personal_row_entropy=6.5596). This indicates personal-graph mixing may be collapsed/trivial.
2026-02-12 20:13:15,351 - WARNING - [junyi|junyi_m3grid_prio_s0p03_h0p6_gd0p15_gw0_full|lr=0.003|drop=0.40] [Diag Warning][Graph] graph entropy ratio has stayed too high for 17 epoch(s): entropy_ratio=1.0000, to_uniform_l2=0.000000
2026-02-12 20:13:15,351 - INFO - [junyi|junyi_m3grid_prio_s0p03_h0p6_gd0p15_gw0_full|lr=0.003|drop=0.40] [Grad Norms] Epoch [017] | mf_u_proj=0.031534, mf_v_proj=0.043982, fusion_gate=0.000996, q_gate_raw=0.000010, skill_latent=0.288127, relation_emb=6.345977e-01, relation_tau=0.000000e+00, relation_wq=0.000000e+00, relation_wk=0.000000e+00, personal_u=0.000000e+00, personal_v=0.000000e+00
2026-02-12 20:13:15,351 - INFO - [junyi|junyi_m3grid_prio_s0p03_h0p6_gd0p15_gw0_full|lr=0.003|drop=0.40] -> No improvement 1 epoch(s) (best AUC=0.8222 @ 16)
2026-02-12 20:16:03,207 - INFO - [junyi|junyi_m3grid_prio_s0p03_h0p6_gd0p15_gw0_full|lr=0.003|drop=0.40] Epoch [018/50] | Train: Loss=0.5013, BCE=0.4515, Reg=0.0498, AUC=0.8482, ACC=0.7903, RMSE=0.3823 | Val: Loss=0.5372, BCE=0.4850, Reg=0.0522, AUC=0.8219, ACC=0.7766, RMSE=0.3972
2026-02-12 20:16:03,207 - INFO - [junyi|junyi_m3grid_prio_s0p03_h0p6_gd0p15_gw0_full|lr=0.003|drop=0.40] [Reg Terms] Epoch [018] | Train: graph_entropy=0.009662, graph_diag=0.000212, graph_uniform=0.007131, graph_reg_scale=1.0000, mf_l2=0.000000, proto_div=0.000000, proto_usage=0.000000, personal_sparse=0.032798, alpha_var=-0.000000, reg_bce_ratio=0.1103 | Val: graph_entropy=0.012000, graph_diag=0.000212, graph_uniform=0.007200, graph_reg_scale=1.0000, mf_l2=0.000000, proto_div=0.000000, proto_usage=0.000000, personal_sparse=0.032798, alpha_var=-0.000000, reg_bce_ratio=0.1077
2026-02-12 20:16:04,310 - INFO - [junyi|junyi_m3grid_prio_s0p03_h0p6_gd0p15_gw0_full|lr=0.003|drop=0.40] [Diag][M3] Epoch [018] | residual_abs_mean=0.1220, residual_std=0.0867, mf_abs_mean=0.1220, mf_std=0.0867, gate_mean=0.3258, gate_std=0.0805, irt_abs_mean=1.9193, irt_std=1.0698, delta_abs_mean=0.0398, delta_std=0.0314, delta_over_irt=0.0207, graph_row_entropy=6.5596, graph_entropy_ratio=1.0000, alpha_mean=0.4999, alpha_std=0.0000, personal_row_entropy=6.5596
2026-02-12 20:16:04,310 - INFO - [junyi|junyi_m3grid_prio_s0p03_h0p6_gd0p15_gw0_full|lr=0.003|drop=0.40] [Diag][Graph] Epoch [018] | entropy_ratio=1.0000, diag_mass=0.0014, to_uniform_l2=0.000000, to_identity_l2=0.037609, tau_mean=0.6931, tau_std=0.0000, graph_reg_scale(train/val)=1.0000/1.0000
2026-02-12 20:16:04,310 - WARNING - [junyi|junyi_m3grid_prio_s0p03_h0p6_gd0p15_gw0_full|lr=0.003|drop=0.40] [Diag Warning] alpha_std has been near zero for 18 epoch(s) (alpha_std=0.000000, personal_row_entropy=6.5596). This indicates personal-graph mixing may be collapsed/trivial.
2026-02-12 20:16:04,310 - WARNING - [junyi|junyi_m3grid_prio_s0p03_h0p6_gd0p15_gw0_full|lr=0.003|drop=0.40] [Diag Warning][Graph] graph entropy ratio has stayed too high for 18 epoch(s): entropy_ratio=1.0000, to_uniform_l2=0.000000
2026-02-12 20:16:04,310 - INFO - [junyi|junyi_m3grid_prio_s0p03_h0p6_gd0p15_gw0_full|lr=0.003|drop=0.40] [Grad Norms] Epoch [018] | mf_u_proj=0.028511, mf_v_proj=0.044520, fusion_gate=0.004176, q_gate_raw=0.000072, skill_latent=0.178320, relation_emb=7.166847e-01, relation_tau=0.000000e+00, relation_wq=0.000000e+00, relation_wk=0.000000e+00, personal_u=0.000000e+00, personal_v=0.000000e+00
2026-02-12 20:16:04,310 - INFO - [junyi|junyi_m3grid_prio_s0p03_h0p6_gd0p15_gw0_full|lr=0.003|drop=0.40] -> No improvement 2 epoch(s) (best AUC=0.8222 @ 16)
2026-02-12 20:18:52,235 - INFO - [junyi|junyi_m3grid_prio_s0p03_h0p6_gd0p15_gw0_full|lr=0.003|drop=0.40] Epoch [019/50] | Train: Loss=0.4960, BCE=0.4462, Reg=0.0498, AUC=0.8523, ACC=0.7918, RMSE=0.3797 | Val: Loss=0.5392, BCE=0.4870, Reg=0.0522, AUC=0.8207, ACC=0.7762, RMSE=0.3979
2026-02-12 20:18:52,236 - INFO - [junyi|junyi_m3grid_prio_s0p03_h0p6_gd0p15_gw0_full|lr=0.003|drop=0.40] [Reg Terms] Epoch [019] | Train: graph_entropy=0.009661, graph_diag=0.000212, graph_uniform=0.007131, graph_reg_scale=1.0000, mf_l2=0.000000, proto_div=0.000000, proto_usage=0.000000, personal_sparse=0.032798, alpha_var=-0.000000, reg_bce_ratio=0.1116 | Val: graph_entropy=0.012000, graph_diag=0.000212, graph_uniform=0.007200, graph_reg_scale=1.0000, mf_l2=0.000000, proto_div=0.000000, proto_usage=0.000000, personal_sparse=0.032798, alpha_var=-0.000000, reg_bce_ratio=0.1072
2026-02-12 20:18:53,279 - INFO - [junyi|junyi_m3grid_prio_s0p03_h0p6_gd0p15_gw0_full|lr=0.003|drop=0.40] [Diag][M3] Epoch [019] | residual_abs_mean=0.1247, residual_std=0.0852, mf_abs_mean=0.1247, mf_std=0.0852, gate_mean=0.3470, gate_std=0.0717, irt_abs_mean=1.9161, irt_std=1.0992, delta_abs_mean=0.0432, delta_std=0.0311, delta_over_irt=0.0226, graph_row_entropy=6.5596, graph_entropy_ratio=1.0000, alpha_mean=0.5029, alpha_std=0.0000, personal_row_entropy=6.5596
2026-02-12 20:18:53,279 - INFO - [junyi|junyi_m3grid_prio_s0p03_h0p6_gd0p15_gw0_full|lr=0.003|drop=0.40] [Diag][Graph] Epoch [019] | entropy_ratio=1.0000, diag_mass=0.0014, to_uniform_l2=0.000000, to_identity_l2=0.037609, tau_mean=0.6931, tau_std=0.0000, graph_reg_scale(train/val)=1.0000/1.0000
2026-02-12 20:18:53,279 - WARNING - [junyi|junyi_m3grid_prio_s0p03_h0p6_gd0p15_gw0_full|lr=0.003|drop=0.40] [Diag Warning] alpha_std has been near zero for 19 epoch(s) (alpha_std=0.000000, personal_row_entropy=6.5596). This indicates personal-graph mixing may be collapsed/trivial.
2026-02-12 20:18:53,279 - WARNING - [junyi|junyi_m3grid_prio_s0p03_h0p6_gd0p15_gw0_full|lr=0.003|drop=0.40] [Diag Warning][Graph] graph entropy ratio has stayed too high for 19 epoch(s): entropy_ratio=1.0000, to_uniform_l2=0.000000
2026-02-12 20:18:53,279 - INFO - [junyi|junyi_m3grid_prio_s0p03_h0p6_gd0p15_gw0_full|lr=0.003|drop=0.40] [Grad Norms] Epoch [019] | mf_u_proj=0.049731, mf_v_proj=0.063764, fusion_gate=0.000758, q_gate_raw=0.000012, skill_latent=0.269242, relation_emb=1.029219e+00, relation_tau=0.000000e+00, relation_wq=0.000000e+00, relation_wk=0.000000e+00, personal_u=0.000000e+00, personal_v=0.000000e+00
2026-02-12 20:18:53,279 - INFO - [junyi|junyi_m3grid_prio_s0p03_h0p6_gd0p15_gw0_full|lr=0.003|drop=0.40] -> No improvement 3 epoch(s) (best AUC=0.8222 @ 16)
2026-02-12 20:18:53,279 - INFO - [junyi|junyi_m3grid_prio_s0p03_h0p6_gd0p15_gw0_full|lr=0.003|drop=0.40] Early stopping at epoch 19 (best AUC=0.8222 @ 16)
2026-02-12 20:18:53,285 - INFO - Epoch-wise metrics saved to checkpoints/junyi_m3grid/seed42/prio_s0p03_h0p6_gd0p15_gw0_full/metrics_history.csv
2026-02-12 20:18:53,286 - INFO - [junyi|junyi_m3grid_prio_s0p03_h0p6_gd0p15_gw0_full|lr=0.003|drop=0.40] Training completed! Best Val AUC=0.8222 @ epoch 16
2026-02-12 20:18:53,649 - INFO - 
============================================================
         MODULE ACTIVITY REPORT
============================================================
Dataset: junyi | Seed: 42 | Epoch: 19

1. Soft Prototype Module:
   - Status: DISABLED (num_prototypes=0 or use_soft_prototype=False)

2. Concept Graph Module:
   - Mean row entropy: 6.560 / 6.560
   - Entropy ratio: 100.0%
   - Status: ✗ TRIVIAL (uniform distribution, not learning)
   → Consider: increase lambda_sparse or training longer

3. Personal Graph Module:
   - Gate alpha mean: 0.503
   - Gate alpha std: 0.000
   - Status: ⚠ MARGINAL (low alpha values)

4. Skill/MF Module:
   - MF logit |mean|: 0.1285
   - MF logit std: 0.1463
   - Fusion gate mean: 0.348
   - Status: ✓ ACTIVE (contributing to predictions)

------------------------------------------------------------
SUMMARY:
   Active modules: Skill/MF
   ⚠ Inactive modules: Concept Graph, Personal Graph
============================================================
2026-02-12 20:18:53,649 - INFO - [junyi|junyi_m3grid_prio_s0p03_h0p6_gd0p15_gw0_full|lr=0.003|drop=0.40] Module activity saved to checkpoints/junyi_m3grid/seed42/prio_s0p03_h0p6_gd0p15_gw0_full/module_activity.json
2026-02-12 20:18:53,784 - INFO - Using device: cuda:0 (physical gpu 3)
2026-02-12 20:18:53,785 - INFO - Loading model from checkpoints/junyi_m3grid/seed42/prio_s0p03_h0p6_gd0p15_gw0_full/best_model.pth...
2026-02-12 20:18:54,186 - INFO - Inference switches: ablate_module1=False, ablate_module2=False, ablate_module3=False | enable_module1=True, enable_module2=True, enable_module3=True | use_soft_prototype=False, use_mf_branch=True, use_concept_graph=True, use_q_aligned_residual=True, use_soft_prototype_main_path=False | effective(num_gnn_layers=2, num_prototypes=0)
2026-02-12 20:18:54,233 - INFO - [Inference] Ablation runtime check: args(ablate_module1=False,ablate_module2=False,ablate_module3=False) | model(enable_module1=True,enable_module2=True,enable_module3=True) | physical(has_knowledge_encoder=True,has_mf_branch=True,has_soft_prototype=False)
2026-02-12 20:18:54,234 - INFO - [Inference] [Module3 Init] fusion_gate_bias=-1.1000, fusion_gate_max=1.0000, implied_gate=0.2497, q_gate=0.5000, mf_scale=0.1000, bias_scale=0.1000, graph_tau_mean=1.3133, graph_tau_std=0.0000, graph_dropout=0.400
2026-02-12 20:18:54,236 - INFO - Model loaded from epoch 16. Start testing...
2026-02-12 20:19:03,299 - INFO - [Test] 200/262 batches done, samples=51200
2026-02-12 20:19:06,148 - INFO - 
==================================================
2026-02-12 20:19:06,148 - INFO - Test Results:
2026-02-12 20:19:06,149 - INFO - AUC: 0.8277
2026-02-12 20:19:06,149 - INFO - ACC: 0.7695
2026-02-12 20:19:06,149 - INFO - RMSE: 0.4005
2026-02-12 20:19:06,149 - INFO - ==================================================
2026-02-12 20:19:06,166 - INFO - Summary appended to /home/zsh/ConceptSkillCDM/results/experiment_results.csv
2026-02-12 20:19:06,184 - INFO - Run completed.
2026-02-12 20:19:06,185 - INFO - Best validation AUC: 0.8222 at epoch 16
2026-02-12 20:19:06,185 - INFO - Test metrics - AUC: 0.8277, ACC: 0.7695, RMSE: 0.4005
