2026-04-11 02:53:54,847 - INFO - Arguments:
2026-04-11 02:53:54,847 - INFO -   ablate_concept_graph: False
2026-04-11 02:53:54,847 - INFO -   ablate_module1: False
2026-04-11 02:53:54,847 - INFO -   ablate_module2: True
2026-04-11 02:53:54,847 - INFO -   ablate_module3: False
2026-04-11 02:53:54,847 - INFO -   ablate_skill_encoder: False
2026-04-11 02:53:54,847 - INFO -   allow_self_loop: True
2026-04-11 02:53:54,847 - INFO -   alpha_min_target: 0.0
2026-04-11 02:53:54,847 - INFO -   b_id_budget_target: 0.2
2026-04-11 02:53:54,847 - INFO -   batch_size: 128
2026-04-11 02:53:54,847 - INFO -   data_dir: ./data/assist_09
2026-04-11 02:53:54,847 - INFO -   dataset_name: assist_09
2026-04-11 02:53:54,847 - INFO -   debug_module3_diag: True
2026-04-11 02:53:54,847 - INFO -   delta_ratio_target: 0.12
2026-04-11 02:53:54,847 - INFO -   diag_batches: 1
2026-04-11 02:53:54,848 - INFO -   disable_b_bias: False
2026-04-11 02:53:54,848 - INFO -   disable_b_id_adapter: False
2026-04-11 02:53:54,848 - INFO -   disable_q_aligned_residual: False
2026-04-11 02:53:54,848 - INFO -   disable_q_conditioning: False
2026-04-11 02:53:54,848 - INFO -   disable_self_loop: False
2026-04-11 02:53:54,848 - INFO -   dropout: 0.2
2026-04-11 02:53:54,848 - INFO -   early_stop_patience: 3
2026-04-11 02:53:54,848 - INFO -   enable_module1: True
2026-04-11 02:53:54,848 - INFO -   enable_module2: False
2026-04-11 02:53:54,848 - INFO -   enable_module3: True
2026-04-11 02:53:54,848 - INFO -   epochs: 100
2026-04-11 02:53:54,848 - INFO -   exercise_dim: 64
2026-04-11 02:53:54,848 - INFO -   exercise_l2_lambda: 1e-05
2026-04-11 02:53:54,848 - INFO -   fusion_gate_bias_init: -0.9
2026-04-11 02:53:54,848 - INFO -   fusion_gate_max: 1.0
2026-04-11 02:53:54,848 - INFO -   generate_diagnosis: False
2026-04-11 02:53:54,848 - INFO -   gnn_residual_weight: 0.5
2026-04-11 02:53:54,848 - INFO -   gpu_candidates: None
2026-04-11 02:53:54,848 - INFO -   gpu_ids: None
2026-04-11 02:53:54,848 - INFO -   gpu_memory_threshold: 2000
2026-04-11 02:53:54,848 - INFO -   gpus: None
2026-04-11 02:53:54,848 - INFO -   graph_dropout: 0.0
2026-04-11 02:53:54,848 - INFO -   graph_entropy_max: 0.8
2026-04-11 02:53:54,848 - INFO -   graph_entropy_min: 0.15
2026-04-11 02:53:54,848 - INFO -   graph_identity_residual: 0.2
2026-04-11 02:53:54,848 - INFO -   graph_reg_cap_ratio: 6.0
2026-04-11 02:53:54,848 - INFO -   graph_reg_warmup_epochs: 0
2026-04-11 02:53:54,848 - INFO -   graph_tau_init: 0.55
2026-04-11 02:53:54,848 - INFO -   graph_topk: 12
2026-04-11 02:53:54,848 - INFO -   graph_uniform_margin: 0.1
2026-04-11 02:53:54,848 - INFO -   knowledge_dim: 64
2026-04-11 02:53:54,848 - INFO -   lambda_alpha: 0.05
2026-04-11 02:53:54,849 - INFO -   lambda_alpha_min: 0.0
2026-04-11 02:53:54,849 - INFO -   lambda_b_id_budget: 0.06
2026-04-11 02:53:54,849 - INFO -   lambda_delta_ratio: 0.08
2026-04-11 02:53:54,849 - INFO -   lambda_graph_diag: 0.1
2026-04-11 02:53:54,849 - INFO -   lambda_graph_uniform: 0.04
2026-04-11 02:53:54,849 - INFO -   lambda_sparse: 1.0
2026-04-11 02:53:54,849 - INFO -   lambda_sparse_personal: 0.002
2026-04-11 02:53:54,849 - INFO -   learning_rate: 0.0003
2026-04-11 02:53:54,849 - INFO -   log_dir: logs/abce_diag/20260411_master_best_ae/assist_09/seed42/best_no_D
2026-04-11 02:53:54,849 - INFO -   mf_warmup_epochs: 0
2026-04-11 02:53:54,849 - INFO -   min_exer_interactions: 0
2026-04-11 02:53:54,849 - INFO -   min_poison_count: 0
2026-04-11 02:53:54,849 - INFO -   min_stu_interactions: 15
2026-04-11 02:53:54,849 - INFO -   model_variant: assist_09_abce_best_no_D
2026-04-11 02:53:54,849 - INFO -   multi_gpu: False
2026-04-11 02:53:54,849 - INFO -   no_cuda: False
2026-04-11 02:53:54,849 - INFO -   num_gnn_layers: 1
2026-04-11 02:53:54,849 - INFO -   num_gpus: 1
2026-04-11 02:53:54,849 - INFO -   num_relation_heads: 2
2026-04-11 02:53:54,849 - INFO -   num_workers: 4
2026-04-11 02:53:54,849 - INFO -   patience: 5
2026-04-11 02:53:54,849 - INFO -   personal_delta_scale: 1.0
2026-04-11 02:53:54,849 - INFO -   personal_max_alpha: 0.35
2026-04-11 02:53:54,849 - INFO -   personal_rank: 4
2026-04-11 02:53:54,849 - INFO -   personal_student_dim: None
2026-04-11 02:53:54,849 - INFO -   personal_warmup_epochs: 0
2026-04-11 02:53:54,849 - INFO -   residual_clip_t: 2.0
2026-04-11 02:53:54,849 - INFO -   residual_scale_init: 0.25
2026-04-11 02:53:54,849 - INFO -   save_dir: checkpoints/abce_diag/20260411_master_best_ae/assist_09/seed42/best_no_D
2026-04-11 02:53:54,849 - INFO -   save_interval: 10
2026-04-11 02:53:54,849 - INFO -   seed: 42
2026-04-11 02:53:54,849 - INFO -   skill_dim: 128
2026-04-11 02:53:54,849 - INFO -   use_concept_graph: True
2026-04-11 02:53:54,850 - INFO -   use_exercise_graph: True
2026-04-11 02:53:54,850 - INFO -   use_mf_branch: True
2026-04-11 02:53:54,850 - INFO -   use_personal_graph: True
2026-04-11 02:53:54,850 - INFO -   use_q_aligned_residual: True
2026-04-11 02:53:54,850 - INFO -   use_q_conditioning: True
2026-04-11 02:53:54,850 - INFO -   use_skill_encoder: True
2026-04-11 02:53:54,850 - INFO -   weight_decay: 1e-05
2026-04-11 02:53:54,932 - INFO - Using device: cuda:0
2026-04-11 02:53:54,933 - INFO - [assist_09|assist_09_abce_best_no_D|lr=0.0003|drop=0.20] Loading datasets...
2026-04-11 02:53:54,933 - INFO - [assist_09|assist_09_abce_best_no_D|lr=0.0003|drop=0.20] Regularization: graph_entropy(lambda_sparse)=1.000000, graph_diag=0.100000, graph_uniform=0.040000, personal_sparse=0.002000, alpha_penalty=0.050000, alpha_min=0.000000, delta_ratio=0.080000, mf_l2(exercise_l2_lambda)=0.000010
2026-04-11 02:53:54,933 - INFO - [assist_09|assist_09_abce_best_no_D|lr=0.0003|drop=0.20] Graph controls: entropy_band=[0.15, 0.80], uniform_margin=0.10, warmup_epochs=0, cap_ratio=6.00, graph_dropout=0.000, graph_tau_init=0.550
2026-04-11 02:53:54,933 - INFO - [assist_09|assist_09_abce_best_no_D|lr=0.0003|drop=0.20] Rescue controls: mf_warmup_epochs=0, delta_ratio_target=0.1200, personal_max_alpha=0.350, personal_delta_scale=1.000, personal_warmup_epochs=0, personal_student_dim=None, alpha_min_target=0.0000
2026-04-11 02:53:55,042 - INFO - [assist_09] [数据清洗] 学生交互次数 < 15 次的学生：共移除 0 个学生（仅统计用户数）
2026-04-11 02:53:55,054 - INFO - [assist_09] [数据清洗] 学生冷启动过滤：在 train/valid/test 中共删除 0 条记录。
2026-04-11 02:53:55,055 - INFO - [assist_09] [数据清洗] 跳过题目冷门过滤（min_exer_interactions <= 0）。
2026-04-11 02:53:55,055 - INFO - [assist_09] [数据清洗] 跳过毒题清洗（min_poison_count <= 0）。
2026-04-11 02:53:55,055 - INFO - [assist_09] 正在构建ID映射...
2026-04-11 02:53:55,310 - INFO - [assist_09] 正在构建Q矩阵...
2026-04-11 02:54:04,219 - INFO - [assist_09] [统计] 开始统计清洗后每道题的概念数量分布...
2026-04-11 02:54:04,227 - INFO - [assist_09] [Train] 概念数统计：题目数=17099, 平均概念数=1.1992, min=1, max=4, 1概念=14168 (82.86%), ≥2概念=2931 (17.14%)
2026-04-11 02:54:04,227 - INFO - [assist_09] [Train] 概念数直方图（概念数: 题目数量）: {1: 14168, 2: 2536, 3: 315, 4: 80}
2026-04-11 02:54:04,231 - INFO - [assist_09] [Valid] 概念数统计：题目数=9274, 平均概念数=1.1993, min=1, max=4, 1概念=7697 (83.00%), ≥2概念=1577 (17.00%)
2026-04-11 02:54:04,231 - INFO - [assist_09] [Valid] 概念数直方图（概念数: 题目数量）: {1: 7697, 2: 1356, 3: 171, 4: 50}
2026-04-11 02:54:04,235 - INFO - [assist_09] [Test] 概念数统计：题目数=13331, 平均概念数=1.1962, min=1, max=4, 1概念=11110 (83.34%), ≥2概念=2221 (16.66%)
2026-04-11 02:54:04,235 - INFO - [assist_09] [Test] 概念数直方图（概念数: 题目数量）: {1: 11110, 2: 1891, 3: 265, 4: 65}
2026-04-11 02:54:04,235 - INFO - [assist_09] [统计] 概念数量统计完成。
2026-04-11 02:54:04,235 - INFO - [assist_09] 正在加载数据集...
2026-04-11 02:54:04,309 - INFO - [assist_09|assist_09_abce_best_no_D|lr=0.0003|drop=0.20] Train samples: 194489, Val samples: 20385
2026-04-11 02:54:04,309 - INFO - [assist_09|assist_09_abce_best_no_D|lr=0.0003|drop=0.20] Number of students: 2493
2026-04-11 02:54:04,309 - INFO - [assist_09|assist_09_abce_best_no_D|lr=0.0003|drop=0.20] Number of exercises: 17676
2026-04-11 02:54:04,309 - INFO - [assist_09|assist_09_abce_best_no_D|lr=0.0003|drop=0.20] Number of concepts: 123
2026-04-11 02:54:04,309 - INFO - [assist_09|assist_09_abce_best_no_D|lr=0.0003|drop=0.20] Creating model...
2026-04-11 02:54:04,309 - INFO - [assist_09|assist_09_abce_best_no_D|lr=0.0003|drop=0.20] Ablation switches: ablate_module1=False, ablate_module2=True, ablate_module3=False | enable_module1=True, enable_module2=False, enable_module3=True | use_mf_branch=True, use_concept_graph=True, use_q_aligned_residual=True | effective(num_gnn_layers=1)
2026-04-11 02:54:04,449 - INFO - [assist_09|assist_09_abce_best_no_D|lr=0.0003|drop=0.20] Ablation runtime check: args(ablate_module1=False,ablate_module2=True,ablate_module3=False) | model(enable_module1=True,enable_module2=False,enable_module3=True) | physical(has_knowledge_encoder=True,has_mf_branch=True)
2026-04-11 02:54:04,449 - INFO - [assist_09|assist_09_abce_best_no_D|lr=0.0003|drop=0.20] Debug diagnostics enabled: diag_batches=1
2026-04-11 02:54:04,472 - INFO - [assist_09|assist_09_abce_best_no_D|lr=0.0003|drop=0.20] [Module3 Init] fusion_gate_bias=0.0000, fusion_gate_max=0.0000, implied_gate=0.0000, q_gate=0.5000, mf_scale=0.0000, bias_scale=0.4272, graph_tau_mean=1.0055, graph_tau_std=0.0000, graph_dropout=0.000
2026-04-11 02:54:04,472 - INFO - [assist_09|assist_09_abce_best_no_D|lr=0.0003|drop=0.20] Total parameters: 2,163,780
2026-04-11 02:54:04,472 - INFO - [assist_09|assist_09_abce_best_no_D|lr=0.0003|drop=0.20] Trainable parameters: 2,163,780
2026-04-11 02:54:05,353 - INFO - [assist_09|assist_09_abce_best_no_D|lr=0.0003|drop=0.20] Starting training...
2026-04-11 02:54:58,191 - INFO - [assist_09|assist_09_abce_best_no_D|lr=0.0003|drop=0.20] Epoch [001/100] | Train: Loss=0.7305, BCE=0.6796, Reg=0.0509, AUC=0.5302, ACC=0.5611, RMSE=0.4932 | Val: Loss=0.6904, BCE=0.6535, Reg=0.0369, AUC=0.5906, ACC=0.6626, RMSE=0.4800
2026-04-11 02:54:58,191 - INFO - [assist_09|assist_09_abce_best_no_D|lr=0.0003|drop=0.20] [Reg Terms] Epoch [001] | Train: graph_entropy=0.000000, graph_diag=0.032408, graph_uniform=0.002658, graph_reg_scale=1.0000, mf_l2=0.000000, delta_ratio=0.000000, personal_sparse=0.004501, alpha_var=-0.001263, alpha_collapse=0.000000, reg_bce_ratio=0.0748 | Val: graph_entropy=0.000000, graph_diag=0.031188, graph_uniform=0.002689, graph_reg_scale=1.0000, mf_l2=0.000000, delta_ratio=0.000000, personal_sparse=0.004541, alpha_var=-0.001541, alpha_collapse=0.000000, reg_bce_ratio=0.0564
2026-04-11 02:54:58,454 - INFO - [assist_09|assist_09_abce_best_no_D|lr=0.0003|drop=0.20] [Diag][M3] Epoch [001] | residual_abs_mean=0.2907, residual_std=0.0770, mf_abs_mean=0.2907, mf_std=0.0770, gate_mean=0.0000, gate_std=0.0000, q_interaction_abs_mean=0.1643, id_adapter_abs_mean=0.0322, bias_abs_mean=0.1336, B_q_share=0.5651, B_id_share=0.1109, B_bias_share=0.4597, student_q_norm=6.7226, student_id_adapter_norm=0.0751, item_q_norm=0.3871, item_id_adapter_norm=0.0397, irt_abs_mean=0.0000, irt_std=0.0000, delta_abs_mean=0.0000, delta_std=0.0000, delta_over_irt=0.0000, warmup(mf/personal)=1.00/1.00, graph_row_entropy=2.2706, graph_entropy_ratio=0.4719, alpha_mean=0.1749, alpha_std=0.1745, alpha_bias_std=0.0125, personal_row_entropy=2.2706, personal_matrix_delta=0.0000, personal_matrix_student_std=0.0000, personal_delta_pre_softmax_norm=0.0000, personal_delta_student_std=0.0000, alpha_head_std=0.1745
2026-04-11 02:54:58,454 - INFO - [assist_09|assist_09_abce_best_no_D|lr=0.0003|drop=0.20] [Diag][Graph] Epoch [001] | entropy_ratio=0.4719, diag_mass=0.3119, to_uniform_l2=0.032782, to_identity_l2=0.064804, tau_mean=0.8918, tau_std=0.0049, graph_reg_scale(train/val)=1.0000/1.0000
2026-04-11 02:54:58,454 - WARNING - [assist_09|assist_09_abce_best_no_D|lr=0.0003|drop=0.20] [Diag Warning][E] personal_delta_student_std is near zero: personal_delta_student_std=0.000000, personal_delta_pre_softmax_norm=0.000000
2026-04-11 02:54:58,454 - INFO - [assist_09|assist_09_abce_best_no_D|lr=0.0003|drop=0.20] [Grad Norms] Epoch [001] | mf_u_proj=0.000000, mf_v_proj=0.000000, b_id_student_proj=0.000000, b_id_item_proj=0.000000, b_bias_scale=0.000000, fusion_gate=0.000000, q_gate_raw=0.000000, skill_latent=0.000000, student_q_proj=0.000000, item_id_adapter=5.000000, relation_emb=4.694409e-17, relation_tau=7.236462e-19, relation_wq=2.105605e-17, relation_wk=1.640172e-17, personal_u=1.241543e-22, personal_v=6.483746e-23, personal_alpha_bias=6.648113e-13, personal_gate_emb=2.618988e-16, personal_gate_student_proj=6.188368e-19, personal_gate_context_proj=1.736722e-13, personal_gate_student_direct=8.993159e-19, personal_gate_context_direct=2.519777e-13, personal_gate_out=2.116157e-13, personal_generator_emb=0.000000e+00, personal_generator_context_proj=0.000000e+00, personal_generator_context_hidden=0.000000e+00, personal_generator_context_to_u=0.000000e+00, personal_generator_context_to_v=0.000000e+00
2026-04-11 02:54:58,711 - INFO - [assist_09|assist_09_abce_best_no_D|lr=0.0003|drop=0.20] -> New best AUC=0.5906 at epoch 1
2026-04-11 02:55:50,857 - INFO - [assist_09|assist_09_abce_best_no_D|lr=0.0003|drop=0.20] Epoch [002/100] | Train: Loss=0.6592, BCE=0.6289, Reg=0.0303, AUC=0.6233, ACC=0.6143, RMSE=0.4681 | Val: Loss=0.6251, BCE=0.5982, Reg=0.0269, AUC=0.7252, ACC=0.7027, RMSE=0.4522
2026-04-11 02:55:50,857 - INFO - [assist_09|assist_09_abce_best_no_D|lr=0.0003|drop=0.20] [Reg Terms] Epoch [002] | Train: graph_entropy=0.000000, graph_diag=0.024858, graph_uniform=0.002833, graph_reg_scale=1.0000, mf_l2=0.000003, delta_ratio=0.000000, personal_sparse=0.004760, alpha_var=-0.002298, alpha_collapse=0.000000, reg_bce_ratio=0.0481 | Val: graph_entropy=0.000000, graph_diag=0.021494, graph_uniform=0.002908, graph_reg_scale=1.0000, mf_l2=0.000004, delta_ratio=0.000000, personal_sparse=0.004891, alpha_var=-0.003359, alpha_collapse=0.000000, reg_bce_ratio=0.0449
2026-04-11 02:55:51,044 - INFO - [assist_09|assist_09_abce_best_no_D|lr=0.0003|drop=0.20] [Diag][M3] Epoch [002] | residual_abs_mean=0.6493, residual_std=0.2845, mf_abs_mean=0.6493, mf_std=0.2845, gate_mean=0.0000, gate_std=0.0000, q_interaction_abs_mean=0.3289, id_adapter_abs_mean=0.0949, bias_abs_mean=0.3995, B_q_share=0.5066, B_id_share=0.1462, B_bias_share=0.6153, student_q_norm=17.0102, student_id_adapter_norm=0.1290, item_q_norm=0.5079, item_id_adapter_norm=0.0763, irt_abs_mean=0.0000, irt_std=0.0000, delta_abs_mean=0.0000, delta_std=0.0000, delta_over_irt=0.0000, warmup(mf/personal)=1.00/1.00, graph_row_entropy=2.4454, graph_entropy_ratio=0.5082, alpha_mean=0.1750, alpha_std=0.1748, alpha_bias_std=0.2415, personal_row_entropy=2.4454, personal_matrix_delta=0.0000, personal_matrix_student_std=0.0000, personal_delta_pre_softmax_norm=0.0000, personal_delta_student_std=0.0000, alpha_head_std=0.1748
2026-04-11 02:55:51,044 - INFO - [assist_09|assist_09_abce_best_no_D|lr=0.0003|drop=0.20] [Diag][Graph] Epoch [002] | entropy_ratio=0.5082, diag_mass=0.2149, to_uniform_l2=0.027292, to_identity_l2=0.073798, tau_mean=0.5242, tau_std=0.0036, graph_reg_scale(train/val)=1.0000/1.0000
2026-04-11 02:55:51,044 - WARNING - [assist_09|assist_09_abce_best_no_D|lr=0.0003|drop=0.20] [Diag Warning][E] personal_delta_student_std is near zero: personal_delta_student_std=0.000000, personal_delta_pre_softmax_norm=0.000000
2026-04-11 02:55:51,044 - INFO - [assist_09|assist_09_abce_best_no_D|lr=0.0003|drop=0.20] [Grad Norms] Epoch [002] | mf_u_proj=0.003237, mf_v_proj=0.008141, b_id_student_proj=0.045216, b_id_item_proj=0.045428, b_bias_scale=0.008649, fusion_gate=0.000000, q_gate_raw=0.000672, skill_latent=0.225002, student_q_proj=0.006553, item_id_adapter=0.371804, relation_emb=4.802937e-15, relation_tau=6.474564e-04, relation_wq=2.180194e-15, relation_wk=6.200737e-16, personal_u=0.000000e+00, personal_v=0.000000e+00, personal_alpha_bias=1.174434e-03, personal_gate_emb=2.967251e-09, personal_gate_student_proj=1.665418e-11, personal_gate_context_proj=1.741048e-05, personal_gate_student_direct=1.026133e-11, personal_gate_context_direct=1.039601e-05, personal_gate_out=1.596919e-05, personal_generator_emb=0.000000e+00, personal_generator_context_proj=0.000000e+00, personal_generator_context_hidden=0.000000e+00, personal_generator_context_to_u=0.000000e+00, personal_generator_context_to_v=0.000000e+00
2026-04-11 02:55:51,538 - INFO - [assist_09|assist_09_abce_best_no_D|lr=0.0003|drop=0.20] -> New best AUC=0.7252 at epoch 2
2026-04-11 02:56:45,263 - INFO - [assist_09|assist_09_abce_best_no_D|lr=0.0003|drop=0.20] Epoch [003/100] | Train: Loss=0.6017, BCE=0.5761, Reg=0.0256, AUC=0.7416, ACC=0.6642, RMSE=0.4424 | Val: Loss=0.5975, BCE=0.5736, Reg=0.0239, AUC=0.7529, ACC=0.7185, RMSE=0.4400
2026-04-11 02:56:45,263 - INFO - [assist_09|assist_09_abce_best_no_D|lr=0.0003|drop=0.20] [Reg Terms] Epoch [003] | Train: graph_entropy=0.000000, graph_diag=0.021134, graph_uniform=0.002918, graph_reg_scale=1.0000, mf_l2=0.000006, delta_ratio=0.000000, personal_sparse=0.004914, alpha_var=-0.004637, alpha_collapse=0.000000, reg_bce_ratio=0.0444 | Val: graph_entropy=0.000000, graph_diag=0.020349, graph_uniform=0.002938, graph_reg_scale=1.0000, mf_l2=0.000007, delta_ratio=0.000000, personal_sparse=0.004957, alpha_var=-0.006385, alpha_collapse=0.000000, reg_bce_ratio=0.0417
2026-04-11 02:56:45,457 - INFO - [assist_09|assist_09_abce_best_no_D|lr=0.0003|drop=0.20] [Diag][M3] Epoch [003] | residual_abs_mean=0.7860, residual_std=0.3722, mf_abs_mean=0.7860, mf_std=0.3722, gate_mean=0.0000, gate_std=0.0000, q_interaction_abs_mean=0.4340, id_adapter_abs_mean=0.1200, bias_abs_mean=0.5085, B_q_share=0.5522, B_id_share=0.1527, B_bias_share=0.6470, student_q_norm=16.7333, student_id_adapter_norm=0.1600, item_q_norm=0.5344, item_id_adapter_norm=0.0976, irt_abs_mean=0.0000, irt_std=0.0000, delta_abs_mean=0.0000, delta_std=0.0000, delta_over_irt=0.0000, warmup(mf/personal)=1.00/1.00, graph_row_entropy=2.4786, graph_entropy_ratio=0.5151, alpha_mean=0.1750, alpha_std=0.1749, alpha_bias_std=0.3898, personal_row_entropy=2.4787, personal_matrix_delta=0.0000, personal_matrix_student_std=0.0000, personal_delta_pre_softmax_norm=0.0000, personal_delta_student_std=0.0000, alpha_head_std=0.1749
2026-04-11 02:56:45,457 - INFO - [assist_09|assist_09_abce_best_no_D|lr=0.0003|drop=0.20] [Diag][Graph] Epoch [003] | entropy_ratio=0.5151, diag_mass=0.2035, to_uniform_l2=0.026561, to_identity_l2=0.074785, tau_mean=0.4425, tau_std=0.0033, graph_reg_scale(train/val)=1.0000/1.0000
2026-04-11 02:56:45,457 - WARNING - [assist_09|assist_09_abce_best_no_D|lr=0.0003|drop=0.20] [Diag Warning][E] personal_delta_student_std is near zero: personal_delta_student_std=0.000000, personal_delta_pre_softmax_norm=0.000000
2026-04-11 02:56:45,457 - INFO - [assist_09|assist_09_abce_best_no_D|lr=0.0003|drop=0.20] [Grad Norms] Epoch [003] | mf_u_proj=0.006708, mf_v_proj=0.009400, b_id_student_proj=0.054291, b_id_item_proj=0.054191, b_bias_scale=0.004917, fusion_gate=0.000000, q_gate_raw=0.000042, skill_latent=0.241894, student_q_proj=0.019463, item_id_adapter=0.375367, relation_emb=0.000000e+00, relation_tau=2.420989e-04, relation_wq=0.000000e+00, relation_wk=0.000000e+00, personal_u=0.000000e+00, personal_v=0.000000e+00, personal_alpha_bias=1.881617e-03, personal_gate_emb=4.173419e-13, personal_gate_student_proj=3.623798e-15, personal_gate_context_proj=1.590884e-05, personal_gate_student_direct=1.892372e-15, personal_gate_context_direct=8.031908e-06, personal_gate_out=1.403246e-05, personal_generator_emb=0.000000e+00, personal_generator_context_proj=0.000000e+00, personal_generator_context_hidden=0.000000e+00, personal_generator_context_to_u=0.000000e+00, personal_generator_context_to_v=0.000000e+00
2026-04-11 02:56:45,931 - INFO - [assist_09|assist_09_abce_best_no_D|lr=0.0003|drop=0.20] -> New best AUC=0.7529 at epoch 3
2026-04-11 02:57:37,254 - INFO - [assist_09|assist_09_abce_best_no_D|lr=0.0003|drop=0.20] Epoch [004/100] | Train: Loss=0.5660, BCE=0.5413, Reg=0.0247, AUC=0.7828, ACC=0.6871, RMSE=0.4254 | Val: Loss=0.5785, BCE=0.5565, Reg=0.0221, AUC=0.7667, ACC=0.7296, RMSE=0.4316
2026-04-11 02:57:37,255 - INFO - [assist_09|assist_09_abce_best_no_D|lr=0.0003|drop=0.20] [Reg Terms] Epoch [004] | Train: graph_entropy=0.000000, graph_diag=0.020218, graph_uniform=0.002941, graph_reg_scale=1.0000, mf_l2=0.000008, delta_ratio=0.000000, personal_sparse=0.004965, alpha_var=-0.007996, alpha_collapse=0.000000, reg_bce_ratio=0.0457 | Val: graph_entropy=0.000000, graph_diag=0.020081, graph_uniform=0.002945, graph_reg_scale=1.0000, mf_l2=0.000008, delta_ratio=0.000000, personal_sparse=0.004973, alpha_var=-0.010380, alpha_collapse=0.000000, reg_bce_ratio=0.0396
2026-04-11 02:57:37,461 - INFO - [assist_09|assist_09_abce_best_no_D|lr=0.0003|drop=0.20] [Diag][M3] Epoch [004] | residual_abs_mean=0.8822, residual_std=0.4389, mf_abs_mean=0.8822, mf_std=0.4389, gate_mean=0.0000, gate_std=0.0000, q_interaction_abs_mean=0.5121, id_adapter_abs_mean=0.1859, bias_abs_mean=0.5949, B_q_share=0.5805, B_id_share=0.2107, B_bias_share=0.6743, student_q_norm=16.0832, student_id_adapter_norm=0.1858, item_q_norm=0.5389, item_id_adapter_norm=0.1193, irt_abs_mean=0.0000, irt_std=0.0000, delta_abs_mean=0.0000, delta_std=0.0000, delta_over_irt=0.0000, warmup(mf/personal)=1.00/1.00, graph_row_entropy=2.4863, graph_entropy_ratio=0.5167, alpha_mean=0.1750, alpha_std=0.1748, alpha_bias_std=0.5284, personal_row_entropy=2.4863, personal_matrix_delta=0.0000, personal_matrix_student_std=0.0000, personal_delta_pre_softmax_norm=0.0000, personal_delta_student_std=0.0000, alpha_head_std=0.1748
2026-04-11 02:57:37,462 - INFO - [assist_09|assist_09_abce_best_no_D|lr=0.0003|drop=0.20] [Diag][Graph] Epoch [004] | entropy_ratio=0.5167, diag_mass=0.2008, to_uniform_l2=0.026373, to_identity_l2=0.075010, tau_mean=0.4386, tau_std=0.0029, graph_reg_scale(train/val)=1.0000/1.0000
2026-04-11 02:57:37,462 - WARNING - [assist_09|assist_09_abce_best_no_D|lr=0.0003|drop=0.20] [Diag Warning][E] personal_delta_student_std is near zero: personal_delta_student_std=0.000000, personal_delta_pre_softmax_norm=0.000000
2026-04-11 02:57:37,462 - INFO - [assist_09|assist_09_abce_best_no_D|lr=0.0003|drop=0.20] [Grad Norms] Epoch [004] | mf_u_proj=0.006729, mf_v_proj=0.010138, b_id_student_proj=0.055334, b_id_item_proj=0.057599, b_bias_scale=0.011332, fusion_gate=0.000000, q_gate_raw=0.001176, skill_latent=0.242571, student_q_proj=0.020111, item_id_adapter=0.391441, relation_emb=0.000000e+00, relation_tau=5.042814e-05, relation_wq=0.000000e+00, relation_wk=0.000000e+00, personal_u=0.000000e+00, personal_v=0.000000e+00, personal_alpha_bias=2.972761e-03, personal_gate_emb=5.480587e-21, personal_gate_student_proj=0.000000e+00, personal_gate_context_proj=2.050638e-05, personal_gate_student_direct=0.000000e+00, personal_gate_context_direct=1.105558e-05, personal_gate_out=1.812730e-05, personal_generator_emb=0.000000e+00, personal_generator_context_proj=0.000000e+00, personal_generator_context_hidden=0.000000e+00, personal_generator_context_to_u=0.000000e+00, personal_generator_context_to_v=0.000000e+00
2026-04-11 02:57:37,977 - INFO - [assist_09|assist_09_abce_best_no_D|lr=0.0003|drop=0.20] -> New best AUC=0.7667 at epoch 4
2026-04-11 02:58:30,333 - INFO - [assist_09|assist_09_abce_best_no_D|lr=0.0003|drop=0.20] Epoch [005/100] | Train: Loss=0.5350, BCE=0.5109, Reg=0.0240, AUC=0.8135, ACC=0.7064, RMSE=0.4102 | Val: Loss=0.5660, BCE=0.5455, Reg=0.0204, AUC=0.7751, ACC=0.7352, RMSE=0.4261
2026-04-11 02:58:30,333 - INFO - [assist_09|assist_09_abce_best_no_D|lr=0.0003|drop=0.20] [Reg Terms] Epoch [005] | Train: graph_entropy=0.000000, graph_diag=0.020028, graph_uniform=0.002946, graph_reg_scale=1.0000, mf_l2=0.000009, delta_ratio=0.000000, personal_sparse=0.004975, alpha_var=-0.012252, alpha_collapse=0.000000, reg_bce_ratio=0.0470 | Val: graph_entropy=0.000000, graph_diag=0.020026, graph_uniform=0.002947, graph_reg_scale=1.0000, mf_l2=0.000009, delta_ratio=0.000000, personal_sparse=0.004975, alpha_var=-0.015296, alpha_collapse=0.000000, reg_bce_ratio=0.0375
2026-04-11 02:58:30,533 - INFO - [assist_09|assist_09_abce_best_no_D|lr=0.0003|drop=0.20] [Diag][M3] Epoch [005] | residual_abs_mean=0.9644, residual_std=0.4634, mf_abs_mean=0.9644, mf_std=0.4634, gate_mean=0.0000, gate_std=0.0000, q_interaction_abs_mean=0.5476, id_adapter_abs_mean=0.2398, bias_abs_mean=0.6590, B_q_share=0.5678, B_id_share=0.2487, B_bias_share=0.6833, student_q_norm=13.8127, student_id_adapter_norm=0.2095, item_q_norm=0.5402, item_id_adapter_norm=0.1393, irt_abs_mean=0.0000, irt_std=0.0000, delta_abs_mean=0.0000, delta_std=0.0000, delta_over_irt=0.0000, warmup(mf/personal)=1.00/1.00, graph_row_entropy=2.4877, graph_entropy_ratio=0.5170, alpha_mean=0.1750, alpha_std=0.1748, alpha_bias_std=0.6616, personal_row_entropy=2.4877, personal_matrix_delta=0.0000, personal_matrix_student_std=0.0000, personal_delta_pre_softmax_norm=0.0000, personal_delta_student_std=0.0000, alpha_head_std=0.1748
2026-04-11 02:58:30,534 - INFO - [assist_09|assist_09_abce_best_no_D|lr=0.0003|drop=0.20] [Diag][Graph] Epoch [005] | entropy_ratio=0.5170, diag_mass=0.2003, to_uniform_l2=0.026337, to_identity_l2=0.075056, tau_mean=0.4468, tau_std=0.0035, graph_reg_scale(train/val)=1.0000/1.0000
2026-04-11 02:58:30,534 - WARNING - [assist_09|assist_09_abce_best_no_D|lr=0.0003|drop=0.20] [Diag Warning][E] personal_delta_student_std is near zero: personal_delta_student_std=0.000000, personal_delta_pre_softmax_norm=0.000000
2026-04-11 02:58:30,534 - INFO - [assist_09|assist_09_abce_best_no_D|lr=0.0003|drop=0.20] [Grad Norms] Epoch [005] | mf_u_proj=0.006763, mf_v_proj=0.011208, b_id_student_proj=0.059945, b_id_item_proj=0.063561, b_bias_scale=0.005545, fusion_gate=0.000000, q_gate_raw=0.001481, skill_latent=0.241583, student_q_proj=0.016956, item_id_adapter=0.377864, relation_emb=0.000000e+00, relation_tau=4.629198e-05, relation_wq=0.000000e+00, relation_wk=0.000000e+00, personal_u=0.000000e+00, personal_v=0.000000e+00, personal_alpha_bias=3.615190e-03, personal_gate_emb=0.000000e+00, personal_gate_student_proj=0.000000e+00, personal_gate_context_proj=1.633057e-05, personal_gate_student_direct=0.000000e+00, personal_gate_context_direct=8.720155e-06, personal_gate_out=1.506766e-05, personal_generator_emb=0.000000e+00, personal_generator_context_proj=0.000000e+00, personal_generator_context_hidden=0.000000e+00, personal_generator_context_to_u=0.000000e+00, personal_generator_context_to_v=0.000000e+00
2026-04-11 02:58:30,978 - INFO - [assist_09|assist_09_abce_best_no_D|lr=0.0003|drop=0.20] -> New best AUC=0.7751 at epoch 5
2026-04-11 02:59:23,945 - INFO - [assist_09|assist_09_abce_best_no_D|lr=0.0003|drop=0.20] Epoch [006/100] | Train: Loss=0.5053, BCE=0.4828, Reg=0.0225, AUC=0.8418, ACC=0.7257, RMSE=0.3957 | Val: Loss=0.5542, BCE=0.5367, Reg=0.0175, AUC=0.7824, ACC=0.7443, RMSE=0.4218
2026-04-11 02:59:23,946 - INFO - [assist_09|assist_09_abce_best_no_D|lr=0.0003|drop=0.20] [Reg Terms] Epoch [006] | Train: graph_entropy=0.000000, graph_diag=0.020005, graph_uniform=0.002947, graph_reg_scale=1.0000, mf_l2=0.000009, delta_ratio=0.000000, personal_sparse=0.004976, alpha_var=-0.017368, alpha_collapse=0.000000, reg_bce_ratio=0.0466 | Val: graph_entropy=0.000000, graph_diag=0.020000, graph_uniform=0.002947, graph_reg_scale=1.0000, mf_l2=0.000010, delta_ratio=0.000000, personal_sparse=0.004977, alpha_var=-0.021096, alpha_collapse=0.000000, reg_bce_ratio=0.0326
2026-04-11 02:59:24,217 - INFO - [assist_09|assist_09_abce_best_no_D|lr=0.0003|drop=0.20] [Diag][M3] Epoch [006] | residual_abs_mean=1.0260, residual_std=0.4846, mf_abs_mean=1.0260, mf_std=0.4846, gate_mean=0.0000, gate_std=0.0000, q_interaction_abs_mean=0.5483, id_adapter_abs_mean=0.3039, bias_abs_mean=0.7264, B_q_share=0.5344, B_id_share=0.2962, B_bias_share=0.7080, student_q_norm=11.7619, student_id_adapter_norm=0.2286, item_q_norm=0.5455, item_id_adapter_norm=0.1555, irt_abs_mean=0.0000, irt_std=0.0000, delta_abs_mean=0.0000, delta_std=0.0000, delta_over_irt=0.0000, warmup(mf/personal)=1.00/1.00, graph_row_entropy=2.4883, graph_entropy_ratio=0.5171, alpha_mean=0.1750, alpha_std=0.1748, alpha_bias_std=0.7862, personal_row_entropy=2.4883, personal_matrix_delta=0.0000, personal_matrix_student_std=0.0000, personal_delta_pre_softmax_norm=0.0000, personal_delta_student_std=0.0000, alpha_head_std=0.1748
2026-04-11 02:59:24,218 - INFO - [assist_09|assist_09_abce_best_no_D|lr=0.0003|drop=0.20] [Diag][Graph] Epoch [006] | entropy_ratio=0.5171, diag_mass=0.2000, to_uniform_l2=0.026319, to_identity_l2=0.075079, tau_mean=0.4644, tau_std=0.0044, graph_reg_scale(train/val)=1.0000/1.0000
2026-04-11 02:59:24,218 - WARNING - [assist_09|assist_09_abce_best_no_D|lr=0.0003|drop=0.20] [Diag Warning][E] personal_delta_student_std is near zero: personal_delta_student_std=0.000000, personal_delta_pre_softmax_norm=0.000000
2026-04-11 02:59:24,218 - INFO - [assist_09|assist_09_abce_best_no_D|lr=0.0003|drop=0.20] [Grad Norms] Epoch [006] | mf_u_proj=0.008682, mf_v_proj=0.011571, b_id_student_proj=0.092127, b_id_item_proj=0.095142, b_bias_scale=0.008370, fusion_gate=0.000000, q_gate_raw=0.000627, skill_latent=0.328200, student_q_proj=0.021338, item_id_adapter=0.496203, relation_emb=0.000000e+00, relation_tau=4.934154e-06, relation_wq=0.000000e+00, relation_wk=0.000000e+00, personal_u=0.000000e+00, personal_v=0.000000e+00, personal_alpha_bias=3.754759e-03, personal_gate_emb=0.000000e+00, personal_gate_student_proj=0.000000e+00, personal_gate_context_proj=1.625742e-05, personal_gate_student_direct=0.000000e+00, personal_gate_context_direct=8.258055e-06, personal_gate_out=1.554665e-05, personal_generator_emb=0.000000e+00, personal_generator_context_proj=0.000000e+00, personal_generator_context_hidden=0.000000e+00, personal_generator_context_to_u=0.000000e+00, personal_generator_context_to_v=0.000000e+00
2026-04-11 02:59:24,669 - INFO - [assist_09|assist_09_abce_best_no_D|lr=0.0003|drop=0.20] -> New best AUC=0.7824 at epoch 6
2026-04-11 03:00:18,106 - INFO - [assist_09|assist_09_abce_best_no_D|lr=0.0003|drop=0.20] Epoch [007/100] | Train: Loss=0.4771, BCE=0.4573, Reg=0.0198, AUC=0.8662, ACC=0.7447, RMSE=0.3820 | Val: Loss=0.5436, BCE=0.5304, Reg=0.0132, AUC=0.7866, ACC=0.7478, RMSE=0.4188
2026-04-11 03:00:18,106 - INFO - [assist_09|assist_09_abce_best_no_D|lr=0.0003|drop=0.20] [Reg Terms] Epoch [007] | Train: graph_entropy=0.000000, graph_diag=0.020000, graph_uniform=0.002947, graph_reg_scale=1.0000, mf_l2=0.000010, delta_ratio=0.000000, personal_sparse=0.004977, alpha_var=-0.023333, alpha_collapse=0.000000, reg_bce_ratio=0.0434 | Val: graph_entropy=0.000000, graph_diag=0.020000, graph_uniform=0.002947, graph_reg_scale=1.0000, mf_l2=0.000011, delta_ratio=0.000000, personal_sparse=0.004977, alpha_var=-0.027786, alpha_collapse=0.000000, reg_bce_ratio=0.0249
2026-04-11 03:00:18,363 - INFO - [assist_09|assist_09_abce_best_no_D|lr=0.0003|drop=0.20] [Diag][M3] Epoch [007] | residual_abs_mean=1.0728, residual_std=0.5155, mf_abs_mean=1.0728, mf_std=0.5155, gate_mean=0.0000, gate_std=0.0000, q_interaction_abs_mean=0.5846, id_adapter_abs_mean=0.3518, bias_abs_mean=0.7980, B_q_share=0.5449, B_id_share=0.3280, B_bias_share=0.7439, student_q_norm=10.5109, student_id_adapter_norm=0.2470, item_q_norm=0.5548, item_id_adapter_norm=0.1709, irt_abs_mean=0.0000, irt_std=0.0000, delta_abs_mean=0.0000, delta_std=0.0000, delta_over_irt=0.0000, warmup(mf/personal)=1.00/1.00, graph_row_entropy=2.4883, graph_entropy_ratio=0.5171, alpha_mean=0.1749, alpha_std=0.1748, alpha_bias_std=0.9102, personal_row_entropy=2.4883, personal_matrix_delta=0.0000, personal_matrix_student_std=0.0000, personal_delta_pre_softmax_norm=0.0000, personal_delta_student_std=0.0000, alpha_head_std=0.1748
2026-04-11 03:00:18,364 - INFO - [assist_09|assist_09_abce_best_no_D|lr=0.0003|drop=0.20] [Diag][Graph] Epoch [007] | entropy_ratio=0.5171, diag_mass=0.2000, to_uniform_l2=0.026319, to_identity_l2=0.075079, tau_mean=0.4975, tau_std=0.0062, graph_reg_scale(train/val)=1.0000/1.0000
2026-04-11 03:00:18,364 - WARNING - [assist_09|assist_09_abce_best_no_D|lr=0.0003|drop=0.20] [Diag Warning][E] personal_delta_student_std is near zero: personal_delta_student_std=0.000000, personal_delta_pre_softmax_norm=0.000000
2026-04-11 03:00:18,364 - INFO - [assist_09|assist_09_abce_best_no_D|lr=0.0003|drop=0.20] [Grad Norms] Epoch [007] | mf_u_proj=0.008397, mf_v_proj=0.008494, b_id_student_proj=0.092521, b_id_item_proj=0.089670, b_bias_scale=0.012648, fusion_gate=0.000000, q_gate_raw=0.001329, skill_latent=0.312563, student_q_proj=0.029898, item_id_adapter=0.408364, relation_emb=0.000000e+00, relation_tau=1.706845e-06, relation_wq=0.000000e+00, relation_wk=0.000000e+00, personal_u=0.000000e+00, personal_v=0.000000e+00, personal_alpha_bias=4.440696e-03, personal_gate_emb=0.000000e+00, personal_gate_student_proj=0.000000e+00, personal_gate_context_proj=1.418095e-05, personal_gate_student_direct=0.000000e+00, personal_gate_context_direct=7.220933e-06, personal_gate_out=1.417956e-05, personal_generator_emb=0.000000e+00, personal_generator_context_proj=0.000000e+00, personal_generator_context_hidden=0.000000e+00, personal_generator_context_to_u=0.000000e+00, personal_generator_context_to_v=0.000000e+00
2026-04-11 03:00:18,921 - INFO - [assist_09|assist_09_abce_best_no_D|lr=0.0003|drop=0.20] -> New best AUC=0.7866 at epoch 7
2026-04-11 03:01:11,450 - INFO - [assist_09|assist_09_abce_best_no_D|lr=0.0003|drop=0.20] Epoch [008/100] | Train: Loss=0.4503, BCE=0.4344, Reg=0.0159, AUC=0.8861, ACC=0.7622, RMSE=0.3696 | Val: Loss=0.5360, BCE=0.5271, Reg=0.0089, AUC=0.7883, ACC=0.7493, RMSE=0.4173
2026-04-11 03:01:11,450 - INFO - [assist_09|assist_09_abce_best_no_D|lr=0.0003|drop=0.20] [Reg Terms] Epoch [008] | Train: graph_entropy=0.000000, graph_diag=0.020000, graph_uniform=0.002947, graph_reg_scale=1.0000, mf_l2=0.000011, delta_ratio=0.000000, personal_sparse=0.004977, alpha_var=-0.030146, alpha_collapse=0.000000, reg_bce_ratio=0.0366 | Val: graph_entropy=0.000000, graph_diag=0.020000, graph_uniform=0.002947, graph_reg_scale=1.0000, mf_l2=0.000011, delta_ratio=0.000000, personal_sparse=0.004977, alpha_var=-0.035352, alpha_collapse=0.000000, reg_bce_ratio=0.0169
2026-04-11 03:01:11,655 - INFO - [assist_09|assist_09_abce_best_no_D|lr=0.0003|drop=0.20] [Diag][M3] Epoch [008] | residual_abs_mean=1.0905, residual_std=0.5353, mf_abs_mean=1.0905, mf_std=0.5353, gate_mean=0.0000, gate_std=0.0000, q_interaction_abs_mean=0.5724, id_adapter_abs_mean=0.4107, bias_abs_mean=0.8591, B_q_share=0.5249, B_id_share=0.3766, B_bias_share=0.7878, student_q_norm=9.3740, student_id_adapter_norm=0.2623, item_q_norm=0.5629, item_id_adapter_norm=0.1843, irt_abs_mean=0.0000, irt_std=0.0000, delta_abs_mean=0.0000, delta_std=0.0000, delta_over_irt=0.0000, warmup(mf/personal)=1.00/1.00, graph_row_entropy=2.4883, graph_entropy_ratio=0.5171, alpha_mean=0.1749, alpha_std=0.1748, alpha_bias_std=1.0337, personal_row_entropy=2.4883, personal_matrix_delta=0.0000, personal_matrix_student_std=0.0000, personal_delta_pre_softmax_norm=0.0000, personal_delta_student_std=0.0000, alpha_head_std=0.1748
2026-04-11 03:01:11,655 - INFO - [assist_09|assist_09_abce_best_no_D|lr=0.0003|drop=0.20] [Diag][Graph] Epoch [008] | entropy_ratio=0.5171, diag_mass=0.2000, to_uniform_l2=0.026319, to_identity_l2=0.075079, tau_mean=0.5523, tau_std=0.0084, graph_reg_scale(train/val)=1.0000/1.0000
2026-04-11 03:01:11,655 - WARNING - [assist_09|assist_09_abce_best_no_D|lr=0.0003|drop=0.20] [Diag Warning][B] B_id_share is high: B_id_share=0.3766, B_q_share=0.5249
2026-04-11 03:01:11,655 - WARNING - [assist_09|assist_09_abce_best_no_D|lr=0.0003|drop=0.20] [Diag Warning][E] personal_delta_student_std is near zero: personal_delta_student_std=0.000000, personal_delta_pre_softmax_norm=0.000000
2026-04-11 03:01:11,655 - INFO - [assist_09|assist_09_abce_best_no_D|lr=0.0003|drop=0.20] [Grad Norms] Epoch [008] | mf_u_proj=0.007355, mf_v_proj=0.008528, b_id_student_proj=0.096102, b_id_item_proj=0.102262, b_bias_scale=0.012076, fusion_gate=0.000000, q_gate_raw=0.000865, skill_latent=0.321621, student_q_proj=0.025955, item_id_adapter=0.497457, relation_emb=0.000000e+00, relation_tau=3.262918e-08, relation_wq=0.000000e+00, relation_wk=0.000000e+00, personal_u=0.000000e+00, personal_v=0.000000e+00, personal_alpha_bias=5.868592e-03, personal_gate_emb=0.000000e+00, personal_gate_student_proj=0.000000e+00, personal_gate_context_proj=1.617100e-05, personal_gate_student_direct=0.000000e+00, personal_gate_context_direct=7.753848e-06, personal_gate_out=1.621047e-05, personal_generator_emb=0.000000e+00, personal_generator_context_proj=0.000000e+00, personal_generator_context_hidden=0.000000e+00, personal_generator_context_to_u=0.000000e+00, personal_generator_context_to_v=0.000000e+00
2026-04-11 03:01:12,189 - INFO - [assist_09|assist_09_abce_best_no_D|lr=0.0003|drop=0.20] -> New best AUC=0.7883 at epoch 8
2026-04-11 03:02:04,985 - INFO - [assist_09|assist_09_abce_best_no_D|lr=0.0003|drop=0.20] Epoch [009/100] | Train: Loss=0.4247, BCE=0.4139, Reg=0.0108, AUC=0.9016, ACC=0.7770, RMSE=0.3583 | Val: Loss=0.5271, BCE=0.5243, Reg=0.0028, AUC=0.7892, ACC=0.7511, RMSE=0.4161
2026-04-11 03:02:04,985 - INFO - [assist_09|assist_09_abce_best_no_D|lr=0.0003|drop=0.20] [Reg Terms] Epoch [009] | Train: graph_entropy=0.000000, graph_diag=0.020000, graph_uniform=0.002947, graph_reg_scale=1.0000, mf_l2=0.000011, delta_ratio=0.000000, personal_sparse=0.004977, alpha_var=-0.037780, alpha_collapse=0.000000, reg_bce_ratio=0.0262 | Val: graph_entropy=0.000000, graph_diag=0.020000, graph_uniform=0.002947, graph_reg_scale=1.0000, mf_l2=0.000012, delta_ratio=0.000000, personal_sparse=0.004977, alpha_var=-0.043781, alpha_collapse=0.000000, reg_bce_ratio=0.0053
2026-04-11 03:02:05,184 - INFO - [assist_09|assist_09_abce_best_no_D|lr=0.0003|drop=0.20] [Diag][M3] Epoch [009] | residual_abs_mean=1.1105, residual_std=0.5460, mf_abs_mean=1.1105, mf_std=0.5460, gate_mean=0.0000, gate_std=0.0000, q_interaction_abs_mean=0.5732, id_adapter_abs_mean=0.4331, bias_abs_mean=0.9228, B_q_share=0.5162, B_id_share=0.3900, B_bias_share=0.8310, student_q_norm=8.9109, student_id_adapter_norm=0.2777, item_q_norm=0.5669, item_id_adapter_norm=0.1956, irt_abs_mean=0.0000, irt_std=0.0000, delta_abs_mean=0.0000, delta_std=0.0000, delta_over_irt=0.0000, warmup(mf/personal)=1.00/1.00, graph_row_entropy=2.4883, graph_entropy_ratio=0.5171, alpha_mean=0.1750, alpha_std=0.1748, alpha_bias_std=1.1543, personal_row_entropy=2.4883, personal_matrix_delta=0.0000, personal_matrix_student_std=0.0000, personal_delta_pre_softmax_norm=0.0000, personal_delta_student_std=0.0000, alpha_head_std=0.1748
2026-04-11 03:02:05,184 - INFO - [assist_09|assist_09_abce_best_no_D|lr=0.0003|drop=0.20] [Diag][Graph] Epoch [009] | entropy_ratio=0.5171, diag_mass=0.2000, to_uniform_l2=0.026319, to_identity_l2=0.075079, tau_mean=0.6216, tau_std=0.0083, graph_reg_scale(train/val)=1.0000/1.0000
2026-04-11 03:02:05,184 - WARNING - [assist_09|assist_09_abce_best_no_D|lr=0.0003|drop=0.20] [Diag Warning][B] B_id_share is high: B_id_share=0.3900, B_q_share=0.5162
2026-04-11 03:02:05,184 - WARNING - [assist_09|assist_09_abce_best_no_D|lr=0.0003|drop=0.20] [Diag Warning][E] personal_delta_student_std is near zero: personal_delta_student_std=0.000000, personal_delta_pre_softmax_norm=0.000000
2026-04-11 03:02:05,184 - INFO - [assist_09|assist_09_abce_best_no_D|lr=0.0003|drop=0.20] [Grad Norms] Epoch [009] | mf_u_proj=0.007662, mf_v_proj=0.007425, b_id_student_proj=0.077244, b_id_item_proj=0.079819, b_bias_scale=0.005932, fusion_gate=0.000000, q_gate_raw=0.000819, skill_latent=0.250430, student_q_proj=0.025419, item_id_adapter=0.343168, relation_emb=0.000000e+00, relation_tau=9.473531e-11, relation_wq=0.000000e+00, relation_wk=0.000000e+00, personal_u=0.000000e+00, personal_v=0.000000e+00, personal_alpha_bias=6.625377e-03, personal_gate_emb=0.000000e+00, personal_gate_student_proj=0.000000e+00, personal_gate_context_proj=1.384675e-05, personal_gate_student_direct=0.000000e+00, personal_gate_context_direct=6.308270e-06, personal_gate_out=1.383056e-05, personal_generator_emb=0.000000e+00, personal_generator_context_proj=0.000000e+00, personal_generator_context_hidden=0.000000e+00, personal_generator_context_to_u=0.000000e+00, personal_generator_context_to_v=0.000000e+00
2026-04-11 03:02:05,730 - INFO - [assist_09|assist_09_abce_best_no_D|lr=0.0003|drop=0.20] -> New best AUC=0.7892 at epoch 9
2026-04-11 03:02:58,868 - INFO - [assist_09|assist_09_abce_best_no_D|lr=0.0003|drop=0.20] Epoch [010/100] | Train: Loss=0.4010, BCE=0.3965, Reg=0.0045, AUC=0.9131, ACC=0.7881, RMSE=0.3486 | Val: Loss=0.5172, BCE=0.5217, Reg=-0.0045, AUC=0.7903, ACC=0.7510, RMSE=0.4150
2026-04-11 03:02:58,868 - INFO - [assist_09|assist_09_abce_best_no_D|lr=0.0003|drop=0.20] [Reg Terms] Epoch [010] | Train: graph_entropy=0.000000, graph_diag=0.020000, graph_uniform=0.002947, graph_reg_scale=1.0000, mf_l2=0.000012, delta_ratio=0.000000, personal_sparse=0.004977, alpha_var=-0.046239, alpha_collapse=0.000000, reg_bce_ratio=0.0115 | Val: graph_entropy=0.000000, graph_diag=0.020000, graph_uniform=0.002947, graph_reg_scale=1.0000, mf_l2=0.000012, delta_ratio=0.000000, personal_sparse=0.004977, alpha_var=-0.053066, alpha_collapse=0.000000, reg_bce_ratio=-0.0087
2026-04-11 03:02:59,083 - INFO - [assist_09|assist_09_abce_best_no_D|lr=0.0003|drop=0.20] [Diag][M3] Epoch [010] | residual_abs_mean=1.1359, residual_std=0.5412, mf_abs_mean=1.1359, mf_std=0.5412, gate_mean=0.0000, gate_std=0.0000, q_interaction_abs_mean=0.5983, id_adapter_abs_mean=0.4454, bias_abs_mean=0.9815, B_q_share=0.5267, B_id_share=0.3921, B_bias_share=0.8640, student_q_norm=7.9283, student_id_adapter_norm=0.2908, item_q_norm=0.5743, item_id_adapter_norm=0.2055, irt_abs_mean=0.0000, irt_std=0.0000, delta_abs_mean=0.0000, delta_std=0.0000, delta_over_irt=0.0000, warmup(mf/personal)=1.00/1.00, graph_row_entropy=2.4883, graph_entropy_ratio=0.5171, alpha_mean=0.1750, alpha_std=0.1749, alpha_bias_std=1.2741, personal_row_entropy=2.4883, personal_matrix_delta=0.0000, personal_matrix_student_std=0.0000, personal_delta_pre_softmax_norm=0.0000, personal_delta_student_std=0.0000, alpha_head_std=0.1749
2026-04-11 03:02:59,083 - INFO - [assist_09|assist_09_abce_best_no_D|lr=0.0003|drop=0.20] [Diag][Graph] Epoch [010] | entropy_ratio=0.5171, diag_mass=0.2000, to_uniform_l2=0.026319, to_identity_l2=0.075079, tau_mean=0.6754, tau_std=0.0042, graph_reg_scale(train/val)=1.0000/1.0000
2026-04-11 03:02:59,083 - WARNING - [assist_09|assist_09_abce_best_no_D|lr=0.0003|drop=0.20] [Diag Warning][B] B_id_share is high: B_id_share=0.3921, B_q_share=0.5267
2026-04-11 03:02:59,083 - WARNING - [assist_09|assist_09_abce_best_no_D|lr=0.0003|drop=0.20] [Diag Warning][E] personal_delta_student_std is near zero: personal_delta_student_std=0.000000, personal_delta_pre_softmax_norm=0.000000
2026-04-11 03:02:59,083 - INFO - [assist_09|assist_09_abce_best_no_D|lr=0.0003|drop=0.20] [Grad Norms] Epoch [010] | mf_u_proj=0.007813, mf_v_proj=0.007835, b_id_student_proj=0.103522, b_id_item_proj=0.100353, b_bias_scale=0.001371, fusion_gate=0.000000, q_gate_raw=0.000334, skill_latent=0.357733, student_q_proj=0.025497, item_id_adapter=0.434429, relation_emb=0.000000e+00, relation_tau=2.594868e-13, relation_wq=0.000000e+00, relation_wk=0.000000e+00, personal_u=0.000000e+00, personal_v=0.000000e+00, personal_alpha_bias=6.684475e-03, personal_gate_emb=0.000000e+00, personal_gate_student_proj=0.000000e+00, personal_gate_context_proj=1.594253e-05, personal_gate_student_direct=0.000000e+00, personal_gate_context_direct=7.379697e-06, personal_gate_out=1.592341e-05, personal_generator_emb=0.000000e+00, personal_generator_context_proj=0.000000e+00, personal_generator_context_hidden=0.000000e+00, personal_generator_context_to_u=0.000000e+00, personal_generator_context_to_v=0.000000e+00
2026-04-11 03:02:59,514 - INFO - [assist_09|assist_09_abce_best_no_D|lr=0.0003|drop=0.20] -> New best AUC=0.7903 at epoch 10
2026-04-11 03:02:59,592 - INFO - [assist_09|assist_09_abce_best_no_D|lr=0.0003|drop=0.20] Checkpoint saved: checkpoints/abce_diag/20260411_master_best_ae/assist_09/seed42/best_no_D/checkpoint_epoch_10.pth
2026-04-11 03:02:59,779 - INFO - [assist_09|assist_09_abce_best_no_D|lr=0.0003|drop=0.20] [Module Activity] Epoch 10: Graph[OK] Personal[X] MF[OK]
2026-04-11 03:03:52,626 - INFO - [assist_09|assist_09_abce_best_no_D|lr=0.0003|drop=0.20] Epoch [011/100] | Train: Loss=0.3772, BCE=0.3800, Reg=-0.0028, AUC=0.9230, ACC=0.7987, RMSE=0.3393 | Val: Loss=0.5104, BCE=0.5227, Reg=-0.0124, AUC=0.7885, ACC=0.7512, RMSE=0.4156
2026-04-11 03:03:52,626 - INFO - [assist_09|assist_09_abce_best_no_D|lr=0.0003|drop=0.20] [Reg Terms] Epoch [011] | Train: graph_entropy=0.000000, graph_diag=0.020000, graph_uniform=0.002947, graph_reg_scale=1.0000, mf_l2=0.000013, delta_ratio=0.000000, personal_sparse=0.004977, alpha_var=-0.055521, alpha_collapse=0.000000, reg_bce_ratio=-0.0075 | Val: graph_entropy=0.000000, graph_diag=0.020000, graph_uniform=0.002947, graph_reg_scale=1.0000, mf_l2=0.000013, delta_ratio=0.000000, personal_sparse=0.004977, alpha_var=-0.063201, alpha_collapse=0.000000, reg_bce_ratio=-0.0236
2026-04-11 03:03:52,833 - INFO - [assist_09|assist_09_abce_best_no_D|lr=0.0003|drop=0.20] [Diag][M3] Epoch [011] | residual_abs_mean=1.1197, residual_std=0.5761, mf_abs_mean=1.1197, mf_std=0.5761, gate_mean=0.0000, gate_std=0.0000, q_interaction_abs_mean=0.5870, id_adapter_abs_mean=0.4749, bias_abs_mean=1.0513, B_q_share=0.5242, B_id_share=0.4242, B_bias_share=0.9390, student_q_norm=6.6931, student_id_adapter_norm=0.3054, item_q_norm=0.5794, item_id_adapter_norm=0.2152, irt_abs_mean=0.0000, irt_std=0.0000, delta_abs_mean=0.0000, delta_std=0.0000, delta_over_irt=0.0000, warmup(mf/personal)=1.00/1.00, graph_row_entropy=2.4883, graph_entropy_ratio=0.5171, alpha_mean=0.1750, alpha_std=0.1749, alpha_bias_std=1.3971, personal_row_entropy=2.4883, personal_matrix_delta=0.0000, personal_matrix_student_std=0.0000, personal_delta_pre_softmax_norm=0.0000, personal_delta_student_std=0.0000, alpha_head_std=0.1749
2026-04-11 03:03:52,833 - INFO - [assist_09|assist_09_abce_best_no_D|lr=0.0003|drop=0.20] [Diag][Graph] Epoch [011] | entropy_ratio=0.5171, diag_mass=0.2000, to_uniform_l2=0.026319, to_identity_l2=0.075079, tau_mean=0.6922, tau_std=0.0004, graph_reg_scale(train/val)=1.0000/1.0000
2026-04-11 03:03:52,833 - WARNING - [assist_09|assist_09_abce_best_no_D|lr=0.0003|drop=0.20] [Diag Warning][B] B_id_share is high: B_id_share=0.4242, B_q_share=0.5242
2026-04-11 03:03:52,834 - WARNING - [assist_09|assist_09_abce_best_no_D|lr=0.0003|drop=0.20] [Diag Warning][E] personal_delta_student_std is near zero: personal_delta_student_std=0.000000, personal_delta_pre_softmax_norm=0.000000
2026-04-11 03:03:52,834 - INFO - [assist_09|assist_09_abce_best_no_D|lr=0.0003|drop=0.20] [Grad Norms] Epoch [011] | mf_u_proj=0.014857, mf_v_proj=0.014580, b_id_student_proj=0.128737, b_id_item_proj=0.139057, b_bias_scale=0.007526, fusion_gate=0.000000, q_gate_raw=0.000332, skill_latent=0.414537, student_q_proj=0.046980, item_id_adapter=0.573387, relation_emb=0.000000e+00, relation_tau=7.163156e-20, relation_wq=0.000000e+00, relation_wk=0.000000e+00, personal_u=0.000000e+00, personal_v=0.000000e+00, personal_alpha_bias=8.528114e-03, personal_gate_emb=0.000000e+00, personal_gate_student_proj=0.000000e+00, personal_gate_context_proj=1.301139e-05, personal_gate_student_direct=0.000000e+00, personal_gate_context_direct=6.133021e-06, personal_gate_out=1.334368e-05, personal_generator_emb=0.000000e+00, personal_generator_context_proj=0.000000e+00, personal_generator_context_hidden=0.000000e+00, personal_generator_context_to_u=0.000000e+00, personal_generator_context_to_v=0.000000e+00
2026-04-11 03:03:52,834 - INFO - [assist_09|assist_09_abce_best_no_D|lr=0.0003|drop=0.20] -> No improvement 1 epoch(s) (best AUC=0.7903 @ 10)
2026-04-11 03:04:45,422 - INFO - [assist_09|assist_09_abce_best_no_D|lr=0.0003|drop=0.20] Epoch [012/100] | Train: Loss=0.3560, BCE=0.3670, Reg=-0.0111, AUC=0.9299, ACC=0.8057, RMSE=0.3319 | Val: Loss=0.5000, BCE=0.5215, Reg=-0.0215, AUC=0.7882, ACC=0.7511, RMSE=0.4152
2026-04-11 03:04:45,422 - INFO - [assist_09|assist_09_abce_best_no_D|lr=0.0003|drop=0.20] [Reg Terms] Epoch [012] | Train: graph_entropy=0.000000, graph_diag=0.020000, graph_uniform=0.002947, graph_reg_scale=1.0000, mf_l2=0.000013, delta_ratio=0.000000, personal_sparse=0.004977, alpha_var=-0.065618, alpha_collapse=0.000000, reg_bce_ratio=-0.0301 | Val: graph_entropy=0.000000, graph_diag=0.020000, graph_uniform=0.002947, graph_reg_scale=1.0000, mf_l2=0.000013, delta_ratio=0.000000, personal_sparse=0.004977, alpha_var=-0.074215, alpha_collapse=0.000000, reg_bce_ratio=-0.0411
2026-04-11 03:04:45,618 - INFO - [assist_09|assist_09_abce_best_no_D|lr=0.0003|drop=0.20] [Diag][M3] Epoch [012] | residual_abs_mean=1.1783, residual_std=0.5760, mf_abs_mean=1.1783, mf_std=0.5760, gate_mean=0.0000, gate_std=0.0000, q_interaction_abs_mean=0.5759, id_adapter_abs_mean=0.5436, bias_abs_mean=1.1230, B_q_share=0.4888, B_id_share=0.4614, B_bias_share=0.9531, student_q_norm=6.5639, student_id_adapter_norm=0.3172, item_q_norm=0.5879, item_id_adapter_norm=0.2242, irt_abs_mean=0.0000, irt_std=0.0000, delta_abs_mean=0.0000, delta_std=0.0000, delta_over_irt=0.0000, warmup(mf/personal)=1.00/1.00, graph_row_entropy=2.4883, graph_entropy_ratio=0.5171, alpha_mean=0.1750, alpha_std=0.1748, alpha_bias_std=1.5174, personal_row_entropy=2.4883, personal_matrix_delta=0.0000, personal_matrix_student_std=0.0000, personal_delta_pre_softmax_norm=0.0000, personal_delta_student_std=0.0000, alpha_head_std=0.1748
2026-04-11 03:04:45,618 - INFO - [assist_09|assist_09_abce_best_no_D|lr=0.0003|drop=0.20] [Diag][Graph] Epoch [012] | entropy_ratio=0.5171, diag_mass=0.2000, to_uniform_l2=0.026319, to_identity_l2=0.075079, tau_mean=0.6931, tau_std=0.0000, graph_reg_scale(train/val)=1.0000/1.0000
2026-04-11 03:04:45,618 - WARNING - [assist_09|assist_09_abce_best_no_D|lr=0.0003|drop=0.20] [Diag Warning][B] B_id_share is high: B_id_share=0.4614, B_q_share=0.4888
2026-04-11 03:04:45,619 - WARNING - [assist_09|assist_09_abce_best_no_D|lr=0.0003|drop=0.20] [Diag Warning][E] personal_delta_student_std is near zero: personal_delta_student_std=0.000000, personal_delta_pre_softmax_norm=0.000000
2026-04-11 03:04:45,619 - INFO - [assist_09|assist_09_abce_best_no_D|lr=0.0003|drop=0.20] [Grad Norms] Epoch [012] | mf_u_proj=0.009472, mf_v_proj=0.009596, b_id_student_proj=0.130696, b_id_item_proj=0.128820, b_bias_scale=0.001361, fusion_gate=0.000000, q_gate_raw=0.000363, skill_latent=0.409761, student_q_proj=0.029938, item_id_adapter=0.459344, relation_emb=0.000000e+00, relation_tau=0.000000e+00, relation_wq=0.000000e+00, relation_wk=0.000000e+00, personal_u=0.000000e+00, personal_v=0.000000e+00, personal_alpha_bias=8.812455e-03, personal_gate_emb=0.000000e+00, personal_gate_student_proj=0.000000e+00, personal_gate_context_proj=1.546599e-05, personal_gate_student_direct=0.000000e+00, personal_gate_context_direct=7.729732e-06, personal_gate_out=1.541644e-05, personal_generator_emb=0.000000e+00, personal_generator_context_proj=0.000000e+00, personal_generator_context_hidden=0.000000e+00, personal_generator_context_to_u=0.000000e+00, personal_generator_context_to_v=0.000000e+00
2026-04-11 03:04:45,619 - INFO - [assist_09|assist_09_abce_best_no_D|lr=0.0003|drop=0.20] -> No improvement 2 epoch(s) (best AUC=0.7903 @ 10)
2026-04-11 03:05:38,321 - INFO - [assist_09|assist_09_abce_best_no_D|lr=0.0003|drop=0.20] Epoch [013/100] | Train: Loss=0.3355, BCE=0.3556, Reg=-0.0201, AUC=0.9353, ACC=0.8101, RMSE=0.3254 | Val: Loss=0.4891, BCE=0.5208, Reg=-0.0317, AUC=0.7879, ACC=0.7504, RMSE=0.4149
2026-04-11 03:05:38,321 - INFO - [assist_09|assist_09_abce_best_no_D|lr=0.0003|drop=0.20] [Reg Terms] Epoch [013] | Train: graph_entropy=0.000000, graph_diag=0.020000, graph_uniform=0.002947, graph_reg_scale=1.0000, mf_l2=0.000014, delta_ratio=0.000000, personal_sparse=0.004977, alpha_var=-0.076516, alpha_collapse=0.000000, reg_bce_ratio=-0.0567 | Val: graph_entropy=0.000000, graph_diag=0.020000, graph_uniform=0.002947, graph_reg_scale=1.0000, mf_l2=0.000014, delta_ratio=0.000000, personal_sparse=0.004977, alpha_var=-0.086048, alpha_collapse=0.000000, reg_bce_ratio=-0.0609
2026-04-11 03:05:38,530 - INFO - [assist_09|assist_09_abce_best_no_D|lr=0.0003|drop=0.20] [Diag][M3] Epoch [013] | residual_abs_mean=1.1952, residual_std=0.5675, mf_abs_mean=1.1952, mf_std=0.5675, gate_mean=0.0000, gate_std=0.0000, q_interaction_abs_mean=0.6262, id_adapter_abs_mean=0.5872, bias_abs_mean=1.1888, B_q_share=0.5239, B_id_share=0.4913, B_bias_share=0.9947, student_q_norm=6.0969, student_id_adapter_norm=0.3285, item_q_norm=0.5930, item_id_adapter_norm=0.2318, irt_abs_mean=0.0000, irt_std=0.0000, delta_abs_mean=0.0000, delta_std=0.0000, delta_over_irt=0.0000, warmup(mf/personal)=1.00/1.00, graph_row_entropy=2.4883, graph_entropy_ratio=0.5171, alpha_mean=0.1750, alpha_std=0.1749, alpha_bias_std=1.6373, personal_row_entropy=2.4883, personal_matrix_delta=0.0000, personal_matrix_student_std=0.0000, personal_delta_pre_softmax_norm=0.0000, personal_delta_student_std=0.0000, alpha_head_std=0.1749
2026-04-11 03:05:38,530 - INFO - [assist_09|assist_09_abce_best_no_D|lr=0.0003|drop=0.20] [Diag][Graph] Epoch [013] | entropy_ratio=0.5171, diag_mass=0.2000, to_uniform_l2=0.026319, to_identity_l2=0.075079, tau_mean=0.6931, tau_std=0.0000, graph_reg_scale(train/val)=1.0000/1.0000
2026-04-11 03:05:38,530 - WARNING - [assist_09|assist_09_abce_best_no_D|lr=0.0003|drop=0.20] [Diag Warning][B] B_id_share is high: B_id_share=0.4913, B_q_share=0.5239
2026-04-11 03:05:38,530 - WARNING - [assist_09|assist_09_abce_best_no_D|lr=0.0003|drop=0.20] [Diag Warning][E] personal_delta_student_std is near zero: personal_delta_student_std=0.000000, personal_delta_pre_softmax_norm=0.000000
2026-04-11 03:05:38,530 - INFO - [assist_09|assist_09_abce_best_no_D|lr=0.0003|drop=0.20] [Grad Norms] Epoch [013] | mf_u_proj=0.011314, mf_v_proj=0.008643, b_id_student_proj=0.144552, b_id_item_proj=0.153221, b_bias_scale=0.002478, fusion_gate=0.000000, q_gate_raw=0.000787, skill_latent=0.441984, student_q_proj=0.038171, item_id_adapter=0.573772, relation_emb=0.000000e+00, relation_tau=0.000000e+00, relation_wq=0.000000e+00, relation_wk=0.000000e+00, personal_u=0.000000e+00, personal_v=0.000000e+00, personal_alpha_bias=7.225864e-03, personal_gate_emb=0.000000e+00, personal_gate_student_proj=0.000000e+00, personal_gate_context_proj=1.925246e-05, personal_gate_student_direct=0.000000e+00, personal_gate_context_direct=1.021305e-05, personal_gate_out=1.914308e-05, personal_generator_emb=0.000000e+00, personal_generator_context_proj=0.000000e+00, personal_generator_context_hidden=0.000000e+00, personal_generator_context_to_u=0.000000e+00, personal_generator_context_to_v=0.000000e+00
2026-04-11 03:05:38,530 - INFO - [assist_09|assist_09_abce_best_no_D|lr=0.0003|drop=0.20] -> No improvement 3 epoch(s) (best AUC=0.7903 @ 10)
2026-04-11 03:05:38,530 - INFO - [assist_09|assist_09_abce_best_no_D|lr=0.0003|drop=0.20] Early stopping at epoch 13 (best AUC=0.7903 @ 10)
2026-04-11 03:05:38,537 - INFO - Epoch-wise metrics saved to checkpoints/abce_diag/20260411_master_best_ae/assist_09/seed42/best_no_D/metrics_history.csv
2026-04-11 03:05:38,539 - INFO - [assist_09|assist_09_abce_best_no_D|lr=0.0003|drop=0.20] Training completed! Best Val AUC=0.7903 @ epoch 10
2026-04-11 03:05:38,716 - INFO - 
============================================================
         MODULE ACTIVITY REPORT
============================================================
Dataset: assist_09 | Seed: 42 | Epoch: 13

1. Concept Graph Module:
   - Mean row entropy: 2.488 / 4.812
   - Entropy ratio: 51.7%
   - Status: ACTIVE (learning meaningful structure)

2. Personal Graph Module:
   - Gate alpha mean: 0.175
   - Gate alpha std: 0.175
   - Alpha bias std: 1.921
   - Personal/global delta: 0.0014
   - Inter-student matrix std: 0.0000
   - Status: INACTIVE (alpha or personal graph barely deviates from global)
   -> Consider: strengthen direct student-specific path or personal graph signal

3. Skill/MF Module:
   - MF logit |mean|: 1.1546
   - MF logit std: 0.8533
   - Fusion gate mean: 0.000
   - Status: ACTIVE (contributing to predictions)

------------------------------------------------------------
SUMMARY:
   Active modules: Concept Graph, Skill/MF
   Inactive modules: Personal Graph
============================================================
2026-04-11 03:05:38,717 - INFO - [assist_09|assist_09_abce_best_no_D|lr=0.0003|drop=0.20] Module activity saved to checkpoints/abce_diag/20260411_master_best_ae/assist_09/seed42/best_no_D/module_activity.json
2026-04-11 03:05:38,765 - INFO - Using device: cuda:0
2026-04-11 03:05:38,765 - INFO - Loading model from checkpoints/abce_diag/20260411_master_best_ae/assist_09/seed42/best_no_D/best_model.pth...
2026-04-11 03:05:38,914 - INFO - Inference switches: ablate_module1=False, ablate_module2=True, ablate_module3=False | enable_module1=True, enable_module2=False, enable_module3=True | use_mf_branch=True, use_concept_graph=True, use_q_aligned_residual=True | effective(num_gnn_layers=1)
2026-04-11 03:05:38,952 - INFO - [Inference] Ablation runtime check: args(ablate_module1=False,ablate_module2=True,ablate_module3=False) | model(enable_module1=True,enable_module2=False,enable_module3=True) | physical(has_knowledge_encoder=True,has_mf_branch=True)
2026-04-11 03:05:38,952 - INFO - [Inference] [Module3 Init] fusion_gate_bias=0.0000, fusion_gate_max=0.0000, implied_gate=0.0000, q_gate=0.5000, mf_scale=0.0000, bias_scale=0.4272, graph_tau_mean=1.0055, graph_tau_std=0.0000, graph_dropout=0.000
2026-04-11 03:05:38,954 - INFO - Model loaded from epoch 10. Start testing...
2026-04-11 03:05:40,298 - INFO - [Test] 200/411 batches done, samples=25600
2026-04-11 03:05:41,625 - INFO - [Test] 400/411 batches done, samples=51200
2026-04-11 03:05:41,763 - INFO - 
==================================================
2026-04-11 03:05:41,763 - INFO - Test Results:
2026-04-11 03:05:41,763 - INFO - AUC: 0.7875
2026-04-11 03:05:41,763 - INFO - ACC: 0.7482
2026-04-11 03:05:41,763 - INFO - RMSE: 0.4161
2026-04-11 03:05:41,763 - INFO - ==================================================
2026-04-11 03:05:41,779 - INFO - Summary appended to /home/zsh/ConceptSkillCDM/results/experiment_results.csv
2026-04-11 03:05:41,785 - INFO - Run completed.
2026-04-11 03:05:41,785 - INFO - Best validation AUC: 0.7903 at epoch 10
2026-04-11 03:05:41,785 - INFO - Test metrics - AUC: 0.7875, ACC: 0.7482, RMSE: 0.4161
