2026-02-11 05:56:38,714 - INFO - Arguments:
2026-02-11 05:56:38,714 - INFO -   ablate_concept_graph: False
2026-02-11 05:56:38,714 - INFO -   ablate_module1: False
2026-02-11 05:56:38,714 - INFO -   ablate_module2: False
2026-02-11 05:56:38,714 - INFO -   ablate_module3: False
2026-02-11 05:56:38,714 - INFO -   ablate_skill_encoder: False
2026-02-11 05:56:38,714 - INFO -   ablate_soft_prototype: True
2026-02-11 05:56:38,714 - INFO -   allow_self_loop: True
2026-02-11 05:56:38,714 - INFO -   batch_size: 128
2026-02-11 05:56:38,714 - INFO -   data_dir: ./data/assist_09
2026-02-11 05:56:38,714 - INFO -   dataset_name: assist_09
2026-02-11 05:56:38,714 - INFO -   debug_module3_diag: True
2026-02-11 05:56:38,714 - INFO -   diag_batches: 2
2026-02-11 05:56:38,714 - INFO -   disable_q_aligned_residual: False
2026-02-11 05:56:38,715 - INFO -   disable_q_conditioning: False
2026-02-11 05:56:38,715 - INFO -   disable_self_loop: False
2026-02-11 05:56:38,715 - INFO -   disable_soft_prototype: True
2026-02-11 05:56:38,715 - INFO -   dropout: 0.2
2026-02-11 05:56:38,715 - INFO -   early_stop_patience: 3
2026-02-11 05:56:38,715 - INFO -   enable_module1: True
2026-02-11 05:56:38,715 - INFO -   enable_module2: True
2026-02-11 05:56:38,715 - INFO -   enable_module3: True
2026-02-11 05:56:38,715 - INFO -   enable_soft_prototype: False
2026-02-11 05:56:38,715 - INFO -   epochs: 30
2026-02-11 05:56:38,715 - INFO -   exercise_dim: 64
2026-02-11 05:56:38,715 - INFO -   exercise_l2_lambda: 5e-05
2026-02-11 05:56:38,715 - INFO -   fusion_gate_bias_init: -2.5
2026-02-11 05:56:38,715 - INFO -   fusion_gate_max: 0.4
2026-02-11 05:56:38,715 - INFO -   generate_diagnosis: False
2026-02-11 05:56:38,715 - INFO -   gnn_residual_weight: 0.5
2026-02-11 05:56:38,715 - INFO -   gpu_candidates: None
2026-02-11 05:56:38,715 - INFO -   gpu_ids: None
2026-02-11 05:56:38,715 - INFO -   gpu_memory_threshold: 2000
2026-02-11 05:56:38,715 - INFO -   gpus: None
2026-02-11 05:56:38,715 - INFO -   graph_topk: None
2026-02-11 05:56:38,715 - INFO -   knowledge_dim: 64
2026-02-11 05:56:38,715 - INFO -   lambda_alpha: 0.01
2026-02-11 05:56:38,715 - INFO -   lambda_proto_div: 0.0
2026-02-11 05:56:38,715 - INFO -   lambda_proto_usage: 0.0
2026-02-11 05:56:38,715 - INFO -   lambda_sparse: 0.3
2026-02-11 05:56:38,715 - INFO -   lambda_sparse_personal: 0.005
2026-02-11 05:56:38,715 - INFO -   learning_rate: 0.0003
2026-02-11 05:56:38,716 - INFO -   log_dir: logs/assist_09_m3grid/seed42/s0p3_c3_full
2026-02-11 05:56:38,716 - INFO -   min_exer_interactions: 0
2026-02-11 05:56:38,716 - INFO -   min_poison_count: 0
2026-02-11 05:56:38,716 - INFO -   min_stu_interactions: 15
2026-02-11 05:56:38,716 - INFO -   model_variant: assist_09_m3grid_s0p3_c3_full
2026-02-11 05:56:38,716 - INFO -   multi_gpu: False
2026-02-11 05:56:38,716 - INFO -   no_cuda: False
2026-02-11 05:56:38,716 - INFO -   num_gnn_layers: 1
2026-02-11 05:56:38,716 - INFO -   num_gpus: 1
2026-02-11 05:56:38,716 - INFO -   num_prototypes: 0
2026-02-11 05:56:38,716 - INFO -   num_relation_heads: 2
2026-02-11 05:56:38,716 - INFO -   num_workers: 4
2026-02-11 05:56:38,716 - INFO -   patience: 5
2026-02-11 05:56:38,716 - INFO -   personal_rank: 4
2026-02-11 05:56:38,716 - INFO -   proto_lambda: 0.0
2026-02-11 05:56:38,716 - INFO -   proto_tau: 1.0
2026-02-11 05:56:38,716 - INFO -   residual_clip_t: 3.0
2026-02-11 05:56:38,716 - INFO -   save_dir: checkpoints/assist_09_m3grid/seed42/s0p3_c3_full
2026-02-11 05:56:38,716 - INFO -   save_interval: 10
2026-02-11 05:56:38,716 - INFO -   seed: 42
2026-02-11 05:56:38,716 - INFO -   skill_dim: 128
2026-02-11 05:56:38,716 - INFO -   use_concept_graph: True
2026-02-11 05:56:38,716 - INFO -   use_exercise_graph: True
2026-02-11 05:56:38,716 - INFO -   use_mf_branch: True
2026-02-11 05:56:38,716 - INFO -   use_personal_graph: True
2026-02-11 05:56:38,716 - INFO -   use_q_aligned_residual: True
2026-02-11 05:56:38,716 - INFO -   use_q_conditioning: True
2026-02-11 05:56:38,716 - INFO -   use_skill_encoder: True
2026-02-11 05:56:38,716 - INFO -   use_soft_prototype: False
2026-02-11 05:56:38,716 - INFO -   use_soft_prototype_main_path: False
2026-02-11 05:56:38,717 - INFO -   weight_decay: 1e-05
2026-02-11 05:56:38,819 - INFO - Using device: cuda:0 (physical gpu 1)
2026-02-11 05:56:38,819 - INFO - [assist_09|assist_09_m3grid_s0p3_c3_full|lr=0.0003|drop=0.20] Loading datasets...
2026-02-11 05:56:38,819 - INFO - [assist_09|assist_09_m3grid_s0p3_c3_full|lr=0.0003|drop=0.20] Regularization: graph_entropy(lambda_sparse)=0.300000, proto_div=0.000000, proto_usage=0.000000, personal_sparse=0.005000, alpha_penalty=0.010000, mf_l2(exercise_l2_lambda)=0.000050
2026-02-11 05:56:38,951 - INFO - [数据清洗] 学生交互次数 < 15 次的学生：共移除 0 个学生（仅统计用户数）
2026-02-11 05:56:38,966 - INFO - [数据清洗] 学生冷启动过滤：在 train/valid/test 中共删除 0 条记录。
2026-02-11 05:56:38,967 - INFO - [数据清洗] 跳过题目冷门过滤（min_exer_interactions <= 0）。
2026-02-11 05:56:38,967 - INFO - [数据清洗] 跳过毒题清洗（min_poison_count <= 0）。
2026-02-11 05:56:52,162 - INFO - [assist_09|assist_09_m3grid_s0p3_c3_full|lr=0.0003|drop=0.20] Train samples: 194489, Val samples: 20385
2026-02-11 05:56:52,162 - INFO - [assist_09|assist_09_m3grid_s0p3_c3_full|lr=0.0003|drop=0.20] Number of students: 2493
2026-02-11 05:56:52,162 - INFO - [assist_09|assist_09_m3grid_s0p3_c3_full|lr=0.0003|drop=0.20] Number of exercises: 17676
2026-02-11 05:56:52,162 - INFO - [assist_09|assist_09_m3grid_s0p3_c3_full|lr=0.0003|drop=0.20] Number of concepts: 123
2026-02-11 05:56:52,162 - INFO - [assist_09|assist_09_m3grid_s0p3_c3_full|lr=0.0003|drop=0.20] Creating model...
2026-02-11 05:56:52,162 - INFO - [assist_09|assist_09_m3grid_s0p3_c3_full|lr=0.0003|drop=0.20] Ablation switches: ablate_module1=False, ablate_module2=False, ablate_module3=False | enable_module1=True, enable_module2=True, enable_module3=True | use_soft_prototype=False, use_mf_branch=True, use_concept_graph=True, use_q_aligned_residual=True, use_soft_prototype_main_path=False | effective(num_gnn_layers=1, num_prototypes=0)
2026-02-11 05:56:52,331 - INFO - [assist_09|assist_09_m3grid_s0p3_c3_full|lr=0.0003|drop=0.20] Ablation runtime check: args(ablate_module1=False,ablate_module2=False,ablate_module3=False) | model(enable_module1=True,enable_module2=True,enable_module3=True) | physical(has_knowledge_encoder=True,has_mf_branch=True,has_soft_prototype=False)
2026-02-11 05:56:52,331 - INFO - [assist_09|assist_09_m3grid_s0p3_c3_full|lr=0.0003|drop=0.20] Debug diagnostics enabled: diag_batches=2
2026-02-11 05:56:52,332 - INFO - [assist_09|assist_09_m3grid_s0p3_c3_full|lr=0.0003|drop=0.20] Total parameters: 652,399
2026-02-11 05:56:52,332 - INFO - [assist_09|assist_09_m3grid_s0p3_c3_full|lr=0.0003|drop=0.20] Trainable parameters: 652,399
2026-02-11 05:56:53,605 - INFO - [assist_09|assist_09_m3grid_s0p3_c3_full|lr=0.0003|drop=0.20] Starting training...
2026-02-11 05:57:26,490 - INFO - [assist_09|assist_09_m3grid_s0p3_c3_full|lr=0.0003|drop=0.20] Epoch [001/30] | Train: Loss=1.9754, BCE=0.5880, Reg=1.3874, AUC=0.6892, ACC=0.6947, RMSE=0.4483 | Val: Loss=2.0120, BCE=0.5649, Reg=1.4471, AUC=0.7302, ACC=0.7134, RMSE=0.4372
2026-02-11 05:57:26,490 - INFO - [assist_09|assist_09_m3grid_s0p3_c3_full|lr=0.0003|drop=0.20] [Reg Terms] Epoch [001] | Train: graph_entropy=1.376419, mf_l2=0.000002, proto_div=0.000000, proto_usage=0.000000, personal_sparse=0.012745, alpha_var=-0.001768, reg_bce_ratio=2.3594 | Val: graph_entropy=1.443655, mf_l2=0.000004, proto_div=0.000000, proto_usage=0.000000, personal_sparse=0.004937, alpha_var=-0.001512, reg_bce_ratio=2.5615
2026-02-11 05:57:26,812 - INFO - [assist_09|assist_09_m3grid_s0p3_c3_full|lr=0.0003|drop=0.20] [Diag][M3] Epoch [001] | residual_abs_mean=0.1944, residual_std=0.1281, mf_abs_mean=0.1944, mf_std=0.1281, gate_mean=0.0600, gate_std=0.0096, irt_abs_mean=1.3053, irt_std=0.5780, delta_abs_mean=0.0120, delta_std=0.0089, delta_over_irt=0.0092, graph_row_entropy=4.8122, graph_entropy_ratio=1.0000, alpha_mean=0.1605, alpha_std=0.3661, personal_row_entropy=0.6192
2026-02-11 05:57:26,813 - INFO - [assist_09|assist_09_m3grid_s0p3_c3_full|lr=0.0003|drop=0.20] [Grad Norms] Epoch [001] | mf_u_proj=0.001749, mf_v_proj=0.001834, fusion_gate=0.000552, q_gate_raw=0.000048, skill_latent=0.009979
2026-02-11 05:57:27,066 - INFO - [assist_09|assist_09_m3grid_s0p3_c3_full|lr=0.0003|drop=0.20] -> New best AUC=0.7302 at epoch 1
2026-02-11 05:57:59,636 - INFO - [assist_09|assist_09_m3grid_s0p3_c3_full|lr=0.0003|drop=0.20] Epoch [002/30] | Train: Loss=1.9261, BCE=0.5482, Reg=1.3779, AUC=0.7479, ACC=0.7244, RMSE=0.4292 | Val: Loss=2.0050, BCE=0.5598, Reg=1.4451, AUC=0.7366, ACC=0.7147, RMSE=0.4350
2026-02-11 05:57:59,637 - INFO - [assist_09|assist_09_m3grid_s0p3_c3_full|lr=0.0003|drop=0.20] [Reg Terms] Epoch [002] | Train: graph_entropy=1.376397, mf_l2=0.000011, proto_div=0.000000, proto_usage=0.000000, personal_sparse=0.003792, alpha_var=-0.002338, reg_bce_ratio=2.5135 | Val: graph_entropy=1.443655, mf_l2=0.000016, proto_div=0.000000, proto_usage=0.000000, personal_sparse=0.003012, alpha_var=-0.001571, reg_bce_ratio=2.5813
2026-02-11 05:57:59,858 - INFO - [assist_09|assist_09_m3grid_s0p3_c3_full|lr=0.0003|drop=0.20] [Diag][M3] Epoch [002] | residual_abs_mean=0.2870, residual_std=0.1910, mf_abs_mean=0.2870, mf_std=0.1910, gate_mean=0.1216, gate_std=0.0353, irt_abs_mean=1.3280, irt_std=0.5866, delta_abs_mean=0.0367, delta_std=0.0315, delta_over_irt=0.0276, graph_row_entropy=4.8122, graph_entropy_ratio=1.0000, alpha_mean=0.1735, alpha_std=0.3753, personal_row_entropy=0.7065
2026-02-11 05:57:59,858 - INFO - [assist_09|assist_09_m3grid_s0p3_c3_full|lr=0.0003|drop=0.20] [Grad Norms] Epoch [002] | mf_u_proj=0.004178, mf_v_proj=0.004660, fusion_gate=0.001728, q_gate_raw=0.000591, skill_latent=0.021184
2026-02-11 05:58:00,216 - INFO - [assist_09|assist_09_m3grid_s0p3_c3_full|lr=0.0003|drop=0.20] -> New best AUC=0.7366 at epoch 2
2026-02-11 05:58:32,702 - INFO - [assist_09|assist_09_m3grid_s0p3_c3_full|lr=0.0003|drop=0.20] Epoch [003/30] | Train: Loss=1.9102, BCE=0.5337, Reg=1.3766, AUC=0.7654, ACC=0.7327, RMSE=0.4226 | Val: Loss=2.0028, BCE=0.5586, Reg=1.4442, AUC=0.7411, ACC=0.7196, RMSE=0.4342
2026-02-11 05:58:32,703 - INFO - [assist_09|assist_09_m3grid_s0p3_c3_full|lr=0.0003|drop=0.20] [Reg Terms] Epoch [003] | Train: graph_entropy=1.376380, mf_l2=0.000026, proto_div=0.000000, proto_usage=0.000000, personal_sparse=0.002535, alpha_var=-0.002380, reg_bce_ratio=2.5795 | Val: graph_entropy=1.443655, mf_l2=0.000032, proto_div=0.000000, proto_usage=0.000000, personal_sparse=0.002082, alpha_var=-0.001579, reg_bce_ratio=2.5856
2026-02-11 05:58:32,919 - INFO - [assist_09|assist_09_m3grid_s0p3_c3_full|lr=0.0003|drop=0.20] [Diag][M3] Epoch [003] | residual_abs_mean=0.3674, residual_std=0.2515, mf_abs_mean=0.3674, mf_std=0.2515, gate_mean=0.2140, gate_std=0.0656, irt_abs_mean=1.4076, irt_std=0.6016, delta_abs_mean=0.0836, delta_std=0.0749, delta_over_irt=0.0594, graph_row_entropy=4.8122, graph_entropy_ratio=1.0000, alpha_mean=0.1771, alpha_std=0.3742, personal_row_entropy=0.4782
2026-02-11 05:58:32,920 - INFO - [assist_09|assist_09_m3grid_s0p3_c3_full|lr=0.0003|drop=0.20] [Grad Norms] Epoch [003] | mf_u_proj=0.006921, mf_v_proj=0.006901, fusion_gate=0.006010, q_gate_raw=0.001871, skill_latent=0.029728
2026-02-11 05:58:33,256 - INFO - [assist_09|assist_09_m3grid_s0p3_c3_full|lr=0.0003|drop=0.20] -> New best AUC=0.7411 at epoch 3
2026-02-11 05:59:03,536 - INFO - [assist_09|assist_09_m3grid_s0p3_c3_full|lr=0.0003|drop=0.20] Epoch [004/30] | Train: Loss=1.8973, BCE=0.5213, Reg=1.3759, AUC=0.7804, ACC=0.7384, RMSE=0.4172 | Val: Loss=1.9978, BCE=0.5540, Reg=1.4438, AUC=0.7453, ACC=0.7197, RMSE=0.4322
2026-02-11 05:59:03,536 - INFO - [assist_09|assist_09_m3grid_s0p3_c3_full|lr=0.0003|drop=0.20] [Reg Terms] Epoch [004] | Train: graph_entropy=1.376369, mf_l2=0.000044, proto_div=0.000000, proto_usage=0.000000, personal_sparse=0.001904, alpha_var=-0.002410, reg_bce_ratio=2.6391 | Val: graph_entropy=1.443655, mf_l2=0.000051, proto_div=0.000000, proto_usage=0.000000, personal_sparse=0.001704, alpha_var=-0.001602, reg_bce_ratio=2.6060
2026-02-11 05:59:03,814 - INFO - [assist_09|assist_09_m3grid_s0p3_c3_full|lr=0.0003|drop=0.20] [Diag][M3] Epoch [004] | residual_abs_mean=0.4244, residual_std=0.3007, mf_abs_mean=0.4244, mf_std=0.3007, gate_mean=0.2793, gate_std=0.0785, irt_abs_mean=1.3623, irt_std=0.6117, delta_abs_mean=0.1241, delta_std=0.1066, delta_over_irt=0.0911, graph_row_entropy=4.8122, graph_entropy_ratio=1.0000, alpha_mean=0.1736, alpha_std=0.3752, personal_row_entropy=0.4469
2026-02-11 05:59:03,815 - INFO - [assist_09|assist_09_m3grid_s0p3_c3_full|lr=0.0003|drop=0.20] [Grad Norms] Epoch [004] | mf_u_proj=0.014844, mf_v_proj=0.014657, fusion_gate=0.004493, q_gate_raw=0.001975, skill_latent=0.055548
2026-02-11 05:59:04,168 - INFO - [assist_09|assist_09_m3grid_s0p3_c3_full|lr=0.0003|drop=0.20] -> New best AUC=0.7453 at epoch 4
2026-02-11 05:59:36,324 - INFO - [assist_09|assist_09_m3grid_s0p3_c3_full|lr=0.0003|drop=0.20] Epoch [005/30] | Train: Loss=1.8852, BCE=0.5096, Reg=1.3757, AUC=0.7944, ACC=0.7432, RMSE=0.4120 | Val: Loss=1.9943, BCE=0.5508, Reg=1.4435, AUC=0.7497, ACC=0.7226, RMSE=0.4305
2026-02-11 05:59:36,324 - INFO - [assist_09|assist_09_m3grid_s0p3_c3_full|lr=0.0003|drop=0.20] [Reg Terms] Epoch [005] | Train: graph_entropy=1.376399, mf_l2=0.000063, proto_div=0.000000, proto_usage=0.000000, personal_sparse=0.001611, alpha_var=-0.002414, reg_bce_ratio=2.6996 | Val: graph_entropy=1.443655, mf_l2=0.000069, proto_div=0.000000, proto_usage=0.000000, personal_sparse=0.001390, alpha_var=-0.001618, reg_bce_ratio=2.6207
2026-02-11 05:59:36,678 - INFO - [assist_09|assist_09_m3grid_s0p3_c3_full|lr=0.0003|drop=0.20] [Diag][M3] Epoch [005] | residual_abs_mean=0.4845, residual_std=0.3455, mf_abs_mean=0.4845, mf_std=0.3455, gate_mean=0.3184, gate_std=0.0802, irt_abs_mean=1.3386, irt_std=0.6364, delta_abs_mean=0.1591, delta_std=0.1312, delta_over_irt=0.1189, graph_row_entropy=4.8122, graph_entropy_ratio=1.0000, alpha_mean=0.1752, alpha_std=0.3741, personal_row_entropy=0.3632
2026-02-11 05:59:36,678 - INFO - [assist_09|assist_09_m3grid_s0p3_c3_full|lr=0.0003|drop=0.20] [Grad Norms] Epoch [005] | mf_u_proj=0.025201, mf_v_proj=0.023461, fusion_gate=0.003074, q_gate_raw=0.002308, skill_latent=0.096250
2026-02-11 05:59:37,061 - INFO - [assist_09|assist_09_m3grid_s0p3_c3_full|lr=0.0003|drop=0.20] -> New best AUC=0.7497 at epoch 5
2026-02-11 06:00:08,430 - INFO - [assist_09|assist_09_m3grid_s0p3_c3_full|lr=0.0003|drop=0.20] Epoch [006/30] | Train: Loss=1.8744, BCE=0.4990, Reg=1.3753, AUC=0.8065, ACC=0.7491, RMSE=0.4072 | Val: Loss=1.9920, BCE=0.5487, Reg=1.4433, AUC=0.7537, ACC=0.7276, RMSE=0.4294
2026-02-11 06:00:08,430 - INFO - [assist_09|assist_09_m3grid_s0p3_c3_full|lr=0.0003|drop=0.20] [Reg Terms] Epoch [006] | Train: graph_entropy=1.376400, mf_l2=0.000080, proto_div=0.000000, proto_usage=0.000000, personal_sparse=0.001295, alpha_var=-0.002428, reg_bce_ratio=2.7560 | Val: graph_entropy=1.443655, mf_l2=0.000087, proto_div=0.000000, proto_usage=0.000000, personal_sparse=0.001153, alpha_var=-0.001624, reg_bce_ratio=2.6304
2026-02-11 06:00:08,670 - INFO - [assist_09|assist_09_m3grid_s0p3_c3_full|lr=0.0003|drop=0.20] [Diag][M3] Epoch [006] | residual_abs_mean=0.5423, residual_std=0.3845, mf_abs_mean=0.5423, mf_std=0.3845, gate_mean=0.3454, gate_std=0.0766, irt_abs_mean=1.3871, irt_std=0.6496, delta_abs_mean=0.1923, delta_std=0.1519, delta_over_irt=0.1387, graph_row_entropy=4.8122, graph_entropy_ratio=1.0000, alpha_mean=0.1946, alpha_std=0.3915, personal_row_entropy=0.2128
2026-02-11 06:00:08,671 - INFO - [assist_09|assist_09_m3grid_s0p3_c3_full|lr=0.0003|drop=0.20] [Grad Norms] Epoch [006] | mf_u_proj=0.023161, mf_v_proj=0.024076, fusion_gate=0.004016, q_gate_raw=0.003863, skill_latent=0.076076
2026-02-11 06:00:09,020 - INFO - [assist_09|assist_09_m3grid_s0p3_c3_full|lr=0.0003|drop=0.20] -> New best AUC=0.7537 at epoch 6
2026-02-11 06:00:39,448 - INFO - [assist_09|assist_09_m3grid_s0p3_c3_full|lr=0.0003|drop=0.20] Epoch [007/30] | Train: Loss=1.8651, BCE=0.4899, Reg=1.3752, AUC=0.8159, ACC=0.7542, RMSE=0.4031 | Val: Loss=1.9922, BCE=0.5491, Reg=1.4431, AUC=0.7561, ACC=0.7267, RMSE=0.4290
2026-02-11 06:00:39,449 - INFO - [assist_09|assist_09_m3grid_s0p3_c3_full|lr=0.0003|drop=0.20] [Reg Terms] Epoch [007] | Train: graph_entropy=1.376390, mf_l2=0.000099, proto_div=0.000000, proto_usage=0.000000, personal_sparse=0.001125, alpha_var=-0.002433, reg_bce_ratio=2.8069 | Val: graph_entropy=1.443655, mf_l2=0.000104, proto_div=0.000000, proto_usage=0.000000, personal_sparse=0.001021, alpha_var=-0.001638, reg_bce_ratio=2.6282
2026-02-11 06:00:39,680 - INFO - [assist_09|assist_09_m3grid_s0p3_c3_full|lr=0.0003|drop=0.20] [Diag][M3] Epoch [007] | residual_abs_mean=0.5891, residual_std=0.4052, mf_abs_mean=0.5891, mf_std=0.4052, gate_mean=0.3618, gate_std=0.0703, irt_abs_mean=1.4567, irt_std=0.6975, delta_abs_mean=0.2146, delta_std=0.1602, delta_over_irt=0.1473, graph_row_entropy=4.8122, graph_entropy_ratio=1.0000, alpha_mean=0.1973, alpha_std=0.3938, personal_row_entropy=0.1921
2026-02-11 06:00:39,680 - INFO - [assist_09|assist_09_m3grid_s0p3_c3_full|lr=0.0003|drop=0.20] [Grad Norms] Epoch [007] | mf_u_proj=0.040643, mf_v_proj=0.038253, fusion_gate=0.002091, q_gate_raw=0.000519, skill_latent=0.114627
2026-02-11 06:00:40,038 - INFO - [assist_09|assist_09_m3grid_s0p3_c3_full|lr=0.0003|drop=0.20] -> New best AUC=0.7561 at epoch 7
2026-02-11 06:01:11,943 - INFO - [assist_09|assist_09_m3grid_s0p3_c3_full|lr=0.0003|drop=0.20] Epoch [008/30] | Train: Loss=1.8564, BCE=0.4813, Reg=1.3750, AUC=0.8245, ACC=0.7598, RMSE=0.3990 | Val: Loss=1.9895, BCE=0.5464, Reg=1.4431, AUC=0.7586, ACC=0.7299, RMSE=0.4276
2026-02-11 06:01:11,944 - INFO - [assist_09|assist_09_m3grid_s0p3_c3_full|lr=0.0003|drop=0.20] [Reg Terms] Epoch [008] | Train: graph_entropy=1.376388, mf_l2=0.000115, proto_div=0.000000, proto_usage=0.000000, personal_sparse=0.000983, alpha_var=-0.002440, reg_bce_ratio=2.8567 | Val: graph_entropy=1.443655, mf_l2=0.000120, proto_div=0.000000, proto_usage=0.000000, personal_sparse=0.000937, alpha_var=-0.001645, reg_bce_ratio=2.6408
2026-02-11 06:01:12,233 - INFO - [assist_09|assist_09_m3grid_s0p3_c3_full|lr=0.0003|drop=0.20] [Diag][M3] Epoch [008] | residual_abs_mean=0.6599, residual_std=0.4324, mf_abs_mean=0.6599, mf_std=0.4324, gate_mean=0.3705, gate_std=0.0653, irt_abs_mean=1.4660, irt_std=0.7319, delta_abs_mean=0.2451, delta_std=0.1711, delta_over_irt=0.1672, graph_row_entropy=4.8122, graph_entropy_ratio=1.0000, alpha_mean=0.1965, alpha_std=0.3946, personal_row_entropy=0.2526
2026-02-11 06:01:12,234 - INFO - [assist_09|assist_09_m3grid_s0p3_c3_full|lr=0.0003|drop=0.20] [Grad Norms] Epoch [008] | mf_u_proj=0.035849, mf_v_proj=0.036941, fusion_gate=0.002777, q_gate_raw=0.000943, skill_latent=0.105164
2026-02-11 06:01:12,624 - INFO - [assist_09|assist_09_m3grid_s0p3_c3_full|lr=0.0003|drop=0.20] -> New best AUC=0.7586 at epoch 8
2026-02-11 06:01:44,822 - INFO - [assist_09|assist_09_m3grid_s0p3_c3_full|lr=0.0003|drop=0.20] Epoch [009/30] | Train: Loss=1.8482, BCE=0.4732, Reg=1.3750, AUC=0.8319, ACC=0.7651, RMSE=0.3952 | Val: Loss=1.9881, BCE=0.5451, Reg=1.4430, AUC=0.7602, ACC=0.7305, RMSE=0.4271
2026-02-11 06:01:44,823 - INFO - [assist_09|assist_09_m3grid_s0p3_c3_full|lr=0.0003|drop=0.20] [Reg Terms] Epoch [009] | Train: graph_entropy=1.376392, mf_l2=0.000131, proto_div=0.000000, proto_usage=0.000000, personal_sparse=0.000881, alpha_var=-0.002439, reg_bce_ratio=2.9056 | Val: graph_entropy=1.443655, mf_l2=0.000134, proto_div=0.000000, proto_usage=0.000000, personal_sparse=0.000804, alpha_var=-0.001619, reg_bce_ratio=2.6470
2026-02-11 06:01:45,037 - INFO - [assist_09|assist_09_m3grid_s0p3_c3_full|lr=0.0003|drop=0.20] [Diag][M3] Epoch [009] | residual_abs_mean=0.7014, residual_std=0.4778, mf_abs_mean=0.7014, mf_std=0.4778, gate_mean=0.3745, gate_std=0.0691, irt_abs_mean=1.4895, irt_std=0.7195, delta_abs_mean=0.2620, delta_std=0.1900, delta_over_irt=0.1759, graph_row_entropy=4.8122, graph_entropy_ratio=1.0000, alpha_mean=0.1985, alpha_std=0.3939, personal_row_entropy=0.2655
2026-02-11 06:01:45,037 - WARNING - [assist_09|assist_09_m3grid_s0p3_c3_full|lr=0.0003|drop=0.20] [Diag Warning][M3] delta_over_irt has stayed high for 2 epoch(s): delta_over_irt=0.1759, delta_abs_mean=0.2620
2026-02-11 06:01:45,037 - INFO - [assist_09|assist_09_m3grid_s0p3_c3_full|lr=0.0003|drop=0.20] [Grad Norms] Epoch [009] | mf_u_proj=0.040231, mf_v_proj=0.037915, fusion_gate=0.001777, q_gate_raw=0.002151, skill_latent=0.100356
2026-02-11 06:01:45,374 - INFO - [assist_09|assist_09_m3grid_s0p3_c3_full|lr=0.0003|drop=0.20] -> New best AUC=0.7602 at epoch 9
2026-02-11 06:02:17,849 - INFO - [assist_09|assist_09_m3grid_s0p3_c3_full|lr=0.0003|drop=0.20] Epoch [010/30] | Train: Loss=1.8418, BCE=0.4669, Reg=1.3749, AUC=0.8373, ACC=0.7686, RMSE=0.3922 | Val: Loss=1.9895, BCE=0.5466, Reg=1.4429, AUC=0.7623, ACC=0.7320, RMSE=0.4272
2026-02-11 06:02:17,850 - INFO - [assist_09|assist_09_m3grid_s0p3_c3_full|lr=0.0003|drop=0.20] [Reg Terms] Epoch [010] | Train: graph_entropy=1.376415, mf_l2=0.000143, proto_div=0.000000, proto_usage=0.000000, personal_sparse=0.000799, alpha_var=-0.002439, reg_bce_ratio=2.9449 | Val: graph_entropy=1.443655, mf_l2=0.000146, proto_div=0.000000, proto_usage=0.000000, personal_sparse=0.000737, alpha_var=-0.001622, reg_bce_ratio=2.6398
2026-02-11 06:02:18,146 - INFO - [assist_09|assist_09_m3grid_s0p3_c3_full|lr=0.0003|drop=0.20] [Diag][M3] Epoch [010] | residual_abs_mean=0.7774, residual_std=0.5038, mf_abs_mean=0.7774, mf_std=0.5038, gate_mean=0.3805, gate_std=0.0620, irt_abs_mean=1.6212, irt_std=0.7520, delta_abs_mean=0.2953, delta_std=0.2005, delta_over_irt=0.1821, graph_row_entropy=4.8122, graph_entropy_ratio=1.0000, alpha_mean=0.2590, alpha_std=0.4327, personal_row_entropy=0.1487
2026-02-11 06:02:18,146 - WARNING - [assist_09|assist_09_m3grid_s0p3_c3_full|lr=0.0003|drop=0.20] [Diag Warning][M3] delta_over_irt has stayed high for 3 epoch(s): delta_over_irt=0.1821, delta_abs_mean=0.2953
2026-02-11 06:02:18,146 - INFO - [assist_09|assist_09_m3grid_s0p3_c3_full|lr=0.0003|drop=0.20] [Grad Norms] Epoch [010] | mf_u_proj=0.040566, mf_v_proj=0.044376, fusion_gate=0.004125, q_gate_raw=0.001756, skill_latent=0.108054
2026-02-11 06:02:18,531 - INFO - [assist_09|assist_09_m3grid_s0p3_c3_full|lr=0.0003|drop=0.20] -> New best AUC=0.7623 at epoch 10
2026-02-11 06:02:18,583 - INFO - [assist_09|assist_09_m3grid_s0p3_c3_full|lr=0.0003|drop=0.20] Checkpoint saved: checkpoints/assist_09_m3grid/seed42/s0p3_c3_full/checkpoint_epoch_10.pth
2026-02-11 06:02:18,846 - INFO - [assist_09|assist_09_m3grid_s0p3_c3_full|lr=0.0003|drop=0.20] [Module Activity] Epoch 10: Graph✗ Personal✓ MF✓
2026-02-11 06:02:51,484 - INFO - [assist_09|assist_09_m3grid_s0p3_c3_full|lr=0.0003|drop=0.20] Epoch [011/30] | Train: Loss=1.8356, BCE=0.4608, Reg=1.3748, AUC=0.8421, ACC=0.7728, RMSE=0.3894 | Val: Loss=1.9877, BCE=0.5448, Reg=1.4429, AUC=0.7627, ACC=0.7302, RMSE=0.4262
2026-02-11 06:02:51,485 - INFO - [assist_09|assist_09_m3grid_s0p3_c3_full|lr=0.0003|drop=0.20] [Reg Terms] Epoch [011] | Train: graph_entropy=1.376356, mf_l2=0.000155, proto_div=0.000000, proto_usage=0.000000, personal_sparse=0.000732, alpha_var=-0.002441, reg_bce_ratio=2.9837 | Val: graph_entropy=1.443655, mf_l2=0.000158, proto_div=0.000000, proto_usage=0.000000, personal_sparse=0.000685, alpha_var=-0.001620, reg_bce_ratio=2.6484
2026-02-11 06:02:51,693 - INFO - [assist_09|assist_09_m3grid_s0p3_c3_full|lr=0.0003|drop=0.20] [Diag][M3] Epoch [011] | residual_abs_mean=0.8266, residual_std=0.5375, mf_abs_mean=0.8266, mf_std=0.5375, gate_mean=0.3801, gate_std=0.0638, irt_abs_mean=1.5303, irt_std=0.7670, delta_abs_mean=0.3130, delta_std=0.2135, delta_over_irt=0.2045, graph_row_entropy=4.8122, graph_entropy_ratio=1.0000, alpha_mean=0.2610, alpha_std=0.4354, personal_row_entropy=0.1351
2026-02-11 06:02:51,693 - WARNING - [assist_09|assist_09_m3grid_s0p3_c3_full|lr=0.0003|drop=0.20] [Diag Warning][M3] delta_over_irt has stayed high for 4 epoch(s): delta_over_irt=0.2045, delta_abs_mean=0.3130
2026-02-11 06:02:51,693 - INFO - [assist_09|assist_09_m3grid_s0p3_c3_full|lr=0.0003|drop=0.20] [Grad Norms] Epoch [011] | mf_u_proj=0.037329, mf_v_proj=0.037720, fusion_gate=0.000401, q_gate_raw=0.000196, skill_latent=0.102032
2026-02-11 06:02:51,986 - INFO - [assist_09|assist_09_m3grid_s0p3_c3_full|lr=0.0003|drop=0.20] -> New best AUC=0.7627 at epoch 11
2026-02-11 06:03:24,826 - INFO - [assist_09|assist_09_m3grid_s0p3_c3_full|lr=0.0003|drop=0.20] Epoch [012/30] | Train: Loss=1.8304, BCE=0.4556, Reg=1.3748, AUC=0.8460, ACC=0.7763, RMSE=0.3869 | Val: Loss=1.9867, BCE=0.5438, Reg=1.4429, AUC=0.7648, ACC=0.7317, RMSE=0.4256
2026-02-11 06:03:24,827 - INFO - [assist_09|assist_09_m3grid_s0p3_c3_full|lr=0.0003|drop=0.20] [Reg Terms] Epoch [012] | Train: graph_entropy=1.376397, mf_l2=0.000166, proto_div=0.000000, proto_usage=0.000000, personal_sparse=0.000670, alpha_var=-0.002445, reg_bce_ratio=3.0176 | Val: graph_entropy=1.443655, mf_l2=0.000168, proto_div=0.000000, proto_usage=0.000000, personal_sparse=0.000656, alpha_var=-0.001609, reg_bce_ratio=2.6531
2026-02-11 06:03:25,148 - INFO - [assist_09|assist_09_m3grid_s0p3_c3_full|lr=0.0003|drop=0.20] [Diag][M3] Epoch [012] | residual_abs_mean=0.8809, residual_std=0.5655, mf_abs_mean=0.8809, mf_std=0.5655, gate_mean=0.3811, gate_std=0.0629, irt_abs_mean=1.5721, irt_std=0.7699, delta_abs_mean=0.3350, delta_std=0.2258, delta_over_irt=0.2131, graph_row_entropy=4.8122, graph_entropy_ratio=1.0000, alpha_mean=0.2630, alpha_std=0.4345, personal_row_entropy=0.1427
2026-02-11 06:03:25,148 - WARNING - [assist_09|assist_09_m3grid_s0p3_c3_full|lr=0.0003|drop=0.20] [Diag Warning][M3] delta_over_irt has stayed high for 5 epoch(s): delta_over_irt=0.2131, delta_abs_mean=0.3350
2026-02-11 06:03:25,148 - INFO - [assist_09|assist_09_m3grid_s0p3_c3_full|lr=0.0003|drop=0.20] [Grad Norms] Epoch [012] | mf_u_proj=0.049805, mf_v_proj=0.051943, fusion_gate=0.003395, q_gate_raw=0.000591, skill_latent=0.126781
2026-02-11 06:03:25,504 - INFO - [assist_09|assist_09_m3grid_s0p3_c3_full|lr=0.0003|drop=0.20] -> New best AUC=0.7648 at epoch 12
2026-02-11 06:03:59,614 - INFO - [assist_09|assist_09_m3grid_s0p3_c3_full|lr=0.0003|drop=0.20] Epoch [013/30] | Train: Loss=1.8261, BCE=0.4513, Reg=1.3748, AUC=0.8492, ACC=0.7781, RMSE=0.3850 | Val: Loss=1.9863, BCE=0.5435, Reg=1.4428, AUC=0.7653, ACC=0.7320, RMSE=0.4255
2026-02-11 06:03:59,615 - INFO - [assist_09|assist_09_m3grid_s0p3_c3_full|lr=0.0003|drop=0.20] [Reg Terms] Epoch [013] | Train: graph_entropy=1.376385, mf_l2=0.000176, proto_div=0.000000, proto_usage=0.000000, personal_sparse=0.000647, alpha_var=-0.002445, reg_bce_ratio=3.0459 | Val: graph_entropy=1.443655, mf_l2=0.000176, proto_div=0.000000, proto_usage=0.000000, personal_sparse=0.000605, alpha_var=-0.001622, reg_bce_ratio=2.6549
2026-02-11 06:03:59,994 - INFO - [assist_09|assist_09_m3grid_s0p3_c3_full|lr=0.0003|drop=0.20] [Diag][M3] Epoch [013] | residual_abs_mean=0.9264, residual_std=0.5892, mf_abs_mean=0.9264, mf_std=0.5892, gate_mean=0.3831, gate_std=0.0588, irt_abs_mean=1.5689, irt_std=0.8094, delta_abs_mean=0.3551, delta_std=0.2342, delta_over_irt=0.2264, graph_row_entropy=4.8122, graph_entropy_ratio=1.0000, alpha_mean=0.2662, alpha_std=0.4379, personal_row_entropy=0.1553
2026-02-11 06:03:59,995 - WARNING - [assist_09|assist_09_m3grid_s0p3_c3_full|lr=0.0003|drop=0.20] [Diag Warning][M3] delta_over_irt has stayed high for 6 epoch(s): delta_over_irt=0.2264, delta_abs_mean=0.3551
2026-02-11 06:03:59,995 - INFO - [assist_09|assist_09_m3grid_s0p3_c3_full|lr=0.0003|drop=0.20] [Grad Norms] Epoch [013] | mf_u_proj=0.050816, mf_v_proj=0.050133, fusion_gate=0.000472, q_gate_raw=0.000639, skill_latent=0.124429
2026-02-11 06:04:00,407 - INFO - [assist_09|assist_09_m3grid_s0p3_c3_full|lr=0.0003|drop=0.20] -> New best AUC=0.7653 at epoch 13
2026-02-11 06:04:32,419 - INFO - [assist_09|assist_09_m3grid_s0p3_c3_full|lr=0.0003|drop=0.20] Epoch [014/30] | Train: Loss=1.8226, BCE=0.4479, Reg=1.3748, AUC=0.8518, ACC=0.7803, RMSE=0.3834 | Val: Loss=1.9896, BCE=0.5468, Reg=1.4428, AUC=0.7648, ACC=0.7309, RMSE=0.4263
2026-02-11 06:04:32,419 - INFO - [assist_09|assist_09_m3grid_s0p3_c3_full|lr=0.0003|drop=0.20] [Reg Terms] Epoch [014] | Train: graph_entropy=1.376433, mf_l2=0.000185, proto_div=0.000000, proto_usage=0.000000, personal_sparse=0.000611, alpha_var=-0.002444, reg_bce_ratio=3.0697 | Val: graph_entropy=1.443655, mf_l2=0.000185, proto_div=0.000000, proto_usage=0.000000, personal_sparse=0.000574, alpha_var=-0.001618, reg_bce_ratio=2.6387
2026-02-11 06:04:32,645 - INFO - [assist_09|assist_09_m3grid_s0p3_c3_full|lr=0.0003|drop=0.20] [Diag][M3] Epoch [014] | residual_abs_mean=0.9746, residual_std=0.6139, mf_abs_mean=0.9746, mf_std=0.6139, gate_mean=0.3829, gate_std=0.0607, irt_abs_mean=1.6139, irt_std=0.8190, delta_abs_mean=0.3725, delta_std=0.2461, delta_over_irt=0.2308, graph_row_entropy=4.8122, graph_entropy_ratio=1.0000, alpha_mean=0.2653, alpha_std=0.4384, personal_row_entropy=0.1003
2026-02-11 06:04:32,646 - WARNING - [assist_09|assist_09_m3grid_s0p3_c3_full|lr=0.0003|drop=0.20] [Diag Warning][M3] delta_over_irt has stayed high for 7 epoch(s): delta_over_irt=0.2308, delta_abs_mean=0.3725
2026-02-11 06:04:32,646 - INFO - [assist_09|assist_09_m3grid_s0p3_c3_full|lr=0.0003|drop=0.20] [Grad Norms] Epoch [014] | mf_u_proj=0.051333, mf_v_proj=0.052143, fusion_gate=0.001242, q_gate_raw=0.003507, skill_latent=0.129755
2026-02-11 06:04:32,646 - INFO - [assist_09|assist_09_m3grid_s0p3_c3_full|lr=0.0003|drop=0.20] -> No improvement 1 epoch(s) (best AUC=0.7653 @ 13)
2026-02-11 06:05:05,023 - INFO - [assist_09|assist_09_m3grid_s0p3_c3_full|lr=0.0003|drop=0.20] Epoch [015/30] | Train: Loss=1.8183, BCE=0.4436, Reg=1.3747, AUC=0.8550, ACC=0.7827, RMSE=0.3814 | Val: Loss=1.9892, BCE=0.5464, Reg=1.4428, AUC=0.7656, ACC=0.7325, RMSE=0.4260
2026-02-11 06:05:05,024 - INFO - [assist_09|assist_09_m3grid_s0p3_c3_full|lr=0.0003|drop=0.20] [Reg Terms] Epoch [015] | Train: graph_entropy=1.376402, mf_l2=0.000195, proto_div=0.000000, proto_usage=0.000000, personal_sparse=0.000572, alpha_var=-0.002447, reg_bce_ratio=3.0991 | Val: graph_entropy=1.443655, mf_l2=0.000195, proto_div=0.000000, proto_usage=0.000000, personal_sparse=0.000539, alpha_var=-0.001616, reg_bce_ratio=2.6404
2026-02-11 06:05:05,327 - INFO - [assist_09|assist_09_m3grid_s0p3_c3_full|lr=0.0003|drop=0.20] [Diag][M3] Epoch [015] | residual_abs_mean=1.0165, residual_std=0.6407, mf_abs_mean=1.0165, mf_std=0.6407, gate_mean=0.3827, gate_std=0.0624, irt_abs_mean=1.6002, irt_std=0.8318, delta_abs_mean=0.3906, delta_std=0.2571, delta_over_irt=0.2441, graph_row_entropy=4.8122, graph_entropy_ratio=1.0000, alpha_mean=0.2643, alpha_std=0.4374, personal_row_entropy=0.0904
2026-02-11 06:05:05,328 - WARNING - [assist_09|assist_09_m3grid_s0p3_c3_full|lr=0.0003|drop=0.20] [Diag Warning][M3] delta_over_irt has stayed high for 8 epoch(s): delta_over_irt=0.2441, delta_abs_mean=0.3906
2026-02-11 06:05:05,328 - INFO - [assist_09|assist_09_m3grid_s0p3_c3_full|lr=0.0003|drop=0.20] [Grad Norms] Epoch [015] | mf_u_proj=0.051045, mf_v_proj=0.053673, fusion_gate=0.002318, q_gate_raw=0.000864, skill_latent=0.127469
2026-02-11 06:05:05,729 - INFO - [assist_09|assist_09_m3grid_s0p3_c3_full|lr=0.0003|drop=0.20] -> New best AUC=0.7656 at epoch 15
2026-02-11 06:05:39,663 - INFO - [assist_09|assist_09_m3grid_s0p3_c3_full|lr=0.0003|drop=0.20] Epoch [016/30] | Train: Loss=1.8155, BCE=0.4408, Reg=1.3747, AUC=0.8566, ACC=0.7848, RMSE=0.3801 | Val: Loss=1.9904, BCE=0.5477, Reg=1.4428, AUC=0.7664, ACC=0.7328, RMSE=0.4263
2026-02-11 06:05:39,663 - INFO - [assist_09|assist_09_m3grid_s0p3_c3_full|lr=0.0003|drop=0.20] [Reg Terms] Epoch [016] | Train: graph_entropy=1.376381, mf_l2=0.000203, proto_div=0.000000, proto_usage=0.000000, personal_sparse=0.000556, alpha_var=-0.002448, reg_bce_ratio=3.1184 | Val: graph_entropy=1.443655, mf_l2=0.000203, proto_div=0.000000, proto_usage=0.000000, personal_sparse=0.000525, alpha_var=-0.001621, reg_bce_ratio=2.6343
2026-02-11 06:05:39,884 - INFO - [assist_09|assist_09_m3grid_s0p3_c3_full|lr=0.0003|drop=0.20] [Diag][M3] Epoch [016] | residual_abs_mean=1.0818, residual_std=0.6583, mf_abs_mean=1.0818, mf_std=0.6583, gate_mean=0.3853, gate_std=0.0553, irt_abs_mean=1.6509, irt_std=0.8503, delta_abs_mean=0.4164, delta_std=0.2641, delta_over_irt=0.2523, graph_row_entropy=4.8122, graph_entropy_ratio=1.0000, alpha_mean=0.2649, alpha_std=0.4390, personal_row_entropy=0.0905
2026-02-11 06:05:39,885 - WARNING - [assist_09|assist_09_m3grid_s0p3_c3_full|lr=0.0003|drop=0.20] [Diag Warning][M3] delta_over_irt has stayed high for 9 epoch(s): delta_over_irt=0.2523, delta_abs_mean=0.4164
2026-02-11 06:05:39,885 - INFO - [assist_09|assist_09_m3grid_s0p3_c3_full|lr=0.0003|drop=0.20] [Grad Norms] Epoch [016] | mf_u_proj=0.054094, mf_v_proj=0.059079, fusion_gate=0.002142, q_gate_raw=0.002164, skill_latent=0.136111
2026-02-11 06:05:40,234 - INFO - [assist_09|assist_09_m3grid_s0p3_c3_full|lr=0.0003|drop=0.20] -> New best AUC=0.7664 at epoch 16
2026-02-11 06:06:14,008 - INFO - [assist_09|assist_09_m3grid_s0p3_c3_full|lr=0.0003|drop=0.20] Epoch [017/30] | Train: Loss=1.8130, BCE=0.4383, Reg=1.3747, AUC=0.8586, ACC=0.7862, RMSE=0.3788 | Val: Loss=1.9911, BCE=0.5483, Reg=1.4427, AUC=0.7668, ACC=0.7325, RMSE=0.4262
2026-02-11 06:06:14,009 - INFO - [assist_09|assist_09_m3grid_s0p3_c3_full|lr=0.0003|drop=0.20] [Reg Terms] Epoch [017] | Train: graph_entropy=1.376402, mf_l2=0.000212, proto_div=0.000000, proto_usage=0.000000, personal_sparse=0.000535, alpha_var=-0.002449, reg_bce_ratio=3.1365 | Val: graph_entropy=1.443655, mf_l2=0.000213, proto_div=0.000000, proto_usage=0.000000, personal_sparse=0.000488, alpha_var=-0.001622, reg_bce_ratio=2.6312
2026-02-11 06:06:14,328 - INFO - [assist_09|assist_09_m3grid_s0p3_c3_full|lr=0.0003|drop=0.20] [Diag][M3] Epoch [017] | residual_abs_mean=1.1258, residual_std=0.6904, mf_abs_mean=1.1258, mf_std=0.6904, gate_mean=0.3870, gate_std=0.0483, irt_abs_mean=1.6407, irt_std=0.8708, delta_abs_mean=0.4341, delta_std=0.2760, delta_over_irt=0.2646, graph_row_entropy=4.8122, graph_entropy_ratio=1.0000, alpha_mean=0.2659, alpha_std=0.4397, personal_row_entropy=0.0855
2026-02-11 06:06:14,328 - WARNING - [assist_09|assist_09_m3grid_s0p3_c3_full|lr=0.0003|drop=0.20] [Diag Warning][M3] delta_over_irt has stayed high for 10 epoch(s): delta_over_irt=0.2646, delta_abs_mean=0.4341
2026-02-11 06:06:14,328 - INFO - [assist_09|assist_09_m3grid_s0p3_c3_full|lr=0.0003|drop=0.20] [Grad Norms] Epoch [017] | mf_u_proj=0.051534, mf_v_proj=0.055824, fusion_gate=0.005037, q_gate_raw=0.000328, skill_latent=0.122101
2026-02-11 06:06:14,667 - INFO - [assist_09|assist_09_m3grid_s0p3_c3_full|lr=0.0003|drop=0.20] -> New best AUC=0.7668 at epoch 17
2026-02-11 06:06:47,928 - INFO - [assist_09|assist_09_m3grid_s0p3_c3_full|lr=0.0003|drop=0.20] Epoch [018/30] | Train: Loss=1.8102, BCE=0.4355, Reg=1.3747, AUC=0.8603, ACC=0.7884, RMSE=0.3775 | Val: Loss=1.9914, BCE=0.5487, Reg=1.4427, AUC=0.7661, ACC=0.7325, RMSE=0.4264
2026-02-11 06:06:47,928 - INFO - [assist_09|assist_09_m3grid_s0p3_c3_full|lr=0.0003|drop=0.20] [Reg Terms] Epoch [018] | Train: graph_entropy=1.376414, mf_l2=0.000220, proto_div=0.000000, proto_usage=0.000000, personal_sparse=0.000508, alpha_var=-0.002448, reg_bce_ratio=3.1567 | Val: graph_entropy=1.443655, mf_l2=0.000220, proto_div=0.000000, proto_usage=0.000000, personal_sparse=0.000483, alpha_var=-0.001619, reg_bce_ratio=2.6295
2026-02-11 06:06:48,141 - INFO - [assist_09|assist_09_m3grid_s0p3_c3_full|lr=0.0003|drop=0.20] [Diag][M3] Epoch [018] | residual_abs_mean=1.1702, residual_std=0.7170, mf_abs_mean=1.1702, mf_std=0.7170, gate_mean=0.3883, gate_std=0.0424, irt_abs_mean=1.5810, irt_std=0.8481, delta_abs_mean=0.4528, delta_std=0.2856, delta_over_irt=0.2864, graph_row_entropy=4.8122, graph_entropy_ratio=1.0000, alpha_mean=0.2669, alpha_std=0.4397, personal_row_entropy=0.0802
2026-02-11 06:06:48,141 - WARNING - [assist_09|assist_09_m3grid_s0p3_c3_full|lr=0.0003|drop=0.20] [Diag Warning][M3] delta_over_irt has stayed high for 11 epoch(s): delta_over_irt=0.2864, delta_abs_mean=0.4528
2026-02-11 06:06:48,141 - INFO - [assist_09|assist_09_m3grid_s0p3_c3_full|lr=0.0003|drop=0.20] [Grad Norms] Epoch [018] | mf_u_proj=0.054776, mf_v_proj=0.058369, fusion_gate=0.003422, q_gate_raw=0.001578, skill_latent=0.123131
2026-02-11 06:06:48,141 - INFO - [assist_09|assist_09_m3grid_s0p3_c3_full|lr=0.0003|drop=0.20] -> No improvement 1 epoch(s) (best AUC=0.7668 @ 17)
2026-02-11 06:07:23,704 - INFO - [assist_09|assist_09_m3grid_s0p3_c3_full|lr=0.0003|drop=0.20] Epoch [019/30] | Train: Loss=1.8072, BCE=0.4325, Reg=1.3747, AUC=0.8622, ACC=0.7896, RMSE=0.3762 | Val: Loss=1.9950, BCE=0.5522, Reg=1.4427, AUC=0.7657, ACC=0.7314, RMSE=0.4272
2026-02-11 06:07:23,704 - INFO - [assist_09|assist_09_m3grid_s0p3_c3_full|lr=0.0003|drop=0.20] [Reg Terms] Epoch [019] | Train: graph_entropy=1.376405, mf_l2=0.000228, proto_div=0.000000, proto_usage=0.000000, personal_sparse=0.000486, alpha_var=-0.002447, reg_bce_ratio=3.1781 | Val: graph_entropy=1.443655, mf_l2=0.000228, proto_div=0.000000, proto_usage=0.000000, personal_sparse=0.000479, alpha_var=-0.001613, reg_bce_ratio=2.6127
2026-02-11 06:07:23,983 - INFO - [assist_09|assist_09_m3grid_s0p3_c3_full|lr=0.0003|drop=0.20] [Diag][M3] Epoch [019] | residual_abs_mean=1.2162, residual_std=0.7358, mf_abs_mean=1.2162, mf_std=0.7358, gate_mean=0.3902, gate_std=0.0384, irt_abs_mean=1.6510, irt_std=0.8864, delta_abs_mean=0.4738, delta_std=0.2932, delta_over_irt=0.2870, graph_row_entropy=4.8122, graph_entropy_ratio=1.0000, alpha_mean=0.2653, alpha_std=0.4387, personal_row_entropy=0.0871
2026-02-11 06:07:23,983 - WARNING - [assist_09|assist_09_m3grid_s0p3_c3_full|lr=0.0003|drop=0.20] [Diag Warning][M3] delta_over_irt has stayed high for 12 epoch(s): delta_over_irt=0.2870, delta_abs_mean=0.4738
2026-02-11 06:07:23,984 - INFO - [assist_09|assist_09_m3grid_s0p3_c3_full|lr=0.0003|drop=0.20] [Grad Norms] Epoch [019] | mf_u_proj=0.042881, mf_v_proj=0.045099, fusion_gate=0.004313, q_gate_raw=0.001557, skill_latent=0.135547
2026-02-11 06:07:23,984 - INFO - [assist_09|assist_09_m3grid_s0p3_c3_full|lr=0.0003|drop=0.20] -> No improvement 2 epoch(s) (best AUC=0.7668 @ 17)
2026-02-11 06:08:01,294 - INFO - [assist_09|assist_09_m3grid_s0p3_c3_full|lr=0.0003|drop=0.20] Epoch [020/30] | Train: Loss=1.7989, BCE=0.4243, Reg=1.3746, AUC=0.8689, ACC=0.7943, RMSE=0.3720 | Val: Loss=1.9976, BCE=0.5549, Reg=1.4427, AUC=0.7655, ACC=0.7316, RMSE=0.4279
2026-02-11 06:08:01,294 - INFO - [assist_09|assist_09_m3grid_s0p3_c3_full|lr=0.0003|drop=0.20] [Reg Terms] Epoch [020] | Train: graph_entropy=1.376376, mf_l2=0.000235, proto_div=0.000000, proto_usage=0.000000, personal_sparse=0.000455, alpha_var=-0.002448, reg_bce_ratio=3.2397 | Val: graph_entropy=1.443655, mf_l2=0.000241, proto_div=0.000000, proto_usage=0.000000, personal_sparse=0.000416, alpha_var=-0.001616, reg_bce_ratio=2.5998
2026-02-11 06:08:01,522 - INFO - [assist_09|assist_09_m3grid_s0p3_c3_full|lr=0.0003|drop=0.20] [Diag][M3] Epoch [020] | residual_abs_mean=1.2355, residual_std=0.7489, mf_abs_mean=1.2355, mf_std=0.7489, gate_mean=0.3894, gate_std=0.0409, irt_abs_mean=1.6724, irt_std=0.9022, delta_abs_mean=0.4803, delta_std=0.2991, delta_over_irt=0.2872, graph_row_entropy=4.8122, graph_entropy_ratio=1.0000, alpha_mean=0.2649, alpha_std=0.4378, personal_row_entropy=0.0658
2026-02-11 06:08:01,522 - WARNING - [assist_09|assist_09_m3grid_s0p3_c3_full|lr=0.0003|drop=0.20] [Diag Warning][M3] delta_over_irt has stayed high for 13 epoch(s): delta_over_irt=0.2872, delta_abs_mean=0.4803
2026-02-11 06:08:01,522 - INFO - [assist_09|assist_09_m3grid_s0p3_c3_full|lr=0.0003|drop=0.20] [Grad Norms] Epoch [020] | mf_u_proj=0.056016, mf_v_proj=0.062071, fusion_gate=0.007258, q_gate_raw=0.002120, skill_latent=0.142993
2026-02-11 06:08:01,522 - INFO - [assist_09|assist_09_m3grid_s0p3_c3_full|lr=0.0003|drop=0.20] -> No improvement 3 epoch(s) (best AUC=0.7668 @ 17)
2026-02-11 06:08:01,522 - INFO - [assist_09|assist_09_m3grid_s0p3_c3_full|lr=0.0003|drop=0.20] Early stopping at epoch 20 (best AUC=0.7668 @ 17)
2026-02-11 06:08:01,528 - INFO - Epoch-wise metrics saved to checkpoints/assist_09_m3grid/seed42/s0p3_c3_full/metrics_history.csv
2026-02-11 06:08:01,530 - INFO - [assist_09|assist_09_m3grid_s0p3_c3_full|lr=0.0003|drop=0.20] Training completed! Best Val AUC=0.7668 @ epoch 17
2026-02-11 06:08:01,719 - INFO - 
============================================================
         MODULE ACTIVITY REPORT
============================================================
Dataset: assist_09 | Seed: 42 | Epoch: 20

1. Soft Prototype Module:
   - Status: DISABLED (num_prototypes=0 or use_soft_prototype=False)

2. Concept Graph Module:
   - Mean row entropy: 4.812 / 4.812
   - Entropy ratio: 100.0%
   - Status: ✗ TRIVIAL (uniform distribution, not learning)
   → Consider: increase lambda_sparse or training longer

3. Personal Graph Module:
   - Gate alpha mean: 0.308
   - Gate alpha std: 0.459
   - Status: ✓ ACTIVE (using personalization)

4. Skill/MF Module:
   - MF logit |mean|: 1.2031
   - MF logit std: 1.3749
   - Fusion gate mean: 0.391
   - Status: ✓ ACTIVE (contributing to predictions)

------------------------------------------------------------
SUMMARY:
   Active modules: Personal Graph, Skill/MF
   ⚠ Inactive modules: Concept Graph
============================================================
2026-02-11 06:08:01,719 - INFO - [assist_09|assist_09_m3grid_s0p3_c3_full|lr=0.0003|drop=0.20] Module activity saved to checkpoints/assist_09_m3grid/seed42/s0p3_c3_full/module_activity.json
2026-02-11 06:08:01,780 - INFO - Using device: cuda:0 (physical gpu 1)
2026-02-11 06:08:01,780 - INFO - Loading model from checkpoints/assist_09_m3grid/seed42/s0p3_c3_full/best_model.pth...
2026-02-11 06:08:02,288 - INFO - Inference switches: ablate_module1=False, ablate_module2=False, ablate_module3=False | enable_module1=True, enable_module2=True, enable_module3=True | use_soft_prototype=False, use_mf_branch=True, use_concept_graph=True, use_q_aligned_residual=True, use_soft_prototype_main_path=False | effective(num_gnn_layers=1, num_prototypes=0)
2026-02-11 06:08:02,305 - INFO - [Inference] Ablation runtime check: args(ablate_module1=False,ablate_module2=False,ablate_module3=False) | model(enable_module1=True,enable_module2=True,enable_module3=True) | physical(has_knowledge_encoder=True,has_mf_branch=True,has_soft_prototype=False)
2026-02-11 06:08:02,307 - INFO - Model loaded from epoch 17. Start testing...
2026-02-11 06:08:03,391 - INFO - [Test] 200/411 batches done, samples=25600
2026-02-11 06:08:04,378 - INFO - [Test] 400/411 batches done, samples=51200
2026-02-11 06:08:04,488 - INFO - 
==================================================
2026-02-11 06:08:04,489 - INFO - Test Results:
2026-02-11 06:08:04,489 - INFO - AUC: 0.7712
2026-02-11 06:08:04,489 - INFO - ACC: 0.7384
2026-02-11 06:08:04,489 - INFO - RMSE: 0.4228
2026-02-11 06:08:04,489 - INFO - ==================================================
2026-02-11 06:08:04,505 - INFO - Summary appended to /home/zsh/ConceptSkillCDM/results/experiment_results.csv
2026-02-11 06:08:04,510 - INFO - Run completed.
2026-02-11 06:08:04,510 - INFO - Best validation AUC: 0.7668 at epoch 17
2026-02-11 06:08:04,511 - INFO - Test metrics - AUC: 0.7712, ACC: 0.7384, RMSE: 0.4228
