2026-02-11 05:47:08,081 - INFO - Arguments:
2026-02-11 05:47:08,081 - INFO -   ablate_concept_graph: False
2026-02-11 05:47:08,081 - INFO -   ablate_module1: False
2026-02-11 05:47:08,081 - INFO -   ablate_module2: False
2026-02-11 05:47:08,081 - INFO -   ablate_module3: True
2026-02-11 05:47:08,081 - INFO -   ablate_skill_encoder: False
2026-02-11 05:47:08,081 - INFO -   ablate_soft_prototype: True
2026-02-11 05:47:08,081 - INFO -   allow_self_loop: True
2026-02-11 05:47:08,081 - INFO -   batch_size: 128
2026-02-11 05:47:08,081 - INFO -   data_dir: ./data/assist_09
2026-02-11 05:47:08,081 - INFO -   dataset_name: assist_09
2026-02-11 05:47:08,081 - INFO -   debug_module3_diag: True
2026-02-11 05:47:08,081 - INFO -   diag_batches: 2
2026-02-11 05:47:08,081 - INFO -   disable_q_aligned_residual: False
2026-02-11 05:47:08,081 - INFO -   disable_q_conditioning: False
2026-02-11 05:47:08,082 - INFO -   disable_self_loop: False
2026-02-11 05:47:08,082 - INFO -   disable_soft_prototype: True
2026-02-11 05:47:08,082 - INFO -   dropout: 0.15
2026-02-11 05:47:08,082 - INFO -   early_stop_patience: 3
2026-02-11 05:47:08,082 - INFO -   enable_module1: True
2026-02-11 05:47:08,082 - INFO -   enable_module2: True
2026-02-11 05:47:08,082 - INFO -   enable_module3: False
2026-02-11 05:47:08,082 - INFO -   enable_soft_prototype: False
2026-02-11 05:47:08,082 - INFO -   epochs: 30
2026-02-11 05:47:08,082 - INFO -   exercise_dim: 64
2026-02-11 05:47:08,082 - INFO -   exercise_l2_lambda: 5e-05
2026-02-11 05:47:08,082 - INFO -   fusion_gate_bias_init: -2.5
2026-02-11 05:47:08,082 - INFO -   fusion_gate_max: 0.4
2026-02-11 05:47:08,082 - INFO -   generate_diagnosis: False
2026-02-11 05:47:08,082 - INFO -   gnn_residual_weight: 0.5
2026-02-11 05:47:08,082 - INFO -   gpu_candidates: None
2026-02-11 05:47:08,082 - INFO -   gpu_ids: None
2026-02-11 05:47:08,082 - INFO -   gpu_memory_threshold: 2000
2026-02-11 05:47:08,082 - INFO -   gpus: None
2026-02-11 05:47:08,082 - INFO -   graph_topk: None
2026-02-11 05:47:08,082 - INFO -   knowledge_dim: 64
2026-02-11 05:47:08,082 - INFO -   lambda_alpha: 0.01
2026-02-11 05:47:08,082 - INFO -   lambda_proto_div: 0.0
2026-02-11 05:47:08,082 - INFO -   lambda_proto_usage: 0.0
2026-02-11 05:47:08,082 - INFO -   lambda_sparse: 0.01
2026-02-11 05:47:08,082 - INFO -   lambda_sparse_personal: 0.005
2026-02-11 05:47:08,082 - INFO -   learning_rate: 0.0003
2026-02-11 05:47:08,082 - INFO -   log_dir: logs/assist_09_m3grid/seed42/s0p01_d0p15_no3
2026-02-11 05:47:08,082 - INFO -   min_exer_interactions: 0
2026-02-11 05:47:08,083 - INFO -   min_poison_count: 0
2026-02-11 05:47:08,083 - INFO -   min_stu_interactions: 15
2026-02-11 05:47:08,083 - INFO -   model_variant: assist_09_m3grid_s0p01_d0p15_no3
2026-02-11 05:47:08,083 - INFO -   multi_gpu: False
2026-02-11 05:47:08,083 - INFO -   no_cuda: False
2026-02-11 05:47:08,083 - INFO -   num_gnn_layers: 1
2026-02-11 05:47:08,083 - INFO -   num_gpus: 1
2026-02-11 05:47:08,083 - INFO -   num_prototypes: 0
2026-02-11 05:47:08,083 - INFO -   num_relation_heads: 2
2026-02-11 05:47:08,083 - INFO -   num_workers: 4
2026-02-11 05:47:08,083 - INFO -   patience: 5
2026-02-11 05:47:08,083 - INFO -   personal_rank: 4
2026-02-11 05:47:08,083 - INFO -   proto_lambda: 0.0
2026-02-11 05:47:08,083 - INFO -   proto_tau: 1.0
2026-02-11 05:47:08,083 - INFO -   residual_clip_t: 2.0
2026-02-11 05:47:08,083 - INFO -   save_dir: checkpoints/assist_09_m3grid/seed42/s0p01_d0p15_no3
2026-02-11 05:47:08,083 - INFO -   save_interval: 10
2026-02-11 05:47:08,083 - INFO -   seed: 42
2026-02-11 05:47:08,083 - INFO -   skill_dim: 128
2026-02-11 05:47:08,083 - INFO -   use_concept_graph: True
2026-02-11 05:47:08,083 - INFO -   use_exercise_graph: True
2026-02-11 05:47:08,083 - INFO -   use_mf_branch: False
2026-02-11 05:47:08,083 - INFO -   use_personal_graph: True
2026-02-11 05:47:08,083 - INFO -   use_q_aligned_residual: True
2026-02-11 05:47:08,083 - INFO -   use_q_conditioning: True
2026-02-11 05:47:08,083 - INFO -   use_skill_encoder: False
2026-02-11 05:47:08,083 - INFO -   use_soft_prototype: False
2026-02-11 05:47:08,083 - INFO -   use_soft_prototype_main_path: False
2026-02-11 05:47:08,083 - INFO -   weight_decay: 1e-05
2026-02-11 05:47:08,183 - INFO - Using device: cuda:0 (physical gpu 1)
2026-02-11 05:47:08,183 - INFO - [assist_09|assist_09_m3grid_s0p01_d0p15_no3|lr=0.0003|drop=0.15] Loading datasets...
2026-02-11 05:47:08,183 - INFO - [assist_09|assist_09_m3grid_s0p01_d0p15_no3|lr=0.0003|drop=0.15] Regularization: graph_entropy(lambda_sparse)=0.010000, proto_div=0.000000, proto_usage=0.000000, personal_sparse=0.005000, alpha_penalty=0.010000, mf_l2(exercise_l2_lambda)=0.000050
2026-02-11 05:47:08,312 - INFO - [数据清洗] 学生交互次数 < 15 次的学生：共移除 0 个学生（仅统计用户数）
2026-02-11 05:47:08,327 - INFO - [数据清洗] 学生冷启动过滤：在 train/valid/test 中共删除 0 条记录。
2026-02-11 05:47:08,327 - INFO - [数据清洗] 跳过题目冷门过滤（min_exer_interactions <= 0）。
2026-02-11 05:47:08,327 - INFO - [数据清洗] 跳过毒题清洗（min_poison_count <= 0）。
2026-02-11 05:47:22,259 - INFO - [assist_09|assist_09_m3grid_s0p01_d0p15_no3|lr=0.0003|drop=0.15] Train samples: 194489, Val samples: 20385
2026-02-11 05:47:22,260 - INFO - [assist_09|assist_09_m3grid_s0p01_d0p15_no3|lr=0.0003|drop=0.15] Number of students: 2493
2026-02-11 05:47:22,260 - INFO - [assist_09|assist_09_m3grid_s0p01_d0p15_no3|lr=0.0003|drop=0.15] Number of exercises: 17676
2026-02-11 05:47:22,260 - INFO - [assist_09|assist_09_m3grid_s0p01_d0p15_no3|lr=0.0003|drop=0.15] Number of concepts: 123
2026-02-11 05:47:22,260 - INFO - [assist_09|assist_09_m3grid_s0p01_d0p15_no3|lr=0.0003|drop=0.15] Creating model...
2026-02-11 05:47:22,260 - INFO - [assist_09|assist_09_m3grid_s0p01_d0p15_no3|lr=0.0003|drop=0.15] Ablation switches: ablate_module1=False, ablate_module2=False, ablate_module3=True | enable_module1=True, enable_module2=True, enable_module3=False | use_soft_prototype=False, use_mf_branch=False, use_concept_graph=True, use_q_aligned_residual=True, use_soft_prototype_main_path=False | effective(num_gnn_layers=1, num_prototypes=0)
2026-02-11 05:47:22,396 - INFO - [assist_09|assist_09_m3grid_s0p01_d0p15_no3|lr=0.0003|drop=0.15] Ablation runtime check: args(ablate_module1=False,ablate_module2=False,ablate_module3=True) | model(enable_module1=True,enable_module2=True,enable_module3=False) | physical(has_knowledge_encoder=True,has_mf_branch=False,has_soft_prototype=False)
2026-02-11 05:47:22,397 - INFO - [assist_09|assist_09_m3grid_s0p01_d0p15_no3|lr=0.0003|drop=0.15] Debug diagnostics enabled: diag_batches=2
2026-02-11 05:47:22,397 - INFO - [assist_09|assist_09_m3grid_s0p01_d0p15_no3|lr=0.0003|drop=0.15] Total parameters: 292,959
2026-02-11 05:47:22,397 - INFO - [assist_09|assist_09_m3grid_s0p01_d0p15_no3|lr=0.0003|drop=0.15] Trainable parameters: 292,959
2026-02-11 05:47:23,382 - INFO - [assist_09|assist_09_m3grid_s0p01_d0p15_no3|lr=0.0003|drop=0.15] Starting training...
2026-02-11 05:47:50,001 - INFO - [assist_09|assist_09_m3grid_s0p01_d0p15_no3|lr=0.0003|drop=0.15] Epoch [001/30] | Train: Loss=0.6445, BCE=0.5871, Reg=0.0575, AUC=0.6913, ACC=0.6944, RMSE=0.4478 | Val: Loss=0.6189, BCE=0.5669, Reg=0.0520, AUC=0.7289, ACC=0.7092, RMSE=0.4382
2026-02-11 05:47:50,002 - INFO - [assist_09|assist_09_m3grid_s0p01_d0p15_no3|lr=0.0003|drop=0.15] [Reg Terms] Epoch [001] | Train: graph_entropy=0.046490, mf_l2=0.000000, proto_div=0.000000, proto_usage=0.000000, personal_sparse=0.012781, alpha_var=-0.001812, reg_bce_ratio=0.0979 | Val: graph_entropy=0.048122, mf_l2=0.000000, proto_div=0.000000, proto_usage=0.000000, personal_sparse=0.005341, alpha_var=-0.001467, reg_bce_ratio=0.0917
2026-02-11 05:47:50,286 - INFO - [assist_09|assist_09_m3grid_s0p01_d0p15_no3|lr=0.0003|drop=0.15] [Diag][M3] Epoch [001] | residual_abs_mean=0.0000, residual_std=0.0000, mf_abs_mean=0.0000, mf_std=0.0000, gate_mean=0.0000, gate_std=0.0000, irt_abs_mean=1.3407, irt_std=0.5789, delta_abs_mean=0.0000, delta_std=0.0000, delta_over_irt=0.0000, graph_row_entropy=4.8122, graph_entropy_ratio=1.0000, alpha_mean=0.1986, alpha_std=0.3909, personal_row_entropy=0.7463
2026-02-11 05:47:50,286 - INFO - [assist_09|assist_09_m3grid_s0p01_d0p15_no3|lr=0.0003|drop=0.15] [Grad Norms] Epoch [001] | mf_u_proj=0.000000, mf_v_proj=0.000000, fusion_gate=0.000000, q_gate_raw=0.000000, skill_latent=0.000000
2026-02-11 05:47:50,520 - INFO - [assist_09|assist_09_m3grid_s0p01_d0p15_no3|lr=0.0003|drop=0.15] -> New best AUC=0.7289 at epoch 1
2026-02-11 05:48:18,345 - INFO - [assist_09|assist_09_m3grid_s0p01_d0p15_no3|lr=0.0003|drop=0.15] Epoch [002/30] | Train: Loss=0.5959, BCE=0.5478, Reg=0.0482, AUC=0.7488, ACC=0.7251, RMSE=0.4290 | Val: Loss=0.6095, BCE=0.5598, Reg=0.0498, AUC=0.7366, ACC=0.7156, RMSE=0.4348
2026-02-11 05:48:18,346 - INFO - [assist_09|assist_09_m3grid_s0p01_d0p15_no3|lr=0.0003|drop=0.15] [Reg Terms] Epoch [002] | Train: graph_entropy=0.046489, mf_l2=0.000000, proto_div=0.000000, proto_usage=0.000000, personal_sparse=0.004061, alpha_var=-0.002362, reg_bce_ratio=0.0880 | Val: graph_entropy=0.048122, mf_l2=0.000000, proto_div=0.000000, proto_usage=0.000000, personal_sparse=0.003129, alpha_var=-0.001485, reg_bce_ratio=0.0889
2026-02-11 05:48:18,639 - INFO - [assist_09|assist_09_m3grid_s0p01_d0p15_no3|lr=0.0003|drop=0.15] [Diag][M3] Epoch [002] | residual_abs_mean=0.0000, residual_std=0.0000, mf_abs_mean=0.0000, mf_std=0.0000, gate_mean=0.0000, gate_std=0.0000, irt_abs_mean=1.3222, irt_std=0.6153, delta_abs_mean=0.0000, delta_std=0.0000, delta_over_irt=0.0000, graph_row_entropy=4.8122, graph_entropy_ratio=1.0000, alpha_mean=0.2080, alpha_std=0.4016, personal_row_entropy=0.7130
2026-02-11 05:48:18,640 - INFO - [assist_09|assist_09_m3grid_s0p01_d0p15_no3|lr=0.0003|drop=0.15] [Grad Norms] Epoch [002] | mf_u_proj=0.000000, mf_v_proj=0.000000, fusion_gate=0.000000, q_gate_raw=0.000000, skill_latent=0.000000
2026-02-11 05:48:18,992 - INFO - [assist_09|assist_09_m3grid_s0p01_d0p15_no3|lr=0.0003|drop=0.15] -> New best AUC=0.7366 at epoch 2
2026-02-11 05:48:45,400 - INFO - [assist_09|assist_09_m3grid_s0p01_d0p15_no3|lr=0.0003|drop=0.15] Epoch [003/30] | Train: Loss=0.5812, BCE=0.5344, Reg=0.0468, AUC=0.7642, ACC=0.7333, RMSE=0.4228 | Val: Loss=0.6074, BCE=0.5583, Reg=0.0491, AUC=0.7392, ACC=0.7143, RMSE=0.4345
2026-02-11 05:48:45,401 - INFO - [assist_09|assist_09_m3grid_s0p01_d0p15_no3|lr=0.0003|drop=0.15] [Reg Terms] Epoch [003] | Train: graph_entropy=0.046490, mf_l2=0.000000, proto_div=0.000000, proto_usage=0.000000, personal_sparse=0.002725, alpha_var=-0.002394, reg_bce_ratio=0.0876 | Val: graph_entropy=0.048122, mf_l2=0.000000, proto_div=0.000000, proto_usage=0.000000, personal_sparse=0.002419, alpha_var=-0.001464, reg_bce_ratio=0.0879
2026-02-11 05:48:45,601 - INFO - [assist_09|assist_09_m3grid_s0p01_d0p15_no3|lr=0.0003|drop=0.15] [Diag][M3] Epoch [003] | residual_abs_mean=0.0000, residual_std=0.0000, mf_abs_mean=0.0000, mf_std=0.0000, gate_mean=0.0000, gate_std=0.0000, irt_abs_mean=1.3128, irt_std=0.6264, delta_abs_mean=0.0000, delta_std=0.0000, delta_over_irt=0.0000, graph_row_entropy=4.8122, graph_entropy_ratio=1.0000, alpha_mean=0.2096, alpha_std=0.4032, personal_row_entropy=0.6241
2026-02-11 05:48:45,601 - INFO - [assist_09|assist_09_m3grid_s0p01_d0p15_no3|lr=0.0003|drop=0.15] [Grad Norms] Epoch [003] | mf_u_proj=0.000000, mf_v_proj=0.000000, fusion_gate=0.000000, q_gate_raw=0.000000, skill_latent=0.000000
2026-02-11 05:48:45,901 - INFO - [assist_09|assist_09_m3grid_s0p01_d0p15_no3|lr=0.0003|drop=0.15] -> New best AUC=0.7392 at epoch 3
2026-02-11 05:49:11,834 - INFO - [assist_09|assist_09_m3grid_s0p01_d0p15_no3|lr=0.0003|drop=0.15] Epoch [004/30] | Train: Loss=0.5714, BCE=0.5251, Reg=0.0462, AUC=0.7748, ACC=0.7383, RMSE=0.4188 | Val: Loss=0.6044, BCE=0.5559, Reg=0.0485, AUC=0.7428, ACC=0.7170, RMSE=0.4333
2026-02-11 05:49:11,834 - INFO - [assist_09|assist_09_m3grid_s0p01_d0p15_no3|lr=0.0003|drop=0.15] [Reg Terms] Epoch [004] | Train: graph_entropy=0.046489, mf_l2=0.000000, proto_div=0.000000, proto_usage=0.000000, personal_sparse=0.002161, alpha_var=-0.002402, reg_bce_ratio=0.0881 | Val: graph_entropy=0.048122, mf_l2=0.000000, proto_div=0.000000, proto_usage=0.000000, personal_sparse=0.001920, alpha_var=-0.001510, reg_bce_ratio=0.0873
2026-02-11 05:49:12,042 - INFO - [assist_09|assist_09_m3grid_s0p01_d0p15_no3|lr=0.0003|drop=0.15] [Diag][M3] Epoch [004] | residual_abs_mean=0.0000, residual_std=0.0000, mf_abs_mean=0.0000, mf_std=0.0000, gate_mean=0.0000, gate_std=0.0000, irt_abs_mean=1.3767, irt_std=0.6511, delta_abs_mean=0.0000, delta_std=0.0000, delta_over_irt=0.0000, graph_row_entropy=4.8122, graph_entropy_ratio=1.0000, alpha_mean=0.2851, alpha_std=0.4499, personal_row_entropy=0.4774
2026-02-11 05:49:12,043 - INFO - [assist_09|assist_09_m3grid_s0p01_d0p15_no3|lr=0.0003|drop=0.15] [Grad Norms] Epoch [004] | mf_u_proj=0.000000, mf_v_proj=0.000000, fusion_gate=0.000000, q_gate_raw=0.000000, skill_latent=0.000000
2026-02-11 05:49:12,378 - INFO - [assist_09|assist_09_m3grid_s0p01_d0p15_no3|lr=0.0003|drop=0.15] -> New best AUC=0.7428 at epoch 4
2026-02-11 05:49:38,555 - INFO - [assist_09|assist_09_m3grid_s0p01_d0p15_no3|lr=0.0003|drop=0.15] Epoch [005/30] | Train: Loss=0.5623, BCE=0.5165, Reg=0.0458, AUC=0.7845, ACC=0.7422, RMSE=0.4149 | Val: Loss=0.6030, BCE=0.5549, Reg=0.0482, AUC=0.7441, ACC=0.7183, RMSE=0.4327
2026-02-11 05:49:38,556 - INFO - [assist_09|assist_09_m3grid_s0p01_d0p15_no3|lr=0.0003|drop=0.15] [Reg Terms] Epoch [005] | Train: graph_entropy=0.046490, mf_l2=0.000000, proto_div=0.000000, proto_usage=0.000000, personal_sparse=0.001778, alpha_var=-0.002420, reg_bce_ratio=0.0888 | Val: graph_entropy=0.048122, mf_l2=0.000000, proto_div=0.000000, proto_usage=0.000000, personal_sparse=0.001570, alpha_var=-0.001503, reg_bce_ratio=0.0868
2026-02-11 05:49:38,886 - INFO - [assist_09|assist_09_m3grid_s0p01_d0p15_no3|lr=0.0003|drop=0.15] [Diag][M3] Epoch [005] | residual_abs_mean=0.0000, residual_std=0.0000, mf_abs_mean=0.0000, mf_std=0.0000, gate_mean=0.0000, gate_std=0.0000, irt_abs_mean=1.3482, irt_std=0.7074, delta_abs_mean=0.0000, delta_std=0.0000, delta_over_irt=0.0000, graph_row_entropy=4.8122, graph_entropy_ratio=1.0000, alpha_mean=0.2855, alpha_std=0.4502, personal_row_entropy=0.4462
2026-02-11 05:49:38,886 - INFO - [assist_09|assist_09_m3grid_s0p01_d0p15_no3|lr=0.0003|drop=0.15] [Grad Norms] Epoch [005] | mf_u_proj=0.000000, mf_v_proj=0.000000, fusion_gate=0.000000, q_gate_raw=0.000000, skill_latent=0.000000
2026-02-11 05:49:39,234 - INFO - [assist_09|assist_09_m3grid_s0p01_d0p15_no3|lr=0.0003|drop=0.15] -> New best AUC=0.7441 at epoch 5
2026-02-11 05:50:06,827 - INFO - [assist_09|assist_09_m3grid_s0p01_d0p15_no3|lr=0.0003|drop=0.15] Epoch [006/30] | Train: Loss=0.5557, BCE=0.5101, Reg=0.0456, AUC=0.7912, ACC=0.7453, RMSE=0.4122 | Val: Loss=0.6032, BCE=0.5553, Reg=0.0480, AUC=0.7451, ACC=0.7181, RMSE=0.4327
2026-02-11 05:50:06,827 - INFO - [assist_09|assist_09_m3grid_s0p01_d0p15_no3|lr=0.0003|drop=0.15] [Reg Terms] Epoch [006] | Train: graph_entropy=0.046488, mf_l2=0.000001, proto_div=0.000000, proto_usage=0.000000, personal_sparse=0.001516, alpha_var=-0.002423, reg_bce_ratio=0.0894 | Val: graph_entropy=0.048122, mf_l2=0.000001, proto_div=0.000000, proto_usage=0.000000, personal_sparse=0.001324, alpha_var=-0.001494, reg_bce_ratio=0.0864
2026-02-11 05:50:07,055 - INFO - [assist_09|assist_09_m3grid_s0p01_d0p15_no3|lr=0.0003|drop=0.15] [Diag][M3] Epoch [006] | residual_abs_mean=0.0000, residual_std=0.0000, mf_abs_mean=0.0000, mf_std=0.0000, gate_mean=0.0000, gate_std=0.0000, irt_abs_mean=1.4013, irt_std=0.7095, delta_abs_mean=0.0000, delta_std=0.0000, delta_over_irt=0.0000, graph_row_entropy=4.8122, graph_entropy_ratio=1.0000, alpha_mean=0.2850, alpha_std=0.4505, personal_row_entropy=0.3232
2026-02-11 05:50:07,055 - INFO - [assist_09|assist_09_m3grid_s0p01_d0p15_no3|lr=0.0003|drop=0.15] [Grad Norms] Epoch [006] | mf_u_proj=0.000000, mf_v_proj=0.000000, fusion_gate=0.000000, q_gate_raw=0.000000, skill_latent=0.000000
2026-02-11 05:50:07,371 - INFO - [assist_09|assist_09_m3grid_s0p01_d0p15_no3|lr=0.0003|drop=0.15] -> New best AUC=0.7451 at epoch 6
2026-02-11 05:50:34,938 - INFO - [assist_09|assist_09_m3grid_s0p01_d0p15_no3|lr=0.0003|drop=0.15] Epoch [007/30] | Train: Loss=0.5498, BCE=0.5044, Reg=0.0454, AUC=0.7975, ACC=0.7473, RMSE=0.4098 | Val: Loss=0.6045, BCE=0.5567, Reg=0.0478, AUC=0.7453, ACC=0.7182, RMSE=0.4332
2026-02-11 05:50:34,938 - INFO - [assist_09|assist_09_m3grid_s0p01_d0p15_no3|lr=0.0003|drop=0.15] [Reg Terms] Epoch [007] | Train: graph_entropy=0.046490, mf_l2=0.000001, proto_div=0.000000, proto_usage=0.000000, personal_sparse=0.001316, alpha_var=-0.002423, reg_bce_ratio=0.0900 | Val: graph_entropy=0.048122, mf_l2=0.000001, proto_div=0.000000, proto_usage=0.000000, personal_sparse=0.001200, alpha_var=-0.001502, reg_bce_ratio=0.0859
2026-02-11 05:50:35,158 - INFO - [assist_09|assist_09_m3grid_s0p01_d0p15_no3|lr=0.0003|drop=0.15] [Diag][M3] Epoch [007] | residual_abs_mean=0.0000, residual_std=0.0000, mf_abs_mean=0.0000, mf_std=0.0000, gate_mean=0.0000, gate_std=0.0000, irt_abs_mean=1.4844, irt_std=0.7705, delta_abs_mean=0.0000, delta_std=0.0000, delta_over_irt=0.0000, graph_row_entropy=4.8122, graph_entropy_ratio=1.0000, alpha_mean=0.2855, alpha_std=0.4504, personal_row_entropy=0.4355
2026-02-11 05:50:35,158 - INFO - [assist_09|assist_09_m3grid_s0p01_d0p15_no3|lr=0.0003|drop=0.15] [Grad Norms] Epoch [007] | mf_u_proj=0.000000, mf_v_proj=0.000000, fusion_gate=0.000000, q_gate_raw=0.000000, skill_latent=0.000000
2026-02-11 05:50:35,568 - INFO - [assist_09|assist_09_m3grid_s0p01_d0p15_no3|lr=0.0003|drop=0.15] -> New best AUC=0.7453 at epoch 7
2026-02-11 05:51:02,867 - INFO - [assist_09|assist_09_m3grid_s0p01_d0p15_no3|lr=0.0003|drop=0.15] Epoch [008/30] | Train: Loss=0.5441, BCE=0.4988, Reg=0.0452, AUC=0.8030, ACC=0.7501, RMSE=0.4074 | Val: Loss=0.6043, BCE=0.5566, Reg=0.0477, AUC=0.7470, ACC=0.7204, RMSE=0.4329
2026-02-11 05:51:02,867 - INFO - [assist_09|assist_09_m3grid_s0p01_d0p15_no3|lr=0.0003|drop=0.15] [Reg Terms] Epoch [008] | Train: graph_entropy=0.046489, mf_l2=0.000001, proto_div=0.000000, proto_usage=0.000000, personal_sparse=0.001170, alpha_var=-0.002428, reg_bce_ratio=0.0907 | Val: graph_entropy=0.048122, mf_l2=0.000001, proto_div=0.000000, proto_usage=0.000000, personal_sparse=0.001066, alpha_var=-0.001505, reg_bce_ratio=0.0857
2026-02-11 05:51:03,169 - INFO - [assist_09|assist_09_m3grid_s0p01_d0p15_no3|lr=0.0003|drop=0.15] [Diag][M3] Epoch [008] | residual_abs_mean=0.0000, residual_std=0.0000, mf_abs_mean=0.0000, mf_std=0.0000, gate_mean=0.0000, gate_std=0.0000, irt_abs_mean=1.5353, irt_std=0.8323, delta_abs_mean=0.0000, delta_std=0.0000, delta_over_irt=0.0000, graph_row_entropy=4.8122, graph_entropy_ratio=1.0000, alpha_mean=0.2852, alpha_std=0.4500, personal_row_entropy=0.2791
2026-02-11 05:51:03,170 - INFO - [assist_09|assist_09_m3grid_s0p01_d0p15_no3|lr=0.0003|drop=0.15] [Grad Norms] Epoch [008] | mf_u_proj=0.000000, mf_v_proj=0.000000, fusion_gate=0.000000, q_gate_raw=0.000000, skill_latent=0.000000
2026-02-11 05:51:03,495 - INFO - [assist_09|assist_09_m3grid_s0p01_d0p15_no3|lr=0.0003|drop=0.15] -> New best AUC=0.7470 at epoch 8
2026-02-11 05:51:29,565 - INFO - [assist_09|assist_09_m3grid_s0p01_d0p15_no3|lr=0.0003|drop=0.15] Epoch [009/30] | Train: Loss=0.5392, BCE=0.4941, Reg=0.0451, AUC=0.8078, ACC=0.7522, RMSE=0.4053 | Val: Loss=0.6033, BCE=0.5557, Reg=0.0476, AUC=0.7494, ACC=0.7219, RMSE=0.4324
2026-02-11 05:51:29,566 - INFO - [assist_09|assist_09_m3grid_s0p01_d0p15_no3|lr=0.0003|drop=0.15] [Reg Terms] Epoch [009] | Train: graph_entropy=0.046489, mf_l2=0.000001, proto_div=0.000000, proto_usage=0.000000, personal_sparse=0.001050, alpha_var=-0.002429, reg_bce_ratio=0.0913 | Val: graph_entropy=0.048122, mf_l2=0.000001, proto_div=0.000000, proto_usage=0.000000, personal_sparse=0.000974, alpha_var=-0.001503, reg_bce_ratio=0.0856
2026-02-11 05:51:29,891 - INFO - [assist_09|assist_09_m3grid_s0p01_d0p15_no3|lr=0.0003|drop=0.15] [Diag][M3] Epoch [009] | residual_abs_mean=0.0000, residual_std=0.0000, mf_abs_mean=0.0000, mf_std=0.0000, gate_mean=0.0000, gate_std=0.0000, irt_abs_mean=1.5545, irt_std=0.8696, delta_abs_mean=0.0000, delta_std=0.0000, delta_over_irt=0.0000, graph_row_entropy=4.8122, graph_entropy_ratio=1.0000, alpha_mean=0.2856, alpha_std=0.4495, personal_row_entropy=0.2398
2026-02-11 05:51:29,891 - INFO - [assist_09|assist_09_m3grid_s0p01_d0p15_no3|lr=0.0003|drop=0.15] [Grad Norms] Epoch [009] | mf_u_proj=0.000000, mf_v_proj=0.000000, fusion_gate=0.000000, q_gate_raw=0.000000, skill_latent=0.000000
2026-02-11 05:51:30,209 - INFO - [assist_09|assist_09_m3grid_s0p01_d0p15_no3|lr=0.0003|drop=0.15] -> New best AUC=0.7494 at epoch 9
2026-02-11 05:51:58,684 - INFO - [assist_09|assist_09_m3grid_s0p01_d0p15_no3|lr=0.0003|drop=0.15] Epoch [010/30] | Train: Loss=0.5350, BCE=0.4899, Reg=0.0450, AUC=0.8118, ACC=0.7544, RMSE=0.4036 | Val: Loss=0.6037, BCE=0.5562, Reg=0.0475, AUC=0.7479, ACC=0.7222, RMSE=0.4324
2026-02-11 05:51:58,684 - INFO - [assist_09|assist_09_m3grid_s0p01_d0p15_no3|lr=0.0003|drop=0.15] [Reg Terms] Epoch [010] | Train: graph_entropy=0.046490, mf_l2=0.000001, proto_div=0.000000, proto_usage=0.000000, personal_sparse=0.000967, alpha_var=-0.002432, reg_bce_ratio=0.0919 | Val: graph_entropy=0.048122, mf_l2=0.000002, proto_div=0.000000, proto_usage=0.000000, personal_sparse=0.000870, alpha_var=-0.001497, reg_bce_ratio=0.0854
2026-02-11 05:51:58,912 - INFO - [assist_09|assist_09_m3grid_s0p01_d0p15_no3|lr=0.0003|drop=0.15] [Diag][M3] Epoch [010] | residual_abs_mean=0.0000, residual_std=0.0000, mf_abs_mean=0.0000, mf_std=0.0000, gate_mean=0.0000, gate_std=0.0000, irt_abs_mean=1.5379, irt_std=0.9121, delta_abs_mean=0.0000, delta_std=0.0000, delta_over_irt=0.0000, graph_row_entropy=4.8122, graph_entropy_ratio=1.0000, alpha_mean=0.2865, alpha_std=0.4501, personal_row_entropy=0.2456
2026-02-11 05:51:58,912 - INFO - [assist_09|assist_09_m3grid_s0p01_d0p15_no3|lr=0.0003|drop=0.15] [Grad Norms] Epoch [010] | mf_u_proj=0.000000, mf_v_proj=0.000000, fusion_gate=0.000000, q_gate_raw=0.000000, skill_latent=0.000000
2026-02-11 05:51:58,912 - INFO - [assist_09|assist_09_m3grid_s0p01_d0p15_no3|lr=0.0003|drop=0.15] -> No improvement 1 epoch(s) (best AUC=0.7494 @ 9)
2026-02-11 05:51:58,948 - INFO - [assist_09|assist_09_m3grid_s0p01_d0p15_no3|lr=0.0003|drop=0.15] Checkpoint saved: checkpoints/assist_09_m3grid/seed42/s0p01_d0p15_no3/checkpoint_epoch_10.pth
2026-02-11 05:51:59,157 - INFO - [assist_09|assist_09_m3grid_s0p01_d0p15_no3|lr=0.0003|drop=0.15] [Module Activity] Epoch 10: Graph✗ Personal✓ MF✗
2026-02-11 05:52:26,003 - INFO - [assist_09|assist_09_m3grid_s0p01_d0p15_no3|lr=0.0003|drop=0.15] Epoch [011/30] | Train: Loss=0.5312, BCE=0.4862, Reg=0.0449, AUC=0.8153, ACC=0.7565, RMSE=0.4020 | Val: Loss=0.6021, BCE=0.5546, Reg=0.0475, AUC=0.7490, ACC=0.7222, RMSE=0.4316
2026-02-11 05:52:26,004 - INFO - [assist_09|assist_09_m3grid_s0p01_d0p15_no3|lr=0.0003|drop=0.15] [Reg Terms] Epoch [011] | Train: graph_entropy=0.046490, mf_l2=0.000002, proto_div=0.000000, proto_usage=0.000000, personal_sparse=0.000883, alpha_var=-0.002431, reg_bce_ratio=0.0924 | Val: graph_entropy=0.048122, mf_l2=0.000002, proto_div=0.000000, proto_usage=0.000000, personal_sparse=0.000847, alpha_var=-0.001508, reg_bce_ratio=0.0856
2026-02-11 05:52:26,338 - INFO - [assist_09|assist_09_m3grid_s0p01_d0p15_no3|lr=0.0003|drop=0.15] [Diag][M3] Epoch [011] | residual_abs_mean=0.0000, residual_std=0.0000, mf_abs_mean=0.0000, mf_std=0.0000, gate_mean=0.0000, gate_std=0.0000, irt_abs_mean=1.5591, irt_std=0.9356, delta_abs_mean=0.0000, delta_std=0.0000, delta_over_irt=0.0000, graph_row_entropy=4.8122, graph_entropy_ratio=1.0000, alpha_mean=0.2901, alpha_std=0.4516, personal_row_entropy=0.2000
2026-02-11 05:52:26,339 - INFO - [assist_09|assist_09_m3grid_s0p01_d0p15_no3|lr=0.0003|drop=0.15] [Grad Norms] Epoch [011] | mf_u_proj=0.000000, mf_v_proj=0.000000, fusion_gate=0.000000, q_gate_raw=0.000000, skill_latent=0.000000
2026-02-11 05:52:26,339 - INFO - [assist_09|assist_09_m3grid_s0p01_d0p15_no3|lr=0.0003|drop=0.15] -> No improvement 2 epoch(s) (best AUC=0.7494 @ 9)
2026-02-11 05:52:54,169 - INFO - [assist_09|assist_09_m3grid_s0p01_d0p15_no3|lr=0.0003|drop=0.15] Epoch [012/30] | Train: Loss=0.5276, BCE=0.4827, Reg=0.0449, AUC=0.8187, ACC=0.7577, RMSE=0.4004 | Val: Loss=0.6037, BCE=0.5563, Reg=0.0474, AUC=0.7499, ACC=0.7209, RMSE=0.4319
2026-02-11 05:52:54,169 - INFO - [assist_09|assist_09_m3grid_s0p01_d0p15_no3|lr=0.0003|drop=0.15] [Reg Terms] Epoch [012] | Train: graph_entropy=0.046490, mf_l2=0.000002, proto_div=0.000000, proto_usage=0.000000, personal_sparse=0.000848, alpha_var=-0.002432, reg_bce_ratio=0.0930 | Val: graph_entropy=0.048122, mf_l2=0.000002, proto_div=0.000000, proto_usage=0.000000, personal_sparse=0.000824, alpha_var=-0.001515, reg_bce_ratio=0.0853
2026-02-11 05:52:54,434 - INFO - [assist_09|assist_09_m3grid_s0p01_d0p15_no3|lr=0.0003|drop=0.15] [Diag][M3] Epoch [012] | residual_abs_mean=0.0000, residual_std=0.0000, mf_abs_mean=0.0000, mf_std=0.0000, gate_mean=0.0000, gate_std=0.0000, irt_abs_mean=1.6667, irt_std=0.9738, delta_abs_mean=0.0000, delta_std=0.0000, delta_over_irt=0.0000, graph_row_entropy=4.8122, graph_entropy_ratio=1.0000, alpha_mean=0.2892, alpha_std=0.4517, personal_row_entropy=0.2199
2026-02-11 05:52:54,435 - INFO - [assist_09|assist_09_m3grid_s0p01_d0p15_no3|lr=0.0003|drop=0.15] [Grad Norms] Epoch [012] | mf_u_proj=0.000000, mf_v_proj=0.000000, fusion_gate=0.000000, q_gate_raw=0.000000, skill_latent=0.000000
2026-02-11 05:52:54,760 - INFO - [assist_09|assist_09_m3grid_s0p01_d0p15_no3|lr=0.0003|drop=0.15] -> New best AUC=0.7499 at epoch 12
2026-02-11 05:53:21,883 - INFO - [assist_09|assist_09_m3grid_s0p01_d0p15_no3|lr=0.0003|drop=0.15] Epoch [013/30] | Train: Loss=0.5245, BCE=0.4797, Reg=0.0449, AUC=0.8217, ACC=0.7586, RMSE=0.3991 | Val: Loss=0.6058, BCE=0.5585, Reg=0.0474, AUC=0.7485, ACC=0.7208, RMSE=0.4327
2026-02-11 05:53:21,883 - INFO - [assist_09|assist_09_m3grid_s0p01_d0p15_no3|lr=0.0003|drop=0.15] [Reg Terms] Epoch [013] | Train: graph_entropy=0.046489, mf_l2=0.000002, proto_div=0.000000, proto_usage=0.000000, personal_sparse=0.000800, alpha_var=-0.002431, reg_bce_ratio=0.0935 | Val: graph_entropy=0.048122, mf_l2=0.000002, proto_div=0.000000, proto_usage=0.000000, personal_sparse=0.000750, alpha_var=-0.001510, reg_bce_ratio=0.0848
2026-02-11 05:53:22,228 - INFO - [assist_09|assist_09_m3grid_s0p01_d0p15_no3|lr=0.0003|drop=0.15] [Diag][M3] Epoch [013] | residual_abs_mean=0.0000, residual_std=0.0000, mf_abs_mean=0.0000, mf_std=0.0000, gate_mean=0.0000, gate_std=0.0000, irt_abs_mean=1.6479, irt_std=1.0090, delta_abs_mean=0.0000, delta_std=0.0000, delta_over_irt=0.0000, graph_row_entropy=4.8122, graph_entropy_ratio=1.0000, alpha_mean=0.2893, alpha_std=0.4512, personal_row_entropy=0.2409
2026-02-11 05:53:22,228 - INFO - [assist_09|assist_09_m3grid_s0p01_d0p15_no3|lr=0.0003|drop=0.15] [Grad Norms] Epoch [013] | mf_u_proj=0.000000, mf_v_proj=0.000000, fusion_gate=0.000000, q_gate_raw=0.000000, skill_latent=0.000000
2026-02-11 05:53:22,228 - INFO - [assist_09|assist_09_m3grid_s0p01_d0p15_no3|lr=0.0003|drop=0.15] -> No improvement 1 epoch(s) (best AUC=0.7499 @ 12)
2026-02-11 05:53:50,894 - INFO - [assist_09|assist_09_m3grid_s0p01_d0p15_no3|lr=0.0003|drop=0.15] Epoch [014/30] | Train: Loss=0.5218, BCE=0.4770, Reg=0.0448, AUC=0.8242, ACC=0.7596, RMSE=0.3980 | Val: Loss=0.6044, BCE=0.5571, Reg=0.0473, AUC=0.7498, ACC=0.7218, RMSE=0.4320
2026-02-11 05:53:50,894 - INFO - [assist_09|assist_09_m3grid_s0p01_d0p15_no3|lr=0.0003|drop=0.15] [Reg Terms] Epoch [014] | Train: graph_entropy=0.046490, mf_l2=0.000002, proto_div=0.000000, proto_usage=0.000000, personal_sparse=0.000748, alpha_var=-0.002436, reg_bce_ratio=0.0939 | Val: graph_entropy=0.048122, mf_l2=0.000003, proto_div=0.000000, proto_usage=0.000000, personal_sparse=0.000700, alpha_var=-0.001516, reg_bce_ratio=0.0849
2026-02-11 05:53:51,221 - INFO - [assist_09|assist_09_m3grid_s0p01_d0p15_no3|lr=0.0003|drop=0.15] [Diag][M3] Epoch [014] | residual_abs_mean=0.0000, residual_std=0.0000, mf_abs_mean=0.0000, mf_std=0.0000, gate_mean=0.0000, gate_std=0.0000, irt_abs_mean=1.6171, irt_std=1.0210, delta_abs_mean=0.0000, delta_std=0.0000, delta_over_irt=0.0000, graph_row_entropy=4.8122, graph_entropy_ratio=1.0000, alpha_mean=0.2891, alpha_std=0.4503, personal_row_entropy=0.1811
2026-02-11 05:53:51,221 - INFO - [assist_09|assist_09_m3grid_s0p01_d0p15_no3|lr=0.0003|drop=0.15] [Grad Norms] Epoch [014] | mf_u_proj=0.000000, mf_v_proj=0.000000, fusion_gate=0.000000, q_gate_raw=0.000000, skill_latent=0.000000
2026-02-11 05:53:51,222 - INFO - [assist_09|assist_09_m3grid_s0p01_d0p15_no3|lr=0.0003|drop=0.15] -> No improvement 2 epoch(s) (best AUC=0.7499 @ 12)
2026-02-11 05:54:17,192 - INFO - [assist_09|assist_09_m3grid_s0p01_d0p15_no3|lr=0.0003|drop=0.15] Epoch [015/30] | Train: Loss=0.5183, BCE=0.4736, Reg=0.0448, AUC=0.8271, ACC=0.7623, RMSE=0.3965 | Val: Loss=0.6045, BCE=0.5572, Reg=0.0473, AUC=0.7502, ACC=0.7230, RMSE=0.4318
2026-02-11 05:54:17,192 - INFO - [assist_09|assist_09_m3grid_s0p01_d0p15_no3|lr=0.0003|drop=0.15] [Reg Terms] Epoch [015] | Train: graph_entropy=0.046489, mf_l2=0.000003, proto_div=0.000000, proto_usage=0.000000, personal_sparse=0.000726, alpha_var=-0.002439, reg_bce_ratio=0.0946 | Val: graph_entropy=0.048122, mf_l2=0.000003, proto_div=0.000000, proto_usage=0.000000, personal_sparse=0.000696, alpha_var=-0.001517, reg_bce_ratio=0.0849
2026-02-11 05:54:17,412 - INFO - [assist_09|assist_09_m3grid_s0p01_d0p15_no3|lr=0.0003|drop=0.15] [Diag][M3] Epoch [015] | residual_abs_mean=0.0000, residual_std=0.0000, mf_abs_mean=0.0000, mf_std=0.0000, gate_mean=0.0000, gate_std=0.0000, irt_abs_mean=1.6297, irt_std=1.0431, delta_abs_mean=0.0000, delta_std=0.0000, delta_over_irt=0.0000, graph_row_entropy=4.8122, graph_entropy_ratio=1.0000, alpha_mean=0.2883, alpha_std=0.4507, personal_row_entropy=0.1754
2026-02-11 05:54:17,412 - INFO - [assist_09|assist_09_m3grid_s0p01_d0p15_no3|lr=0.0003|drop=0.15] [Grad Norms] Epoch [015] | mf_u_proj=0.000000, mf_v_proj=0.000000, fusion_gate=0.000000, q_gate_raw=0.000000, skill_latent=0.000000
2026-02-11 05:54:17,735 - INFO - [assist_09|assist_09_m3grid_s0p01_d0p15_no3|lr=0.0003|drop=0.15] -> New best AUC=0.7502 at epoch 15
2026-02-11 05:54:42,795 - INFO - [assist_09|assist_09_m3grid_s0p01_d0p15_no3|lr=0.0003|drop=0.15] Epoch [016/30] | Train: Loss=0.5160, BCE=0.4713, Reg=0.0448, AUC=0.8291, ACC=0.7620, RMSE=0.3955 | Val: Loss=0.6052, BCE=0.5579, Reg=0.0473, AUC=0.7496, ACC=0.7237, RMSE=0.4320
2026-02-11 05:54:42,795 - INFO - [assist_09|assist_09_m3grid_s0p01_d0p15_no3|lr=0.0003|drop=0.15] [Reg Terms] Epoch [016] | Train: graph_entropy=0.046490, mf_l2=0.000003, proto_div=0.000000, proto_usage=0.000000, personal_sparse=0.000698, alpha_var=-0.002441, reg_bce_ratio=0.0950 | Val: graph_entropy=0.048122, mf_l2=0.000003, proto_div=0.000000, proto_usage=0.000000, personal_sparse=0.000666, alpha_var=-0.001509, reg_bce_ratio=0.0847
2026-02-11 05:54:43,043 - INFO - [assist_09|assist_09_m3grid_s0p01_d0p15_no3|lr=0.0003|drop=0.15] [Diag][M3] Epoch [016] | residual_abs_mean=0.0000, residual_std=0.0000, mf_abs_mean=0.0000, mf_std=0.0000, gate_mean=0.0000, gate_std=0.0000, irt_abs_mean=1.7160, irt_std=1.0878, delta_abs_mean=0.0000, delta_std=0.0000, delta_over_irt=0.0000, graph_row_entropy=4.8122, graph_entropy_ratio=1.0000, alpha_mean=0.2880, alpha_std=0.4500, personal_row_entropy=0.1647
2026-02-11 05:54:43,043 - INFO - [assist_09|assist_09_m3grid_s0p01_d0p15_no3|lr=0.0003|drop=0.15] [Grad Norms] Epoch [016] | mf_u_proj=0.000000, mf_v_proj=0.000000, fusion_gate=0.000000, q_gate_raw=0.000000, skill_latent=0.000000
2026-02-11 05:54:43,043 - INFO - [assist_09|assist_09_m3grid_s0p01_d0p15_no3|lr=0.0003|drop=0.15] -> No improvement 1 epoch(s) (best AUC=0.7502 @ 15)
2026-02-11 05:55:08,943 - INFO - [assist_09|assist_09_m3grid_s0p01_d0p15_no3|lr=0.0003|drop=0.15] Epoch [017/30] | Train: Loss=0.5136, BCE=0.4689, Reg=0.0447, AUC=0.8312, ACC=0.7635, RMSE=0.3945 | Val: Loss=0.6058, BCE=0.5586, Reg=0.0472, AUC=0.7510, ACC=0.7249, RMSE=0.4317
2026-02-11 05:55:08,944 - INFO - [assist_09|assist_09_m3grid_s0p01_d0p15_no3|lr=0.0003|drop=0.15] [Reg Terms] Epoch [017] | Train: graph_entropy=0.046489, mf_l2=0.000003, proto_div=0.000000, proto_usage=0.000000, personal_sparse=0.000681, alpha_var=-0.002439, reg_bce_ratio=0.0954 | Val: graph_entropy=0.048122, mf_l2=0.000003, proto_div=0.000000, proto_usage=0.000000, personal_sparse=0.000637, alpha_var=-0.001512, reg_bce_ratio=0.0846
2026-02-11 05:55:09,316 - INFO - [assist_09|assist_09_m3grid_s0p01_d0p15_no3|lr=0.0003|drop=0.15] [Diag][M3] Epoch [017] | residual_abs_mean=0.0000, residual_std=0.0000, mf_abs_mean=0.0000, mf_std=0.0000, gate_mean=0.0000, gate_std=0.0000, irt_abs_mean=1.7645, irt_std=1.1243, delta_abs_mean=0.0000, delta_std=0.0000, delta_over_irt=0.0000, graph_row_entropy=4.8122, graph_entropy_ratio=1.0000, alpha_mean=0.2884, alpha_std=0.4511, personal_row_entropy=0.1584
2026-02-11 05:55:09,316 - INFO - [assist_09|assist_09_m3grid_s0p01_d0p15_no3|lr=0.0003|drop=0.15] [Grad Norms] Epoch [017] | mf_u_proj=0.000000, mf_v_proj=0.000000, fusion_gate=0.000000, q_gate_raw=0.000000, skill_latent=0.000000
2026-02-11 05:55:09,648 - INFO - [assist_09|assist_09_m3grid_s0p01_d0p15_no3|lr=0.0003|drop=0.15] -> New best AUC=0.7510 at epoch 17
2026-02-11 05:55:35,658 - INFO - [assist_09|assist_09_m3grid_s0p01_d0p15_no3|lr=0.0003|drop=0.15] Epoch [018/30] | Train: Loss=0.5066, BCE=0.4619, Reg=0.0447, AUC=0.8377, ACC=0.7674, RMSE=0.3912 | Val: Loss=0.6090, BCE=0.5618, Reg=0.0472, AUC=0.7499, ACC=0.7249, RMSE=0.4325
2026-02-11 05:55:35,659 - INFO - [assist_09|assist_09_m3grid_s0p01_d0p15_no3|lr=0.0003|drop=0.15] [Reg Terms] Epoch [018] | Train: graph_entropy=0.046490, mf_l2=0.000003, proto_div=0.000000, proto_usage=0.000000, personal_sparse=0.000625, alpha_var=-0.002439, reg_bce_ratio=0.0967 | Val: graph_entropy=0.048122, mf_l2=0.000003, proto_div=0.000000, proto_usage=0.000000, personal_sparse=0.000574, alpha_var=-0.001513, reg_bce_ratio=0.0840
2026-02-11 05:55:35,967 - INFO - [assist_09|assist_09_m3grid_s0p01_d0p15_no3|lr=0.0003|drop=0.15] [Diag][M3] Epoch [018] | residual_abs_mean=0.0000, residual_std=0.0000, mf_abs_mean=0.0000, mf_std=0.0000, gate_mean=0.0000, gate_std=0.0000, irt_abs_mean=1.7662, irt_std=1.1432, delta_abs_mean=0.0000, delta_std=0.0000, delta_over_irt=0.0000, graph_row_entropy=4.8122, graph_entropy_ratio=1.0000, alpha_mean=0.2886, alpha_std=0.4512, personal_row_entropy=0.1406
2026-02-11 05:55:35,967 - INFO - [assist_09|assist_09_m3grid_s0p01_d0p15_no3|lr=0.0003|drop=0.15] [Grad Norms] Epoch [018] | mf_u_proj=0.000000, mf_v_proj=0.000000, fusion_gate=0.000000, q_gate_raw=0.000000, skill_latent=0.000000
2026-02-11 05:55:35,967 - INFO - [assist_09|assist_09_m3grid_s0p01_d0p15_no3|lr=0.0003|drop=0.15] -> No improvement 1 epoch(s) (best AUC=0.7510 @ 17)
2026-02-11 05:56:02,818 - INFO - [assist_09|assist_09_m3grid_s0p01_d0p15_no3|lr=0.0003|drop=0.15] Epoch [019/30] | Train: Loss=0.5049, BCE=0.4603, Reg=0.0446, AUC=0.8388, ACC=0.7681, RMSE=0.3906 | Val: Loss=0.6094, BCE=0.5622, Reg=0.0472, AUC=0.7504, ACC=0.7237, RMSE=0.4325
2026-02-11 05:56:02,819 - INFO - [assist_09|assist_09_m3grid_s0p01_d0p15_no3|lr=0.0003|drop=0.15] [Reg Terms] Epoch [019] | Train: graph_entropy=0.046489, mf_l2=0.000004, proto_div=0.000000, proto_usage=0.000000, personal_sparse=0.000573, alpha_var=-0.002438, reg_bce_ratio=0.0970 | Val: graph_entropy=0.048122, mf_l2=0.000004, proto_div=0.000000, proto_usage=0.000000, personal_sparse=0.000536, alpha_var=-0.001507, reg_bce_ratio=0.0839
2026-02-11 05:56:03,044 - INFO - [assist_09|assist_09_m3grid_s0p01_d0p15_no3|lr=0.0003|drop=0.15] [Diag][M3] Epoch [019] | residual_abs_mean=0.0000, residual_std=0.0000, mf_abs_mean=0.0000, mf_std=0.0000, gate_mean=0.0000, gate_std=0.0000, irt_abs_mean=1.7937, irt_std=1.1597, delta_abs_mean=0.0000, delta_std=0.0000, delta_over_irt=0.0000, graph_row_entropy=4.8122, graph_entropy_ratio=1.0000, alpha_mean=0.2890, alpha_std=0.4515, personal_row_entropy=0.1358
2026-02-11 05:56:03,044 - INFO - [assist_09|assist_09_m3grid_s0p01_d0p15_no3|lr=0.0003|drop=0.15] [Grad Norms] Epoch [019] | mf_u_proj=0.000000, mf_v_proj=0.000000, fusion_gate=0.000000, q_gate_raw=0.000000, skill_latent=0.000000
2026-02-11 05:56:03,044 - INFO - [assist_09|assist_09_m3grid_s0p01_d0p15_no3|lr=0.0003|drop=0.15] -> No improvement 2 epoch(s) (best AUC=0.7510 @ 17)
2026-02-11 05:56:29,728 - INFO - [assist_09|assist_09_m3grid_s0p01_d0p15_no3|lr=0.0003|drop=0.15] Epoch [020/30] | Train: Loss=0.5036, BCE=0.4590, Reg=0.0446, AUC=0.8395, ACC=0.7688, RMSE=0.3901 | Val: Loss=0.6091, BCE=0.5619, Reg=0.0471, AUC=0.7499, ACC=0.7234, RMSE=0.4325
2026-02-11 05:56:29,728 - INFO - [assist_09|assist_09_m3grid_s0p01_d0p15_no3|lr=0.0003|drop=0.15] [Reg Terms] Epoch [020] | Train: graph_entropy=0.046489, mf_l2=0.000004, proto_div=0.000000, proto_usage=0.000000, personal_sparse=0.000548, alpha_var=-0.002438, reg_bce_ratio=0.0972 | Val: graph_entropy=0.048122, mf_l2=0.000004, proto_div=0.000000, proto_usage=0.000000, personal_sparse=0.000507, alpha_var=-0.001504, reg_bce_ratio=0.0839
2026-02-11 05:56:29,959 - INFO - [assist_09|assist_09_m3grid_s0p01_d0p15_no3|lr=0.0003|drop=0.15] [Diag][M3] Epoch [020] | residual_abs_mean=0.0000, residual_std=0.0000, mf_abs_mean=0.0000, mf_std=0.0000, gate_mean=0.0000, gate_std=0.0000, irt_abs_mean=1.7203, irt_std=1.1651, delta_abs_mean=0.0000, delta_std=0.0000, delta_over_irt=0.0000, graph_row_entropy=4.8122, graph_entropy_ratio=1.0000, alpha_mean=0.2896, alpha_std=0.4517, personal_row_entropy=0.1323
2026-02-11 05:56:29,959 - INFO - [assist_09|assist_09_m3grid_s0p01_d0p15_no3|lr=0.0003|drop=0.15] [Grad Norms] Epoch [020] | mf_u_proj=0.000000, mf_v_proj=0.000000, fusion_gate=0.000000, q_gate_raw=0.000000, skill_latent=0.000000
2026-02-11 05:56:29,960 - INFO - [assist_09|assist_09_m3grid_s0p01_d0p15_no3|lr=0.0003|drop=0.15] -> No improvement 3 epoch(s) (best AUC=0.7510 @ 17)
2026-02-11 05:56:29,960 - INFO - [assist_09|assist_09_m3grid_s0p01_d0p15_no3|lr=0.0003|drop=0.15] Early stopping at epoch 20 (best AUC=0.7510 @ 17)
2026-02-11 05:56:29,971 - INFO - Epoch-wise metrics saved to checkpoints/assist_09_m3grid/seed42/s0p01_d0p15_no3/metrics_history.csv
2026-02-11 05:56:29,973 - INFO - [assist_09|assist_09_m3grid_s0p01_d0p15_no3|lr=0.0003|drop=0.15] Training completed! Best Val AUC=0.7510 @ epoch 17
2026-02-11 05:56:30,183 - INFO - 
============================================================
         MODULE ACTIVITY REPORT
============================================================
Dataset: assist_09 | Seed: 42 | Epoch: 20

1. Soft Prototype Module:
   - Status: DISABLED (num_prototypes=0 or use_soft_prototype=False)

2. Concept Graph Module:
   - Mean row entropy: 4.812 / 4.812
   - Entropy ratio: 100.0%
   - Status: ✗ TRIVIAL (uniform distribution, not learning)
   → Consider: increase lambda_sparse or training longer

3. Personal Graph Module:
   - Gate alpha mean: 0.321
   - Gate alpha std: 0.465
   - Status: ✓ ACTIVE (using personalization)

4. Skill/MF Module:
   - MF logit |mean|: 0.0000
   - MF logit std: 0.0000
   - Fusion gate mean: 0.000
   - Status: ✗ INACTIVE (near-zero contribution)
   → Consider: check skill_dim or learning_rate

------------------------------------------------------------
SUMMARY:
   Active modules: Personal Graph
   ⚠ Inactive modules: Concept Graph, Skill/MF
============================================================
2026-02-11 05:56:30,184 - INFO - [assist_09|assist_09_m3grid_s0p01_d0p15_no3|lr=0.0003|drop=0.15] Module activity saved to checkpoints/assist_09_m3grid/seed42/s0p01_d0p15_no3/module_activity.json
2026-02-11 05:56:30,249 - INFO - Using device: cuda:0 (physical gpu 1)
2026-02-11 05:56:30,249 - INFO - Loading model from checkpoints/assist_09_m3grid/seed42/s0p01_d0p15_no3/best_model.pth...
2026-02-11 05:56:30,753 - INFO - Inference switches: ablate_module1=False, ablate_module2=False, ablate_module3=True | enable_module1=True, enable_module2=True, enable_module3=False | use_soft_prototype=False, use_mf_branch=False, use_concept_graph=True, use_q_aligned_residual=True, use_soft_prototype_main_path=False | effective(num_gnn_layers=1, num_prototypes=0)
2026-02-11 05:56:30,766 - INFO - [Inference] Ablation runtime check: args(ablate_module1=False,ablate_module2=False,ablate_module3=True) | model(enable_module1=True,enable_module2=True,enable_module3=False) | physical(has_knowledge_encoder=True,has_mf_branch=False,has_soft_prototype=False)
2026-02-11 05:56:30,767 - INFO - Model loaded from epoch 17. Start testing...
2026-02-11 05:56:31,687 - INFO - [Test] 200/411 batches done, samples=25600
2026-02-11 05:56:32,538 - INFO - [Test] 400/411 batches done, samples=51200
2026-02-11 05:56:32,646 - INFO - 
==================================================
2026-02-11 05:56:32,647 - INFO - Test Results:
2026-02-11 05:56:32,647 - INFO - AUC: 0.7554
2026-02-11 05:56:32,647 - INFO - ACC: 0.7295
2026-02-11 05:56:32,647 - INFO - RMSE: 0.4285
2026-02-11 05:56:32,647 - INFO - ==================================================
2026-02-11 05:56:32,664 - INFO - Summary appended to /home/zsh/ConceptSkillCDM/results/experiment_results.csv
2026-02-11 05:56:32,669 - INFO - Run completed.
2026-02-11 05:56:32,669 - INFO - Best validation AUC: 0.7510 at epoch 17
2026-02-11 05:56:32,669 - INFO - Test metrics - AUC: 0.7554, ACC: 0.7295, RMSE: 0.4285
