2026-02-10 06:11:56,748 - INFO - Arguments:
2026-02-10 06:11:56,748 - INFO -   ablate_concept_graph: False
2026-02-10 06:11:56,748 - INFO -   ablate_module1: False
2026-02-10 06:11:56,748 - INFO -   ablate_module2: False
2026-02-10 06:11:56,748 - INFO -   ablate_module3: True
2026-02-10 06:11:56,748 - INFO -   ablate_skill_encoder: False
2026-02-10 06:11:56,748 - INFO -   ablate_soft_prototype: False
2026-02-10 06:11:56,748 - INFO -   allow_self_loop: True
2026-02-10 06:11:56,748 - INFO -   batch_size: 256
2026-02-10 06:11:56,748 - INFO -   data_dir: ./data/junyi
2026-02-10 06:11:56,748 - INFO -   dataset_name: junyi
2026-02-10 06:11:56,748 - INFO -   debug_module3_diag: True
2026-02-10 06:11:56,748 - INFO -   diag_batches: 2
2026-02-10 06:11:56,748 - INFO -   disable_q_conditioning: False
2026-02-10 06:11:56,748 - INFO -   disable_self_loop: False
2026-02-10 06:11:56,748 - INFO -   disable_soft_prototype: False
2026-02-10 06:11:56,748 - INFO -   dropout: 0.2
2026-02-10 06:11:56,748 - INFO -   early_stop_patience: 3
2026-02-10 06:11:56,748 - INFO -   enable_module1: True
2026-02-10 06:11:56,748 - INFO -   enable_module2: True
2026-02-10 06:11:56,748 - INFO -   enable_module3: False
2026-02-10 06:11:56,748 - INFO -   epochs: 100
2026-02-10 06:11:56,749 - INFO -   exercise_dim: 128
2026-02-10 06:11:56,749 - INFO -   exercise_l2_lambda: 5e-05
2026-02-10 06:11:56,749 - INFO -   generate_diagnosis: False
2026-02-10 06:11:56,749 - INFO -   gnn_residual_weight: 0.5
2026-02-10 06:11:56,749 - INFO -   gpu_candidates: None
2026-02-10 06:11:56,749 - INFO -   gpu_ids: None
2026-02-10 06:11:56,749 - INFO -   gpu_memory_threshold: 2000
2026-02-10 06:11:56,749 - INFO -   gpus: None
2026-02-10 06:11:56,749 - INFO -   graph_topk: None
2026-02-10 06:11:56,749 - INFO -   knowledge_dim: 128
2026-02-10 06:11:56,749 - INFO -   lambda_alpha: 0.01
2026-02-10 06:11:56,749 - INFO -   lambda_proto_div: 0.0
2026-02-10 06:11:56,749 - INFO -   lambda_proto_usage: 0.0
2026-02-10 06:11:56,749 - INFO -   lambda_sparse: 0.01
2026-02-10 06:11:56,749 - INFO -   lambda_sparse_personal: 0.005
2026-02-10 06:11:56,749 - INFO -   learning_rate: 0.003
2026-02-10 06:11:56,749 - INFO -   log_dir: logs/junyi_m3grid/seed42/sparse001_proto_relax_drop02_no3
2026-02-10 06:11:56,749 - INFO -   min_exer_interactions: 0
2026-02-10 06:11:56,749 - INFO -   min_poison_count: 0
2026-02-10 06:11:56,749 - INFO -   min_stu_interactions: 15
2026-02-10 06:11:56,749 - INFO -   model_variant: junyi_m3grid_sparse001_proto_relax_drop02_no3
2026-02-10 06:11:56,749 - INFO -   multi_gpu: False
2026-02-10 06:11:56,749 - INFO -   no_cuda: False
2026-02-10 06:11:56,749 - INFO -   num_gnn_layers: 2
2026-02-10 06:11:56,749 - INFO -   num_gpus: 1
2026-02-10 06:11:56,749 - INFO -   num_prototypes: 0
2026-02-10 06:11:56,749 - INFO -   num_relation_heads: 2
2026-02-10 06:11:56,749 - INFO -   num_workers: 4
2026-02-10 06:11:56,749 - INFO -   patience: 1
2026-02-10 06:11:56,749 - INFO -   personal_rank: 4
2026-02-10 06:11:56,749 - INFO -   proto_lambda: 1.0
2026-02-10 06:11:56,749 - INFO -   proto_tau: 1.0
2026-02-10 06:11:56,749 - INFO -   save_dir: checkpoints/junyi_m3grid/seed42/sparse001_proto_relax_drop02_no3
2026-02-10 06:11:56,749 - INFO -   save_interval: 10
2026-02-10 06:11:56,749 - INFO -   seed: 42
2026-02-10 06:11:56,749 - INFO -   skill_dim: 64
2026-02-10 06:11:56,749 - INFO -   use_concept_graph: True
2026-02-10 06:11:56,749 - INFO -   use_exercise_graph: True
2026-02-10 06:11:56,749 - INFO -   use_mf_branch: False
2026-02-10 06:11:56,749 - INFO -   use_personal_graph: True
2026-02-10 06:11:56,749 - INFO -   use_q_conditioning: True
2026-02-10 06:11:56,750 - INFO -   use_skill_encoder: False
2026-02-10 06:11:56,750 - INFO -   use_soft_prototype: False
2026-02-10 06:11:56,750 - INFO -   weight_decay: 0.001
2026-02-10 06:11:56,832 - INFO - Using device: cuda:0 (physical gpu 3)
2026-02-10 06:11:56,832 - INFO - [junyi|junyi_m3grid_sparse001_proto_relax_drop02_no3|lr=0.003|drop=0.20] Loading datasets...
2026-02-10 06:11:56,832 - INFO - [junyi|junyi_m3grid_sparse001_proto_relax_drop02_no3|lr=0.003|drop=0.20] Regularization: graph_entropy(lambda_sparse)=0.010000, proto_div=0.000000, proto_usage=0.000000, personal_sparse=0.005000, alpha_penalty=0.010000, mf_l2(exercise_l2_lambda)=0.000050
2026-02-10 06:11:56,910 - INFO - [数据清洗] 学生交互次数 < 15 次的学生：共移除 0 个学生（仅统计用户数）
2026-02-10 06:11:56,921 - INFO - [数据清洗] 学生冷启动过滤：在 train/valid/test 中共删除 0 条记录。
2026-02-10 06:11:56,921 - INFO - [数据清洗] 跳过题目冷门过滤（min_exer_interactions <= 0）。
2026-02-10 06:11:56,921 - INFO - [数据清洗] 跳过毒题清洗（min_poison_count <= 0）。
2026-02-10 06:12:05,097 - INFO - [junyi|junyi_m3grid_sparse001_proto_relax_drop02_no3|lr=0.003|drop=0.20] Train samples: 262473, Val samples: 24299
2026-02-10 06:12:05,097 - INFO - [junyi|junyi_m3grid_sparse001_proto_relax_drop02_no3|lr=0.003|drop=0.20] Number of students: 10000
2026-02-10 06:12:05,097 - INFO - [junyi|junyi_m3grid_sparse001_proto_relax_drop02_no3|lr=0.003|drop=0.20] Number of exercises: 706
2026-02-10 06:12:05,097 - INFO - [junyi|junyi_m3grid_sparse001_proto_relax_drop02_no3|lr=0.003|drop=0.20] Number of concepts: 706
2026-02-10 06:12:05,097 - INFO - [junyi|junyi_m3grid_sparse001_proto_relax_drop02_no3|lr=0.003|drop=0.20] Creating model...
2026-02-10 06:12:05,097 - INFO - [junyi|junyi_m3grid_sparse001_proto_relax_drop02_no3|lr=0.003|drop=0.20] Ablation switches: ablate_module1=False, ablate_module2=False, ablate_module3=True | enable_module1=True, enable_module2=True, enable_module3=False | use_soft_prototype=False, use_mf_branch=False, use_concept_graph=True | effective(num_gnn_layers=2, num_prototypes=0)
2026-02-10 06:12:05,230 - INFO - [junyi|junyi_m3grid_sparse001_proto_relax_drop02_no3|lr=0.003|drop=0.20] Ablation runtime check: args(ablate_module1=False,ablate_module2=False,ablate_module3=True) | model(enable_module1=True,enable_module2=True,enable_module3=False) | physical(has_knowledge_encoder=True,has_mf_branch=False,has_soft_prototype=False)
2026-02-10 06:12:05,230 - INFO - [junyi|junyi_m3grid_sparse001_proto_relax_drop02_no3|lr=0.003|drop=0.20] Debug diagnostics enabled: diag_batches=2
2026-02-10 06:12:05,230 - INFO - [junyi|junyi_m3grid_sparse001_proto_relax_drop02_no3|lr=0.003|drop=0.20] Total parameters: 2,235,533
2026-02-10 06:12:05,230 - INFO - [junyi|junyi_m3grid_sparse001_proto_relax_drop02_no3|lr=0.003|drop=0.20] Trainable parameters: 2,235,533
2026-02-10 06:12:06,021 - INFO - [junyi|junyi_m3grid_sparse001_proto_relax_drop02_no3|lr=0.003|drop=0.20] Starting training...
2026-02-10 06:14:35,077 - INFO - [junyi|junyi_m3grid_sparse001_proto_relax_drop02_no3|lr=0.003|drop=0.20] Epoch [001/100] | Train: Loss=0.6129, BCE=0.5167, Reg=0.0962, AUC=0.7912, ACC=0.7452, RMSE=0.4147 | Val: Loss=0.6052, BCE=0.5068, Reg=0.0984, AUC=0.7963, ACC=0.7605, RMSE=0.4088
2026-02-10 06:14:35,077 - INFO - [junyi|junyi_m3grid_sparse001_proto_relax_drop02_no3|lr=0.003|drop=0.20] [Reg Terms] Epoch [001] | Train: graph_entropy=0.063363, mf_l2=0.000000, proto_div=0.000000, proto_usage=0.000000, personal_sparse=0.032798, alpha_var=-0.000000, reg_bce_ratio=0.1861 | Val: graph_entropy=0.065596, mf_l2=0.000000, proto_div=0.000000, proto_usage=0.000000, personal_sparse=0.032798, alpha_var=-0.000000, reg_bce_ratio=0.1941
2026-02-10 06:14:36,777 - INFO - [junyi|junyi_m3grid_sparse001_proto_relax_drop02_no3|lr=0.003|drop=0.20] [Diag] Epoch [001] | mf_abs_mean=0.0000, mf_std=0.0000, gate_mean=0.0000, gate_std=0.0000, irt_abs_mean=1.4652, irt_std=0.9811, delta_abs_mean=0.0000, delta_std=0.0000, delta_over_irt=0.0000, graph_row_entropy=6.5596, graph_entropy_ratio=1.0000, alpha_mean=0.4999, alpha_std=0.0000, personal_row_entropy=6.5596
2026-02-10 06:14:36,777 - INFO - [junyi|junyi_m3grid_sparse001_proto_relax_drop02_no3|lr=0.003|drop=0.20] [Grad Norms] Epoch [001] | mf_u_proj=0.000000, mf_v_proj=0.000000, fusion_gate=0.000000, q_gate_raw=0.000000, skill_latent=0.000000
2026-02-10 06:14:36,870 - INFO - [junyi|junyi_m3grid_sparse001_proto_relax_drop02_no3|lr=0.003|drop=0.20] -> New best AUC=0.7963 at epoch 1
2026-02-10 06:17:05,792 - INFO - [junyi|junyi_m3grid_sparse001_proto_relax_drop02_no3|lr=0.003|drop=0.20] Epoch [002/100] | Train: Loss=0.6042, BCE=0.5080, Reg=0.0962, AUC=0.7996, ACC=0.7528, RMSE=0.4103 | Val: Loss=0.5954, BCE=0.4970, Reg=0.0984, AUC=0.8047, ACC=0.7630, RMSE=0.4046
2026-02-10 06:17:05,792 - INFO - [junyi|junyi_m3grid_sparse001_proto_relax_drop02_no3|lr=0.003|drop=0.20] [Reg Terms] Epoch [002] | Train: graph_entropy=0.063363, mf_l2=0.000000, proto_div=0.000000, proto_usage=0.000000, personal_sparse=0.032798, alpha_var=-0.000000, reg_bce_ratio=0.1893 | Val: graph_entropy=0.065596, mf_l2=0.000000, proto_div=0.000000, proto_usage=0.000000, personal_sparse=0.032798, alpha_var=-0.000000, reg_bce_ratio=0.1980
2026-02-10 06:17:07,445 - INFO - [junyi|junyi_m3grid_sparse001_proto_relax_drop02_no3|lr=0.003|drop=0.20] [Diag] Epoch [002] | mf_abs_mean=0.0000, mf_std=0.0000, gate_mean=0.0000, gate_std=0.0000, irt_abs_mean=1.5355, irt_std=0.9196, delta_abs_mean=0.0000, delta_std=0.0000, delta_over_irt=0.0000, graph_row_entropy=6.5596, graph_entropy_ratio=1.0000, alpha_mean=0.5009, alpha_std=0.0000, personal_row_entropy=6.5596
2026-02-10 06:17:07,445 - INFO - [junyi|junyi_m3grid_sparse001_proto_relax_drop02_no3|lr=0.003|drop=0.20] [Grad Norms] Epoch [002] | mf_u_proj=0.000000, mf_v_proj=0.000000, fusion_gate=0.000000, q_gate_raw=0.000000, skill_latent=0.000000
2026-02-10 06:17:07,661 - INFO - [junyi|junyi_m3grid_sparse001_proto_relax_drop02_no3|lr=0.003|drop=0.20] -> New best AUC=0.8047 at epoch 2
2026-02-10 06:19:36,610 - INFO - [junyi|junyi_m3grid_sparse001_proto_relax_drop02_no3|lr=0.003|drop=0.20] Epoch [003/100] | Train: Loss=0.5991, BCE=0.5029, Reg=0.0962, AUC=0.8043, ACC=0.7562, RMSE=0.4078 | Val: Loss=0.5908, BCE=0.4924, Reg=0.0984, AUC=0.8083, ACC=0.7672, RMSE=0.4019
2026-02-10 06:19:36,610 - INFO - [junyi|junyi_m3grid_sparse001_proto_relax_drop02_no3|lr=0.003|drop=0.20] [Reg Terms] Epoch [003] | Train: graph_entropy=0.063363, mf_l2=0.000000, proto_div=0.000000, proto_usage=0.000000, personal_sparse=0.032798, alpha_var=-0.000000, reg_bce_ratio=0.1912 | Val: graph_entropy=0.065596, mf_l2=0.000000, proto_div=0.000000, proto_usage=0.000000, personal_sparse=0.032798, alpha_var=-0.000000, reg_bce_ratio=0.1998
2026-02-10 06:19:38,617 - INFO - [junyi|junyi_m3grid_sparse001_proto_relax_drop02_no3|lr=0.003|drop=0.20] [Diag] Epoch [003] | mf_abs_mean=0.0000, mf_std=0.0000, gate_mean=0.0000, gate_std=0.0000, irt_abs_mean=1.5249, irt_std=0.9837, delta_abs_mean=0.0000, delta_std=0.0000, delta_over_irt=0.0000, graph_row_entropy=6.5596, graph_entropy_ratio=1.0000, alpha_mean=0.5000, alpha_std=0.0000, personal_row_entropy=6.5596
2026-02-10 06:19:38,617 - WARNING - [junyi|junyi_m3grid_sparse001_proto_relax_drop02_no3|lr=0.003|drop=0.20] [Diag Warning] alpha_std has been near zero for 3 epoch(s) (alpha_std=0.000000, personal_row_entropy=6.5596). This indicates personal-graph mixing may be collapsed/trivial.
2026-02-10 06:19:38,617 - INFO - [junyi|junyi_m3grid_sparse001_proto_relax_drop02_no3|lr=0.003|drop=0.20] [Grad Norms] Epoch [003] | mf_u_proj=0.000000, mf_v_proj=0.000000, fusion_gate=0.000000, q_gate_raw=0.000000, skill_latent=0.000000
2026-02-10 06:19:38,859 - INFO - [junyi|junyi_m3grid_sparse001_proto_relax_drop02_no3|lr=0.003|drop=0.20] -> New best AUC=0.8083 at epoch 3
2026-02-10 06:22:07,831 - INFO - [junyi|junyi_m3grid_sparse001_proto_relax_drop02_no3|lr=0.003|drop=0.20] Epoch [004/100] | Train: Loss=0.5956, BCE=0.4994, Reg=0.0962, AUC=0.8074, ACC=0.7584, RMSE=0.4061 | Val: Loss=0.5950, BCE=0.4966, Reg=0.0984, AUC=0.8078, ACC=0.7668, RMSE=0.4037
2026-02-10 06:22:07,831 - INFO - [junyi|junyi_m3grid_sparse001_proto_relax_drop02_no3|lr=0.003|drop=0.20] [Reg Terms] Epoch [004] | Train: graph_entropy=0.063363, mf_l2=0.000000, proto_div=0.000000, proto_usage=0.000000, personal_sparse=0.032798, alpha_var=-0.000000, reg_bce_ratio=0.1925 | Val: graph_entropy=0.065596, mf_l2=0.000000, proto_div=0.000000, proto_usage=0.000000, personal_sparse=0.032798, alpha_var=-0.000000, reg_bce_ratio=0.1981
2026-02-10 06:22:09,754 - INFO - [junyi|junyi_m3grid_sparse001_proto_relax_drop02_no3|lr=0.003|drop=0.20] [Diag] Epoch [004] | mf_abs_mean=0.0000, mf_std=0.0000, gate_mean=0.0000, gate_std=0.0000, irt_abs_mean=1.6512, irt_std=1.0352, delta_abs_mean=0.0000, delta_std=0.0000, delta_over_irt=0.0000, graph_row_entropy=6.5596, graph_entropy_ratio=1.0000, alpha_mean=0.4973, alpha_std=0.0000, personal_row_entropy=6.5596
2026-02-10 06:22:09,754 - WARNING - [junyi|junyi_m3grid_sparse001_proto_relax_drop02_no3|lr=0.003|drop=0.20] [Diag Warning] alpha_std has been near zero for 4 epoch(s) (alpha_std=0.000000, personal_row_entropy=6.5596). This indicates personal-graph mixing may be collapsed/trivial.
2026-02-10 06:22:09,754 - INFO - [junyi|junyi_m3grid_sparse001_proto_relax_drop02_no3|lr=0.003|drop=0.20] [Grad Norms] Epoch [004] | mf_u_proj=0.000000, mf_v_proj=0.000000, fusion_gate=0.000000, q_gate_raw=0.000000, skill_latent=0.000000
2026-02-10 06:22:09,754 - INFO - [junyi|junyi_m3grid_sparse001_proto_relax_drop02_no3|lr=0.003|drop=0.20] -> No improvement 1 epoch(s) (best AUC=0.8083 @ 3)
2026-02-10 06:24:38,751 - INFO - [junyi|junyi_m3grid_sparse001_proto_relax_drop02_no3|lr=0.003|drop=0.20] Epoch [005/100] | Train: Loss=0.5940, BCE=0.4978, Reg=0.0962, AUC=0.8090, ACC=0.7600, RMSE=0.4053 | Val: Loss=0.5896, BCE=0.4912, Reg=0.0984, AUC=0.8096, ACC=0.7705, RMSE=0.4013
2026-02-10 06:24:38,752 - INFO - [junyi|junyi_m3grid_sparse001_proto_relax_drop02_no3|lr=0.003|drop=0.20] [Reg Terms] Epoch [005] | Train: graph_entropy=0.063363, mf_l2=0.000000, proto_div=0.000000, proto_usage=0.000000, personal_sparse=0.032798, alpha_var=-0.000000, reg_bce_ratio=0.1932 | Val: graph_entropy=0.065596, mf_l2=0.000000, proto_div=0.000000, proto_usage=0.000000, personal_sparse=0.032798, alpha_var=-0.000000, reg_bce_ratio=0.2003
2026-02-10 06:24:40,796 - INFO - [junyi|junyi_m3grid_sparse001_proto_relax_drop02_no3|lr=0.003|drop=0.20] [Diag] Epoch [005] | mf_abs_mean=0.0000, mf_std=0.0000, gate_mean=0.0000, gate_std=0.0000, irt_abs_mean=1.5489, irt_std=0.9935, delta_abs_mean=0.0000, delta_std=0.0000, delta_over_irt=0.0000, graph_row_entropy=6.5596, graph_entropy_ratio=1.0000, alpha_mean=0.4983, alpha_std=0.0000, personal_row_entropy=6.5596
2026-02-10 06:24:40,796 - WARNING - [junyi|junyi_m3grid_sparse001_proto_relax_drop02_no3|lr=0.003|drop=0.20] [Diag Warning] alpha_std has been near zero for 5 epoch(s) (alpha_std=0.000000, personal_row_entropy=6.5596). This indicates personal-graph mixing may be collapsed/trivial.
2026-02-10 06:24:40,796 - INFO - [junyi|junyi_m3grid_sparse001_proto_relax_drop02_no3|lr=0.003|drop=0.20] [Grad Norms] Epoch [005] | mf_u_proj=0.000000, mf_v_proj=0.000000, fusion_gate=0.000000, q_gate_raw=0.000000, skill_latent=0.000000
2026-02-10 06:24:41,041 - INFO - [junyi|junyi_m3grid_sparse001_proto_relax_drop02_no3|lr=0.003|drop=0.20] -> New best AUC=0.8096 at epoch 5
2026-02-10 06:27:10,095 - INFO - [junyi|junyi_m3grid_sparse001_proto_relax_drop02_no3|lr=0.003|drop=0.20] Epoch [006/100] | Train: Loss=0.5931, BCE=0.4970, Reg=0.0962, AUC=0.8097, ACC=0.7619, RMSE=0.4047 | Val: Loss=0.5934, BCE=0.4950, Reg=0.0984, AUC=0.8088, ACC=0.7660, RMSE=0.4026
2026-02-10 06:27:10,095 - INFO - [junyi|junyi_m3grid_sparse001_proto_relax_drop02_no3|lr=0.003|drop=0.20] [Reg Terms] Epoch [006] | Train: graph_entropy=0.063363, mf_l2=0.000000, proto_div=0.000000, proto_usage=0.000000, personal_sparse=0.032798, alpha_var=-0.000000, reg_bce_ratio=0.1935 | Val: graph_entropy=0.065596, mf_l2=0.000000, proto_div=0.000000, proto_usage=0.000000, personal_sparse=0.032798, alpha_var=-0.000000, reg_bce_ratio=0.1988
2026-02-10 06:27:12,143 - INFO - [junyi|junyi_m3grid_sparse001_proto_relax_drop02_no3|lr=0.003|drop=0.20] [Diag] Epoch [006] | mf_abs_mean=0.0000, mf_std=0.0000, gate_mean=0.0000, gate_std=0.0000, irt_abs_mean=1.6474, irt_std=1.1004, delta_abs_mean=0.0000, delta_std=0.0000, delta_over_irt=0.0000, graph_row_entropy=6.5596, graph_entropy_ratio=1.0000, alpha_mean=0.5020, alpha_std=0.0000, personal_row_entropy=6.5596
2026-02-10 06:27:12,143 - WARNING - [junyi|junyi_m3grid_sparse001_proto_relax_drop02_no3|lr=0.003|drop=0.20] [Diag Warning] alpha_std has been near zero for 6 epoch(s) (alpha_std=0.000000, personal_row_entropy=6.5596). This indicates personal-graph mixing may be collapsed/trivial.
2026-02-10 06:27:12,143 - INFO - [junyi|junyi_m3grid_sparse001_proto_relax_drop02_no3|lr=0.003|drop=0.20] [Grad Norms] Epoch [006] | mf_u_proj=0.000000, mf_v_proj=0.000000, fusion_gate=0.000000, q_gate_raw=0.000000, skill_latent=0.000000
2026-02-10 06:27:12,144 - INFO - [junyi|junyi_m3grid_sparse001_proto_relax_drop02_no3|lr=0.003|drop=0.20] -> No improvement 1 epoch(s) (best AUC=0.8096 @ 5)
2026-02-10 06:29:41,161 - INFO - [junyi|junyi_m3grid_sparse001_proto_relax_drop02_no3|lr=0.003|drop=0.20] Epoch [007/100] | Train: Loss=0.5925, BCE=0.4963, Reg=0.0962, AUC=0.8102, ACC=0.7617, RMSE=0.4044 | Val: Loss=0.5911, BCE=0.4927, Reg=0.0984, AUC=0.8107, ACC=0.7670, RMSE=0.4016
2026-02-10 06:29:41,161 - INFO - [junyi|junyi_m3grid_sparse001_proto_relax_drop02_no3|lr=0.003|drop=0.20] [Reg Terms] Epoch [007] | Train: graph_entropy=0.063363, mf_l2=0.000000, proto_div=0.000000, proto_usage=0.000000, personal_sparse=0.032798, alpha_var=-0.000000, reg_bce_ratio=0.1938 | Val: graph_entropy=0.065596, mf_l2=0.000000, proto_div=0.000000, proto_usage=0.000000, personal_sparse=0.032798, alpha_var=-0.000000, reg_bce_ratio=0.1997
2026-02-10 06:29:42,846 - INFO - [junyi|junyi_m3grid_sparse001_proto_relax_drop02_no3|lr=0.003|drop=0.20] [Diag] Epoch [007] | mf_abs_mean=0.0000, mf_std=0.0000, gate_mean=0.0000, gate_std=0.0000, irt_abs_mean=1.6945, irt_std=1.0357, delta_abs_mean=0.0000, delta_std=0.0000, delta_over_irt=0.0000, graph_row_entropy=6.5596, graph_entropy_ratio=1.0000, alpha_mean=0.4998, alpha_std=0.0000, personal_row_entropy=6.5596
2026-02-10 06:29:42,846 - WARNING - [junyi|junyi_m3grid_sparse001_proto_relax_drop02_no3|lr=0.003|drop=0.20] [Diag Warning] alpha_std has been near zero for 7 epoch(s) (alpha_std=0.000000, personal_row_entropy=6.5596). This indicates personal-graph mixing may be collapsed/trivial.
2026-02-10 06:29:42,846 - INFO - [junyi|junyi_m3grid_sparse001_proto_relax_drop02_no3|lr=0.003|drop=0.20] [Grad Norms] Epoch [007] | mf_u_proj=0.000000, mf_v_proj=0.000000, fusion_gate=0.000000, q_gate_raw=0.000000, skill_latent=0.000000
2026-02-10 06:29:43,047 - INFO - [junyi|junyi_m3grid_sparse001_proto_relax_drop02_no3|lr=0.003|drop=0.20] -> New best AUC=0.8107 at epoch 7
2026-02-10 06:32:12,108 - INFO - [junyi|junyi_m3grid_sparse001_proto_relax_drop02_no3|lr=0.003|drop=0.20] Epoch [008/100] | Train: Loss=0.5803, BCE=0.4842, Reg=0.0962, AUC=0.8210, ACC=0.7702, RMSE=0.3984 | Val: Loss=0.5802, BCE=0.4818, Reg=0.0984, AUC=0.8195, ACC=0.7738, RMSE=0.3964
2026-02-10 06:32:12,108 - INFO - [junyi|junyi_m3grid_sparse001_proto_relax_drop02_no3|lr=0.003|drop=0.20] [Reg Terms] Epoch [008] | Train: graph_entropy=0.063363, mf_l2=0.000000, proto_div=0.000000, proto_usage=0.000000, personal_sparse=0.032798, alpha_var=-0.000000, reg_bce_ratio=0.1986 | Val: graph_entropy=0.065596, mf_l2=0.000000, proto_div=0.000000, proto_usage=0.000000, personal_sparse=0.032798, alpha_var=-0.000000, reg_bce_ratio=0.2042
2026-02-10 06:32:13,817 - INFO - [junyi|junyi_m3grid_sparse001_proto_relax_drop02_no3|lr=0.003|drop=0.20] [Diag] Epoch [008] | mf_abs_mean=0.0000, mf_std=0.0000, gate_mean=0.0000, gate_std=0.0000, irt_abs_mean=1.7007, irt_std=1.0805, delta_abs_mean=0.0000, delta_std=0.0000, delta_over_irt=0.0000, graph_row_entropy=6.5596, graph_entropy_ratio=1.0000, alpha_mean=0.5007, alpha_std=0.0000, personal_row_entropy=6.5596
2026-02-10 06:32:13,818 - WARNING - [junyi|junyi_m3grid_sparse001_proto_relax_drop02_no3|lr=0.003|drop=0.20] [Diag Warning] alpha_std has been near zero for 8 epoch(s) (alpha_std=0.000000, personal_row_entropy=6.5596). This indicates personal-graph mixing may be collapsed/trivial.
2026-02-10 06:32:13,818 - INFO - [junyi|junyi_m3grid_sparse001_proto_relax_drop02_no3|lr=0.003|drop=0.20] [Grad Norms] Epoch [008] | mf_u_proj=0.000000, mf_v_proj=0.000000, fusion_gate=0.000000, q_gate_raw=0.000000, skill_latent=0.000000
2026-02-10 06:32:14,035 - INFO - [junyi|junyi_m3grid_sparse001_proto_relax_drop02_no3|lr=0.003|drop=0.20] -> New best AUC=0.8195 at epoch 8
2026-02-10 06:34:42,881 - INFO - [junyi|junyi_m3grid_sparse001_proto_relax_drop02_no3|lr=0.003|drop=0.20] Epoch [009/100] | Train: Loss=0.5770, BCE=0.4808, Reg=0.0962, AUC=0.8238, ACC=0.7718, RMSE=0.3969 | Val: Loss=0.5785, BCE=0.4801, Reg=0.0984, AUC=0.8190, ACC=0.7755, RMSE=0.3959
2026-02-10 06:34:42,881 - INFO - [junyi|junyi_m3grid_sparse001_proto_relax_drop02_no3|lr=0.003|drop=0.20] [Reg Terms] Epoch [009] | Train: graph_entropy=0.063363, mf_l2=0.000000, proto_div=0.000000, proto_usage=0.000000, personal_sparse=0.032798, alpha_var=-0.000000, reg_bce_ratio=0.2000 | Val: graph_entropy=0.065596, mf_l2=0.000000, proto_div=0.000000, proto_usage=0.000000, personal_sparse=0.032798, alpha_var=-0.000000, reg_bce_ratio=0.2049
2026-02-10 06:34:44,577 - INFO - [junyi|junyi_m3grid_sparse001_proto_relax_drop02_no3|lr=0.003|drop=0.20] [Diag] Epoch [009] | mf_abs_mean=0.0000, mf_std=0.0000, gate_mean=0.0000, gate_std=0.0000, irt_abs_mean=1.5834, irt_std=1.0215, delta_abs_mean=0.0000, delta_std=0.0000, delta_over_irt=0.0000, graph_row_entropy=6.5596, graph_entropy_ratio=1.0000, alpha_mean=0.4994, alpha_std=0.0000, personal_row_entropy=6.5596
2026-02-10 06:34:44,577 - WARNING - [junyi|junyi_m3grid_sparse001_proto_relax_drop02_no3|lr=0.003|drop=0.20] [Diag Warning] alpha_std has been near zero for 9 epoch(s) (alpha_std=0.000000, personal_row_entropy=6.5596). This indicates personal-graph mixing may be collapsed/trivial.
2026-02-10 06:34:44,577 - INFO - [junyi|junyi_m3grid_sparse001_proto_relax_drop02_no3|lr=0.003|drop=0.20] [Grad Norms] Epoch [009] | mf_u_proj=0.000000, mf_v_proj=0.000000, fusion_gate=0.000000, q_gate_raw=0.000000, skill_latent=0.000000
2026-02-10 06:34:44,577 - INFO - [junyi|junyi_m3grid_sparse001_proto_relax_drop02_no3|lr=0.003|drop=0.20] -> No improvement 1 epoch(s) (best AUC=0.8195 @ 8)
2026-02-10 06:37:13,500 - INFO - [junyi|junyi_m3grid_sparse001_proto_relax_drop02_no3|lr=0.003|drop=0.20] Epoch [010/100] | Train: Loss=0.5753, BCE=0.4791, Reg=0.0962, AUC=0.8253, ACC=0.7736, RMSE=0.3959 | Val: Loss=0.5779, BCE=0.4795, Reg=0.0984, AUC=0.8198, ACC=0.7745, RMSE=0.3958
2026-02-10 06:37:13,500 - INFO - [junyi|junyi_m3grid_sparse001_proto_relax_drop02_no3|lr=0.003|drop=0.20] [Reg Terms] Epoch [010] | Train: graph_entropy=0.063363, mf_l2=0.000000, proto_div=0.000000, proto_usage=0.000000, personal_sparse=0.032798, alpha_var=-0.000000, reg_bce_ratio=0.2007 | Val: graph_entropy=0.065596, mf_l2=0.000000, proto_div=0.000000, proto_usage=0.000000, personal_sparse=0.032798, alpha_var=-0.000000, reg_bce_ratio=0.2052
2026-02-10 06:37:15,434 - INFO - [junyi|junyi_m3grid_sparse001_proto_relax_drop02_no3|lr=0.003|drop=0.20] [Diag] Epoch [010] | mf_abs_mean=0.0000, mf_std=0.0000, gate_mean=0.0000, gate_std=0.0000, irt_abs_mean=1.5940, irt_std=1.0624, delta_abs_mean=0.0000, delta_std=0.0000, delta_over_irt=0.0000, graph_row_entropy=6.5596, graph_entropy_ratio=1.0000, alpha_mean=0.4985, alpha_std=0.0000, personal_row_entropy=6.5596
2026-02-10 06:37:15,434 - WARNING - [junyi|junyi_m3grid_sparse001_proto_relax_drop02_no3|lr=0.003|drop=0.20] [Diag Warning] alpha_std has been near zero for 10 epoch(s) (alpha_std=0.000000, personal_row_entropy=6.5596). This indicates personal-graph mixing may be collapsed/trivial.
2026-02-10 06:37:15,434 - INFO - [junyi|junyi_m3grid_sparse001_proto_relax_drop02_no3|lr=0.003|drop=0.20] [Grad Norms] Epoch [010] | mf_u_proj=0.000000, mf_v_proj=0.000000, fusion_gate=0.000000, q_gate_raw=0.000000, skill_latent=0.000000
2026-02-10 06:37:15,670 - INFO - [junyi|junyi_m3grid_sparse001_proto_relax_drop02_no3|lr=0.003|drop=0.20] -> New best AUC=0.8198 at epoch 10
2026-02-10 06:37:15,725 - INFO - [junyi|junyi_m3grid_sparse001_proto_relax_drop02_no3|lr=0.003|drop=0.20] Checkpoint saved: checkpoints/junyi_m3grid/seed42/sparse001_proto_relax_drop02_no3/checkpoint_epoch_10.pth
2026-02-10 06:37:16,051 - INFO - [junyi|junyi_m3grid_sparse001_proto_relax_drop02_no3|lr=0.003|drop=0.20] [Module Activity] Epoch 10: Graph✗ Personal✗ MF✗
2026-02-10 06:39:45,156 - INFO - [junyi|junyi_m3grid_sparse001_proto_relax_drop02_no3|lr=0.003|drop=0.20] Epoch [011/100] | Train: Loss=0.5741, BCE=0.4779, Reg=0.0962, AUC=0.8262, ACC=0.7736, RMSE=0.3955 | Val: Loss=0.5817, BCE=0.4833, Reg=0.0984, AUC=0.8185, ACC=0.7732, RMSE=0.3970
2026-02-10 06:39:45,156 - INFO - [junyi|junyi_m3grid_sparse001_proto_relax_drop02_no3|lr=0.003|drop=0.20] [Reg Terms] Epoch [011] | Train: graph_entropy=0.063363, mf_l2=0.000000, proto_div=0.000000, proto_usage=0.000000, personal_sparse=0.032798, alpha_var=-0.000000, reg_bce_ratio=0.2012 | Val: graph_entropy=0.065596, mf_l2=0.000000, proto_div=0.000000, proto_usage=0.000000, personal_sparse=0.032798, alpha_var=-0.000000, reg_bce_ratio=0.2036
2026-02-10 06:39:46,936 - INFO - [junyi|junyi_m3grid_sparse001_proto_relax_drop02_no3|lr=0.003|drop=0.20] [Diag] Epoch [011] | mf_abs_mean=0.0000, mf_std=0.0000, gate_mean=0.0000, gate_std=0.0000, irt_abs_mean=1.7301, irt_std=1.0799, delta_abs_mean=0.0000, delta_std=0.0000, delta_over_irt=0.0000, graph_row_entropy=6.5596, graph_entropy_ratio=1.0000, alpha_mean=0.4973, alpha_std=0.0000, personal_row_entropy=6.5596
2026-02-10 06:39:46,936 - WARNING - [junyi|junyi_m3grid_sparse001_proto_relax_drop02_no3|lr=0.003|drop=0.20] [Diag Warning] alpha_std has been near zero for 11 epoch(s) (alpha_std=0.000000, personal_row_entropy=6.5596). This indicates personal-graph mixing may be collapsed/trivial.
2026-02-10 06:39:46,937 - INFO - [junyi|junyi_m3grid_sparse001_proto_relax_drop02_no3|lr=0.003|drop=0.20] [Grad Norms] Epoch [011] | mf_u_proj=0.000000, mf_v_proj=0.000000, fusion_gate=0.000000, q_gate_raw=0.000000, skill_latent=0.000000
2026-02-10 06:39:46,937 - INFO - [junyi|junyi_m3grid_sparse001_proto_relax_drop02_no3|lr=0.003|drop=0.20] -> No improvement 1 epoch(s) (best AUC=0.8198 @ 10)
2026-02-10 06:42:15,962 - INFO - [junyi|junyi_m3grid_sparse001_proto_relax_drop02_no3|lr=0.003|drop=0.20] Epoch [012/100] | Train: Loss=0.5730, BCE=0.4769, Reg=0.0962, AUC=0.8273, ACC=0.7740, RMSE=0.3950 | Val: Loss=0.5796, BCE=0.4812, Reg=0.0984, AUC=0.8194, ACC=0.7724, RMSE=0.3969
2026-02-10 06:42:15,962 - INFO - [junyi|junyi_m3grid_sparse001_proto_relax_drop02_no3|lr=0.003|drop=0.20] [Reg Terms] Epoch [012] | Train: graph_entropy=0.063363, mf_l2=0.000000, proto_div=0.000000, proto_usage=0.000000, personal_sparse=0.032798, alpha_var=-0.000000, reg_bce_ratio=0.2016 | Val: graph_entropy=0.065596, mf_l2=0.000000, proto_div=0.000000, proto_usage=0.000000, personal_sparse=0.032798, alpha_var=-0.000000, reg_bce_ratio=0.2045
2026-02-10 06:42:18,016 - INFO - [junyi|junyi_m3grid_sparse001_proto_relax_drop02_no3|lr=0.003|drop=0.20] [Diag] Epoch [012] | mf_abs_mean=0.0000, mf_std=0.0000, gate_mean=0.0000, gate_std=0.0000, irt_abs_mean=1.6236, irt_std=1.0229, delta_abs_mean=0.0000, delta_std=0.0000, delta_over_irt=0.0000, graph_row_entropy=6.5596, graph_entropy_ratio=1.0000, alpha_mean=0.4993, alpha_std=0.0000, personal_row_entropy=6.5596
2026-02-10 06:42:18,016 - WARNING - [junyi|junyi_m3grid_sparse001_proto_relax_drop02_no3|lr=0.003|drop=0.20] [Diag Warning] alpha_std has been near zero for 12 epoch(s) (alpha_std=0.000000, personal_row_entropy=6.5596). This indicates personal-graph mixing may be collapsed/trivial.
2026-02-10 06:42:18,016 - INFO - [junyi|junyi_m3grid_sparse001_proto_relax_drop02_no3|lr=0.003|drop=0.20] [Grad Norms] Epoch [012] | mf_u_proj=0.000000, mf_v_proj=0.000000, fusion_gate=0.000000, q_gate_raw=0.000000, skill_latent=0.000000
2026-02-10 06:42:18,016 - INFO - [junyi|junyi_m3grid_sparse001_proto_relax_drop02_no3|lr=0.003|drop=0.20] -> No improvement 2 epoch(s) (best AUC=0.8198 @ 10)
2026-02-10 06:44:46,916 - INFO - [junyi|junyi_m3grid_sparse001_proto_relax_drop02_no3|lr=0.003|drop=0.20] Epoch [013/100] | Train: Loss=0.5602, BCE=0.4640, Reg=0.0962, AUC=0.8378, ACC=0.7829, RMSE=0.3885 | Val: Loss=0.5755, BCE=0.4771, Reg=0.0984, AUC=0.8238, ACC=0.7758, RMSE=0.3947
2026-02-10 06:44:46,916 - INFO - [junyi|junyi_m3grid_sparse001_proto_relax_drop02_no3|lr=0.003|drop=0.20] [Reg Terms] Epoch [013] | Train: graph_entropy=0.063363, mf_l2=0.000000, proto_div=0.000000, proto_usage=0.000000, personal_sparse=0.032798, alpha_var=-0.000000, reg_bce_ratio=0.2072 | Val: graph_entropy=0.065596, mf_l2=0.000000, proto_div=0.000000, proto_usage=0.000000, personal_sparse=0.032798, alpha_var=-0.000000, reg_bce_ratio=0.2062
2026-02-10 06:44:48,937 - INFO - [junyi|junyi_m3grid_sparse001_proto_relax_drop02_no3|lr=0.003|drop=0.20] [Diag] Epoch [013] | mf_abs_mean=0.0000, mf_std=0.0000, gate_mean=0.0000, gate_std=0.0000, irt_abs_mean=1.7346, irt_std=1.0369, delta_abs_mean=0.0000, delta_std=0.0000, delta_over_irt=0.0000, graph_row_entropy=6.5596, graph_entropy_ratio=1.0000, alpha_mean=0.5002, alpha_std=0.0000, personal_row_entropy=6.5596
2026-02-10 06:44:48,938 - WARNING - [junyi|junyi_m3grid_sparse001_proto_relax_drop02_no3|lr=0.003|drop=0.20] [Diag Warning] alpha_std has been near zero for 13 epoch(s) (alpha_std=0.000000, personal_row_entropy=6.5596). This indicates personal-graph mixing may be collapsed/trivial.
2026-02-10 06:44:48,938 - INFO - [junyi|junyi_m3grid_sparse001_proto_relax_drop02_no3|lr=0.003|drop=0.20] [Grad Norms] Epoch [013] | mf_u_proj=0.000000, mf_v_proj=0.000000, fusion_gate=0.000000, q_gate_raw=0.000000, skill_latent=0.000000
2026-02-10 06:44:49,156 - INFO - [junyi|junyi_m3grid_sparse001_proto_relax_drop02_no3|lr=0.003|drop=0.20] -> New best AUC=0.8238 at epoch 13
2026-02-10 06:47:18,130 - INFO - [junyi|junyi_m3grid_sparse001_proto_relax_drop02_no3|lr=0.003|drop=0.20] Epoch [014/100] | Train: Loss=0.5556, BCE=0.4594, Reg=0.0962, AUC=0.8413, ACC=0.7854, RMSE=0.3864 | Val: Loss=0.5770, BCE=0.4786, Reg=0.0984, AUC=0.8221, ACC=0.7746, RMSE=0.3953
2026-02-10 06:47:18,130 - INFO - [junyi|junyi_m3grid_sparse001_proto_relax_drop02_no3|lr=0.003|drop=0.20] [Reg Terms] Epoch [014] | Train: graph_entropy=0.063363, mf_l2=0.000000, proto_div=0.000000, proto_usage=0.000000, personal_sparse=0.032798, alpha_var=-0.000000, reg_bce_ratio=0.2093 | Val: graph_entropy=0.065596, mf_l2=0.000000, proto_div=0.000000, proto_usage=0.000000, personal_sparse=0.032798, alpha_var=-0.000000, reg_bce_ratio=0.2056
2026-02-10 06:47:20,201 - INFO - [junyi|junyi_m3grid_sparse001_proto_relax_drop02_no3|lr=0.003|drop=0.20] [Diag] Epoch [014] | mf_abs_mean=0.0000, mf_std=0.0000, gate_mean=0.0000, gate_std=0.0000, irt_abs_mean=1.6896, irt_std=1.0702, delta_abs_mean=0.0000, delta_std=0.0000, delta_over_irt=0.0000, graph_row_entropy=6.5596, graph_entropy_ratio=1.0000, alpha_mean=0.5001, alpha_std=0.0000, personal_row_entropy=6.5596
2026-02-10 06:47:20,202 - WARNING - [junyi|junyi_m3grid_sparse001_proto_relax_drop02_no3|lr=0.003|drop=0.20] [Diag Warning] alpha_std has been near zero for 14 epoch(s) (alpha_std=0.000000, personal_row_entropy=6.5596). This indicates personal-graph mixing may be collapsed/trivial.
2026-02-10 06:47:20,202 - INFO - [junyi|junyi_m3grid_sparse001_proto_relax_drop02_no3|lr=0.003|drop=0.20] [Grad Norms] Epoch [014] | mf_u_proj=0.000000, mf_v_proj=0.000000, fusion_gate=0.000000, q_gate_raw=0.000000, skill_latent=0.000000
2026-02-10 06:47:20,202 - INFO - [junyi|junyi_m3grid_sparse001_proto_relax_drop02_no3|lr=0.003|drop=0.20] -> No improvement 1 epoch(s) (best AUC=0.8238 @ 13)
2026-02-10 06:49:49,152 - INFO - [junyi|junyi_m3grid_sparse001_proto_relax_drop02_no3|lr=0.003|drop=0.20] Epoch [015/100] | Train: Loss=0.5525, BCE=0.4564, Reg=0.0962, AUC=0.8436, ACC=0.7871, RMSE=0.3849 | Val: Loss=0.5799, BCE=0.4815, Reg=0.0984, AUC=0.8213, ACC=0.7739, RMSE=0.3962
2026-02-10 06:49:49,152 - INFO - [junyi|junyi_m3grid_sparse001_proto_relax_drop02_no3|lr=0.003|drop=0.20] [Reg Terms] Epoch [015] | Train: graph_entropy=0.063363, mf_l2=0.000000, proto_div=0.000000, proto_usage=0.000000, personal_sparse=0.032798, alpha_var=-0.000000, reg_bce_ratio=0.2107 | Val: graph_entropy=0.065596, mf_l2=0.000000, proto_div=0.000000, proto_usage=0.000000, personal_sparse=0.032798, alpha_var=-0.000000, reg_bce_ratio=0.2044
2026-02-10 06:49:50,904 - INFO - [junyi|junyi_m3grid_sparse001_proto_relax_drop02_no3|lr=0.003|drop=0.20] [Diag] Epoch [015] | mf_abs_mean=0.0000, mf_std=0.0000, gate_mean=0.0000, gate_std=0.0000, irt_abs_mean=1.7967, irt_std=1.1386, delta_abs_mean=0.0000, delta_std=0.0000, delta_over_irt=0.0000, graph_row_entropy=6.5596, graph_entropy_ratio=1.0000, alpha_mean=0.4992, alpha_std=0.0000, personal_row_entropy=6.5596
2026-02-10 06:49:50,905 - WARNING - [junyi|junyi_m3grid_sparse001_proto_relax_drop02_no3|lr=0.003|drop=0.20] [Diag Warning] alpha_std has been near zero for 15 epoch(s) (alpha_std=0.000000, personal_row_entropy=6.5596). This indicates personal-graph mixing may be collapsed/trivial.
2026-02-10 06:49:50,905 - INFO - [junyi|junyi_m3grid_sparse001_proto_relax_drop02_no3|lr=0.003|drop=0.20] [Grad Norms] Epoch [015] | mf_u_proj=0.000000, mf_v_proj=0.000000, fusion_gate=0.000000, q_gate_raw=0.000000, skill_latent=0.000000
2026-02-10 06:49:50,905 - INFO - [junyi|junyi_m3grid_sparse001_proto_relax_drop02_no3|lr=0.003|drop=0.20] -> No improvement 2 epoch(s) (best AUC=0.8238 @ 13)
2026-02-10 06:52:19,587 - INFO - [junyi|junyi_m3grid_sparse001_proto_relax_drop02_no3|lr=0.003|drop=0.20] Epoch [016/100] | Train: Loss=0.5331, BCE=0.4369, Reg=0.0962, AUC=0.8583, ACC=0.7972, RMSE=0.3756 | Val: Loss=0.5840, BCE=0.4856, Reg=0.0984, AUC=0.8188, ACC=0.7744, RMSE=0.3976
2026-02-10 06:52:19,588 - INFO - [junyi|junyi_m3grid_sparse001_proto_relax_drop02_no3|lr=0.003|drop=0.20] [Reg Terms] Epoch [016] | Train: graph_entropy=0.063363, mf_l2=0.000000, proto_div=0.000000, proto_usage=0.000000, personal_sparse=0.032798, alpha_var=-0.000000, reg_bce_ratio=0.2201 | Val: graph_entropy=0.065596, mf_l2=0.000000, proto_div=0.000000, proto_usage=0.000000, personal_sparse=0.032798, alpha_var=-0.000000, reg_bce_ratio=0.2026
2026-02-10 06:52:21,285 - INFO - [junyi|junyi_m3grid_sparse001_proto_relax_drop02_no3|lr=0.003|drop=0.20] [Diag] Epoch [016] | mf_abs_mean=0.0000, mf_std=0.0000, gate_mean=0.0000, gate_std=0.0000, irt_abs_mean=1.8435, irt_std=1.1648, delta_abs_mean=0.0000, delta_std=0.0000, delta_over_irt=0.0000, graph_row_entropy=6.5596, graph_entropy_ratio=1.0000, alpha_mean=0.5010, alpha_std=0.0000, personal_row_entropy=6.5596
2026-02-10 06:52:21,286 - WARNING - [junyi|junyi_m3grid_sparse001_proto_relax_drop02_no3|lr=0.003|drop=0.20] [Diag Warning] alpha_std has been near zero for 16 epoch(s) (alpha_std=0.000000, personal_row_entropy=6.5596). This indicates personal-graph mixing may be collapsed/trivial.
2026-02-10 06:52:21,286 - INFO - [junyi|junyi_m3grid_sparse001_proto_relax_drop02_no3|lr=0.003|drop=0.20] [Grad Norms] Epoch [016] | mf_u_proj=0.000000, mf_v_proj=0.000000, fusion_gate=0.000000, q_gate_raw=0.000000, skill_latent=0.000000
2026-02-10 06:52:21,286 - INFO - [junyi|junyi_m3grid_sparse001_proto_relax_drop02_no3|lr=0.003|drop=0.20] -> No improvement 3 epoch(s) (best AUC=0.8238 @ 13)
2026-02-10 06:52:21,286 - INFO - [junyi|junyi_m3grid_sparse001_proto_relax_drop02_no3|lr=0.003|drop=0.20] Early stopping at epoch 16 (best AUC=0.8238 @ 13)
2026-02-10 06:52:21,290 - INFO - Epoch-wise metrics saved to checkpoints/junyi_m3grid/seed42/sparse001_proto_relax_drop02_no3/metrics_history.csv
2026-02-10 06:52:21,291 - INFO - [junyi|junyi_m3grid_sparse001_proto_relax_drop02_no3|lr=0.003|drop=0.20] Training completed! Best Val AUC=0.8238 @ epoch 13
2026-02-10 06:52:21,601 - INFO - 
============================================================
         MODULE ACTIVITY REPORT
============================================================
Dataset: junyi | Seed: 42 | Epoch: 16

1. Soft Prototype Module:
   - Status: DISABLED (num_prototypes=0 or use_soft_prototype=False)

2. Concept Graph Module:
   - Mean row entropy: 6.560 / 6.560
   - Entropy ratio: 100.0%
   - Status: ✗ TRIVIAL (uniform distribution, not learning)
   → Consider: increase lambda_sparse or training longer

3. Personal Graph Module:
   - Gate alpha mean: 0.501
   - Gate alpha std: 0.000
   - Status: ⚠ MARGINAL (low alpha values)

4. Skill/MF Module:
   - MF logit |mean|: 0.0000
   - MF logit std: 0.0000
   - Fusion gate mean: 0.000
   - Status: ✗ INACTIVE (near-zero contribution)
   → Consider: check skill_dim or learning_rate

------------------------------------------------------------
SUMMARY:
   ⚠ Inactive modules: Concept Graph, Personal Graph, Skill/MF
============================================================
2026-02-10 06:52:21,601 - INFO - [junyi|junyi_m3grid_sparse001_proto_relax_drop02_no3|lr=0.003|drop=0.20] Module activity saved to checkpoints/junyi_m3grid/seed42/sparse001_proto_relax_drop02_no3/module_activity.json
2026-02-10 06:52:21,728 - INFO - Using device: cuda:0 (physical gpu 3)
2026-02-10 06:52:21,728 - INFO - Loading model from checkpoints/junyi_m3grid/seed42/sparse001_proto_relax_drop02_no3/best_model.pth...
2026-02-10 06:52:22,242 - INFO - Inference switches: ablate_module1=False, ablate_module2=False, ablate_module3=True | enable_module1=True, enable_module2=True, enable_module3=False | use_soft_prototype=False, use_mf_branch=False, use_concept_graph=True | effective(num_gnn_layers=2, num_prototypes=0)
2026-02-10 06:52:22,280 - INFO - [Inference] Ablation runtime check: args(ablate_module1=False,ablate_module2=False,ablate_module3=True) | model(enable_module1=True,enable_module2=True,enable_module3=False) | physical(has_knowledge_encoder=True,has_mf_branch=False,has_soft_prototype=False)
2026-02-10 06:52:22,281 - INFO - Model loaded from epoch 13. Start testing...
2026-02-10 06:52:30,380 - INFO - [Test] 200/262 batches done, samples=51200
2026-02-10 06:52:32,911 - INFO - 
==================================================
2026-02-10 06:52:32,912 - INFO - Test Results:
2026-02-10 06:52:32,912 - INFO - AUC: 0.8289
2026-02-10 06:52:32,912 - INFO - ACC: 0.7695
2026-02-10 06:52:32,912 - INFO - RMSE: 0.3989
2026-02-10 06:52:32,912 - INFO - ==================================================
2026-02-10 06:52:32,920 - INFO - Summary appended to /home/zsh/ConceptSkillCDM/results/experiment_results.csv
2026-02-10 06:52:32,935 - INFO - Run completed.
2026-02-10 06:52:32,935 - INFO - Best validation AUC: 0.8238 at epoch 13
2026-02-10 06:52:32,935 - INFO - Test metrics - AUC: 0.8289, ACC: 0.7695, RMSE: 0.3989
