2026-04-13 12:10:57,725 - INFO - Arguments:
2026-04-13 12:10:57,726 - INFO -   ablate_concept_graph: False
2026-04-13 12:10:57,726 - INFO -   ablate_module1: False
2026-04-13 12:10:57,726 - INFO -   allow_self_loop: True
2026-04-13 12:10:57,726 - INFO -   alpha_min_target: 0.05
2026-04-13 12:10:57,726 - INFO -   batch_size: 128
2026-04-13 12:10:57,726 - INFO -   data_dir: ./data/assist_09
2026-04-13 12:10:57,726 - INFO -   dataset_name: assist_09
2026-04-13 12:10:57,726 - INFO -   debug_graph_diag: True
2026-04-13 12:10:57,726 - INFO -   diag_batches: 1
2026-04-13 12:10:57,726 - INFO -   disable_self_loop: False
2026-04-13 12:10:57,726 - INFO -   dropout: 0.2
2026-04-13 12:10:57,726 - INFO -   early_stop_patience: 3
2026-04-13 12:10:57,726 - INFO -   enable_module1: True
2026-04-13 12:10:57,726 - INFO -   epochs: 100
2026-04-13 12:10:57,726 - INFO -   generate_diagnosis: True
2026-04-13 12:10:57,726 - INFO -   gnn_residual_weight: 0.5
2026-04-13 12:10:57,726 - INFO -   gpu_candidates: None
2026-04-13 12:10:57,726 - INFO -   gpu_ids: None
2026-04-13 12:10:57,726 - INFO -   gpu_memory_threshold: 2000
2026-04-13 12:10:57,726 - INFO -   gpus: None
2026-04-13 12:10:57,726 - INFO -   graph_dropout: 0.0
2026-04-13 12:10:57,726 - INFO -   graph_entropy_max: 0.75
2026-04-13 12:10:57,726 - INFO -   graph_entropy_min: 0.25
2026-04-13 12:10:57,726 - INFO -   graph_identity_residual: 0.1
2026-04-13 12:10:57,726 - INFO -   graph_reg_cap_ratio: 6.0
2026-04-13 12:10:57,726 - INFO -   graph_reg_warmup_epochs: 4
2026-04-13 12:10:57,726 - INFO -   graph_tau_init: 0.55
2026-04-13 12:10:57,726 - INFO -   graph_topk: 12
2026-04-13 12:10:57,727 - INFO -   graph_uniform_margin: 0.1
2026-04-13 12:10:57,727 - INFO -   knowledge_dim: 64
2026-04-13 12:10:57,727 - INFO -   lambda_alpha: 0.0
2026-04-13 12:10:57,727 - INFO -   lambda_alpha_min: 0.08
2026-04-13 12:10:57,727 - INFO -   lambda_graph_diag: 0.1
2026-04-13 12:10:57,727 - INFO -   lambda_graph_uniform: 0.04
2026-04-13 12:10:57,727 - INFO -   lambda_sparse: 0.8
2026-04-13 12:10:57,727 - INFO -   lambda_sparse_personal: 0.0
2026-04-13 12:10:57,727 - INFO -   learning_rate: 0.0003
2026-04-13 12:10:57,727 - INFO -   log_dir: logs/abce_diag/ae_rescue_20260413_4265c13/assist_09/seed42/best_no_E
2026-04-13 12:10:57,727 - INFO -   min_exer_interactions: 0
2026-04-13 12:10:57,727 - INFO -   min_poison_count: 0
2026-04-13 12:10:57,727 - INFO -   min_stu_interactions: 15
2026-04-13 12:10:57,727 - INFO -   model_variant: assist_09_abce_best_no_E
2026-04-13 12:10:57,727 - INFO -   multi_gpu: False
2026-04-13 12:10:57,727 - INFO -   no_cuda: False
2026-04-13 12:10:57,727 - INFO -   num_gnn_layers: 1
2026-04-13 12:10:57,727 - INFO -   num_gpus: 1
2026-04-13 12:10:57,727 - INFO -   num_relation_heads: 2
2026-04-13 12:10:57,727 - INFO -   num_workers: 4
2026-04-13 12:10:57,727 - INFO -   patience: 5
2026-04-13 12:10:57,727 - INFO -   personal_delta_scale: 6.0
2026-04-13 12:10:57,727 - INFO -   personal_max_alpha: 0.4
2026-04-13 12:10:57,727 - INFO -   personal_rank: 8
2026-04-13 12:10:57,727 - INFO -   personal_student_dim: 32
2026-04-13 12:10:57,727 - INFO -   personal_warmup_epochs: 8
2026-04-13 12:10:57,727 - INFO -   prediction_l2_lambda: 1e-05
2026-04-13 12:10:57,727 - INFO -   save_dir: checkpoints/abce_diag/ae_rescue_20260413_4265c13/assist_09/seed42/best_no_E
2026-04-13 12:10:57,727 - INFO -   save_interval: 10
2026-04-13 12:10:57,727 - INFO -   seed: 42
2026-04-13 12:10:57,727 - INFO -   use_concept_graph: True
2026-04-13 12:10:57,727 - INFO -   use_exercise_graph: True
2026-04-13 12:10:57,727 - INFO -   use_personal_graph: False
2026-04-13 12:10:57,728 - INFO -   weight_decay: 1e-05
2026-04-13 12:10:57,810 - INFO - Using device: cuda:0 (physical gpu 2)
2026-04-13 12:10:57,810 - INFO - [assist_09|assist_09_abce_best_no_E|lr=0.0003|drop=0.20] Loading datasets...
2026-04-13 12:10:57,810 - INFO - [assist_09|assist_09_abce_best_no_E|lr=0.0003|drop=0.20] Regularization: graph_entropy(lambda_sparse)=0.800000, graph_diag=0.100000, graph_uniform=0.040000, personal_sparse=0.000000, alpha_penalty=0.000000, alpha_min=0.080000, prediction_l2=0.000010
2026-04-13 12:10:57,810 - INFO - [assist_09|assist_09_abce_best_no_E|lr=0.0003|drop=0.20] Graph controls: entropy_band=[0.25, 0.75], uniform_margin=0.10, warmup_epochs=4, cap_ratio=6.00, graph_dropout=0.000, graph_tau_init=0.550
2026-04-13 12:10:57,810 - INFO - [assist_09|assist_09_abce_best_no_E|lr=0.0003|drop=0.20] Personal controls: personal_max_alpha=0.400, personal_delta_scale=6.000, personal_warmup_epochs=8, personal_student_dim=32, alpha_min_target=0.0500
2026-04-13 12:10:57,919 - INFO - [assist_09] [数据清洗] 学生交互次数 < 15 次的学生：共移除 0 个学生（仅统计用户数）
2026-04-13 12:10:57,934 - INFO - [assist_09] [数据清洗] 学生冷启动过滤：在 train/valid/test 中共删除 0 条记录。
2026-04-13 12:10:57,935 - INFO - [assist_09] [数据清洗] 跳过题目冷门过滤（min_exer_interactions <= 0）。
2026-04-13 12:10:57,935 - INFO - [assist_09] [数据清洗] 跳过毒题清洗（min_poison_count <= 0）。
2026-04-13 12:10:57,935 - INFO - [assist_09] 正在构建ID映射...
2026-04-13 12:10:58,196 - INFO - [assist_09] 正在构建Q矩阵...
2026-04-13 12:11:07,255 - INFO - [assist_09] [统计] 开始统计清洗后每道题的概念数量分布...
2026-04-13 12:11:07,264 - INFO - [assist_09] [Train] 概念数统计：题目数=17099, 平均概念数=1.1992, min=1, max=4, 1概念=14168 (82.86%), ≥2概念=2931 (17.14%)
2026-04-13 12:11:07,265 - INFO - [assist_09] [Train] 概念数直方图（概念数: 题目数量）: {1: 14168, 2: 2536, 3: 315, 4: 80}
2026-04-13 12:11:07,268 - INFO - [assist_09] [Valid] 概念数统计：题目数=9274, 平均概念数=1.1993, min=1, max=4, 1概念=7697 (83.00%), ≥2概念=1577 (17.00%)
2026-04-13 12:11:07,268 - INFO - [assist_09] [Valid] 概念数直方图（概念数: 题目数量）: {1: 7697, 2: 1356, 3: 171, 4: 50}
2026-04-13 12:11:07,273 - INFO - [assist_09] [Test] 概念数统计：题目数=13331, 平均概念数=1.1962, min=1, max=4, 1概念=11110 (83.34%), ≥2概念=2221 (16.66%)
2026-04-13 12:11:07,273 - INFO - [assist_09] [Test] 概念数直方图（概念数: 题目数量）: {1: 11110, 2: 1891, 3: 265, 4: 65}
2026-04-13 12:11:07,273 - INFO - [assist_09] [统计] 概念数量统计完成。
2026-04-13 12:11:07,273 - INFO - [assist_09] 正在加载数据集...
2026-04-13 12:11:07,363 - INFO - [assist_09|assist_09_abce_best_no_E|lr=0.0003|drop=0.20] Train samples: 194489, Val samples: 20385
2026-04-13 12:11:07,363 - INFO - [assist_09|assist_09_abce_best_no_E|lr=0.0003|drop=0.20] Number of students: 2493
2026-04-13 12:11:07,363 - INFO - [assist_09|assist_09_abce_best_no_E|lr=0.0003|drop=0.20] Number of exercises: 17676
2026-04-13 12:11:07,363 - INFO - [assist_09|assist_09_abce_best_no_E|lr=0.0003|drop=0.20] Number of concepts: 123
2026-04-13 12:11:07,363 - INFO - [assist_09|assist_09_abce_best_no_E|lr=0.0003|drop=0.20] Creating model...
2026-04-13 12:11:07,363 - INFO - [assist_09|assist_09_abce_best_no_E|lr=0.0003|drop=0.20] Ablation switches: ablate_module1=False | enable_module1=True | use_concept_graph=True | effective(num_gnn_layers=1)
2026-04-13 12:11:07,508 - INFO - [assist_09|assist_09_abce_best_no_E|lr=0.0003|drop=0.20] Ablation runtime check: args(ablate_module1=False) | model(enable_module1=True) | physical(has_knowledge_encoder=True)
2026-04-13 12:11:07,508 - INFO - [assist_09|assist_09_abce_best_no_E|lr=0.0003|drop=0.20] Debug diagnostics enabled: diag_batches=1
2026-04-13 12:11:07,532 - INFO - [assist_09|assist_09_abce_best_no_E|lr=0.0003|drop=0.20] [Graph Init] graph_tau_mean=1.0055, graph_tau_std=0.0000, graph_dropout=0.000, use_personal_graph=False
2026-04-13 12:11:07,533 - INFO - [assist_09|assist_09_abce_best_no_E|lr=0.0003|drop=0.20] Total parameters: 243,360
2026-04-13 12:11:07,533 - INFO - [assist_09|assist_09_abce_best_no_E|lr=0.0003|drop=0.20] Trainable parameters: 243,360
2026-04-13 12:11:08,493 - INFO - [assist_09|assist_09_abce_best_no_E|lr=0.0003|drop=0.20] Starting training...
2026-04-13 12:11:40,038 - INFO - [assist_09|assist_09_abce_best_no_E|lr=0.0003|drop=0.20] Epoch [001/100] | Train: Loss=0.5972, BCE=0.5909, Reg=0.0063, AUC=0.6858, ACC=0.6903, RMSE=0.4498 | Val: Loss=0.5730, BCE=0.5672, Reg=0.0058, AUC=0.7273, ACC=0.7096, RMSE=0.4384
2026-04-13 12:11:40,039 - INFO - [assist_09|assist_09_abce_best_no_E|lr=0.0003|drop=0.20] [Reg Terms] Epoch [001] | Train: graph_entropy=0.000000, graph_diag=0.005531, graph_uniform=0.000721, graph_reg_scale=1.0000, prediction_l2=0.000000, personal_sparse=0.000000, alpha_var=0.000000, alpha_collapse=0.000000, reg_bce_ratio=0.0106 | Val: graph_entropy=0.000000, graph_diag=0.005062, graph_uniform=0.000728, graph_reg_scale=1.0000, prediction_l2=0.000000, personal_sparse=0.000000, alpha_var=0.000000, alpha_collapse=0.000000, reg_bce_ratio=0.0102
2026-04-13 12:11:40,189 - INFO - [assist_09|assist_09_abce_best_no_E|lr=0.0003|drop=0.20] [Diag][AE] Epoch [001] | irt_abs_mean=1.2789, irt_std=0.6971, personal_warmup_scale=1.00, graph_row_entropy=2.4162, graph_entropy_ratio=0.5021, alpha_mean=0.0000, alpha_std=0.0000, alpha_bias_std=0.0000, personal_row_entropy=0.0000, personal_matrix_delta=0.0000, personal_matrix_student_std=0.0000, personal_delta_pre_softmax_norm=0.0000, personal_delta_student_std=0.0000, alpha_head_std=0.0000
2026-04-13 12:11:40,190 - INFO - [assist_09|assist_09_abce_best_no_E|lr=0.0003|drop=0.20] [Diag][Graph] Epoch [001] | entropy_ratio=0.5021, diag_mass=0.2025, to_uniform_l2=0.027153, to_identity_l2=0.075108, tau_mean=0.8635, tau_std=0.0006, graph_reg_scale(train/val)=1.0000/1.0000
2026-04-13 12:11:40,190 - INFO - [assist_09|assist_09_abce_best_no_E|lr=0.0003|drop=0.20] [Grad Norms] Epoch [001] | relation_emb=5.496366e-06, relation_tau=5.993200e-08, relation_wq=1.508986e-06, relation_wk=1.485341e-06, personal_u=0.000000e+00, personal_v=0.000000e+00, personal_alpha_bias=0.000000e+00, personal_gate_emb=0.000000e+00, personal_gate_student_proj=0.000000e+00, personal_gate_context_proj=0.000000e+00, personal_gate_student_direct=0.000000e+00, personal_gate_context_direct=0.000000e+00, personal_gate_out=0.000000e+00, personal_generator_emb=0.000000e+00, personal_generator_context_proj=0.000000e+00, personal_generator_context_hidden=0.000000e+00, personal_generator_context_to_u=0.000000e+00, personal_generator_context_to_v=0.000000e+00, personal_generator_student_row=0.000000e+00, personal_generator_student_col=0.000000e+00, personal_generator_low_rank_scale=0.000000e+00, personal_generator_direct_scale=0.000000e+00
2026-04-13 12:11:40,396 - INFO - [assist_09|assist_09_abce_best_no_E|lr=0.0003|drop=0.20] -> New best AUC=0.7273 at epoch 1
2026-04-13 12:12:11,064 - INFO - [assist_09|assist_09_abce_best_no_E|lr=0.0003|drop=0.20] Epoch [002/100] | Train: Loss=0.5630, BCE=0.5534, Reg=0.0096, AUC=0.7421, ACC=0.7194, RMSE=0.4319 | Val: Loss=0.5666, BCE=0.5600, Reg=0.0065, AUC=0.7349, ACC=0.7129, RMSE=0.4352
2026-04-13 12:12:11,064 - INFO - [assist_09|assist_09_abce_best_no_E|lr=0.0003|drop=0.20] [Reg Terms] Epoch [002] | Train: graph_entropy=0.000000, graph_diag=0.008114, graph_uniform=0.001484, graph_reg_scale=1.0000, prediction_l2=0.000000, personal_sparse=0.000000, alpha_var=0.000000, alpha_collapse=0.000000, reg_bce_ratio=0.0173 | Val: graph_entropy=0.000000, graph_diag=0.005000, graph_uniform=0.001525, graph_reg_scale=1.0000, prediction_l2=0.000000, personal_sparse=0.000000, alpha_var=0.000000, alpha_collapse=0.000000, reg_bce_ratio=0.0117
2026-04-13 12:12:11,219 - INFO - [assist_09|assist_09_abce_best_no_E|lr=0.0003|drop=0.20] [Diag][AE] Epoch [002] | irt_abs_mean=1.2636, irt_std=0.6848, personal_warmup_scale=1.00, graph_row_entropy=2.5615, graph_entropy_ratio=0.5323, alpha_mean=0.0000, alpha_std=0.0000, alpha_bias_std=0.0000, personal_row_entropy=0.0000, personal_matrix_delta=0.0000, personal_matrix_student_std=0.0000, personal_delta_pre_softmax_norm=0.0000, personal_delta_student_std=0.0000, alpha_head_std=0.0000
2026-04-13 12:12:11,219 - INFO - [assist_09|assist_09_abce_best_no_E|lr=0.0003|drop=0.20] [Diag][Graph] Epoch [002] | entropy_ratio=0.5323, diag_mass=0.1000, to_uniform_l2=0.023748, to_identity_l2=0.084464, tau_mean=0.6793, tau_std=0.0311, graph_reg_scale(train/val)=1.0000/1.0000
2026-04-13 12:12:11,219 - INFO - [assist_09|assist_09_abce_best_no_E|lr=0.0003|drop=0.20] [Grad Norms] Epoch [002] | relation_emb=4.315108e-11, relation_tau=2.922357e-06, relation_wq=1.461670e-10, relation_wk=6.284044e-11, personal_u=0.000000e+00, personal_v=0.000000e+00, personal_alpha_bias=0.000000e+00, personal_gate_emb=0.000000e+00, personal_gate_student_proj=0.000000e+00, personal_gate_context_proj=0.000000e+00, personal_gate_student_direct=0.000000e+00, personal_gate_context_direct=0.000000e+00, personal_gate_out=0.000000e+00, personal_generator_emb=0.000000e+00, personal_generator_context_proj=0.000000e+00, personal_generator_context_hidden=0.000000e+00, personal_generator_context_to_u=0.000000e+00, personal_generator_context_to_v=0.000000e+00, personal_generator_student_row=0.000000e+00, personal_generator_student_col=0.000000e+00, personal_generator_low_rank_scale=0.000000e+00, personal_generator_direct_scale=0.000000e+00
2026-04-13 12:12:11,491 - INFO - [assist_09|assist_09_abce_best_no_E|lr=0.0003|drop=0.20] -> New best AUC=0.7349 at epoch 2
2026-04-13 12:12:44,684 - INFO - [assist_09|assist_09_abce_best_no_E|lr=0.0003|drop=0.20] Epoch [003/100] | Train: Loss=0.5517, BCE=0.5419, Reg=0.0098, AUC=0.7560, ACC=0.7255, RMSE=0.4266 | Val: Loss=0.5678, BCE=0.5580, Reg=0.0098, AUC=0.7391, ACC=0.7178, RMSE=0.4342
2026-04-13 12:12:44,684 - INFO - [assist_09|assist_09_abce_best_no_E|lr=0.0003|drop=0.20] [Reg Terms] Epoch [003] | Train: graph_entropy=0.000000, graph_diag=0.007507, graph_uniform=0.002287, graph_reg_scale=1.0000, prediction_l2=0.000000, personal_sparse=0.000000, alpha_var=0.000000, alpha_collapse=0.000000, reg_bce_ratio=0.0181 | Val: graph_entropy=0.000000, graph_diag=0.007500, graph_uniform=0.002288, graph_reg_scale=1.0000, prediction_l2=0.000000, personal_sparse=0.000000, alpha_var=0.000000, alpha_collapse=0.000000, reg_bce_ratio=0.0175
2026-04-13 12:12:44,820 - INFO - [assist_09|assist_09_abce_best_no_E|lr=0.0003|drop=0.20] [Diag][AE] Epoch [003] | irt_abs_mean=1.3502, irt_std=0.7061, personal_warmup_scale=1.00, graph_row_entropy=2.5615, graph_entropy_ratio=0.5323, alpha_mean=0.0000, alpha_std=0.0000, alpha_bias_std=0.0000, personal_row_entropy=0.0000, personal_matrix_delta=0.0000, personal_matrix_student_std=0.0000, personal_delta_pre_softmax_norm=0.0000, personal_delta_student_std=0.0000, alpha_head_std=0.0000
2026-04-13 12:12:44,820 - INFO - [assist_09|assist_09_abce_best_no_E|lr=0.0003|drop=0.20] [Diag][Graph] Epoch [003] | entropy_ratio=0.5323, diag_mass=0.1000, to_uniform_l2=0.023748, to_identity_l2=0.084464, tau_mean=0.6825, tau_std=0.0196, graph_reg_scale(train/val)=1.0000/1.0000
2026-04-13 12:12:44,820 - INFO - [assist_09|assist_09_abce_best_no_E|lr=0.0003|drop=0.20] [Grad Norms] Epoch [003] | relation_emb=1.897179e-19, relation_tau=2.508375e-06, relation_wq=1.492557e-14, relation_wk=7.997641e-17, personal_u=0.000000e+00, personal_v=0.000000e+00, personal_alpha_bias=0.000000e+00, personal_gate_emb=0.000000e+00, personal_gate_student_proj=0.000000e+00, personal_gate_context_proj=0.000000e+00, personal_gate_student_direct=0.000000e+00, personal_gate_context_direct=0.000000e+00, personal_gate_out=0.000000e+00, personal_generator_emb=0.000000e+00, personal_generator_context_proj=0.000000e+00, personal_generator_context_hidden=0.000000e+00, personal_generator_context_to_u=0.000000e+00, personal_generator_context_to_v=0.000000e+00, personal_generator_student_row=0.000000e+00, personal_generator_student_col=0.000000e+00, personal_generator_low_rank_scale=0.000000e+00, personal_generator_direct_scale=0.000000e+00
2026-04-13 12:12:45,098 - INFO - [assist_09|assist_09_abce_best_no_E|lr=0.0003|drop=0.20] -> New best AUC=0.7391 at epoch 3
2026-04-13 12:13:17,682 - INFO - [assist_09|assist_09_abce_best_no_E|lr=0.0003|drop=0.20] Epoch [004/100] | Train: Loss=0.5455, BCE=0.5324, Reg=0.0131, AUC=0.7669, ACC=0.7310, RMSE=0.4225 | Val: Loss=0.5677, BCE=0.5547, Reg=0.0131, AUC=0.7428, ACC=0.7169, RMSE=0.4326
2026-04-13 12:13:17,682 - INFO - [assist_09|assist_09_abce_best_no_E|lr=0.0003|drop=0.20] [Reg Terms] Epoch [004] | Train: graph_entropy=0.000000, graph_diag=0.010000, graph_uniform=0.003050, graph_reg_scale=1.0000, prediction_l2=0.000000, personal_sparse=0.000000, alpha_var=0.000000, alpha_collapse=0.000000, reg_bce_ratio=0.0245 | Val: graph_entropy=0.000000, graph_diag=0.010000, graph_uniform=0.003050, graph_reg_scale=1.0000, prediction_l2=0.000000, personal_sparse=0.000000, alpha_var=0.000000, alpha_collapse=0.000000, reg_bce_ratio=0.0235
2026-04-13 12:13:17,839 - INFO - [assist_09|assist_09_abce_best_no_E|lr=0.0003|drop=0.20] [Diag][AE] Epoch [004] | irt_abs_mean=1.3917, irt_std=0.7686, personal_warmup_scale=1.00, graph_row_entropy=2.5615, graph_entropy_ratio=0.5323, alpha_mean=0.0000, alpha_std=0.0000, alpha_bias_std=0.0000, personal_row_entropy=0.0000, personal_matrix_delta=0.0000, personal_matrix_student_std=0.0000, personal_delta_pre_softmax_norm=0.0000, personal_delta_student_std=0.0000, alpha_head_std=0.0000
2026-04-13 12:13:17,840 - INFO - [assist_09|assist_09_abce_best_no_E|lr=0.0003|drop=0.20] [Diag][Graph] Epoch [004] | entropy_ratio=0.5323, diag_mass=0.1000, to_uniform_l2=0.023748, to_identity_l2=0.084464, tau_mean=0.6879, tau_std=0.0073, graph_reg_scale(train/val)=1.0000/1.0000
2026-04-13 12:13:17,840 - INFO - [assist_09|assist_09_abce_best_no_E|lr=0.0003|drop=0.20] [Grad Norms] Epoch [004] | relation_emb=0.000000e+00, relation_tau=2.906519e-08, relation_wq=0.000000e+00, relation_wk=0.000000e+00, personal_u=0.000000e+00, personal_v=0.000000e+00, personal_alpha_bias=0.000000e+00, personal_gate_emb=0.000000e+00, personal_gate_student_proj=0.000000e+00, personal_gate_context_proj=0.000000e+00, personal_gate_student_direct=0.000000e+00, personal_gate_context_direct=0.000000e+00, personal_gate_out=0.000000e+00, personal_generator_emb=0.000000e+00, personal_generator_context_proj=0.000000e+00, personal_generator_context_hidden=0.000000e+00, personal_generator_context_to_u=0.000000e+00, personal_generator_context_to_v=0.000000e+00, personal_generator_student_row=0.000000e+00, personal_generator_student_col=0.000000e+00, personal_generator_low_rank_scale=0.000000e+00, personal_generator_direct_scale=0.000000e+00
2026-04-13 12:13:18,121 - INFO - [assist_09|assist_09_abce_best_no_E|lr=0.0003|drop=0.20] -> New best AUC=0.7428 at epoch 4
2026-04-13 12:13:50,209 - INFO - [assist_09|assist_09_abce_best_no_E|lr=0.0003|drop=0.20] Epoch [005/100] | Train: Loss=0.5374, BCE=0.5244, Reg=0.0131, AUC=0.7761, ACC=0.7356, RMSE=0.4189 | Val: Loss=0.5656, BCE=0.5526, Reg=0.0131, AUC=0.7451, ACC=0.7193, RMSE=0.4315
2026-04-13 12:13:50,209 - INFO - [assist_09|assist_09_abce_best_no_E|lr=0.0003|drop=0.20] [Reg Terms] Epoch [005] | Train: graph_entropy=0.000000, graph_diag=0.010000, graph_uniform=0.003050, graph_reg_scale=1.0000, prediction_l2=0.000000, personal_sparse=0.000000, alpha_var=0.000000, alpha_collapse=0.000000, reg_bce_ratio=0.0249 | Val: graph_entropy=0.000000, graph_diag=0.010000, graph_uniform=0.003050, graph_reg_scale=1.0000, prediction_l2=0.000000, personal_sparse=0.000000, alpha_var=0.000000, alpha_collapse=0.000000, reg_bce_ratio=0.0236
2026-04-13 12:13:50,363 - INFO - [assist_09|assist_09_abce_best_no_E|lr=0.0003|drop=0.20] [Diag][AE] Epoch [005] | irt_abs_mean=1.4282, irt_std=0.8093, personal_warmup_scale=1.00, graph_row_entropy=2.5615, graph_entropy_ratio=0.5323, alpha_mean=0.0000, alpha_std=0.0000, alpha_bias_std=0.0000, personal_row_entropy=0.0000, personal_matrix_delta=0.0000, personal_matrix_student_std=0.0000, personal_delta_pre_softmax_norm=0.0000, personal_delta_student_std=0.0000, alpha_head_std=0.0000
2026-04-13 12:13:50,364 - INFO - [assist_09|assist_09_abce_best_no_E|lr=0.0003|drop=0.20] [Diag][Graph] Epoch [005] | entropy_ratio=0.5323, diag_mass=0.1000, to_uniform_l2=0.023748, to_identity_l2=0.084464, tau_mean=0.6923, tau_std=0.0010, graph_reg_scale(train/val)=1.0000/1.0000
2026-04-13 12:13:50,364 - INFO - [assist_09|assist_09_abce_best_no_E|lr=0.0003|drop=0.20] [Grad Norms] Epoch [005] | relation_emb=0.000000e+00, relation_tau=4.969627e-09, relation_wq=0.000000e+00, relation_wk=0.000000e+00, personal_u=0.000000e+00, personal_v=0.000000e+00, personal_alpha_bias=0.000000e+00, personal_gate_emb=0.000000e+00, personal_gate_student_proj=0.000000e+00, personal_gate_context_proj=0.000000e+00, personal_gate_student_direct=0.000000e+00, personal_gate_context_direct=0.000000e+00, personal_gate_out=0.000000e+00, personal_generator_emb=0.000000e+00, personal_generator_context_proj=0.000000e+00, personal_generator_context_hidden=0.000000e+00, personal_generator_context_to_u=0.000000e+00, personal_generator_context_to_v=0.000000e+00, personal_generator_student_row=0.000000e+00, personal_generator_student_col=0.000000e+00, personal_generator_low_rank_scale=0.000000e+00, personal_generator_direct_scale=0.000000e+00
2026-04-13 12:13:50,573 - INFO - [assist_09|assist_09_abce_best_no_E|lr=0.0003|drop=0.20] -> New best AUC=0.7451 at epoch 5
2026-04-13 12:14:21,064 - INFO - [assist_09|assist_09_abce_best_no_E|lr=0.0003|drop=0.20] Epoch [006/100] | Train: Loss=0.5300, BCE=0.5169, Reg=0.0131, AUC=0.7843, ACC=0.7390, RMSE=0.4156 | Val: Loss=0.5658, BCE=0.5527, Reg=0.0131, AUC=0.7472, ACC=0.7205, RMSE=0.4315
2026-04-13 12:14:21,065 - INFO - [assist_09|assist_09_abce_best_no_E|lr=0.0003|drop=0.20] [Reg Terms] Epoch [006] | Train: graph_entropy=0.000000, graph_diag=0.010000, graph_uniform=0.003050, graph_reg_scale=1.0000, prediction_l2=0.000000, personal_sparse=0.000000, alpha_var=0.000000, alpha_collapse=0.000000, reg_bce_ratio=0.0252 | Val: graph_entropy=0.000000, graph_diag=0.010000, graph_uniform=0.003050, graph_reg_scale=1.0000, prediction_l2=0.000000, personal_sparse=0.000000, alpha_var=0.000000, alpha_collapse=0.000000, reg_bce_ratio=0.0236
2026-04-13 12:14:21,221 - INFO - [assist_09|assist_09_abce_best_no_E|lr=0.0003|drop=0.20] [Diag][AE] Epoch [006] | irt_abs_mean=1.4937, irt_std=0.8399, personal_warmup_scale=1.00, graph_row_entropy=2.5615, graph_entropy_ratio=0.5323, alpha_mean=0.0000, alpha_std=0.0000, alpha_bias_std=0.0000, personal_row_entropy=0.0000, personal_matrix_delta=0.0000, personal_matrix_student_std=0.0000, personal_delta_pre_softmax_norm=0.0000, personal_delta_student_std=0.0000, alpha_head_std=0.0000
2026-04-13 12:14:21,221 - INFO - [assist_09|assist_09_abce_best_no_E|lr=0.0003|drop=0.20] [Diag][Graph] Epoch [006] | entropy_ratio=0.5323, diag_mass=0.1000, to_uniform_l2=0.023748, to_identity_l2=0.084464, tau_mean=0.6931, tau_std=0.0000, graph_reg_scale(train/val)=1.0000/1.0000
2026-04-13 12:14:21,221 - WARNING - [assist_09|assist_09_abce_best_no_E|lr=0.0003|drop=0.20] [Diag Warning][Graph] graph-related grad norms are near zero for 2 epoch(s): relation_emb=0.000000e+00, relation_tau=3.934721e-09, relation_wq=0.000000e+00, relation_wk=0.000000e+00, personal_u=0.000000e+00, personal_v=0.000000e+00, personal_alpha_bias=0.000000e+00, personal_gate_emb=0.000000e+00, personal_gate_student_proj=0.000000e+00, personal_gate_context_proj=0.000000e+00, personal_gate_student_direct=0.000000e+00, personal_gate_context_direct=0.000000e+00, personal_gate_out=0.000000e+00, personal_generator_emb=0.000000e+00, personal_generator_context_proj=0.000000e+00, personal_generator_context_hidden=0.000000e+00, personal_generator_context_to_u=0.000000e+00, personal_generator_context_to_v=0.000000e+00, personal_generator_student_row=0.000000e+00, personal_generator_student_col=0.000000e+00, personal_generator_low_rank_scale=0.000000e+00, personal_generator_direct_scale=0.000000e+00
2026-04-13 12:14:21,221 - INFO - [assist_09|assist_09_abce_best_no_E|lr=0.0003|drop=0.20] [Grad Norms] Epoch [006] | relation_emb=0.000000e+00, relation_tau=3.934721e-09, relation_wq=0.000000e+00, relation_wk=0.000000e+00, personal_u=0.000000e+00, personal_v=0.000000e+00, personal_alpha_bias=0.000000e+00, personal_gate_emb=0.000000e+00, personal_gate_student_proj=0.000000e+00, personal_gate_context_proj=0.000000e+00, personal_gate_student_direct=0.000000e+00, personal_gate_context_direct=0.000000e+00, personal_gate_out=0.000000e+00, personal_generator_emb=0.000000e+00, personal_generator_context_proj=0.000000e+00, personal_generator_context_hidden=0.000000e+00, personal_generator_context_to_u=0.000000e+00, personal_generator_context_to_v=0.000000e+00, personal_generator_student_row=0.000000e+00, personal_generator_student_col=0.000000e+00, personal_generator_low_rank_scale=0.000000e+00, personal_generator_direct_scale=0.000000e+00
2026-04-13 12:14:21,472 - INFO - [assist_09|assist_09_abce_best_no_E|lr=0.0003|drop=0.20] -> New best AUC=0.7472 at epoch 6
2026-04-13 12:14:54,718 - INFO - [assist_09|assist_09_abce_best_no_E|lr=0.0003|drop=0.20] Epoch [007/100] | Train: Loss=0.5234, BCE=0.5104, Reg=0.0131, AUC=0.7915, ACC=0.7428, RMSE=0.4127 | Val: Loss=0.5638, BCE=0.5508, Reg=0.0131, AUC=0.7484, ACC=0.7196, RMSE=0.4306
2026-04-13 12:14:54,718 - INFO - [assist_09|assist_09_abce_best_no_E|lr=0.0003|drop=0.20] [Reg Terms] Epoch [007] | Train: graph_entropy=0.000000, graph_diag=0.010000, graph_uniform=0.003050, graph_reg_scale=1.0000, prediction_l2=0.000000, personal_sparse=0.000000, alpha_var=0.000000, alpha_collapse=0.000000, reg_bce_ratio=0.0256 | Val: graph_entropy=0.000000, graph_diag=0.010000, graph_uniform=0.003050, graph_reg_scale=1.0000, prediction_l2=0.000000, personal_sparse=0.000000, alpha_var=0.000000, alpha_collapse=0.000000, reg_bce_ratio=0.0237
2026-04-13 12:14:54,877 - INFO - [assist_09|assist_09_abce_best_no_E|lr=0.0003|drop=0.20] [Diag][AE] Epoch [007] | irt_abs_mean=1.4271, irt_std=0.8567, personal_warmup_scale=1.00, graph_row_entropy=2.5615, graph_entropy_ratio=0.5323, alpha_mean=0.0000, alpha_std=0.0000, alpha_bias_std=0.0000, personal_row_entropy=0.0000, personal_matrix_delta=0.0000, personal_matrix_student_std=0.0000, personal_delta_pre_softmax_norm=0.0000, personal_delta_student_std=0.0000, alpha_head_std=0.0000
2026-04-13 12:14:54,877 - INFO - [assist_09|assist_09_abce_best_no_E|lr=0.0003|drop=0.20] [Diag][Graph] Epoch [007] | entropy_ratio=0.5323, diag_mass=0.1000, to_uniform_l2=0.023748, to_identity_l2=0.084464, tau_mean=0.6932, tau_std=0.0000, graph_reg_scale(train/val)=1.0000/1.0000
2026-04-13 12:14:54,877 - WARNING - [assist_09|assist_09_abce_best_no_E|lr=0.0003|drop=0.20] [Diag Warning][Graph] graph-related grad norms are near zero for 3 epoch(s): relation_emb=0.000000e+00, relation_tau=1.870609e-09, relation_wq=0.000000e+00, relation_wk=0.000000e+00, personal_u=0.000000e+00, personal_v=0.000000e+00, personal_alpha_bias=0.000000e+00, personal_gate_emb=0.000000e+00, personal_gate_student_proj=0.000000e+00, personal_gate_context_proj=0.000000e+00, personal_gate_student_direct=0.000000e+00, personal_gate_context_direct=0.000000e+00, personal_gate_out=0.000000e+00, personal_generator_emb=0.000000e+00, personal_generator_context_proj=0.000000e+00, personal_generator_context_hidden=0.000000e+00, personal_generator_context_to_u=0.000000e+00, personal_generator_context_to_v=0.000000e+00, personal_generator_student_row=0.000000e+00, personal_generator_student_col=0.000000e+00, personal_generator_low_rank_scale=0.000000e+00, personal_generator_direct_scale=0.000000e+00
2026-04-13 12:14:54,877 - INFO - [assist_09|assist_09_abce_best_no_E|lr=0.0003|drop=0.20] [Grad Norms] Epoch [007] | relation_emb=0.000000e+00, relation_tau=1.870609e-09, relation_wq=0.000000e+00, relation_wk=0.000000e+00, personal_u=0.000000e+00, personal_v=0.000000e+00, personal_alpha_bias=0.000000e+00, personal_gate_emb=0.000000e+00, personal_gate_student_proj=0.000000e+00, personal_gate_context_proj=0.000000e+00, personal_gate_student_direct=0.000000e+00, personal_gate_context_direct=0.000000e+00, personal_gate_out=0.000000e+00, personal_generator_emb=0.000000e+00, personal_generator_context_proj=0.000000e+00, personal_generator_context_hidden=0.000000e+00, personal_generator_context_to_u=0.000000e+00, personal_generator_context_to_v=0.000000e+00, personal_generator_student_row=0.000000e+00, personal_generator_student_col=0.000000e+00, personal_generator_low_rank_scale=0.000000e+00, personal_generator_direct_scale=0.000000e+00
2026-04-13 12:14:55,164 - INFO - [assist_09|assist_09_abce_best_no_E|lr=0.0003|drop=0.20] -> New best AUC=0.7484 at epoch 7
2026-04-13 12:15:27,067 - INFO - [assist_09|assist_09_abce_best_no_E|lr=0.0003|drop=0.20] Epoch [008/100] | Train: Loss=0.5179, BCE=0.5049, Reg=0.0131, AUC=0.7971, ACC=0.7461, RMSE=0.4103 | Val: Loss=0.5648, BCE=0.5517, Reg=0.0131, AUC=0.7494, ACC=0.7215, RMSE=0.4308
2026-04-13 12:15:27,068 - INFO - [assist_09|assist_09_abce_best_no_E|lr=0.0003|drop=0.20] [Reg Terms] Epoch [008] | Train: graph_entropy=0.000000, graph_diag=0.010000, graph_uniform=0.003050, graph_reg_scale=1.0000, prediction_l2=0.000000, personal_sparse=0.000000, alpha_var=0.000000, alpha_collapse=0.000000, reg_bce_ratio=0.0258 | Val: graph_entropy=0.000000, graph_diag=0.010000, graph_uniform=0.003050, graph_reg_scale=1.0000, prediction_l2=0.000000, personal_sparse=0.000000, alpha_var=0.000000, alpha_collapse=0.000000, reg_bce_ratio=0.0237
2026-04-13 12:15:27,253 - INFO - [assist_09|assist_09_abce_best_no_E|lr=0.0003|drop=0.20] [Diag][AE] Epoch [008] | irt_abs_mean=1.5404, irt_std=0.9176, personal_warmup_scale=1.00, graph_row_entropy=2.5615, graph_entropy_ratio=0.5323, alpha_mean=0.0000, alpha_std=0.0000, alpha_bias_std=0.0000, personal_row_entropy=0.0000, personal_matrix_delta=0.0000, personal_matrix_student_std=0.0000, personal_delta_pre_softmax_norm=0.0000, personal_delta_student_std=0.0000, alpha_head_std=0.0000
2026-04-13 12:15:27,253 - INFO - [assist_09|assist_09_abce_best_no_E|lr=0.0003|drop=0.20] [Diag][Graph] Epoch [008] | entropy_ratio=0.5323, diag_mass=0.1000, to_uniform_l2=0.023748, to_identity_l2=0.084464, tau_mean=0.6932, tau_std=0.0000, graph_reg_scale(train/val)=1.0000/1.0000
2026-04-13 12:15:27,253 - WARNING - [assist_09|assist_09_abce_best_no_E|lr=0.0003|drop=0.20] [Diag Warning][Graph] graph-related grad norms are near zero for 4 epoch(s): relation_emb=0.000000e+00, relation_tau=4.029823e-09, relation_wq=0.000000e+00, relation_wk=0.000000e+00, personal_u=0.000000e+00, personal_v=0.000000e+00, personal_alpha_bias=0.000000e+00, personal_gate_emb=0.000000e+00, personal_gate_student_proj=0.000000e+00, personal_gate_context_proj=0.000000e+00, personal_gate_student_direct=0.000000e+00, personal_gate_context_direct=0.000000e+00, personal_gate_out=0.000000e+00, personal_generator_emb=0.000000e+00, personal_generator_context_proj=0.000000e+00, personal_generator_context_hidden=0.000000e+00, personal_generator_context_to_u=0.000000e+00, personal_generator_context_to_v=0.000000e+00, personal_generator_student_row=0.000000e+00, personal_generator_student_col=0.000000e+00, personal_generator_low_rank_scale=0.000000e+00, personal_generator_direct_scale=0.000000e+00
2026-04-13 12:15:27,253 - INFO - [assist_09|assist_09_abce_best_no_E|lr=0.0003|drop=0.20] [Grad Norms] Epoch [008] | relation_emb=0.000000e+00, relation_tau=4.029823e-09, relation_wq=0.000000e+00, relation_wk=0.000000e+00, personal_u=0.000000e+00, personal_v=0.000000e+00, personal_alpha_bias=0.000000e+00, personal_gate_emb=0.000000e+00, personal_gate_student_proj=0.000000e+00, personal_gate_context_proj=0.000000e+00, personal_gate_student_direct=0.000000e+00, personal_gate_context_direct=0.000000e+00, personal_gate_out=0.000000e+00, personal_generator_emb=0.000000e+00, personal_generator_context_proj=0.000000e+00, personal_generator_context_hidden=0.000000e+00, personal_generator_context_to_u=0.000000e+00, personal_generator_context_to_v=0.000000e+00, personal_generator_student_row=0.000000e+00, personal_generator_student_col=0.000000e+00, personal_generator_low_rank_scale=0.000000e+00, personal_generator_direct_scale=0.000000e+00
2026-04-13 12:15:27,501 - INFO - [assist_09|assist_09_abce_best_no_E|lr=0.0003|drop=0.20] -> New best AUC=0.7494 at epoch 8
2026-04-13 12:15:58,833 - INFO - [assist_09|assist_09_abce_best_no_E|lr=0.0003|drop=0.20] Epoch [009/100] | Train: Loss=0.5130, BCE=0.4999, Reg=0.0131, AUC=0.8021, ACC=0.7482, RMSE=0.4082 | Val: Loss=0.5662, BCE=0.5532, Reg=0.0131, AUC=0.7502, ACC=0.7212, RMSE=0.4312
2026-04-13 12:15:58,833 - INFO - [assist_09|assist_09_abce_best_no_E|lr=0.0003|drop=0.20] [Reg Terms] Epoch [009] | Train: graph_entropy=0.000000, graph_diag=0.010000, graph_uniform=0.003050, graph_reg_scale=1.0000, prediction_l2=0.000000, personal_sparse=0.000000, alpha_var=0.000000, alpha_collapse=0.000000, reg_bce_ratio=0.0261 | Val: graph_entropy=0.000000, graph_diag=0.010000, graph_uniform=0.003050, graph_reg_scale=1.0000, prediction_l2=0.000000, personal_sparse=0.000000, alpha_var=0.000000, alpha_collapse=0.000000, reg_bce_ratio=0.0236
2026-04-13 12:15:58,990 - INFO - [assist_09|assist_09_abce_best_no_E|lr=0.0003|drop=0.20] [Diag][AE] Epoch [009] | irt_abs_mean=1.5967, irt_std=0.9465, personal_warmup_scale=1.00, graph_row_entropy=2.5615, graph_entropy_ratio=0.5323, alpha_mean=0.0000, alpha_std=0.0000, alpha_bias_std=0.0000, personal_row_entropy=0.0000, personal_matrix_delta=0.0000, personal_matrix_student_std=0.0000, personal_delta_pre_softmax_norm=0.0000, personal_delta_student_std=0.0000, alpha_head_std=0.0000
2026-04-13 12:15:58,990 - INFO - [assist_09|assist_09_abce_best_no_E|lr=0.0003|drop=0.20] [Diag][Graph] Epoch [009] | entropy_ratio=0.5323, diag_mass=0.1000, to_uniform_l2=0.023748, to_identity_l2=0.084464, tau_mean=0.6932, tau_std=0.0000, graph_reg_scale(train/val)=1.0000/1.0000
2026-04-13 12:15:58,990 - WARNING - [assist_09|assist_09_abce_best_no_E|lr=0.0003|drop=0.20] [Diag Warning][Graph] graph-related grad norms are near zero for 5 epoch(s): relation_emb=0.000000e+00, relation_tau=1.381417e-09, relation_wq=0.000000e+00, relation_wk=0.000000e+00, personal_u=0.000000e+00, personal_v=0.000000e+00, personal_alpha_bias=0.000000e+00, personal_gate_emb=0.000000e+00, personal_gate_student_proj=0.000000e+00, personal_gate_context_proj=0.000000e+00, personal_gate_student_direct=0.000000e+00, personal_gate_context_direct=0.000000e+00, personal_gate_out=0.000000e+00, personal_generator_emb=0.000000e+00, personal_generator_context_proj=0.000000e+00, personal_generator_context_hidden=0.000000e+00, personal_generator_context_to_u=0.000000e+00, personal_generator_context_to_v=0.000000e+00, personal_generator_student_row=0.000000e+00, personal_generator_student_col=0.000000e+00, personal_generator_low_rank_scale=0.000000e+00, personal_generator_direct_scale=0.000000e+00
2026-04-13 12:15:58,990 - INFO - [assist_09|assist_09_abce_best_no_E|lr=0.0003|drop=0.20] [Grad Norms] Epoch [009] | relation_emb=0.000000e+00, relation_tau=1.381417e-09, relation_wq=0.000000e+00, relation_wk=0.000000e+00, personal_u=0.000000e+00, personal_v=0.000000e+00, personal_alpha_bias=0.000000e+00, personal_gate_emb=0.000000e+00, personal_gate_student_proj=0.000000e+00, personal_gate_context_proj=0.000000e+00, personal_gate_student_direct=0.000000e+00, personal_gate_context_direct=0.000000e+00, personal_gate_out=0.000000e+00, personal_generator_emb=0.000000e+00, personal_generator_context_proj=0.000000e+00, personal_generator_context_hidden=0.000000e+00, personal_generator_context_to_u=0.000000e+00, personal_generator_context_to_v=0.000000e+00, personal_generator_student_row=0.000000e+00, personal_generator_student_col=0.000000e+00, personal_generator_low_rank_scale=0.000000e+00, personal_generator_direct_scale=0.000000e+00
2026-04-13 12:15:59,190 - INFO - [assist_09|assist_09_abce_best_no_E|lr=0.0003|drop=0.20] -> New best AUC=0.7502 at epoch 9
2026-04-13 12:16:31,559 - INFO - [assist_09|assist_09_abce_best_no_E|lr=0.0003|drop=0.20] Epoch [010/100] | Train: Loss=0.5086, BCE=0.4955, Reg=0.0131, AUC=0.8068, ACC=0.7502, RMSE=0.4062 | Val: Loss=0.5653, BCE=0.5522, Reg=0.0131, AUC=0.7512, ACC=0.7227, RMSE=0.4306
2026-04-13 12:16:31,559 - INFO - [assist_09|assist_09_abce_best_no_E|lr=0.0003|drop=0.20] [Reg Terms] Epoch [010] | Train: graph_entropy=0.000000, graph_diag=0.010000, graph_uniform=0.003050, graph_reg_scale=1.0000, prediction_l2=0.000000, personal_sparse=0.000000, alpha_var=0.000000, alpha_collapse=0.000000, reg_bce_ratio=0.0263 | Val: graph_entropy=0.000000, graph_diag=0.010000, graph_uniform=0.003050, graph_reg_scale=1.0000, prediction_l2=0.000000, personal_sparse=0.000000, alpha_var=0.000000, alpha_collapse=0.000000, reg_bce_ratio=0.0236
2026-04-13 12:16:31,732 - INFO - [assist_09|assist_09_abce_best_no_E|lr=0.0003|drop=0.20] [Diag][AE] Epoch [010] | irt_abs_mean=1.6235, irt_std=0.9802, personal_warmup_scale=1.00, graph_row_entropy=2.5615, graph_entropy_ratio=0.5323, alpha_mean=0.0000, alpha_std=0.0000, alpha_bias_std=0.0000, personal_row_entropy=0.0000, personal_matrix_delta=0.0000, personal_matrix_student_std=0.0000, personal_delta_pre_softmax_norm=0.0000, personal_delta_student_std=0.0000, alpha_head_std=0.0000
2026-04-13 12:16:31,732 - INFO - [assist_09|assist_09_abce_best_no_E|lr=0.0003|drop=0.20] [Diag][Graph] Epoch [010] | entropy_ratio=0.5323, diag_mass=0.1000, to_uniform_l2=0.023748, to_identity_l2=0.084464, tau_mean=0.6932, tau_std=0.0000, graph_reg_scale(train/val)=1.0000/1.0000
2026-04-13 12:16:31,732 - WARNING - [assist_09|assist_09_abce_best_no_E|lr=0.0003|drop=0.20] [Diag Warning][Graph] graph-related grad norms are near zero for 6 epoch(s): relation_emb=0.000000e+00, relation_tau=2.549871e-09, relation_wq=0.000000e+00, relation_wk=0.000000e+00, personal_u=0.000000e+00, personal_v=0.000000e+00, personal_alpha_bias=0.000000e+00, personal_gate_emb=0.000000e+00, personal_gate_student_proj=0.000000e+00, personal_gate_context_proj=0.000000e+00, personal_gate_student_direct=0.000000e+00, personal_gate_context_direct=0.000000e+00, personal_gate_out=0.000000e+00, personal_generator_emb=0.000000e+00, personal_generator_context_proj=0.000000e+00, personal_generator_context_hidden=0.000000e+00, personal_generator_context_to_u=0.000000e+00, personal_generator_context_to_v=0.000000e+00, personal_generator_student_row=0.000000e+00, personal_generator_student_col=0.000000e+00, personal_generator_low_rank_scale=0.000000e+00, personal_generator_direct_scale=0.000000e+00
2026-04-13 12:16:31,733 - INFO - [assist_09|assist_09_abce_best_no_E|lr=0.0003|drop=0.20] [Grad Norms] Epoch [010] | relation_emb=0.000000e+00, relation_tau=2.549871e-09, relation_wq=0.000000e+00, relation_wk=0.000000e+00, personal_u=0.000000e+00, personal_v=0.000000e+00, personal_alpha_bias=0.000000e+00, personal_gate_emb=0.000000e+00, personal_gate_student_proj=0.000000e+00, personal_gate_context_proj=0.000000e+00, personal_gate_student_direct=0.000000e+00, personal_gate_context_direct=0.000000e+00, personal_gate_out=0.000000e+00, personal_generator_emb=0.000000e+00, personal_generator_context_proj=0.000000e+00, personal_generator_context_hidden=0.000000e+00, personal_generator_context_to_u=0.000000e+00, personal_generator_context_to_v=0.000000e+00, personal_generator_student_row=0.000000e+00, personal_generator_student_col=0.000000e+00, personal_generator_low_rank_scale=0.000000e+00, personal_generator_direct_scale=0.000000e+00
2026-04-13 12:16:32,022 - INFO - [assist_09|assist_09_abce_best_no_E|lr=0.0003|drop=0.20] -> New best AUC=0.7512 at epoch 10
2026-04-13 12:16:32,038 - INFO - [assist_09|assist_09_abce_best_no_E|lr=0.0003|drop=0.20] Checkpoint saved: checkpoints/abce_diag/ae_rescue_20260413_4265c13/assist_09/seed42/best_no_E/checkpoint_epoch_10.pth
2026-04-13 12:16:32,209 - INFO - [assist_09|assist_09_abce_best_no_E|lr=0.0003|drop=0.20] [Module Activity] Epoch 10: Graph[OK]
2026-04-13 12:17:04,185 - INFO - [assist_09|assist_09_abce_best_no_E|lr=0.0003|drop=0.20] Epoch [011/100] | Train: Loss=0.5045, BCE=0.4915, Reg=0.0131, AUC=0.8105, ACC=0.7521, RMSE=0.4045 | Val: Loss=0.5665, BCE=0.5535, Reg=0.0131, AUC=0.7528, ACC=0.7229, RMSE=0.4306
2026-04-13 12:17:04,185 - INFO - [assist_09|assist_09_abce_best_no_E|lr=0.0003|drop=0.20] [Reg Terms] Epoch [011] | Train: graph_entropy=0.000000, graph_diag=0.010000, graph_uniform=0.003050, graph_reg_scale=1.0000, prediction_l2=0.000000, personal_sparse=0.000000, alpha_var=0.000000, alpha_collapse=0.000000, reg_bce_ratio=0.0266 | Val: graph_entropy=0.000000, graph_diag=0.010000, graph_uniform=0.003050, graph_reg_scale=1.0000, prediction_l2=0.000000, personal_sparse=0.000000, alpha_var=0.000000, alpha_collapse=0.000000, reg_bce_ratio=0.0236
2026-04-13 12:17:04,344 - INFO - [assist_09|assist_09_abce_best_no_E|lr=0.0003|drop=0.20] [Diag][AE] Epoch [011] | irt_abs_mean=1.6801, irt_std=0.9912, personal_warmup_scale=1.00, graph_row_entropy=2.5615, graph_entropy_ratio=0.5323, alpha_mean=0.0000, alpha_std=0.0000, alpha_bias_std=0.0000, personal_row_entropy=0.0000, personal_matrix_delta=0.0000, personal_matrix_student_std=0.0000, personal_delta_pre_softmax_norm=0.0000, personal_delta_student_std=0.0000, alpha_head_std=0.0000
2026-04-13 12:17:04,344 - INFO - [assist_09|assist_09_abce_best_no_E|lr=0.0003|drop=0.20] [Diag][Graph] Epoch [011] | entropy_ratio=0.5323, diag_mass=0.1000, to_uniform_l2=0.023748, to_identity_l2=0.084464, tau_mean=0.6932, tau_std=0.0000, graph_reg_scale(train/val)=1.0000/1.0000
2026-04-13 12:17:04,344 - WARNING - [assist_09|assist_09_abce_best_no_E|lr=0.0003|drop=0.20] [Diag Warning][Graph] graph-related grad norms are near zero for 7 epoch(s): relation_emb=0.000000e+00, relation_tau=5.802139e-09, relation_wq=0.000000e+00, relation_wk=0.000000e+00, personal_u=0.000000e+00, personal_v=0.000000e+00, personal_alpha_bias=0.000000e+00, personal_gate_emb=0.000000e+00, personal_gate_student_proj=0.000000e+00, personal_gate_context_proj=0.000000e+00, personal_gate_student_direct=0.000000e+00, personal_gate_context_direct=0.000000e+00, personal_gate_out=0.000000e+00, personal_generator_emb=0.000000e+00, personal_generator_context_proj=0.000000e+00, personal_generator_context_hidden=0.000000e+00, personal_generator_context_to_u=0.000000e+00, personal_generator_context_to_v=0.000000e+00, personal_generator_student_row=0.000000e+00, personal_generator_student_col=0.000000e+00, personal_generator_low_rank_scale=0.000000e+00, personal_generator_direct_scale=0.000000e+00
2026-04-13 12:17:04,344 - INFO - [assist_09|assist_09_abce_best_no_E|lr=0.0003|drop=0.20] [Grad Norms] Epoch [011] | relation_emb=0.000000e+00, relation_tau=5.802139e-09, relation_wq=0.000000e+00, relation_wk=0.000000e+00, personal_u=0.000000e+00, personal_v=0.000000e+00, personal_alpha_bias=0.000000e+00, personal_gate_emb=0.000000e+00, personal_gate_student_proj=0.000000e+00, personal_gate_context_proj=0.000000e+00, personal_gate_student_direct=0.000000e+00, personal_gate_context_direct=0.000000e+00, personal_gate_out=0.000000e+00, personal_generator_emb=0.000000e+00, personal_generator_context_proj=0.000000e+00, personal_generator_context_hidden=0.000000e+00, personal_generator_context_to_u=0.000000e+00, personal_generator_context_to_v=0.000000e+00, personal_generator_student_row=0.000000e+00, personal_generator_student_col=0.000000e+00, personal_generator_low_rank_scale=0.000000e+00, personal_generator_direct_scale=0.000000e+00
2026-04-13 12:17:04,597 - INFO - [assist_09|assist_09_abce_best_no_E|lr=0.0003|drop=0.20] -> New best AUC=0.7528 at epoch 11
2026-04-13 12:17:37,170 - INFO - [assist_09|assist_09_abce_best_no_E|lr=0.0003|drop=0.20] Epoch [012/100] | Train: Loss=0.5012, BCE=0.4882, Reg=0.0131, AUC=0.8138, ACC=0.7533, RMSE=0.4031 | Val: Loss=0.5642, BCE=0.5512, Reg=0.0131, AUC=0.7530, ACC=0.7235, RMSE=0.4298
2026-04-13 12:17:37,171 - INFO - [assist_09|assist_09_abce_best_no_E|lr=0.0003|drop=0.20] [Reg Terms] Epoch [012] | Train: graph_entropy=0.000000, graph_diag=0.010000, graph_uniform=0.003050, graph_reg_scale=1.0000, prediction_l2=0.000000, personal_sparse=0.000000, alpha_var=0.000000, alpha_collapse=0.000000, reg_bce_ratio=0.0267 | Val: graph_entropy=0.000000, graph_diag=0.010000, graph_uniform=0.003050, graph_reg_scale=1.0000, prediction_l2=0.000000, personal_sparse=0.000000, alpha_var=0.000000, alpha_collapse=0.000000, reg_bce_ratio=0.0237
2026-04-13 12:17:37,347 - INFO - [assist_09|assist_09_abce_best_no_E|lr=0.0003|drop=0.20] [Diag][AE] Epoch [012] | irt_abs_mean=1.6740, irt_std=1.0204, personal_warmup_scale=1.00, graph_row_entropy=2.5615, graph_entropy_ratio=0.5323, alpha_mean=0.0000, alpha_std=0.0000, alpha_bias_std=0.0000, personal_row_entropy=0.0000, personal_matrix_delta=0.0000, personal_matrix_student_std=0.0000, personal_delta_pre_softmax_norm=0.0000, personal_delta_student_std=0.0000, alpha_head_std=0.0000
2026-04-13 12:17:37,348 - INFO - [assist_09|assist_09_abce_best_no_E|lr=0.0003|drop=0.20] [Diag][Graph] Epoch [012] | entropy_ratio=0.5323, diag_mass=0.1000, to_uniform_l2=0.023748, to_identity_l2=0.084464, tau_mean=0.6931, tau_std=0.0000, graph_reg_scale(train/val)=1.0000/1.0000
2026-04-13 12:17:37,348 - INFO - [assist_09|assist_09_abce_best_no_E|lr=0.0003|drop=0.20] [Grad Norms] Epoch [012] | relation_emb=0.000000e+00, relation_tau=1.484259e-08, relation_wq=0.000000e+00, relation_wk=0.000000e+00, personal_u=0.000000e+00, personal_v=0.000000e+00, personal_alpha_bias=0.000000e+00, personal_gate_emb=0.000000e+00, personal_gate_student_proj=0.000000e+00, personal_gate_context_proj=0.000000e+00, personal_gate_student_direct=0.000000e+00, personal_gate_context_direct=0.000000e+00, personal_gate_out=0.000000e+00, personal_generator_emb=0.000000e+00, personal_generator_context_proj=0.000000e+00, personal_generator_context_hidden=0.000000e+00, personal_generator_context_to_u=0.000000e+00, personal_generator_context_to_v=0.000000e+00, personal_generator_student_row=0.000000e+00, personal_generator_student_col=0.000000e+00, personal_generator_low_rank_scale=0.000000e+00, personal_generator_direct_scale=0.000000e+00
2026-04-13 12:17:37,575 - INFO - [assist_09|assist_09_abce_best_no_E|lr=0.0003|drop=0.20] -> New best AUC=0.7530 at epoch 12
2026-04-13 12:18:10,348 - INFO - [assist_09|assist_09_abce_best_no_E|lr=0.0003|drop=0.20] Epoch [013/100] | Train: Loss=0.4983, BCE=0.4853, Reg=0.0131, AUC=0.8164, ACC=0.7545, RMSE=0.4019 | Val: Loss=0.5652, BCE=0.5521, Reg=0.0131, AUC=0.7534, ACC=0.7247, RMSE=0.4299
2026-04-13 12:18:10,349 - INFO - [assist_09|assist_09_abce_best_no_E|lr=0.0003|drop=0.20] [Reg Terms] Epoch [013] | Train: graph_entropy=0.000000, graph_diag=0.010000, graph_uniform=0.003050, graph_reg_scale=1.0000, prediction_l2=0.000000, personal_sparse=0.000000, alpha_var=0.000000, alpha_collapse=0.000000, reg_bce_ratio=0.0269 | Val: graph_entropy=0.000000, graph_diag=0.010000, graph_uniform=0.003050, graph_reg_scale=1.0000, prediction_l2=0.000000, personal_sparse=0.000000, alpha_var=0.000000, alpha_collapse=0.000000, reg_bce_ratio=0.0236
2026-04-13 12:18:10,509 - INFO - [assist_09|assist_09_abce_best_no_E|lr=0.0003|drop=0.20] [Diag][AE] Epoch [013] | irt_abs_mean=1.7198, irt_std=1.0627, personal_warmup_scale=1.00, graph_row_entropy=2.5615, graph_entropy_ratio=0.5323, alpha_mean=0.0000, alpha_std=0.0000, alpha_bias_std=0.0000, personal_row_entropy=0.0000, personal_matrix_delta=0.0000, personal_matrix_student_std=0.0000, personal_delta_pre_softmax_norm=0.0000, personal_delta_student_std=0.0000, alpha_head_std=0.0000
2026-04-13 12:18:10,509 - INFO - [assist_09|assist_09_abce_best_no_E|lr=0.0003|drop=0.20] [Diag][Graph] Epoch [013] | entropy_ratio=0.5323, diag_mass=0.1000, to_uniform_l2=0.023748, to_identity_l2=0.084464, tau_mean=0.6932, tau_std=0.0000, graph_reg_scale(train/val)=1.0000/1.0000
2026-04-13 12:18:10,510 - INFO - [assist_09|assist_09_abce_best_no_E|lr=0.0003|drop=0.20] [Grad Norms] Epoch [013] | relation_emb=0.000000e+00, relation_tau=8.303325e-10, relation_wq=0.000000e+00, relation_wk=0.000000e+00, personal_u=0.000000e+00, personal_v=0.000000e+00, personal_alpha_bias=0.000000e+00, personal_gate_emb=0.000000e+00, personal_gate_student_proj=0.000000e+00, personal_gate_context_proj=0.000000e+00, personal_gate_student_direct=0.000000e+00, personal_gate_context_direct=0.000000e+00, personal_gate_out=0.000000e+00, personal_generator_emb=0.000000e+00, personal_generator_context_proj=0.000000e+00, personal_generator_context_hidden=0.000000e+00, personal_generator_context_to_u=0.000000e+00, personal_generator_context_to_v=0.000000e+00, personal_generator_student_row=0.000000e+00, personal_generator_student_col=0.000000e+00, personal_generator_low_rank_scale=0.000000e+00, personal_generator_direct_scale=0.000000e+00
2026-04-13 12:18:10,742 - INFO - [assist_09|assist_09_abce_best_no_E|lr=0.0003|drop=0.20] -> New best AUC=0.7534 at epoch 13
2026-04-13 12:18:43,542 - INFO - [assist_09|assist_09_abce_best_no_E|lr=0.0003|drop=0.20] Epoch [014/100] | Train: Loss=0.4907, BCE=0.4777, Reg=0.0131, AUC=0.8244, ACC=0.7589, RMSE=0.3983 | Val: Loss=0.5692, BCE=0.5562, Reg=0.0131, AUC=0.7539, ACC=0.7240, RMSE=0.4310
2026-04-13 12:18:43,542 - INFO - [assist_09|assist_09_abce_best_no_E|lr=0.0003|drop=0.20] [Reg Terms] Epoch [014] | Train: graph_entropy=0.000000, graph_diag=0.010000, graph_uniform=0.003050, graph_reg_scale=1.0000, prediction_l2=0.000000, personal_sparse=0.000000, alpha_var=0.000000, alpha_collapse=0.000000, reg_bce_ratio=0.0273 | Val: graph_entropy=0.000000, graph_diag=0.010000, graph_uniform=0.003050, graph_reg_scale=1.0000, prediction_l2=0.000000, personal_sparse=0.000000, alpha_var=0.000000, alpha_collapse=0.000000, reg_bce_ratio=0.0235
2026-04-13 12:18:43,701 - INFO - [assist_09|assist_09_abce_best_no_E|lr=0.0003|drop=0.20] [Diag][AE] Epoch [014] | irt_abs_mean=1.7980, irt_std=1.1125, personal_warmup_scale=1.00, graph_row_entropy=2.5615, graph_entropy_ratio=0.5323, alpha_mean=0.0000, alpha_std=0.0000, alpha_bias_std=0.0000, personal_row_entropy=0.0000, personal_matrix_delta=0.0000, personal_matrix_student_std=0.0000, personal_delta_pre_softmax_norm=0.0000, personal_delta_student_std=0.0000, alpha_head_std=0.0000
2026-04-13 12:18:43,702 - INFO - [assist_09|assist_09_abce_best_no_E|lr=0.0003|drop=0.20] [Diag][Graph] Epoch [014] | entropy_ratio=0.5323, diag_mass=0.1000, to_uniform_l2=0.023748, to_identity_l2=0.084464, tau_mean=0.6932, tau_std=0.0000, graph_reg_scale(train/val)=1.0000/1.0000
2026-04-13 12:18:43,702 - WARNING - [assist_09|assist_09_abce_best_no_E|lr=0.0003|drop=0.20] [Diag Warning][Graph] graph-related grad norms are near zero for 2 epoch(s): relation_emb=0.000000e+00, relation_tau=1.358468e-10, relation_wq=0.000000e+00, relation_wk=0.000000e+00, personal_u=0.000000e+00, personal_v=0.000000e+00, personal_alpha_bias=0.000000e+00, personal_gate_emb=0.000000e+00, personal_gate_student_proj=0.000000e+00, personal_gate_context_proj=0.000000e+00, personal_gate_student_direct=0.000000e+00, personal_gate_context_direct=0.000000e+00, personal_gate_out=0.000000e+00, personal_generator_emb=0.000000e+00, personal_generator_context_proj=0.000000e+00, personal_generator_context_hidden=0.000000e+00, personal_generator_context_to_u=0.000000e+00, personal_generator_context_to_v=0.000000e+00, personal_generator_student_row=0.000000e+00, personal_generator_student_col=0.000000e+00, personal_generator_low_rank_scale=0.000000e+00, personal_generator_direct_scale=0.000000e+00
2026-04-13 12:18:43,702 - INFO - [assist_09|assist_09_abce_best_no_E|lr=0.0003|drop=0.20] [Grad Norms] Epoch [014] | relation_emb=0.000000e+00, relation_tau=1.358468e-10, relation_wq=0.000000e+00, relation_wk=0.000000e+00, personal_u=0.000000e+00, personal_v=0.000000e+00, personal_alpha_bias=0.000000e+00, personal_gate_emb=0.000000e+00, personal_gate_student_proj=0.000000e+00, personal_gate_context_proj=0.000000e+00, personal_gate_student_direct=0.000000e+00, personal_gate_context_direct=0.000000e+00, personal_gate_out=0.000000e+00, personal_generator_emb=0.000000e+00, personal_generator_context_proj=0.000000e+00, personal_generator_context_hidden=0.000000e+00, personal_generator_context_to_u=0.000000e+00, personal_generator_context_to_v=0.000000e+00, personal_generator_student_row=0.000000e+00, personal_generator_student_col=0.000000e+00, personal_generator_low_rank_scale=0.000000e+00, personal_generator_direct_scale=0.000000e+00
2026-04-13 12:18:43,957 - INFO - [assist_09|assist_09_abce_best_no_E|lr=0.0003|drop=0.20] -> New best AUC=0.7539 at epoch 14
2026-04-13 12:19:16,781 - INFO - [assist_09|assist_09_abce_best_no_E|lr=0.0003|drop=0.20] Epoch [015/100] | Train: Loss=0.4891, BCE=0.4760, Reg=0.0131, AUC=0.8253, ACC=0.7606, RMSE=0.3976 | Val: Loss=0.5687, BCE=0.5556, Reg=0.0131, AUC=0.7540, ACC=0.7251, RMSE=0.4307
2026-04-13 12:19:16,782 - INFO - [assist_09|assist_09_abce_best_no_E|lr=0.0003|drop=0.20] [Reg Terms] Epoch [015] | Train: graph_entropy=0.000000, graph_diag=0.010003, graph_uniform=0.003050, graph_reg_scale=1.0000, prediction_l2=0.000001, personal_sparse=0.000000, alpha_var=0.000000, alpha_collapse=0.000000, reg_bce_ratio=0.0274 | Val: graph_entropy=0.000000, graph_diag=0.010000, graph_uniform=0.003050, graph_reg_scale=1.0000, prediction_l2=0.000001, personal_sparse=0.000000, alpha_var=0.000000, alpha_collapse=0.000000, reg_bce_ratio=0.0235
2026-04-13 12:19:16,941 - INFO - [assist_09|assist_09_abce_best_no_E|lr=0.0003|drop=0.20] [Diag][AE] Epoch [015] | irt_abs_mean=1.8018, irt_std=1.1151, personal_warmup_scale=1.00, graph_row_entropy=2.5615, graph_entropy_ratio=0.5323, alpha_mean=0.0000, alpha_std=0.0000, alpha_bias_std=0.0000, personal_row_entropy=0.0000, personal_matrix_delta=0.0000, personal_matrix_student_std=0.0000, personal_delta_pre_softmax_norm=0.0000, personal_delta_student_std=0.0000, alpha_head_std=0.0000
2026-04-13 12:19:16,941 - INFO - [assist_09|assist_09_abce_best_no_E|lr=0.0003|drop=0.20] [Diag][Graph] Epoch [015] | entropy_ratio=0.5323, diag_mass=0.1000, to_uniform_l2=0.023748, to_identity_l2=0.084464, tau_mean=0.6931, tau_std=0.0000, graph_reg_scale(train/val)=1.0000/1.0000
2026-04-13 12:19:16,941 - WARNING - [assist_09|assist_09_abce_best_no_E|lr=0.0003|drop=0.20] [Diag Warning][Graph] graph-related grad norms are near zero for 3 epoch(s): relation_emb=0.000000e+00, relation_tau=7.748246e-09, relation_wq=0.000000e+00, relation_wk=0.000000e+00, personal_u=0.000000e+00, personal_v=0.000000e+00, personal_alpha_bias=0.000000e+00, personal_gate_emb=0.000000e+00, personal_gate_student_proj=0.000000e+00, personal_gate_context_proj=0.000000e+00, personal_gate_student_direct=0.000000e+00, personal_gate_context_direct=0.000000e+00, personal_gate_out=0.000000e+00, personal_generator_emb=0.000000e+00, personal_generator_context_proj=0.000000e+00, personal_generator_context_hidden=0.000000e+00, personal_generator_context_to_u=0.000000e+00, personal_generator_context_to_v=0.000000e+00, personal_generator_student_row=0.000000e+00, personal_generator_student_col=0.000000e+00, personal_generator_low_rank_scale=0.000000e+00, personal_generator_direct_scale=0.000000e+00
2026-04-13 12:19:16,941 - INFO - [assist_09|assist_09_abce_best_no_E|lr=0.0003|drop=0.20] [Grad Norms] Epoch [015] | relation_emb=0.000000e+00, relation_tau=7.748246e-09, relation_wq=0.000000e+00, relation_wk=0.000000e+00, personal_u=0.000000e+00, personal_v=0.000000e+00, personal_alpha_bias=0.000000e+00, personal_gate_emb=0.000000e+00, personal_gate_student_proj=0.000000e+00, personal_gate_context_proj=0.000000e+00, personal_gate_student_direct=0.000000e+00, personal_gate_context_direct=0.000000e+00, personal_gate_out=0.000000e+00, personal_generator_emb=0.000000e+00, personal_generator_context_proj=0.000000e+00, personal_generator_context_hidden=0.000000e+00, personal_generator_context_to_u=0.000000e+00, personal_generator_context_to_v=0.000000e+00, personal_generator_student_row=0.000000e+00, personal_generator_student_col=0.000000e+00, personal_generator_low_rank_scale=0.000000e+00, personal_generator_direct_scale=0.000000e+00
2026-04-13 12:19:17,198 - INFO - [assist_09|assist_09_abce_best_no_E|lr=0.0003|drop=0.20] -> New best AUC=0.7540 at epoch 15
2026-04-13 12:19:48,029 - INFO - [assist_09|assist_09_abce_best_no_E|lr=0.0003|drop=0.20] Epoch [016/100] | Train: Loss=0.4875, BCE=0.4745, Reg=0.0131, AUC=0.8267, ACC=0.7607, RMSE=0.3969 | Val: Loss=0.5686, BCE=0.5556, Reg=0.0131, AUC=0.7535, ACC=0.7249, RMSE=0.4307
2026-04-13 12:19:48,029 - INFO - [assist_09|assist_09_abce_best_no_E|lr=0.0003|drop=0.20] [Reg Terms] Epoch [016] | Train: graph_entropy=0.000000, graph_diag=0.010000, graph_uniform=0.003050, graph_reg_scale=1.0000, prediction_l2=0.000001, personal_sparse=0.000000, alpha_var=0.000000, alpha_collapse=0.000000, reg_bce_ratio=0.0275 | Val: graph_entropy=0.000000, graph_diag=0.010000, graph_uniform=0.003050, graph_reg_scale=1.0000, prediction_l2=0.000001, personal_sparse=0.000000, alpha_var=0.000000, alpha_collapse=0.000000, reg_bce_ratio=0.0235
2026-04-13 12:19:48,213 - INFO - [assist_09|assist_09_abce_best_no_E|lr=0.0003|drop=0.20] [Diag][AE] Epoch [016] | irt_abs_mean=1.8103, irt_std=1.1372, personal_warmup_scale=1.00, graph_row_entropy=2.5615, graph_entropy_ratio=0.5323, alpha_mean=0.0000, alpha_std=0.0000, alpha_bias_std=0.0000, personal_row_entropy=0.0000, personal_matrix_delta=0.0000, personal_matrix_student_std=0.0000, personal_delta_pre_softmax_norm=0.0000, personal_delta_student_std=0.0000, alpha_head_std=0.0000
2026-04-13 12:19:48,213 - INFO - [assist_09|assist_09_abce_best_no_E|lr=0.0003|drop=0.20] [Diag][Graph] Epoch [016] | entropy_ratio=0.5323, diag_mass=0.1000, to_uniform_l2=0.023748, to_identity_l2=0.084464, tau_mean=0.6932, tau_std=0.0000, graph_reg_scale(train/val)=1.0000/1.0000
2026-04-13 12:19:48,213 - WARNING - [assist_09|assist_09_abce_best_no_E|lr=0.0003|drop=0.20] [Diag Warning][Graph] graph-related grad norms are near zero for 4 epoch(s): relation_emb=0.000000e+00, relation_tau=2.355262e-09, relation_wq=0.000000e+00, relation_wk=0.000000e+00, personal_u=0.000000e+00, personal_v=0.000000e+00, personal_alpha_bias=0.000000e+00, personal_gate_emb=0.000000e+00, personal_gate_student_proj=0.000000e+00, personal_gate_context_proj=0.000000e+00, personal_gate_student_direct=0.000000e+00, personal_gate_context_direct=0.000000e+00, personal_gate_out=0.000000e+00, personal_generator_emb=0.000000e+00, personal_generator_context_proj=0.000000e+00, personal_generator_context_hidden=0.000000e+00, personal_generator_context_to_u=0.000000e+00, personal_generator_context_to_v=0.000000e+00, personal_generator_student_row=0.000000e+00, personal_generator_student_col=0.000000e+00, personal_generator_low_rank_scale=0.000000e+00, personal_generator_direct_scale=0.000000e+00
2026-04-13 12:19:48,213 - INFO - [assist_09|assist_09_abce_best_no_E|lr=0.0003|drop=0.20] [Grad Norms] Epoch [016] | relation_emb=0.000000e+00, relation_tau=2.355262e-09, relation_wq=0.000000e+00, relation_wk=0.000000e+00, personal_u=0.000000e+00, personal_v=0.000000e+00, personal_alpha_bias=0.000000e+00, personal_gate_emb=0.000000e+00, personal_gate_student_proj=0.000000e+00, personal_gate_context_proj=0.000000e+00, personal_gate_student_direct=0.000000e+00, personal_gate_context_direct=0.000000e+00, personal_gate_out=0.000000e+00, personal_generator_emb=0.000000e+00, personal_generator_context_proj=0.000000e+00, personal_generator_context_hidden=0.000000e+00, personal_generator_context_to_u=0.000000e+00, personal_generator_context_to_v=0.000000e+00, personal_generator_student_row=0.000000e+00, personal_generator_student_col=0.000000e+00, personal_generator_low_rank_scale=0.000000e+00, personal_generator_direct_scale=0.000000e+00
2026-04-13 12:19:48,213 - INFO - [assist_09|assist_09_abce_best_no_E|lr=0.0003|drop=0.20] -> No improvement 1 epoch(s) (best AUC=0.7540 @ 15)
2026-04-13 12:20:19,360 - INFO - [assist_09|assist_09_abce_best_no_E|lr=0.0003|drop=0.20] Epoch [017/100] | Train: Loss=0.4862, BCE=0.4732, Reg=0.0131, AUC=0.8276, ACC=0.7606, RMSE=0.3964 | Val: Loss=0.5704, BCE=0.5574, Reg=0.0131, AUC=0.7541, ACC=0.7250, RMSE=0.4309
2026-04-13 12:20:19,360 - INFO - [assist_09|assist_09_abce_best_no_E|lr=0.0003|drop=0.20] [Reg Terms] Epoch [017] | Train: graph_entropy=0.000000, graph_diag=0.010002, graph_uniform=0.003050, graph_reg_scale=1.0000, prediction_l2=0.000001, personal_sparse=0.000000, alpha_var=0.000000, alpha_collapse=0.000000, reg_bce_ratio=0.0276 | Val: graph_entropy=0.000000, graph_diag=0.010000, graph_uniform=0.003050, graph_reg_scale=1.0000, prediction_l2=0.000001, personal_sparse=0.000000, alpha_var=0.000000, alpha_collapse=0.000000, reg_bce_ratio=0.0234
2026-04-13 12:20:19,507 - INFO - [assist_09|assist_09_abce_best_no_E|lr=0.0003|drop=0.20] [Diag][AE] Epoch [017] | irt_abs_mean=1.8761, irt_std=1.1656, personal_warmup_scale=1.00, graph_row_entropy=2.5615, graph_entropy_ratio=0.5323, alpha_mean=0.0000, alpha_std=0.0000, alpha_bias_std=0.0000, personal_row_entropy=0.0000, personal_matrix_delta=0.0000, personal_matrix_student_std=0.0000, personal_delta_pre_softmax_norm=0.0000, personal_delta_student_std=0.0000, alpha_head_std=0.0000
2026-04-13 12:20:19,508 - INFO - [assist_09|assist_09_abce_best_no_E|lr=0.0003|drop=0.20] [Diag][Graph] Epoch [017] | entropy_ratio=0.5323, diag_mass=0.1000, to_uniform_l2=0.023748, to_identity_l2=0.084464, tau_mean=0.6932, tau_std=0.0000, graph_reg_scale(train/val)=1.0000/1.0000
2026-04-13 12:20:19,508 - WARNING - [assist_09|assist_09_abce_best_no_E|lr=0.0003|drop=0.20] [Diag Warning][Graph] graph-related grad norms are near zero for 5 epoch(s): relation_emb=0.000000e+00, relation_tau=4.946910e-09, relation_wq=0.000000e+00, relation_wk=0.000000e+00, personal_u=0.000000e+00, personal_v=0.000000e+00, personal_alpha_bias=0.000000e+00, personal_gate_emb=0.000000e+00, personal_gate_student_proj=0.000000e+00, personal_gate_context_proj=0.000000e+00, personal_gate_student_direct=0.000000e+00, personal_gate_context_direct=0.000000e+00, personal_gate_out=0.000000e+00, personal_generator_emb=0.000000e+00, personal_generator_context_proj=0.000000e+00, personal_generator_context_hidden=0.000000e+00, personal_generator_context_to_u=0.000000e+00, personal_generator_context_to_v=0.000000e+00, personal_generator_student_row=0.000000e+00, personal_generator_student_col=0.000000e+00, personal_generator_low_rank_scale=0.000000e+00, personal_generator_direct_scale=0.000000e+00
2026-04-13 12:20:19,508 - INFO - [assist_09|assist_09_abce_best_no_E|lr=0.0003|drop=0.20] [Grad Norms] Epoch [017] | relation_emb=0.000000e+00, relation_tau=4.946910e-09, relation_wq=0.000000e+00, relation_wk=0.000000e+00, personal_u=0.000000e+00, personal_v=0.000000e+00, personal_alpha_bias=0.000000e+00, personal_gate_emb=0.000000e+00, personal_gate_student_proj=0.000000e+00, personal_gate_context_proj=0.000000e+00, personal_gate_student_direct=0.000000e+00, personal_gate_context_direct=0.000000e+00, personal_gate_out=0.000000e+00, personal_generator_emb=0.000000e+00, personal_generator_context_proj=0.000000e+00, personal_generator_context_hidden=0.000000e+00, personal_generator_context_to_u=0.000000e+00, personal_generator_context_to_v=0.000000e+00, personal_generator_student_row=0.000000e+00, personal_generator_student_col=0.000000e+00, personal_generator_low_rank_scale=0.000000e+00, personal_generator_direct_scale=0.000000e+00
2026-04-13 12:20:19,814 - INFO - [assist_09|assist_09_abce_best_no_E|lr=0.0003|drop=0.20] -> New best AUC=0.7541 at epoch 17
2026-04-13 12:20:52,151 - INFO - [assist_09|assist_09_abce_best_no_E|lr=0.0003|drop=0.20] Epoch [018/100] | Train: Loss=0.4850, BCE=0.4720, Reg=0.0131, AUC=0.8289, ACC=0.7614, RMSE=0.3959 | Val: Loss=0.5718, BCE=0.5588, Reg=0.0131, AUC=0.7537, ACC=0.7239, RMSE=0.4314
2026-04-13 12:20:52,151 - INFO - [assist_09|assist_09_abce_best_no_E|lr=0.0003|drop=0.20] [Reg Terms] Epoch [018] | Train: graph_entropy=0.000000, graph_diag=0.010000, graph_uniform=0.003050, graph_reg_scale=1.0000, prediction_l2=0.000001, personal_sparse=0.000000, alpha_var=0.000000, alpha_collapse=0.000000, reg_bce_ratio=0.0277 | Val: graph_entropy=0.000000, graph_diag=0.010000, graph_uniform=0.003050, graph_reg_scale=1.0000, prediction_l2=0.000001, personal_sparse=0.000000, alpha_var=0.000000, alpha_collapse=0.000000, reg_bce_ratio=0.0234
2026-04-13 12:20:52,307 - INFO - [assist_09|assist_09_abce_best_no_E|lr=0.0003|drop=0.20] [Diag][AE] Epoch [018] | irt_abs_mean=1.8643, irt_std=1.1727, personal_warmup_scale=1.00, graph_row_entropy=2.5615, graph_entropy_ratio=0.5323, alpha_mean=0.0000, alpha_std=0.0000, alpha_bias_std=0.0000, personal_row_entropy=0.0000, personal_matrix_delta=0.0000, personal_matrix_student_std=0.0000, personal_delta_pre_softmax_norm=0.0000, personal_delta_student_std=0.0000, alpha_head_std=0.0000
2026-04-13 12:20:52,308 - INFO - [assist_09|assist_09_abce_best_no_E|lr=0.0003|drop=0.20] [Diag][Graph] Epoch [018] | entropy_ratio=0.5323, diag_mass=0.1000, to_uniform_l2=0.023748, to_identity_l2=0.084464, tau_mean=0.6931, tau_std=0.0000, graph_reg_scale(train/val)=1.0000/1.0000
2026-04-13 12:20:52,308 - WARNING - [assist_09|assist_09_abce_best_no_E|lr=0.0003|drop=0.20] [Diag Warning][Graph] graph-related grad norms are near zero for 6 epoch(s): relation_emb=0.000000e+00, relation_tau=8.194306e-10, relation_wq=0.000000e+00, relation_wk=0.000000e+00, personal_u=0.000000e+00, personal_v=0.000000e+00, personal_alpha_bias=0.000000e+00, personal_gate_emb=0.000000e+00, personal_gate_student_proj=0.000000e+00, personal_gate_context_proj=0.000000e+00, personal_gate_student_direct=0.000000e+00, personal_gate_context_direct=0.000000e+00, personal_gate_out=0.000000e+00, personal_generator_emb=0.000000e+00, personal_generator_context_proj=0.000000e+00, personal_generator_context_hidden=0.000000e+00, personal_generator_context_to_u=0.000000e+00, personal_generator_context_to_v=0.000000e+00, personal_generator_student_row=0.000000e+00, personal_generator_student_col=0.000000e+00, personal_generator_low_rank_scale=0.000000e+00, personal_generator_direct_scale=0.000000e+00
2026-04-13 12:20:52,308 - INFO - [assist_09|assist_09_abce_best_no_E|lr=0.0003|drop=0.20] [Grad Norms] Epoch [018] | relation_emb=0.000000e+00, relation_tau=8.194306e-10, relation_wq=0.000000e+00, relation_wk=0.000000e+00, personal_u=0.000000e+00, personal_v=0.000000e+00, personal_alpha_bias=0.000000e+00, personal_gate_emb=0.000000e+00, personal_gate_student_proj=0.000000e+00, personal_gate_context_proj=0.000000e+00, personal_gate_student_direct=0.000000e+00, personal_gate_context_direct=0.000000e+00, personal_gate_out=0.000000e+00, personal_generator_emb=0.000000e+00, personal_generator_context_proj=0.000000e+00, personal_generator_context_hidden=0.000000e+00, personal_generator_context_to_u=0.000000e+00, personal_generator_context_to_v=0.000000e+00, personal_generator_student_row=0.000000e+00, personal_generator_student_col=0.000000e+00, personal_generator_low_rank_scale=0.000000e+00, personal_generator_direct_scale=0.000000e+00
2026-04-13 12:20:52,308 - INFO - [assist_09|assist_09_abce_best_no_E|lr=0.0003|drop=0.20] -> No improvement 1 epoch(s) (best AUC=0.7541 @ 17)
2026-04-13 12:21:25,507 - INFO - [assist_09|assist_09_abce_best_no_E|lr=0.0003|drop=0.20] Epoch [019/100] | Train: Loss=0.4838, BCE=0.4708, Reg=0.0131, AUC=0.8298, ACC=0.7623, RMSE=0.3954 | Val: Loss=0.5706, BCE=0.5576, Reg=0.0131, AUC=0.7540, ACC=0.7234, RMSE=0.4311
2026-04-13 12:21:25,507 - INFO - [assist_09|assist_09_abce_best_no_E|lr=0.0003|drop=0.20] [Reg Terms] Epoch [019] | Train: graph_entropy=0.000000, graph_diag=0.010000, graph_uniform=0.003050, graph_reg_scale=1.0000, prediction_l2=0.000001, personal_sparse=0.000000, alpha_var=0.000000, alpha_collapse=0.000000, reg_bce_ratio=0.0277 | Val: graph_entropy=0.000000, graph_diag=0.010000, graph_uniform=0.003050, graph_reg_scale=1.0000, prediction_l2=0.000001, personal_sparse=0.000000, alpha_var=0.000000, alpha_collapse=0.000000, reg_bce_ratio=0.0234
2026-04-13 12:21:25,671 - INFO - [assist_09|assist_09_abce_best_no_E|lr=0.0003|drop=0.20] [Diag][AE] Epoch [019] | irt_abs_mean=1.8627, irt_std=1.1789, personal_warmup_scale=1.00, graph_row_entropy=2.5615, graph_entropy_ratio=0.5323, alpha_mean=0.0000, alpha_std=0.0000, alpha_bias_std=0.0000, personal_row_entropy=0.0000, personal_matrix_delta=0.0000, personal_matrix_student_std=0.0000, personal_delta_pre_softmax_norm=0.0000, personal_delta_student_std=0.0000, alpha_head_std=0.0000
2026-04-13 12:21:25,671 - INFO - [assist_09|assist_09_abce_best_no_E|lr=0.0003|drop=0.20] [Diag][Graph] Epoch [019] | entropy_ratio=0.5323, diag_mass=0.1000, to_uniform_l2=0.023748, to_identity_l2=0.084464, tau_mean=0.6932, tau_std=0.0000, graph_reg_scale(train/val)=1.0000/1.0000
2026-04-13 12:21:25,671 - WARNING - [assist_09|assist_09_abce_best_no_E|lr=0.0003|drop=0.20] [Diag Warning][Graph] graph-related grad norms are near zero for 7 epoch(s): relation_emb=0.000000e+00, relation_tau=6.465691e-10, relation_wq=0.000000e+00, relation_wk=0.000000e+00, personal_u=0.000000e+00, personal_v=0.000000e+00, personal_alpha_bias=0.000000e+00, personal_gate_emb=0.000000e+00, personal_gate_student_proj=0.000000e+00, personal_gate_context_proj=0.000000e+00, personal_gate_student_direct=0.000000e+00, personal_gate_context_direct=0.000000e+00, personal_gate_out=0.000000e+00, personal_generator_emb=0.000000e+00, personal_generator_context_proj=0.000000e+00, personal_generator_context_hidden=0.000000e+00, personal_generator_context_to_u=0.000000e+00, personal_generator_context_to_v=0.000000e+00, personal_generator_student_row=0.000000e+00, personal_generator_student_col=0.000000e+00, personal_generator_low_rank_scale=0.000000e+00, personal_generator_direct_scale=0.000000e+00
2026-04-13 12:21:25,671 - INFO - [assist_09|assist_09_abce_best_no_E|lr=0.0003|drop=0.20] [Grad Norms] Epoch [019] | relation_emb=0.000000e+00, relation_tau=6.465691e-10, relation_wq=0.000000e+00, relation_wk=0.000000e+00, personal_u=0.000000e+00, personal_v=0.000000e+00, personal_alpha_bias=0.000000e+00, personal_gate_emb=0.000000e+00, personal_gate_student_proj=0.000000e+00, personal_gate_context_proj=0.000000e+00, personal_gate_student_direct=0.000000e+00, personal_gate_context_direct=0.000000e+00, personal_gate_out=0.000000e+00, personal_generator_emb=0.000000e+00, personal_generator_context_proj=0.000000e+00, personal_generator_context_hidden=0.000000e+00, personal_generator_context_to_u=0.000000e+00, personal_generator_context_to_v=0.000000e+00, personal_generator_student_row=0.000000e+00, personal_generator_student_col=0.000000e+00, personal_generator_low_rank_scale=0.000000e+00, personal_generator_direct_scale=0.000000e+00
2026-04-13 12:21:25,671 - INFO - [assist_09|assist_09_abce_best_no_E|lr=0.0003|drop=0.20] -> No improvement 2 epoch(s) (best AUC=0.7541 @ 17)
2026-04-13 12:21:58,209 - INFO - [assist_09|assist_09_abce_best_no_E|lr=0.0003|drop=0.20] Epoch [020/100] | Train: Loss=0.4795, BCE=0.4665, Reg=0.0131, AUC=0.8339, ACC=0.7648, RMSE=0.3933 | Val: Loss=0.5730, BCE=0.5599, Reg=0.0131, AUC=0.7544, ACC=0.7245, RMSE=0.4315
2026-04-13 12:21:58,210 - INFO - [assist_09|assist_09_abce_best_no_E|lr=0.0003|drop=0.20] [Reg Terms] Epoch [020] | Train: graph_entropy=0.000000, graph_diag=0.010000, graph_uniform=0.003050, graph_reg_scale=1.0000, prediction_l2=0.000001, personal_sparse=0.000000, alpha_var=0.000000, alpha_collapse=0.000000, reg_bce_ratio=0.0280 | Val: graph_entropy=0.000000, graph_diag=0.010000, graph_uniform=0.003050, graph_reg_scale=1.0000, prediction_l2=0.000001, personal_sparse=0.000000, alpha_var=0.000000, alpha_collapse=0.000000, reg_bce_ratio=0.0233
2026-04-13 12:21:58,372 - INFO - [assist_09|assist_09_abce_best_no_E|lr=0.0003|drop=0.20] [Diag][AE] Epoch [020] | irt_abs_mean=1.9051, irt_std=1.2202, personal_warmup_scale=1.00, graph_row_entropy=2.5615, graph_entropy_ratio=0.5323, alpha_mean=0.0000, alpha_std=0.0000, alpha_bias_std=0.0000, personal_row_entropy=0.0000, personal_matrix_delta=0.0000, personal_matrix_student_std=0.0000, personal_delta_pre_softmax_norm=0.0000, personal_delta_student_std=0.0000, alpha_head_std=0.0000
2026-04-13 12:21:58,372 - INFO - [assist_09|assist_09_abce_best_no_E|lr=0.0003|drop=0.20] [Diag][Graph] Epoch [020] | entropy_ratio=0.5323, diag_mass=0.1000, to_uniform_l2=0.023748, to_identity_l2=0.084464, tau_mean=0.6931, tau_std=0.0000, graph_reg_scale(train/val)=1.0000/1.0000
2026-04-13 12:21:58,372 - WARNING - [assist_09|assist_09_abce_best_no_E|lr=0.0003|drop=0.20] [Diag Warning][Graph] graph-related grad norms are near zero for 8 epoch(s): relation_emb=0.000000e+00, relation_tau=1.428833e-14, relation_wq=0.000000e+00, relation_wk=0.000000e+00, personal_u=0.000000e+00, personal_v=0.000000e+00, personal_alpha_bias=0.000000e+00, personal_gate_emb=0.000000e+00, personal_gate_student_proj=0.000000e+00, personal_gate_context_proj=0.000000e+00, personal_gate_student_direct=0.000000e+00, personal_gate_context_direct=0.000000e+00, personal_gate_out=0.000000e+00, personal_generator_emb=0.000000e+00, personal_generator_context_proj=0.000000e+00, personal_generator_context_hidden=0.000000e+00, personal_generator_context_to_u=0.000000e+00, personal_generator_context_to_v=0.000000e+00, personal_generator_student_row=0.000000e+00, personal_generator_student_col=0.000000e+00, personal_generator_low_rank_scale=0.000000e+00, personal_generator_direct_scale=0.000000e+00
2026-04-13 12:21:58,372 - INFO - [assist_09|assist_09_abce_best_no_E|lr=0.0003|drop=0.20] [Grad Norms] Epoch [020] | relation_emb=0.000000e+00, relation_tau=1.428833e-14, relation_wq=0.000000e+00, relation_wk=0.000000e+00, personal_u=0.000000e+00, personal_v=0.000000e+00, personal_alpha_bias=0.000000e+00, personal_gate_emb=0.000000e+00, personal_gate_student_proj=0.000000e+00, personal_gate_context_proj=0.000000e+00, personal_gate_student_direct=0.000000e+00, personal_gate_context_direct=0.000000e+00, personal_gate_out=0.000000e+00, personal_generator_emb=0.000000e+00, personal_generator_context_proj=0.000000e+00, personal_generator_context_hidden=0.000000e+00, personal_generator_context_to_u=0.000000e+00, personal_generator_context_to_v=0.000000e+00, personal_generator_student_row=0.000000e+00, personal_generator_student_col=0.000000e+00, personal_generator_low_rank_scale=0.000000e+00, personal_generator_direct_scale=0.000000e+00
2026-04-13 12:21:58,593 - INFO - [assist_09|assist_09_abce_best_no_E|lr=0.0003|drop=0.20] -> New best AUC=0.7544 at epoch 20
2026-04-13 12:21:58,610 - INFO - [assist_09|assist_09_abce_best_no_E|lr=0.0003|drop=0.20] Checkpoint saved: checkpoints/abce_diag/ae_rescue_20260413_4265c13/assist_09/seed42/best_no_E/checkpoint_epoch_20.pth
2026-04-13 12:21:58,779 - INFO - [assist_09|assist_09_abce_best_no_E|lr=0.0003|drop=0.20] [Module Activity] Epoch 20: Graph[OK]
2026-04-13 12:22:31,221 - INFO - [assist_09|assist_09_abce_best_no_E|lr=0.0003|drop=0.20] Epoch [021/100] | Train: Loss=0.4791, BCE=0.4660, Reg=0.0131, AUC=0.8342, ACC=0.7653, RMSE=0.3931 | Val: Loss=0.5731, BCE=0.5601, Reg=0.0131, AUC=0.7544, ACC=0.7247, RMSE=0.4315
2026-04-13 12:22:31,221 - INFO - [assist_09|assist_09_abce_best_no_E|lr=0.0003|drop=0.20] [Reg Terms] Epoch [021] | Train: graph_entropy=0.000000, graph_diag=0.010000, graph_uniform=0.003050, graph_reg_scale=1.0000, prediction_l2=0.000001, personal_sparse=0.000000, alpha_var=0.000000, alpha_collapse=0.000000, reg_bce_ratio=0.0280 | Val: graph_entropy=0.000000, graph_diag=0.010000, graph_uniform=0.003050, graph_reg_scale=1.0000, prediction_l2=0.000001, personal_sparse=0.000000, alpha_var=0.000000, alpha_collapse=0.000000, reg_bce_ratio=0.0233
2026-04-13 12:22:31,377 - INFO - [assist_09|assist_09_abce_best_no_E|lr=0.0003|drop=0.20] [Diag][AE] Epoch [021] | irt_abs_mean=1.9209, irt_std=1.2179, personal_warmup_scale=1.00, graph_row_entropy=2.5615, graph_entropy_ratio=0.5323, alpha_mean=0.0000, alpha_std=0.0000, alpha_bias_std=0.0000, personal_row_entropy=0.0000, personal_matrix_delta=0.0000, personal_matrix_student_std=0.0000, personal_delta_pre_softmax_norm=0.0000, personal_delta_student_std=0.0000, alpha_head_std=0.0000
2026-04-13 12:22:31,378 - INFO - [assist_09|assist_09_abce_best_no_E|lr=0.0003|drop=0.20] [Diag][Graph] Epoch [021] | entropy_ratio=0.5323, diag_mass=0.1000, to_uniform_l2=0.023748, to_identity_l2=0.084464, tau_mean=0.6931, tau_std=0.0000, graph_reg_scale(train/val)=1.0000/1.0000
2026-04-13 12:22:31,378 - WARNING - [assist_09|assist_09_abce_best_no_E|lr=0.0003|drop=0.20] [Diag Warning][Graph] graph-related grad norms are near zero for 9 epoch(s): relation_emb=0.000000e+00, relation_tau=1.887042e-10, relation_wq=0.000000e+00, relation_wk=0.000000e+00, personal_u=0.000000e+00, personal_v=0.000000e+00, personal_alpha_bias=0.000000e+00, personal_gate_emb=0.000000e+00, personal_gate_student_proj=0.000000e+00, personal_gate_context_proj=0.000000e+00, personal_gate_student_direct=0.000000e+00, personal_gate_context_direct=0.000000e+00, personal_gate_out=0.000000e+00, personal_generator_emb=0.000000e+00, personal_generator_context_proj=0.000000e+00, personal_generator_context_hidden=0.000000e+00, personal_generator_context_to_u=0.000000e+00, personal_generator_context_to_v=0.000000e+00, personal_generator_student_row=0.000000e+00, personal_generator_student_col=0.000000e+00, personal_generator_low_rank_scale=0.000000e+00, personal_generator_direct_scale=0.000000e+00
2026-04-13 12:22:31,378 - INFO - [assist_09|assist_09_abce_best_no_E|lr=0.0003|drop=0.20] [Grad Norms] Epoch [021] | relation_emb=0.000000e+00, relation_tau=1.887042e-10, relation_wq=0.000000e+00, relation_wk=0.000000e+00, personal_u=0.000000e+00, personal_v=0.000000e+00, personal_alpha_bias=0.000000e+00, personal_gate_emb=0.000000e+00, personal_gate_student_proj=0.000000e+00, personal_gate_context_proj=0.000000e+00, personal_gate_student_direct=0.000000e+00, personal_gate_context_direct=0.000000e+00, personal_gate_out=0.000000e+00, personal_generator_emb=0.000000e+00, personal_generator_context_proj=0.000000e+00, personal_generator_context_hidden=0.000000e+00, personal_generator_context_to_u=0.000000e+00, personal_generator_context_to_v=0.000000e+00, personal_generator_student_row=0.000000e+00, personal_generator_student_col=0.000000e+00, personal_generator_low_rank_scale=0.000000e+00, personal_generator_direct_scale=0.000000e+00
2026-04-13 12:22:31,675 - INFO - [assist_09|assist_09_abce_best_no_E|lr=0.0003|drop=0.20] -> New best AUC=0.7544 at epoch 21
2026-04-13 12:23:04,648 - INFO - [assist_09|assist_09_abce_best_no_E|lr=0.0003|drop=0.20] Epoch [022/100] | Train: Loss=0.4782, BCE=0.4652, Reg=0.0131, AUC=0.8348, ACC=0.7653, RMSE=0.3928 | Val: Loss=0.5725, BCE=0.5595, Reg=0.0131, AUC=0.7538, ACC=0.7246, RMSE=0.4314
2026-04-13 12:23:04,648 - INFO - [assist_09|assist_09_abce_best_no_E|lr=0.0003|drop=0.20] [Reg Terms] Epoch [022] | Train: graph_entropy=0.000000, graph_diag=0.010000, graph_uniform=0.003050, graph_reg_scale=1.0000, prediction_l2=0.000001, personal_sparse=0.000000, alpha_var=0.000000, alpha_collapse=0.000000, reg_bce_ratio=0.0281 | Val: graph_entropy=0.000000, graph_diag=0.010000, graph_uniform=0.003050, graph_reg_scale=1.0000, prediction_l2=0.000001, personal_sparse=0.000000, alpha_var=0.000000, alpha_collapse=0.000000, reg_bce_ratio=0.0233
2026-04-13 12:23:04,811 - INFO - [assist_09|assist_09_abce_best_no_E|lr=0.0003|drop=0.20] [Diag][AE] Epoch [022] | irt_abs_mean=1.8694, irt_std=1.2222, personal_warmup_scale=1.00, graph_row_entropy=2.5615, graph_entropy_ratio=0.5323, alpha_mean=0.0000, alpha_std=0.0000, alpha_bias_std=0.0000, personal_row_entropy=0.0000, personal_matrix_delta=0.0000, personal_matrix_student_std=0.0000, personal_delta_pre_softmax_norm=0.0000, personal_delta_student_std=0.0000, alpha_head_std=0.0000
2026-04-13 12:23:04,812 - INFO - [assist_09|assist_09_abce_best_no_E|lr=0.0003|drop=0.20] [Diag][Graph] Epoch [022] | entropy_ratio=0.5323, diag_mass=0.1000, to_uniform_l2=0.023748, to_identity_l2=0.084464, tau_mean=0.6931, tau_std=0.0000, graph_reg_scale(train/val)=1.0000/1.0000
2026-04-13 12:23:04,812 - WARNING - [assist_09|assist_09_abce_best_no_E|lr=0.0003|drop=0.20] [Diag Warning][Graph] graph-related grad norms are near zero for 10 epoch(s): relation_emb=0.000000e+00, relation_tau=2.711521e-10, relation_wq=0.000000e+00, relation_wk=0.000000e+00, personal_u=0.000000e+00, personal_v=0.000000e+00, personal_alpha_bias=0.000000e+00, personal_gate_emb=0.000000e+00, personal_gate_student_proj=0.000000e+00, personal_gate_context_proj=0.000000e+00, personal_gate_student_direct=0.000000e+00, personal_gate_context_direct=0.000000e+00, personal_gate_out=0.000000e+00, personal_generator_emb=0.000000e+00, personal_generator_context_proj=0.000000e+00, personal_generator_context_hidden=0.000000e+00, personal_generator_context_to_u=0.000000e+00, personal_generator_context_to_v=0.000000e+00, personal_generator_student_row=0.000000e+00, personal_generator_student_col=0.000000e+00, personal_generator_low_rank_scale=0.000000e+00, personal_generator_direct_scale=0.000000e+00
2026-04-13 12:23:04,812 - INFO - [assist_09|assist_09_abce_best_no_E|lr=0.0003|drop=0.20] [Grad Norms] Epoch [022] | relation_emb=0.000000e+00, relation_tau=2.711521e-10, relation_wq=0.000000e+00, relation_wk=0.000000e+00, personal_u=0.000000e+00, personal_v=0.000000e+00, personal_alpha_bias=0.000000e+00, personal_gate_emb=0.000000e+00, personal_gate_student_proj=0.000000e+00, personal_gate_context_proj=0.000000e+00, personal_gate_student_direct=0.000000e+00, personal_gate_context_direct=0.000000e+00, personal_gate_out=0.000000e+00, personal_generator_emb=0.000000e+00, personal_generator_context_proj=0.000000e+00, personal_generator_context_hidden=0.000000e+00, personal_generator_context_to_u=0.000000e+00, personal_generator_context_to_v=0.000000e+00, personal_generator_student_row=0.000000e+00, personal_generator_student_col=0.000000e+00, personal_generator_low_rank_scale=0.000000e+00, personal_generator_direct_scale=0.000000e+00
2026-04-13 12:23:04,812 - INFO - [assist_09|assist_09_abce_best_no_E|lr=0.0003|drop=0.20] -> No improvement 1 epoch(s) (best AUC=0.7544 @ 21)
2026-04-13 12:23:37,876 - INFO - [assist_09|assist_09_abce_best_no_E|lr=0.0003|drop=0.20] Epoch [023/100] | Train: Loss=0.4775, BCE=0.4644, Reg=0.0131, AUC=0.8356, ACC=0.7656, RMSE=0.3925 | Val: Loss=0.5728, BCE=0.5597, Reg=0.0131, AUC=0.7542, ACC=0.7252, RMSE=0.4314
2026-04-13 12:23:37,877 - INFO - [assist_09|assist_09_abce_best_no_E|lr=0.0003|drop=0.20] [Reg Terms] Epoch [023] | Train: graph_entropy=0.000000, graph_diag=0.010000, graph_uniform=0.003050, graph_reg_scale=1.0000, prediction_l2=0.000001, personal_sparse=0.000000, alpha_var=0.000000, alpha_collapse=0.000000, reg_bce_ratio=0.0281 | Val: graph_entropy=0.000000, graph_diag=0.010000, graph_uniform=0.003050, graph_reg_scale=1.0000, prediction_l2=0.000001, personal_sparse=0.000000, alpha_var=0.000000, alpha_collapse=0.000000, reg_bce_ratio=0.0233
2026-04-13 12:23:38,016 - INFO - [assist_09|assist_09_abce_best_no_E|lr=0.0003|drop=0.20] [Diag][AE] Epoch [023] | irt_abs_mean=1.9085, irt_std=1.2295, personal_warmup_scale=1.00, graph_row_entropy=2.5615, graph_entropy_ratio=0.5323, alpha_mean=0.0000, alpha_std=0.0000, alpha_bias_std=0.0000, personal_row_entropy=0.0000, personal_matrix_delta=0.0000, personal_matrix_student_std=0.0000, personal_delta_pre_softmax_norm=0.0000, personal_delta_student_std=0.0000, alpha_head_std=0.0000
2026-04-13 12:23:38,016 - INFO - [assist_09|assist_09_abce_best_no_E|lr=0.0003|drop=0.20] [Diag][Graph] Epoch [023] | entropy_ratio=0.5323, diag_mass=0.1000, to_uniform_l2=0.023748, to_identity_l2=0.084464, tau_mean=0.6931, tau_std=0.0000, graph_reg_scale(train/val)=1.0000/1.0000
2026-04-13 12:23:38,016 - WARNING - [assist_09|assist_09_abce_best_no_E|lr=0.0003|drop=0.20] [Diag Warning][Graph] graph-related grad norms are near zero for 11 epoch(s): relation_emb=0.000000e+00, relation_tau=2.174523e-10, relation_wq=0.000000e+00, relation_wk=0.000000e+00, personal_u=0.000000e+00, personal_v=0.000000e+00, personal_alpha_bias=0.000000e+00, personal_gate_emb=0.000000e+00, personal_gate_student_proj=0.000000e+00, personal_gate_context_proj=0.000000e+00, personal_gate_student_direct=0.000000e+00, personal_gate_context_direct=0.000000e+00, personal_gate_out=0.000000e+00, personal_generator_emb=0.000000e+00, personal_generator_context_proj=0.000000e+00, personal_generator_context_hidden=0.000000e+00, personal_generator_context_to_u=0.000000e+00, personal_generator_context_to_v=0.000000e+00, personal_generator_student_row=0.000000e+00, personal_generator_student_col=0.000000e+00, personal_generator_low_rank_scale=0.000000e+00, personal_generator_direct_scale=0.000000e+00
2026-04-13 12:23:38,016 - INFO - [assist_09|assist_09_abce_best_no_E|lr=0.0003|drop=0.20] [Grad Norms] Epoch [023] | relation_emb=0.000000e+00, relation_tau=2.174523e-10, relation_wq=0.000000e+00, relation_wk=0.000000e+00, personal_u=0.000000e+00, personal_v=0.000000e+00, personal_alpha_bias=0.000000e+00, personal_gate_emb=0.000000e+00, personal_gate_student_proj=0.000000e+00, personal_gate_context_proj=0.000000e+00, personal_gate_student_direct=0.000000e+00, personal_gate_context_direct=0.000000e+00, personal_gate_out=0.000000e+00, personal_generator_emb=0.000000e+00, personal_generator_context_proj=0.000000e+00, personal_generator_context_hidden=0.000000e+00, personal_generator_context_to_u=0.000000e+00, personal_generator_context_to_v=0.000000e+00, personal_generator_student_row=0.000000e+00, personal_generator_student_col=0.000000e+00, personal_generator_low_rank_scale=0.000000e+00, personal_generator_direct_scale=0.000000e+00
2026-04-13 12:23:38,016 - INFO - [assist_09|assist_09_abce_best_no_E|lr=0.0003|drop=0.20] -> No improvement 2 epoch(s) (best AUC=0.7544 @ 21)
2026-04-13 12:24:09,127 - INFO - [assist_09|assist_09_abce_best_no_E|lr=0.0003|drop=0.20] Epoch [024/100] | Train: Loss=0.4773, BCE=0.4642, Reg=0.0131, AUC=0.8357, ACC=0.7648, RMSE=0.3924 | Val: Loss=0.5731, BCE=0.5600, Reg=0.0131, AUC=0.7540, ACC=0.7244, RMSE=0.4315
2026-04-13 12:24:09,127 - INFO - [assist_09|assist_09_abce_best_no_E|lr=0.0003|drop=0.20] [Reg Terms] Epoch [024] | Train: graph_entropy=0.000000, graph_diag=0.010005, graph_uniform=0.003050, graph_reg_scale=1.0000, prediction_l2=0.000001, personal_sparse=0.000000, alpha_var=0.000000, alpha_collapse=0.000000, reg_bce_ratio=0.0281 | Val: graph_entropy=0.000000, graph_diag=0.010000, graph_uniform=0.003050, graph_reg_scale=1.0000, prediction_l2=0.000001, personal_sparse=0.000000, alpha_var=0.000000, alpha_collapse=0.000000, reg_bce_ratio=0.0233
2026-04-13 12:24:09,275 - INFO - [assist_09|assist_09_abce_best_no_E|lr=0.0003|drop=0.20] [Diag][AE] Epoch [024] | irt_abs_mean=1.9306, irt_std=1.2258, personal_warmup_scale=1.00, graph_row_entropy=2.5615, graph_entropy_ratio=0.5323, alpha_mean=0.0000, alpha_std=0.0000, alpha_bias_std=0.0000, personal_row_entropy=0.0000, personal_matrix_delta=0.0000, personal_matrix_student_std=0.0000, personal_delta_pre_softmax_norm=0.0000, personal_delta_student_std=0.0000, alpha_head_std=0.0000
2026-04-13 12:24:09,276 - INFO - [assist_09|assist_09_abce_best_no_E|lr=0.0003|drop=0.20] [Diag][Graph] Epoch [024] | entropy_ratio=0.5323, diag_mass=0.1000, to_uniform_l2=0.023748, to_identity_l2=0.084464, tau_mean=0.6931, tau_std=0.0000, graph_reg_scale(train/val)=1.0000/1.0000
2026-04-13 12:24:09,276 - WARNING - [assist_09|assist_09_abce_best_no_E|lr=0.0003|drop=0.20] [Diag Warning][Graph] graph-related grad norms are near zero for 12 epoch(s): relation_emb=0.000000e+00, relation_tau=3.739232e-10, relation_wq=0.000000e+00, relation_wk=0.000000e+00, personal_u=0.000000e+00, personal_v=0.000000e+00, personal_alpha_bias=0.000000e+00, personal_gate_emb=0.000000e+00, personal_gate_student_proj=0.000000e+00, personal_gate_context_proj=0.000000e+00, personal_gate_student_direct=0.000000e+00, personal_gate_context_direct=0.000000e+00, personal_gate_out=0.000000e+00, personal_generator_emb=0.000000e+00, personal_generator_context_proj=0.000000e+00, personal_generator_context_hidden=0.000000e+00, personal_generator_context_to_u=0.000000e+00, personal_generator_context_to_v=0.000000e+00, personal_generator_student_row=0.000000e+00, personal_generator_student_col=0.000000e+00, personal_generator_low_rank_scale=0.000000e+00, personal_generator_direct_scale=0.000000e+00
2026-04-13 12:24:09,276 - INFO - [assist_09|assist_09_abce_best_no_E|lr=0.0003|drop=0.20] [Grad Norms] Epoch [024] | relation_emb=0.000000e+00, relation_tau=3.739232e-10, relation_wq=0.000000e+00, relation_wk=0.000000e+00, personal_u=0.000000e+00, personal_v=0.000000e+00, personal_alpha_bias=0.000000e+00, personal_gate_emb=0.000000e+00, personal_gate_student_proj=0.000000e+00, personal_gate_context_proj=0.000000e+00, personal_gate_student_direct=0.000000e+00, personal_gate_context_direct=0.000000e+00, personal_gate_out=0.000000e+00, personal_generator_emb=0.000000e+00, personal_generator_context_proj=0.000000e+00, personal_generator_context_hidden=0.000000e+00, personal_generator_context_to_u=0.000000e+00, personal_generator_context_to_v=0.000000e+00, personal_generator_student_row=0.000000e+00, personal_generator_student_col=0.000000e+00, personal_generator_low_rank_scale=0.000000e+00, personal_generator_direct_scale=0.000000e+00
2026-04-13 12:24:09,276 - INFO - [assist_09|assist_09_abce_best_no_E|lr=0.0003|drop=0.20] -> No improvement 3 epoch(s) (best AUC=0.7544 @ 21)
2026-04-13 12:24:09,276 - INFO - [assist_09|assist_09_abce_best_no_E|lr=0.0003|drop=0.20] Early stopping at epoch 24 (best AUC=0.7544 @ 21)
2026-04-13 12:24:09,283 - INFO - Epoch-wise metrics saved to checkpoints/abce_diag/ae_rescue_20260413_4265c13/assist_09/seed42/best_no_E/metrics_history.csv
2026-04-13 12:24:09,285 - INFO - [assist_09|assist_09_abce_best_no_E|lr=0.0003|drop=0.20] Training completed! Best Val AUC=0.7544 @ epoch 21
2026-04-13 12:24:09,455 - INFO - 
============================================================
         MODULE ACTIVITY REPORT
============================================================
Dataset: assist_09 | Seed: 42 | Epoch: 24

1. Concept Graph Module (A):
   - Mean row entropy: 2.561 / 4.812
   - Entropy ratio: 53.2%
   - Status: ACTIVE (learning meaningful structure)

2. Personal Graph Module (E):
   - Status: DISABLED (use_personal_graph=False or no_E)

------------------------------------------------------------
SUMMARY:
   Active modules: Concept Graph (A)
   All enabled graph modules are functioning properly.
============================================================
2026-04-13 12:24:09,456 - INFO - [assist_09|assist_09_abce_best_no_E|lr=0.0003|drop=0.20] Module activity saved to checkpoints/abce_diag/ae_rescue_20260413_4265c13/assist_09/seed42/best_no_E/module_activity.json
2026-04-13 12:24:09,507 - INFO - Using device: cuda:0 (physical gpu 2)
2026-04-13 12:24:09,507 - INFO - Loading model from checkpoints/abce_diag/ae_rescue_20260413_4265c13/assist_09/seed42/best_no_E/best_model.pth...
2026-04-13 12:24:09,630 - INFO - Inference switches: ablate_module1=False | enable_module1=True | use_concept_graph=True | effective(num_gnn_layers=1)
2026-04-13 12:24:09,646 - INFO - [Inference] Ablation runtime check: args(ablate_module1=False) | model(enable_module1=True) | physical(has_knowledge_encoder=True)
2026-04-13 12:24:09,647 - INFO - [Inference] [Graph Init] graph_tau_mean=1.0055, graph_tau_std=0.0000, graph_dropout=0.000, use_personal_graph=False
2026-04-13 12:24:09,648 - INFO - Model loaded from epoch 21. Start testing...
2026-04-13 12:24:10,596 - INFO - [Test] 200/411 batches done, samples=25600
2026-04-13 12:24:11,401 - INFO - [Test] 400/411 batches done, samples=51200
2026-04-13 12:24:11,507 - INFO - 
==================================================
2026-04-13 12:24:11,507 - INFO - Test Results:
2026-04-13 12:24:11,507 - INFO - AUC: 0.7569
2026-04-13 12:24:11,507 - INFO - ACC: 0.7300
2026-04-13 12:24:11,507 - INFO - RMSE: 0.4292
2026-04-13 12:24:11,507 - INFO - ==================================================
2026-04-13 12:24:11,524 - INFO - Summary appended to /home/zsh/ConceptSkillCDM/results/experiment_results.csv
2026-04-13 12:24:11,524 - INFO - 
Generating student diagnosis reports...
2026-04-13 12:24:11,549 - INFO - Student diagnosis reports saved to checkpoints/abce_diag/ae_rescue_20260413_4265c13/assist_09/seed42/best_no_E/student_diagnosis.json
2026-04-13 12:24:11,553 - INFO - Run completed.
2026-04-13 12:24:11,553 - INFO - Best validation AUC: 0.7544 at epoch 21
2026-04-13 12:24:11,553 - INFO - Test metrics - AUC: 0.7569, ACC: 0.7300, RMSE: 0.4292
2026-04-13 12:24:11,737 - INFO - [数据清洗] 学生交互次数 < 15 次的学生：共移除 0 个学生（仅统计用户数）
2026-04-13 12:24:11,746 - INFO - [数据清洗] 学生冷启动过滤：在 train/valid/test 中共删除 0 条记录。
2026-04-13 12:24:11,747 - INFO - [数据清洗] 跳过题目冷门过滤（min_exer_interactions <= 0）。
2026-04-13 12:24:11,747 - INFO - [数据清洗] 跳过毒题清洗（min_poison_count <= 0）。
2026-04-13 12:24:11,747 - INFO - 正在构建ID映射...
2026-04-13 12:24:12,017 - INFO - 正在构建Q矩阵...
2026-04-13 12:24:20,707 - INFO - [统计] 开始统计清洗后每道题的概念数量分布...
2026-04-13 12:24:20,715 - INFO - [Train] 概念数统计：题目数=17099, 平均概念数=1.1992, min=1, max=4, 1概念=14168 (82.86%), ≥2概念=2931 (17.14%)
2026-04-13 12:24:20,715 - INFO - [Train] 概念数直方图（概念数: 题目数量）: {1: 14168, 2: 2536, 3: 315, 4: 80}
2026-04-13 12:24:20,718 - INFO - [Valid] 概念数统计：题目数=9274, 平均概念数=1.1993, min=1, max=4, 1概念=7697 (83.00%), ≥2概念=1577 (17.00%)
2026-04-13 12:24:20,718 - INFO - [Valid] 概念数直方图（概念数: 题目数量）: {1: 7697, 2: 1356, 3: 171, 4: 50}
2026-04-13 12:24:20,721 - INFO - [Test] 概念数统计：题目数=13331, 平均概念数=1.1962, min=1, max=4, 1概念=11110 (83.34%), ≥2概念=2221 (16.66%)
2026-04-13 12:24:20,722 - INFO - [Test] 概念数直方图（概念数: 题目数量）: {1: 11110, 2: 1891, 3: 265, 4: 65}
2026-04-13 12:24:20,722 - INFO - [统计] 概念数量统计完成。
2026-04-13 12:24:20,722 - INFO - 正在加载数据集...
2026-04-13 12:24:20,807 - INFO - [Component Analysis] Global graph: torch.Size([2, 123, 123])
2026-04-13 12:24:20,810 - INFO - [Component Analysis] Data saved to checkpoints/abce_diag/ae_rescue_20260413_4265c13/assist_09/seed42/best_no_E/component_analysis_data.npz
2026-04-13 12:24:21,289 - INFO - Generating component analysis visualizations...
2026-04-13 12:24:21,565 - INFO - Visualizations saved to checkpoints/abce_diag/ae_rescue_20260413_4265c13/assist_09/seed42/best_no_E
