2026-04-15 05:04:02,575 - INFO - Arguments:
2026-04-15 05:04:02,575 - INFO -   ablate_concept_graph: False
2026-04-15 05:04:02,575 - INFO -   ablate_module1: False
2026-04-15 05:04:02,575 - INFO -   allow_self_loop: True
2026-04-15 05:04:02,575 - INFO -   alpha_min_target: 0.04
2026-04-15 05:04:02,575 - INFO -   batch_size: 64
2026-04-15 05:04:02,575 - INFO -   data_dir: ./data/junyi
2026-04-15 05:04:02,575 - INFO -   dataset_name: junyi
2026-04-15 05:04:02,575 - INFO -   debug_graph_diag: True
2026-04-15 05:04:02,575 - INFO -   diag_batches: 1
2026-04-15 05:04:02,575 - INFO -   disable_self_loop: False
2026-04-15 05:04:02,575 - INFO -   dropout: 0.4
2026-04-15 05:04:02,575 - INFO -   early_stop_patience: 3
2026-04-15 05:04:02,575 - INFO -   enable_module1: True
2026-04-15 05:04:02,575 - INFO -   epochs: 100
2026-04-15 05:04:02,575 - INFO -   generate_diagnosis: True
2026-04-15 05:04:02,575 - INFO -   gnn_residual_weight: 0.5
2026-04-15 05:04:02,576 - INFO -   gpu_candidates: None
2026-04-15 05:04:02,576 - INFO -   gpu_ids: None
2026-04-15 05:04:02,576 - INFO -   gpu_memory_threshold: 2000
2026-04-15 05:04:02,576 - INFO -   gpus: None
2026-04-15 05:04:02,576 - INFO -   graph_dropout: 0.0
2026-04-15 05:04:02,576 - INFO -   graph_entropy_max: 0.7
2026-04-15 05:04:02,576 - INFO -   graph_entropy_min: 0.15
2026-04-15 05:04:02,576 - INFO -   graph_identity_residual: 0.05
2026-04-15 05:04:02,576 - INFO -   graph_propagation_alpha: 0.28
2026-04-15 05:04:02,576 - INFO -   graph_readout_1hop_scale: 0.34
2026-04-15 05:04:02,576 - INFO -   graph_readout_2hop_scale: 0.12
2026-04-15 05:04:02,576 - INFO -   graph_reg_cap_ratio: 6.0
2026-04-15 05:04:02,576 - INFO -   graph_reg_warmup_epochs: 2
2026-04-15 05:04:02,576 - INFO -   graph_tau_init: 0.55
2026-04-15 05:04:02,576 - INFO -   graph_topk: 24
2026-04-15 05:04:02,576 - INFO -   graph_uniform_margin: 0.12
2026-04-15 05:04:02,576 - INFO -   knowledge_dim: 128
2026-04-15 05:04:02,576 - INFO -   lambda_alpha: 0.06
2026-04-15 05:04:02,576 - INFO -   lambda_alpha_min: 0.08
2026-04-15 05:04:02,576 - INFO -   lambda_graph_diag: 0.12
2026-04-15 05:04:02,576 - INFO -   lambda_graph_uniform: 0.06
2026-04-15 05:04:02,576 - INFO -   lambda_sparse: 0.6
2026-04-15 05:04:02,576 - INFO -   lambda_sparse_personal: 0.0005
2026-04-15 05:04:02,576 - INFO -   learning_rate: 0.003
2026-04-15 05:04:02,576 - INFO -   log_dir: logs/abce_diag/remote_ae_cleanrerun3_20260415_358089f/junyi/seed42/ae_dominant_full
2026-04-15 05:04:02,576 - INFO -   max_test_batches: None
2026-04-15 05:04:02,576 - INFO -   max_train_batches: None
2026-04-15 05:04:02,576 - INFO -   max_val_batches: None
2026-04-15 05:04:02,576 - INFO -   min_exer_interactions: 0
2026-04-15 05:04:02,576 - INFO -   min_poison_count: 0
2026-04-15 05:04:02,576 - INFO -   min_stu_interactions: 15
2026-04-15 05:04:02,576 - INFO -   model_variant: junyi_abce_ae_dominant_full
2026-04-15 05:04:02,577 - INFO -   multi_gpu: False
2026-04-15 05:04:02,577 - INFO -   no_cuda: False
2026-04-15 05:04:02,577 - INFO -   num_gnn_layers: 2
2026-04-15 05:04:02,577 - INFO -   num_gpus: 1
2026-04-15 05:04:02,577 - INFO -   num_relation_heads: 2
2026-04-15 05:04:02,577 - INFO -   num_workers: 4
2026-04-15 05:04:02,577 - INFO -   patience: 1
2026-04-15 05:04:02,577 - INFO -   personal_alpha_bias_scale: 0.015
2026-04-15 05:04:02,577 - INFO -   personal_delta_scale: 5.0
2026-04-15 05:04:02,577 - INFO -   personal_disable_student_global_context: True
2026-04-15 05:04:02,577 - INFO -   personal_local_hops: 1
2026-04-15 05:04:02,577 - INFO -   personal_max_alpha: 0.4
2026-04-15 05:04:02,577 - INFO -   personal_rank: 8
2026-04-15 05:04:02,577 - INFO -   personal_reg_warmup_epochs: 4
2026-04-15 05:04:02,577 - INFO -   personal_student_dim: 64
2026-04-15 05:04:02,577 - INFO -   personal_support_only: True
2026-04-15 05:04:02,577 - INFO -   personal_warmup_epochs: 4
2026-04-15 05:04:02,577 - INFO -   prediction_l2_lambda: 1e-05
2026-04-15 05:04:02,577 - INFO -   save_dir: checkpoints/abce_diag/remote_ae_cleanrerun3_20260415_358089f/junyi/seed42/ae_dominant_full
2026-04-15 05:04:02,577 - INFO -   save_interval: 10
2026-04-15 05:04:02,577 - INFO -   seed: 42
2026-04-15 05:04:02,577 - INFO -   share_concept_embeddings: True
2026-04-15 05:04:02,577 - INFO -   use_concept_graph: True
2026-04-15 05:04:02,577 - INFO -   use_exercise_graph: True
2026-04-15 05:04:02,577 - INFO -   use_personal_graph: True
2026-04-15 05:04:02,577 - INFO -   weight_decay: 0.001
2026-04-15 05:04:02,672 - INFO - Using device: cuda:0 (physical gpu 1)
2026-04-15 05:04:02,672 - INFO - [junyi|junyi_abce_ae_dominant_full|lr=0.003|drop=0.40] Loading datasets...
2026-04-15 05:04:02,672 - INFO - [junyi|junyi_abce_ae_dominant_full|lr=0.003|drop=0.40] Regularization: graph_entropy(lambda_sparse)=0.600000, graph_diag=0.120000, graph_uniform=0.060000, personal_sparse=0.000500, alpha_penalty=0.060000, alpha_min=0.080000, prediction_l2=0.000010
2026-04-15 05:04:02,672 - INFO - [junyi|junyi_abce_ae_dominant_full|lr=0.003|drop=0.40] Graph controls: entropy_band=[0.15, 0.70], uniform_margin=0.12, warmup_epochs=2, cap_ratio=6.00, graph_dropout=0.000, graph_tau_init=0.550
2026-04-15 05:04:02,672 - INFO - [junyi|junyi_abce_ae_dominant_full|lr=0.003|drop=0.40] Personal controls: personal_max_alpha=0.400, personal_delta_scale=5.000, personal_warmup_epochs=4, personal_student_dim=64, alpha_min_target=0.0400, personal_local_hops=1, personal_support_only=True, graph_propagation_alpha=0.280, graph_readout_1hop_scale=0.340, graph_readout_2hop_scale=0.120
2026-04-15 05:04:02,790 - INFO - [junyi] [数据清洗] 学生交互次数 < 15 次的学生：共移除 2188 个学生（仅统计用户数）
2026-04-15 05:04:02,810 - INFO - [junyi] [数据清洗] 学生冷启动过滤：在 train/valid/test 中共删除 35779 条记录。
2026-04-15 05:04:02,811 - INFO - [junyi] [数据清洗] 跳过题目冷门过滤（min_exer_interactions <= 0）。
2026-04-15 05:04:02,811 - INFO - [junyi] [数据清洗] 跳过毒题清洗（min_poison_count <= 0）。
2026-04-15 05:04:02,811 - INFO - [junyi] 正在构建ID映射...
2026-04-15 05:04:03,033 - INFO - [junyi] 正在构建Q矩阵...
2026-04-15 05:04:08,525 - INFO - [junyi] [数据清洗] Valid train-seen 过滤：before=22111, after=22111, dropped=0, coverage=100.00%
2026-04-15 05:04:08,532 - INFO - [junyi] [数据清洗] Test train-seen 过滤：before=60499, after=60494, dropped=5, coverage=99.99%
2026-04-15 05:04:08,533 - INFO - [junyi] [统计] 开始统计清洗后每道题的概念数量分布...
2026-04-15 05:04:08,536 - INFO - [junyi] [Train] 概念数统计：题目数=697, 平均概念数=1.0000, min=1, max=1, 1概念=697 (100.00%), ≥2概念=0 (0.00%)
2026-04-15 05:04:08,536 - INFO - [junyi] [Train] 概念数直方图（概念数: 题目数量）: {1: 697}
2026-04-15 05:04:08,536 - INFO - [junyi] [Valid] 概念数统计：题目数=614, 平均概念数=1.0000, min=1, max=1, 1概念=614 (100.00%), ≥2概念=0 (0.00%)
2026-04-15 05:04:08,536 - INFO - [junyi] [Valid] 概念数直方图（概念数: 题目数量）: {1: 614}
2026-04-15 05:04:08,537 - INFO - [junyi] [Test] 概念数统计：题目数=663, 平均概念数=1.0000, min=1, max=1, 1概念=663 (100.00%), ≥2概念=0 (0.00%)
2026-04-15 05:04:08,537 - INFO - [junyi] [Test] 概念数直方图（概念数: 题目数量）: {1: 663}
2026-04-15 05:04:08,537 - INFO - [junyi] [统计] 概念数量统计完成。
2026-04-15 05:04:08,537 - INFO - [junyi] 正在加载数据集...
2026-04-15 05:04:08,616 - INFO - [junyi|junyi_abce_ae_dominant_full|lr=0.003|drop=0.40] Train samples: 235446, Val samples: 22111
2026-04-15 05:04:08,616 - INFO - [junyi|junyi_abce_ae_dominant_full|lr=0.003|drop=0.40] Number of students: 7812
2026-04-15 05:04:08,616 - INFO - [junyi|junyi_abce_ae_dominant_full|lr=0.003|drop=0.40] Number of exercises: 697
2026-04-15 05:04:08,616 - INFO - [junyi|junyi_abce_ae_dominant_full|lr=0.003|drop=0.40] Number of concepts: 697
2026-04-15 05:04:08,616 - INFO - [junyi|junyi_abce_ae_dominant_full|lr=0.003|drop=0.40] Creating model...
2026-04-15 05:04:08,616 - INFO - [junyi|junyi_abce_ae_dominant_full|lr=0.003|drop=0.40] Ablation switches: ablate_module1=False | enable_module1=True | use_concept_graph=True | effective(num_gnn_layers=2)
2026-04-15 05:04:08,807 - INFO - [junyi|junyi_abce_ae_dominant_full|lr=0.003|drop=0.40] Ablation runtime check: args(ablate_module1=False) | expect(use_concept_graph=True,use_personal_graph=True) | model(enable_module1=True,use_concept_graph=True,use_personal_graph=True) | physical(has_knowledge_encoder=True,has_relation_learning=True,has_adaptive_gate=True,has_personal_generator=True)
2026-04-15 05:04:08,807 - INFO - [junyi|junyi_abce_ae_dominant_full|lr=0.003|drop=0.40] Debug diagnostics enabled: diag_batches=1
2026-04-15 05:04:08,823 - INFO - [junyi|junyi_abce_ae_dominant_full|lr=0.003|drop=0.40] [Graph Init] graph_tau_mean=1.0055, graph_tau_std=0.0000, graph_dropout=0.000, use_personal_graph=True
2026-04-15 05:04:08,824 - INFO - [junyi|junyi_abce_ae_dominant_full|lr=0.003|drop=0.40] Total parameters: 8,189,653
2026-04-15 05:04:08,824 - INFO - [junyi|junyi_abce_ae_dominant_full|lr=0.003|drop=0.40] Trainable parameters: 8,189,653
2026-04-15 05:04:09,590 - INFO - [junyi|junyi_abce_ae_dominant_full|lr=0.003|drop=0.40] Monitor config: scheduler=val_auc(max), best_checkpoint=val_auc(max), early_stop=val_auc(max)
2026-04-15 05:04:09,590 - INFO - [junyi|junyi_abce_ae_dominant_full|lr=0.003|drop=0.40] Starting training...
2026-04-15 05:16:20,214 - INFO - [junyi|junyi_abce_ae_dominant_full|lr=0.003|drop=0.40] Epoch [001/100] | Train: Loss=0.5323, BCE=0.5248, Reg=0.0074, AUC=0.7827, ACC=0.7398, RMSE=0.4186 | Val: Loss=0.5142, BCE=0.5070, Reg=0.0072, AUC=0.7969, ACC=0.7539, RMSE=0.4095
2026-04-15 05:16:20,215 - INFO - [junyi|junyi_abce_ae_dominant_full|lr=0.003|drop=0.40] [Reg Terms] Epoch [001] | Train: graph_entropy=0.000000, graph_diag=0.003283, graph_uniform=0.003375, graph_reg_scale=1.0000, prediction_l2=0.000000, personal_sparse=0.000394, alpha_var=-0.000024, alpha_collapse=0.000408, reg_bce_ratio=0.0142 | Val: graph_entropy=0.000000, graph_diag=0.003000, graph_uniform=0.003377, graph_reg_scale=1.0000, prediction_l2=0.000000, personal_sparse=0.000396, alpha_var=-0.000024, alpha_collapse=0.000409, reg_bce_ratio=0.0141
2026-04-15 05:16:20,862 - INFO - [junyi|junyi_abce_ae_dominant_full|lr=0.003|drop=0.40] [Diag][AE] Epoch [001] | irt_abs_mean=1.4938, irt_std=0.9461, personal_warmup_scale=0.25, graph_row_entropy=3.2177, graph_entropy_ratio=0.4915, alpha_mean=0.0505, alpha_std=0.0395, alpha_bias_std=0.0000, alpha_state_path=2.0562, alpha_id_path=0.0000, alpha_bias_path=0.0000, head_bias_path=0.0902, personal_row_entropy=3.1662, personal_matrix_delta=0.0001, personal_matrix_student_std=0.0003, personal_delta_pre_softmax_norm=0.5713, personal_delta_student_std=0.1966, alpha_head_std=0.0395, personal_student_mix=0.0750, personal_student_adapter=0.0400, local_row_ratio=0.0692, support_density=0.0359, readout_query_delta=0.0604, personal_bad_rows=0.00, personal_fallback_rows=0.00, personal_logits_absmax=30.0000
2026-04-15 05:16:20,862 - INFO - [junyi|junyi_abce_ae_dominant_full|lr=0.003|drop=0.40] [Diag][A] Epoch [001] | entropy_ratio=0.4915, diag_mass=0.0500, to_uniform_l2=0.007448, to_identity_l2=0.036726, relation_identity_delta=0.036726, knowledge_state_graph_delta=0.252962, knowledge_state_personal_delta=0.000217, share_concept_embeddings=True, tau_mean=0.6931, tau_std=0.0000, graph_reg_scale(train/val)=1.0000/1.0000
2026-04-15 05:16:20,862 - INFO - [junyi|junyi_abce_ae_dominant_full|lr=0.003|drop=0.40] [Grad Norms] Epoch [001] | relation_emb=3.163455e-01, relation_tau=5.195761e-12, relation_wq=6.463222e-09, relation_wk=4.862859e-09, personal_u=8.133274e-04, personal_v=1.675104e-03, personal_alpha_bias=1.444613e-05, personal_gate_emb=2.649284e-10, personal_gate_state_proj=7.942678e-13, personal_gate_context_proj=0.000000e+00, personal_gate_state_direct=5.613547e-04, personal_gate_id_direct=1.766258e-10, personal_gate_context_direct=8.353288e-17, personal_gate_out=3.587089e-08, personal_generator_emb=4.288921e-21, personal_generator_context_proj=2.982568e-18, personal_generator_context_hidden=7.175630e-15, personal_generator_context_to_u=6.395151e-12, personal_generator_context_to_v=2.293327e-11, personal_generator_state_row=3.863165e-12, personal_generator_state_col=1.385346e-11, personal_generator_id_row=9.657884e-13, personal_generator_id_col=3.463356e-12, personal_generator_state_adapter=8.366472e-16, personal_generator_id_adapter=1.182685e-16, personal_generator_context_adapter=4.246706e-16, personal_generator_direct_scale=1.698375e-06
2026-04-15 05:16:21,074 - INFO - [junyi|junyi_abce_ae_dominant_full|lr=0.003|drop=0.40] -> New best AUC=0.7969 at epoch 1
2026-04-15 05:28:31,273 - INFO - [junyi|junyi_abce_ae_dominant_full|lr=0.003|drop=0.40] Epoch [002/100] | Train: Loss=0.5324, BCE=0.5181, Reg=0.0143, AUC=0.7894, ACC=0.7458, RMSE=0.4153 | Val: Loss=0.5261, BCE=0.5118, Reg=0.0143, AUC=0.7975, ACC=0.7534, RMSE=0.4119
2026-04-15 05:28:31,274 - INFO - [junyi|junyi_abce_ae_dominant_full|lr=0.003|drop=0.40] [Reg Terms] Epoch [002] | Train: graph_entropy=0.000000, graph_diag=0.006009, graph_uniform=0.006753, graph_reg_scale=1.0000, prediction_l2=0.000000, personal_sparse=0.000790, alpha_var=-0.000060, alpha_collapse=0.000802, reg_bce_ratio=0.0276 | Val: graph_entropy=0.000000, graph_diag=0.006000, graph_uniform=0.006753, graph_reg_scale=1.0000, prediction_l2=0.000000, personal_sparse=0.000791, alpha_var=-0.000051, alpha_collapse=0.000800, reg_bce_ratio=0.0279
2026-04-15 05:28:31,923 - INFO - [junyi|junyi_abce_ae_dominant_full|lr=0.003|drop=0.40] [Diag][AE] Epoch [002] | irt_abs_mean=1.5502, irt_std=0.9695, personal_warmup_scale=0.50, graph_row_entropy=3.2177, graph_entropy_ratio=0.4915, alpha_mean=0.1004, alpha_std=0.0411, alpha_bias_std=0.0000, alpha_state_path=0.7878, alpha_id_path=0.0000, alpha_bias_path=0.0000, head_bias_path=0.0870, personal_row_entropy=3.1650, personal_matrix_delta=0.0001, personal_matrix_student_std=0.0003, personal_delta_pre_softmax_norm=0.5679, personal_delta_student_std=0.1353, alpha_head_std=0.0411, personal_student_mix=0.0750, personal_student_adapter=0.0400, local_row_ratio=0.0690, support_density=0.0359, readout_query_delta=0.0523, personal_bad_rows=0.00, personal_fallback_rows=0.00, personal_logits_absmax=30.0000
2026-04-15 05:28:31,923 - INFO - [junyi|junyi_abce_ae_dominant_full|lr=0.003|drop=0.40] [Diag][A] Epoch [002] | entropy_ratio=0.4915, diag_mass=0.0500, to_uniform_l2=0.007448, to_identity_l2=0.036726, relation_identity_delta=0.036726, knowledge_state_graph_delta=0.250715, knowledge_state_personal_delta=0.000232, share_concept_embeddings=True, tau_mean=0.6931, tau_std=0.0000, graph_reg_scale(train/val)=1.0000/1.0000
2026-04-15 05:28:31,923 - INFO - [junyi|junyi_abce_ae_dominant_full|lr=0.003|drop=0.40] [Grad Norms] Epoch [002] | relation_emb=3.816742e-01, relation_tau=6.639487e-12, relation_wq=2.946496e-08, relation_wk=2.739199e-08, personal_u=5.394342e-03, personal_v=5.971812e-03, personal_alpha_bias=2.905110e-05, personal_gate_emb=1.120698e-09, personal_gate_state_proj=4.573175e-12, personal_gate_context_proj=1.523237e-15, personal_gate_state_direct=9.884717e-04, personal_gate_id_direct=9.809616e-10, personal_gate_context_direct=3.296395e-07, personal_gate_out=4.598041e-08, personal_generator_emb=2.609453e-18, personal_generator_context_proj=6.802896e-17, personal_generator_context_hidden=1.079455e-13, personal_generator_context_to_u=1.422871e-10, personal_generator_context_to_v=1.205236e-10, personal_generator_state_row=1.611817e-10, personal_generator_state_col=1.365282e-10, personal_generator_id_row=4.029541e-11, personal_generator_id_col=3.413205e-11, personal_generator_state_adapter=1.405896e-14, personal_generator_id_adapter=1.015490e-15, personal_generator_context_adapter=4.631726e-15, personal_generator_direct_scale=8.435561e-06
2026-04-15 05:28:32,677 - INFO - [junyi|junyi_abce_ae_dominant_full|lr=0.003|drop=0.40] -> New best AUC=0.7975 at epoch 2
2026-04-15 05:40:42,945 - INFO - [junyi|junyi_abce_ae_dominant_full|lr=0.003|drop=0.40] Epoch [003/100] | Train: Loss=0.5298, BCE=0.5154, Reg=0.0143, AUC=0.7922, ACC=0.7473, RMSE=0.4139 | Val: Loss=0.5184, BCE=0.5041, Reg=0.0143, AUC=0.7999, ACC=0.7606, RMSE=0.4074
2026-04-15 05:40:42,946 - INFO - [junyi|junyi_abce_ae_dominant_full|lr=0.003|drop=0.40] [Reg Terms] Epoch [003] | Train: graph_entropy=0.000000, graph_diag=0.006011, graph_uniform=0.006753, graph_reg_scale=1.0000, prediction_l2=0.000000, personal_sparse=0.001185, alpha_var=-0.000802, alpha_collapse=0.001200, reg_bce_ratio=0.0278 | Val: graph_entropy=0.000000, graph_diag=0.006000, graph_uniform=0.006753, graph_reg_scale=1.0000, prediction_l2=0.000000, personal_sparse=0.001185, alpha_var=-0.000820, alpha_collapse=0.001200, reg_bce_ratio=0.0284
2026-04-15 05:40:43,477 - INFO - [junyi|junyi_abce_ae_dominant_full|lr=0.003|drop=0.40] [Diag][AE] Epoch [003] | irt_abs_mean=1.4912, irt_std=1.0637, personal_warmup_scale=0.75, graph_row_entropy=3.2177, graph_entropy_ratio=0.4915, alpha_mean=0.1492, alpha_std=0.1344, alpha_bias_std=0.0000, alpha_state_path=2.8150, alpha_id_path=0.0000, alpha_bias_path=0.0000, head_bias_path=0.0928, personal_row_entropy=3.1610, personal_matrix_delta=0.0001, personal_matrix_student_std=0.0003, personal_delta_pre_softmax_norm=0.5603, personal_delta_student_std=0.2574, alpha_head_std=0.1344, personal_student_mix=0.0750, personal_student_adapter=0.0400, local_row_ratio=0.0691, support_density=0.0359, readout_query_delta=0.0522, personal_bad_rows=0.00, personal_fallback_rows=0.00, personal_logits_absmax=30.0000
2026-04-15 05:40:43,477 - INFO - [junyi|junyi_abce_ae_dominant_full|lr=0.003|drop=0.40] [Diag][A] Epoch [003] | entropy_ratio=0.4915, diag_mass=0.0500, to_uniform_l2=0.007448, to_identity_l2=0.036726, relation_identity_delta=0.036726, knowledge_state_graph_delta=0.241827, knowledge_state_personal_delta=0.000634, share_concept_embeddings=True, tau_mean=0.6931, tau_std=0.0000, graph_reg_scale(train/val)=1.0000/1.0000
2026-04-15 05:40:43,478 - INFO - [junyi|junyi_abce_ae_dominant_full|lr=0.003|drop=0.40] [Grad Norms] Epoch [003] | relation_emb=2.937416e-01, relation_tau=1.782296e-12, relation_wq=2.174458e-08, relation_wk=1.928592e-08, personal_u=6.774874e-03, personal_v=5.009783e-03, personal_alpha_bias=4.332225e-05, personal_gate_emb=3.708250e-10, personal_gate_state_proj=1.536854e-10, personal_gate_context_proj=3.529171e-14, personal_gate_state_direct=7.382779e-04, personal_gate_id_direct=3.495160e-10, personal_gate_context_direct=1.699155e-07, personal_gate_out=5.095818e-08, personal_generator_emb=1.325503e-16, personal_generator_context_proj=2.648049e-16, personal_generator_context_hidden=1.619376e-13, personal_generator_context_to_u=4.413413e-10, personal_generator_context_to_v=1.844201e-10, personal_generator_state_row=2.925876e-10, personal_generator_state_col=1.222615e-10, personal_generator_id_row=7.314690e-11, personal_generator_id_col=3.056537e-11, personal_generator_state_adapter=1.164809e-14, personal_generator_id_adapter=7.171875e-17, personal_generator_context_adapter=1.726289e-14, personal_generator_direct_scale=4.785996e-06
2026-04-15 05:40:44,075 - INFO - [junyi|junyi_abce_ae_dominant_full|lr=0.003|drop=0.40] -> New best AUC=0.7999 at epoch 3
2026-04-15 05:52:54,439 - INFO - [junyi|junyi_abce_ae_dominant_full|lr=0.003|drop=0.40] Epoch [004/100] | Train: Loss=0.5281, BCE=0.5144, Reg=0.0137, AUC=0.7934, ACC=0.7482, RMSE=0.4134 | Val: Loss=0.5149, BCE=0.5012, Reg=0.0137, AUC=0.8021, ACC=0.7570, RMSE=0.4072
2026-04-15 05:52:54,440 - INFO - [junyi|junyi_abce_ae_dominant_full|lr=0.003|drop=0.40] [Reg Terms] Epoch [004] | Train: graph_entropy=0.000000, graph_diag=0.006009, graph_uniform=0.006753, graph_reg_scale=1.0000, prediction_l2=0.000000, personal_sparse=0.001579, alpha_var=-0.002234, alpha_collapse=0.001600, reg_bce_ratio=0.0266 | Val: graph_entropy=0.000000, graph_diag=0.006000, graph_uniform=0.006753, graph_reg_scale=1.0000, prediction_l2=0.000000, personal_sparse=0.001578, alpha_var=-0.002244, alpha_collapse=0.001600, reg_bce_ratio=0.0273
2026-04-15 05:52:54,970 - INFO - [junyi|junyi_abce_ae_dominant_full|lr=0.003|drop=0.40] [Diag][AE] Epoch [004] | irt_abs_mean=1.4381, irt_std=0.8651, personal_warmup_scale=1.00, graph_row_entropy=3.2177, graph_entropy_ratio=0.4915, alpha_mean=0.2002, alpha_std=0.1926, alpha_bias_std=0.0000, alpha_state_path=3.8820, alpha_id_path=0.0000, alpha_bias_path=0.0000, head_bias_path=0.0900, personal_row_entropy=3.1565, personal_matrix_delta=0.0001, personal_matrix_student_std=0.0003, personal_delta_pre_softmax_norm=0.5780, personal_delta_student_std=0.2374, alpha_head_std=0.1926, personal_student_mix=0.0751, personal_student_adapter=0.0400, local_row_ratio=0.0681, support_density=0.0359, readout_query_delta=0.0594, personal_bad_rows=0.00, personal_fallback_rows=0.00, personal_logits_absmax=30.0000
2026-04-15 05:52:54,971 - INFO - [junyi|junyi_abce_ae_dominant_full|lr=0.003|drop=0.40] [Diag][A] Epoch [004] | entropy_ratio=0.4915, diag_mass=0.0500, to_uniform_l2=0.007448, to_identity_l2=0.036726, relation_identity_delta=0.036726, knowledge_state_graph_delta=0.251126, knowledge_state_personal_delta=0.000722, share_concept_embeddings=True, tau_mean=0.6931, tau_std=0.0000, graph_reg_scale(train/val)=1.0000/1.0000
2026-04-15 05:52:54,971 - INFO - [junyi|junyi_abce_ae_dominant_full|lr=0.003|drop=0.40] [Grad Norms] Epoch [004] | relation_emb=3.945315e-01, relation_tau=1.122594e-11, relation_wq=2.335130e-08, relation_wk=2.089418e-08, personal_u=4.059821e-03, personal_v=4.172716e-03, personal_alpha_bias=5.767768e-05, personal_gate_emb=5.085293e-10, personal_gate_state_proj=2.268184e-10, personal_gate_context_proj=4.446583e-14, personal_gate_state_direct=9.792772e-04, personal_gate_id_direct=4.214432e-10, personal_gate_context_direct=1.923260e-07, personal_gate_out=6.100426e-08, personal_generator_emb=1.327937e-15, personal_generator_context_proj=8.183167e-16, personal_generator_context_hidden=3.325867e-13, personal_generator_context_to_u=8.676898e-10, personal_generator_context_to_v=7.871974e-10, personal_generator_state_row=6.068397e-10, personal_generator_state_col=5.505457e-10, personal_generator_id_row=1.517097e-10, personal_generator_id_col=1.376361e-10, personal_generator_state_adapter=1.117957e-14, personal_generator_id_adapter=1.228834e-14, personal_generator_context_adapter=8.401538e-15, personal_generator_direct_scale=2.808582e-05
2026-04-15 05:52:55,647 - INFO - [junyi|junyi_abce_ae_dominant_full|lr=0.003|drop=0.40] -> New best AUC=0.8021 at epoch 4
2026-04-15 06:05:06,453 - INFO - [junyi|junyi_abce_ae_dominant_full|lr=0.003|drop=0.40] Epoch [005/100] | Train: Loss=0.5275, BCE=0.5138, Reg=0.0137, AUC=0.7938, ACC=0.7492, RMSE=0.4130 | Val: Loss=0.5288, BCE=0.5151, Reg=0.0137, AUC=0.8009, ACC=0.7513, RMSE=0.4130
2026-04-15 06:05:06,454 - INFO - [junyi|junyi_abce_ae_dominant_full|lr=0.003|drop=0.40] [Reg Terms] Epoch [005] | Train: graph_entropy=0.000000, graph_diag=0.006009, graph_uniform=0.006753, graph_reg_scale=1.0000, prediction_l2=0.000000, personal_sparse=0.001580, alpha_var=-0.002233, alpha_collapse=0.001600, reg_bce_ratio=0.0267 | Val: graph_entropy=0.000000, graph_diag=0.006000, graph_uniform=0.006753, graph_reg_scale=1.0000, prediction_l2=0.000000, personal_sparse=0.001580, alpha_var=-0.002239, alpha_collapse=0.001600, reg_bce_ratio=0.0266
2026-04-15 06:05:07,024 - INFO - [junyi|junyi_abce_ae_dominant_full|lr=0.003|drop=0.40] [Diag][AE] Epoch [005] | irt_abs_mean=1.6550, irt_std=1.1730, personal_warmup_scale=1.00, graph_row_entropy=3.2177, graph_entropy_ratio=0.4915, alpha_mean=0.2012, alpha_std=0.1924, alpha_bias_std=0.0000, alpha_state_path=3.8649, alpha_id_path=0.0000, alpha_bias_path=0.0000, head_bias_path=0.0919, personal_row_entropy=3.1613, personal_matrix_delta=0.0001, personal_matrix_student_std=0.0003, personal_delta_pre_softmax_norm=0.5442, personal_delta_student_std=0.2565, alpha_head_std=0.1924, personal_student_mix=0.0754, personal_student_adapter=0.0400, local_row_ratio=0.0609, support_density=0.0359, readout_query_delta=0.0454, personal_bad_rows=0.00, personal_fallback_rows=0.00, personal_logits_absmax=30.0000
2026-04-15 06:05:07,024 - INFO - [junyi|junyi_abce_ae_dominant_full|lr=0.003|drop=0.40] [Diag][A] Epoch [005] | entropy_ratio=0.4915, diag_mass=0.0500, to_uniform_l2=0.007448, to_identity_l2=0.036726, relation_identity_delta=0.036726, knowledge_state_graph_delta=0.246822, knowledge_state_personal_delta=0.000681, share_concept_embeddings=True, tau_mean=0.6931, tau_std=0.0000, graph_reg_scale(train/val)=1.0000/1.0000
2026-04-15 06:05:07,024 - INFO - [junyi|junyi_abce_ae_dominant_full|lr=0.003|drop=0.40] [Grad Norms] Epoch [005] | relation_emb=3.049274e-01, relation_tau=4.417272e-12, relation_wq=3.285818e-08, relation_wk=2.667282e-08, personal_u=7.845696e-03, personal_v=7.669059e-03, personal_alpha_bias=5.771908e-05, personal_gate_emb=4.072203e-10, personal_gate_state_proj=1.291348e-10, personal_gate_context_proj=5.343947e-14, personal_gate_state_direct=9.255680e-04, personal_gate_id_direct=3.725840e-10, personal_gate_context_direct=3.784622e-07, personal_gate_out=3.913480e-08, personal_generator_emb=9.033259e-12, personal_generator_context_proj=9.173529e-16, personal_generator_context_hidden=2.762093e-13, personal_generator_context_to_u=5.676261e-10, personal_generator_context_to_v=6.963868e-10, personal_generator_state_row=5.036826e-10, personal_generator_state_col=6.175756e-10, personal_generator_id_row=1.277858e-10, personal_generator_id_col=1.565983e-10, personal_generator_state_adapter=4.857205e-14, personal_generator_id_adapter=9.852575e-15, personal_generator_context_adapter=5.855035e-14, personal_generator_direct_scale=1.978752e-05
2026-04-15 06:05:07,025 - INFO - [junyi|junyi_abce_ae_dominant_full|lr=0.003|drop=0.40] -> No improvement 1 epoch(s) (best AUC=0.8021 @ 4)
2026-04-15 06:17:17,365 - INFO - [junyi|junyi_abce_ae_dominant_full|lr=0.003|drop=0.40] Epoch [006/100] | Train: Loss=0.5281, BCE=0.5144, Reg=0.0137, AUC=0.7934, ACC=0.7491, RMSE=0.4134 | Val: Loss=0.5154, BCE=0.5017, Reg=0.0137, AUC=0.8008, ACC=0.7593, RMSE=0.4072
2026-04-15 06:17:17,366 - INFO - [junyi|junyi_abce_ae_dominant_full|lr=0.003|drop=0.40] [Reg Terms] Epoch [006] | Train: graph_entropy=0.000000, graph_diag=0.006009, graph_uniform=0.006753, graph_reg_scale=1.0000, prediction_l2=0.000000, personal_sparse=0.001579, alpha_var=-0.002235, alpha_collapse=0.001600, reg_bce_ratio=0.0266 | Val: graph_entropy=0.000000, graph_diag=0.006000, graph_uniform=0.006753, graph_reg_scale=1.0000, prediction_l2=0.000000, personal_sparse=0.001579, alpha_var=-0.002222, alpha_collapse=0.001600, reg_bce_ratio=0.0273
2026-04-15 06:17:18,000 - INFO - [junyi|junyi_abce_ae_dominant_full|lr=0.003|drop=0.40] [Diag][AE] Epoch [006] | irt_abs_mean=1.5193, irt_std=0.8823, personal_warmup_scale=1.00, graph_row_entropy=3.2177, graph_entropy_ratio=0.4915, alpha_mean=0.1994, alpha_std=0.1917, alpha_bias_std=0.0000, alpha_state_path=3.7664, alpha_id_path=0.0000, alpha_bias_path=0.0000, head_bias_path=0.0867, personal_row_entropy=3.1571, personal_matrix_delta=0.0001, personal_matrix_student_std=0.0003, personal_delta_pre_softmax_norm=0.5559, personal_delta_student_std=0.2816, alpha_head_std=0.1917, personal_student_mix=0.0749, personal_student_adapter=0.0400, local_row_ratio=0.0689, support_density=0.0359, readout_query_delta=0.0571, personal_bad_rows=0.00, personal_fallback_rows=0.00, personal_logits_absmax=30.0000
2026-04-15 06:17:18,000 - INFO - [junyi|junyi_abce_ae_dominant_full|lr=0.003|drop=0.40] [Diag][A] Epoch [006] | entropy_ratio=0.4915, diag_mass=0.0500, to_uniform_l2=0.007448, to_identity_l2=0.036726, relation_identity_delta=0.036726, knowledge_state_graph_delta=0.242368, knowledge_state_personal_delta=0.000570, share_concept_embeddings=True, tau_mean=0.6932, tau_std=0.0000, graph_reg_scale(train/val)=1.0000/1.0000
2026-04-15 06:17:18,000 - INFO - [junyi|junyi_abce_ae_dominant_full|lr=0.003|drop=0.40] [Grad Norms] Epoch [006] | relation_emb=2.784374e-01, relation_tau=1.260505e-11, relation_wq=1.756410e-08, relation_wk=1.812898e-08, personal_u=2.895163e-03, personal_v=4.444115e-03, personal_alpha_bias=5.773718e-05, personal_gate_emb=2.100984e-10, personal_gate_state_proj=1.226788e-10, personal_gate_context_proj=5.684493e-14, personal_gate_state_direct=5.793590e-04, personal_gate_id_direct=3.029472e-10, personal_gate_context_direct=2.720705e-07, personal_gate_out=3.187753e-08, personal_generator_emb=1.908385e-12, personal_generator_context_proj=4.743619e-16, personal_generator_context_hidden=1.290621e-13, personal_generator_context_to_u=1.415269e-10, personal_generator_context_to_v=1.809790e-10, personal_generator_state_row=1.970545e-10, personal_generator_state_col=2.517642e-10, personal_generator_id_row=4.928983e-11, personal_generator_id_col=6.299069e-11, personal_generator_state_adapter=4.359988e-15, personal_generator_id_adapter=3.198595e-16, personal_generator_context_adapter=1.154896e-14, personal_generator_direct_scale=2.637896e-05
2026-04-15 06:17:18,000 - INFO - [junyi|junyi_abce_ae_dominant_full|lr=0.003|drop=0.40] -> No improvement 2 epoch(s) (best AUC=0.8021 @ 4)
2026-04-15 06:29:28,299 - INFO - [junyi|junyi_abce_ae_dominant_full|lr=0.003|drop=0.40] Epoch [007/100] | Train: Loss=0.5154, BCE=0.5017, Reg=0.0137, AUC=0.8057, ACC=0.7586, RMSE=0.4070 | Val: Loss=0.5058, BCE=0.4922, Reg=0.0137, AUC=0.8130, ACC=0.7707, RMSE=0.4017
2026-04-15 06:29:28,299 - INFO - [junyi|junyi_abce_ae_dominant_full|lr=0.003|drop=0.40] [Reg Terms] Epoch [007] | Train: graph_entropy=0.000000, graph_diag=0.006003, graph_uniform=0.006753, graph_reg_scale=1.0000, prediction_l2=0.000000, personal_sparse=0.001581, alpha_var=-0.002234, alpha_collapse=0.001600, reg_bce_ratio=0.0273 | Val: graph_entropy=0.000000, graph_diag=0.006000, graph_uniform=0.006753, graph_reg_scale=1.0000, prediction_l2=0.000000, personal_sparse=0.001576, alpha_var=-0.002250, alpha_collapse=0.001600, reg_bce_ratio=0.0278
2026-04-15 06:29:28,845 - INFO - [junyi|junyi_abce_ae_dominant_full|lr=0.003|drop=0.40] [Diag][AE] Epoch [007] | irt_abs_mean=1.9098, irt_std=0.9151, personal_warmup_scale=1.00, graph_row_entropy=3.2177, graph_entropy_ratio=0.4915, alpha_mean=0.2004, alpha_std=0.1929, alpha_bias_std=0.0000, alpha_state_path=3.9190, alpha_id_path=0.0000, alpha_bias_path=0.0000, head_bias_path=0.0903, personal_row_entropy=3.1517, personal_matrix_delta=0.0001, personal_matrix_student_std=0.0003, personal_delta_pre_softmax_norm=0.5615, personal_delta_student_std=0.2085, alpha_head_std=0.1929, personal_student_mix=0.0753, personal_student_adapter=0.0400, local_row_ratio=0.0690, support_density=0.0359, readout_query_delta=0.0554, personal_bad_rows=0.00, personal_fallback_rows=0.00, personal_logits_absmax=30.0000
2026-04-15 06:29:28,845 - INFO - [junyi|junyi_abce_ae_dominant_full|lr=0.003|drop=0.40] [Diag][A] Epoch [007] | entropy_ratio=0.4915, diag_mass=0.0500, to_uniform_l2=0.007448, to_identity_l2=0.036726, relation_identity_delta=0.036726, knowledge_state_graph_delta=0.265464, knowledge_state_personal_delta=0.000849, share_concept_embeddings=True, tau_mean=0.6931, tau_std=0.0000, graph_reg_scale(train/val)=1.0000/1.0000
2026-04-15 06:29:28,845 - INFO - [junyi|junyi_abce_ae_dominant_full|lr=0.003|drop=0.40] [Grad Norms] Epoch [007] | relation_emb=3.933001e-01, relation_tau=2.905506e-12, relation_wq=9.180753e-09, relation_wk=7.896791e-09, personal_u=1.354002e-02, personal_v=1.808104e-02, personal_alpha_bias=5.770419e-05, personal_gate_emb=1.426371e-10, personal_gate_state_proj=2.725643e-11, personal_gate_context_proj=3.556390e-15, personal_gate_state_direct=8.587398e-04, personal_gate_id_direct=1.407219e-10, personal_gate_context_direct=1.120758e-07, personal_gate_out=1.783575e-08, personal_generator_emb=2.592120e-13, personal_generator_context_proj=5.547850e-17, personal_generator_context_hidden=5.193535e-14, personal_generator_context_to_u=2.437737e-10, personal_generator_context_to_v=2.170703e-10, personal_generator_state_row=2.440143e-10, personal_generator_state_col=2.173078e-10, personal_generator_id_row=6.097019e-11, personal_generator_id_col=5.428850e-11, personal_generator_state_adapter=4.606914e-15, personal_generator_id_adapter=9.389660e-16, personal_generator_context_adapter=7.725957e-17, personal_generator_direct_scale=3.368112e-05
2026-04-15 06:29:29,526 - INFO - [junyi|junyi_abce_ae_dominant_full|lr=0.003|drop=0.40] -> New best AUC=0.8130 at epoch 7
2026-04-15 06:41:40,360 - INFO - [junyi|junyi_abce_ae_dominant_full|lr=0.003|drop=0.40] Epoch [008/100] | Train: Loss=0.5130, BCE=0.4993, Reg=0.0137, AUC=0.8079, ACC=0.7599, RMSE=0.4058 | Val: Loss=0.5379, BCE=0.5242, Reg=0.0137, AUC=0.8083, ACC=0.7665, RMSE=0.4103
2026-04-15 06:41:40,360 - INFO - [junyi|junyi_abce_ae_dominant_full|lr=0.003|drop=0.40] [Reg Terms] Epoch [008] | Train: graph_entropy=0.000000, graph_diag=0.006004, graph_uniform=0.006753, graph_reg_scale=1.0000, prediction_l2=0.000000, personal_sparse=0.001579, alpha_var=-0.002234, alpha_collapse=0.001600, reg_bce_ratio=0.0274 | Val: graph_entropy=0.000000, graph_diag=0.006000, graph_uniform=0.006753, graph_reg_scale=1.0000, prediction_l2=0.000000, personal_sparse=0.001600, alpha_var=-0.002237, alpha_collapse=0.001600, reg_bce_ratio=0.0262
2026-04-15 06:41:40,894 - INFO - [junyi|junyi_abce_ae_dominant_full|lr=0.003|drop=0.40] [Diag][AE] Epoch [008] | irt_abs_mean=2.2076, irt_std=1.2503, personal_warmup_scale=1.00, graph_row_entropy=3.2177, graph_entropy_ratio=0.4915, alpha_mean=0.2002, alpha_std=0.1923, alpha_bias_std=0.0000, alpha_state_path=3.8436, alpha_id_path=0.0000, alpha_bias_path=0.0000, head_bias_path=0.0898, personal_row_entropy=3.1943, personal_matrix_delta=0.0000, personal_matrix_student_std=0.0001, personal_delta_pre_softmax_norm=0.5607, personal_delta_student_std=0.3291, alpha_head_std=0.1923, personal_student_mix=0.0750, personal_student_adapter=0.0400, local_row_ratio=0.0577, support_density=0.0359, readout_query_delta=0.0454, personal_bad_rows=0.00, personal_fallback_rows=0.00, personal_logits_absmax=30.0000
2026-04-15 06:41:40,894 - INFO - [junyi|junyi_abce_ae_dominant_full|lr=0.003|drop=0.40] [Diag][A] Epoch [008] | entropy_ratio=0.4915, diag_mass=0.0500, to_uniform_l2=0.007448, to_identity_l2=0.036726, relation_identity_delta=0.036726, knowledge_state_graph_delta=0.271998, knowledge_state_personal_delta=0.000465, share_concept_embeddings=True, tau_mean=0.6931, tau_std=0.0000, graph_reg_scale(train/val)=1.0000/1.0000
2026-04-15 06:41:40,894 - INFO - [junyi|junyi_abce_ae_dominant_full|lr=0.003|drop=0.40] [Grad Norms] Epoch [008] | relation_emb=4.309910e-01, relation_tau=6.299536e-12, relation_wq=1.355566e-08, relation_wk=7.642258e-09, personal_u=9.839251e-03, personal_v=8.639961e-03, personal_alpha_bias=5.768326e-05, personal_gate_emb=1.288401e-10, personal_gate_state_proj=2.890565e-11, personal_gate_context_proj=4.809876e-15, personal_gate_state_direct=7.971260e-04, personal_gate_id_direct=1.118385e-10, personal_gate_context_direct=1.337286e-07, personal_gate_out=2.271963e-08, personal_generator_emb=3.790875e-13, personal_generator_context_proj=3.138233e-17, personal_generator_context_hidden=2.752744e-14, personal_generator_context_to_u=1.628697e-10, personal_generator_context_to_v=9.576382e-11, personal_generator_state_row=1.325887e-10, personal_generator_state_col=7.793986e-11, personal_generator_id_row=3.317484e-11, personal_generator_id_col=1.949630e-11, personal_generator_state_adapter=1.767456e-15, personal_generator_id_adapter=1.346010e-15, personal_generator_context_adapter=1.509904e-15, personal_generator_direct_scale=4.058773e-05
2026-04-15 06:41:40,894 - INFO - [junyi|junyi_abce_ae_dominant_full|lr=0.003|drop=0.40] -> No improvement 1 epoch(s) (best AUC=0.8130 @ 7)
2026-04-15 06:53:52,150 - INFO - [junyi|junyi_abce_ae_dominant_full|lr=0.003|drop=0.40] Epoch [009/100] | Train: Loss=0.5119, BCE=0.4982, Reg=0.0137, AUC=0.8088, ACC=0.7608, RMSE=0.4053 | Val: Loss=0.5018, BCE=0.4881, Reg=0.0137, AUC=0.8140, ACC=0.7705, RMSE=0.3997
2026-04-15 06:53:52,150 - INFO - [junyi|junyi_abce_ae_dominant_full|lr=0.003|drop=0.40] [Reg Terms] Epoch [009] | Train: graph_entropy=0.000000, graph_diag=0.006004, graph_uniform=0.006753, graph_reg_scale=1.0000, prediction_l2=0.000000, personal_sparse=0.001579, alpha_var=-0.002235, alpha_collapse=0.001600, reg_bce_ratio=0.0275 | Val: graph_entropy=0.000000, graph_diag=0.006000, graph_uniform=0.006753, graph_reg_scale=1.0000, prediction_l2=0.000000, personal_sparse=0.001583, alpha_var=-0.002248, alpha_collapse=0.001600, reg_bce_ratio=0.0280
2026-04-15 06:53:52,801 - INFO - [junyi|junyi_abce_ae_dominant_full|lr=0.003|drop=0.40] [Diag][AE] Epoch [009] | irt_abs_mean=1.6789, irt_std=0.9379, personal_warmup_scale=1.00, graph_row_entropy=3.2177, graph_entropy_ratio=0.4915, alpha_mean=0.2001, alpha_std=0.1928, alpha_bias_std=0.0000, alpha_state_path=3.9093, alpha_id_path=0.0000, alpha_bias_path=0.0000, head_bias_path=0.0896, personal_row_entropy=3.1678, personal_matrix_delta=0.0001, personal_matrix_student_std=0.0003, personal_delta_pre_softmax_norm=0.5524, personal_delta_student_std=0.3319, alpha_head_std=0.1928, personal_student_mix=0.0749, personal_student_adapter=0.0400, local_row_ratio=0.0682, support_density=0.0359, readout_query_delta=0.0626, personal_bad_rows=0.00, personal_fallback_rows=0.00, personal_logits_absmax=30.0000
2026-04-15 06:53:52,801 - INFO - [junyi|junyi_abce_ae_dominant_full|lr=0.003|drop=0.40] [Diag][A] Epoch [009] | entropy_ratio=0.4915, diag_mass=0.0500, to_uniform_l2=0.007448, to_identity_l2=0.036726, relation_identity_delta=0.036726, knowledge_state_graph_delta=0.263493, knowledge_state_personal_delta=0.001263, share_concept_embeddings=True, tau_mean=0.6931, tau_std=0.0000, graph_reg_scale(train/val)=1.0000/1.0000
2026-04-15 06:53:52,801 - INFO - [junyi|junyi_abce_ae_dominant_full|lr=0.003|drop=0.40] [Grad Norms] Epoch [009] | relation_emb=4.495601e-01, relation_tau=7.795140e-12, relation_wq=6.818284e-09, relation_wk=6.063118e-09, personal_u=1.287238e-02, personal_v=4.816980e-03, personal_alpha_bias=5.776625e-05, personal_gate_emb=1.125715e-10, personal_gate_state_proj=4.495497e-11, personal_gate_context_proj=6.069538e-15, personal_gate_state_direct=8.575889e-04, personal_gate_id_direct=1.152167e-10, personal_gate_context_direct=1.158069e-07, personal_gate_out=3.223474e-08, personal_generator_emb=7.088953e-13, personal_generator_context_proj=4.263482e-17, personal_generator_context_hidden=3.514364e-14, personal_generator_context_to_u=2.685467e-10, personal_generator_context_to_v=1.506162e-10, personal_generator_state_row=2.462232e-10, personal_generator_state_col=1.380902e-10, personal_generator_id_row=6.139330e-11, personal_generator_id_col=3.442611e-11, personal_generator_state_adapter=1.199881e-14, personal_generator_id_adapter=2.123596e-15, personal_generator_context_adapter=9.187133e-16, personal_generator_direct_scale=3.649719e-05
2026-04-15 06:53:53,341 - INFO - [junyi|junyi_abce_ae_dominant_full|lr=0.003|drop=0.40] -> New best AUC=0.8140 at epoch 9
2026-04-15 07:06:04,418 - INFO - [junyi|junyi_abce_ae_dominant_full|lr=0.003|drop=0.40] Epoch [010/100] | Train: Loss=0.5114, BCE=0.4977, Reg=0.0137, AUC=0.8093, ACC=0.7602, RMSE=0.4051 | Val: Loss=0.5009, BCE=0.4872, Reg=0.0137, AUC=0.8138, ACC=0.7675, RMSE=0.3999
2026-04-15 07:06:04,418 - INFO - [junyi|junyi_abce_ae_dominant_full|lr=0.003|drop=0.40] [Reg Terms] Epoch [010] | Train: graph_entropy=0.000000, graph_diag=0.006004, graph_uniform=0.006753, graph_reg_scale=1.0000, prediction_l2=0.000000, personal_sparse=0.001580, alpha_var=-0.002235, alpha_collapse=0.001600, reg_bce_ratio=0.0275 | Val: graph_entropy=0.000000, graph_diag=0.006000, graph_uniform=0.006753, graph_reg_scale=1.0000, prediction_l2=0.000000, personal_sparse=0.001582, alpha_var=-0.002244, alpha_collapse=0.001600, reg_bce_ratio=0.0281
2026-04-15 07:06:04,939 - INFO - [junyi|junyi_abce_ae_dominant_full|lr=0.003|drop=0.40] [Diag][AE] Epoch [010] | irt_abs_mean=1.5120, irt_std=0.8508, personal_warmup_scale=1.00, graph_row_entropy=3.2177, graph_entropy_ratio=0.4915, alpha_mean=0.1999, alpha_std=0.1926, alpha_bias_std=0.0000, alpha_state_path=3.8757, alpha_id_path=0.0000, alpha_bias_path=0.0000, head_bias_path=0.0907, personal_row_entropy=3.1641, personal_matrix_delta=0.0001, personal_matrix_student_std=0.0003, personal_delta_pre_softmax_norm=0.5530, personal_delta_student_std=0.2397, alpha_head_std=0.1926, personal_student_mix=0.0755, personal_student_adapter=0.0400, local_row_ratio=0.0684, support_density=0.0359, readout_query_delta=0.0577, personal_bad_rows=0.00, personal_fallback_rows=0.00, personal_logits_absmax=30.0000
2026-04-15 07:06:04,939 - INFO - [junyi|junyi_abce_ae_dominant_full|lr=0.003|drop=0.40] [Diag][A] Epoch [010] | entropy_ratio=0.4915, diag_mass=0.0500, to_uniform_l2=0.007448, to_identity_l2=0.036726, relation_identity_delta=0.036726, knowledge_state_graph_delta=0.266975, knowledge_state_personal_delta=0.001375, share_concept_embeddings=True, tau_mean=0.6931, tau_std=0.0000, graph_reg_scale(train/val)=1.0000/1.0000
2026-04-15 07:06:04,939 - INFO - [junyi|junyi_abce_ae_dominant_full|lr=0.003|drop=0.40] [Grad Norms] Epoch [010] | relation_emb=4.382598e-01, relation_tau=2.690895e-12, relation_wq=7.884425e-09, relation_wk=7.946035e-09, personal_u=1.613927e-02, personal_v=1.997816e-02, personal_alpha_bias=5.777155e-05, personal_gate_emb=1.019915e-10, personal_gate_state_proj=2.904074e-11, personal_gate_context_proj=3.759444e-15, personal_gate_state_direct=7.321842e-04, personal_gate_id_direct=9.104249e-11, personal_gate_context_direct=9.489037e-08, personal_gate_out=1.802929e-08, personal_generator_emb=7.490098e-13, personal_generator_context_proj=4.393234e-17, personal_generator_context_hidden=8.338915e-14, personal_generator_context_to_u=2.042006e-10, personal_generator_context_to_v=2.438934e-10, personal_generator_state_row=2.476769e-10, personal_generator_state_col=2.958119e-10, personal_generator_id_row=6.190580e-11, personal_generator_id_col=7.392196e-11, personal_generator_state_adapter=5.620045e-15, personal_generator_id_adapter=2.639992e-16, personal_generator_context_adapter=5.202789e-15, personal_generator_direct_scale=4.262817e-05
2026-04-15 07:06:04,939 - INFO - [junyi|junyi_abce_ae_dominant_full|lr=0.003|drop=0.40] -> No improvement 1 epoch(s) (best AUC=0.8140 @ 9)
2026-04-15 07:06:05,027 - INFO - [junyi|junyi_abce_ae_dominant_full|lr=0.003|drop=0.40] Checkpoint saved: checkpoints/abce_diag/remote_ae_cleanrerun3_20260415_358089f/junyi/seed42/ae_dominant_full/checkpoint_epoch_10.pth
2026-04-15 07:06:05,470 - INFO - [junyi|junyi_abce_ae_dominant_full|lr=0.003|drop=0.40] [Module Activity] Epoch 10: Graph[OK] Personal[X]
2026-04-15 07:18:16,903 - INFO - [junyi|junyi_abce_ae_dominant_full|lr=0.003|drop=0.40] Epoch [011/100] | Train: Loss=0.5123, BCE=0.4986, Reg=0.0137, AUC=0.8084, ACC=0.7603, RMSE=0.4055 | Val: Loss=0.5012, BCE=0.4875, Reg=0.0137, AUC=0.8140, ACC=0.7693, RMSE=0.4000
2026-04-15 07:18:16,903 - INFO - [junyi|junyi_abce_ae_dominant_full|lr=0.003|drop=0.40] [Reg Terms] Epoch [011] | Train: graph_entropy=0.000000, graph_diag=0.006004, graph_uniform=0.006753, graph_reg_scale=1.0000, prediction_l2=0.000000, personal_sparse=0.001579, alpha_var=-0.002234, alpha_collapse=0.001600, reg_bce_ratio=0.0275 | Val: graph_entropy=0.000000, graph_diag=0.006000, graph_uniform=0.006753, graph_reg_scale=1.0000, prediction_l2=0.000000, personal_sparse=0.001573, alpha_var=-0.002246, alpha_collapse=0.001600, reg_bce_ratio=0.0281
2026-04-15 07:18:17,428 - INFO - [junyi|junyi_abce_ae_dominant_full|lr=0.003|drop=0.40] [Diag][AE] Epoch [011] | irt_abs_mean=1.5576, irt_std=0.8621, personal_warmup_scale=1.00, graph_row_entropy=3.2177, graph_entropy_ratio=0.4915, alpha_mean=0.2002, alpha_std=0.1927, alpha_bias_std=0.0000, alpha_state_path=3.8883, alpha_id_path=0.0000, alpha_bias_path=0.0000, head_bias_path=0.0948, personal_row_entropy=3.1467, personal_matrix_delta=0.0001, personal_matrix_student_std=0.0003, personal_delta_pre_softmax_norm=0.5677, personal_delta_student_std=0.3073, alpha_head_std=0.1927, personal_student_mix=0.0752, personal_student_adapter=0.0400, local_row_ratio=0.0679, support_density=0.0359, readout_query_delta=0.0612, personal_bad_rows=0.00, personal_fallback_rows=0.00, personal_logits_absmax=30.0000
2026-04-15 07:18:17,428 - INFO - [junyi|junyi_abce_ae_dominant_full|lr=0.003|drop=0.40] [Diag][A] Epoch [011] | entropy_ratio=0.4915, diag_mass=0.0500, to_uniform_l2=0.007448, to_identity_l2=0.036726, relation_identity_delta=0.036726, knowledge_state_graph_delta=0.256961, knowledge_state_personal_delta=0.000824, share_concept_embeddings=True, tau_mean=0.6931, tau_std=0.0000, graph_reg_scale(train/val)=1.0000/1.0000
2026-04-15 07:18:17,428 - INFO - [junyi|junyi_abce_ae_dominant_full|lr=0.003|drop=0.40] [Grad Norms] Epoch [011] | relation_emb=4.348353e-01, relation_tau=2.739323e-12, relation_wq=7.164689e-09, relation_wk=8.361324e-09, personal_u=1.490139e-02, personal_v=3.134887e-02, personal_alpha_bias=5.770847e-05, personal_gate_emb=1.220221e-10, personal_gate_state_proj=5.166237e-11, personal_gate_context_proj=9.892190e-15, personal_gate_state_direct=9.698895e-04, personal_gate_id_direct=1.235824e-10, personal_gate_context_direct=1.869076e-07, personal_gate_out=2.976634e-08, personal_generator_emb=9.223206e-13, personal_generator_context_proj=6.767139e-17, personal_generator_context_hidden=7.702890e-14, personal_generator_context_to_u=3.529404e-10, personal_generator_context_to_v=2.059049e-10, personal_generator_state_row=3.698108e-10, personal_generator_state_col=2.157588e-10, personal_generator_id_row=9.256175e-11, personal_generator_id_col=5.400311e-11, personal_generator_state_adapter=5.993993e-15, personal_generator_id_adapter=1.271076e-15, personal_generator_context_adapter=3.543818e-15, personal_generator_direct_scale=1.467668e-05
2026-04-15 07:18:17,428 - INFO - [junyi|junyi_abce_ae_dominant_full|lr=0.003|drop=0.40] -> No improvement 2 epoch(s) (best AUC=0.8140 @ 9)
2026-04-15 07:30:27,993 - INFO - [junyi|junyi_abce_ae_dominant_full|lr=0.003|drop=0.40] Epoch [012/100] | Train: Loss=0.5008, BCE=0.4871, Reg=0.0137, AUC=0.8188, ACC=0.7681, RMSE=0.3998 | Val: Loss=0.4965, BCE=0.4828, Reg=0.0137, AUC=0.8202, ACC=0.7764, RMSE=0.3970
2026-04-15 07:30:27,993 - INFO - [junyi|junyi_abce_ae_dominant_full|lr=0.003|drop=0.40] [Reg Terms] Epoch [012] | Train: graph_entropy=0.000000, graph_diag=0.006001, graph_uniform=0.006753, graph_reg_scale=1.0000, prediction_l2=0.000000, personal_sparse=0.001583, alpha_var=-0.002237, alpha_collapse=0.001600, reg_bce_ratio=0.0281 | Val: graph_entropy=0.000000, graph_diag=0.006000, graph_uniform=0.006753, graph_reg_scale=1.0000, prediction_l2=0.000000, personal_sparse=0.001575, alpha_var=-0.002242, alpha_collapse=0.001600, reg_bce_ratio=0.0283
2026-04-15 07:30:28,531 - INFO - [junyi|junyi_abce_ae_dominant_full|lr=0.003|drop=0.40] [Diag][AE] Epoch [012] | irt_abs_mean=1.7901, irt_std=0.9453, personal_warmup_scale=1.00, graph_row_entropy=3.2177, graph_entropy_ratio=0.4915, alpha_mean=0.2007, alpha_std=0.1925, alpha_bias_std=0.0000, alpha_state_path=3.8768, alpha_id_path=0.0000, alpha_bias_path=0.0000, head_bias_path=0.0894, personal_row_entropy=3.1504, personal_matrix_delta=0.0001, personal_matrix_student_std=0.0003, personal_delta_pre_softmax_norm=0.5710, personal_delta_student_std=0.1858, alpha_head_std=0.1925, personal_student_mix=0.0753, personal_student_adapter=0.0400, local_row_ratio=0.0681, support_density=0.0359, readout_query_delta=0.0637, personal_bad_rows=0.00, personal_fallback_rows=0.00, personal_logits_absmax=30.0000
2026-04-15 07:30:28,532 - INFO - [junyi|junyi_abce_ae_dominant_full|lr=0.003|drop=0.40] [Diag][A] Epoch [012] | entropy_ratio=0.4915, diag_mass=0.0500, to_uniform_l2=0.007448, to_identity_l2=0.036726, relation_identity_delta=0.036726, knowledge_state_graph_delta=0.284380, knowledge_state_personal_delta=0.001007, share_concept_embeddings=True, tau_mean=0.6931, tau_std=0.0000, graph_reg_scale(train/val)=1.0000/1.0000
2026-04-15 07:30:28,532 - INFO - [junyi|junyi_abce_ae_dominant_full|lr=0.003|drop=0.40] [Grad Norms] Epoch [012] | relation_emb=5.649108e-01, relation_tau=1.035754e-12, relation_wq=3.095772e-09, relation_wk=2.324878e-09, personal_u=1.846652e-02, personal_v=1.197810e-02, personal_alpha_bias=5.776893e-05, personal_gate_emb=5.266906e-11, personal_gate_state_proj=4.157969e-12, personal_gate_context_proj=2.233549e-16, personal_gate_state_direct=8.122281e-04, personal_gate_id_direct=5.243657e-11, personal_gate_context_direct=4.381439e-08, personal_gate_out=9.798854e-09, personal_generator_emb=5.409582e-14, personal_generator_context_proj=2.406157e-18, personal_generator_context_hidden=6.854224e-15, personal_generator_context_to_u=1.082016e-10, personal_generator_context_to_v=6.729150e-11, personal_generator_state_row=9.054148e-11, personal_generator_state_col=5.631370e-11, personal_generator_id_row=2.262682e-11, personal_generator_id_col=1.407432e-11, personal_generator_state_adapter=1.002190e-15, personal_generator_id_adapter=6.906300e-17, personal_generator_context_adapter=9.929863e-16, personal_generator_direct_scale=5.547781e-05
2026-04-15 07:30:29,324 - INFO - [junyi|junyi_abce_ae_dominant_full|lr=0.003|drop=0.40] -> New best AUC=0.8202 at epoch 12
2026-04-15 07:42:39,365 - INFO - [junyi|junyi_abce_ae_dominant_full|lr=0.003|drop=0.40] Epoch [013/100] | Train: Loss=0.4991, BCE=0.4854, Reg=0.0137, AUC=0.8202, ACC=0.7698, RMSE=0.3989 | Val: Loss=0.5080, BCE=0.4943, Reg=0.0137, AUC=0.8189, ACC=0.7758, RMSE=0.4000
2026-04-15 07:42:39,365 - INFO - [junyi|junyi_abce_ae_dominant_full|lr=0.003|drop=0.40] [Reg Terms] Epoch [013] | Train: graph_entropy=0.000000, graph_diag=0.006003, graph_uniform=0.006753, graph_reg_scale=1.0000, prediction_l2=0.000000, personal_sparse=0.001579, alpha_var=-0.002237, alpha_collapse=0.001600, reg_bce_ratio=0.0282 | Val: graph_entropy=0.000000, graph_diag=0.006000, graph_uniform=0.006753, graph_reg_scale=1.0000, prediction_l2=0.000000, personal_sparse=0.001588, alpha_var=-0.002229, alpha_collapse=0.001600, reg_bce_ratio=0.0277
2026-04-15 07:42:40,009 - INFO - [junyi|junyi_abce_ae_dominant_full|lr=0.003|drop=0.40] [Diag][AE] Epoch [013] | irt_abs_mean=2.1787, irt_std=1.1170, personal_warmup_scale=1.00, graph_row_entropy=3.2177, graph_entropy_ratio=0.4915, alpha_mean=0.2004, alpha_std=0.1920, alpha_bias_std=0.0000, alpha_state_path=3.8036, alpha_id_path=0.0000, alpha_bias_path=0.0000, head_bias_path=0.0889, personal_row_entropy=3.1744, personal_matrix_delta=0.0001, personal_matrix_student_std=0.0002, personal_delta_pre_softmax_norm=0.5780, personal_delta_student_std=0.2791, alpha_head_std=0.1920, personal_student_mix=0.0750, personal_student_adapter=0.0400, local_row_ratio=0.0670, support_density=0.0359, readout_query_delta=0.0494, personal_bad_rows=0.00, personal_fallback_rows=0.00, personal_logits_absmax=30.0000
2026-04-15 07:42:40,010 - INFO - [junyi|junyi_abce_ae_dominant_full|lr=0.003|drop=0.40] [Diag][A] Epoch [013] | entropy_ratio=0.4915, diag_mass=0.0500, to_uniform_l2=0.007448, to_identity_l2=0.036726, relation_identity_delta=0.036726, knowledge_state_graph_delta=0.286651, knowledge_state_personal_delta=0.001129, share_concept_embeddings=True, tau_mean=0.6931, tau_std=0.0000, graph_reg_scale(train/val)=1.0000/1.0000
2026-04-15 07:42:40,010 - INFO - [junyi|junyi_abce_ae_dominant_full|lr=0.003|drop=0.40] [Grad Norms] Epoch [013] | relation_emb=6.985732e-01, relation_tau=1.229499e-12, relation_wq=7.899624e-09, relation_wk=7.434867e-09, personal_u=5.004890e-02, personal_v=2.671632e-02, personal_alpha_bias=5.768610e-05, personal_gate_emb=6.855883e-11, personal_gate_state_proj=2.983431e-12, personal_gate_context_proj=1.636985e-16, personal_gate_state_direct=9.543865e-04, personal_gate_id_direct=6.787004e-11, personal_gate_context_direct=5.193326e-08, personal_gate_out=7.869335e-09, personal_generator_emb=4.830504e-14, personal_generator_context_proj=2.202248e-18, personal_generator_context_hidden=6.633463e-15, personal_generator_context_to_u=1.397835e-10, personal_generator_context_to_v=4.084800e-11, personal_generator_state_row=1.054258e-10, personal_generator_state_col=3.080776e-11, personal_generator_id_row=2.635774e-11, personal_generator_id_col=7.702227e-12, personal_generator_state_adapter=3.289646e-16, personal_generator_id_adapter=1.903688e-17, personal_generator_context_adapter=1.448306e-16, personal_generator_direct_scale=1.097439e-05
2026-04-15 07:42:40,010 - INFO - [junyi|junyi_abce_ae_dominant_full|lr=0.003|drop=0.40] -> No improvement 1 epoch(s) (best AUC=0.8202 @ 12)
2026-04-15 07:54:51,533 - INFO - [junyi|junyi_abce_ae_dominant_full|lr=0.003|drop=0.40] Epoch [014/100] | Train: Loss=0.4985, BCE=0.4848, Reg=0.0137, AUC=0.8205, ACC=0.7711, RMSE=0.3986 | Val: Loss=0.4966, BCE=0.4829, Reg=0.0137, AUC=0.8210, ACC=0.7747, RMSE=0.3973
2026-04-15 07:54:51,533 - INFO - [junyi|junyi_abce_ae_dominant_full|lr=0.003|drop=0.40] [Reg Terms] Epoch [014] | Train: graph_entropy=0.000000, graph_diag=0.006003, graph_uniform=0.006753, graph_reg_scale=1.0000, prediction_l2=0.000000, personal_sparse=0.001578, alpha_var=-0.002235, alpha_collapse=0.001600, reg_bce_ratio=0.0283 | Val: graph_entropy=0.000000, graph_diag=0.006000, graph_uniform=0.006753, graph_reg_scale=1.0000, prediction_l2=0.000000, personal_sparse=0.001578, alpha_var=-0.002231, alpha_collapse=0.001600, reg_bce_ratio=0.0284
2026-04-15 07:54:52,066 - INFO - [junyi|junyi_abce_ae_dominant_full|lr=0.003|drop=0.40] [Diag][AE] Epoch [014] | irt_abs_mean=1.8441, irt_std=0.9718, personal_warmup_scale=1.00, graph_row_entropy=3.2177, graph_entropy_ratio=0.4915, alpha_mean=0.2004, alpha_std=0.1920, alpha_bias_std=0.0000, alpha_state_path=3.8060, alpha_id_path=0.0000, alpha_bias_path=0.0000, head_bias_path=0.0889, personal_row_entropy=3.1547, personal_matrix_delta=0.0001, personal_matrix_student_std=0.0003, personal_delta_pre_softmax_norm=0.5692, personal_delta_student_std=0.2194, alpha_head_std=0.1920, personal_student_mix=0.0749, personal_student_adapter=0.0400, local_row_ratio=0.0693, support_density=0.0359, readout_query_delta=0.0591, personal_bad_rows=0.00, personal_fallback_rows=0.00, personal_logits_absmax=30.0000
2026-04-15 07:54:52,067 - INFO - [junyi|junyi_abce_ae_dominant_full|lr=0.003|drop=0.40] [Diag][A] Epoch [014] | entropy_ratio=0.4915, diag_mass=0.0500, to_uniform_l2=0.007448, to_identity_l2=0.036726, relation_identity_delta=0.036726, knowledge_state_graph_delta=0.275584, knowledge_state_personal_delta=0.000847, share_concept_embeddings=True, tau_mean=0.6931, tau_std=0.0000, graph_reg_scale(train/val)=1.0000/1.0000
2026-04-15 07:54:52,067 - INFO - [junyi|junyi_abce_ae_dominant_full|lr=0.003|drop=0.40] [Grad Norms] Epoch [014] | relation_emb=6.046220e-01, relation_tau=6.697771e-13, relation_wq=8.735438e-10, relation_wk=9.580559e-10, personal_u=1.667884e-02, personal_v=2.717303e-02, personal_alpha_bias=5.778356e-05, personal_gate_emb=7.834754e-11, personal_gate_state_proj=1.179095e-12, personal_gate_context_proj=1.963880e-16, personal_gate_state_direct=2.284571e-04, personal_gate_id_direct=7.667462e-11, personal_gate_context_direct=3.307199e-08, personal_gate_out=3.173048e-09, personal_generator_emb=4.351019e-14, personal_generator_context_proj=1.312392e-18, personal_generator_context_hidden=4.032585e-15, personal_generator_context_to_u=3.070348e-11, personal_generator_context_to_v=5.265640e-11, personal_generator_state_row=3.476886e-11, personal_generator_state_col=5.963871e-11, personal_generator_id_row=8.692642e-12, personal_generator_id_col=1.490758e-11, personal_generator_state_adapter=1.972479e-17, personal_generator_id_adapter=1.416028e-16, personal_generator_context_adapter=3.997784e-16, personal_generator_direct_scale=6.797063e-05
2026-04-15 07:54:52,757 - INFO - [junyi|junyi_abce_ae_dominant_full|lr=0.003|drop=0.40] -> New best AUC=0.8210 at epoch 14
2026-04-15 08:07:04,574 - INFO - [junyi|junyi_abce_ae_dominant_full|lr=0.003|drop=0.40] Epoch [015/100] | Train: Loss=0.4975, BCE=0.4838, Reg=0.0137, AUC=0.8215, ACC=0.7714, RMSE=0.3980 | Val: Loss=0.4969, BCE=0.4832, Reg=0.0137, AUC=0.8197, ACC=0.7730, RMSE=0.3975
2026-04-15 08:07:04,574 - INFO - [junyi|junyi_abce_ae_dominant_full|lr=0.003|drop=0.40] [Reg Terms] Epoch [015] | Train: graph_entropy=0.000000, graph_diag=0.006003, graph_uniform=0.006753, graph_reg_scale=1.0000, prediction_l2=0.000000, personal_sparse=0.001579, alpha_var=-0.002239, alpha_collapse=0.001600, reg_bce_ratio=0.0283 | Val: graph_entropy=0.000000, graph_diag=0.006000, graph_uniform=0.006753, graph_reg_scale=1.0000, prediction_l2=0.000000, personal_sparse=0.001574, alpha_var=-0.002232, alpha_collapse=0.001600, reg_bce_ratio=0.0283
2026-04-15 08:07:05,116 - INFO - [junyi|junyi_abce_ae_dominant_full|lr=0.003|drop=0.40] [Diag][AE] Epoch [015] | irt_abs_mean=1.8020, irt_std=0.9738, personal_warmup_scale=1.00, graph_row_entropy=3.2177, graph_entropy_ratio=0.4915, alpha_mean=0.2002, alpha_std=0.1921, alpha_bias_std=0.0000, alpha_state_path=3.8197, alpha_id_path=0.0000, alpha_bias_path=0.0000, head_bias_path=0.0872, personal_row_entropy=3.1487, personal_matrix_delta=0.0001, personal_matrix_student_std=0.0003, personal_delta_pre_softmax_norm=0.5726, personal_delta_student_std=0.1899, alpha_head_std=0.1921, personal_student_mix=0.0749, personal_student_adapter=0.0400, local_row_ratio=0.0694, support_density=0.0359, readout_query_delta=0.0615, personal_bad_rows=0.00, personal_fallback_rows=0.00, personal_logits_absmax=30.0000
2026-04-15 08:07:05,116 - INFO - [junyi|junyi_abce_ae_dominant_full|lr=0.003|drop=0.40] [Diag][A] Epoch [015] | entropy_ratio=0.4915, diag_mass=0.0500, to_uniform_l2=0.007448, to_identity_l2=0.036726, relation_identity_delta=0.036726, knowledge_state_graph_delta=0.280017, knowledge_state_personal_delta=0.001435, share_concept_embeddings=True, tau_mean=0.6931, tau_std=0.0000, graph_reg_scale(train/val)=1.0000/1.0000
2026-04-15 08:07:05,116 - INFO - [junyi|junyi_abce_ae_dominant_full|lr=0.003|drop=0.40] [Grad Norms] Epoch [015] | relation_emb=8.058108e-01, relation_tau=5.350856e-13, relation_wq=2.300916e-09, relation_wk=1.871251e-09, personal_u=2.051656e-02, personal_v=1.830694e-02, personal_alpha_bias=5.780803e-05, personal_gate_emb=4.918775e-11, personal_gate_state_proj=5.417879e-12, personal_gate_context_proj=5.270839e-16, personal_gate_state_direct=1.001595e-03, personal_gate_id_direct=5.602707e-11, personal_gate_context_direct=9.777804e-08, personal_gate_out=7.898129e-09, personal_generator_emb=4.816560e-14, personal_generator_context_proj=1.739356e-18, personal_generator_context_hidden=3.780391e-15, personal_generator_context_to_u=7.237651e-11, personal_generator_context_to_v=5.338488e-11, personal_generator_state_row=6.010006e-11, personal_generator_state_col=4.432997e-11, personal_generator_id_row=1.501928e-11, personal_generator_id_col=1.107775e-11, personal_generator_state_adapter=1.334422e-17, personal_generator_id_adapter=1.437058e-16, personal_generator_context_adapter=3.220514e-17, personal_generator_direct_scale=5.653731e-06
2026-04-15 08:07:05,117 - INFO - [junyi|junyi_abce_ae_dominant_full|lr=0.003|drop=0.40] -> No improvement 1 epoch(s) (best AUC=0.8210 @ 14)
2026-04-15 08:19:17,516 - INFO - [junyi|junyi_abce_ae_dominant_full|lr=0.003|drop=0.40] Epoch [016/100] | Train: Loss=0.4980, BCE=0.4843, Reg=0.0137, AUC=0.8209, ACC=0.7702, RMSE=0.3984 | Val: Loss=0.5164, BCE=0.5027, Reg=0.0137, AUC=0.8166, ACC=0.7724, RMSE=0.4028
2026-04-15 08:19:17,516 - INFO - [junyi|junyi_abce_ae_dominant_full|lr=0.003|drop=0.40] [Reg Terms] Epoch [016] | Train: graph_entropy=0.000000, graph_diag=0.006002, graph_uniform=0.006753, graph_reg_scale=1.0000, prediction_l2=0.000000, personal_sparse=0.001579, alpha_var=-0.002235, alpha_collapse=0.001600, reg_bce_ratio=0.0283 | Val: graph_entropy=0.000000, graph_diag=0.006000, graph_uniform=0.006753, graph_reg_scale=1.0000, prediction_l2=0.000000, personal_sparse=0.001588, alpha_var=-0.002222, alpha_collapse=0.001600, reg_bce_ratio=0.0273
2026-04-15 08:19:18,067 - INFO - [junyi|junyi_abce_ae_dominant_full|lr=0.003|drop=0.40] [Diag][AE] Epoch [016] | irt_abs_mean=2.0635, irt_std=1.2471, personal_warmup_scale=1.00, graph_row_entropy=3.2177, graph_entropy_ratio=0.4915, alpha_mean=0.2004, alpha_std=0.1917, alpha_bias_std=0.0000, alpha_state_path=3.7663, alpha_id_path=0.0000, alpha_bias_path=0.0000, head_bias_path=0.0865, personal_row_entropy=3.1757, personal_matrix_delta=0.0001, personal_matrix_student_std=0.0002, personal_delta_pre_softmax_norm=0.5656, personal_delta_student_std=0.2367, alpha_head_std=0.1917, personal_student_mix=0.0749, personal_student_adapter=0.0400, local_row_ratio=0.0637, support_density=0.0359, readout_query_delta=0.0484, personal_bad_rows=0.00, personal_fallback_rows=0.00, personal_logits_absmax=30.0000
2026-04-15 08:19:18,067 - INFO - [junyi|junyi_abce_ae_dominant_full|lr=0.003|drop=0.40] [Diag][A] Epoch [016] | entropy_ratio=0.4915, diag_mass=0.0500, to_uniform_l2=0.007448, to_identity_l2=0.036726, relation_identity_delta=0.036726, knowledge_state_graph_delta=0.285215, knowledge_state_personal_delta=0.000463, share_concept_embeddings=True, tau_mean=0.6931, tau_std=0.0000, graph_reg_scale(train/val)=1.0000/1.0000
2026-04-15 08:19:18,067 - INFO - [junyi|junyi_abce_ae_dominant_full|lr=0.003|drop=0.40] [Grad Norms] Epoch [016] | relation_emb=5.852056e-01, relation_tau=1.267888e-13, relation_wq=6.078842e-09, relation_wk=3.102636e-09, personal_u=3.451065e-02, personal_v=1.625534e-02, personal_alpha_bias=5.769407e-05, personal_gate_emb=4.323317e-11, personal_gate_state_proj=3.441757e-12, personal_gate_context_proj=2.702633e-16, personal_gate_state_direct=6.724557e-04, personal_gate_id_direct=4.545564e-11, personal_gate_context_direct=5.326763e-08, personal_gate_out=6.442286e-09, personal_generator_emb=5.341733e-14, personal_generator_context_proj=4.620956e-18, personal_generator_context_hidden=4.237677e-15, personal_generator_context_to_u=7.300371e-11, personal_generator_context_to_v=3.643405e-11, personal_generator_state_row=7.083012e-11, personal_generator_state_col=3.534824e-11, personal_generator_id_row=1.770879e-11, personal_generator_id_col=8.836288e-12, personal_generator_state_adapter=3.001715e-16, personal_generator_id_adapter=4.472896e-17, personal_generator_context_adapter=4.348031e-16, personal_generator_direct_scale=7.427252e-05
2026-04-15 08:19:18,068 - INFO - [junyi|junyi_abce_ae_dominant_full|lr=0.003|drop=0.40] -> No improvement 2 epoch(s) (best AUC=0.8210 @ 14)
2026-04-15 08:31:29,698 - INFO - [junyi|junyi_abce_ae_dominant_full|lr=0.003|drop=0.40] Epoch [017/100] | Train: Loss=0.4852, BCE=0.4715, Reg=0.0137, AUC=0.8319, ACC=0.7788, RMSE=0.3920 | Val: Loss=0.4938, BCE=0.4801, Reg=0.0137, AUC=0.8233, ACC=0.7750, RMSE=0.3961
2026-04-15 08:31:29,698 - INFO - [junyi|junyi_abce_ae_dominant_full|lr=0.003|drop=0.40] [Reg Terms] Epoch [017] | Train: graph_entropy=0.000000, graph_diag=0.006001, graph_uniform=0.006753, graph_reg_scale=1.0000, prediction_l2=0.000000, personal_sparse=0.001588, alpha_var=-0.002241, alpha_collapse=0.001600, reg_bce_ratio=0.0291 | Val: graph_entropy=0.000000, graph_diag=0.006000, graph_uniform=0.006753, graph_reg_scale=1.0000, prediction_l2=0.000000, personal_sparse=0.001591, alpha_var=-0.002237, alpha_collapse=0.001600, reg_bce_ratio=0.0285
2026-04-15 08:31:30,325 - INFO - [junyi|junyi_abce_ae_dominant_full|lr=0.003|drop=0.40] [Diag][AE] Epoch [017] | irt_abs_mean=1.8254, irt_std=1.0300, personal_warmup_scale=1.00, graph_row_entropy=3.2177, graph_entropy_ratio=0.4915, alpha_mean=0.2005, alpha_std=0.1923, alpha_bias_std=0.0000, alpha_state_path=3.8474, alpha_id_path=0.0000, alpha_bias_path=0.0000, head_bias_path=0.0864, personal_row_entropy=3.1823, personal_matrix_delta=0.0001, personal_matrix_student_std=0.0001, personal_delta_pre_softmax_norm=0.5709, personal_delta_student_std=0.2414, alpha_head_std=0.1923, personal_student_mix=0.0748, personal_student_adapter=0.0400, local_row_ratio=0.0464, support_density=0.0359, readout_query_delta=0.0614, personal_bad_rows=0.00, personal_fallback_rows=0.00, personal_logits_absmax=30.0000
2026-04-15 08:31:30,326 - INFO - [junyi|junyi_abce_ae_dominant_full|lr=0.003|drop=0.40] [Diag][A] Epoch [017] | entropy_ratio=0.4915, diag_mass=0.0500, to_uniform_l2=0.007448, to_identity_l2=0.036726, relation_identity_delta=0.036726, knowledge_state_graph_delta=0.287914, knowledge_state_personal_delta=0.000714, share_concept_embeddings=True, tau_mean=0.6931, tau_std=0.0000, graph_reg_scale(train/val)=1.0000/1.0000
2026-04-15 08:31:30,326 - INFO - [junyi|junyi_abce_ae_dominant_full|lr=0.003|drop=0.40] [Grad Norms] Epoch [017] | relation_emb=7.152795e-01, relation_tau=0.000000e+00, relation_wq=0.000000e+00, relation_wk=0.000000e+00, personal_u=5.005407e-02, personal_v=3.061225e-02, personal_alpha_bias=5.789693e-05, personal_gate_emb=0.000000e+00, personal_gate_state_proj=0.000000e+00, personal_gate_context_proj=0.000000e+00, personal_gate_state_direct=1.177190e-03, personal_gate_id_direct=0.000000e+00, personal_gate_context_direct=1.311725e-09, personal_gate_out=0.000000e+00, personal_generator_emb=0.000000e+00, personal_generator_context_proj=0.000000e+00, personal_generator_context_hidden=0.000000e+00, personal_generator_context_to_u=0.000000e+00, personal_generator_context_to_v=0.000000e+00, personal_generator_state_row=0.000000e+00, personal_generator_state_col=0.000000e+00, personal_generator_id_row=0.000000e+00, personal_generator_id_col=0.000000e+00, personal_generator_state_adapter=0.000000e+00, personal_generator_id_adapter=0.000000e+00, personal_generator_context_adapter=0.000000e+00, personal_generator_direct_scale=7.772864e-06
2026-04-15 08:31:31,101 - INFO - [junyi|junyi_abce_ae_dominant_full|lr=0.003|drop=0.40] -> New best AUC=0.8233 at epoch 17
2026-04-15 08:43:41,969 - INFO - [junyi|junyi_abce_ae_dominant_full|lr=0.003|drop=0.40] Epoch [018/100] | Train: Loss=0.4819, BCE=0.4682, Reg=0.0137, AUC=0.8347, ACC=0.7808, RMSE=0.3903 | Val: Loss=0.4959, BCE=0.4822, Reg=0.0137, AUC=0.8232, ACC=0.7738, RMSE=0.3970
2026-04-15 08:43:41,969 - INFO - [junyi|junyi_abce_ae_dominant_full|lr=0.003|drop=0.40] [Reg Terms] Epoch [018] | Train: graph_entropy=0.000000, graph_diag=0.006001, graph_uniform=0.006753, graph_reg_scale=1.0000, prediction_l2=0.000000, personal_sparse=0.001584, alpha_var=-0.002246, alpha_collapse=0.001600, reg_bce_ratio=0.0292 | Val: graph_entropy=0.000000, graph_diag=0.006000, graph_uniform=0.006753, graph_reg_scale=1.0000, prediction_l2=0.000000, personal_sparse=0.001582, alpha_var=-0.002243, alpha_collapse=0.001600, reg_bce_ratio=0.0284
2026-04-15 08:43:42,614 - INFO - [junyi|junyi_abce_ae_dominant_full|lr=0.003|drop=0.40] [Diag][AE] Epoch [018] | irt_abs_mean=1.8352, irt_std=0.9951, personal_warmup_scale=1.00, graph_row_entropy=3.2177, graph_entropy_ratio=0.4915, alpha_mean=0.2004, alpha_std=0.1926, alpha_bias_std=0.0000, alpha_state_path=3.8800, alpha_id_path=0.0000, alpha_bias_path=0.0000, head_bias_path=0.0881, personal_row_entropy=3.1636, personal_matrix_delta=0.0001, personal_matrix_student_std=0.0001, personal_delta_pre_softmax_norm=0.5653, personal_delta_student_std=0.2410, alpha_head_std=0.1926, personal_student_mix=0.0750, personal_student_adapter=0.0400, local_row_ratio=0.0629, support_density=0.0359, readout_query_delta=0.0609, personal_bad_rows=0.00, personal_fallback_rows=0.00, personal_logits_absmax=30.0000
2026-04-15 08:43:42,614 - INFO - [junyi|junyi_abce_ae_dominant_full|lr=0.003|drop=0.40] [Diag][A] Epoch [018] | entropy_ratio=0.4915, diag_mass=0.0500, to_uniform_l2=0.007448, to_identity_l2=0.036726, relation_identity_delta=0.036726, knowledge_state_graph_delta=0.296402, knowledge_state_personal_delta=0.000806, share_concept_embeddings=True, tau_mean=0.6931, tau_std=0.0000, graph_reg_scale(train/val)=1.0000/1.0000
2026-04-15 08:43:42,614 - INFO - [junyi|junyi_abce_ae_dominant_full|lr=0.003|drop=0.40] [Grad Norms] Epoch [018] | relation_emb=8.171992e-01, relation_tau=1.489282e-15, relation_wq=0.000000e+00, relation_wk=0.000000e+00, personal_u=5.011289e-02, personal_v=2.430174e-02, personal_alpha_bias=5.774563e-05, personal_gate_emb=0.000000e+00, personal_gate_state_proj=0.000000e+00, personal_gate_context_proj=0.000000e+00, personal_gate_state_direct=1.099538e-03, personal_gate_id_direct=0.000000e+00, personal_gate_context_direct=1.122077e-08, personal_gate_out=1.721751e-09, personal_generator_emb=0.000000e+00, personal_generator_context_proj=0.000000e+00, personal_generator_context_hidden=0.000000e+00, personal_generator_context_to_u=0.000000e+00, personal_generator_context_to_v=0.000000e+00, personal_generator_state_row=0.000000e+00, personal_generator_state_col=0.000000e+00, personal_generator_id_row=0.000000e+00, personal_generator_id_col=0.000000e+00, personal_generator_state_adapter=0.000000e+00, personal_generator_id_adapter=0.000000e+00, personal_generator_context_adapter=0.000000e+00, personal_generator_direct_scale=6.279564e-06
2026-04-15 08:43:42,614 - INFO - [junyi|junyi_abce_ae_dominant_full|lr=0.003|drop=0.40] -> No improvement 1 epoch(s) (best AUC=0.8233 @ 17)
2026-04-15 08:55:54,477 - INFO - [junyi|junyi_abce_ae_dominant_full|lr=0.003|drop=0.40] Epoch [019/100] | Train: Loss=0.4807, BCE=0.4670, Reg=0.0137, AUC=0.8355, ACC=0.7819, RMSE=0.3897 | Val: Loss=0.4964, BCE=0.4827, Reg=0.0137, AUC=0.8224, ACC=0.7729, RMSE=0.3972
2026-04-15 08:55:54,477 - INFO - [junyi|junyi_abce_ae_dominant_full|lr=0.003|drop=0.40] [Reg Terms] Epoch [019] | Train: graph_entropy=0.000000, graph_diag=0.006002, graph_uniform=0.006753, graph_reg_scale=1.0000, prediction_l2=0.000000, personal_sparse=0.001583, alpha_var=-0.002246, alpha_collapse=0.001600, reg_bce_ratio=0.0293 | Val: graph_entropy=0.000000, graph_diag=0.006000, graph_uniform=0.006753, graph_reg_scale=1.0000, prediction_l2=0.000000, personal_sparse=0.001584, alpha_var=-0.002236, alpha_collapse=0.001600, reg_bce_ratio=0.0284
2026-04-15 08:55:55,121 - INFO - [junyi|junyi_abce_ae_dominant_full|lr=0.003|drop=0.40] [Diag][AE] Epoch [019] | irt_abs_mean=1.8744, irt_std=0.9653, personal_warmup_scale=1.00, graph_row_entropy=3.2177, graph_entropy_ratio=0.4915, alpha_mean=0.2005, alpha_std=0.1923, alpha_bias_std=0.0000, alpha_state_path=3.8458, alpha_id_path=0.0000, alpha_bias_path=0.0000, head_bias_path=0.0860, personal_row_entropy=3.1687, personal_matrix_delta=0.0001, personal_matrix_student_std=0.0001, personal_delta_pre_softmax_norm=0.5583, personal_delta_student_std=0.2901, alpha_head_std=0.1923, personal_student_mix=0.0749, personal_student_adapter=0.0400, local_row_ratio=0.0632, support_density=0.0359, readout_query_delta=0.0624, personal_bad_rows=0.00, personal_fallback_rows=0.00, personal_logits_absmax=30.0000
2026-04-15 08:55:55,122 - INFO - [junyi|junyi_abce_ae_dominant_full|lr=0.003|drop=0.40] [Diag][A] Epoch [019] | entropy_ratio=0.4915, diag_mass=0.0500, to_uniform_l2=0.007448, to_identity_l2=0.036726, relation_identity_delta=0.036726, knowledge_state_graph_delta=0.301939, knowledge_state_personal_delta=0.000944, share_concept_embeddings=True, tau_mean=0.6931, tau_std=0.0000, graph_reg_scale(train/val)=1.0000/1.0000
2026-04-15 08:55:55,122 - INFO - [junyi|junyi_abce_ae_dominant_full|lr=0.003|drop=0.40] [Grad Norms] Epoch [019] | relation_emb=9.250799e-01, relation_tau=7.002608e-15, relation_wq=0.000000e+00, relation_wk=0.000000e+00, personal_u=2.059997e-02, personal_v=1.976251e-02, personal_alpha_bias=5.780218e-05, personal_gate_emb=0.000000e+00, personal_gate_state_proj=0.000000e+00, personal_gate_context_proj=0.000000e+00, personal_gate_state_direct=5.713415e-04, personal_gate_id_direct=0.000000e+00, personal_gate_context_direct=3.368332e-08, personal_gate_out=1.495186e-10, personal_generator_emb=0.000000e+00, personal_generator_context_proj=0.000000e+00, personal_generator_context_hidden=0.000000e+00, personal_generator_context_to_u=0.000000e+00, personal_generator_context_to_v=0.000000e+00, personal_generator_state_row=0.000000e+00, personal_generator_state_col=0.000000e+00, personal_generator_id_row=0.000000e+00, personal_generator_id_col=0.000000e+00, personal_generator_state_adapter=0.000000e+00, personal_generator_id_adapter=0.000000e+00, personal_generator_context_adapter=0.000000e+00, personal_generator_direct_scale=1.484798e-05
2026-04-15 08:55:55,122 - INFO - [junyi|junyi_abce_ae_dominant_full|lr=0.003|drop=0.40] -> No improvement 2 epoch(s) (best AUC=0.8233 @ 17)
2026-04-15 09:08:06,501 - INFO - [junyi|junyi_abce_ae_dominant_full|lr=0.003|drop=0.40] Epoch [020/100] | Train: Loss=0.4682, BCE=0.4545, Reg=0.0137, AUC=0.8457, ACC=0.7910, RMSE=0.3834 | Val: Loss=0.5000, BCE=0.4863, Reg=0.0137, AUC=0.8220, ACC=0.7731, RMSE=0.3983
2026-04-15 09:08:06,502 - INFO - [junyi|junyi_abce_ae_dominant_full|lr=0.003|drop=0.40] [Reg Terms] Epoch [020] | Train: graph_entropy=0.000000, graph_diag=0.006001, graph_uniform=0.006753, graph_reg_scale=1.0000, prediction_l2=0.000000, personal_sparse=0.001587, alpha_var=-0.002247, alpha_collapse=0.001600, reg_bce_ratio=0.0301 | Val: graph_entropy=0.000000, graph_diag=0.006000, graph_uniform=0.006753, graph_reg_scale=1.0000, prediction_l2=0.000000, personal_sparse=0.001591, alpha_var=-0.002253, alpha_collapse=0.001600, reg_bce_ratio=0.0281
2026-04-15 09:08:07,149 - INFO - [junyi|junyi_abce_ae_dominant_full|lr=0.003|drop=0.40] [Diag][AE] Epoch [020] | irt_abs_mean=1.9352, irt_std=1.0384, personal_warmup_scale=1.00, graph_row_entropy=3.2177, graph_entropy_ratio=0.4915, alpha_mean=0.2007, alpha_std=0.1930, alpha_bias_std=0.0000, alpha_state_path=3.9475, alpha_id_path=0.0000, alpha_bias_path=0.0000, head_bias_path=0.0908, personal_row_entropy=3.1813, personal_matrix_delta=0.0001, personal_matrix_student_std=0.0001, personal_delta_pre_softmax_norm=0.5584, personal_delta_student_std=0.2231, alpha_head_std=0.1930, personal_student_mix=0.0752, personal_student_adapter=0.0400, local_row_ratio=0.0460, support_density=0.0359, readout_query_delta=0.0700, personal_bad_rows=0.00, personal_fallback_rows=0.00, personal_logits_absmax=30.0000
2026-04-15 09:08:07,149 - INFO - [junyi|junyi_abce_ae_dominant_full|lr=0.003|drop=0.40] [Diag][A] Epoch [020] | entropy_ratio=0.4915, diag_mass=0.0500, to_uniform_l2=0.007448, to_identity_l2=0.036726, relation_identity_delta=0.036726, knowledge_state_graph_delta=0.313122, knowledge_state_personal_delta=0.001154, share_concept_embeddings=True, tau_mean=0.6931, tau_std=0.0000, graph_reg_scale(train/val)=1.0000/1.0000
2026-04-15 09:08:07,149 - INFO - [junyi|junyi_abce_ae_dominant_full|lr=0.003|drop=0.40] [Grad Norms] Epoch [020] | relation_emb=1.019575e+00, relation_tau=0.000000e+00, relation_wq=0.000000e+00, relation_wk=0.000000e+00, personal_u=3.087293e-02, personal_v=2.934454e-02, personal_alpha_bias=5.779716e-05, personal_gate_emb=0.000000e+00, personal_gate_state_proj=0.000000e+00, personal_gate_context_proj=0.000000e+00, personal_gate_state_direct=3.623101e-04, personal_gate_id_direct=0.000000e+00, personal_gate_context_direct=8.534214e-15, personal_gate_out=0.000000e+00, personal_generator_emb=0.000000e+00, personal_generator_context_proj=0.000000e+00, personal_generator_context_hidden=0.000000e+00, personal_generator_context_to_u=0.000000e+00, personal_generator_context_to_v=0.000000e+00, personal_generator_state_row=0.000000e+00, personal_generator_state_col=0.000000e+00, personal_generator_id_row=0.000000e+00, personal_generator_id_col=0.000000e+00, personal_generator_state_adapter=0.000000e+00, personal_generator_id_adapter=0.000000e+00, personal_generator_context_adapter=0.000000e+00, personal_generator_direct_scale=1.640529e-05
2026-04-15 09:08:07,149 - INFO - [junyi|junyi_abce_ae_dominant_full|lr=0.003|drop=0.40] -> No improvement 3 epoch(s) (best AUC=0.8233 @ 17)
2026-04-15 09:08:07,149 - INFO - [junyi|junyi_abce_ae_dominant_full|lr=0.003|drop=0.40] Early stopping at epoch 20 (best AUC=0.8233 @ 17)
2026-04-15 09:08:07,156 - INFO - Epoch-wise metrics saved to checkpoints/abce_diag/remote_ae_cleanrerun3_20260415_358089f/junyi/seed42/ae_dominant_full/metrics_history.csv
2026-04-15 09:08:07,158 - INFO - [junyi|junyi_abce_ae_dominant_full|lr=0.003|drop=0.40] Training completed! Best Val AUC=0.8233 @ epoch 17
2026-04-15 09:08:07,822 - INFO - 
============================================================
         MODULE ACTIVITY REPORT
============================================================
Dataset: junyi | Seed: 42 | Epoch: 20

1. Concept Graph Module (A):
   - Mean row entropy: 3.218 / 6.547
   - Entropy ratio: 49.1%
   - Status: ACTIVE (learning meaningful structure)

2. Personal Graph Module (E):
   - Alpha mean: 0.201
   - Alpha std: 0.193
   - Alpha bias std: 0.000
   - Personal/global delta: 0.0005
   - Inter-student matrix std: 0.0000
   - Status: INACTIVE (personal graph barely deviates from global graph)
   -> Consider: strengthen personal delta or alpha anti-collapse regularization

------------------------------------------------------------
SUMMARY:
   Active modules: Concept Graph (A)
   Inactive modules: Personal Graph (E)
============================================================
2026-04-15 09:08:07,823 - INFO - [junyi|junyi_abce_ae_dominant_full|lr=0.003|drop=0.40] Module activity saved to checkpoints/abce_diag/remote_ae_cleanrerun3_20260415_358089f/junyi/seed42/ae_dominant_full/module_activity.json
2026-04-15 09:08:07,880 - INFO - Using device: cuda:0 (physical gpu 1)
2026-04-15 09:08:07,880 - INFO - Loading model from checkpoints/abce_diag/remote_ae_cleanrerun3_20260415_358089f/junyi/seed42/ae_dominant_full/best_model.pth...
2026-04-15 09:08:07,992 - INFO - [Inference Filter] before=67063, after=60494, dropped=6569, coverage=90.20% (train-only seen student/item support)
2026-04-15 09:08:08,013 - INFO - Inference switches: ablate_module1=False | enable_module1=True | use_concept_graph=True | effective(num_gnn_layers=2)
2026-04-15 09:08:08,130 - INFO - [Inference] Ablation runtime check: args(ablate_module1=False) | expect(use_concept_graph=True,use_personal_graph=True) | model(enable_module1=True,use_concept_graph=True,use_personal_graph=True) | physical(has_knowledge_encoder=True,has_relation_learning=True,has_adaptive_gate=True,has_personal_generator=True)
2026-04-15 09:08:08,130 - INFO - [Inference] [Graph Init] graph_tau_mean=1.0055, graph_tau_std=0.0000, graph_dropout=0.000, use_personal_graph=True
2026-04-15 09:08:08,132 - INFO - Model loaded from epoch 17. Start testing...
2026-04-15 09:08:20,282 - INFO - [Test] 200/946 batches done, samples=12800
2026-04-15 09:08:32,220 - INFO - [Test] 400/946 batches done, samples=25600
2026-04-15 09:08:44,194 - INFO - [Test] 600/946 batches done, samples=38400
2026-04-15 09:08:56,134 - INFO - [Test] 800/946 batches done, samples=51200
2026-04-15 09:09:04,929 - INFO - 
==================================================
2026-04-15 09:09:04,929 - INFO - Test Results:
2026-04-15 09:09:04,930 - INFO - AUC: 0.8287
2026-04-15 09:09:04,930 - INFO - ACC: 0.7692
2026-04-15 09:09:04,930 - INFO - RMSE: 0.3994
2026-04-15 09:09:04,930 - INFO - ==================================================
2026-04-15 09:09:04,942 - INFO - Summary appended to /home/zsh/ConceptSkillCDM/results/experiment_results.csv
2026-04-15 09:09:04,942 - INFO - 
Generating student diagnosis reports...
2026-04-15 09:09:04,970 - INFO - Student diagnosis reports saved to checkpoints/abce_diag/remote_ae_cleanrerun3_20260415_358089f/junyi/seed42/ae_dominant_full/student_diagnosis.json
2026-04-15 09:09:04,972 - INFO - Run completed.
2026-04-15 09:09:04,973 - INFO - Best validation AUC: 0.8233 at epoch 17
2026-04-15 09:09:04,973 - INFO - Test metrics - AUC: 0.8287, ACC: 0.7692, RMSE: 0.3994
2026-04-15 09:09:05,147 - INFO - [数据清洗] 学生交互次数 < 15 次的学生：共移除 2188 个学生（仅统计用户数）
2026-04-15 09:09:05,156 - INFO - [数据清洗] 学生冷启动过滤：在 train/valid/test 中共删除 35779 条记录。
2026-04-15 09:09:05,156 - INFO - [数据清洗] 跳过题目冷门过滤（min_exer_interactions <= 0）。
2026-04-15 09:09:05,156 - INFO - [数据清洗] 跳过毒题清洗（min_poison_count <= 0）。
2026-04-15 09:09:05,156 - INFO - 正在构建ID映射...
2026-04-15 09:09:05,280 - INFO - 正在构建Q矩阵...
2026-04-15 09:09:09,458 - INFO - [数据清洗] Valid train-seen 过滤：before=22111, after=22111, dropped=0, coverage=100.00%
2026-04-15 09:09:09,461 - INFO - [数据清洗] Test train-seen 过滤：before=60499, after=60494, dropped=5, coverage=99.99%
2026-04-15 09:09:09,461 - INFO - [统计] 开始统计清洗后每道题的概念数量分布...
2026-04-15 09:09:09,463 - INFO - [Train] 概念数统计：题目数=697, 平均概念数=1.0000, min=1, max=1, 1概念=697 (100.00%), ≥2概念=0 (0.00%)
2026-04-15 09:09:09,463 - INFO - [Train] 概念数直方图（概念数: 题目数量）: {1: 697}
2026-04-15 09:09:09,464 - INFO - [Valid] 概念数统计：题目数=614, 平均概念数=1.0000, min=1, max=1, 1概念=614 (100.00%), ≥2概念=0 (0.00%)
2026-04-15 09:09:09,464 - INFO - [Valid] 概念数直方图（概念数: 题目数量）: {1: 614}
2026-04-15 09:09:09,464 - INFO - [Test] 概念数统计：题目数=663, 平均概念数=1.0000, min=1, max=1, 1概念=663 (100.00%), ≥2概念=0 (0.00%)
2026-04-15 09:09:09,465 - INFO - [Test] 概念数直方图（概念数: 题目数量）: {1: 663}
2026-04-15 09:09:09,465 - INFO - [统计] 概念数量统计完成。
2026-04-15 09:09:09,465 - INFO - 正在加载数据集...
2026-04-15 09:09:09,547 - INFO - [Component Analysis] Global graph: torch.Size([2, 697, 697])
2026-04-15 09:09:10,686 - INFO - [Component Analysis] Gate alpha samples: 200
2026-04-15 09:09:10,868 - INFO - [Component Analysis] Personal graph samples: (10, 2, 697, 697)
2026-04-15 09:09:11,050 - INFO - [Component Analysis] relation_used samples: (10, 2, 697, 697)
2026-04-15 09:09:11,362 - INFO - [Component Analysis] Data saved to checkpoints/abce_diag/remote_ae_cleanrerun3_20260415_358089f/junyi/seed42/ae_dominant_full/component_analysis_data.npz
2026-04-15 09:09:11,655 - INFO - Generating component analysis visualizations...
2026-04-15 09:09:12,154 - WARNING - Failed to generate visualizations: Invalid shape (2, 697, 697) for image data
