2026-02-11 05:42:07,260 - INFO - Arguments:
2026-02-11 05:42:07,260 - INFO -   ablate_concept_graph: False
2026-02-11 05:42:07,260 - INFO -   ablate_module1: False
2026-02-11 05:42:07,260 - INFO -   ablate_module2: False
2026-02-11 05:42:07,260 - INFO -   ablate_module3: True
2026-02-11 05:42:07,260 - INFO -   ablate_skill_encoder: False
2026-02-11 05:42:07,260 - INFO -   ablate_soft_prototype: True
2026-02-11 05:42:07,260 - INFO -   allow_self_loop: True
2026-02-11 05:42:07,260 - INFO -   batch_size: 128
2026-02-11 05:42:07,260 - INFO -   data_dir: ./data/assist_09
2026-02-11 05:42:07,260 - INFO -   dataset_name: assist_09
2026-02-11 05:42:07,260 - INFO -   debug_module3_diag: True
2026-02-11 05:42:07,260 - INFO -   diag_batches: 2
2026-02-11 05:42:07,261 - INFO -   disable_q_aligned_residual: False
2026-02-11 05:42:07,261 - INFO -   disable_q_conditioning: False
2026-02-11 05:42:07,261 - INFO -   disable_self_loop: False
2026-02-11 05:42:07,261 - INFO -   disable_soft_prototype: True
2026-02-11 05:42:07,261 - INFO -   dropout: 0.1
2026-02-11 05:42:07,261 - INFO -   early_stop_patience: 3
2026-02-11 05:42:07,261 - INFO -   enable_module1: True
2026-02-11 05:42:07,261 - INFO -   enable_module2: True
2026-02-11 05:42:07,261 - INFO -   enable_module3: False
2026-02-11 05:42:07,261 - INFO -   enable_soft_prototype: False
2026-02-11 05:42:07,261 - INFO -   epochs: 30
2026-02-11 05:42:07,261 - INFO -   exercise_dim: 64
2026-02-11 05:42:07,261 - INFO -   exercise_l2_lambda: 5e-05
2026-02-11 05:42:07,261 - INFO -   fusion_gate_bias_init: -2.5
2026-02-11 05:42:07,261 - INFO -   fusion_gate_max: 0.4
2026-02-11 05:42:07,261 - INFO -   generate_diagnosis: False
2026-02-11 05:42:07,261 - INFO -   gnn_residual_weight: 0.5
2026-02-11 05:42:07,261 - INFO -   gpu_candidates: None
2026-02-11 05:42:07,261 - INFO -   gpu_ids: None
2026-02-11 05:42:07,261 - INFO -   gpu_memory_threshold: 2000
2026-02-11 05:42:07,261 - INFO -   gpus: None
2026-02-11 05:42:07,261 - INFO -   graph_topk: None
2026-02-11 05:42:07,261 - INFO -   knowledge_dim: 64
2026-02-11 05:42:07,261 - INFO -   lambda_alpha: 0.01
2026-02-11 05:42:07,261 - INFO -   lambda_proto_div: 0.0
2026-02-11 05:42:07,261 - INFO -   lambda_proto_usage: 0.0
2026-02-11 05:42:07,262 - INFO -   lambda_sparse: 0.03
2026-02-11 05:42:07,262 - INFO -   lambda_sparse_personal: 0.005
2026-02-11 05:42:07,262 - INFO -   learning_rate: 0.0003
2026-02-11 05:42:07,262 - INFO -   log_dir: logs/assist_09_m3grid/seed42/s0p03_d0p1_no3
2026-02-11 05:42:07,262 - INFO -   min_exer_interactions: 0
2026-02-11 05:42:07,262 - INFO -   min_poison_count: 0
2026-02-11 05:42:07,262 - INFO -   min_stu_interactions: 15
2026-02-11 05:42:07,262 - INFO -   model_variant: assist_09_m3grid_s0p03_d0p1_no3
2026-02-11 05:42:07,262 - INFO -   multi_gpu: False
2026-02-11 05:42:07,262 - INFO -   no_cuda: False
2026-02-11 05:42:07,262 - INFO -   num_gnn_layers: 1
2026-02-11 05:42:07,262 - INFO -   num_gpus: 1
2026-02-11 05:42:07,262 - INFO -   num_prototypes: 0
2026-02-11 05:42:07,262 - INFO -   num_relation_heads: 2
2026-02-11 05:42:07,262 - INFO -   num_workers: 4
2026-02-11 05:42:07,262 - INFO -   patience: 5
2026-02-11 05:42:07,262 - INFO -   personal_rank: 4
2026-02-11 05:42:07,262 - INFO -   proto_lambda: 0.0
2026-02-11 05:42:07,262 - INFO -   proto_tau: 1.0
2026-02-11 05:42:07,262 - INFO -   residual_clip_t: 2.0
2026-02-11 05:42:07,262 - INFO -   save_dir: checkpoints/assist_09_m3grid/seed42/s0p03_d0p1_no3
2026-02-11 05:42:07,262 - INFO -   save_interval: 10
2026-02-11 05:42:07,262 - INFO -   seed: 42
2026-02-11 05:42:07,262 - INFO -   skill_dim: 128
2026-02-11 05:42:07,262 - INFO -   use_concept_graph: True
2026-02-11 05:42:07,262 - INFO -   use_exercise_graph: True
2026-02-11 05:42:07,263 - INFO -   use_mf_branch: False
2026-02-11 05:42:07,263 - INFO -   use_personal_graph: True
2026-02-11 05:42:07,263 - INFO -   use_q_aligned_residual: True
2026-02-11 05:42:07,263 - INFO -   use_q_conditioning: True
2026-02-11 05:42:07,263 - INFO -   use_skill_encoder: False
2026-02-11 05:42:07,263 - INFO -   use_soft_prototype: False
2026-02-11 05:42:07,263 - INFO -   use_soft_prototype_main_path: False
2026-02-11 05:42:07,263 - INFO -   weight_decay: 1e-05
2026-02-11 05:42:07,347 - INFO - Using device: cuda:0
2026-02-11 05:42:07,347 - INFO - [assist_09|assist_09_m3grid_s0p03_d0p1_no3|lr=0.0003|drop=0.10] Loading datasets...
2026-02-11 05:42:07,348 - INFO - [assist_09|assist_09_m3grid_s0p03_d0p1_no3|lr=0.0003|drop=0.10] Regularization: graph_entropy(lambda_sparse)=0.030000, proto_div=0.000000, proto_usage=0.000000, personal_sparse=0.005000, alpha_penalty=0.010000, mf_l2(exercise_l2_lambda)=0.000050
2026-02-11 05:42:07,452 - INFO - [数据清洗] 学生交互次数 < 15 次的学生：共移除 0 个学生（仅统计用户数）
2026-02-11 05:42:07,465 - INFO - [数据清洗] 学生冷启动过滤：在 train/valid/test 中共删除 0 条记录。
2026-02-11 05:42:07,465 - INFO - [数据清洗] 跳过题目冷门过滤（min_exer_interactions <= 0）。
2026-02-11 05:42:07,465 - INFO - [数据清洗] 跳过毒题清洗（min_poison_count <= 0）。
2026-02-11 05:42:19,833 - INFO - [assist_09|assist_09_m3grid_s0p03_d0p1_no3|lr=0.0003|drop=0.10] Train samples: 194489, Val samples: 20385
2026-02-11 05:42:19,834 - INFO - [assist_09|assist_09_m3grid_s0p03_d0p1_no3|lr=0.0003|drop=0.10] Number of students: 2493
2026-02-11 05:42:19,834 - INFO - [assist_09|assist_09_m3grid_s0p03_d0p1_no3|lr=0.0003|drop=0.10] Number of exercises: 17676
2026-02-11 05:42:19,834 - INFO - [assist_09|assist_09_m3grid_s0p03_d0p1_no3|lr=0.0003|drop=0.10] Number of concepts: 123
2026-02-11 05:42:19,834 - INFO - [assist_09|assist_09_m3grid_s0p03_d0p1_no3|lr=0.0003|drop=0.10] Creating model...
2026-02-11 05:42:19,834 - INFO - [assist_09|assist_09_m3grid_s0p03_d0p1_no3|lr=0.0003|drop=0.10] Ablation switches: ablate_module1=False, ablate_module2=False, ablate_module3=True | enable_module1=True, enable_module2=True, enable_module3=False | use_soft_prototype=False, use_mf_branch=False, use_concept_graph=True, use_q_aligned_residual=True, use_soft_prototype_main_path=False | effective(num_gnn_layers=1, num_prototypes=0)
2026-02-11 05:42:20,001 - INFO - [assist_09|assist_09_m3grid_s0p03_d0p1_no3|lr=0.0003|drop=0.10] Ablation runtime check: args(ablate_module1=False,ablate_module2=False,ablate_module3=True) | model(enable_module1=True,enable_module2=True,enable_module3=False) | physical(has_knowledge_encoder=True,has_mf_branch=False,has_soft_prototype=False)
2026-02-11 05:42:20,001 - INFO - [assist_09|assist_09_m3grid_s0p03_d0p1_no3|lr=0.0003|drop=0.10] Debug diagnostics enabled: diag_batches=2
2026-02-11 05:42:20,001 - INFO - [assist_09|assist_09_m3grid_s0p03_d0p1_no3|lr=0.0003|drop=0.10] Total parameters: 292,959
2026-02-11 05:42:20,001 - INFO - [assist_09|assist_09_m3grid_s0p03_d0p1_no3|lr=0.0003|drop=0.10] Trainable parameters: 292,959
2026-02-11 05:42:21,248 - INFO - [assist_09|assist_09_m3grid_s0p03_d0p1_no3|lr=0.0003|drop=0.10] Starting training...
2026-02-11 05:42:48,361 - INFO - [assist_09|assist_09_m3grid_s0p03_d0p1_no3|lr=0.0003|drop=0.10] Epoch [001/30] | Train: Loss=0.7380, BCE=0.5858, Reg=0.1522, AUC=0.6933, ACC=0.6957, RMSE=0.4472 | Val: Loss=0.7142, BCE=0.5658, Reg=0.1484, AUC=0.7298, ACC=0.7113, RMSE=0.4377
2026-02-11 05:42:48,361 - INFO - [assist_09|assist_09_m3grid_s0p03_d0p1_no3|lr=0.0003|drop=0.10] [Reg Terms] Epoch [001] | Train: graph_entropy=0.141191, mf_l2=0.000000, proto_div=0.000000, proto_usage=0.000000, personal_sparse=0.012877, alpha_var=-0.001855, reg_bce_ratio=0.2598 | Val: graph_entropy=0.144366, mf_l2=0.000000, proto_div=0.000000, proto_usage=0.000000, personal_sparse=0.005494, alpha_var=-0.001461, reg_bce_ratio=0.2623
2026-02-11 05:42:48,563 - INFO - [assist_09|assist_09_m3grid_s0p03_d0p1_no3|lr=0.0003|drop=0.10] [Diag][M3] Epoch [001] | residual_abs_mean=0.0000, residual_std=0.0000, mf_abs_mean=0.0000, mf_std=0.0000, gate_mean=0.0000, gate_std=0.0000, irt_abs_mean=1.3292, irt_std=0.5760, delta_abs_mean=0.0000, delta_std=0.0000, delta_over_irt=0.0000, graph_row_entropy=4.8122, graph_entropy_ratio=1.0000, alpha_mean=0.2093, alpha_std=0.4048, personal_row_entropy=0.8777
2026-02-11 05:42:48,563 - INFO - [assist_09|assist_09_m3grid_s0p03_d0p1_no3|lr=0.0003|drop=0.10] [Grad Norms] Epoch [001] | mf_u_proj=0.000000, mf_v_proj=0.000000, fusion_gate=0.000000, q_gate_raw=0.000000, skill_latent=0.000000
2026-02-11 05:42:48,812 - INFO - [assist_09|assist_09_m3grid_s0p03_d0p1_no3|lr=0.0003|drop=0.10] -> New best AUC=0.7298 at epoch 1
2026-02-11 05:43:14,648 - INFO - [assist_09|assist_09_m3grid_s0p03_d0p1_no3|lr=0.0003|drop=0.10] Epoch [002/30] | Train: Loss=0.6900, BCE=0.5468, Reg=0.1432, AUC=0.7498, ACC=0.7248, RMSE=0.4286 | Val: Loss=0.7051, BCE=0.5588, Reg=0.1463, AUC=0.7368, ACC=0.7165, RMSE=0.4345
2026-02-11 05:43:14,648 - INFO - [assist_09|assist_09_m3grid_s0p03_d0p1_no3|lr=0.0003|drop=0.10] [Reg Terms] Epoch [002] | Train: graph_entropy=0.141192, mf_l2=0.000000, proto_div=0.000000, proto_usage=0.000000, personal_sparse=0.004361, alpha_var=-0.002379, reg_bce_ratio=0.2618 | Val: graph_entropy=0.144366, mf_l2=0.000000, proto_div=0.000000, proto_usage=0.000000, personal_sparse=0.003381, alpha_var=-0.001479, reg_bce_ratio=0.2617
2026-02-11 05:43:14,933 - INFO - [assist_09|assist_09_m3grid_s0p03_d0p1_no3|lr=0.0003|drop=0.10] [Diag][M3] Epoch [002] | residual_abs_mean=0.0000, residual_std=0.0000, mf_abs_mean=0.0000, mf_std=0.0000, gate_mean=0.0000, gate_std=0.0000, irt_abs_mean=1.3048, irt_std=0.6061, delta_abs_mean=0.0000, delta_std=0.0000, delta_over_irt=0.0000, graph_row_entropy=4.8122, graph_entropy_ratio=1.0000, alpha_mean=0.2120, alpha_std=0.4071, personal_row_entropy=0.6873
2026-02-11 05:43:14,933 - INFO - [assist_09|assist_09_m3grid_s0p03_d0p1_no3|lr=0.0003|drop=0.10] [Grad Norms] Epoch [002] | mf_u_proj=0.000000, mf_v_proj=0.000000, fusion_gate=0.000000, q_gate_raw=0.000000, skill_latent=0.000000
2026-02-11 05:43:15,289 - INFO - [assist_09|assist_09_m3grid_s0p03_d0p1_no3|lr=0.0003|drop=0.10] -> New best AUC=0.7368 at epoch 2
2026-02-11 05:43:42,382 - INFO - [assist_09|assist_09_m3grid_s0p03_d0p1_no3|lr=0.0003|drop=0.10] Epoch [003/30] | Train: Loss=0.6746, BCE=0.5329, Reg=0.1417, AUC=0.7659, ACC=0.7336, RMSE=0.4222 | Val: Loss=0.7022, BCE=0.5569, Reg=0.1453, AUC=0.7391, ACC=0.7178, RMSE=0.4337
2026-02-11 05:43:42,382 - INFO - [assist_09|assist_09_m3grid_s0p03_d0p1_no3|lr=0.0003|drop=0.10] [Reg Terms] Epoch [003] | Train: graph_entropy=0.141192, mf_l2=0.000000, proto_div=0.000000, proto_usage=0.000000, personal_sparse=0.002917, alpha_var=-0.002403, reg_bce_ratio=0.2659 | Val: graph_entropy=0.144366, mf_l2=0.000000, proto_div=0.000000, proto_usage=0.000000, personal_sparse=0.002412, alpha_var=-0.001478, reg_bce_ratio=0.2609
2026-02-11 05:43:42,574 - INFO - [assist_09|assist_09_m3grid_s0p03_d0p1_no3|lr=0.0003|drop=0.10] [Diag][M3] Epoch [003] | residual_abs_mean=0.0000, residual_std=0.0000, mf_abs_mean=0.0000, mf_std=0.0000, gate_mean=0.0000, gate_std=0.0000, irt_abs_mean=1.3099, irt_std=0.6286, delta_abs_mean=0.0000, delta_std=0.0000, delta_over_irt=0.0000, graph_row_entropy=4.8122, graph_entropy_ratio=1.0000, alpha_mean=0.2112, alpha_std=0.4067, personal_row_entropy=0.5765
2026-02-11 05:43:42,574 - INFO - [assist_09|assist_09_m3grid_s0p03_d0p1_no3|lr=0.0003|drop=0.10] [Grad Norms] Epoch [003] | mf_u_proj=0.000000, mf_v_proj=0.000000, fusion_gate=0.000000, q_gate_raw=0.000000, skill_latent=0.000000
2026-02-11 05:43:42,899 - INFO - [assist_09|assist_09_m3grid_s0p03_d0p1_no3|lr=0.0003|drop=0.10] -> New best AUC=0.7391 at epoch 3
2026-02-11 05:44:09,800 - INFO - [assist_09|assist_09_m3grid_s0p03_d0p1_no3|lr=0.0003|drop=0.10] Epoch [004/30] | Train: Loss=0.6642, BCE=0.5232, Reg=0.1411, AUC=0.7772, ACC=0.7386, RMSE=0.4179 | Val: Loss=0.6998, BCE=0.5549, Reg=0.1450, AUC=0.7422, ACC=0.7198, RMSE=0.4327
2026-02-11 05:44:09,801 - INFO - [assist_09|assist_09_m3grid_s0p03_d0p1_no3|lr=0.0003|drop=0.10] [Reg Terms] Epoch [004] | Train: graph_entropy=0.141190, mf_l2=0.000000, proto_div=0.000000, proto_usage=0.000000, personal_sparse=0.002301, alpha_var=-0.002404, reg_bce_ratio=0.2697 | Val: graph_entropy=0.144366, mf_l2=0.000000, proto_div=0.000000, proto_usage=0.000000, personal_sparse=0.002064, alpha_var=-0.001479, reg_bce_ratio=0.2612
2026-02-11 05:44:10,068 - INFO - [assist_09|assist_09_m3grid_s0p03_d0p1_no3|lr=0.0003|drop=0.10] [Diag][M3] Epoch [004] | residual_abs_mean=0.0000, residual_std=0.0000, mf_abs_mean=0.0000, mf_std=0.0000, gate_mean=0.0000, gate_std=0.0000, irt_abs_mean=1.3452, irt_std=0.6684, delta_abs_mean=0.0000, delta_std=0.0000, delta_over_irt=0.0000, graph_row_entropy=4.8122, graph_entropy_ratio=1.0000, alpha_mean=0.2108, alpha_std=0.4064, personal_row_entropy=0.4104
2026-02-11 05:44:10,068 - INFO - [assist_09|assist_09_m3grid_s0p03_d0p1_no3|lr=0.0003|drop=0.10] [Grad Norms] Epoch [004] | mf_u_proj=0.000000, mf_v_proj=0.000000, fusion_gate=0.000000, q_gate_raw=0.000000, skill_latent=0.000000
2026-02-11 05:44:10,414 - INFO - [assist_09|assist_09_m3grid_s0p03_d0p1_no3|lr=0.0003|drop=0.10] -> New best AUC=0.7422 at epoch 4
2026-02-11 05:44:37,143 - INFO - [assist_09|assist_09_m3grid_s0p03_d0p1_no3|lr=0.0003|drop=0.10] Epoch [005/30] | Train: Loss=0.6556, BCE=0.5149, Reg=0.1407, AUC=0.7861, ACC=0.7429, RMSE=0.4143 | Val: Loss=0.6985, BCE=0.5539, Reg=0.1446, AUC=0.7433, ACC=0.7186, RMSE=0.4322
2026-02-11 05:44:37,143 - INFO - [assist_09|assist_09_m3grid_s0p03_d0p1_no3|lr=0.0003|drop=0.10] [Reg Terms] Epoch [005] | Train: graph_entropy=0.141192, mf_l2=0.000000, proto_div=0.000000, proto_usage=0.000000, personal_sparse=0.001881, alpha_var=-0.002413, reg_bce_ratio=0.2732 | Val: graph_entropy=0.144366, mf_l2=0.000000, proto_div=0.000000, proto_usage=0.000000, personal_sparse=0.001722, alpha_var=-0.001463, reg_bce_ratio=0.2611
2026-02-11 05:44:37,416 - INFO - [assist_09|assist_09_m3grid_s0p03_d0p1_no3|lr=0.0003|drop=0.10] [Diag][M3] Epoch [005] | residual_abs_mean=0.0000, residual_std=0.0000, mf_abs_mean=0.0000, mf_std=0.0000, gate_mean=0.0000, gate_std=0.0000, irt_abs_mean=1.3270, irt_std=0.7021, delta_abs_mean=0.0000, delta_std=0.0000, delta_over_irt=0.0000, graph_row_entropy=4.8122, graph_entropy_ratio=1.0000, alpha_mean=0.2127, alpha_std=0.4065, personal_row_entropy=0.3135
2026-02-11 05:44:37,417 - INFO - [assist_09|assist_09_m3grid_s0p03_d0p1_no3|lr=0.0003|drop=0.10] [Grad Norms] Epoch [005] | mf_u_proj=0.000000, mf_v_proj=0.000000, fusion_gate=0.000000, q_gate_raw=0.000000, skill_latent=0.000000
2026-02-11 05:44:37,776 - INFO - [assist_09|assist_09_m3grid_s0p03_d0p1_no3|lr=0.0003|drop=0.10] -> New best AUC=0.7433 at epoch 5
2026-02-11 05:45:05,041 - INFO - [assist_09|assist_09_m3grid_s0p03_d0p1_no3|lr=0.0003|drop=0.10] Epoch [006/30] | Train: Loss=0.6485, BCE=0.5081, Reg=0.1404, AUC=0.7932, ACC=0.7459, RMSE=0.4114 | Val: Loss=0.6995, BCE=0.5553, Reg=0.1443, AUC=0.7444, ACC=0.7195, RMSE=0.4327
2026-02-11 05:45:05,042 - INFO - [assist_09|assist_09_m3grid_s0p03_d0p1_no3|lr=0.0003|drop=0.10] [Reg Terms] Epoch [006] | Train: graph_entropy=0.141190, mf_l2=0.000001, proto_div=0.000000, proto_usage=0.000000, personal_sparse=0.001617, alpha_var=-0.002424, reg_bce_ratio=0.2763 | Val: graph_entropy=0.144366, mf_l2=0.000001, proto_div=0.000000, proto_usage=0.000000, personal_sparse=0.001377, alpha_var=-0.001473, reg_bce_ratio=0.2598
2026-02-11 05:45:05,312 - INFO - [assist_09|assist_09_m3grid_s0p03_d0p1_no3|lr=0.0003|drop=0.10] [Diag][M3] Epoch [006] | residual_abs_mean=0.0000, residual_std=0.0000, mf_abs_mean=0.0000, mf_std=0.0000, gate_mean=0.0000, gate_std=0.0000, irt_abs_mean=1.3883, irt_std=0.7115, delta_abs_mean=0.0000, delta_std=0.0000, delta_over_irt=0.0000, graph_row_entropy=4.8122, graph_entropy_ratio=1.0000, alpha_mean=0.2117, alpha_std=0.4067, personal_row_entropy=0.2282
2026-02-11 05:45:05,312 - INFO - [assist_09|assist_09_m3grid_s0p03_d0p1_no3|lr=0.0003|drop=0.10] [Grad Norms] Epoch [006] | mf_u_proj=0.000000, mf_v_proj=0.000000, fusion_gate=0.000000, q_gate_raw=0.000000, skill_latent=0.000000
2026-02-11 05:45:05,682 - INFO - [assist_09|assist_09_m3grid_s0p03_d0p1_no3|lr=0.0003|drop=0.10] -> New best AUC=0.7444 at epoch 6
2026-02-11 05:45:33,456 - INFO - [assist_09|assist_09_m3grid_s0p03_d0p1_no3|lr=0.0003|drop=0.10] Epoch [007/30] | Train: Loss=0.6423, BCE=0.5021, Reg=0.1402, AUC=0.7999, ACC=0.7482, RMSE=0.4088 | Val: Loss=0.7010, BCE=0.5569, Reg=0.1442, AUC=0.7437, ACC=0.7198, RMSE=0.4331
2026-02-11 05:45:33,457 - INFO - [assist_09|assist_09_m3grid_s0p03_d0p1_no3|lr=0.0003|drop=0.10] [Reg Terms] Epoch [007] | Train: graph_entropy=0.141192, mf_l2=0.000001, proto_div=0.000000, proto_usage=0.000000, personal_sparse=0.001386, alpha_var=-0.002422, reg_bce_ratio=0.2791 | Val: graph_entropy=0.144366, mf_l2=0.000001, proto_div=0.000000, proto_usage=0.000000, personal_sparse=0.001257, alpha_var=-0.001456, reg_bce_ratio=0.2589
2026-02-11 05:45:33,767 - INFO - [assist_09|assist_09_m3grid_s0p03_d0p1_no3|lr=0.0003|drop=0.10] [Diag][M3] Epoch [007] | residual_abs_mean=0.0000, residual_std=0.0000, mf_abs_mean=0.0000, mf_std=0.0000, gate_mean=0.0000, gate_std=0.0000, irt_abs_mean=1.4858, irt_std=0.7736, delta_abs_mean=0.0000, delta_std=0.0000, delta_over_irt=0.0000, graph_row_entropy=4.8122, graph_entropy_ratio=1.0000, alpha_mean=0.2114, alpha_std=0.4072, personal_row_entropy=0.2156
2026-02-11 05:45:33,768 - INFO - [assist_09|assist_09_m3grid_s0p03_d0p1_no3|lr=0.0003|drop=0.10] [Grad Norms] Epoch [007] | mf_u_proj=0.000000, mf_v_proj=0.000000, fusion_gate=0.000000, q_gate_raw=0.000000, skill_latent=0.000000
2026-02-11 05:45:33,768 - INFO - [assist_09|assist_09_m3grid_s0p03_d0p1_no3|lr=0.0003|drop=0.10] -> No improvement 1 epoch(s) (best AUC=0.7444 @ 6)
2026-02-11 05:46:01,134 - INFO - [assist_09|assist_09_m3grid_s0p03_d0p1_no3|lr=0.0003|drop=0.10] Epoch [008/30] | Train: Loss=0.6366, BCE=0.4966, Reg=0.1400, AUC=0.8051, ACC=0.7515, RMSE=0.4065 | Val: Loss=0.6990, BCE=0.5550, Reg=0.1441, AUC=0.7460, ACC=0.7211, RMSE=0.4321
2026-02-11 05:46:01,134 - INFO - [assist_09|assist_09_m3grid_s0p03_d0p1_no3|lr=0.0003|drop=0.10] [Reg Terms] Epoch [008] | Train: graph_entropy=0.141191, mf_l2=0.000001, proto_div=0.000000, proto_usage=0.000000, personal_sparse=0.001229, alpha_var=-0.002423, reg_bce_ratio=0.2819 | Val: graph_entropy=0.144366, mf_l2=0.000001, proto_div=0.000000, proto_usage=0.000000, personal_sparse=0.001152, alpha_var=-0.001447, reg_bce_ratio=0.2596
2026-02-11 05:46:01,329 - INFO - [assist_09|assist_09_m3grid_s0p03_d0p1_no3|lr=0.0003|drop=0.10] [Diag][M3] Epoch [008] | residual_abs_mean=0.0000, residual_std=0.0000, mf_abs_mean=0.0000, mf_std=0.0000, gate_mean=0.0000, gate_std=0.0000, irt_abs_mean=1.5102, irt_std=0.7947, delta_abs_mean=0.0000, delta_std=0.0000, delta_over_irt=0.0000, graph_row_entropy=4.8122, graph_entropy_ratio=1.0000, alpha_mean=0.2114, alpha_std=0.4072, personal_row_entropy=0.2093
2026-02-11 05:46:01,329 - INFO - [assist_09|assist_09_m3grid_s0p03_d0p1_no3|lr=0.0003|drop=0.10] [Grad Norms] Epoch [008] | mf_u_proj=0.000000, mf_v_proj=0.000000, fusion_gate=0.000000, q_gate_raw=0.000000, skill_latent=0.000000
2026-02-11 05:46:01,644 - INFO - [assist_09|assist_09_m3grid_s0p03_d0p1_no3|lr=0.0003|drop=0.10] -> New best AUC=0.7460 at epoch 8
2026-02-11 05:46:27,965 - INFO - [assist_09|assist_09_m3grid_s0p03_d0p1_no3|lr=0.0003|drop=0.10] Epoch [009/30] | Train: Loss=0.6316, BCE=0.4917, Reg=0.1399, AUC=0.8101, ACC=0.7534, RMSE=0.4043 | Val: Loss=0.7004, BCE=0.5565, Reg=0.1440, AUC=0.7471, ACC=0.7220, RMSE=0.4325
2026-02-11 05:46:27,966 - INFO - [assist_09|assist_09_m3grid_s0p03_d0p1_no3|lr=0.0003|drop=0.10] [Reg Terms] Epoch [009] | Train: graph_entropy=0.141190, mf_l2=0.000001, proto_div=0.000000, proto_usage=0.000000, personal_sparse=0.001136, alpha_var=-0.002431, reg_bce_ratio=0.2845 | Val: graph_entropy=0.144366, mf_l2=0.000001, proto_div=0.000000, proto_usage=0.000000, personal_sparse=0.001069, alpha_var=-0.001466, reg_bce_ratio=0.2587
2026-02-11 05:46:28,240 - INFO - [assist_09|assist_09_m3grid_s0p03_d0p1_no3|lr=0.0003|drop=0.10] [Diag][M3] Epoch [009] | residual_abs_mean=0.0000, residual_std=0.0000, mf_abs_mean=0.0000, mf_std=0.0000, gate_mean=0.0000, gate_std=0.0000, irt_abs_mean=1.5514, irt_std=0.8349, delta_abs_mean=0.0000, delta_std=0.0000, delta_over_irt=0.0000, graph_row_entropy=4.8122, graph_entropy_ratio=1.0000, alpha_mean=0.2540, alpha_std=0.4115, personal_row_entropy=0.1943
2026-02-11 05:46:28,240 - INFO - [assist_09|assist_09_m3grid_s0p03_d0p1_no3|lr=0.0003|drop=0.10] [Grad Norms] Epoch [009] | mf_u_proj=0.000000, mf_v_proj=0.000000, fusion_gate=0.000000, q_gate_raw=0.000000, skill_latent=0.000000
2026-02-11 05:46:28,592 - INFO - [assist_09|assist_09_m3grid_s0p03_d0p1_no3|lr=0.0003|drop=0.10] -> New best AUC=0.7471 at epoch 9
2026-02-11 05:46:56,066 - INFO - [assist_09|assist_09_m3grid_s0p03_d0p1_no3|lr=0.0003|drop=0.10] Epoch [010/30] | Train: Loss=0.6270, BCE=0.4872, Reg=0.1398, AUC=0.8142, ACC=0.7559, RMSE=0.4024 | Val: Loss=0.6987, BCE=0.5548, Reg=0.1439, AUC=0.7476, ACC=0.7227, RMSE=0.4317
2026-02-11 05:46:56,066 - INFO - [assist_09|assist_09_m3grid_s0p03_d0p1_no3|lr=0.0003|drop=0.10] [Reg Terms] Epoch [010] | Train: graph_entropy=0.141192, mf_l2=0.000001, proto_div=0.000000, proto_usage=0.000000, personal_sparse=0.001049, alpha_var=-0.002436, reg_bce_ratio=0.2870 | Val: graph_entropy=0.144366, mf_l2=0.000002, proto_div=0.000000, proto_usage=0.000000, personal_sparse=0.000951, alpha_var=-0.001462, reg_bce_ratio=0.2593
2026-02-11 05:46:56,288 - INFO - [assist_09|assist_09_m3grid_s0p03_d0p1_no3|lr=0.0003|drop=0.10] [Diag][M3] Epoch [010] | residual_abs_mean=0.0000, residual_std=0.0000, mf_abs_mean=0.0000, mf_std=0.0000, gate_mean=0.0000, gate_std=0.0000, irt_abs_mean=1.4975, irt_std=0.8571, delta_abs_mean=0.0000, delta_std=0.0000, delta_over_irt=0.0000, graph_row_entropy=4.8122, graph_entropy_ratio=1.0000, alpha_mean=0.2159, alpha_std=0.4042, personal_row_entropy=0.1346
2026-02-11 05:46:56,288 - INFO - [assist_09|assist_09_m3grid_s0p03_d0p1_no3|lr=0.0003|drop=0.10] [Grad Norms] Epoch [010] | mf_u_proj=0.000000, mf_v_proj=0.000000, fusion_gate=0.000000, q_gate_raw=0.000000, skill_latent=0.000000
2026-02-11 05:46:56,624 - INFO - [assist_09|assist_09_m3grid_s0p03_d0p1_no3|lr=0.0003|drop=0.10] -> New best AUC=0.7476 at epoch 10
2026-02-11 05:46:56,664 - INFO - [assist_09|assist_09_m3grid_s0p03_d0p1_no3|lr=0.0003|drop=0.10] Checkpoint saved: checkpoints/assist_09_m3grid/seed42/s0p03_d0p1_no3/checkpoint_epoch_10.pth
2026-02-11 05:46:56,852 - INFO - [assist_09|assist_09_m3grid_s0p03_d0p1_no3|lr=0.0003|drop=0.10] [Module Activity] Epoch 10: Graph✗ Personal✓ MF✗
2026-02-11 05:47:23,979 - INFO - [assist_09|assist_09_m3grid_s0p03_d0p1_no3|lr=0.0003|drop=0.10] Epoch [011/30] | Train: Loss=0.6229, BCE=0.4831, Reg=0.1397, AUC=0.8181, ACC=0.7571, RMSE=0.4007 | Val: Loss=0.6978, BCE=0.5540, Reg=0.1438, AUC=0.7484, ACC=0.7221, RMSE=0.4311
2026-02-11 05:47:23,980 - INFO - [assist_09|assist_09_m3grid_s0p03_d0p1_no3|lr=0.0003|drop=0.10] [Reg Terms] Epoch [011] | Train: graph_entropy=0.141192, mf_l2=0.000002, proto_div=0.000000, proto_usage=0.000000, personal_sparse=0.000958, alpha_var=-0.002434, reg_bce_ratio=0.2892 | Val: graph_entropy=0.144366, mf_l2=0.000002, proto_div=0.000000, proto_usage=0.000000, personal_sparse=0.000876, alpha_var=-0.001456, reg_bce_ratio=0.2596
2026-02-11 05:47:24,190 - INFO - [assist_09|assist_09_m3grid_s0p03_d0p1_no3|lr=0.0003|drop=0.10] [Diag][M3] Epoch [011] | residual_abs_mean=0.0000, residual_std=0.0000, mf_abs_mean=0.0000, mf_std=0.0000, gate_mean=0.0000, gate_std=0.0000, irt_abs_mean=1.5407, irt_std=0.8822, delta_abs_mean=0.0000, delta_std=0.0000, delta_over_irt=0.0000, graph_row_entropy=4.8122, graph_entropy_ratio=1.0000, alpha_mean=0.2635, alpha_std=0.4192, personal_row_entropy=0.1497
2026-02-11 05:47:24,191 - INFO - [assist_09|assist_09_m3grid_s0p03_d0p1_no3|lr=0.0003|drop=0.10] [Grad Norms] Epoch [011] | mf_u_proj=0.000000, mf_v_proj=0.000000, fusion_gate=0.000000, q_gate_raw=0.000000, skill_latent=0.000000
2026-02-11 05:47:24,518 - INFO - [assist_09|assist_09_m3grid_s0p03_d0p1_no3|lr=0.0003|drop=0.10] -> New best AUC=0.7484 at epoch 11
2026-02-11 05:47:50,816 - INFO - [assist_09|assist_09_m3grid_s0p03_d0p1_no3|lr=0.0003|drop=0.10] Epoch [012/30] | Train: Loss=0.6197, BCE=0.4801, Reg=0.1396, AUC=0.8210, ACC=0.7586, RMSE=0.3994 | Val: Loss=0.6981, BCE=0.5544, Reg=0.1437, AUC=0.7497, ACC=0.7239, RMSE=0.4310
2026-02-11 05:47:50,816 - INFO - [assist_09|assist_09_m3grid_s0p03_d0p1_no3|lr=0.0003|drop=0.10] [Reg Terms] Epoch [012] | Train: graph_entropy=0.141193, mf_l2=0.000002, proto_div=0.000000, proto_usage=0.000000, personal_sparse=0.000887, alpha_var=-0.002433, reg_bce_ratio=0.2909 | Val: graph_entropy=0.144366, mf_l2=0.000002, proto_div=0.000000, proto_usage=0.000000, personal_sparse=0.000806, alpha_var=-0.001463, reg_bce_ratio=0.2592
2026-02-11 05:47:51,107 - INFO - [assist_09|assist_09_m3grid_s0p03_d0p1_no3|lr=0.0003|drop=0.10] [Diag][M3] Epoch [012] | residual_abs_mean=0.0000, residual_std=0.0000, mf_abs_mean=0.0000, mf_std=0.0000, gate_mean=0.0000, gate_std=0.0000, irt_abs_mean=1.6405, irt_std=0.9172, delta_abs_mean=0.0000, delta_std=0.0000, delta_over_irt=0.0000, graph_row_entropy=4.8122, graph_entropy_ratio=1.0000, alpha_mean=0.2848, alpha_std=0.4456, personal_row_entropy=0.1356
2026-02-11 05:47:51,108 - INFO - [assist_09|assist_09_m3grid_s0p03_d0p1_no3|lr=0.0003|drop=0.10] [Grad Norms] Epoch [012] | mf_u_proj=0.000000, mf_v_proj=0.000000, fusion_gate=0.000000, q_gate_raw=0.000000, skill_latent=0.000000
2026-02-11 05:47:51,435 - INFO - [assist_09|assist_09_m3grid_s0p03_d0p1_no3|lr=0.0003|drop=0.10] -> New best AUC=0.7497 at epoch 12
2026-02-11 05:48:20,221 - INFO - [assist_09|assist_09_m3grid_s0p03_d0p1_no3|lr=0.0003|drop=0.10] Epoch [013/30] | Train: Loss=0.6162, BCE=0.4766, Reg=0.1396, AUC=0.8241, ACC=0.7604, RMSE=0.3978 | Val: Loss=0.6996, BCE=0.5559, Reg=0.1437, AUC=0.7485, ACC=0.7222, RMSE=0.4317
2026-02-11 05:48:20,221 - INFO - [assist_09|assist_09_m3grid_s0p03_d0p1_no3|lr=0.0003|drop=0.10] [Reg Terms] Epoch [013] | Train: graph_entropy=0.141189, mf_l2=0.000002, proto_div=0.000000, proto_usage=0.000000, personal_sparse=0.000823, alpha_var=-0.002431, reg_bce_ratio=0.2929 | Val: graph_entropy=0.144366, mf_l2=0.000002, proto_div=0.000000, proto_usage=0.000000, personal_sparse=0.000766, alpha_var=-0.001457, reg_bce_ratio=0.2584
2026-02-11 05:48:20,493 - INFO - [assist_09|assist_09_m3grid_s0p03_d0p1_no3|lr=0.0003|drop=0.10] [Diag][M3] Epoch [013] | residual_abs_mean=0.0000, residual_std=0.0000, mf_abs_mean=0.0000, mf_std=0.0000, gate_mean=0.0000, gate_std=0.0000, irt_abs_mean=1.5999, irt_std=0.9463, delta_abs_mean=0.0000, delta_std=0.0000, delta_over_irt=0.0000, graph_row_entropy=4.8122, graph_entropy_ratio=1.0000, alpha_mean=0.2312, alpha_std=0.4021, personal_row_entropy=0.1263
2026-02-11 05:48:20,494 - INFO - [assist_09|assist_09_m3grid_s0p03_d0p1_no3|lr=0.0003|drop=0.10] [Grad Norms] Epoch [013] | mf_u_proj=0.000000, mf_v_proj=0.000000, fusion_gate=0.000000, q_gate_raw=0.000000, skill_latent=0.000000
2026-02-11 05:48:20,494 - INFO - [assist_09|assist_09_m3grid_s0p03_d0p1_no3|lr=0.0003|drop=0.10] -> No improvement 1 epoch(s) (best AUC=0.7497 @ 12)
2026-02-11 05:48:47,439 - INFO - [assist_09|assist_09_m3grid_s0p03_d0p1_no3|lr=0.0003|drop=0.10] Epoch [014/30] | Train: Loss=0.6127, BCE=0.4732, Reg=0.1395, AUC=0.8273, ACC=0.7612, RMSE=0.3964 | Val: Loss=0.6985, BCE=0.5549, Reg=0.1436, AUC=0.7492, ACC=0.7220, RMSE=0.4311
2026-02-11 05:48:47,440 - INFO - [assist_09|assist_09_m3grid_s0p03_d0p1_no3|lr=0.0003|drop=0.10] [Reg Terms] Epoch [014] | Train: graph_entropy=0.141193, mf_l2=0.000002, proto_div=0.000000, proto_usage=0.000000, personal_sparse=0.000774, alpha_var=-0.002429, reg_bce_ratio=0.2949 | Val: graph_entropy=0.144366, mf_l2=0.000003, proto_div=0.000000, proto_usage=0.000000, personal_sparse=0.000718, alpha_var=-0.001468, reg_bce_ratio=0.2588
2026-02-11 05:48:47,639 - INFO - [assist_09|assist_09_m3grid_s0p03_d0p1_no3|lr=0.0003|drop=0.10] [Diag][M3] Epoch [014] | residual_abs_mean=0.0000, residual_std=0.0000, mf_abs_mean=0.0000, mf_std=0.0000, gate_mean=0.0000, gate_std=0.0000, irt_abs_mean=1.5790, irt_std=0.9545, delta_abs_mean=0.0000, delta_std=0.0000, delta_over_irt=0.0000, graph_row_entropy=4.8122, graph_entropy_ratio=1.0000, alpha_mean=0.2863, alpha_std=0.4472, personal_row_entropy=0.1460
2026-02-11 05:48:47,639 - INFO - [assist_09|assist_09_m3grid_s0p03_d0p1_no3|lr=0.0003|drop=0.10] [Grad Norms] Epoch [014] | mf_u_proj=0.000000, mf_v_proj=0.000000, fusion_gate=0.000000, q_gate_raw=0.000000, skill_latent=0.000000
2026-02-11 05:48:47,640 - INFO - [assist_09|assist_09_m3grid_s0p03_d0p1_no3|lr=0.0003|drop=0.10] -> No improvement 2 epoch(s) (best AUC=0.7497 @ 12)
2026-02-11 05:49:12,332 - INFO - [assist_09|assist_09_m3grid_s0p03_d0p1_no3|lr=0.0003|drop=0.10] Epoch [015/30] | Train: Loss=0.6101, BCE=0.4706, Reg=0.1395, AUC=0.8295, ACC=0.7629, RMSE=0.3952 | Val: Loss=0.6995, BCE=0.5559, Reg=0.1436, AUC=0.7494, ACC=0.7226, RMSE=0.4313
2026-02-11 05:49:12,333 - INFO - [assist_09|assist_09_m3grid_s0p03_d0p1_no3|lr=0.0003|drop=0.10] [Reg Terms] Epoch [015] | Train: graph_entropy=0.141190, mf_l2=0.000003, proto_div=0.000000, proto_usage=0.000000, personal_sparse=0.000734, alpha_var=-0.002429, reg_bce_ratio=0.2965 | Val: graph_entropy=0.144366, mf_l2=0.000003, proto_div=0.000000, proto_usage=0.000000, personal_sparse=0.000672, alpha_var=-0.001475, reg_bce_ratio=0.2583
2026-02-11 05:49:12,536 - INFO - [assist_09|assist_09_m3grid_s0p03_d0p1_no3|lr=0.0003|drop=0.10] [Diag][M3] Epoch [015] | residual_abs_mean=0.0000, residual_std=0.0000, mf_abs_mean=0.0000, mf_std=0.0000, gate_mean=0.0000, gate_std=0.0000, irt_abs_mean=1.6004, irt_std=0.9997, delta_abs_mean=0.0000, delta_std=0.0000, delta_over_irt=0.0000, graph_row_entropy=4.8122, graph_entropy_ratio=1.0000, alpha_mean=0.2851, alpha_std=0.4461, personal_row_entropy=0.1024
2026-02-11 05:49:12,537 - INFO - [assist_09|assist_09_m3grid_s0p03_d0p1_no3|lr=0.0003|drop=0.10] [Grad Norms] Epoch [015] | mf_u_proj=0.000000, mf_v_proj=0.000000, fusion_gate=0.000000, q_gate_raw=0.000000, skill_latent=0.000000
2026-02-11 05:49:12,537 - INFO - [assist_09|assist_09_m3grid_s0p03_d0p1_no3|lr=0.0003|drop=0.10] -> No improvement 3 epoch(s) (best AUC=0.7497 @ 12)
2026-02-11 05:49:12,537 - INFO - [assist_09|assist_09_m3grid_s0p03_d0p1_no3|lr=0.0003|drop=0.10] Early stopping at epoch 15 (best AUC=0.7497 @ 12)
2026-02-11 05:49:12,543 - INFO - Epoch-wise metrics saved to checkpoints/assist_09_m3grid/seed42/s0p03_d0p1_no3/metrics_history.csv
2026-02-11 05:49:12,544 - INFO - [assist_09|assist_09_m3grid_s0p03_d0p1_no3|lr=0.0003|drop=0.10] Training completed! Best Val AUC=0.7497 @ epoch 12
2026-02-11 05:49:12,719 - INFO - 
============================================================
         MODULE ACTIVITY REPORT
============================================================
Dataset: assist_09 | Seed: 42 | Epoch: 15

1. Soft Prototype Module:
   - Status: DISABLED (num_prototypes=0 or use_soft_prototype=False)

2. Concept Graph Module:
   - Mean row entropy: 4.812 / 4.812
   - Entropy ratio: 100.0%
   - Status: ✗ TRIVIAL (uniform distribution, not learning)
   → Consider: increase lambda_sparse or training longer

3. Personal Graph Module:
   - Gate alpha mean: 0.379
   - Gate alpha std: 0.483
   - Status: ✓ ACTIVE (using personalization)

4. Skill/MF Module:
   - MF logit |mean|: 0.0000
   - MF logit std: 0.0000
   - Fusion gate mean: 0.000
   - Status: ✗ INACTIVE (near-zero contribution)
   → Consider: check skill_dim or learning_rate

------------------------------------------------------------
SUMMARY:
   Active modules: Personal Graph
   ⚠ Inactive modules: Concept Graph, Skill/MF
============================================================
2026-02-11 05:49:12,719 - INFO - [assist_09|assist_09_m3grid_s0p03_d0p1_no3|lr=0.0003|drop=0.10] Module activity saved to checkpoints/assist_09_m3grid/seed42/s0p03_d0p1_no3/module_activity.json
2026-02-11 05:49:12,781 - INFO - Using device: cuda:0
2026-02-11 05:49:12,781 - INFO - Loading model from checkpoints/assist_09_m3grid/seed42/s0p03_d0p1_no3/best_model.pth...
2026-02-11 05:49:13,317 - INFO - Inference switches: ablate_module1=False, ablate_module2=False, ablate_module3=True | enable_module1=True, enable_module2=True, enable_module3=False | use_soft_prototype=False, use_mf_branch=False, use_concept_graph=True, use_q_aligned_residual=True, use_soft_prototype_main_path=False | effective(num_gnn_layers=1, num_prototypes=0)
2026-02-11 05:49:13,328 - INFO - [Inference] Ablation runtime check: args(ablate_module1=False,ablate_module2=False,ablate_module3=True) | model(enable_module1=True,enable_module2=True,enable_module3=False) | physical(has_knowledge_encoder=True,has_mf_branch=False,has_soft_prototype=False)
2026-02-11 05:49:13,329 - INFO - Model loaded from epoch 12. Start testing...
2026-02-11 05:49:14,351 - INFO - [Test] 200/411 batches done, samples=25600
2026-02-11 05:49:15,201 - INFO - [Test] 400/411 batches done, samples=51200
2026-02-11 05:49:15,304 - INFO - 
==================================================
2026-02-11 05:49:15,304 - INFO - Test Results:
2026-02-11 05:49:15,304 - INFO - AUC: 0.7527
2026-02-11 05:49:15,304 - INFO - ACC: 0.7268
2026-02-11 05:49:15,304 - INFO - RMSE: 0.4287
2026-02-11 05:49:15,304 - INFO - ==================================================
2026-02-11 05:49:15,323 - INFO - Summary appended to /home/zsh/ConceptSkillCDM/results/experiment_results.csv
2026-02-11 05:49:15,329 - INFO - Run completed.
2026-02-11 05:49:15,329 - INFO - Best validation AUC: 0.7497 at epoch 12
2026-02-11 05:49:15,330 - INFO - Test metrics - AUC: 0.7527, ACC: 0.7268, RMSE: 0.4287
