2026-05-06 02:26:59,636 - INFO - Arguments:
2026-05-06 02:26:59,636 - INFO -   ablate_concept_graph: True
2026-05-06 02:26:59,636 - INFO -   ablate_module1: False
2026-05-06 02:26:59,636 - INFO -   allow_self_loop: True
2026-05-06 02:26:59,636 - INFO -   alpha_min_target: 0.05
2026-05-06 02:26:59,636 - INFO -   batch_size: 128
2026-05-06 02:26:59,636 - INFO -   data_dir: ./data/assist_09
2026-05-06 02:26:59,636 - INFO -   dataset_name: assist_09
2026-05-06 02:26:59,636 - INFO -   debug_graph_diag: True
2026-05-06 02:26:59,636 - INFO -   diag_batches: 1
2026-05-06 02:26:59,636 - INFO -   disable_self_loop: False
2026-05-06 02:26:59,637 - INFO -   dropout: 0.2
2026-05-06 02:26:59,637 - INFO -   early_stop_patience: 2
2026-05-06 02:26:59,637 - INFO -   enable_module1: True
2026-05-06 02:26:59,637 - INFO -   epochs: 12
2026-05-06 02:26:59,637 - INFO -   generate_diagnosis: False
2026-05-06 02:26:59,637 - INFO -   gnn_residual_weight: 0.5
2026-05-06 02:26:59,637 - INFO -   gpu_candidates: None
2026-05-06 02:26:59,637 - INFO -   gpu_ids: None
2026-05-06 02:26:59,637 - INFO -   gpu_memory_threshold: 2000
2026-05-06 02:26:59,637 - INFO -   gpus: None
2026-05-06 02:26:59,637 - INFO -   graph_dropout: 0.0
2026-05-06 02:26:59,637 - INFO -   graph_edge_bias_rank: 8
2026-05-06 02:26:59,637 - INFO -   graph_entropy_max: 0.75
2026-05-06 02:26:59,637 - INFO -   graph_entropy_min: 0.25
2026-05-06 02:26:59,637 - INFO -   graph_headwise_query_gate: True
2026-05-06 02:26:59,637 - INFO -   graph_identity_residual: 0.05
2026-05-06 02:26:59,637 - INFO -   graph_propagation_alpha: 0.24
2026-05-06 02:26:59,637 - INFO -   graph_query_adapter_enable: True
2026-05-06 02:26:59,637 - INFO -   graph_query_readout_2hop_scale: 0.24
2026-05-06 02:26:59,637 - INFO -   graph_query_readout_scale: 0.7
2026-05-06 02:26:59,637 - INFO -   graph_query_writeback_2hop_scale: 0.24
2026-05-06 02:26:59,637 - INFO -   graph_query_writeback_scale: 0.7
2026-05-06 02:26:59,637 - INFO -   graph_readout_1hop_scale: 0.7
2026-05-06 02:26:59,637 - INFO -   graph_readout_2hop_scale: 0.24
2026-05-06 02:26:59,637 - INFO -   graph_reg_cap_ratio: 6.0
2026-05-06 02:26:59,637 - INFO -   graph_reg_warmup_epochs: 4
2026-05-06 02:26:59,637 - INFO -   graph_tau_init: 0.55
2026-05-06 02:26:59,637 - INFO -   graph_topk: 12
2026-05-06 02:26:59,638 - INFO -   graph_uniform_margin: 0.1
2026-05-06 02:26:59,638 - INFO -   knowledge_dim: 64
2026-05-06 02:26:59,638 - INFO -   lambda_alpha: 0.0
2026-05-06 02:26:59,638 - INFO -   lambda_alpha_min: 0.08
2026-05-06 02:26:59,638 - INFO -   lambda_graph_diag: 0.1
2026-05-06 02:26:59,638 - INFO -   lambda_graph_uniform: 0.04
2026-05-06 02:26:59,638 - INFO -   lambda_personal_kl: 0.04
2026-05-06 02:26:59,638 - INFO -   lambda_personal_query_residual: 0.08
2026-05-06 02:26:59,638 - INFO -   lambda_sparse: 0.8
2026-05-06 02:26:59,638 - INFO -   lambda_sparse_personal: 0.0005
2026-05-06 02:26:59,638 - INFO -   learning_rate: 0.0003
2026-05-06 02:26:59,638 - INFO -   log_dir: logs/abce_diag/remote_adapter_residual_probe2_20260506_9c64ef7/assist_09/seed42/best_no_A
2026-05-06 02:26:59,638 - INFO -   max_test_batches: 6
2026-05-06 02:26:59,638 - INFO -   max_train_batches: 24
2026-05-06 02:26:59,638 - INFO -   max_val_batches: 6
2026-05-06 02:26:59,638 - INFO -   min_exer_interactions: 0
2026-05-06 02:26:59,638 - INFO -   min_poison_count: 0
2026-05-06 02:26:59,638 - INFO -   min_stu_interactions: 15
2026-05-06 02:26:59,638 - INFO -   model_variant: assist_09_abce_best_no_A
2026-05-06 02:26:59,638 - INFO -   multi_gpu: False
2026-05-06 02:26:59,638 - INFO -   no_cuda: False
2026-05-06 02:26:59,638 - INFO -   num_gnn_layers: 2
2026-05-06 02:26:59,638 - INFO -   num_gpus: 1
2026-05-06 02:26:59,638 - INFO -   num_relation_heads: 2
2026-05-06 02:26:59,638 - INFO -   num_workers: 4
2026-05-06 02:26:59,638 - INFO -   patience: 5
2026-05-06 02:26:59,638 - INFO -   personal_alpha_base_init: 0.05
2026-05-06 02:26:59,638 - INFO -   personal_alpha_bias_scale: 0.0
2026-05-06 02:26:59,638 - INFO -   personal_alpha_budget: 0.1
2026-05-06 02:26:59,638 - INFO -   personal_alpha_temperature: 2.2
2026-05-06 02:26:59,639 - INFO -   personal_delta_scale: 4.0
2026-05-06 02:26:59,639 - INFO -   personal_disable_student_global_context: True
2026-05-06 02:26:59,639 - INFO -   personal_id_lr_mult: 0.5
2026-05-06 02:26:59,639 - INFO -   personal_include_neighbor_rows: False
2026-05-06 02:26:59,639 - INFO -   personal_local_hops: 1
2026-05-06 02:26:59,639 - INFO -   personal_max_alpha: 0.28
2026-05-06 02:26:59,639 - INFO -   personal_message_alignment_gate: True
2026-05-06 02:26:59,639 - INFO -   personal_neighbor_row_budget: 0.35
2026-05-06 02:26:59,639 - INFO -   personal_projection_hidden_factor: 2
2026-05-06 02:26:59,639 - INFO -   personal_query_correction_max_ratio: 0.15
2026-05-06 02:26:59,639 - INFO -   personal_query_correction_min_graph_anchor: 0.02
2026-05-06 02:26:59,639 - INFO -   personal_query_correction_scale: 1.2
2026-05-06 02:26:59,639 - INFO -   personal_query_message_gain: 1.0
2026-05-06 02:26:59,639 - INFO -   personal_query_residual_margin: 0.08
2026-05-06 02:26:59,639 - INFO -   personal_query_row_budget: 1.0
2026-05-06 02:26:59,639 - INFO -   personal_query_support_hops: 1
2026-05-06 02:26:59,639 - INFO -   personal_rank: 8
2026-05-06 02:26:59,639 - INFO -   personal_reg_warmup_epochs: 8
2026-05-06 02:26:59,639 - INFO -   personal_state_lr_mult: 1.0
2026-05-06 02:26:59,639 - INFO -   personal_student_dim: 32
2026-05-06 02:26:59,639 - INFO -   personal_support_include_graph: True
2026-05-06 02:26:59,639 - INFO -   personal_support_include_neighbors: False
2026-05-06 02:26:59,639 - INFO -   personal_support_include_query_self: True
2026-05-06 02:26:59,639 - INFO -   personal_support_only: True
2026-05-06 02:26:59,639 - INFO -   personal_value_use_global_basis: True
2026-05-06 02:26:59,639 - INFO -   personal_warmup_epochs: 8
2026-05-06 02:26:59,639 - INFO -   prediction_l2_lambda: 1e-05
2026-05-06 02:26:59,639 - INFO -   save_dir: checkpoints/abce_diag/remote_adapter_residual_probe2_20260506_9c64ef7/assist_09/seed42/best_no_A
2026-05-06 02:26:59,639 - INFO -   save_interval: 10
2026-05-06 02:26:59,639 - INFO -   seed: 42
2026-05-06 02:26:59,639 - INFO -   share_concept_embeddings: True
2026-05-06 02:26:59,640 - INFO -   use_concept_graph: False
2026-05-06 02:26:59,640 - INFO -   use_exercise_graph: False
2026-05-06 02:26:59,640 - INFO -   use_personal_graph: True
2026-05-06 02:26:59,640 - INFO -   weight_decay: 1e-05
2026-05-06 02:26:59,746 - INFO - Using device: cuda:0 (physical gpu 3)
2026-05-06 02:26:59,746 - INFO - [assist_09|assist_09_abce_best_no_A|lr=0.0003|drop=0.20] Loading datasets...
2026-05-06 02:26:59,747 - INFO - [assist_09|assist_09_abce_best_no_A|lr=0.0003|drop=0.20] Regularization: graph_entropy(lambda_sparse)=0.800000, graph_diag=0.100000, graph_uniform=0.040000, personal_sparse=0.000500, personal_kl=0.040000, personal_query_residual=0.080000, alpha_penalty=0.000000, alpha_min=0.080000, prediction_l2=0.000010
2026-05-06 02:26:59,747 - INFO - [assist_09|assist_09_abce_best_no_A|lr=0.0003|drop=0.20] Graph controls: entropy_band=[0.25, 0.75], uniform_margin=0.10, warmup_epochs=4, cap_ratio=6.00, graph_dropout=0.000, graph_tau_init=0.550
2026-05-06 02:26:59,747 - INFO - [assist_09|assist_09_abce_best_no_A|lr=0.0003|drop=0.20] Personal controls: personal_max_alpha=0.280, personal_delta_scale=4.000, personal_warmup_epochs=8, personal_student_dim=32, alpha_min_target=0.0500, personal_local_hops=1, include_neighbor_rows=False, personal_support_only=True, personal_alpha_temperature=2.200, personal_alpha_budget=0.100, personal_query_row_budget=1.000, personal_neighbor_row_budget=0.350, personal_query_support_hops=1, personal_query_message_gain=1.000, personal_query_correction_scale=1.200, personal_state_lr_mult=1.000, personal_id_lr_mult=0.500, graph_propagation_alpha=0.240, graph_query_readout_scale=0.700, graph_query_readout_2hop_scale=0.240
2026-05-06 02:27:02,118 - INFO - [assist_09] [数据清洗] 学生交互次数 < 15 次的学生：共移除 313 个学生（仅统计用户数）
2026-05-06 02:27:02,180 - INFO - [assist_09] [数据清洗] 学生冷启动过滤：在 train/valid/test 中共删除 5118 条记录。
2026-05-06 02:27:02,181 - INFO - [assist_09] [数据清洗] 跳过题目冷门过滤（min_exer_interactions <= 0）。
2026-05-06 02:27:02,181 - INFO - [assist_09] [数据清洗] 跳过毒题清洗（min_poison_count <= 0）。
2026-05-06 02:27:02,181 - INFO - [assist_09] 正在构建ID映射...
2026-05-06 02:27:02,439 - INFO - [assist_09] 正在构建Q矩阵...
2026-05-06 02:27:11,013 - INFO - [assist_09] [数据清洗] Valid train-seen 过滤：before=20072, after=19875, dropped=197, coverage=99.02%
2026-05-06 02:27:11,017 - INFO - [assist_09] [数据清洗] Test train-seen 过滤：before=51610, after=51090, dropped=520, coverage=98.99%
2026-05-06 02:27:12,045 - INFO - [assist_09] [统计] 开始统计清洗后每道题的概念数量分布...
2026-05-06 02:27:12,887 - INFO - [assist_09] [Train] 概念数统计：题目数=17057, 平均概念数=1.1995, min=1, max=4, 1概念=14129 (82.83%), ≥2概念=2928 (17.17%)
2026-05-06 02:27:12,888 - INFO - [assist_09] [Train] 概念数直方图（概念数: 题目数量）: {1: 14129, 2: 2533, 3: 315, 4: 80}
2026-05-06 02:27:12,896 - INFO - [assist_09] [Valid] 概念数统计：题目数=9034, 平均概念数=1.1996, min=1, max=4, 1概念=7500 (83.02%), ≥2概念=1534 (16.98%)
2026-05-06 02:27:12,896 - INFO - [assist_09] [Valid] 概念数直方图（概念数: 题目数量）: {1: 7500, 2: 1314, 3: 171, 4: 49}
2026-05-06 02:27:12,902 - INFO - [assist_09] [Test] 概念数统计：题目数=12825, 平均概念数=1.1994, min=1, max=4, 1概念=10661 (83.13%), ≥2概念=2164 (16.87%)
2026-05-06 02:27:12,902 - INFO - [assist_09] [Test] 概念数直方图（概念数: 题目数量）: {1: 10661, 2: 1836, 3: 263, 4: 65}
2026-05-06 02:27:12,902 - INFO - [assist_09] [统计] 概念数量统计完成。
2026-05-06 02:27:12,902 - INFO - [assist_09] 正在加载数据集...
2026-05-06 02:27:13,022 - INFO - [assist_09|assist_09_abce_best_no_A|lr=0.0003|drop=0.20] Train samples: 190623, Val samples: 19875
2026-05-06 02:27:13,023 - INFO - [assist_09|assist_09_abce_best_no_A|lr=0.0003|drop=0.20] Number of students: 2180
2026-05-06 02:27:13,023 - INFO - [assist_09|assist_09_abce_best_no_A|lr=0.0003|drop=0.20] Number of exercises: 17057
2026-05-06 02:27:13,023 - INFO - [assist_09|assist_09_abce_best_no_A|lr=0.0003|drop=0.20] Number of concepts: 123
2026-05-06 02:27:13,023 - INFO - [assist_09|assist_09_abce_best_no_A|lr=0.0003|drop=0.20] Creating model...
2026-05-06 02:27:13,023 - INFO - [assist_09|assist_09_abce_best_no_A|lr=0.0003|drop=0.20] Ablation switches: ablate_module1=False | enable_module1=True | use_concept_graph=False | effective(num_gnn_layers=2)
2026-05-06 02:27:15,645 - INFO - [assist_09|assist_09_abce_best_no_A|lr=0.0003|drop=0.20] Ablation runtime check: args(ablate_module1=False) | expect(use_concept_graph=False,use_personal_graph=True) | model(enable_module1=True,use_concept_graph=False,use_personal_graph=True) | physical(has_knowledge_encoder=True,has_relation_learning=False,has_adaptive_gate=True,has_personal_generator=True)
2026-05-06 02:27:15,646 - INFO - [assist_09|assist_09_abce_best_no_A|lr=0.0003|drop=0.20] Debug diagnostics enabled: diag_batches=1
2026-05-06 02:27:15,646 - INFO - [assist_09|assist_09_abce_best_no_A|lr=0.0003|drop=0.20] [Graph Init] graph_tau_mean=0.0000, graph_tau_std=0.0000, graph_dropout=0.000, use_personal_graph=True
2026-05-06 02:27:15,647 - INFO - [assist_09|assist_09_abce_best_no_A|lr=0.0003|drop=0.20] Total parameters: 999,133
2026-05-06 02:27:15,647 - INFO - [assist_09|assist_09_abce_best_no_A|lr=0.0003|drop=0.20] Trainable parameters: 999,133
2026-05-06 02:28:48,228 - INFO - [assist_09|assist_09_abce_best_no_A|lr=0.0003|drop=0.20] Optimizer param groups: backbone@lr=0.0003, personal_state@lr=0.0003, personal_id@lr=0.00015
2026-05-06 02:28:48,229 - INFO - [assist_09|assist_09_abce_best_no_A|lr=0.0003|drop=0.20] Monitor config: scheduler=val_auc(max), best_checkpoint=val_auc(max), early_stop=val_auc(max)
2026-05-06 02:28:48,229 - INFO - [assist_09|assist_09_abce_best_no_A|lr=0.0003|drop=0.20] Starting training...
2026-05-06 02:29:12,692 - INFO - [assist_09|assist_09_abce_best_no_A|lr=0.0003|drop=0.20] Epoch [001/12] | Train: Loss=0.6734, BCE=0.6727, Reg=0.0007, AUC=0.5190, ACC=0.5993, RMSE=0.4897 | Val: Loss=0.6468, BCE=0.6461, Reg=0.0007, AUC=0.4967, ACC=0.6979, RMSE=0.4762
2026-05-06 02:29:12,693 - INFO - [assist_09|assist_09_abce_best_no_A|lr=0.0003|drop=0.20] [Reg Terms] Epoch [001] | Train: graph_entropy=0.000000, graph_diag=0.000000, graph_uniform=0.000000, graph_reg_scale=1.0000, prediction_l2=0.000000, personal_sparse=0.000001, alpha_var=0.000000, alpha_collapse=0.000445, reg_bce_ratio=0.0011 | Val: graph_entropy=0.000000, graph_diag=0.000000, graph_uniform=0.000000, graph_reg_scale=1.0000, prediction_l2=0.000000, personal_sparse=0.000001, alpha_var=0.000000, alpha_collapse=0.000435, reg_bce_ratio=0.0010
2026-05-06 02:29:12,918 - INFO - [assist_09|assist_09_abce_best_no_A|lr=0.0003|drop=0.20] [Diag][AE] Epoch [001] | irt_abs_mean=0.2746, irt_std=0.1680, personal_warmup_scale=0.12, graph_row_entropy=0.0000, graph_entropy_ratio=0.0000, alpha_mean=0.0482, alpha_std=0.0062, alpha_base_mean=0.0500, alpha_delta_absmean=0.0434, alpha_saturation_ratio=0.0000, alpha_bias_std=NA, alpha_state_path=1.2118, alpha_id_path=0.0000, alpha_bias_path=0.0000, head_bias_path=1.5259, personal_row_entropy=0.0356, personal_matrix_delta=0.0845, personal_matrix_student_std=0.1599, personal_delta_pre_softmax_norm=1.7770, personal_delta_student_std=0.6727, alpha_head_std=0.0038, query_row_global_readout_delta=0.0000, query_row_personal_message_delta=0.0015, query_row_posterior_delta_abs=0.0845, query_row_posterior_kl=0.0564, query_row_delta_local_rms_raw=0.1256, query_row_message_projection_gain=1.4853, personal_to_graph_query_ratio=0.0000, query_row_global_support_mass=0.0000, query_row_personal_support_mass=0.0000, neighbor_row_personal_delta=0.0000, personal_row_budget_mean=1.0000, personal_query_row_std=0.9676, readout_query_support_mass=0.0000, personal_student_mix=0.0050, personal_student_adapter=0.0121, local_row_ratio=0.0098, support_density=0.1840, readout_query_delta=0.0015, personal_bad_rows_active=0.00, personal_fallback_rows_active=0.00, personal_bad_row_rate_active=0.0000, personal_padded_rows=460.00, personal_logits_support_absmax=4.1417, personal_query_trust_scale_mean=0.9207, personal_bad_rows_legacy=460.00, personal_fallback_rows_legacy=460.00, personal_logits_absmax_legacy=30.0000
2026-05-06 02:29:12,919 - INFO - [assist_09|assist_09_abce_best_no_A|lr=0.0003|drop=0.20] [Diag][A] Epoch [001] | entropy_ratio=0.0000, diag_mass=1.0000, to_uniform_l2=0.089800, to_identity_l2=0.000000, relation_identity_delta=0.000000, knowledge_state_graph_delta=0.000000, knowledge_state_personal_delta=0.000000, share_concept_embeddings=True, tau_mean=0.0000, tau_std=0.0000, graph_reg_scale(train/val)=1.0000/1.0000
2026-05-06 02:29:12,919 - INFO - [assist_09|assist_09_abce_best_no_A|lr=0.0003|drop=0.20] [Grad Norms] Epoch [001] | relation_emb=0.000000e+00, relation_tau=0.000000e+00, relation_wq=0.000000e+00, relation_wk=0.000000e+00, personal_u=1.136415e-04, personal_v=9.013084e-05, personal_alpha_bias=0.000000e+00, personal_gate_emb=3.024220e-11, personal_gate_state_proj=6.682844e-06, personal_gate_context_proj=2.078048e-05, personal_gate_state_direct=3.286238e-05, personal_gate_id_direct=5.479191e-11, personal_gate_context_direct=9.741371e-05, personal_gate_out=2.506238e-05, personal_generator_emb=8.919417e-13, personal_generator_context_proj=6.530711e-10, personal_generator_context_hidden=2.435964e-10, personal_generator_context_to_u=5.573058e-10, personal_generator_context_to_v=7.950560e-10, personal_generator_state_row=9.899664e-10, personal_generator_state_col=1.315204e-09, personal_generator_id_row=8.260929e-12, personal_generator_id_col=1.071136e-11, personal_generator_state_adapter=1.324525e-11, personal_generator_id_adapter=6.415772e-14, personal_generator_context_adapter=1.418176e-11, personal_generator_direct_scale=1.356018e-10
2026-05-06 02:29:13,329 - INFO - [assist_09|assist_09_abce_best_no_A|lr=0.0003|drop=0.20] -> New best AUC=0.4967 at epoch 1
2026-05-06 02:29:15,689 - INFO - [assist_09|assist_09_abce_best_no_A|lr=0.0003|drop=0.20] Epoch [002/12] | Train: Loss=0.6541, BCE=0.6529, Reg=0.0012, AUC=0.5383, ACC=0.6549, RMSE=0.4797 | Val: Loss=0.6223, BCE=0.6212, Reg=0.0011, AUC=0.5149, ACC=0.7357, RMSE=0.4633
2026-05-06 02:29:15,689 - INFO - [assist_09|assist_09_abce_best_no_A|lr=0.0003|drop=0.20] [Reg Terms] Epoch [002] | Train: graph_entropy=0.000000, graph_diag=0.000000, graph_uniform=0.000000, graph_reg_scale=1.0000, prediction_l2=0.000000, personal_sparse=0.000002, alpha_var=0.000000, alpha_collapse=0.000686, reg_bce_ratio=0.0018 | Val: graph_entropy=0.000000, graph_diag=0.000000, graph_uniform=0.000000, graph_reg_scale=1.0000, prediction_l2=0.000000, personal_sparse=0.000002, alpha_var=0.000000, alpha_collapse=0.000612, reg_bce_ratio=0.0018
2026-05-06 02:29:15,870 - INFO - [assist_09|assist_09_abce_best_no_A|lr=0.0003|drop=0.20] [Diag][AE] Epoch [002] | irt_abs_mean=0.4146, irt_std=0.1776, personal_warmup_scale=0.25, graph_row_entropy=0.0000, graph_entropy_ratio=0.0000, alpha_mean=0.0493, alpha_std=0.0193, alpha_base_mean=0.0500, alpha_delta_absmean=0.0715, alpha_saturation_ratio=0.0000, alpha_bias_std=NA, alpha_state_path=2.5853, alpha_id_path=0.0000, alpha_bias_path=0.0000, head_bias_path=1.5259, personal_row_entropy=0.0349, personal_matrix_delta=0.0846, personal_matrix_student_std=0.1612, personal_delta_pre_softmax_norm=1.7778, personal_delta_student_std=0.6736, alpha_head_std=0.0171, query_row_global_readout_delta=0.0000, query_row_personal_message_delta=0.0016, query_row_posterior_delta_abs=0.0846, query_row_posterior_kl=0.0565, query_row_delta_local_rms_raw=0.1212, query_row_message_projection_gain=1.4328, personal_to_graph_query_ratio=0.0000, query_row_global_support_mass=0.0000, query_row_personal_support_mass=0.0000, neighbor_row_personal_delta=0.0000, personal_row_budget_mean=1.0000, personal_query_row_std=0.9682, readout_query_support_mass=0.0000, personal_student_mix=0.0051, personal_student_adapter=0.0121, local_row_ratio=0.0098, support_density=0.1840, readout_query_delta=0.0016, personal_bad_rows_active=0.00, personal_fallback_rows_active=0.00, personal_bad_row_rate_active=0.0000, personal_padded_rows=460.00, personal_logits_support_absmax=4.1419, personal_query_trust_scale_mean=0.9190, personal_bad_rows_legacy=460.00, personal_fallback_rows_legacy=460.00, personal_logits_absmax_legacy=30.0000
2026-05-06 02:29:15,871 - INFO - [assist_09|assist_09_abce_best_no_A|lr=0.0003|drop=0.20] [Diag][A] Epoch [002] | entropy_ratio=0.0000, diag_mass=1.0000, to_uniform_l2=0.089800, to_identity_l2=0.000000, relation_identity_delta=0.000000, knowledge_state_graph_delta=0.000000, knowledge_state_personal_delta=0.000000, share_concept_embeddings=True, tau_mean=0.0000, tau_std=0.0000, graph_reg_scale(train/val)=1.0000/1.0000
2026-05-06 02:29:15,871 - INFO - [assist_09|assist_09_abce_best_no_A|lr=0.0003|drop=0.20] [Grad Norms] Epoch [002] | relation_emb=0.000000e+00, relation_tau=0.000000e+00, relation_wq=0.000000e+00, relation_wk=0.000000e+00, personal_u=7.637830e-05, personal_v=4.608521e-05, personal_alpha_bias=0.000000e+00, personal_gate_emb=6.357200e-11, personal_gate_state_proj=2.251787e-05, personal_gate_context_proj=7.027337e-05, personal_gate_state_direct=8.846904e-05, personal_gate_id_direct=8.508436e-11, personal_gate_context_direct=2.687614e-04, personal_gate_out=9.970916e-05, personal_generator_emb=3.532456e-13, personal_generator_context_proj=2.842536e-10, personal_generator_context_hidden=1.284719e-10, personal_generator_context_to_u=4.816726e-10, personal_generator_context_to_v=4.507985e-10, personal_generator_state_row=8.718919e-10, personal_generator_state_col=8.215418e-10, personal_generator_id_row=6.499561e-12, personal_generator_id_col=6.017453e-12, personal_generator_state_adapter=1.248424e-12, personal_generator_id_adapter=1.937669e-14, personal_generator_context_adapter=5.648660e-12, personal_generator_direct_scale=1.115874e-09
2026-05-06 02:29:16,309 - INFO - [assist_09|assist_09_abce_best_no_A|lr=0.0003|drop=0.20] -> New best AUC=0.5149 at epoch 2
2026-05-06 02:29:18,645 - INFO - [assist_09|assist_09_abce_best_no_A|lr=0.0003|drop=0.20] Epoch [003/12] | Train: Loss=0.6432, BCE=0.6420, Reg=0.0013, AUC=0.5650, ACC=0.6592, RMSE=0.4742 | Val: Loss=0.6057, BCE=0.6046, Reg=0.0011, AUC=0.5331, ACC=0.7370, RMSE=0.4546
2026-05-06 02:29:18,645 - INFO - [assist_09|assist_09_abce_best_no_A|lr=0.0003|drop=0.20] [Reg Terms] Epoch [003] | Train: graph_entropy=0.000000, graph_diag=0.000000, graph_uniform=0.000000, graph_reg_scale=1.0000, prediction_l2=0.000000, personal_sparse=0.000002, alpha_var=0.000000, alpha_collapse=0.000511, reg_bce_ratio=0.0020 | Val: graph_entropy=0.000000, graph_diag=0.000000, graph_uniform=0.000000, graph_reg_scale=1.0000, prediction_l2=0.000000, personal_sparse=0.000003, alpha_var=0.000000, alpha_collapse=0.000401, reg_bce_ratio=0.0018
2026-05-06 02:29:18,828 - INFO - [assist_09|assist_09_abce_best_no_A|lr=0.0003|drop=0.20] [Diag][AE] Epoch [003] | irt_abs_mean=0.5291, irt_std=0.1810, personal_warmup_scale=0.38, graph_row_entropy=0.0000, graph_entropy_ratio=0.0000, alpha_mean=0.0507, alpha_std=0.0371, alpha_base_mean=0.0500, alpha_delta_absmean=0.0971, alpha_saturation_ratio=0.0000, alpha_bias_std=NA, alpha_state_path=6.1516, alpha_id_path=0.0000, alpha_bias_path=0.0000, head_bias_path=1.5260, personal_row_entropy=0.0353, personal_matrix_delta=0.0846, personal_matrix_student_std=0.1608, personal_delta_pre_softmax_norm=1.7780, personal_delta_student_std=0.6713, alpha_head_std=0.0367, query_row_global_readout_delta=0.0000, query_row_personal_message_delta=0.0017, query_row_posterior_delta_abs=0.0846, query_row_posterior_kl=0.0565, query_row_delta_local_rms_raw=0.1129, query_row_message_projection_gain=1.3347, personal_to_graph_query_ratio=0.0000, query_row_global_support_mass=0.0000, query_row_personal_support_mass=0.0000, neighbor_row_personal_delta=0.0000, personal_row_budget_mean=1.0000, personal_query_row_std=0.9684, readout_query_support_mass=0.0000, personal_student_mix=0.0051, personal_student_adapter=0.0122, local_row_ratio=0.0098, support_density=0.1840, readout_query_delta=0.0017, personal_bad_rows_active=0.00, personal_fallback_rows_active=0.00, personal_bad_row_rate_active=0.0000, personal_padded_rows=460.00, personal_logits_support_absmax=4.1401, personal_query_trust_scale_mean=0.8874, personal_bad_rows_legacy=460.00, personal_fallback_rows_legacy=460.00, personal_logits_absmax_legacy=30.0000
2026-05-06 02:29:18,829 - INFO - [assist_09|assist_09_abce_best_no_A|lr=0.0003|drop=0.20] [Diag][A] Epoch [003] | entropy_ratio=0.0000, diag_mass=1.0000, to_uniform_l2=0.089800, to_identity_l2=0.000000, relation_identity_delta=0.000000, knowledge_state_graph_delta=0.000000, knowledge_state_personal_delta=0.000000, share_concept_embeddings=True, tau_mean=0.0000, tau_std=0.0000, graph_reg_scale(train/val)=1.0000/1.0000
2026-05-06 02:29:18,829 - INFO - [assist_09|assist_09_abce_best_no_A|lr=0.0003|drop=0.20] [Grad Norms] Epoch [003] | relation_emb=0.000000e+00, relation_tau=0.000000e+00, relation_wq=0.000000e+00, relation_wk=0.000000e+00, personal_u=7.913826e-05, personal_v=5.698595e-05, personal_alpha_bias=0.000000e+00, personal_gate_emb=5.199598e-11, personal_gate_state_proj=3.441717e-05, personal_gate_context_proj=1.011651e-04, personal_gate_state_direct=7.363661e-05, personal_gate_id_direct=9.210530e-11, personal_gate_context_direct=2.156532e-04, personal_gate_out=1.606160e-04, personal_generator_emb=3.547568e-13, personal_generator_context_proj=3.140823e-10, personal_generator_context_hidden=1.326723e-10, personal_generator_context_to_u=5.937444e-10, personal_generator_context_to_v=5.628879e-10, personal_generator_state_row=9.341513e-10, personal_generator_state_col=1.008323e-09, personal_generator_id_row=7.576440e-12, personal_generator_id_col=1.146866e-11, personal_generator_state_adapter=1.041837e-12, personal_generator_id_adapter=1.896829e-15, personal_generator_context_adapter=1.596621e-11, personal_generator_direct_scale=1.278144e-09
2026-05-06 02:29:19,383 - INFO - [assist_09|assist_09_abce_best_no_A|lr=0.0003|drop=0.20] -> New best AUC=0.5331 at epoch 3
2026-05-06 02:29:21,766 - INFO - [assist_09|assist_09_abce_best_no_A|lr=0.0003|drop=0.20] Epoch [004/12] | Train: Loss=0.6290, BCE=0.6279, Reg=0.0011, AUC=0.5706, ACC=0.6768, RMSE=0.4671 | Val: Loss=0.5938, BCE=0.5929, Reg=0.0009, AUC=0.5417, ACC=0.7370, RMSE=0.4486
2026-05-06 02:29:21,767 - INFO - [assist_09|assist_09_abce_best_no_A|lr=0.0003|drop=0.20] [Reg Terms] Epoch [004] | Train: graph_entropy=0.000000, graph_diag=0.000000, graph_uniform=0.000000, graph_reg_scale=1.0000, prediction_l2=0.000000, personal_sparse=0.000003, alpha_var=0.000000, alpha_collapse=0.000015, reg_bce_ratio=0.0018 | Val: graph_entropy=0.000000, graph_diag=0.000000, graph_uniform=0.000000, graph_reg_scale=1.0000, prediction_l2=0.000000, personal_sparse=0.000004, alpha_var=0.000000, alpha_collapse=0.000000, reg_bce_ratio=0.0016
2026-05-06 02:29:21,947 - INFO - [assist_09|assist_09_abce_best_no_A|lr=0.0003|drop=0.20] [Diag][AE] Epoch [004] | irt_abs_mean=0.6316, irt_std=0.1871, personal_warmup_scale=0.50, graph_row_entropy=0.0000, graph_entropy_ratio=0.0000, alpha_mean=0.0504, alpha_std=0.0503, alpha_base_mean=0.0500, alpha_delta_absmean=0.0997, alpha_saturation_ratio=0.0000, alpha_bias_std=NA, alpha_state_path=8.6090, alpha_id_path=0.0000, alpha_bias_path=0.0000, head_bias_path=1.5250, personal_row_entropy=0.0346, personal_matrix_delta=0.0847, personal_matrix_student_std=0.1653, personal_delta_pre_softmax_norm=1.7772, personal_delta_student_std=0.6691, alpha_head_std=0.0503, query_row_global_readout_delta=0.0000, query_row_personal_message_delta=0.0017, query_row_posterior_delta_abs=0.0847, query_row_posterior_kl=0.0566, query_row_delta_local_rms_raw=0.1244, query_row_message_projection_gain=1.4679, personal_to_graph_query_ratio=0.0000, query_row_global_support_mass=0.0000, query_row_personal_support_mass=0.0000, neighbor_row_personal_delta=0.0000, personal_row_budget_mean=1.0000, personal_query_row_std=0.9678, readout_query_support_mass=0.0000, personal_student_mix=0.0051, personal_student_adapter=0.0123, local_row_ratio=0.0098, support_density=0.1840, readout_query_delta=0.0017, personal_bad_rows_active=0.00, personal_fallback_rows_active=0.00, personal_bad_row_rate_active=0.0000, personal_padded_rows=460.00, personal_logits_support_absmax=4.1402, personal_query_trust_scale_mean=0.8771, personal_bad_rows_legacy=460.00, personal_fallback_rows_legacy=460.00, personal_logits_absmax_legacy=30.0000
2026-05-06 02:29:21,948 - INFO - [assist_09|assist_09_abce_best_no_A|lr=0.0003|drop=0.20] [Diag][A] Epoch [004] | entropy_ratio=0.0000, diag_mass=1.0000, to_uniform_l2=0.089800, to_identity_l2=0.000000, relation_identity_delta=0.000000, knowledge_state_graph_delta=0.000000, knowledge_state_personal_delta=0.000000, share_concept_embeddings=True, tau_mean=0.0000, tau_std=0.0000, graph_reg_scale(train/val)=1.0000/1.0000
2026-05-06 02:29:21,948 - INFO - [assist_09|assist_09_abce_best_no_A|lr=0.0003|drop=0.20] [Grad Norms] Epoch [004] | relation_emb=0.000000e+00, relation_tau=0.000000e+00, relation_wq=0.000000e+00, relation_wk=0.000000e+00, personal_u=0.000000e+00, personal_v=0.000000e+00, personal_alpha_bias=0.000000e+00, personal_gate_emb=1.929593e-16, personal_gate_state_proj=4.517269e-11, personal_gate_context_proj=1.680096e-10, personal_gate_state_direct=8.284864e-11, personal_gate_id_direct=2.834797e-16, personal_gate_context_direct=3.105300e-10, personal_gate_out=9.136848e-11, personal_generator_emb=0.000000e+00, personal_generator_context_proj=0.000000e+00, personal_generator_context_hidden=0.000000e+00, personal_generator_context_to_u=0.000000e+00, personal_generator_context_to_v=0.000000e+00, personal_generator_state_row=0.000000e+00, personal_generator_state_col=0.000000e+00, personal_generator_id_row=0.000000e+00, personal_generator_id_col=0.000000e+00, personal_generator_state_adapter=0.000000e+00, personal_generator_id_adapter=0.000000e+00, personal_generator_context_adapter=0.000000e+00, personal_generator_direct_scale=9.926780e-22
2026-05-06 02:29:22,331 - INFO - [assist_09|assist_09_abce_best_no_A|lr=0.0003|drop=0.20] -> New best AUC=0.5417 at epoch 4
2026-05-06 02:29:24,653 - INFO - [assist_09|assist_09_abce_best_no_A|lr=0.0003|drop=0.20] Epoch [005/12] | Train: Loss=0.6389, BCE=0.6375, Reg=0.0013, AUC=0.5795, ACC=0.6533, RMSE=0.4721 | Val: Loss=0.5889, BCE=0.5878, Reg=0.0012, AUC=0.5587, ACC=0.7370, RMSE=0.4461
2026-05-06 02:29:24,654 - INFO - [assist_09|assist_09_abce_best_no_A|lr=0.0003|drop=0.20] [Reg Terms] Epoch [005] | Train: graph_entropy=0.000000, graph_diag=0.000000, graph_uniform=0.000000, graph_reg_scale=1.0000, prediction_l2=0.000000, personal_sparse=0.000004, alpha_var=0.000000, alpha_collapse=0.000000, reg_bce_ratio=0.0021 | Val: graph_entropy=0.000000, graph_diag=0.000000, graph_uniform=0.000000, graph_reg_scale=1.0000, prediction_l2=0.000000, personal_sparse=0.000005, alpha_var=0.000000, alpha_collapse=0.000000, reg_bce_ratio=0.0020
2026-05-06 02:29:24,845 - INFO - [assist_09|assist_09_abce_best_no_A|lr=0.0003|drop=0.20] [Diag][AE] Epoch [005] | irt_abs_mean=0.6742, irt_std=0.1936, personal_warmup_scale=0.62, graph_row_entropy=0.0000, graph_entropy_ratio=0.0000, alpha_mean=0.0566, alpha_std=0.0566, alpha_base_mean=0.0501, alpha_delta_absmean=0.0996, alpha_saturation_ratio=0.0000, alpha_bias_std=NA, alpha_state_path=8.0746, alpha_id_path=0.0000, alpha_bias_path=0.0000, head_bias_path=1.5247, personal_row_entropy=0.0342, personal_matrix_delta=0.0849, personal_matrix_student_std=0.1667, personal_delta_pre_softmax_norm=1.7764, personal_delta_student_std=0.6683, alpha_head_std=0.0566, query_row_global_readout_delta=0.0000, query_row_personal_message_delta=0.0017, query_row_posterior_delta_abs=0.0849, query_row_posterior_kl=0.0566, query_row_delta_local_rms_raw=0.1313, query_row_message_projection_gain=1.5470, personal_to_graph_query_ratio=0.0000, query_row_global_support_mass=0.0000, query_row_personal_support_mass=0.0000, neighbor_row_personal_delta=0.0000, personal_row_budget_mean=1.0000, personal_query_row_std=0.9668, readout_query_support_mass=0.0000, personal_student_mix=0.0052, personal_student_adapter=0.0124, local_row_ratio=0.0098, support_density=0.1840, readout_query_delta=0.0017, personal_bad_rows_active=0.00, personal_fallback_rows_active=0.00, personal_bad_row_rate_active=0.0000, personal_padded_rows=460.00, personal_logits_support_absmax=4.1408, personal_query_trust_scale_mean=0.8713, personal_bad_rows_legacy=460.00, personal_fallback_rows_legacy=460.00, personal_logits_absmax_legacy=30.0000
2026-05-06 02:29:24,845 - INFO - [assist_09|assist_09_abce_best_no_A|lr=0.0003|drop=0.20] [Diag][A] Epoch [005] | entropy_ratio=0.0000, diag_mass=1.0000, to_uniform_l2=0.089800, to_identity_l2=0.000000, relation_identity_delta=0.000000, knowledge_state_graph_delta=0.000000, knowledge_state_personal_delta=0.000000, share_concept_embeddings=True, tau_mean=0.0000, tau_std=0.0000, graph_reg_scale(train/val)=1.0000/1.0000
2026-05-06 02:29:24,845 - INFO - [assist_09|assist_09_abce_best_no_A|lr=0.0003|drop=0.20] [Grad Norms] Epoch [005] | relation_emb=0.000000e+00, relation_tau=0.000000e+00, relation_wq=0.000000e+00, relation_wk=0.000000e+00, personal_u=0.000000e+00, personal_v=0.000000e+00, personal_alpha_bias=0.000000e+00, personal_gate_emb=6.219435e-17, personal_gate_state_proj=1.451204e-11, personal_gate_context_proj=5.339706e-11, personal_gate_state_direct=2.933567e-11, personal_gate_id_direct=1.066858e-16, personal_gate_context_direct=1.082162e-10, personal_gate_out=3.427408e-11, personal_generator_emb=0.000000e+00, personal_generator_context_proj=0.000000e+00, personal_generator_context_hidden=0.000000e+00, personal_generator_context_to_u=0.000000e+00, personal_generator_context_to_v=0.000000e+00, personal_generator_state_row=0.000000e+00, personal_generator_state_col=0.000000e+00, personal_generator_id_row=0.000000e+00, personal_generator_id_col=0.000000e+00, personal_generator_state_adapter=4.335853e-36, personal_generator_id_adapter=2.089326e-38, personal_generator_context_adapter=4.628025e-35, personal_generator_direct_scale=1.618706e-21
2026-05-06 02:29:25,242 - INFO - [assist_09|assist_09_abce_best_no_A|lr=0.0003|drop=0.20] -> New best AUC=0.5587 at epoch 5
2026-05-06 02:29:27,576 - INFO - [assist_09|assist_09_abce_best_no_A|lr=0.0003|drop=0.20] Epoch [006/12] | Train: Loss=0.6276, BCE=0.6260, Reg=0.0016, AUC=0.5987, ACC=0.6680, RMSE=0.4663 | Val: Loss=0.5848, BCE=0.5834, Reg=0.0014, AUC=0.5717, ACC=0.7370, RMSE=0.4439
2026-05-06 02:29:27,576 - INFO - [assist_09|assist_09_abce_best_no_A|lr=0.0003|drop=0.20] [Reg Terms] Epoch [006] | Train: graph_entropy=0.000000, graph_diag=0.000000, graph_uniform=0.000000, graph_reg_scale=1.0000, prediction_l2=0.000000, personal_sparse=0.000005, alpha_var=0.000000, alpha_collapse=0.000000, reg_bce_ratio=0.0026 | Val: graph_entropy=0.000000, graph_diag=0.000000, graph_uniform=0.000000, graph_reg_scale=1.0000, prediction_l2=0.000000, personal_sparse=0.000006, alpha_var=0.000000, alpha_collapse=0.000000, reg_bce_ratio=0.0024
2026-05-06 02:29:27,774 - INFO - [assist_09|assist_09_abce_best_no_A|lr=0.0003|drop=0.20] [Diag][AE] Epoch [006] | irt_abs_mean=0.7095, irt_std=0.2010, personal_warmup_scale=0.75, graph_row_entropy=0.0000, graph_entropy_ratio=0.0000, alpha_mean=0.0627, alpha_std=0.0627, alpha_base_mean=0.0501, alpha_delta_absmean=0.0993, alpha_saturation_ratio=0.0000, alpha_bias_std=NA, alpha_state_path=7.2115, alpha_id_path=0.0000, alpha_bias_path=0.0000, head_bias_path=1.5245, personal_row_entropy=0.0320, personal_matrix_delta=0.0852, personal_matrix_student_std=0.1640, personal_delta_pre_softmax_norm=1.7757, personal_delta_student_std=0.6676, alpha_head_std=0.0627, query_row_global_readout_delta=0.0000, query_row_personal_message_delta=0.0017, query_row_posterior_delta_abs=0.0852, query_row_posterior_kl=0.0569, query_row_delta_local_rms_raw=0.1295, query_row_message_projection_gain=1.5198, personal_to_graph_query_ratio=0.0000, query_row_global_support_mass=0.0000, query_row_personal_support_mass=0.0000, neighbor_row_personal_delta=0.0000, personal_row_budget_mean=1.0000, personal_query_row_std=0.9658, readout_query_support_mass=0.0000, personal_student_mix=0.0052, personal_student_adapter=0.0124, local_row_ratio=0.0098, support_density=0.1840, readout_query_delta=0.0017, personal_bad_rows_active=0.00, personal_fallback_rows_active=0.00, personal_bad_row_rate_active=0.0000, personal_padded_rows=460.00, personal_logits_support_absmax=4.1405, personal_query_trust_scale_mean=0.8666, personal_bad_rows_legacy=460.00, personal_fallback_rows_legacy=460.00, personal_logits_absmax_legacy=30.0000
2026-05-06 02:29:27,774 - INFO - [assist_09|assist_09_abce_best_no_A|lr=0.0003|drop=0.20] [Diag][A] Epoch [006] | entropy_ratio=0.0000, diag_mass=1.0000, to_uniform_l2=0.089800, to_identity_l2=0.000000, relation_identity_delta=0.000000, knowledge_state_graph_delta=0.000000, knowledge_state_personal_delta=0.000000, share_concept_embeddings=True, tau_mean=0.0000, tau_std=0.0000, graph_reg_scale(train/val)=1.0000/1.0000
2026-05-06 02:29:27,775 - INFO - [assist_09|assist_09_abce_best_no_A|lr=0.0003|drop=0.20] [Grad Norms] Epoch [006] | relation_emb=0.000000e+00, relation_tau=0.000000e+00, relation_wq=0.000000e+00, relation_wk=0.000000e+00, personal_u=1.907786e-04, personal_v=1.725957e-04, personal_alpha_bias=0.000000e+00, personal_gate_emb=1.433679e-16, personal_gate_state_proj=3.573251e-11, personal_gate_context_proj=1.291771e-10, personal_gate_state_direct=7.332866e-11, personal_gate_id_direct=2.188633e-16, personal_gate_context_direct=2.668239e-10, personal_gate_out=7.386334e-11, personal_generator_emb=1.195701e-13, personal_generator_context_proj=1.914436e-10, personal_generator_context_hidden=7.270579e-11, personal_generator_context_to_u=3.827548e-10, personal_generator_context_to_v=4.258444e-10, personal_generator_state_row=1.294907e-09, personal_generator_state_col=1.487784e-09, personal_generator_id_row=1.183304e-11, personal_generator_id_col=1.590858e-11, personal_generator_state_adapter=9.836546e-14, personal_generator_id_adapter=3.641717e-15, personal_generator_context_adapter=8.109131e-12, personal_generator_direct_scale=3.735555e-10
2026-05-06 02:29:28,229 - INFO - [assist_09|assist_09_abce_best_no_A|lr=0.0003|drop=0.20] -> New best AUC=0.5717 at epoch 6
2026-05-06 02:29:30,535 - INFO - [assist_09|assist_09_abce_best_no_A|lr=0.0003|drop=0.20] Epoch [007/12] | Train: Loss=0.6310, BCE=0.6290, Reg=0.0020, AUC=0.5917, ACC=0.6631, RMSE=0.4679 | Val: Loss=0.5817, BCE=0.5800, Reg=0.0017, AUC=0.5814, ACC=0.7370, RMSE=0.4422
2026-05-06 02:29:30,535 - INFO - [assist_09|assist_09_abce_best_no_A|lr=0.0003|drop=0.20] [Reg Terms] Epoch [007] | Train: graph_entropy=0.000000, graph_diag=0.000000, graph_uniform=0.000000, graph_reg_scale=1.0000, prediction_l2=0.000000, personal_sparse=0.000006, alpha_var=0.000000, alpha_collapse=0.000000, reg_bce_ratio=0.0031 | Val: graph_entropy=0.000000, graph_diag=0.000000, graph_uniform=0.000000, graph_reg_scale=1.0000, prediction_l2=0.000000, personal_sparse=0.000007, alpha_var=0.000000, alpha_collapse=0.000000, reg_bce_ratio=0.0029
2026-05-06 02:29:30,727 - INFO - [assist_09|assist_09_abce_best_no_A|lr=0.0003|drop=0.20] [Diag][AE] Epoch [007] | irt_abs_mean=0.7382, irt_std=0.2078, personal_warmup_scale=0.88, graph_row_entropy=0.0000, graph_entropy_ratio=0.0000, alpha_mean=0.0687, alpha_std=0.0687, alpha_base_mean=0.0501, alpha_delta_absmean=0.0988, alpha_saturation_ratio=0.0000, alpha_bias_std=NA, alpha_state_path=6.4576, alpha_id_path=0.0000, alpha_bias_path=0.0000, head_bias_path=1.5243, personal_row_entropy=0.0331, personal_matrix_delta=0.0851, personal_matrix_student_std=0.1609, personal_delta_pre_softmax_norm=1.7765, personal_delta_student_std=0.6680, alpha_head_std=0.0687, query_row_global_readout_delta=0.0000, query_row_personal_message_delta=0.0017, query_row_posterior_delta_abs=0.0851, query_row_posterior_kl=0.0568, query_row_delta_local_rms_raw=0.1321, query_row_message_projection_gain=1.5535, personal_to_graph_query_ratio=0.0000, query_row_global_support_mass=0.0000, query_row_personal_support_mass=0.0000, neighbor_row_personal_delta=0.0000, personal_row_budget_mean=1.0000, personal_query_row_std=0.9667, readout_query_support_mass=0.0000, personal_student_mix=0.0052, personal_student_adapter=0.0125, local_row_ratio=0.0098, support_density=0.1840, readout_query_delta=0.0017, personal_bad_rows_active=0.00, personal_fallback_rows_active=0.00, personal_bad_row_rate_active=0.0000, personal_padded_rows=460.00, personal_logits_support_absmax=4.1406, personal_query_trust_scale_mean=0.8633, personal_bad_rows_legacy=460.00, personal_fallback_rows_legacy=460.00, personal_logits_absmax_legacy=30.0000
2026-05-06 02:29:30,728 - INFO - [assist_09|assist_09_abce_best_no_A|lr=0.0003|drop=0.20] [Diag][A] Epoch [007] | entropy_ratio=0.0000, diag_mass=1.0000, to_uniform_l2=0.089800, to_identity_l2=0.000000, relation_identity_delta=0.000000, knowledge_state_graph_delta=0.000000, knowledge_state_personal_delta=0.000000, share_concept_embeddings=True, tau_mean=0.0000, tau_std=0.0000, graph_reg_scale(train/val)=1.0000/1.0000
2026-05-06 02:29:30,728 - INFO - [assist_09|assist_09_abce_best_no_A|lr=0.0003|drop=0.20] [Grad Norms] Epoch [007] | relation_emb=0.000000e+00, relation_tau=0.000000e+00, relation_wq=0.000000e+00, relation_wk=0.000000e+00, personal_u=2.907521e-05, personal_v=2.780249e-05, personal_alpha_bias=0.000000e+00, personal_gate_emb=4.697625e-17, personal_gate_state_proj=1.367227e-11, personal_gate_context_proj=5.385828e-11, personal_gate_state_direct=2.755770e-11, personal_gate_id_direct=8.291034e-17, personal_gate_context_direct=1.153631e-10, personal_gate_out=4.000402e-11, personal_generator_emb=2.586554e-14, personal_generator_context_proj=6.014569e-11, personal_generator_context_hidden=2.475966e-11, personal_generator_context_to_u=1.124595e-10, personal_generator_context_to_v=1.815687e-10, personal_generator_state_row=4.082322e-10, personal_generator_state_col=6.669672e-10, personal_generator_id_row=2.850413e-12, personal_generator_id_col=4.574587e-12, personal_generator_state_adapter=5.979080e-14, personal_generator_id_adapter=3.928741e-16, personal_generator_context_adapter=1.446617e-12, personal_generator_direct_scale=1.092109e-09
2026-05-06 02:29:31,121 - INFO - [assist_09|assist_09_abce_best_no_A|lr=0.0003|drop=0.20] -> New best AUC=0.5814 at epoch 7
2026-05-06 02:29:33,492 - INFO - [assist_09|assist_09_abce_best_no_A|lr=0.0003|drop=0.20] Epoch [008/12] | Train: Loss=0.6353, BCE=0.6333, Reg=0.0020, AUC=0.5987, ACC=0.6546, RMSE=0.4701 | Val: Loss=0.5800, BCE=0.5781, Reg=0.0019, AUC=0.5918, ACC=0.7370, RMSE=0.4413
2026-05-06 02:29:33,493 - INFO - [assist_09|assist_09_abce_best_no_A|lr=0.0003|drop=0.20] [Reg Terms] Epoch [008] | Train: graph_entropy=0.000000, graph_diag=0.000000, graph_uniform=0.000000, graph_reg_scale=1.0000, prediction_l2=0.000000, personal_sparse=0.000007, alpha_var=0.000000, alpha_collapse=0.000000, reg_bce_ratio=0.0032 | Val: graph_entropy=0.000000, graph_diag=0.000000, graph_uniform=0.000000, graph_reg_scale=1.0000, prediction_l2=0.000000, personal_sparse=0.000007, alpha_var=0.000000, alpha_collapse=0.000000, reg_bce_ratio=0.0033
2026-05-06 02:29:33,676 - INFO - [assist_09|assist_09_abce_best_no_A|lr=0.0003|drop=0.20] [Diag][AE] Epoch [008] | irt_abs_mean=0.7505, irt_std=0.2091, personal_warmup_scale=1.00, graph_row_entropy=0.0000, graph_entropy_ratio=0.0000, alpha_mean=0.0744, alpha_std=0.0745, alpha_base_mean=0.0501, alpha_delta_absmean=0.0980, alpha_saturation_ratio=0.0000, alpha_bias_std=NA, alpha_state_path=5.8186, alpha_id_path=0.0000, alpha_bias_path=0.0000, head_bias_path=1.5241, personal_row_entropy=0.0325, personal_matrix_delta=0.0851, personal_matrix_student_std=0.1613, personal_delta_pre_softmax_norm=1.7763, personal_delta_student_std=0.6668, alpha_head_std=0.0744, query_row_global_readout_delta=0.0000, query_row_personal_message_delta=0.0017, query_row_posterior_delta_abs=0.0851, query_row_posterior_kl=0.0568, query_row_delta_local_rms_raw=0.1321, query_row_message_projection_gain=1.5519, personal_to_graph_query_ratio=0.0000, query_row_global_support_mass=0.0000, query_row_personal_support_mass=0.0000, neighbor_row_personal_delta=0.0000, personal_row_budget_mean=1.0000, personal_query_row_std=0.9664, readout_query_support_mass=0.0000, personal_student_mix=0.0053, personal_student_adapter=0.0126, local_row_ratio=0.0098, support_density=0.1840, readout_query_delta=0.0017, personal_bad_rows_active=0.00, personal_fallback_rows_active=0.00, personal_bad_row_rate_active=0.0000, personal_padded_rows=460.00, personal_logits_support_absmax=4.1414, personal_query_trust_scale_mean=0.8605, personal_bad_rows_legacy=460.00, personal_fallback_rows_legacy=460.00, personal_logits_absmax_legacy=30.0000
2026-05-06 02:29:33,676 - INFO - [assist_09|assist_09_abce_best_no_A|lr=0.0003|drop=0.20] [Diag][A] Epoch [008] | entropy_ratio=0.0000, diag_mass=1.0000, to_uniform_l2=0.089800, to_identity_l2=0.000000, relation_identity_delta=0.000000, knowledge_state_graph_delta=0.000000, knowledge_state_personal_delta=0.000000, share_concept_embeddings=True, tau_mean=0.0000, tau_std=0.0000, graph_reg_scale(train/val)=1.0000/1.0000
2026-05-06 02:29:33,677 - INFO - [assist_09|assist_09_abce_best_no_A|lr=0.0003|drop=0.20] [Grad Norms] Epoch [008] | relation_emb=0.000000e+00, relation_tau=0.000000e+00, relation_wq=0.000000e+00, relation_wk=0.000000e+00, personal_u=3.309441e-05, personal_v=2.751737e-05, personal_alpha_bias=0.000000e+00, personal_gate_emb=7.120585e-16, personal_gate_state_proj=1.483646e-10, personal_gate_context_proj=6.471869e-10, personal_gate_state_direct=3.382776e-10, personal_gate_id_direct=1.052487e-15, personal_gate_context_direct=1.534221e-09, personal_gate_out=2.620680e-10, personal_generator_emb=6.206537e-15, personal_generator_context_proj=2.854748e-11, personal_generator_context_hidden=1.022890e-11, personal_generator_context_to_u=7.151071e-11, personal_generator_context_to_v=7.502773e-11, personal_generator_state_row=3.167076e-10, personal_generator_state_col=3.181511e-10, personal_generator_id_row=2.427296e-12, personal_generator_id_col=2.411941e-12, personal_generator_state_adapter=2.435405e-14, personal_generator_id_adapter=3.690069e-17, personal_generator_context_adapter=1.004875e-12, personal_generator_direct_scale=5.747301e-11
2026-05-06 02:29:36,383 - INFO - [assist_09|assist_09_abce_best_no_A|lr=0.0003|drop=0.20] -> New best AUC=0.5918 at epoch 8
2026-05-06 02:29:38,758 - INFO - [assist_09|assist_09_abce_best_no_A|lr=0.0003|drop=0.20] Epoch [009/12] | Train: Loss=0.6305, BCE=0.6285, Reg=0.0020, AUC=0.6231, ACC=0.6546, RMSE=0.4677 | Val: Loss=0.5787, BCE=0.5768, Reg=0.0019, AUC=0.5998, ACC=0.7370, RMSE=0.4406
2026-05-06 02:29:38,758 - INFO - [assist_09|assist_09_abce_best_no_A|lr=0.0003|drop=0.20] [Reg Terms] Epoch [009] | Train: graph_entropy=0.000000, graph_diag=0.000000, graph_uniform=0.000000, graph_reg_scale=1.0000, prediction_l2=0.000000, personal_sparse=0.000006, alpha_var=0.000000, alpha_collapse=0.000000, reg_bce_ratio=0.0032 | Val: graph_entropy=0.000000, graph_diag=0.000000, graph_uniform=0.000000, graph_reg_scale=1.0000, prediction_l2=0.000000, personal_sparse=0.000007, alpha_var=0.000000, alpha_collapse=0.000000, reg_bce_ratio=0.0033
2026-05-06 02:29:38,948 - INFO - [assist_09|assist_09_abce_best_no_A|lr=0.0003|drop=0.20] [Diag][AE] Epoch [009] | irt_abs_mean=0.7534, irt_std=0.2220, personal_warmup_scale=1.00, graph_row_entropy=0.0000, graph_entropy_ratio=0.0000, alpha_mean=0.0739, alpha_std=0.0738, alpha_base_mean=0.0501, alpha_delta_absmean=0.0969, alpha_saturation_ratio=0.0000, alpha_bias_std=NA, alpha_state_path=5.2769, alpha_id_path=0.0000, alpha_bias_path=0.0000, head_bias_path=1.5239, personal_row_entropy=0.0310, personal_matrix_delta=0.0854, personal_matrix_student_std=0.1610, personal_delta_pre_softmax_norm=1.7755, personal_delta_student_std=0.6652, alpha_head_std=0.0738, query_row_global_readout_delta=0.0000, query_row_personal_message_delta=0.0017, query_row_posterior_delta_abs=0.0854, query_row_posterior_kl=0.0570, query_row_delta_local_rms_raw=0.1313, query_row_message_projection_gain=1.5375, personal_to_graph_query_ratio=0.0000, query_row_global_support_mass=0.0000, query_row_personal_support_mass=0.0000, neighbor_row_personal_delta=0.0000, personal_row_budget_mean=1.0000, personal_query_row_std=0.9656, readout_query_support_mass=0.0000, personal_student_mix=0.0053, personal_student_adapter=0.0127, local_row_ratio=0.0098, support_density=0.1840, readout_query_delta=0.0017, personal_bad_rows_active=0.00, personal_fallback_rows_active=0.00, personal_bad_row_rate_active=0.0000, personal_padded_rows=460.00, personal_logits_support_absmax=4.1419, personal_query_trust_scale_mean=0.8609, personal_bad_rows_legacy=460.00, personal_fallback_rows_legacy=460.00, personal_logits_absmax_legacy=30.0000
2026-05-06 02:29:38,949 - INFO - [assist_09|assist_09_abce_best_no_A|lr=0.0003|drop=0.20] [Diag][A] Epoch [009] | entropy_ratio=0.0000, diag_mass=1.0000, to_uniform_l2=0.089800, to_identity_l2=0.000000, relation_identity_delta=0.000000, knowledge_state_graph_delta=0.000000, knowledge_state_personal_delta=0.000000, share_concept_embeddings=True, tau_mean=0.0000, tau_std=0.0000, graph_reg_scale(train/val)=1.0000/1.0000
2026-05-06 02:29:38,949 - INFO - [assist_09|assist_09_abce_best_no_A|lr=0.0003|drop=0.20] [Grad Norms] Epoch [009] | relation_emb=0.000000e+00, relation_tau=0.000000e+00, relation_wq=0.000000e+00, relation_wk=0.000000e+00, personal_u=1.851783e-05, personal_v=1.767638e-05, personal_alpha_bias=0.000000e+00, personal_gate_emb=8.207020e-17, personal_gate_state_proj=2.390287e-11, personal_gate_context_proj=7.725792e-11, personal_gate_state_direct=6.453502e-11, personal_gate_id_direct=1.131644e-16, personal_gate_context_direct=2.110246e-10, personal_gate_out=3.733864e-11, personal_generator_emb=1.322329e-14, personal_generator_context_proj=2.512284e-11, personal_generator_context_hidden=9.922288e-12, personal_generator_context_to_u=8.786441e-11, personal_generator_context_to_v=1.021279e-10, personal_generator_state_row=2.991211e-10, personal_generator_state_col=3.476878e-10, personal_generator_id_row=2.186473e-12, personal_generator_id_col=2.541479e-12, personal_generator_state_adapter=1.408880e-14, personal_generator_id_adapter=1.248992e-18, personal_generator_context_adapter=1.213745e-13, personal_generator_direct_scale=6.336005e-11
2026-05-06 02:29:39,832 - INFO - [assist_09|assist_09_abce_best_no_A|lr=0.0003|drop=0.20] -> New best AUC=0.5998 at epoch 9
2026-05-06 02:29:42,222 - INFO - [assist_09|assist_09_abce_best_no_A|lr=0.0003|drop=0.20] Epoch [010/12] | Train: Loss=0.6354, BCE=0.6335, Reg=0.0020, AUC=0.6024, ACC=0.6523, RMSE=0.4702 | Val: Loss=0.5774, BCE=0.5754, Reg=0.0019, AUC=0.6058, ACC=0.7383, RMSE=0.4400
2026-05-06 02:29:42,222 - INFO - [assist_09|assist_09_abce_best_no_A|lr=0.0003|drop=0.20] [Reg Terms] Epoch [010] | Train: graph_entropy=0.000000, graph_diag=0.000000, graph_uniform=0.000000, graph_reg_scale=1.0000, prediction_l2=0.000000, personal_sparse=0.000006, alpha_var=0.000000, alpha_collapse=0.000000, reg_bce_ratio=0.0031 | Val: graph_entropy=0.000000, graph_diag=0.000000, graph_uniform=0.000000, graph_reg_scale=1.0000, prediction_l2=0.000000, personal_sparse=0.000007, alpha_var=0.000000, alpha_collapse=0.000000, reg_bce_ratio=0.0033
2026-05-06 02:29:42,399 - INFO - [assist_09|assist_09_abce_best_no_A|lr=0.0003|drop=0.20] [Diag][AE] Epoch [010] | irt_abs_mean=0.7530, irt_std=0.2337, personal_warmup_scale=1.00, graph_row_entropy=0.0000, graph_entropy_ratio=0.0000, alpha_mean=0.0732, alpha_std=0.0730, alpha_base_mean=0.0501, alpha_delta_absmean=0.0956, alpha_saturation_ratio=0.0000, alpha_bias_std=NA, alpha_state_path=4.8212, alpha_id_path=0.0000, alpha_bias_path=0.0000, head_bias_path=1.5236, personal_row_entropy=0.0273, personal_matrix_delta=0.0858, personal_matrix_student_std=0.1608, personal_delta_pre_softmax_norm=1.7757, personal_delta_student_std=0.6655, alpha_head_std=0.0729, query_row_global_readout_delta=0.0000, query_row_personal_message_delta=0.0017, query_row_posterior_delta_abs=0.0858, query_row_posterior_kl=0.0575, query_row_delta_local_rms_raw=0.1335, query_row_message_projection_gain=1.5562, personal_to_graph_query_ratio=0.0000, query_row_global_support_mass=0.0000, query_row_personal_support_mass=0.0000, neighbor_row_personal_delta=0.0000, personal_row_budget_mean=1.0000, personal_query_row_std=0.9658, readout_query_support_mass=0.0000, personal_student_mix=0.0054, personal_student_adapter=0.0127, local_row_ratio=0.0098, support_density=0.1840, readout_query_delta=0.0017, personal_bad_rows_active=0.00, personal_fallback_rows_active=0.00, personal_bad_row_rate_active=0.0000, personal_padded_rows=460.00, personal_logits_support_absmax=4.1413, personal_query_trust_scale_mean=0.8613, personal_bad_rows_legacy=460.00, personal_fallback_rows_legacy=460.00, personal_logits_absmax_legacy=30.0000
2026-05-06 02:29:42,399 - INFO - [assist_09|assist_09_abce_best_no_A|lr=0.0003|drop=0.20] [Diag][A] Epoch [010] | entropy_ratio=0.0000, diag_mass=1.0000, to_uniform_l2=0.089800, to_identity_l2=0.000000, relation_identity_delta=0.000000, knowledge_state_graph_delta=0.000000, knowledge_state_personal_delta=0.000000, share_concept_embeddings=True, tau_mean=0.0000, tau_std=0.0000, graph_reg_scale(train/val)=1.0000/1.0000
2026-05-06 02:29:42,399 - INFO - [assist_09|assist_09_abce_best_no_A|lr=0.0003|drop=0.20] [Grad Norms] Epoch [010] | relation_emb=0.000000e+00, relation_tau=0.000000e+00, relation_wq=0.000000e+00, relation_wk=0.000000e+00, personal_u=1.695234e-05, personal_v=1.912872e-05, personal_alpha_bias=0.000000e+00, personal_gate_emb=7.882415e-16, personal_gate_state_proj=2.616639e-10, personal_gate_context_proj=8.581418e-10, personal_gate_state_direct=8.016175e-10, personal_gate_id_direct=1.511170e-15, personal_gate_context_direct=2.616981e-09, personal_gate_out=5.739553e-10, personal_generator_emb=2.091937e-15, personal_generator_context_proj=3.491906e-11, personal_generator_context_hidden=1.315308e-11, personal_generator_context_to_u=1.046716e-10, personal_generator_context_to_v=1.683289e-10, personal_generator_state_row=5.610509e-10, personal_generator_state_col=8.898272e-10, personal_generator_id_row=4.088741e-12, personal_generator_id_col=6.636290e-12, personal_generator_state_adapter=1.896230e-14, personal_generator_id_adapter=3.188235e-17, personal_generator_context_adapter=1.078291e-13, personal_generator_direct_scale=1.558799e-09
2026-05-06 02:29:45,020 - INFO - [assist_09|assist_09_abce_best_no_A|lr=0.0003|drop=0.20] -> New best AUC=0.6058 at epoch 10
2026-05-06 02:29:45,090 - INFO - [assist_09|assist_09_abce_best_no_A|lr=0.0003|drop=0.20] Checkpoint saved: checkpoints/abce_diag/remote_adapter_residual_probe2_20260506_9c64ef7/assist_09/seed42/best_no_A/checkpoint_epoch_10.pth
2026-05-06 02:29:45,392 - INFO - [assist_09|assist_09_abce_best_no_A|lr=0.0003|drop=0.20] [Module Activity] Epoch 10: Personal[TRUST_CLIPPED]
2026-05-06 02:29:47,695 - INFO - [assist_09|assist_09_abce_best_no_A|lr=0.0003|drop=0.20] Epoch [011/12] | Train: Loss=0.6334, BCE=0.6313, Reg=0.0021, AUC=0.6179, ACC=0.6514, RMSE=0.4692 | Val: Loss=0.5764, BCE=0.5745, Reg=0.0019, AUC=0.6120, ACC=0.7370, RMSE=0.4395
2026-05-06 02:29:47,695 - INFO - [assist_09|assist_09_abce_best_no_A|lr=0.0003|drop=0.20] [Reg Terms] Epoch [011] | Train: graph_entropy=0.000000, graph_diag=0.000000, graph_uniform=0.000000, graph_reg_scale=1.0000, prediction_l2=0.000000, personal_sparse=0.000006, alpha_var=0.000000, alpha_collapse=0.000000, reg_bce_ratio=0.0033 | Val: graph_entropy=0.000000, graph_diag=0.000000, graph_uniform=0.000000, graph_reg_scale=1.0000, prediction_l2=0.000000, personal_sparse=0.000007, alpha_var=0.000000, alpha_collapse=0.000000, reg_bce_ratio=0.0033
2026-05-06 02:29:47,879 - INFO - [assist_09|assist_09_abce_best_no_A|lr=0.0003|drop=0.20] [Diag][AE] Epoch [011] | irt_abs_mean=0.7540, irt_std=0.2431, personal_warmup_scale=1.00, graph_row_entropy=0.0000, graph_entropy_ratio=0.0000, alpha_mean=0.0723, alpha_std=0.0721, alpha_base_mean=0.0501, alpha_delta_absmean=0.0942, alpha_saturation_ratio=0.0000, alpha_bias_std=NA, alpha_state_path=4.4362, alpha_id_path=0.0000, alpha_bias_path=0.0000, head_bias_path=1.5234, personal_row_entropy=0.0269, personal_matrix_delta=0.0858, personal_matrix_student_std=0.1608, personal_delta_pre_softmax_norm=1.7768, personal_delta_student_std=0.6672, alpha_head_std=0.0719, query_row_global_readout_delta=0.0000, query_row_personal_message_delta=0.0017, query_row_posterior_delta_abs=0.0858, query_row_posterior_kl=0.0576, query_row_delta_local_rms_raw=0.1298, query_row_message_projection_gain=1.5123, personal_to_graph_query_ratio=0.0000, query_row_global_support_mass=0.0000, query_row_personal_support_mass=0.0000, neighbor_row_personal_delta=0.0000, personal_row_budget_mean=1.0000, personal_query_row_std=0.9666, readout_query_support_mass=0.0000, personal_student_mix=0.0054, personal_student_adapter=0.0128, local_row_ratio=0.0098, support_density=0.1840, readout_query_delta=0.0017, personal_bad_rows_active=0.00, personal_fallback_rows_active=0.00, personal_bad_row_rate_active=0.0000, personal_padded_rows=460.00, personal_logits_support_absmax=4.1408, personal_query_trust_scale_mean=0.8623, personal_bad_rows_legacy=460.00, personal_fallback_rows_legacy=460.00, personal_logits_absmax_legacy=30.0000
2026-05-06 02:29:47,879 - INFO - [assist_09|assist_09_abce_best_no_A|lr=0.0003|drop=0.20] [Diag][A] Epoch [011] | entropy_ratio=0.0000, diag_mass=1.0000, to_uniform_l2=0.089800, to_identity_l2=0.000000, relation_identity_delta=0.000000, knowledge_state_graph_delta=0.000000, knowledge_state_personal_delta=0.000000, share_concept_embeddings=True, tau_mean=0.0000, tau_std=0.0000, graph_reg_scale(train/val)=1.0000/1.0000
2026-05-06 02:29:47,879 - INFO - [assist_09|assist_09_abce_best_no_A|lr=0.0003|drop=0.20] [Grad Norms] Epoch [011] | relation_emb=0.000000e+00, relation_tau=0.000000e+00, relation_wq=0.000000e+00, relation_wk=0.000000e+00, personal_u=8.963066e-05, personal_v=9.920578e-05, personal_alpha_bias=0.000000e+00, personal_gate_emb=4.078756e-16, personal_gate_state_proj=1.032523e-10, personal_gate_context_proj=3.557231e-10, personal_gate_state_direct=3.569612e-10, personal_gate_id_direct=9.144936e-16, personal_gate_context_direct=1.232699e-09, personal_gate_out=1.696721e-10, personal_generator_emb=3.940804e-15, personal_generator_context_proj=8.743996e-11, personal_generator_context_hidden=2.432697e-11, personal_generator_context_to_u=2.349022e-10, personal_generator_context_to_v=2.614039e-10, personal_generator_state_row=1.165676e-09, personal_generator_state_col=1.301621e-09, personal_generator_id_row=8.715340e-12, personal_generator_id_col=9.612123e-12, personal_generator_state_adapter=3.297355e-14, personal_generator_id_adapter=8.606701e-18, personal_generator_context_adapter=3.605914e-12, personal_generator_direct_scale=1.242356e-09
2026-05-06 02:29:48,298 - INFO - [assist_09|assist_09_abce_best_no_A|lr=0.0003|drop=0.20] -> New best AUC=0.6120 at epoch 11
2026-05-06 02:29:50,802 - INFO - [assist_09|assist_09_abce_best_no_A|lr=0.0003|drop=0.20] Epoch [012/12] | Train: Loss=0.6245, BCE=0.6223, Reg=0.0022, AUC=0.6287, ACC=0.6650, RMSE=0.4646 | Val: Loss=0.5751, BCE=0.5732, Reg=0.0019, AUC=0.6130, ACC=0.7370, RMSE=0.4389
2026-05-06 02:29:50,802 - INFO - [assist_09|assist_09_abce_best_no_A|lr=0.0003|drop=0.20] [Reg Terms] Epoch [012] | Train: graph_entropy=0.000000, graph_diag=0.000000, graph_uniform=0.000000, graph_reg_scale=1.0000, prediction_l2=0.000000, personal_sparse=0.000005, alpha_var=0.000000, alpha_collapse=0.000000, reg_bce_ratio=0.0035 | Val: graph_entropy=0.000000, graph_diag=0.000000, graph_uniform=0.000000, graph_reg_scale=1.0000, prediction_l2=0.000000, personal_sparse=0.000007, alpha_var=0.000000, alpha_collapse=0.000000, reg_bce_ratio=0.0034
2026-05-06 02:29:51,094 - INFO - [assist_09|assist_09_abce_best_no_A|lr=0.0003|drop=0.20] [Diag][AE] Epoch [012] | irt_abs_mean=0.7729, irt_std=0.2513, personal_warmup_scale=1.00, graph_row_entropy=0.0000, graph_entropy_ratio=0.0000, alpha_mean=0.0714, alpha_std=0.0712, alpha_base_mean=0.0501, alpha_delta_absmean=0.0927, alpha_saturation_ratio=0.0000, alpha_bias_std=NA, alpha_state_path=4.1308, alpha_id_path=0.0000, alpha_bias_path=0.0000, head_bias_path=1.5231, personal_row_entropy=0.0270, personal_matrix_delta=0.0858, personal_matrix_student_std=0.1608, personal_delta_pre_softmax_norm=1.7762, personal_delta_student_std=0.6683, alpha_head_std=0.0709, query_row_global_readout_delta=0.0000, query_row_personal_message_delta=0.0017, query_row_posterior_delta_abs=0.0858, query_row_posterior_kl=0.0576, query_row_delta_local_rms_raw=0.1285, query_row_message_projection_gain=1.4974, personal_to_graph_query_ratio=0.0000, query_row_global_support_mass=0.0000, query_row_personal_support_mass=0.0000, neighbor_row_personal_delta=0.0000, personal_row_budget_mean=1.0000, personal_query_row_std=0.9660, readout_query_support_mass=0.0000, personal_student_mix=0.0054, personal_student_adapter=0.0129, local_row_ratio=0.0098, support_density=0.1840, readout_query_delta=0.0017, personal_bad_rows_active=0.00, personal_fallback_rows_active=0.00, personal_bad_row_rate_active=0.0000, personal_padded_rows=460.00, personal_logits_support_absmax=4.1405, personal_query_trust_scale_mean=0.8636, personal_bad_rows_legacy=460.00, personal_fallback_rows_legacy=460.00, personal_logits_absmax_legacy=30.0000
2026-05-06 02:29:51,094 - INFO - [assist_09|assist_09_abce_best_no_A|lr=0.0003|drop=0.20] [Diag][A] Epoch [012] | entropy_ratio=0.0000, diag_mass=1.0000, to_uniform_l2=0.089800, to_identity_l2=0.000000, relation_identity_delta=0.000000, knowledge_state_graph_delta=0.000000, knowledge_state_personal_delta=0.000000, share_concept_embeddings=True, tau_mean=0.0000, tau_std=0.0000, graph_reg_scale(train/val)=1.0000/1.0000
2026-05-06 02:29:51,095 - INFO - [assist_09|assist_09_abce_best_no_A|lr=0.0003|drop=0.20] [Grad Norms] Epoch [012] | relation_emb=0.000000e+00, relation_tau=0.000000e+00, relation_wq=0.000000e+00, relation_wk=0.000000e+00, personal_u=8.973230e-05, personal_v=1.292210e-04, personal_alpha_bias=0.000000e+00, personal_gate_emb=5.426026e-16, personal_gate_state_proj=1.526721e-10, personal_gate_context_proj=5.048016e-10, personal_gate_state_direct=6.264495e-10, personal_gate_id_direct=1.043115e-15, personal_gate_context_direct=2.067351e-09, personal_gate_out=3.014766e-10, personal_generator_emb=1.718436e-15, personal_generator_context_proj=5.442443e-11, personal_generator_context_hidden=1.286421e-11, personal_generator_context_to_u=1.874688e-10, personal_generator_context_to_v=2.264069e-10, personal_generator_state_row=1.355932e-09, personal_generator_state_col=1.666157e-09, personal_generator_id_row=7.853595e-12, personal_generator_id_col=1.075180e-11, personal_generator_state_adapter=4.812269e-15, personal_generator_id_adapter=2.881134e-17, personal_generator_context_adapter=1.067240e-12, personal_generator_direct_scale=3.277158e-10
2026-05-06 02:29:51,990 - INFO - [assist_09|assist_09_abce_best_no_A|lr=0.0003|drop=0.20] -> New best AUC=0.6130 at epoch 12
2026-05-06 02:29:52,004 - INFO - Epoch-wise metrics saved to checkpoints/abce_diag/remote_adapter_residual_probe2_20260506_9c64ef7/assist_09/seed42/best_no_A/metrics_history.csv
2026-05-06 02:29:52,007 - INFO - [assist_09|assist_09_abce_best_no_A|lr=0.0003|drop=0.20] Training completed! Best Val AUC=0.6130 @ epoch 12
2026-05-06 02:29:52,351 - INFO - 
============================================================
         MODULE ACTIVITY REPORT
============================================================
Dataset: assist_09 | Seed: 42 | Epoch: 12

1. Concept Graph Module (A):
   - Status: DISABLED (use_concept_graph=False or no_A)

2. Personal Graph Module (E):
   - Alpha mean: 0.071
   - Alpha std: 0.071
   - Alpha bias std: 0.000
   - Personal/global delta: 0.0724
   - Inter-student matrix std: 0.1534
   - Query personal message delta: 0.0016
   - Query posterior KL: 0.0489
   - Query message projection gain: 1.6501
   - Query message alignment: 0.0000
   - Query self support mass: 0.8778
   - Query graph support mass: 0.0379
   - Query personal std: 0.8939
   - Personal/global query ratio: 0.0000
   - Status: TRUST_CLIPPED (personal writeback exists but is repeatedly capped for safety)
   -> Consider: improve alignment before relaxing trust-region

------------------------------------------------------------
SUMMARY:
   Inactive modules: Personal Graph (E)
============================================================
2026-05-06 02:29:52,352 - INFO - [assist_09|assist_09_abce_best_no_A|lr=0.0003|drop=0.20] Module activity saved to checkpoints/abce_diag/remote_adapter_residual_probe2_20260506_9c64ef7/assist_09/seed42/best_no_A/module_activity.json
2026-05-06 02:29:52,402 - INFO - Using device: cuda:0 (physical gpu 3)
2026-05-06 02:29:52,402 - INFO - Loading model from checkpoints/abce_diag/remote_adapter_residual_probe2_20260506_9c64ef7/assist_09/seed42/best_no_A/best_model.pth...
2026-05-06 02:29:52,520 - INFO - [Inference Filter] before=52549, after=51090, dropped=1459, coverage=97.22% (train-only seen student/item support)
2026-05-06 02:29:52,539 - INFO - Inference switches: ablate_module1=False | enable_module1=True | use_concept_graph=False | effective(num_gnn_layers=2)
2026-05-06 02:29:52,560 - INFO - [Inference] Ablation runtime check: args(ablate_module1=False) | expect(use_concept_graph=False,use_personal_graph=True) | model(enable_module1=True,use_concept_graph=False,use_personal_graph=True) | physical(has_knowledge_encoder=True,has_relation_learning=False,has_adaptive_gate=True,has_personal_generator=True)
2026-05-06 02:29:52,560 - INFO - [Inference] [Graph Init] graph_tau_mean=0.0000, graph_tau_std=0.0000, graph_dropout=0.000, use_personal_graph=True
2026-05-06 02:29:52,562 - INFO - Model loaded from epoch 12. Start testing...
2026-05-06 02:29:52,959 - INFO - 
==================================================
2026-05-06 02:29:52,960 - INFO - Test Results:
2026-05-06 02:29:52,960 - INFO - AUC: 0.6462
2026-05-06 02:29:52,960 - INFO - ACC: 0.7682
2026-05-06 02:29:52,960 - INFO - RMSE: 0.4235
2026-05-06 02:29:52,960 - INFO - ==================================================
2026-05-06 02:29:52,978 - INFO - Summary appended to /home/zsh/ConceptSkillCDM/results/experiment_results.csv
2026-05-06 02:29:52,982 - INFO - Run completed.
2026-05-06 02:29:52,982 - INFO - Best validation AUC: 0.6130 at epoch 12
2026-05-06 02:29:52,982 - INFO - Test metrics - AUC: 0.6462, ACC: 0.7682, RMSE: 0.4235
