2026-03-14 15:25:24,481 - INFO - Arguments:
2026-03-14 15:25:24,481 - INFO -   ablate_concept_graph: False
2026-03-14 15:25:24,481 - INFO -   ablate_module1: False
2026-03-14 15:25:24,481 - INFO -   ablate_module2: False
2026-03-14 15:25:24,481 - INFO -   ablate_module3: False
2026-03-14 15:25:24,481 - INFO -   ablate_skill_encoder: False
2026-03-14 15:25:24,481 - INFO -   allow_self_loop: True
2026-03-14 15:25:24,481 - INFO -   alpha_min_target: 0.03
2026-03-14 15:25:24,481 - INFO -   batch_size: 256
2026-03-14 15:25:24,481 - INFO -   data_dir: ./data/junyi
2026-03-14 15:25:24,481 - INFO -   dataset_name: junyi
2026-03-14 15:25:24,481 - INFO -   debug_module3_diag: True
2026-03-14 15:25:24,481 - INFO -   delta_ratio_target: 0.15
2026-03-14 15:25:24,481 - INFO -   diag_batches: 1
2026-03-14 15:25:24,481 - INFO -   disable_q_aligned_residual: False
2026-03-14 15:25:24,481 - INFO -   disable_q_conditioning: False
2026-03-14 15:25:24,482 - INFO -   disable_self_loop: False
2026-03-14 15:25:24,482 - INFO -   dropout: 0.4
2026-03-14 15:25:24,482 - INFO -   early_stop_patience: 3
2026-03-14 15:25:24,482 - INFO -   enable_module1: True
2026-03-14 15:25:24,482 - INFO -   enable_module2: True
2026-03-14 15:25:24,482 - INFO -   enable_module3: True
2026-03-14 15:25:24,482 - INFO -   epochs: 100
2026-03-14 15:25:24,482 - INFO -   exercise_dim: 128
2026-03-14 15:25:24,482 - INFO -   exercise_l2_lambda: 1e-05
2026-03-14 15:25:24,482 - INFO -   fusion_gate_bias_init: -0.6
2026-03-14 15:25:24,482 - INFO -   fusion_gate_max: 1.0
2026-03-14 15:25:24,482 - INFO -   generate_diagnosis: False
2026-03-14 15:25:24,482 - INFO -   gnn_residual_weight: 0.5
2026-03-14 15:25:24,482 - INFO -   gpu_candidates: None
2026-03-14 15:25:24,482 - INFO -   gpu_ids: None
2026-03-14 15:25:24,482 - INFO -   gpu_memory_threshold: 2000
2026-03-14 15:25:24,482 - INFO -   gpus: None
2026-03-14 15:25:24,482 - INFO -   graph_dropout: 0.0
2026-03-14 15:25:24,482 - INFO -   graph_entropy_max: 0.7
2026-03-14 15:25:24,482 - INFO -   graph_entropy_min: 0.15
2026-03-14 15:25:24,482 - INFO -   graph_reg_cap_ratio: 6.0
2026-03-14 15:25:24,482 - INFO -   graph_reg_warmup_epochs: 0
2026-03-14 15:25:24,482 - INFO -   graph_tau_init: 0.55
2026-03-14 15:25:24,482 - INFO -   graph_topk: 24
2026-03-14 15:25:24,482 - INFO -   graph_uniform_margin: 0.12
2026-03-14 15:25:24,482 - INFO -   knowledge_dim: 128
2026-03-14 15:25:24,482 - INFO -   lambda_alpha: 0.0
2026-03-14 15:25:24,482 - INFO -   lambda_alpha_min: 0.08
2026-03-14 15:25:24,482 - INFO -   lambda_delta_ratio: 0.0
2026-03-14 15:25:24,482 - INFO -   lambda_graph_diag: 0.12
2026-03-14 15:25:24,482 - INFO -   lambda_graph_uniform: 0.06
2026-03-14 15:25:24,482 - INFO -   lambda_sparse: 0.6
2026-03-14 15:25:24,482 - INFO -   lambda_sparse_personal: 0.0
2026-03-14 15:25:24,482 - INFO -   learning_rate: 0.003
2026-03-14 15:25:24,482 - INFO -   log_dir: logs/abce_diag/v3_e_v3_attr_20260314_141018/junyi/seed42/e_rescue_no_E
2026-03-14 15:25:24,482 - INFO -   mf_warmup_epochs: 0
2026-03-14 15:25:24,482 - INFO -   min_exer_interactions: 0
2026-03-14 15:25:24,482 - INFO -   min_poison_count: 0
2026-03-14 15:25:24,482 - INFO -   min_stu_interactions: 15
2026-03-14 15:25:24,482 - INFO -   model_variant: junyi_abce_e_rescue_no_E
2026-03-14 15:25:24,482 - INFO -   multi_gpu: False
2026-03-14 15:25:24,482 - INFO -   no_cuda: False
2026-03-14 15:25:24,482 - INFO -   num_gnn_layers: 2
2026-03-14 15:25:24,482 - INFO -   num_gpus: 1
2026-03-14 15:25:24,482 - INFO -   num_relation_heads: 2
2026-03-14 15:25:24,483 - INFO -   num_workers: 4
2026-03-14 15:25:24,483 - INFO -   patience: 1
2026-03-14 15:25:24,483 - INFO -   personal_delta_scale: 1.0
2026-03-14 15:25:24,483 - INFO -   personal_max_alpha: 0.45
2026-03-14 15:25:24,483 - INFO -   personal_rank: 4
2026-03-14 15:25:24,483 - INFO -   personal_student_dim: None
2026-03-14 15:25:24,483 - INFO -   personal_warmup_epochs: 10
2026-03-14 15:25:24,483 - INFO -   residual_clip_t: 2.0
2026-03-14 15:25:24,483 - INFO -   residual_scale_init: 0.25
2026-03-14 15:25:24,483 - INFO -   save_dir: checkpoints/abce_diag/v3_e_v3_attr_20260314_141018/junyi/seed42/e_rescue_no_E
2026-03-14 15:25:24,483 - INFO -   save_interval: 10
2026-03-14 15:25:24,483 - INFO -   seed: 42
2026-03-14 15:25:24,483 - INFO -   skill_dim: 64
2026-03-14 15:25:24,483 - INFO -   use_concept_graph: True
2026-03-14 15:25:24,483 - INFO -   use_exercise_graph: True
2026-03-14 15:25:24,483 - INFO -   use_mf_branch: True
2026-03-14 15:25:24,483 - INFO -   use_personal_graph: False
2026-03-14 15:25:24,483 - INFO -   use_q_aligned_residual: True
2026-03-14 15:25:24,483 - INFO -   use_q_conditioning: True
2026-03-14 15:25:24,483 - INFO -   use_skill_encoder: True
2026-03-14 15:25:24,483 - INFO -   weight_decay: 0.001
2026-03-14 15:25:24,563 - INFO - Using device: cuda:0 (physical gpu 2)
2026-03-14 15:25:24,563 - INFO - [junyi|junyi_abce_e_rescue_no_E|lr=0.003|drop=0.40] Loading datasets...
2026-03-14 15:25:24,563 - INFO - [junyi|junyi_abce_e_rescue_no_E|lr=0.003|drop=0.40] Regularization: graph_entropy(lambda_sparse)=0.600000, graph_diag=0.120000, graph_uniform=0.060000, personal_sparse=0.000000, alpha_penalty=0.000000, alpha_min=0.080000, delta_ratio=0.000000, mf_l2(exercise_l2_lambda)=0.000010
2026-03-14 15:25:24,563 - INFO - [junyi|junyi_abce_e_rescue_no_E|lr=0.003|drop=0.40] Graph controls: entropy_band=[0.15, 0.70], uniform_margin=0.12, warmup_epochs=0, cap_ratio=6.00, graph_dropout=0.000, graph_tau_init=0.550
2026-03-14 15:25:24,563 - INFO - [junyi|junyi_abce_e_rescue_no_E|lr=0.003|drop=0.40] Rescue controls: mf_warmup_epochs=0, delta_ratio_target=0.1500, personal_max_alpha=0.450, personal_delta_scale=1.000, personal_warmup_epochs=10, personal_student_dim=None, alpha_min_target=0.0300
2026-03-14 15:25:24,646 - INFO - [junyi] [数据清洗] 学生交互次数 < 15 次的学生：共移除 0 个学生（仅统计用户数）
2026-03-14 15:25:24,657 - INFO - [junyi] [数据清洗] 学生冷启动过滤：在 train/valid/test 中共删除 0 条记录。
2026-03-14 15:25:24,657 - INFO - [junyi] [数据清洗] 跳过题目冷门过滤（min_exer_interactions <= 0）。
2026-03-14 15:25:24,657 - INFO - [junyi] [数据清洗] 跳过毒题清洗（min_poison_count <= 0）。
2026-03-14 15:25:24,657 - INFO - [junyi] 正在构建ID映射...
2026-03-14 15:25:24,812 - INFO - [junyi] 正在构建Q矩阵...
2026-03-14 15:25:32,105 - INFO - [junyi] [统计] 开始统计清洗后每道题的概念数量分布...
2026-03-14 15:25:32,109 - INFO - [junyi] [Train] 概念数统计：题目数=702, 平均概念数=1.0000, min=1, max=1, 1概念=702 (100.00%), ≥2概念=0 (0.00%)
2026-03-14 15:25:32,109 - INFO - [junyi] [Train] 概念数直方图（概念数: 题目数量）: {1: 702}
2026-03-14 15:25:32,109 - INFO - [junyi] [Valid] 概念数统计：题目数=623, 平均概念数=1.0000, min=1, max=1, 1概念=623 (100.00%), ≥2概念=0 (0.00%)
2026-03-14 15:25:32,110 - INFO - [junyi] [Valid] 概念数直方图（概念数: 题目数量）: {1: 623}
2026-03-14 15:25:32,110 - INFO - [junyi] [Test] 概念数统计：题目数=673, 平均概念数=1.0000, min=1, max=1, 1概念=673 (100.00%), ≥2概念=0 (0.00%)
2026-03-14 15:25:32,111 - INFO - [junyi] [Test] 概念数直方图（概念数: 题目数量）: {1: 673}
2026-03-14 15:25:32,111 - INFO - [junyi] [统计] 概念数量统计完成。
2026-03-14 15:25:32,111 - INFO - [junyi] 正在加载数据集...
2026-03-14 15:25:32,203 - INFO - [junyi|junyi_abce_e_rescue_no_E|lr=0.003|drop=0.40] Train samples: 262473, Val samples: 24299
2026-03-14 15:25:32,203 - INFO - [junyi|junyi_abce_e_rescue_no_E|lr=0.003|drop=0.40] Number of students: 10000
2026-03-14 15:25:32,203 - INFO - [junyi|junyi_abce_e_rescue_no_E|lr=0.003|drop=0.40] Number of exercises: 706
2026-03-14 15:25:32,203 - INFO - [junyi|junyi_abce_e_rescue_no_E|lr=0.003|drop=0.40] Number of concepts: 706
2026-03-14 15:25:32,203 - INFO - [junyi|junyi_abce_e_rescue_no_E|lr=0.003|drop=0.40] Creating model...
2026-03-14 15:25:32,203 - INFO - [junyi|junyi_abce_e_rescue_no_E|lr=0.003|drop=0.40] Ablation switches: ablate_module1=False, ablate_module2=False, ablate_module3=False | enable_module1=True, enable_module2=True, enable_module3=True | use_mf_branch=True, use_concept_graph=True, use_q_aligned_residual=True | effective(num_gnn_layers=2)
2026-03-14 15:25:32,401 - INFO - [junyi|junyi_abce_e_rescue_no_E|lr=0.003|drop=0.40] Ablation runtime check: args(ablate_module1=False,ablate_module2=False,ablate_module3=False) | model(enable_module1=True,enable_module2=True,enable_module3=True) | physical(has_knowledge_encoder=True,has_mf_branch=True)
2026-03-14 15:25:32,401 - INFO - [junyi|junyi_abce_e_rescue_no_E|lr=0.003|drop=0.40] Debug diagnostics enabled: diag_batches=1
2026-03-14 15:25:32,425 - INFO - [junyi|junyi_abce_e_rescue_no_E|lr=0.003|drop=0.40] [Module3 Init] fusion_gate_bias=-0.6000, fusion_gate_max=1.0000, implied_gate=0.3543, q_gate=0.5000, mf_scale=0.2500, bias_scale=0.2500, graph_tau_mean=1.0055, graph_tau_std=0.0000, graph_dropout=0.000
2026-03-14 15:25:32,426 - INFO - [junyi|junyi_abce_e_rescue_no_E|lr=0.003|drop=0.40] Total parameters: 2,483,050
2026-03-14 15:25:32,426 - INFO - [junyi|junyi_abce_e_rescue_no_E|lr=0.003|drop=0.40] Trainable parameters: 2,483,050
2026-03-14 15:25:33,271 - INFO - [junyi|junyi_abce_e_rescue_no_E|lr=0.003|drop=0.40] Starting training...
2026-03-14 15:26:23,617 - INFO - [junyi|junyi_abce_e_rescue_no_E|lr=0.003|drop=0.40] Epoch [001/100] | Train: Loss=0.5675, BCE=0.5548, Reg=0.0127, AUC=0.7555, ACC=0.7245, RMSE=0.4320 | Val: Loss=0.5412, BCE=0.5345, Reg=0.0067, AUC=0.7725, ACC=0.7356, RMSE=0.4225
2026-03-14 15:26:23,617 - INFO - [junyi|junyi_abce_e_rescue_no_E|lr=0.003|drop=0.40] [Reg Terms] Epoch [001] | Train: graph_entropy=0.000000, graph_diag=0.005954, graph_uniform=0.006746, graph_reg_scale=1.0000, mf_l2=0.000000, delta_ratio=0.000000, personal_sparse=0.000000, alpha_var=0.000000, alpha_collapse=0.000000, reg_bce_ratio=0.0229 | Val: graph_entropy=0.000000, graph_diag=0.000000, graph_uniform=0.006747, graph_reg_scale=1.0000, mf_l2=0.000000, delta_ratio=0.000000, personal_sparse=0.000000, alpha_var=0.000000, alpha_collapse=0.000000, reg_bce_ratio=0.0126
2026-03-14 15:26:23,807 - INFO - [junyi|junyi_abce_e_rescue_no_E|lr=0.003|drop=0.40] [Diag][M3] Epoch [001] | residual_abs_mean=0.1719, residual_std=0.1093, mf_abs_mean=0.1719, mf_std=0.1093, gate_mean=0.3404, gate_std=0.0770, irt_abs_mean=1.3848, irt_std=0.9089, delta_abs_mean=0.0587, delta_std=0.0398, delta_over_irt=0.0424, warmup(mf/personal)=1.00/1.00, graph_row_entropy=3.1781, graph_entropy_ratio=0.4845, alpha_mean=0.0000, alpha_std=0.0000, alpha_bias_std=0.0000, personal_row_entropy=0.0000, personal_matrix_delta=0.0000, personal_matrix_student_std=0.0000
2026-03-14 15:26:23,808 - INFO - [junyi|junyi_abce_e_rescue_no_E|lr=0.003|drop=0.40] [Diag][Graph] Epoch [001] | entropy_ratio=0.4845, diag_mass=0.0000, to_uniform_l2=0.007551, to_identity_l2=0.038412, tau_mean=0.6931, tau_std=0.0000, graph_reg_scale(train/val)=1.0000/1.0000
2026-03-14 15:26:23,808 - INFO - [junyi|junyi_abce_e_rescue_no_E|lr=0.003|drop=0.40] [Grad Norms] Epoch [001] | mf_u_proj=0.026955, mf_v_proj=0.029968, fusion_gate=0.009736, q_gate_raw=0.000082, skill_latent=0.730135, relation_emb=0.000000e+00, relation_tau=1.888095e-21, relation_wq=0.000000e+00, relation_wk=0.000000e+00, personal_u=0.000000e+00, personal_v=0.000000e+00, personal_alpha_bias=0.000000e+00, personal_gate_emb=0.000000e+00, personal_gate_student_proj=0.000000e+00, personal_gate_context_proj=0.000000e+00, personal_gate_student_direct=0.000000e+00, personal_gate_context_direct=0.000000e+00, personal_gate_out=0.000000e+00, personal_generator_emb=0.000000e+00, personal_generator_context_proj=0.000000e+00, personal_generator_context_hidden=0.000000e+00, personal_generator_context_to_u=0.000000e+00, personal_generator_context_to_v=0.000000e+00
2026-03-14 15:26:23,957 - INFO - [junyi|junyi_abce_e_rescue_no_E|lr=0.003|drop=0.40] -> New best AUC=0.7725 at epoch 1
2026-03-14 15:27:13,336 - INFO - [junyi|junyi_abce_e_rescue_no_E|lr=0.003|drop=0.40] Epoch [002/100] | Train: Loss=0.5297, BCE=0.5229, Reg=0.0067, AUC=0.7848, ACC=0.7417, RMSE=0.4176 | Val: Loss=0.5115, BCE=0.5047, Reg=0.0067, AUC=0.7997, ACC=0.7588, RMSE=0.4077
2026-03-14 15:27:13,336 - INFO - [junyi|junyi_abce_e_rescue_no_E|lr=0.003|drop=0.40] [Reg Terms] Epoch [002] | Train: graph_entropy=0.000000, graph_diag=0.000000, graph_uniform=0.006747, graph_reg_scale=1.0000, mf_l2=0.000000, delta_ratio=0.000000, personal_sparse=0.000000, alpha_var=0.000000, alpha_collapse=0.000000, reg_bce_ratio=0.0129 | Val: graph_entropy=0.000000, graph_diag=0.000000, graph_uniform=0.006747, graph_reg_scale=1.0000, mf_l2=0.000000, delta_ratio=0.000000, personal_sparse=0.000000, alpha_var=0.000000, alpha_collapse=0.000000, reg_bce_ratio=0.0134
2026-03-14 15:27:13,509 - INFO - [junyi|junyi_abce_e_rescue_no_E|lr=0.003|drop=0.40] [Diag][M3] Epoch [002] | residual_abs_mean=0.1732, residual_std=0.0874, mf_abs_mean=0.1732, mf_std=0.0874, gate_mean=0.2255, gate_std=0.0934, irt_abs_mean=1.5937, irt_std=1.0355, delta_abs_mean=0.0395, delta_std=0.0276, delta_over_irt=0.0248, warmup(mf/personal)=1.00/1.00, graph_row_entropy=3.1781, graph_entropy_ratio=0.4845, alpha_mean=0.0000, alpha_std=0.0000, alpha_bias_std=0.0000, personal_row_entropy=0.0000, personal_matrix_delta=0.0000, personal_matrix_student_std=0.0000
2026-03-14 15:27:13,509 - INFO - [junyi|junyi_abce_e_rescue_no_E|lr=0.003|drop=0.40] [Diag][Graph] Epoch [002] | entropy_ratio=0.4845, diag_mass=0.0000, to_uniform_l2=0.007551, to_identity_l2=0.038412, tau_mean=0.6931, tau_std=0.0000, graph_reg_scale(train/val)=1.0000/1.0000
2026-03-14 15:27:13,509 - WARNING - [junyi|junyi_abce_e_rescue_no_E|lr=0.003|drop=0.40] [Diag Warning][Graph] graph-related grad norms are near zero for 2 epoch(s): relation_emb=8.324576e-16, relation_tau=3.100364e-12, relation_wq=9.793707e-17, relation_wk=8.319548e-17, personal_u=0.000000e+00, personal_v=0.000000e+00, personal_alpha_bias=0.000000e+00, personal_gate_emb=0.000000e+00, personal_gate_student_proj=0.000000e+00, personal_gate_context_proj=0.000000e+00, personal_gate_student_direct=0.000000e+00, personal_gate_context_direct=0.000000e+00, personal_gate_out=0.000000e+00, personal_generator_emb=0.000000e+00, personal_generator_context_proj=0.000000e+00, personal_generator_context_hidden=0.000000e+00, personal_generator_context_to_u=0.000000e+00, personal_generator_context_to_v=0.000000e+00
2026-03-14 15:27:13,510 - INFO - [junyi|junyi_abce_e_rescue_no_E|lr=0.003|drop=0.40] [Grad Norms] Epoch [002] | mf_u_proj=0.016302, mf_v_proj=0.017731, fusion_gate=0.004434, q_gate_raw=0.000005, skill_latent=0.196686, relation_emb=8.324576e-16, relation_tau=3.100364e-12, relation_wq=9.793707e-17, relation_wk=8.319548e-17, personal_u=0.000000e+00, personal_v=0.000000e+00, personal_alpha_bias=0.000000e+00, personal_gate_emb=0.000000e+00, personal_gate_student_proj=0.000000e+00, personal_gate_context_proj=0.000000e+00, personal_gate_student_direct=0.000000e+00, personal_gate_context_direct=0.000000e+00, personal_gate_out=0.000000e+00, personal_generator_emb=0.000000e+00, personal_generator_context_proj=0.000000e+00, personal_generator_context_hidden=0.000000e+00, personal_generator_context_to_u=0.000000e+00, personal_generator_context_to_v=0.000000e+00
2026-03-14 15:27:13,758 - INFO - [junyi|junyi_abce_e_rescue_no_E|lr=0.003|drop=0.40] -> New best AUC=0.7997 at epoch 2
2026-03-14 15:28:03,129 - INFO - [junyi|junyi_abce_e_rescue_no_E|lr=0.003|drop=0.40] Epoch [003/100] | Train: Loss=0.5172, BCE=0.5105, Reg=0.0067, AUC=0.7974, ACC=0.7525, RMSE=0.4113 | Val: Loss=0.5108, BCE=0.5040, Reg=0.0067, AUC=0.8054, ACC=0.7637, RMSE=0.4064
2026-03-14 15:28:03,129 - INFO - [junyi|junyi_abce_e_rescue_no_E|lr=0.003|drop=0.40] [Reg Terms] Epoch [003] | Train: graph_entropy=0.000000, graph_diag=0.000000, graph_uniform=0.006747, graph_reg_scale=1.0000, mf_l2=0.000000, delta_ratio=0.000000, personal_sparse=0.000000, alpha_var=0.000000, alpha_collapse=0.000000, reg_bce_ratio=0.0132 | Val: graph_entropy=0.000000, graph_diag=0.000000, graph_uniform=0.006747, graph_reg_scale=1.0000, mf_l2=0.000000, delta_ratio=0.000000, personal_sparse=0.000000, alpha_var=0.000000, alpha_collapse=0.000000, reg_bce_ratio=0.0134
2026-03-14 15:28:03,291 - INFO - [junyi|junyi_abce_e_rescue_no_E|lr=0.003|drop=0.40] [Diag][M3] Epoch [003] | residual_abs_mean=0.1438, residual_std=0.0974, mf_abs_mean=0.1438, mf_std=0.0974, gate_mean=0.1743, gate_std=0.0957, irt_abs_mean=1.8207, irt_std=1.0313, delta_abs_mean=0.0256, delta_std=0.0243, delta_over_irt=0.0141, warmup(mf/personal)=1.00/1.00, graph_row_entropy=3.1781, graph_entropy_ratio=0.4845, alpha_mean=0.0000, alpha_std=0.0000, alpha_bias_std=0.0000, personal_row_entropy=0.0000, personal_matrix_delta=0.0000, personal_matrix_student_std=0.0000
2026-03-14 15:28:03,291 - INFO - [junyi|junyi_abce_e_rescue_no_E|lr=0.003|drop=0.40] [Diag][Graph] Epoch [003] | entropy_ratio=0.4845, diag_mass=0.0000, to_uniform_l2=0.007551, to_identity_l2=0.038412, tau_mean=0.6931, tau_std=0.0000, graph_reg_scale(train/val)=1.0000/1.0000
2026-03-14 15:28:03,292 - WARNING - [junyi|junyi_abce_e_rescue_no_E|lr=0.003|drop=0.40] [Diag Warning][Graph] graph-related grad norms are near zero for 3 epoch(s): relation_emb=2.435921e-15, relation_tau=3.250441e-12, relation_wq=2.601176e-15, relation_wk=2.123485e-15, personal_u=0.000000e+00, personal_v=0.000000e+00, personal_alpha_bias=0.000000e+00, personal_gate_emb=0.000000e+00, personal_gate_student_proj=0.000000e+00, personal_gate_context_proj=0.000000e+00, personal_gate_student_direct=0.000000e+00, personal_gate_context_direct=0.000000e+00, personal_gate_out=0.000000e+00, personal_generator_emb=0.000000e+00, personal_generator_context_proj=0.000000e+00, personal_generator_context_hidden=0.000000e+00, personal_generator_context_to_u=0.000000e+00, personal_generator_context_to_v=0.000000e+00
2026-03-14 15:28:03,292 - INFO - [junyi|junyi_abce_e_rescue_no_E|lr=0.003|drop=0.40] [Grad Norms] Epoch [003] | mf_u_proj=0.021262, mf_v_proj=0.020017, fusion_gate=0.001319, q_gate_raw=0.000084, skill_latent=0.194254, relation_emb=2.435921e-15, relation_tau=3.250441e-12, relation_wq=2.601176e-15, relation_wk=2.123485e-15, personal_u=0.000000e+00, personal_v=0.000000e+00, personal_alpha_bias=0.000000e+00, personal_gate_emb=0.000000e+00, personal_gate_student_proj=0.000000e+00, personal_gate_context_proj=0.000000e+00, personal_gate_student_direct=0.000000e+00, personal_gate_context_direct=0.000000e+00, personal_gate_out=0.000000e+00, personal_generator_emb=0.000000e+00, personal_generator_context_proj=0.000000e+00, personal_generator_context_hidden=0.000000e+00, personal_generator_context_to_u=0.000000e+00, personal_generator_context_to_v=0.000000e+00
2026-03-14 15:28:03,536 - INFO - [junyi|junyi_abce_e_rescue_no_E|lr=0.003|drop=0.40] -> New best AUC=0.8054 at epoch 3
2026-03-14 15:28:52,726 - INFO - [junyi|junyi_abce_e_rescue_no_E|lr=0.003|drop=0.40] Epoch [004/100] | Train: Loss=0.5140, BCE=0.5072, Reg=0.0067, AUC=0.8005, ACC=0.7540, RMSE=0.4097 | Val: Loss=0.5054, BCE=0.4986, Reg=0.0067, AUC=0.8067, ACC=0.7674, RMSE=0.4040
2026-03-14 15:28:52,727 - INFO - [junyi|junyi_abce_e_rescue_no_E|lr=0.003|drop=0.40] [Reg Terms] Epoch [004] | Train: graph_entropy=0.000000, graph_diag=0.000002, graph_uniform=0.006747, graph_reg_scale=1.0000, mf_l2=0.000000, delta_ratio=0.000000, personal_sparse=0.000000, alpha_var=0.000000, alpha_collapse=0.000000, reg_bce_ratio=0.0133 | Val: graph_entropy=0.000000, graph_diag=0.000000, graph_uniform=0.006747, graph_reg_scale=1.0000, mf_l2=0.000000, delta_ratio=0.000000, personal_sparse=0.000000, alpha_var=0.000000, alpha_collapse=0.000000, reg_bce_ratio=0.0135
2026-03-14 15:28:52,905 - INFO - [junyi|junyi_abce_e_rescue_no_E|lr=0.003|drop=0.40] [Diag][M3] Epoch [004] | residual_abs_mean=0.1918, residual_std=0.1305, mf_abs_mean=0.1918, mf_std=0.1305, gate_mean=0.1805, gate_std=0.0993, irt_abs_mean=1.7870, irt_std=1.1013, delta_abs_mean=0.0352, delta_std=0.0333, delta_over_irt=0.0197, warmup(mf/personal)=1.00/1.00, graph_row_entropy=3.1781, graph_entropy_ratio=0.4845, alpha_mean=0.0000, alpha_std=0.0000, alpha_bias_std=0.0000, personal_row_entropy=0.0000, personal_matrix_delta=0.0000, personal_matrix_student_std=0.0000
2026-03-14 15:28:52,906 - INFO - [junyi|junyi_abce_e_rescue_no_E|lr=0.003|drop=0.40] [Diag][Graph] Epoch [004] | entropy_ratio=0.4845, diag_mass=0.0000, to_uniform_l2=0.007551, to_identity_l2=0.038412, tau_mean=0.6931, tau_std=0.0000, graph_reg_scale(train/val)=1.0000/1.0000
2026-03-14 15:28:52,906 - WARNING - [junyi|junyi_abce_e_rescue_no_E|lr=0.003|drop=0.40] [Diag Warning][Graph] graph-related grad norms are near zero for 4 epoch(s): relation_emb=8.692588e-15, relation_tau=3.687813e-12, relation_wq=6.005451e-15, relation_wk=6.669342e-15, personal_u=0.000000e+00, personal_v=0.000000e+00, personal_alpha_bias=0.000000e+00, personal_gate_emb=0.000000e+00, personal_gate_student_proj=0.000000e+00, personal_gate_context_proj=0.000000e+00, personal_gate_student_direct=0.000000e+00, personal_gate_context_direct=0.000000e+00, personal_gate_out=0.000000e+00, personal_generator_emb=0.000000e+00, personal_generator_context_proj=0.000000e+00, personal_generator_context_hidden=0.000000e+00, personal_generator_context_to_u=0.000000e+00, personal_generator_context_to_v=0.000000e+00
2026-03-14 15:28:52,906 - INFO - [junyi|junyi_abce_e_rescue_no_E|lr=0.003|drop=0.40] [Grad Norms] Epoch [004] | mf_u_proj=0.019903, mf_v_proj=0.025828, fusion_gate=0.005068, q_gate_raw=0.000034, skill_latent=1.713365, relation_emb=8.692588e-15, relation_tau=3.687813e-12, relation_wq=6.005451e-15, relation_wk=6.669342e-15, personal_u=0.000000e+00, personal_v=0.000000e+00, personal_alpha_bias=0.000000e+00, personal_gate_emb=0.000000e+00, personal_gate_student_proj=0.000000e+00, personal_gate_context_proj=0.000000e+00, personal_gate_student_direct=0.000000e+00, personal_gate_context_direct=0.000000e+00, personal_gate_out=0.000000e+00, personal_generator_emb=0.000000e+00, personal_generator_context_proj=0.000000e+00, personal_generator_context_hidden=0.000000e+00, personal_generator_context_to_u=0.000000e+00, personal_generator_context_to_v=0.000000e+00
2026-03-14 15:28:53,173 - INFO - [junyi|junyi_abce_e_rescue_no_E|lr=0.003|drop=0.40] -> New best AUC=0.8067 at epoch 4
2026-03-14 15:29:43,498 - INFO - [junyi|junyi_abce_e_rescue_no_E|lr=0.003|drop=0.40] Epoch [005/100] | Train: Loss=0.5114, BCE=0.5046, Reg=0.0067, AUC=0.8031, ACC=0.7557, RMSE=0.4085 | Val: Loss=0.5072, BCE=0.5005, Reg=0.0067, AUC=0.8082, ACC=0.7693, RMSE=0.4041
2026-03-14 15:29:43,498 - INFO - [junyi|junyi_abce_e_rescue_no_E|lr=0.003|drop=0.40] [Reg Terms] Epoch [005] | Train: graph_entropy=0.000000, graph_diag=0.000000, graph_uniform=0.006747, graph_reg_scale=1.0000, mf_l2=0.000000, delta_ratio=0.000000, personal_sparse=0.000000, alpha_var=0.000000, alpha_collapse=0.000000, reg_bce_ratio=0.0134 | Val: graph_entropy=0.000000, graph_diag=0.000000, graph_uniform=0.006747, graph_reg_scale=1.0000, mf_l2=0.000000, delta_ratio=0.000000, personal_sparse=0.000000, alpha_var=0.000000, alpha_collapse=0.000000, reg_bce_ratio=0.0135
2026-03-14 15:29:43,678 - INFO - [junyi|junyi_abce_e_rescue_no_E|lr=0.003|drop=0.40] [Diag][M3] Epoch [005] | residual_abs_mean=0.2065, residual_std=0.1440, mf_abs_mean=0.2065, mf_std=0.1440, gate_mean=0.1836, gate_std=0.0948, irt_abs_mean=1.8299, irt_std=1.1012, delta_abs_mean=0.0370, delta_std=0.0335, delta_over_irt=0.0202, warmup(mf/personal)=1.00/1.00, graph_row_entropy=3.1781, graph_entropy_ratio=0.4845, alpha_mean=0.0000, alpha_std=0.0000, alpha_bias_std=0.0000, personal_row_entropy=0.0000, personal_matrix_delta=0.0000, personal_matrix_student_std=0.0000
2026-03-14 15:29:43,678 - INFO - [junyi|junyi_abce_e_rescue_no_E|lr=0.003|drop=0.40] [Diag][Graph] Epoch [005] | entropy_ratio=0.4845, diag_mass=0.0000, to_uniform_l2=0.007551, to_identity_l2=0.038412, tau_mean=0.6931, tau_std=0.0000, graph_reg_scale(train/val)=1.0000/1.0000
2026-03-14 15:29:43,679 - WARNING - [junyi|junyi_abce_e_rescue_no_E|lr=0.003|drop=0.40] [Diag Warning][Graph] graph-related grad norms are near zero for 5 epoch(s): relation_emb=2.208875e-14, relation_tau=2.232814e-12, relation_wq=1.074550e-14, relation_wk=1.240434e-14, personal_u=0.000000e+00, personal_v=0.000000e+00, personal_alpha_bias=0.000000e+00, personal_gate_emb=0.000000e+00, personal_gate_student_proj=0.000000e+00, personal_gate_context_proj=0.000000e+00, personal_gate_student_direct=0.000000e+00, personal_gate_context_direct=0.000000e+00, personal_gate_out=0.000000e+00, personal_generator_emb=0.000000e+00, personal_generator_context_proj=0.000000e+00, personal_generator_context_hidden=0.000000e+00, personal_generator_context_to_u=0.000000e+00, personal_generator_context_to_v=0.000000e+00
2026-03-14 15:29:43,679 - INFO - [junyi|junyi_abce_e_rescue_no_E|lr=0.003|drop=0.40] [Grad Norms] Epoch [005] | mf_u_proj=0.015010, mf_v_proj=0.016907, fusion_gate=0.002281, q_gate_raw=0.000042, skill_latent=0.490912, relation_emb=2.208875e-14, relation_tau=2.232814e-12, relation_wq=1.074550e-14, relation_wk=1.240434e-14, personal_u=0.000000e+00, personal_v=0.000000e+00, personal_alpha_bias=0.000000e+00, personal_gate_emb=0.000000e+00, personal_gate_student_proj=0.000000e+00, personal_gate_context_proj=0.000000e+00, personal_gate_student_direct=0.000000e+00, personal_gate_context_direct=0.000000e+00, personal_gate_out=0.000000e+00, personal_generator_emb=0.000000e+00, personal_generator_context_proj=0.000000e+00, personal_generator_context_hidden=0.000000e+00, personal_generator_context_to_u=0.000000e+00, personal_generator_context_to_v=0.000000e+00
2026-03-14 15:29:43,992 - INFO - [junyi|junyi_abce_e_rescue_no_E|lr=0.003|drop=0.40] -> New best AUC=0.8082 at epoch 5
2026-03-14 15:30:34,668 - INFO - [junyi|junyi_abce_e_rescue_no_E|lr=0.003|drop=0.40] Epoch [006/100] | Train: Loss=0.5097, BCE=0.5030, Reg=0.0068, AUC=0.8044, ACC=0.7564, RMSE=0.4077 | Val: Loss=0.5028, BCE=0.4960, Reg=0.0067, AUC=0.8102, ACC=0.7678, RMSE=0.4031
2026-03-14 15:30:34,669 - INFO - [junyi|junyi_abce_e_rescue_no_E|lr=0.003|drop=0.40] [Reg Terms] Epoch [006] | Train: graph_entropy=0.000000, graph_diag=0.000005, graph_uniform=0.006747, graph_reg_scale=1.0000, mf_l2=0.000000, delta_ratio=0.000000, personal_sparse=0.000000, alpha_var=0.000000, alpha_collapse=0.000000, reg_bce_ratio=0.0134 | Val: graph_entropy=0.000000, graph_diag=0.000000, graph_uniform=0.006747, graph_reg_scale=1.0000, mf_l2=0.000000, delta_ratio=0.000000, personal_sparse=0.000000, alpha_var=0.000000, alpha_collapse=0.000000, reg_bce_ratio=0.0136
2026-03-14 15:30:34,856 - INFO - [junyi|junyi_abce_e_rescue_no_E|lr=0.003|drop=0.40] [Diag][M3] Epoch [006] | residual_abs_mean=0.2343, residual_std=0.1586, mf_abs_mean=0.2343, mf_std=0.1586, gate_mean=0.1766, gate_std=0.0960, irt_abs_mean=1.7567, irt_std=1.0810, delta_abs_mean=0.0396, delta_std=0.0355, delta_over_irt=0.0225, warmup(mf/personal)=1.00/1.00, graph_row_entropy=3.1781, graph_entropy_ratio=0.4845, alpha_mean=0.0000, alpha_std=0.0000, alpha_bias_std=0.0000, personal_row_entropy=0.0000, personal_matrix_delta=0.0000, personal_matrix_student_std=0.0000
2026-03-14 15:30:34,856 - INFO - [junyi|junyi_abce_e_rescue_no_E|lr=0.003|drop=0.40] [Diag][Graph] Epoch [006] | entropy_ratio=0.4845, diag_mass=0.0000, to_uniform_l2=0.007551, to_identity_l2=0.038412, tau_mean=0.6931, tau_std=0.0000, graph_reg_scale(train/val)=1.0000/1.0000
2026-03-14 15:30:34,856 - WARNING - [junyi|junyi_abce_e_rescue_no_E|lr=0.003|drop=0.40] [Diag Warning][Graph] graph-related grad norms are near zero for 6 epoch(s): relation_emb=3.426785e-14, relation_tau=1.894472e-12, relation_wq=1.871242e-14, relation_wk=2.032507e-14, personal_u=0.000000e+00, personal_v=0.000000e+00, personal_alpha_bias=0.000000e+00, personal_gate_emb=0.000000e+00, personal_gate_student_proj=0.000000e+00, personal_gate_context_proj=0.000000e+00, personal_gate_student_direct=0.000000e+00, personal_gate_context_direct=0.000000e+00, personal_gate_out=0.000000e+00, personal_generator_emb=0.000000e+00, personal_generator_context_proj=0.000000e+00, personal_generator_context_hidden=0.000000e+00, personal_generator_context_to_u=0.000000e+00, personal_generator_context_to_v=0.000000e+00
2026-03-14 15:30:34,856 - INFO - [junyi|junyi_abce_e_rescue_no_E|lr=0.003|drop=0.40] [Grad Norms] Epoch [006] | mf_u_proj=0.013757, mf_v_proj=0.017402, fusion_gate=0.007273, q_gate_raw=0.000042, skill_latent=0.267683, relation_emb=3.426785e-14, relation_tau=1.894472e-12, relation_wq=1.871242e-14, relation_wk=2.032507e-14, personal_u=0.000000e+00, personal_v=0.000000e+00, personal_alpha_bias=0.000000e+00, personal_gate_emb=0.000000e+00, personal_gate_student_proj=0.000000e+00, personal_gate_context_proj=0.000000e+00, personal_gate_student_direct=0.000000e+00, personal_gate_context_direct=0.000000e+00, personal_gate_out=0.000000e+00, personal_generator_emb=0.000000e+00, personal_generator_context_proj=0.000000e+00, personal_generator_context_hidden=0.000000e+00, personal_generator_context_to_u=0.000000e+00, personal_generator_context_to_v=0.000000e+00
2026-03-14 15:30:35,128 - INFO - [junyi|junyi_abce_e_rescue_no_E|lr=0.003|drop=0.40] -> New best AUC=0.8102 at epoch 6
2026-03-14 15:31:25,191 - INFO - [junyi|junyi_abce_e_rescue_no_E|lr=0.003|drop=0.40] Epoch [007/100] | Train: Loss=0.5088, BCE=0.5020, Reg=0.0068, AUC=0.8056, ACC=0.7578, RMSE=0.4072 | Val: Loss=0.4994, BCE=0.4926, Reg=0.0067, AUC=0.8107, ACC=0.7682, RMSE=0.4017
2026-03-14 15:31:25,191 - INFO - [junyi|junyi_abce_e_rescue_no_E|lr=0.003|drop=0.40] [Reg Terms] Epoch [007] | Train: graph_entropy=0.000000, graph_diag=0.000011, graph_uniform=0.006747, graph_reg_scale=1.0000, mf_l2=0.000000, delta_ratio=0.000000, personal_sparse=0.000000, alpha_var=0.000000, alpha_collapse=0.000000, reg_bce_ratio=0.0135 | Val: graph_entropy=0.000000, graph_diag=0.000000, graph_uniform=0.006747, graph_reg_scale=1.0000, mf_l2=0.000000, delta_ratio=0.000000, personal_sparse=0.000000, alpha_var=0.000000, alpha_collapse=0.000000, reg_bce_ratio=0.0137
2026-03-14 15:31:25,376 - INFO - [junyi|junyi_abce_e_rescue_no_E|lr=0.003|drop=0.40] [Diag][M3] Epoch [007] | residual_abs_mean=0.2825, residual_std=0.1967, mf_abs_mean=0.2825, mf_std=0.1967, gate_mean=0.2074, gate_std=0.0897, irt_abs_mean=1.6414, irt_std=0.9869, delta_abs_mean=0.0540, delta_std=0.0441, delta_over_irt=0.0329, warmup(mf/personal)=1.00/1.00, graph_row_entropy=3.1781, graph_entropy_ratio=0.4845, alpha_mean=0.0000, alpha_std=0.0000, alpha_bias_std=0.0000, personal_row_entropy=0.0000, personal_matrix_delta=0.0000, personal_matrix_student_std=0.0000
2026-03-14 15:31:25,376 - INFO - [junyi|junyi_abce_e_rescue_no_E|lr=0.003|drop=0.40] [Diag][Graph] Epoch [007] | entropy_ratio=0.4845, diag_mass=0.0000, to_uniform_l2=0.007551, to_identity_l2=0.038412, tau_mean=0.6931, tau_std=0.0000, graph_reg_scale(train/val)=1.0000/1.0000
2026-03-14 15:31:25,377 - WARNING - [junyi|junyi_abce_e_rescue_no_E|lr=0.003|drop=0.40] [Diag Warning][Graph] graph-related grad norms are near zero for 7 epoch(s): relation_emb=4.473553e-14, relation_tau=7.579048e-12, relation_wq=2.506789e-14, relation_wk=2.544922e-14, personal_u=0.000000e+00, personal_v=0.000000e+00, personal_alpha_bias=0.000000e+00, personal_gate_emb=0.000000e+00, personal_gate_student_proj=0.000000e+00, personal_gate_context_proj=0.000000e+00, personal_gate_student_direct=0.000000e+00, personal_gate_context_direct=0.000000e+00, personal_gate_out=0.000000e+00, personal_generator_emb=0.000000e+00, personal_generator_context_proj=0.000000e+00, personal_generator_context_hidden=0.000000e+00, personal_generator_context_to_u=0.000000e+00, personal_generator_context_to_v=0.000000e+00
2026-03-14 15:31:25,377 - INFO - [junyi|junyi_abce_e_rescue_no_E|lr=0.003|drop=0.40] [Grad Norms] Epoch [007] | mf_u_proj=0.018696, mf_v_proj=0.016233, fusion_gate=0.005269, q_gate_raw=0.000014, skill_latent=0.450530, relation_emb=4.473553e-14, relation_tau=7.579048e-12, relation_wq=2.506789e-14, relation_wk=2.544922e-14, personal_u=0.000000e+00, personal_v=0.000000e+00, personal_alpha_bias=0.000000e+00, personal_gate_emb=0.000000e+00, personal_gate_student_proj=0.000000e+00, personal_gate_context_proj=0.000000e+00, personal_gate_student_direct=0.000000e+00, personal_gate_context_direct=0.000000e+00, personal_gate_out=0.000000e+00, personal_generator_emb=0.000000e+00, personal_generator_context_proj=0.000000e+00, personal_generator_context_hidden=0.000000e+00, personal_generator_context_to_u=0.000000e+00, personal_generator_context_to_v=0.000000e+00
2026-03-14 15:31:25,698 - INFO - [junyi|junyi_abce_e_rescue_no_E|lr=0.003|drop=0.40] -> New best AUC=0.8107 at epoch 7
2026-03-14 15:32:16,467 - INFO - [junyi|junyi_abce_e_rescue_no_E|lr=0.003|drop=0.40] Epoch [008/100] | Train: Loss=0.5081, BCE=0.5013, Reg=0.0068, AUC=0.8064, ACC=0.7580, RMSE=0.4069 | Val: Loss=0.5005, BCE=0.4938, Reg=0.0067, AUC=0.8108, ACC=0.7677, RMSE=0.4021
2026-03-14 15:32:16,467 - INFO - [junyi|junyi_abce_e_rescue_no_E|lr=0.003|drop=0.40] [Reg Terms] Epoch [008] | Train: graph_entropy=0.000000, graph_diag=0.000008, graph_uniform=0.006747, graph_reg_scale=1.0000, mf_l2=0.000000, delta_ratio=0.000000, personal_sparse=0.000000, alpha_var=0.000000, alpha_collapse=0.000000, reg_bce_ratio=0.0135 | Val: graph_entropy=0.000000, graph_diag=0.000000, graph_uniform=0.006747, graph_reg_scale=1.0000, mf_l2=0.000000, delta_ratio=0.000000, personal_sparse=0.000000, alpha_var=0.000000, alpha_collapse=0.000000, reg_bce_ratio=0.0137
2026-03-14 15:32:16,648 - INFO - [junyi|junyi_abce_e_rescue_no_E|lr=0.003|drop=0.40] [Diag][M3] Epoch [008] | residual_abs_mean=0.2818, residual_std=0.1974, mf_abs_mean=0.2818, mf_std=0.1974, gate_mean=0.1756, gate_std=0.0858, irt_abs_mean=1.7751, irt_std=1.0235, delta_abs_mean=0.0464, delta_std=0.0398, delta_over_irt=0.0261, warmup(mf/personal)=1.00/1.00, graph_row_entropy=3.1781, graph_entropy_ratio=0.4845, alpha_mean=0.0000, alpha_std=0.0000, alpha_bias_std=0.0000, personal_row_entropy=0.0000, personal_matrix_delta=0.0000, personal_matrix_student_std=0.0000
2026-03-14 15:32:16,648 - INFO - [junyi|junyi_abce_e_rescue_no_E|lr=0.003|drop=0.40] [Diag][Graph] Epoch [008] | entropy_ratio=0.4845, diag_mass=0.0000, to_uniform_l2=0.007551, to_identity_l2=0.038412, tau_mean=0.6931, tau_std=0.0000, graph_reg_scale(train/val)=1.0000/1.0000
2026-03-14 15:32:16,648 - WARNING - [junyi|junyi_abce_e_rescue_no_E|lr=0.003|drop=0.40] [Diag Warning][Graph] graph-related grad norms are near zero for 8 epoch(s): relation_emb=1.469245e-13, relation_tau=3.436775e-12, relation_wq=9.186088e-14, relation_wk=9.287147e-14, personal_u=0.000000e+00, personal_v=0.000000e+00, personal_alpha_bias=0.000000e+00, personal_gate_emb=0.000000e+00, personal_gate_student_proj=0.000000e+00, personal_gate_context_proj=0.000000e+00, personal_gate_student_direct=0.000000e+00, personal_gate_context_direct=0.000000e+00, personal_gate_out=0.000000e+00, personal_generator_emb=0.000000e+00, personal_generator_context_proj=0.000000e+00, personal_generator_context_hidden=0.000000e+00, personal_generator_context_to_u=0.000000e+00, personal_generator_context_to_v=0.000000e+00
2026-03-14 15:32:16,648 - INFO - [junyi|junyi_abce_e_rescue_no_E|lr=0.003|drop=0.40] [Grad Norms] Epoch [008] | mf_u_proj=0.016037, mf_v_proj=0.015319, fusion_gate=0.002478, q_gate_raw=0.000074, skill_latent=0.110575, relation_emb=1.469245e-13, relation_tau=3.436775e-12, relation_wq=9.186088e-14, relation_wk=9.287147e-14, personal_u=0.000000e+00, personal_v=0.000000e+00, personal_alpha_bias=0.000000e+00, personal_gate_emb=0.000000e+00, personal_gate_student_proj=0.000000e+00, personal_gate_context_proj=0.000000e+00, personal_gate_student_direct=0.000000e+00, personal_gate_context_direct=0.000000e+00, personal_gate_out=0.000000e+00, personal_generator_emb=0.000000e+00, personal_generator_context_proj=0.000000e+00, personal_generator_context_hidden=0.000000e+00, personal_generator_context_to_u=0.000000e+00, personal_generator_context_to_v=0.000000e+00
2026-03-14 15:32:17,057 - INFO - [junyi|junyi_abce_e_rescue_no_E|lr=0.003|drop=0.40] -> New best AUC=0.8108 at epoch 8
2026-03-14 15:33:06,809 - INFO - [junyi|junyi_abce_e_rescue_no_E|lr=0.003|drop=0.40] Epoch [009/100] | Train: Loss=0.5089, BCE=0.5022, Reg=0.0068, AUC=0.8055, ACC=0.7567, RMSE=0.4074 | Val: Loss=0.5017, BCE=0.4950, Reg=0.0067, AUC=0.8100, ACC=0.7683, RMSE=0.4025
2026-03-14 15:33:06,810 - INFO - [junyi|junyi_abce_e_rescue_no_E|lr=0.003|drop=0.40] [Reg Terms] Epoch [009] | Train: graph_entropy=0.000000, graph_diag=0.000010, graph_uniform=0.006747, graph_reg_scale=1.0000, mf_l2=0.000000, delta_ratio=0.000000, personal_sparse=0.000000, alpha_var=0.000000, alpha_collapse=0.000000, reg_bce_ratio=0.0135 | Val: graph_entropy=0.000000, graph_diag=0.000000, graph_uniform=0.006747, graph_reg_scale=1.0000, mf_l2=0.000000, delta_ratio=0.000000, personal_sparse=0.000000, alpha_var=0.000000, alpha_collapse=0.000000, reg_bce_ratio=0.0136
2026-03-14 15:33:07,012 - INFO - [junyi|junyi_abce_e_rescue_no_E|lr=0.003|drop=0.40] [Diag][M3] Epoch [009] | residual_abs_mean=0.2292, residual_std=0.1584, mf_abs_mean=0.2292, mf_std=0.1584, gate_mean=0.1765, gate_std=0.1009, irt_abs_mean=1.6784, irt_std=1.0672, delta_abs_mean=0.0375, delta_std=0.0351, delta_over_irt=0.0223, warmup(mf/personal)=1.00/1.00, graph_row_entropy=3.1781, graph_entropy_ratio=0.4845, alpha_mean=0.0000, alpha_std=0.0000, alpha_bias_std=0.0000, personal_row_entropy=0.0000, personal_matrix_delta=0.0000, personal_matrix_student_std=0.0000
2026-03-14 15:33:07,013 - INFO - [junyi|junyi_abce_e_rescue_no_E|lr=0.003|drop=0.40] [Diag][Graph] Epoch [009] | entropy_ratio=0.4845, diag_mass=0.0000, to_uniform_l2=0.007551, to_identity_l2=0.038412, tau_mean=0.6931, tau_std=0.0000, graph_reg_scale(train/val)=1.0000/1.0000
2026-03-14 15:33:07,013 - WARNING - [junyi|junyi_abce_e_rescue_no_E|lr=0.003|drop=0.40] [Diag Warning][Graph] graph-related grad norms are near zero for 9 epoch(s): relation_emb=1.419588e-13, relation_tau=7.155891e-12, relation_wq=8.631290e-14, relation_wk=9.067799e-14, personal_u=0.000000e+00, personal_v=0.000000e+00, personal_alpha_bias=0.000000e+00, personal_gate_emb=0.000000e+00, personal_gate_student_proj=0.000000e+00, personal_gate_context_proj=0.000000e+00, personal_gate_student_direct=0.000000e+00, personal_gate_context_direct=0.000000e+00, personal_gate_out=0.000000e+00, personal_generator_emb=0.000000e+00, personal_generator_context_proj=0.000000e+00, personal_generator_context_hidden=0.000000e+00, personal_generator_context_to_u=0.000000e+00, personal_generator_context_to_v=0.000000e+00
2026-03-14 15:33:07,013 - INFO - [junyi|junyi_abce_e_rescue_no_E|lr=0.003|drop=0.40] [Grad Norms] Epoch [009] | mf_u_proj=0.015940, mf_v_proj=0.017621, fusion_gate=0.002549, q_gate_raw=0.000060, skill_latent=0.102983, relation_emb=1.419588e-13, relation_tau=7.155891e-12, relation_wq=8.631290e-14, relation_wk=9.067799e-14, personal_u=0.000000e+00, personal_v=0.000000e+00, personal_alpha_bias=0.000000e+00, personal_gate_emb=0.000000e+00, personal_gate_student_proj=0.000000e+00, personal_gate_context_proj=0.000000e+00, personal_gate_student_direct=0.000000e+00, personal_gate_context_direct=0.000000e+00, personal_gate_out=0.000000e+00, personal_generator_emb=0.000000e+00, personal_generator_context_proj=0.000000e+00, personal_generator_context_hidden=0.000000e+00, personal_generator_context_to_u=0.000000e+00, personal_generator_context_to_v=0.000000e+00
2026-03-14 15:33:07,013 - INFO - [junyi|junyi_abce_e_rescue_no_E|lr=0.003|drop=0.40] -> No improvement 1 epoch(s) (best AUC=0.8108 @ 8)
2026-03-14 15:33:57,094 - INFO - [junyi|junyi_abce_e_rescue_no_E|lr=0.003|drop=0.40] Epoch [010/100] | Train: Loss=0.4972, BCE=0.4905, Reg=0.0067, AUC=0.8163, ACC=0.7665, RMSE=0.4014 | Val: Loss=0.4932, BCE=0.4865, Reg=0.0067, AUC=0.8177, ACC=0.7718, RMSE=0.3989
2026-03-14 15:33:57,095 - INFO - [junyi|junyi_abce_e_rescue_no_E|lr=0.003|drop=0.40] [Reg Terms] Epoch [010] | Train: graph_entropy=0.000000, graph_diag=0.000000, graph_uniform=0.006747, graph_reg_scale=1.0000, mf_l2=0.000000, delta_ratio=0.000000, personal_sparse=0.000000, alpha_var=0.000000, alpha_collapse=0.000000, reg_bce_ratio=0.0138 | Val: graph_entropy=0.000000, graph_diag=0.000000, graph_uniform=0.006747, graph_reg_scale=1.0000, mf_l2=0.000000, delta_ratio=0.000000, personal_sparse=0.000000, alpha_var=0.000000, alpha_collapse=0.000000, reg_bce_ratio=0.0139
2026-03-14 15:33:57,296 - INFO - [junyi|junyi_abce_e_rescue_no_E|lr=0.003|drop=0.40] [Diag][M3] Epoch [010] | residual_abs_mean=0.2509, residual_std=0.1647, mf_abs_mean=0.2509, mf_std=0.1647, gate_mean=0.1744, gate_std=0.0929, irt_abs_mean=1.7967, irt_std=1.0518, delta_abs_mean=0.0414, delta_std=0.0371, delta_over_irt=0.0230, warmup(mf/personal)=1.00/1.00, graph_row_entropy=3.1781, graph_entropy_ratio=0.4845, alpha_mean=0.0000, alpha_std=0.0000, alpha_bias_std=0.0000, personal_row_entropy=0.0000, personal_matrix_delta=0.0000, personal_matrix_student_std=0.0000
2026-03-14 15:33:57,297 - INFO - [junyi|junyi_abce_e_rescue_no_E|lr=0.003|drop=0.40] [Diag][Graph] Epoch [010] | entropy_ratio=0.4845, diag_mass=0.0000, to_uniform_l2=0.007551, to_identity_l2=0.038412, tau_mean=0.6931, tau_std=0.0000, graph_reg_scale(train/val)=1.0000/1.0000
2026-03-14 15:33:57,297 - WARNING - [junyi|junyi_abce_e_rescue_no_E|lr=0.003|drop=0.40] [Diag Warning][Graph] graph-related grad norms are near zero for 10 epoch(s): relation_emb=0.000000e+00, relation_tau=0.000000e+00, relation_wq=0.000000e+00, relation_wk=0.000000e+00, personal_u=0.000000e+00, personal_v=0.000000e+00, personal_alpha_bias=0.000000e+00, personal_gate_emb=0.000000e+00, personal_gate_student_proj=0.000000e+00, personal_gate_context_proj=0.000000e+00, personal_gate_student_direct=0.000000e+00, personal_gate_context_direct=0.000000e+00, personal_gate_out=0.000000e+00, personal_generator_emb=0.000000e+00, personal_generator_context_proj=0.000000e+00, personal_generator_context_hidden=0.000000e+00, personal_generator_context_to_u=0.000000e+00, personal_generator_context_to_v=0.000000e+00
2026-03-14 15:33:57,297 - INFO - [junyi|junyi_abce_e_rescue_no_E|lr=0.003|drop=0.40] [Grad Norms] Epoch [010] | mf_u_proj=0.019863, mf_v_proj=0.022347, fusion_gate=0.003807, q_gate_raw=0.000075, skill_latent=0.286946, relation_emb=0.000000e+00, relation_tau=0.000000e+00, relation_wq=0.000000e+00, relation_wk=0.000000e+00, personal_u=0.000000e+00, personal_v=0.000000e+00, personal_alpha_bias=0.000000e+00, personal_gate_emb=0.000000e+00, personal_gate_student_proj=0.000000e+00, personal_gate_context_proj=0.000000e+00, personal_gate_student_direct=0.000000e+00, personal_gate_context_direct=0.000000e+00, personal_gate_out=0.000000e+00, personal_generator_emb=0.000000e+00, personal_generator_context_proj=0.000000e+00, personal_generator_context_hidden=0.000000e+00, personal_generator_context_to_u=0.000000e+00, personal_generator_context_to_v=0.000000e+00
2026-03-14 15:33:57,573 - INFO - [junyi|junyi_abce_e_rescue_no_E|lr=0.003|drop=0.40] -> New best AUC=0.8177 at epoch 10
2026-03-14 15:33:57,631 - INFO - [junyi|junyi_abce_e_rescue_no_E|lr=0.003|drop=0.40] Checkpoint saved: checkpoints/abce_diag/v3_e_v3_attr_20260314_141018/junyi/seed42/e_rescue_no_E/checkpoint_epoch_10.pth
2026-03-14 15:33:57,844 - INFO - [junyi|junyi_abce_e_rescue_no_E|lr=0.003|drop=0.40] [Module Activity] Epoch 10: Graph[OK] MF[OK]
2026-03-14 15:34:47,903 - INFO - [junyi|junyi_abce_e_rescue_no_E|lr=0.003|drop=0.40] Epoch [011/100] | Train: Loss=0.4942, BCE=0.4874, Reg=0.0068, AUC=0.8186, ACC=0.7681, RMSE=0.3999 | Val: Loss=0.4943, BCE=0.4876, Reg=0.0067, AUC=0.8189, ACC=0.7738, RMSE=0.3985
2026-03-14 15:34:47,904 - INFO - [junyi|junyi_abce_e_rescue_no_E|lr=0.003|drop=0.40] [Reg Terms] Epoch [011] | Train: graph_entropy=0.000000, graph_diag=0.000005, graph_uniform=0.006747, graph_reg_scale=1.0000, mf_l2=0.000000, delta_ratio=0.000000, personal_sparse=0.000000, alpha_var=0.000000, alpha_collapse=0.000000, reg_bce_ratio=0.0139 | Val: graph_entropy=0.000000, graph_diag=0.000000, graph_uniform=0.006747, graph_reg_scale=1.0000, mf_l2=0.000000, delta_ratio=0.000000, personal_sparse=0.000000, alpha_var=0.000000, alpha_collapse=0.000000, reg_bce_ratio=0.0138
2026-03-14 15:34:48,102 - INFO - [junyi|junyi_abce_e_rescue_no_E|lr=0.003|drop=0.40] [Diag][M3] Epoch [011] | residual_abs_mean=0.2304, residual_std=0.1603, mf_abs_mean=0.2304, mf_std=0.1603, gate_mean=0.1727, gate_std=0.0962, irt_abs_mean=1.8555, irt_std=1.1018, delta_abs_mean=0.0383, delta_std=0.0373, delta_over_irt=0.0206, warmup(mf/personal)=1.00/1.00, graph_row_entropy=3.1781, graph_entropy_ratio=0.4845, alpha_mean=0.0000, alpha_std=0.0000, alpha_bias_std=0.0000, personal_row_entropy=0.0000, personal_matrix_delta=0.0000, personal_matrix_student_std=0.0000
2026-03-14 15:34:48,102 - INFO - [junyi|junyi_abce_e_rescue_no_E|lr=0.003|drop=0.40] [Diag][Graph] Epoch [011] | entropy_ratio=0.4845, diag_mass=0.0000, to_uniform_l2=0.007551, to_identity_l2=0.038412, tau_mean=0.6931, tau_std=0.0000, graph_reg_scale(train/val)=1.0000/1.0000
2026-03-14 15:34:48,102 - WARNING - [junyi|junyi_abce_e_rescue_no_E|lr=0.003|drop=0.40] [Diag Warning][Graph] graph-related grad norms are near zero for 11 epoch(s): relation_emb=3.335229e-14, relation_tau=5.443283e-14, relation_wq=1.947217e-14, relation_wk=1.973000e-14, personal_u=0.000000e+00, personal_v=0.000000e+00, personal_alpha_bias=0.000000e+00, personal_gate_emb=0.000000e+00, personal_gate_student_proj=0.000000e+00, personal_gate_context_proj=0.000000e+00, personal_gate_student_direct=0.000000e+00, personal_gate_context_direct=0.000000e+00, personal_gate_out=0.000000e+00, personal_generator_emb=0.000000e+00, personal_generator_context_proj=0.000000e+00, personal_generator_context_hidden=0.000000e+00, personal_generator_context_to_u=0.000000e+00, personal_generator_context_to_v=0.000000e+00
2026-03-14 15:34:48,102 - INFO - [junyi|junyi_abce_e_rescue_no_E|lr=0.003|drop=0.40] [Grad Norms] Epoch [011] | mf_u_proj=0.010355, mf_v_proj=0.015453, fusion_gate=0.007206, q_gate_raw=0.000001, skill_latent=0.114077, relation_emb=3.335229e-14, relation_tau=5.443283e-14, relation_wq=1.947217e-14, relation_wk=1.973000e-14, personal_u=0.000000e+00, personal_v=0.000000e+00, personal_alpha_bias=0.000000e+00, personal_gate_emb=0.000000e+00, personal_gate_student_proj=0.000000e+00, personal_gate_context_proj=0.000000e+00, personal_gate_student_direct=0.000000e+00, personal_gate_context_direct=0.000000e+00, personal_gate_out=0.000000e+00, personal_generator_emb=0.000000e+00, personal_generator_context_proj=0.000000e+00, personal_generator_context_hidden=0.000000e+00, personal_generator_context_to_u=0.000000e+00, personal_generator_context_to_v=0.000000e+00
2026-03-14 15:34:48,348 - INFO - [junyi|junyi_abce_e_rescue_no_E|lr=0.003|drop=0.40] -> New best AUC=0.8189 at epoch 11
2026-03-14 15:35:38,368 - INFO - [junyi|junyi_abce_e_rescue_no_E|lr=0.003|drop=0.40] Epoch [012/100] | Train: Loss=0.4934, BCE=0.4867, Reg=0.0068, AUC=0.8192, ACC=0.7681, RMSE=0.3997 | Val: Loss=0.4964, BCE=0.4897, Reg=0.0067, AUC=0.8185, ACC=0.7758, RMSE=0.3986
2026-03-14 15:35:38,368 - INFO - [junyi|junyi_abce_e_rescue_no_E|lr=0.003|drop=0.40] [Reg Terms] Epoch [012] | Train: graph_entropy=0.000000, graph_diag=0.000004, graph_uniform=0.006747, graph_reg_scale=1.0000, mf_l2=0.000000, delta_ratio=0.000000, personal_sparse=0.000000, alpha_var=0.000000, alpha_collapse=0.000000, reg_bce_ratio=0.0139 | Val: graph_entropy=0.000000, graph_diag=0.000000, graph_uniform=0.006747, graph_reg_scale=1.0000, mf_l2=0.000000, delta_ratio=0.000000, personal_sparse=0.000000, alpha_var=0.000000, alpha_collapse=0.000000, reg_bce_ratio=0.0138
2026-03-14 15:35:38,563 - INFO - [junyi|junyi_abce_e_rescue_no_E|lr=0.003|drop=0.40] [Diag][M3] Epoch [012] | residual_abs_mean=0.2353, residual_std=0.1642, mf_abs_mean=0.2353, mf_std=0.1642, gate_mean=0.1860, gate_std=0.0953, irt_abs_mean=1.9321, irt_std=1.1613, delta_abs_mean=0.0414, delta_std=0.0385, delta_over_irt=0.0214, warmup(mf/personal)=1.00/1.00, graph_row_entropy=3.1781, graph_entropy_ratio=0.4845, alpha_mean=0.0000, alpha_std=0.0000, alpha_bias_std=0.0000, personal_row_entropy=0.0000, personal_matrix_delta=0.0000, personal_matrix_student_std=0.0000
2026-03-14 15:35:38,563 - INFO - [junyi|junyi_abce_e_rescue_no_E|lr=0.003|drop=0.40] [Diag][Graph] Epoch [012] | entropy_ratio=0.4845, diag_mass=0.0000, to_uniform_l2=0.007551, to_identity_l2=0.038412, tau_mean=0.6931, tau_std=0.0000, graph_reg_scale(train/val)=1.0000/1.0000
2026-03-14 15:35:38,563 - WARNING - [junyi|junyi_abce_e_rescue_no_E|lr=0.003|drop=0.40] [Diag Warning][Graph] graph-related grad norms are near zero for 12 epoch(s): relation_emb=8.369849e-15, relation_tau=2.398178e-12, relation_wq=4.751696e-15, relation_wk=4.957178e-15, personal_u=0.000000e+00, personal_v=0.000000e+00, personal_alpha_bias=0.000000e+00, personal_gate_emb=0.000000e+00, personal_gate_student_proj=0.000000e+00, personal_gate_context_proj=0.000000e+00, personal_gate_student_direct=0.000000e+00, personal_gate_context_direct=0.000000e+00, personal_gate_out=0.000000e+00, personal_generator_emb=0.000000e+00, personal_generator_context_proj=0.000000e+00, personal_generator_context_hidden=0.000000e+00, personal_generator_context_to_u=0.000000e+00, personal_generator_context_to_v=0.000000e+00
2026-03-14 15:35:38,564 - INFO - [junyi|junyi_abce_e_rescue_no_E|lr=0.003|drop=0.40] [Grad Norms] Epoch [012] | mf_u_proj=0.019221, mf_v_proj=0.019468, fusion_gate=0.003389, q_gate_raw=0.000003, skill_latent=0.222166, relation_emb=8.369849e-15, relation_tau=2.398178e-12, relation_wq=4.751696e-15, relation_wk=4.957178e-15, personal_u=0.000000e+00, personal_v=0.000000e+00, personal_alpha_bias=0.000000e+00, personal_gate_emb=0.000000e+00, personal_gate_student_proj=0.000000e+00, personal_gate_context_proj=0.000000e+00, personal_gate_student_direct=0.000000e+00, personal_gate_context_direct=0.000000e+00, personal_gate_out=0.000000e+00, personal_generator_emb=0.000000e+00, personal_generator_context_proj=0.000000e+00, personal_generator_context_hidden=0.000000e+00, personal_generator_context_to_u=0.000000e+00, personal_generator_context_to_v=0.000000e+00
2026-03-14 15:35:38,564 - INFO - [junyi|junyi_abce_e_rescue_no_E|lr=0.003|drop=0.40] -> No improvement 1 epoch(s) (best AUC=0.8189 @ 11)
2026-03-14 15:36:28,784 - INFO - [junyi|junyi_abce_e_rescue_no_E|lr=0.003|drop=0.40] Epoch [013/100] | Train: Loss=0.4817, BCE=0.4750, Reg=0.0067, AUC=0.8296, ACC=0.7767, RMSE=0.3936 | Val: Loss=0.4891, BCE=0.4823, Reg=0.0067, AUC=0.8226, ACC=0.7769, RMSE=0.3957
2026-03-14 15:36:28,785 - INFO - [junyi|junyi_abce_e_rescue_no_E|lr=0.003|drop=0.40] [Reg Terms] Epoch [013] | Train: graph_entropy=0.000000, graph_diag=0.000000, graph_uniform=0.006747, graph_reg_scale=1.0000, mf_l2=0.000000, delta_ratio=0.000000, personal_sparse=0.000000, alpha_var=0.000000, alpha_collapse=0.000000, reg_bce_ratio=0.0142 | Val: graph_entropy=0.000000, graph_diag=0.000000, graph_uniform=0.006747, graph_reg_scale=1.0000, mf_l2=0.000000, delta_ratio=0.000000, personal_sparse=0.000000, alpha_var=0.000000, alpha_collapse=0.000000, reg_bce_ratio=0.0140
2026-03-14 15:36:28,993 - INFO - [junyi|junyi_abce_e_rescue_no_E|lr=0.003|drop=0.40] [Diag][M3] Epoch [013] | residual_abs_mean=0.1768, residual_std=0.1220, mf_abs_mean=0.1768, mf_std=0.1220, gate_mean=0.1946, gate_std=0.0983, irt_abs_mean=1.8812, irt_std=1.1478, delta_abs_mean=0.0329, delta_std=0.0287, delta_over_irt=0.0175, warmup(mf/personal)=1.00/1.00, graph_row_entropy=3.1781, graph_entropy_ratio=0.4845, alpha_mean=0.0000, alpha_std=0.0000, alpha_bias_std=0.0000, personal_row_entropy=0.0000, personal_matrix_delta=0.0000, personal_matrix_student_std=0.0000
2026-03-14 15:36:28,994 - INFO - [junyi|junyi_abce_e_rescue_no_E|lr=0.003|drop=0.40] [Diag][Graph] Epoch [013] | entropy_ratio=0.4845, diag_mass=0.0000, to_uniform_l2=0.007551, to_identity_l2=0.038412, tau_mean=0.6931, tau_std=0.0000, graph_reg_scale(train/val)=1.0000/1.0000
2026-03-14 15:36:28,994 - WARNING - [junyi|junyi_abce_e_rescue_no_E|lr=0.003|drop=0.40] [Diag Warning][Graph] graph-related grad norms are near zero for 13 epoch(s): relation_emb=0.000000e+00, relation_tau=0.000000e+00, relation_wq=0.000000e+00, relation_wk=0.000000e+00, personal_u=0.000000e+00, personal_v=0.000000e+00, personal_alpha_bias=0.000000e+00, personal_gate_emb=0.000000e+00, personal_gate_student_proj=0.000000e+00, personal_gate_context_proj=0.000000e+00, personal_gate_student_direct=0.000000e+00, personal_gate_context_direct=0.000000e+00, personal_gate_out=0.000000e+00, personal_generator_emb=0.000000e+00, personal_generator_context_proj=0.000000e+00, personal_generator_context_hidden=0.000000e+00, personal_generator_context_to_u=0.000000e+00, personal_generator_context_to_v=0.000000e+00
2026-03-14 15:36:28,994 - INFO - [junyi|junyi_abce_e_rescue_no_E|lr=0.003|drop=0.40] [Grad Norms] Epoch [013] | mf_u_proj=0.020012, mf_v_proj=0.023762, fusion_gate=0.006711, q_gate_raw=0.000008, skill_latent=0.767043, relation_emb=0.000000e+00, relation_tau=0.000000e+00, relation_wq=0.000000e+00, relation_wk=0.000000e+00, personal_u=0.000000e+00, personal_v=0.000000e+00, personal_alpha_bias=0.000000e+00, personal_gate_emb=0.000000e+00, personal_gate_student_proj=0.000000e+00, personal_gate_context_proj=0.000000e+00, personal_gate_student_direct=0.000000e+00, personal_gate_context_direct=0.000000e+00, personal_gate_out=0.000000e+00, personal_generator_emb=0.000000e+00, personal_generator_context_proj=0.000000e+00, personal_generator_context_hidden=0.000000e+00, personal_generator_context_to_u=0.000000e+00, personal_generator_context_to_v=0.000000e+00
2026-03-14 15:36:29,314 - INFO - [junyi|junyi_abce_e_rescue_no_E|lr=0.003|drop=0.40] -> New best AUC=0.8226 at epoch 13
2026-03-14 15:37:19,854 - INFO - [junyi|junyi_abce_e_rescue_no_E|lr=0.003|drop=0.40] Epoch [014/100] | Train: Loss=0.4784, BCE=0.4717, Reg=0.0067, AUC=0.8319, ACC=0.7785, RMSE=0.3921 | Val: Loss=0.4882, BCE=0.4815, Reg=0.0067, AUC=0.8219, ACC=0.7768, RMSE=0.3959
2026-03-14 15:37:19,854 - INFO - [junyi|junyi_abce_e_rescue_no_E|lr=0.003|drop=0.40] [Reg Terms] Epoch [014] | Train: graph_entropy=0.000000, graph_diag=0.000002, graph_uniform=0.006747, graph_reg_scale=1.0000, mf_l2=0.000000, delta_ratio=0.000000, personal_sparse=0.000000, alpha_var=0.000000, alpha_collapse=0.000000, reg_bce_ratio=0.0143 | Val: graph_entropy=0.000000, graph_diag=0.000000, graph_uniform=0.006747, graph_reg_scale=1.0000, mf_l2=0.000000, delta_ratio=0.000000, personal_sparse=0.000000, alpha_var=0.000000, alpha_collapse=0.000000, reg_bce_ratio=0.0140
2026-03-14 15:37:20,036 - INFO - [junyi|junyi_abce_e_rescue_no_E|lr=0.003|drop=0.40] [Diag][M3] Epoch [014] | residual_abs_mean=0.1608, residual_std=0.1111, mf_abs_mean=0.1608, mf_std=0.1111, gate_mean=0.1790, gate_std=0.0962, irt_abs_mean=1.8496, irt_std=1.0721, delta_abs_mean=0.0285, delta_std=0.0273, delta_over_irt=0.0154, warmup(mf/personal)=1.00/1.00, graph_row_entropy=3.1781, graph_entropy_ratio=0.4845, alpha_mean=0.0000, alpha_std=0.0000, alpha_bias_std=0.0000, personal_row_entropy=0.0000, personal_matrix_delta=0.0000, personal_matrix_student_std=0.0000
2026-03-14 15:37:20,036 - INFO - [junyi|junyi_abce_e_rescue_no_E|lr=0.003|drop=0.40] [Diag][Graph] Epoch [014] | entropy_ratio=0.4845, diag_mass=0.0000, to_uniform_l2=0.007551, to_identity_l2=0.038412, tau_mean=0.6931, tau_std=0.0000, graph_reg_scale(train/val)=1.0000/1.0000
2026-03-14 15:37:20,036 - WARNING - [junyi|junyi_abce_e_rescue_no_E|lr=0.003|drop=0.40] [Diag Warning][Graph] graph-related grad norms are near zero for 14 epoch(s): relation_emb=0.000000e+00, relation_tau=0.000000e+00, relation_wq=0.000000e+00, relation_wk=0.000000e+00, personal_u=0.000000e+00, personal_v=0.000000e+00, personal_alpha_bias=0.000000e+00, personal_gate_emb=0.000000e+00, personal_gate_student_proj=0.000000e+00, personal_gate_context_proj=0.000000e+00, personal_gate_student_direct=0.000000e+00, personal_gate_context_direct=0.000000e+00, personal_gate_out=0.000000e+00, personal_generator_emb=0.000000e+00, personal_generator_context_proj=0.000000e+00, personal_generator_context_hidden=0.000000e+00, personal_generator_context_to_u=0.000000e+00, personal_generator_context_to_v=0.000000e+00
2026-03-14 15:37:20,036 - INFO - [junyi|junyi_abce_e_rescue_no_E|lr=0.003|drop=0.40] [Grad Norms] Epoch [014] | mf_u_proj=0.018819, mf_v_proj=0.022636, fusion_gate=0.003037, q_gate_raw=0.000072, skill_latent=0.091852, relation_emb=0.000000e+00, relation_tau=0.000000e+00, relation_wq=0.000000e+00, relation_wk=0.000000e+00, personal_u=0.000000e+00, personal_v=0.000000e+00, personal_alpha_bias=0.000000e+00, personal_gate_emb=0.000000e+00, personal_gate_student_proj=0.000000e+00, personal_gate_context_proj=0.000000e+00, personal_gate_student_direct=0.000000e+00, personal_gate_context_direct=0.000000e+00, personal_gate_out=0.000000e+00, personal_generator_emb=0.000000e+00, personal_generator_context_proj=0.000000e+00, personal_generator_context_hidden=0.000000e+00, personal_generator_context_to_u=0.000000e+00, personal_generator_context_to_v=0.000000e+00
2026-03-14 15:37:20,036 - INFO - [junyi|junyi_abce_e_rescue_no_E|lr=0.003|drop=0.40] -> No improvement 1 epoch(s) (best AUC=0.8226 @ 13)
2026-03-14 15:38:10,643 - INFO - [junyi|junyi_abce_e_rescue_no_E|lr=0.003|drop=0.40] Epoch [015/100] | Train: Loss=0.4768, BCE=0.4700, Reg=0.0067, AUC=0.8332, ACC=0.7787, RMSE=0.3914 | Val: Loss=0.4920, BCE=0.4852, Reg=0.0067, AUC=0.8215, ACC=0.7715, RMSE=0.3978
2026-03-14 15:38:10,643 - INFO - [junyi|junyi_abce_e_rescue_no_E|lr=0.003|drop=0.40] [Reg Terms] Epoch [015] | Train: graph_entropy=0.000000, graph_diag=0.000002, graph_uniform=0.006747, graph_reg_scale=1.0000, mf_l2=0.000000, delta_ratio=0.000000, personal_sparse=0.000000, alpha_var=0.000000, alpha_collapse=0.000000, reg_bce_ratio=0.0144 | Val: graph_entropy=0.000000, graph_diag=0.000000, graph_uniform=0.006747, graph_reg_scale=1.0000, mf_l2=0.000000, delta_ratio=0.000000, personal_sparse=0.000000, alpha_var=0.000000, alpha_collapse=0.000000, reg_bce_ratio=0.0139
2026-03-14 15:38:10,848 - INFO - [junyi|junyi_abce_e_rescue_no_E|lr=0.003|drop=0.40] [Diag][M3] Epoch [015] | residual_abs_mean=0.1597, residual_std=0.1152, mf_abs_mean=0.1597, mf_std=0.1152, gate_mean=0.1996, gate_std=0.1003, irt_abs_mean=1.8153, irt_std=1.1183, delta_abs_mean=0.0311, delta_std=0.0294, delta_over_irt=0.0171, warmup(mf/personal)=1.00/1.00, graph_row_entropy=3.1781, graph_entropy_ratio=0.4845, alpha_mean=0.0000, alpha_std=0.0000, alpha_bias_std=0.0000, personal_row_entropy=0.0000, personal_matrix_delta=0.0000, personal_matrix_student_std=0.0000
2026-03-14 15:38:10,848 - INFO - [junyi|junyi_abce_e_rescue_no_E|lr=0.003|drop=0.40] [Diag][Graph] Epoch [015] | entropy_ratio=0.4845, diag_mass=0.0000, to_uniform_l2=0.007551, to_identity_l2=0.038412, tau_mean=0.6931, tau_std=0.0000, graph_reg_scale(train/val)=1.0000/1.0000
2026-03-14 15:38:10,848 - WARNING - [junyi|junyi_abce_e_rescue_no_E|lr=0.003|drop=0.40] [Diag Warning][Graph] graph-related grad norms are near zero for 15 epoch(s): relation_emb=7.167153e-15, relation_tau=1.393688e-13, relation_wq=3.511622e-15, relation_wk=3.441621e-15, personal_u=0.000000e+00, personal_v=0.000000e+00, personal_alpha_bias=0.000000e+00, personal_gate_emb=0.000000e+00, personal_gate_student_proj=0.000000e+00, personal_gate_context_proj=0.000000e+00, personal_gate_student_direct=0.000000e+00, personal_gate_context_direct=0.000000e+00, personal_gate_out=0.000000e+00, personal_generator_emb=0.000000e+00, personal_generator_context_proj=0.000000e+00, personal_generator_context_hidden=0.000000e+00, personal_generator_context_to_u=0.000000e+00, personal_generator_context_to_v=0.000000e+00
2026-03-14 15:38:10,848 - INFO - [junyi|junyi_abce_e_rescue_no_E|lr=0.003|drop=0.40] [Grad Norms] Epoch [015] | mf_u_proj=0.015456, mf_v_proj=0.027822, fusion_gate=0.001712, q_gate_raw=0.000016, skill_latent=0.418480, relation_emb=7.167153e-15, relation_tau=1.393688e-13, relation_wq=3.511622e-15, relation_wk=3.441621e-15, personal_u=0.000000e+00, personal_v=0.000000e+00, personal_alpha_bias=0.000000e+00, personal_gate_emb=0.000000e+00, personal_gate_student_proj=0.000000e+00, personal_gate_context_proj=0.000000e+00, personal_gate_student_direct=0.000000e+00, personal_gate_context_direct=0.000000e+00, personal_gate_out=0.000000e+00, personal_generator_emb=0.000000e+00, personal_generator_context_proj=0.000000e+00, personal_generator_context_hidden=0.000000e+00, personal_generator_context_to_u=0.000000e+00, personal_generator_context_to_v=0.000000e+00
2026-03-14 15:38:10,849 - INFO - [junyi|junyi_abce_e_rescue_no_E|lr=0.003|drop=0.40] -> No improvement 2 epoch(s) (best AUC=0.8226 @ 13)
2026-03-14 15:39:01,291 - INFO - [junyi|junyi_abce_e_rescue_no_E|lr=0.003|drop=0.40] Epoch [016/100] | Train: Loss=0.4758, BCE=0.4691, Reg=0.0067, AUC=0.8336, ACC=0.7796, RMSE=0.3910 | Val: Loss=0.4881, BCE=0.4813, Reg=0.0067, AUC=0.8226, ACC=0.7746, RMSE=0.3962
2026-03-14 15:39:01,291 - INFO - [junyi|junyi_abce_e_rescue_no_E|lr=0.003|drop=0.40] [Reg Terms] Epoch [016] | Train: graph_entropy=0.000000, graph_diag=0.000000, graph_uniform=0.006747, graph_reg_scale=1.0000, mf_l2=0.000000, delta_ratio=0.000000, personal_sparse=0.000000, alpha_var=0.000000, alpha_collapse=0.000000, reg_bce_ratio=0.0144 | Val: graph_entropy=0.000000, graph_diag=0.000000, graph_uniform=0.006747, graph_reg_scale=1.0000, mf_l2=0.000000, delta_ratio=0.000000, personal_sparse=0.000000, alpha_var=0.000000, alpha_collapse=0.000000, reg_bce_ratio=0.0140
2026-03-14 15:39:01,462 - INFO - [junyi|junyi_abce_e_rescue_no_E|lr=0.003|drop=0.40] [Diag][M3] Epoch [016] | residual_abs_mean=0.1936, residual_std=0.1250, mf_abs_mean=0.1936, mf_std=0.1250, gate_mean=0.2065, gate_std=0.0974, irt_abs_mean=1.8039, irt_std=1.0728, delta_abs_mean=0.0392, delta_std=0.0329, delta_over_irt=0.0217, warmup(mf/personal)=1.00/1.00, graph_row_entropy=3.1781, graph_entropy_ratio=0.4845, alpha_mean=0.0000, alpha_std=0.0000, alpha_bias_std=0.0000, personal_row_entropy=0.0000, personal_matrix_delta=0.0000, personal_matrix_student_std=0.0000
2026-03-14 15:39:01,462 - INFO - [junyi|junyi_abce_e_rescue_no_E|lr=0.003|drop=0.40] [Diag][Graph] Epoch [016] | entropy_ratio=0.4845, diag_mass=0.0000, to_uniform_l2=0.007551, to_identity_l2=0.038412, tau_mean=0.6931, tau_std=0.0000, graph_reg_scale(train/val)=1.0000/1.0000
2026-03-14 15:39:01,462 - WARNING - [junyi|junyi_abce_e_rescue_no_E|lr=0.003|drop=0.40] [Diag Warning][Graph] graph-related grad norms are near zero for 16 epoch(s): relation_emb=1.252956e-15, relation_tau=2.781142e-13, relation_wq=6.808966e-16, relation_wk=5.932611e-16, personal_u=0.000000e+00, personal_v=0.000000e+00, personal_alpha_bias=0.000000e+00, personal_gate_emb=0.000000e+00, personal_gate_student_proj=0.000000e+00, personal_gate_context_proj=0.000000e+00, personal_gate_student_direct=0.000000e+00, personal_gate_context_direct=0.000000e+00, personal_gate_out=0.000000e+00, personal_generator_emb=0.000000e+00, personal_generator_context_proj=0.000000e+00, personal_generator_context_hidden=0.000000e+00, personal_generator_context_to_u=0.000000e+00, personal_generator_context_to_v=0.000000e+00
2026-03-14 15:39:01,462 - INFO - [junyi|junyi_abce_e_rescue_no_E|lr=0.003|drop=0.40] [Grad Norms] Epoch [016] | mf_u_proj=0.012808, mf_v_proj=0.022285, fusion_gate=0.004588, q_gate_raw=0.000064, skill_latent=0.187846, relation_emb=1.252956e-15, relation_tau=2.781142e-13, relation_wq=6.808966e-16, relation_wk=5.932611e-16, personal_u=0.000000e+00, personal_v=0.000000e+00, personal_alpha_bias=0.000000e+00, personal_gate_emb=0.000000e+00, personal_gate_student_proj=0.000000e+00, personal_gate_context_proj=0.000000e+00, personal_gate_student_direct=0.000000e+00, personal_gate_context_direct=0.000000e+00, personal_gate_out=0.000000e+00, personal_generator_emb=0.000000e+00, personal_generator_context_proj=0.000000e+00, personal_generator_context_hidden=0.000000e+00, personal_generator_context_to_u=0.000000e+00, personal_generator_context_to_v=0.000000e+00
2026-03-14 15:39:01,462 - INFO - [junyi|junyi_abce_e_rescue_no_E|lr=0.003|drop=0.40] -> No improvement 3 epoch(s) (best AUC=0.8226 @ 13)
2026-03-14 15:39:01,462 - INFO - [junyi|junyi_abce_e_rescue_no_E|lr=0.003|drop=0.40] Early stopping at epoch 16 (best AUC=0.8226 @ 13)
2026-03-14 15:39:01,469 - INFO - Epoch-wise metrics saved to checkpoints/abce_diag/v3_e_v3_attr_20260314_141018/junyi/seed42/e_rescue_no_E/metrics_history.csv
2026-03-14 15:39:01,470 - INFO - [junyi|junyi_abce_e_rescue_no_E|lr=0.003|drop=0.40] Training completed! Best Val AUC=0.8226 @ epoch 13
2026-03-14 15:39:01,682 - INFO - 
============================================================
         MODULE ACTIVITY REPORT
============================================================
Dataset: junyi | Seed: 42 | Epoch: 16

1. Concept Graph Module:
   - Mean row entropy: 3.178 / 6.560
   - Entropy ratio: 48.4%
   - Status: ACTIVE (learning meaningful structure)

2. Personal Graph Module:
   - Status: DISABLED (use_personal_graph=False)

3. Skill/MF Module:
   - MF logit |mean|: 0.2044
   - MF logit std: 0.2101
   - Fusion gate mean: 0.207
   - Status: ACTIVE (contributing to predictions)

------------------------------------------------------------
SUMMARY:
   Active modules: Concept Graph, Skill/MF
   All enabled modules are functioning properly!
============================================================
2026-03-14 15:39:01,682 - INFO - [junyi|junyi_abce_e_rescue_no_E|lr=0.003|drop=0.40] Module activity saved to checkpoints/abce_diag/v3_e_v3_attr_20260314_141018/junyi/seed42/e_rescue_no_E/module_activity.json
2026-03-14 15:39:01,734 - INFO - Using device: cuda:0 (physical gpu 2)
2026-03-14 15:39:01,734 - INFO - Loading model from checkpoints/abce_diag/v3_e_v3_attr_20260314_141018/junyi/seed42/e_rescue_no_E/best_model.pth...
2026-03-14 15:39:01,860 - INFO - Inference switches: ablate_module1=False, ablate_module2=False, ablate_module3=False | enable_module1=True, enable_module2=True, enable_module3=True | use_mf_branch=True, use_concept_graph=True, use_q_aligned_residual=True | effective(num_gnn_layers=2)
2026-03-14 15:39:01,902 - INFO - [Inference] Ablation runtime check: args(ablate_module1=False,ablate_module2=False,ablate_module3=False) | model(enable_module1=True,enable_module2=True,enable_module3=True) | physical(has_knowledge_encoder=True,has_mf_branch=True)
2026-03-14 15:39:01,903 - INFO - [Inference] [Module3 Init] fusion_gate_bias=-0.6000, fusion_gate_max=1.0000, implied_gate=0.3543, q_gate=0.5000, mf_scale=0.2500, bias_scale=0.2500, graph_tau_mean=1.0055, graph_tau_std=0.0000, graph_dropout=0.000
2026-03-14 15:39:01,905 - INFO - Model loaded from epoch 13. Start testing...
2026-03-14 15:39:04,705 - INFO - [Test] 200/262 batches done, samples=51200
2026-03-14 15:39:05,602 - INFO - 
==================================================
2026-03-14 15:39:05,602 - INFO - Test Results:
2026-03-14 15:39:05,602 - INFO - AUC: 0.8283
2026-03-14 15:39:05,602 - INFO - ACC: 0.7682
2026-03-14 15:39:05,602 - INFO - RMSE: 0.4006
2026-03-14 15:39:05,602 - INFO - ==================================================
2026-03-14 15:39:05,614 - INFO - Summary appended to /home/zsh/ConceptSkillCDM/results/experiment_results.csv
2026-03-14 15:39:05,618 - INFO - Run completed.
2026-03-14 15:39:05,618 - INFO - Best validation AUC: 0.8226 at epoch 13
2026-03-14 15:39:05,618 - INFO - Test metrics - AUC: 0.8283, ACC: 0.7682, RMSE: 0.4006
