2026-05-09 01:07:04,644 - INFO - Arguments:
2026-05-09 01:07:04,644 - INFO -   ablate_concept_graph: False
2026-05-09 01:07:04,644 - INFO -   ablate_module1: False
2026-05-09 01:07:04,644 - INFO -   ae_interaction_logit_scale: 1.0
2026-05-09 01:07:04,644 - INFO -   ae_irt_logit_scale: 0.2
2026-05-09 01:07:04,644 - INFO -   ae_logit_dim: 64
2026-05-09 01:07:04,644 - INFO -   ae_logit_residual_clip: 6.0
2026-05-09 01:07:04,644 - INFO -   ae_logit_residual_scale: 1.0
2026-05-09 01:07:04,644 - INFO -   ae_lr_mult: 30.0
2026-05-09 01:07:04,644 - INFO -   ae_posterior_prior_scale: 1.0
2026-05-09 01:07:04,644 - INFO -   ae_query_residual_scale: 0.0
2026-05-09 01:07:04,644 - INFO -   ae_stat_prior_scale: 1.0
2026-05-09 01:07:04,644 - INFO -   allow_self_loop: True
2026-05-09 01:07:04,644 - INFO -   alpha_min_target: 0.05
2026-05-09 01:07:04,644 - INFO -   batch_size: 1024
2026-05-09 01:07:04,644 - INFO -   data_dir: ./data/assist_12
2026-05-09 01:07:04,644 - INFO -   dataset_name: assist_12
2026-05-09 01:07:04,644 - INFO -   debug_graph_diag: True
2026-05-09 01:07:04,644 - INFO -   diag_batches: 1
2026-05-09 01:07:04,644 - INFO -   disable_self_loop: False
2026-05-09 01:07:04,644 - INFO -   disable_sequence_prior: False
2026-05-09 01:07:04,644 - INFO -   dropout: 0.1
2026-05-09 01:07:04,644 - INFO -   early_stop_patience: 5
2026-05-09 01:07:04,645 - INFO -   enable_module1: True
2026-05-09 01:07:04,645 - INFO -   epochs: 30
2026-05-09 01:07:04,645 - INFO -   generate_diagnosis: False
2026-05-09 01:07:04,645 - INFO -   gnn_residual_weight: 0.5
2026-05-09 01:07:04,645 - INFO -   gpu_candidates: None
2026-05-09 01:07:04,645 - INFO -   gpu_ids: None
2026-05-09 01:07:04,645 - INFO -   gpu_memory_threshold: 2000
2026-05-09 01:07:04,645 - INFO -   gpus: None
2026-05-09 01:07:04,645 - INFO -   graph_dropout: 0.0
2026-05-09 01:07:04,645 - INFO -   graph_edge_bias_rank: 8
2026-05-09 01:07:04,645 - INFO -   graph_entropy_max: 0.8
2026-05-09 01:07:04,645 - INFO -   graph_entropy_min: 0.15
2026-05-09 01:07:04,645 - INFO -   graph_headwise_query_gate: True
2026-05-09 01:07:04,645 - INFO -   graph_identity_residual: 0.05
2026-05-09 01:07:04,645 - INFO -   graph_prior_logit_scale: 0.55
2026-05-09 01:07:04,645 - INFO -   graph_propagation_alpha: 0.02
2026-05-09 01:07:04,645 - INFO -   graph_query_adapter_enable: True
2026-05-09 01:07:04,645 - INFO -   graph_query_readout_2hop_scale: 0.01
2026-05-09 01:07:04,645 - INFO -   graph_query_readout_scale: 0.02
2026-05-09 01:07:04,645 - INFO -   graph_reg_cap_ratio: 6.0
2026-05-09 01:07:04,645 - INFO -   graph_reg_warmup_epochs: 0
2026-05-09 01:07:04,645 - INFO -   graph_tau_init: 0.55
2026-05-09 01:07:04,645 - INFO -   graph_topk: 24
2026-05-09 01:07:04,645 - INFO -   graph_uniform_margin: 0.1
2026-05-09 01:07:04,645 - INFO -   knowledge_dim: 128
2026-05-09 01:07:04,645 - INFO -   lambda_alpha: 0.0
2026-05-09 01:07:04,645 - INFO -   lambda_alpha_min: 0.08
2026-05-09 01:07:04,645 - INFO -   lambda_graph_diag: 0.1
2026-05-09 01:07:04,645 - INFO -   lambda_graph_uniform: 0.04
2026-05-09 01:07:04,645 - INFO -   lambda_personal_kl: 0.04
2026-05-09 01:07:04,645 - INFO -   lambda_personal_query_residual: 0.06
2026-05-09 01:07:04,646 - INFO -   lambda_sparse: 0.3
2026-05-09 01:07:04,646 - INFO -   lambda_sparse_personal: 0.0005
2026-05-09 01:07:04,646 - INFO -   lambda_theta_prior_align: 0.0
2026-05-09 01:07:04,646 - INFO -   learning_rate: 0.0001
2026-05-09 01:07:04,646 - INFO -   log_dir: logs/public_refilter_20260509_010658/assist_12_full
2026-05-09 01:07:04,646 - INFO -   max_test_batches: None
2026-05-09 01:07:04,646 - INFO -   max_train_batches: None
2026-05-09 01:07:04,646 - INFO -   max_val_batches: None
2026-05-09 01:07:04,646 - INFO -   min_exer_interactions: 0
2026-05-09 01:07:04,646 - INFO -   min_poison_count: 0
2026-05-09 01:07:04,646 - INFO -   min_stu_interactions: 0
2026-05-09 01:07:04,646 - INFO -   model_variant: full
2026-05-09 01:07:04,646 - INFO -   multi_gpu: False
2026-05-09 01:07:04,646 - INFO -   no_cuda: False
2026-05-09 01:07:04,646 - INFO -   num_gnn_layers: 2
2026-05-09 01:07:04,646 - INFO -   num_gpus: 1
2026-05-09 01:07:04,646 - INFO -   num_relation_heads: 4
2026-05-09 01:07:04,646 - INFO -   num_workers: 4
2026-05-09 01:07:04,646 - INFO -   patience: 5
2026-05-09 01:07:04,646 - INFO -   personal_alpha_base_init: 0.05
2026-05-09 01:07:04,646 - INFO -   personal_alpha_bias_scale: 0.0
2026-05-09 01:07:04,646 - INFO -   personal_alpha_budget: 0.1
2026-05-09 01:07:04,646 - INFO -   personal_alpha_temperature: 2.2
2026-05-09 01:07:04,646 - INFO -   personal_delta_scale: 4.0
2026-05-09 01:07:04,646 - INFO -   personal_disable_student_global_context: True
2026-05-09 01:07:04,646 - INFO -   personal_id_lr_mult: 0.5
2026-05-09 01:07:04,646 - INFO -   personal_include_neighbor_rows: False
2026-05-09 01:07:04,646 - INFO -   personal_item_support_mass: 0.2
2026-05-09 01:07:04,646 - INFO -   personal_local_hops: 1
2026-05-09 01:07:04,646 - INFO -   personal_mastery_prior_scale: 0.0
2026-05-09 01:07:04,646 - INFO -   personal_max_alpha: 0.28
2026-05-09 01:07:04,646 - INFO -   personal_message_alignment_gate: True
2026-05-09 01:07:04,647 - INFO -   personal_neighbor_row_budget: 0.35
2026-05-09 01:07:04,647 - INFO -   personal_projection_hidden_factor: 2
2026-05-09 01:07:04,647 - INFO -   personal_query_correction_max_ratio: 0.05
2026-05-09 01:07:04,647 - INFO -   personal_query_correction_min_graph_anchor: 0.02
2026-05-09 01:07:04,647 - INFO -   personal_query_correction_scale: 0.2
2026-05-09 01:07:04,647 - INFO -   personal_query_message_gain: 1.0
2026-05-09 01:07:04,647 - INFO -   personal_query_residual_margin: 0.14
2026-05-09 01:07:04,647 - INFO -   personal_query_row_budget: 1.0
2026-05-09 01:07:04,647 - INFO -   personal_query_support_hops: 1
2026-05-09 01:07:04,647 - INFO -   personal_rank: 8
2026-05-09 01:07:04,647 - INFO -   personal_recent_mastery_prior_scale: 0.0
2026-05-09 01:07:04,647 - INFO -   personal_reg_warmup_epochs: 8
2026-05-09 01:07:04,647 - INFO -   personal_state_lr_mult: 1.0
2026-05-09 01:07:04,647 - INFO -   personal_student_dim: 32
2026-05-09 01:07:04,647 - INFO -   personal_support_include_graph: True
2026-05-09 01:07:04,647 - INFO -   personal_support_include_neighbors: False
2026-05-09 01:07:04,647 - INFO -   personal_support_include_query_self: True
2026-05-09 01:07:04,647 - INFO -   personal_support_only: True
2026-05-09 01:07:04,647 - INFO -   personal_value_use_global_basis: True
2026-05-09 01:07:04,647 - INFO -   personal_warmup_epochs: 8
2026-05-09 01:07:04,647 - INFO -   prediction_l2_lambda: 1e-05
2026-05-09 01:07:04,647 - INFO -   relation_theta_delta_clip: 2.0
2026-05-09 01:07:04,647 - INFO -   relation_theta_scale: 0.0
2026-05-09 01:07:04,647 - INFO -   save_dir: checkpoints/public_refilter_20260509_010658/assist_12_full
2026-05-09 01:07:04,647 - INFO -   save_interval: 10
2026-05-09 01:07:04,647 - INFO -   seed: 42
2026-05-09 01:07:04,647 - INFO -   share_concept_embeddings: True
2026-05-09 01:07:04,647 - INFO -   use_concept_graph: True
2026-05-09 01:07:04,647 - INFO -   use_exercise_graph: True
2026-05-09 01:07:04,647 - INFO -   use_personal_graph: True
2026-05-09 01:07:04,647 - INFO -   weight_decay: 1e-05
2026-05-09 01:07:04,745 - INFO - Using device: cuda:0
2026-05-09 01:07:04,745 - INFO - [assist_12|full|lr=0.0001|drop=0.10] Loading datasets...
2026-05-09 01:07:04,745 - INFO - [assist_12|full|lr=0.0001|drop=0.10] Regularization: graph_entropy(lambda_sparse)=0.300000, graph_diag=0.100000, graph_uniform=0.040000, personal_sparse=0.000500, personal_kl=0.040000, personal_query_residual=0.060000, theta_prior_align=0.000000, alpha_penalty=0.000000, alpha_min=0.080000, prediction_l2=0.000010
2026-05-09 01:07:04,745 - INFO - [assist_12|full|lr=0.0001|drop=0.10] Graph controls: entropy_band=[0.15, 0.80], uniform_margin=0.10, warmup_epochs=0, cap_ratio=6.00, graph_dropout=0.000, graph_tau_init=0.550
2026-05-09 01:07:04,745 - INFO - [assist_12|full|lr=0.0001|drop=0.10] Personal controls: personal_max_alpha=0.280, personal_delta_scale=4.000, personal_warmup_epochs=8, personal_student_dim=32, alpha_min_target=0.0500, personal_local_hops=1, include_neighbor_rows=False, personal_support_only=True, personal_alpha_temperature=2.200, personal_alpha_budget=0.100, personal_query_row_budget=1.000, personal_neighbor_row_budget=0.350, personal_query_support_hops=1, personal_item_support_mass=0.200, personal_mastery_prior_scale=0.000, personal_recent_mastery_prior_scale=0.000, personal_query_message_gain=1.000, personal_query_correction_scale=0.200, personal_state_lr_mult=1.000, personal_id_lr_mult=0.500, graph_propagation_alpha=0.020, graph_query_readout_scale=0.020, graph_query_readout_2hop_scale=0.010
2026-05-09 01:07:04,851 - INFO - [assist_12] [数据清洗] 跳过学生冷启动过滤（min_stu_interactions <= 0）。
2026-05-09 01:07:04,851 - INFO - [assist_12] [数据清洗] 跳过题目冷门过滤（min_exer_interactions <= 0）。
2026-05-09 01:07:04,851 - INFO - [assist_12] [数据清洗] 跳过毒题清洗（min_poison_count <= 0）。
2026-05-09 01:07:04,851 - INFO - [assist_12] 正在构建ID映射...
2026-05-09 01:07:05,137 - INFO - [assist_12] 正在构建Q矩阵...
2026-05-09 01:07:18,642 - INFO - [assist_12] [A Prior] train-only evidence: item_edges=0, item_density=0.0000, item_entropy=0.0000, seq_raw_mass=259627.1, seq_weighted_mass=5692.4, seq_students=7109, seq_edges=1965, seq_density=0.4313, seq_entropy=2.3744
2026-05-09 01:07:18,647 - INFO - [assist_12] [数据清洗] Valid train-seen 过滤：before=15017, after=15017, dropped=0, coverage=100.00%
2026-05-09 01:07:18,651 - INFO - [assist_12] [数据清洗] Test train-seen 过滤：before=14903, after=14903, dropped=0, coverage=100.00%
2026-05-09 01:07:18,659 - INFO - [assist_12] [统计] 开始统计清洗后每道题的概念数量分布...
2026-05-09 01:07:18,663 - INFO - [assist_12] [Train] 概念数统计：题目数=702, 平均概念数=1.0000, min=1, max=1, 1概念=702 (100.00%), ≥2概念=0 (0.00%)
2026-05-09 01:07:18,663 - INFO - [assist_12] [Train] 概念数直方图（概念数: 题目数量）: {1: 702}
2026-05-09 01:07:18,664 - INFO - [assist_12] [Valid] 概念数统计：题目数=677, 平均概念数=1.0000, min=1, max=1, 1概念=677 (100.00%), ≥2概念=0 (0.00%)
2026-05-09 01:07:18,664 - INFO - [assist_12] [Valid] 概念数直方图（概念数: 题目数量）: {1: 677}
2026-05-09 01:07:18,665 - INFO - [assist_12] [Test] 概念数统计：题目数=671, 平均概念数=1.0000, min=1, max=1, 1概念=671 (100.00%), ≥2概念=0 (0.00%)
2026-05-09 01:07:18,665 - INFO - [assist_12] [Test] 概念数直方图（概念数: 题目数量）: {1: 671}
2026-05-09 01:07:18,665 - INFO - [assist_12] [统计] 概念数量统计完成。
2026-05-09 01:07:18,665 - INFO - [assist_12] 正在加载数据集...
2026-05-09 01:07:18,782 - INFO - [assist_12|full|lr=0.0001|drop=0.10] Train samples: 262479, Val samples: 15017
2026-05-09 01:07:18,782 - INFO - [assist_12|full|lr=0.0001|drop=0.10] Number of students: 7215
2026-05-09 01:07:18,782 - INFO - [assist_12|full|lr=0.0001|drop=0.10] Number of exercises: 702
2026-05-09 01:07:18,782 - INFO - [assist_12|full|lr=0.0001|drop=0.10] Number of concepts: 68
2026-05-09 01:07:18,782 - INFO - [assist_12|full|lr=0.0001|drop=0.10] [A Prior] item_edges=0 item_density=0.0000 item_entropy=0.0000 | seq_raw_mass=259627.1 seq_weighted_mass=5692.4 seq_students=7109 seq_edges=1965 seq_density=0.4313 seq_entropy=2.3744
2026-05-09 01:07:18,782 - INFO - [assist_12|full|lr=0.0001|drop=0.10] Creating model...
2026-05-09 01:07:18,782 - INFO - [assist_12|full|lr=0.0001|drop=0.10] Ablation switches: ablate_module1=False | enable_module1=True | use_concept_graph=True | effective(num_gnn_layers=2)
[GPU] Status: [GPU 0: 24088MiB free]
2026-05-09 01:07:37,627 - INFO - [assist_12|full|lr=0.0001|drop=0.10] AE stat priors initialized: scale=1.000, train_global_rate=0.7434, student_absmean=0.5377, exercise_absmean=0.4778, concept_absmean=0.5357, student_concept_absmean=0.0385, recent_student_concept_absmean=0.0647, reliability_absmean=0.7031
2026-05-09 01:07:37,628 - INFO - [assist_12|full|lr=0.0001|drop=0.10] Ablation runtime check: args(ablate_module1=False) | expect(use_concept_graph=True,use_personal_graph=True) | model(enable_module1=True,use_concept_graph=True,use_personal_graph=True) | physical(has_knowledge_encoder=True,has_relation_learning=True,has_adaptive_gate=True,has_personal_generator=True)
2026-05-09 01:07:37,628 - INFO - [assist_12|full|lr=0.0001|drop=0.10] Debug diagnostics enabled: diag_batches=1
2026-05-09 01:07:37,639 - INFO - [assist_12|full|lr=0.0001|drop=0.10] [Graph Init] graph_tau_mean=1.0055, graph_tau_std=0.0000, graph_dropout=0.000, item_beta=0.5775±0.2200, seq_beta=0.5775±0.2200, self_loop_logit=0.7500, use_personal_graph=True
2026-05-09 01:07:37,640 - INFO - [assist_12|full|lr=0.0001|drop=0.10] Total parameters: 1,074,551
2026-05-09 01:07:37,640 - INFO - [assist_12|full|lr=0.0001|drop=0.10] Trainable parameters: 1,074,550
2026-05-09 01:07:38,424 - INFO - [assist_12|full|lr=0.0001|drop=0.10] Optimizer param groups: backbone@lr=0.0001, ae_joint@lr=0.003, personal_state@lr=0.0001
2026-05-09 01:07:38,424 - INFO - [assist_12|full|lr=0.0001|drop=0.10] Monitor config: scheduler=val_auc(max), best_checkpoint=val_auc(max), early_stop=val_auc(max)
2026-05-09 01:07:38,424 - INFO - [assist_12|full|lr=0.0001|drop=0.10] Starting training...
2026-05-09 01:08:33,333 - INFO - [assist_12|full|lr=0.0001|drop=0.10] Epoch [001/30] | Train: Loss=0.4721, BCE=0.4624, Reg=0.0096, AUC=0.7892, ACC=0.7846, RMSE=0.3875 | Val: Loss=0.5344, BCE=0.5248, Reg=0.0096, AUC=0.7075, ACC=0.7413, RMSE=0.4183
2026-05-09 01:08:33,333 - INFO - [assist_12|full|lr=0.0001|drop=0.10] [Reg Terms] Epoch [001] | Train: graph_entropy=0.000000, graph_diag=0.005893, graph_uniform=0.002992, graph_reg_scale=1.0000, prediction_l2=0.000000, personal_sparse=0.000164, theta_prior_align=0.000000, alpha_var=0.000000, alpha_collapse=0.000496, reg_bce_ratio=0.0208 | Val: graph_entropy=0.000000, graph_diag=0.005852, graph_uniform=0.002991, graph_reg_scale=1.0000, prediction_l2=0.000000, personal_sparse=0.000165, theta_prior_align=0.000000, alpha_var=0.000000, alpha_collapse=0.000489, reg_bce_ratio=0.0183
2026-05-09 01:08:33,535 - INFO - [assist_12|full|lr=0.0001|drop=0.10] [Diag][AE] Epoch [001] | irt_abs_mean=0.2500, irt_std=0.0939, personal_warmup_scale=0.12, relation_theta_delta=0.0000, relation_theta_logit=0.0000, relation_theta_neighbor_mass=0.0000, relation_theta_personal_mass=0.0000, ae_posterior_prior_scale=1.0000, ae_posterior_prior_logit=0.0212, ae_posterior_prior_delta=0.0531, graph_row_entropy=2.9427, graph_entropy_ratio=0.6974, alpha_mean=0.0505, alpha_std=0.0011, alpha_base_mean=0.0505, alpha_delta_absmean=0.0013, alpha_saturation_ratio=0.0000, alpha_bias_std=NA, alpha_state_path=0.0144, alpha_id_path=0.0000, alpha_bias_path=0.0000, head_bias_path=1.5150, personal_row_entropy=2.6834, personal_matrix_delta=0.0360, personal_matrix_student_std=0.0371, personal_delta_pre_softmax_norm=1.2731, personal_delta_student_std=1.0631, alpha_head_std=0.0011, query_row_global_readout_delta=0.0124, query_row_personal_message_delta=0.0010, ae_query_state_residual_delta=0.0000, ae_logit_residual_abs_mean=0.9581, query_row_posterior_delta_abs=0.0360, query_row_posterior_kl=0.0209, query_row_delta_local_rms_raw=0.0400, query_row_message_projection_gain=1.1116, personal_to_graph_query_ratio=0.0806, query_row_global_support_mass=0.9428, query_row_personal_support_mass=2.0428, neighbor_row_personal_delta=0.0000, personal_row_budget_mean=1.0000, personal_query_row_std=0.1615, personal_item_support_added_rate=0.0000, personal_item_support_added_mass=0.0000, readout_query_support_mass=0.9428, personal_student_mix=0.0000, personal_mastery_prior_scale=0.0000, personal_mastery_scores_absmean=0.0000, personal_recent_mastery_prior_scale=0.0000, personal_recent_mastery_scores_absmean=0.0000, personal_student_adapter=0.0000, local_row_ratio=0.3483, support_density=0.9452, readout_query_delta=0.0129, personal_bad_rows_active=0.00, personal_fallback_rows_active=0.00, personal_bad_row_rate_active=0.0000, personal_padded_rows=0.00, personal_logits_support_absmax=7.7247, personal_query_trust_scale_mean=0.1927, personal_bad_rows_all=0.00, personal_fallback_rows_all=0.00, personal_logits_absmax_all=30.0000
2026-05-09 01:08:33,535 - INFO - [assist_12|full|lr=0.0001|drop=0.10] [Diag][A] Epoch [001] | entropy_ratio=0.6974, diag_mass=0.0585, to_uniform_l2=0.025233, to_identity_l2=0.117634, relation_identity_delta=0.117634, knowledge_state_graph_delta=0.481437, knowledge_state_personal_delta=0.000000, share_concept_embeddings=True, tau_mean=0.9946, tau_std=0.0039, graph_reg_scale(train/val)=1.0000/1.0000
2026-05-09 01:08:33,535 - INFO - [assist_12|full|lr=0.0001|drop=0.10] [Diag][A Support] Epoch [001] | candidate_size=22.40, final_size=21.75, item_survival=0.0000, seq_survival=0.9698, item_seq_overlap=0.0000, self_retention=1.0000
2026-05-09 01:08:33,535 - INFO - [assist_12|full|lr=0.0001|drop=0.10] [Diag][AE Components] Epoch [001] | student_prior=0.4879, exercise_prior=0.4008, concept_prior=0.2394, query_student_concept=0.1636, graph_student_concept=0.0354, posterior_prior=0.0212, reliability=0.5267, interpretable_bias=0.0526, explicit_feature=0.2639, interaction=0.0000, raw_before_clip=0.9847, raw_after_clip=0.9581
2026-05-09 01:08:33,535 - INFO - [assist_12|full|lr=0.0001|drop=0.10] [Grad Norms] Epoch [001] | relation_emb=7.722539e-03, relation_tau=1.581516e-03, prior_strength=0.000000e+00, receiver_bias=1.111689e-03, self_loop=4.888423e-04, gate_head_bias=2.034693e-04, gate_query_weight=5.152081e-06, gate_context_weight=5.151611e-06, generator_state_mix=6.161175e-06
2026-05-09 01:08:33,933 - INFO - [assist_12|full|lr=0.0001|drop=0.10] -> New best AUC=0.7075 at epoch 1
2026-05-09 01:09:31,346 - INFO - [assist_12|full|lr=0.0001|drop=0.10] Epoch [002/30] | Train: Loss=0.4629, BCE=0.4526, Reg=0.0103, AUC=0.8006, ACC=0.7893, RMSE=0.3828 | Val: Loss=0.5262, BCE=0.5159, Reg=0.0103, AUC=0.7098, ACC=0.7513, RMSE=0.4137
2026-05-09 01:09:31,347 - INFO - [assist_12|full|lr=0.0001|drop=0.10] [Reg Terms] Epoch [002] | Train: graph_entropy=0.000000, graph_diag=0.005813, graph_uniform=0.002989, graph_reg_scale=1.0000, prediction_l2=0.000000, personal_sparse=0.000331, theta_prior_align=0.000000, alpha_var=0.000000, alpha_collapse=0.000958, reg_bce_ratio=0.0228 | Val: graph_entropy=0.000000, graph_diag=0.005777, graph_uniform=0.002987, graph_reg_scale=1.0000, prediction_l2=0.000000, personal_sparse=0.000330, theta_prior_align=0.000000, alpha_var=0.000000, alpha_collapse=0.000941, reg_bce_ratio=0.0199
2026-05-09 01:09:31,570 - INFO - [assist_12|full|lr=0.0001|drop=0.10] [Diag][AE] Epoch [002] | irt_abs_mean=0.4672, irt_std=0.1463, personal_warmup_scale=0.25, relation_theta_delta=0.0000, relation_theta_logit=0.0000, relation_theta_neighbor_mass=0.0000, relation_theta_personal_mass=0.0000, ae_posterior_prior_scale=1.0000, ae_posterior_prior_logit=0.0246, ae_posterior_prior_delta=0.0614, graph_row_entropy=2.9391, graph_entropy_ratio=0.6966, alpha_mean=0.0505, alpha_std=0.0030, alpha_base_mean=0.0505, alpha_delta_absmean=0.0042, alpha_saturation_ratio=0.0000, alpha_bias_std=NA, alpha_state_path=0.0458, alpha_id_path=0.0000, alpha_bias_path=0.0000, head_bias_path=1.5156, personal_row_entropy=2.6695, personal_matrix_delta=0.0389, personal_matrix_student_std=0.0385, personal_delta_pre_softmax_norm=1.3392, personal_delta_student_std=1.0677, alpha_head_std=0.0027, query_row_global_readout_delta=0.0127, query_row_personal_message_delta=0.0010, ae_query_state_residual_delta=0.0000, ae_logit_residual_abs_mean=1.0167, query_row_posterior_delta_abs=0.0389, query_row_posterior_kl=0.0244, query_row_delta_local_rms_raw=0.0481, query_row_message_projection_gain=1.2362, personal_to_graph_query_ratio=0.0788, query_row_global_support_mass=0.9432, query_row_personal_support_mass=2.0618, neighbor_row_personal_delta=0.0000, personal_row_budget_mean=1.0000, personal_query_row_std=0.1840, personal_item_support_added_rate=0.0000, personal_item_support_added_mass=0.0000, readout_query_support_mass=0.9432, personal_student_mix=0.0000, personal_mastery_prior_scale=0.0000, personal_mastery_scores_absmean=0.0000, personal_recent_mastery_prior_scale=0.0000, personal_recent_mastery_scores_absmean=0.0000, personal_student_adapter=0.0000, local_row_ratio=0.3502, support_density=0.9452, readout_query_delta=0.0131, personal_bad_rows_active=0.00, personal_fallback_rows_active=0.00, personal_bad_row_rate_active=0.0000, personal_padded_rows=0.00, personal_logits_support_absmax=8.0517, personal_query_trust_scale_mean=0.1642, personal_bad_rows_all=0.00, personal_fallback_rows_all=0.00, personal_logits_absmax_all=30.0000
2026-05-09 01:09:31,570 - INFO - [assist_12|full|lr=0.0001|drop=0.10] [Diag][A] Epoch [002] | entropy_ratio=0.6966, diag_mass=0.0578, to_uniform_l2=0.025323, to_identity_l2=0.117747, relation_identity_delta=0.117747, knowledge_state_graph_delta=0.490572, knowledge_state_personal_delta=0.000000, share_concept_embeddings=True, tau_mean=0.9846, tau_std=0.0083, graph_reg_scale(train/val)=1.0000/1.0000
2026-05-09 01:09:31,571 - INFO - [assist_12|full|lr=0.0001|drop=0.10] [Diag][A Support] Epoch [002] | candidate_size=22.40, final_size=21.75, item_survival=0.0000, seq_survival=0.9698, item_seq_overlap=0.0000, self_retention=1.0000
2026-05-09 01:09:31,571 - INFO - [assist_12|full|lr=0.0001|drop=0.10] [Diag][AE Components] Epoch [002] | student_prior=0.4879, exercise_prior=0.4008, concept_prior=0.2394, query_student_concept=0.1636, graph_student_concept=0.0357, posterior_prior=0.0246, reliability=0.4730, interpretable_bias=0.0815, explicit_feature=0.4314, interaction=0.0000, raw_before_clip=1.0465, raw_after_clip=1.0167
2026-05-09 01:09:31,571 - INFO - [assist_12|full|lr=0.0001|drop=0.10] [Grad Norms] Epoch [002] | relation_emb=7.659019e-03, relation_tau=3.787107e-04, prior_strength=0.000000e+00, receiver_bias=7.368160e-04, self_loop=4.301401e-04, gate_head_bias=3.765430e-04, gate_query_weight=4.670679e-05, gate_context_weight=4.669412e-05, generator_state_mix=2.435584e-04
2026-05-09 01:09:31,805 - INFO - [assist_12|full|lr=0.0001|drop=0.10] -> New best AUC=0.7098 at epoch 2
2026-05-09 01:10:28,387 - INFO - [assist_12|full|lr=0.0001|drop=0.10] Epoch [003/30] | Train: Loss=0.4606, BCE=0.4497, Reg=0.0110, AUC=0.8046, ACC=0.7898, RMSE=0.3817 | Val: Loss=0.5260, BCE=0.5150, Reg=0.0109, AUC=0.7098, ACC=0.7520, RMSE=0.4132
2026-05-09 01:10:28,388 - INFO - [assist_12|full|lr=0.0001|drop=0.10] [Reg Terms] Epoch [003] | Train: graph_entropy=0.000000, graph_diag=0.005744, graph_uniform=0.002986, graph_reg_scale=1.0000, prediction_l2=0.000000, personal_sparse=0.000496, theta_prior_align=0.000000, alpha_var=0.000000, alpha_collapse=0.001367, reg_bce_ratio=0.0244 | Val: graph_entropy=0.000000, graph_diag=0.005712, graph_uniform=0.002984, graph_reg_scale=1.0000, prediction_l2=0.000000, personal_sparse=0.000494, theta_prior_align=0.000000, alpha_var=0.000000, alpha_collapse=0.001336, reg_bce_ratio=0.0212
2026-05-09 01:10:28,569 - INFO - [assist_12|full|lr=0.0001|drop=0.10] [Diag][AE] Epoch [003] | irt_abs_mean=0.6393, irt_std=0.1974, personal_warmup_scale=0.38, relation_theta_delta=0.0000, relation_theta_logit=0.0000, relation_theta_neighbor_mass=0.0000, relation_theta_personal_mass=0.0000, ae_posterior_prior_scale=1.0000, ae_posterior_prior_logit=0.0261, ae_posterior_prior_delta=0.0652, graph_row_entropy=2.9361, graph_entropy_ratio=0.6958, alpha_mean=0.0506, alpha_std=0.0055, alpha_base_mean=0.0506, alpha_delta_absmean=0.0081, alpha_saturation_ratio=0.0000, alpha_bias_std=NA, alpha_state_path=0.0895, alpha_id_path=0.0000, alpha_bias_path=0.0000, head_bias_path=1.5155, personal_row_entropy=2.6526, personal_matrix_delta=0.0409, personal_matrix_student_std=0.0394, personal_delta_pre_softmax_norm=1.3832, personal_delta_student_std=1.0706, alpha_head_std=0.0044, query_row_global_readout_delta=0.0128, query_row_personal_message_delta=0.0010, ae_query_state_residual_delta=0.0000, ae_logit_residual_abs_mean=1.0285, query_row_posterior_delta_abs=0.0409, query_row_posterior_kl=0.0266, query_row_delta_local_rms_raw=0.0536, query_row_message_projection_gain=1.3105, personal_to_graph_query_ratio=0.0779, query_row_global_support_mass=0.9438, query_row_personal_support_mass=2.0754, neighbor_row_personal_delta=0.0000, personal_row_budget_mean=1.0000, personal_query_row_std=0.1875, personal_item_support_added_rate=0.0000, personal_item_support_added_mass=0.0000, readout_query_support_mass=0.9438, personal_student_mix=0.0000, personal_mastery_prior_scale=0.0000, personal_mastery_scores_absmean=0.0000, personal_recent_mastery_prior_scale=0.0000, personal_recent_mastery_scores_absmean=0.0000, personal_student_adapter=0.0000, local_row_ratio=0.3502, support_density=0.9452, readout_query_delta=0.0133, personal_bad_rows_active=0.00, personal_fallback_rows_active=0.00, personal_bad_row_rate_active=0.0000, personal_padded_rows=0.00, personal_logits_support_absmax=8.2137, personal_query_trust_scale_mean=0.1492, personal_bad_rows_all=0.00, personal_fallback_rows_all=0.00, personal_logits_absmax_all=30.0000
2026-05-09 01:10:28,569 - INFO - [assist_12|full|lr=0.0001|drop=0.10] [Diag][A] Epoch [003] | entropy_ratio=0.6958, diag_mass=0.0571, to_uniform_l2=0.025400, to_identity_l2=0.117844, relation_identity_delta=0.117844, knowledge_state_graph_delta=0.499776, knowledge_state_personal_delta=0.000000, share_concept_embeddings=True, tau_mean=0.9758, tau_std=0.0129, graph_reg_scale(train/val)=1.0000/1.0000
2026-05-09 01:10:28,569 - INFO - [assist_12|full|lr=0.0001|drop=0.10] [Diag][A Support] Epoch [003] | candidate_size=22.40, final_size=21.75, item_survival=0.0000, seq_survival=0.9698, item_seq_overlap=0.0000, self_retention=1.0000
2026-05-09 01:10:28,570 - INFO - [assist_12|full|lr=0.0001|drop=0.10] [Diag][AE Components] Epoch [003] | student_prior=0.4879, exercise_prior=0.4008, concept_prior=0.2394, query_student_concept=0.1636, graph_student_concept=0.0358, posterior_prior=0.0261, reliability=0.3803, interpretable_bias=0.1007, explicit_feature=0.5357, interaction=0.0000, raw_before_clip=1.0588, raw_after_clip=1.0285
2026-05-09 01:10:28,570 - INFO - [assist_12|full|lr=0.0001|drop=0.10] [Grad Norms] Epoch [003] | relation_emb=9.218281e-03, relation_tau=1.605578e-03, prior_strength=0.000000e+00, receiver_bias=1.114044e-03, self_loop=4.998043e-04, gate_head_bias=4.694301e-04, gate_query_weight=1.627752e-04, gate_context_weight=1.628559e-04, generator_state_mix=1.445473e-04
2026-05-09 01:10:28,570 - INFO - [assist_12|full|lr=0.0001|drop=0.10] -> No improvement 1 epoch(s) (best AUC=0.7098 @ 2)
2026-05-09 01:11:24,201 - INFO - [assist_12|full|lr=0.0001|drop=0.10] Epoch [004/30] | Train: Loss=0.4597, BCE=0.4482, Reg=0.0115, AUC=0.8070, ACC=0.7902, RMSE=0.3810 | Val: Loss=0.5256, BCE=0.5141, Reg=0.0115, AUC=0.7095, ACC=0.7535, RMSE=0.4127
2026-05-09 01:11:24,202 - INFO - [assist_12|full|lr=0.0001|drop=0.10] [Reg Terms] Epoch [004] | Train: graph_entropy=0.000000, graph_diag=0.005683, graph_uniform=0.002982, graph_reg_scale=1.0000, prediction_l2=0.000000, personal_sparse=0.000662, theta_prior_align=0.000000, alpha_var=0.000000, alpha_collapse=0.001694, reg_bce_ratio=0.0257 | Val: graph_entropy=0.000000, graph_diag=0.005653, graph_uniform=0.002981, graph_reg_scale=1.0000, prediction_l2=0.000000, personal_sparse=0.000662, theta_prior_align=0.000000, alpha_var=0.000000, alpha_collapse=0.001647, reg_bce_ratio=0.0224
2026-05-09 01:11:24,422 - INFO - [assist_12|full|lr=0.0001|drop=0.10] [Diag][AE] Epoch [004] | irt_abs_mean=0.7890, irt_std=0.2379, personal_warmup_scale=0.50, relation_theta_delta=0.0000, relation_theta_logit=0.0000, relation_theta_neighbor_mass=0.0000, relation_theta_personal_mass=0.0000, ae_posterior_prior_scale=1.0000, ae_posterior_prior_logit=0.0263, ae_posterior_prior_delta=0.0658, graph_row_entropy=2.9329, graph_entropy_ratio=0.6951, alpha_mean=0.0507, alpha_std=0.0088, alpha_base_mean=0.0507, alpha_delta_absmean=0.0118, alpha_saturation_ratio=0.0000, alpha_bias_std=NA, alpha_state_path=0.1315, alpha_id_path=0.0000, alpha_bias_path=0.0000, head_bias_path=1.5151, personal_row_entropy=2.6531, personal_matrix_delta=0.0414, personal_matrix_student_std=0.0393, personal_delta_pre_softmax_norm=1.4084, personal_delta_student_std=1.0862, alpha_head_std=0.0066, query_row_global_readout_delta=0.0130, query_row_personal_message_delta=0.0010, ae_query_state_residual_delta=0.0000, ae_logit_residual_abs_mean=1.0423, query_row_posterior_delta_abs=0.0414, query_row_posterior_kl=0.0274, query_row_delta_local_rms_raw=0.0564, query_row_message_projection_gain=1.3629, personal_to_graph_query_ratio=0.0772, query_row_global_support_mass=0.9442, query_row_personal_support_mass=2.0880, neighbor_row_personal_delta=0.0000, personal_row_budget_mean=1.0000, personal_query_row_std=0.1873, personal_item_support_added_rate=0.0000, personal_item_support_added_mass=0.0000, readout_query_support_mass=0.9442, personal_student_mix=0.0000, personal_mastery_prior_scale=0.0000, personal_mastery_scores_absmean=0.0000, personal_recent_mastery_prior_scale=0.0000, personal_recent_mastery_scores_absmean=0.0000, personal_student_adapter=0.0000, local_row_ratio=0.3500, support_density=0.9452, readout_query_delta=0.0134, personal_bad_rows_active=0.00, personal_fallback_rows_active=0.00, personal_bad_row_rate_active=0.0000, personal_padded_rows=0.00, personal_logits_support_absmax=8.3082, personal_query_trust_scale_mean=0.1428, personal_bad_rows_all=0.00, personal_fallback_rows_all=0.00, personal_logits_absmax_all=30.0000
2026-05-09 01:11:24,422 - INFO - [assist_12|full|lr=0.0001|drop=0.10] [Diag][A] Epoch [004] | entropy_ratio=0.6951, diag_mass=0.0565, to_uniform_l2=0.025479, to_identity_l2=0.117935, relation_identity_delta=0.117935, knowledge_state_graph_delta=0.508594, knowledge_state_personal_delta=0.000000, share_concept_embeddings=True, tau_mean=0.9669, tau_std=0.0173, graph_reg_scale(train/val)=1.0000/1.0000
2026-05-09 01:11:24,422 - INFO - [assist_12|full|lr=0.0001|drop=0.10] [Diag][A Support] Epoch [004] | candidate_size=22.40, final_size=21.75, item_survival=0.0000, seq_survival=0.9698, item_seq_overlap=0.0000, self_retention=1.0000
2026-05-09 01:11:24,422 - INFO - [assist_12|full|lr=0.0001|drop=0.10] [Diag][AE Components] Epoch [004] | student_prior=0.4879, exercise_prior=0.4008, concept_prior=0.2394, query_student_concept=0.1636, graph_student_concept=0.0360, posterior_prior=0.0263, reliability=0.3364, interpretable_bias=0.1146, explicit_feature=0.6055, interaction=0.0000, raw_before_clip=1.0736, raw_after_clip=1.0423
2026-05-09 01:11:24,422 - INFO - [assist_12|full|lr=0.0001|drop=0.10] [Grad Norms] Epoch [004] | relation_emb=9.617166e-03, relation_tau=1.081118e-03, prior_strength=0.000000e+00, receiver_bias=1.064108e-03, self_loop=3.818288e-04, gate_head_bias=5.105844e-04, gate_query_weight=3.395543e-04, gate_context_weight=3.392249e-04, generator_state_mix=5.547171e-05
2026-05-09 01:11:24,422 - INFO - [assist_12|full|lr=0.0001|drop=0.10] -> No improvement 2 epoch(s) (best AUC=0.7098 @ 2)
2026-05-09 01:12:28,264 - INFO - [assist_12|full|lr=0.0001|drop=0.10] Epoch [005/30] | Train: Loss=0.4591, BCE=0.4471, Reg=0.0120, AUC=0.8085, ACC=0.7908, RMSE=0.3805 | Val: Loss=0.5262, BCE=0.5143, Reg=0.0120, AUC=0.7088, ACC=0.7544, RMSE=0.4127
2026-05-09 01:12:28,265 - INFO - [assist_12|full|lr=0.0001|drop=0.10] [Reg Terms] Epoch [005] | Train: graph_entropy=0.000000, graph_diag=0.005626, graph_uniform=0.002979, graph_reg_scale=1.0000, prediction_l2=0.000000, personal_sparse=0.000830, theta_prior_align=0.000000, alpha_var=0.000000, alpha_collapse=0.001911, reg_bce_ratio=0.0268 | Val: graph_entropy=0.000000, graph_diag=0.005598, graph_uniform=0.002977, graph_reg_scale=1.0000, prediction_l2=0.000000, personal_sparse=0.000831, theta_prior_align=0.000000, alpha_var=0.000000, alpha_collapse=0.001845, reg_bce_ratio=0.0233
2026-05-09 01:12:28,485 - INFO - [assist_12|full|lr=0.0001|drop=0.10] [Diag][AE] Epoch [005] | irt_abs_mean=0.9149, irt_std=0.2789, personal_warmup_scale=0.62, relation_theta_delta=0.0000, relation_theta_logit=0.0000, relation_theta_neighbor_mass=0.0000, relation_theta_personal_mass=0.0000, ae_posterior_prior_scale=1.0000, ae_posterior_prior_logit=0.0264, ae_posterior_prior_delta=0.0659, graph_row_entropy=2.9296, graph_entropy_ratio=0.6943, alpha_mean=0.0508, alpha_std=0.0130, alpha_base_mean=0.0508, alpha_delta_absmean=0.0154, alpha_saturation_ratio=0.0000, alpha_bias_std=NA, alpha_state_path=0.1728, alpha_id_path=0.0000, alpha_bias_path=0.0000, head_bias_path=1.5145, personal_row_entropy=2.6567, personal_matrix_delta=0.0414, personal_matrix_student_std=0.0388, personal_delta_pre_softmax_norm=1.4228, personal_delta_student_std=1.0903, alpha_head_std=0.0101, query_row_global_readout_delta=0.0130, query_row_personal_message_delta=0.0010, ae_query_state_residual_delta=0.0000, ae_logit_residual_abs_mean=1.0440, query_row_posterior_delta_abs=0.0414, query_row_posterior_kl=0.0278, query_row_delta_local_rms_raw=0.0579, query_row_message_projection_gain=1.3973, personal_to_graph_query_ratio=0.0768, query_row_global_support_mass=0.9446, query_row_personal_support_mass=2.0997, neighbor_row_personal_delta=0.0000, personal_row_budget_mean=1.0000, personal_query_row_std=0.1856, personal_item_support_added_rate=0.0000, personal_item_support_added_mass=0.0000, readout_query_support_mass=0.9446, personal_student_mix=0.0000, personal_mastery_prior_scale=0.0000, personal_mastery_scores_absmean=0.0000, personal_recent_mastery_prior_scale=0.0000, personal_recent_mastery_scores_absmean=0.0000, personal_student_adapter=0.0000, local_row_ratio=0.3502, support_density=0.9452, readout_query_delta=0.0134, personal_bad_rows_active=0.00, personal_fallback_rows_active=0.00, personal_bad_row_rate_active=0.0000, personal_padded_rows=0.00, personal_logits_support_absmax=8.3815, personal_query_trust_scale_mean=0.1394, personal_bad_rows_all=0.00, personal_fallback_rows_all=0.00, personal_logits_absmax_all=30.0000
2026-05-09 01:12:28,486 - INFO - [assist_12|full|lr=0.0001|drop=0.10] [Diag][A] Epoch [005] | entropy_ratio=0.6943, diag_mass=0.0560, to_uniform_l2=0.025564, to_identity_l2=0.118021, relation_identity_delta=0.118021, knowledge_state_graph_delta=0.516626, knowledge_state_personal_delta=0.000000, share_concept_embeddings=True, tau_mean=0.9578, tau_std=0.0212, graph_reg_scale(train/val)=1.0000/1.0000
2026-05-09 01:12:28,486 - INFO - [assist_12|full|lr=0.0001|drop=0.10] [Diag][A Support] Epoch [005] | candidate_size=22.40, final_size=21.75, item_survival=0.0000, seq_survival=0.9698, item_seq_overlap=0.0000, self_retention=1.0000
2026-05-09 01:12:28,486 - INFO - [assist_12|full|lr=0.0001|drop=0.10] [Diag][AE Components] Epoch [005] | student_prior=0.4879, exercise_prior=0.4008, concept_prior=0.2394, query_student_concept=0.1636, graph_student_concept=0.0362, posterior_prior=0.0264, reliability=0.2800, interpretable_bias=0.1254, explicit_feature=0.6578, interaction=0.0000, raw_before_clip=1.0752, raw_after_clip=1.0440
2026-05-09 01:12:28,486 - INFO - [assist_12|full|lr=0.0001|drop=0.10] [Grad Norms] Epoch [005] | relation_emb=1.086511e-02, relation_tau=5.377081e-04, prior_strength=0.000000e+00, receiver_bias=8.690465e-04, self_loop=3.565374e-04, gate_head_bias=5.310194e-04, gate_query_weight=5.625449e-04, gate_context_weight=5.638486e-04, generator_state_mix=1.602809e-04
2026-05-09 01:12:28,486 - INFO - [assist_12|full|lr=0.0001|drop=0.10] -> No improvement 3 epoch(s) (best AUC=0.7098 @ 2)
2026-05-09 01:13:30,627 - INFO - [assist_12|full|lr=0.0001|drop=0.10] Epoch [006/30] | Train: Loss=0.4584, BCE=0.4461, Reg=0.0123, AUC=0.8099, ACC=0.7909, RMSE=0.3800 | Val: Loss=0.5258, BCE=0.5135, Reg=0.0123, AUC=0.7088, ACC=0.7554, RMSE=0.4123
2026-05-09 01:13:30,627 - INFO - [assist_12|full|lr=0.0001|drop=0.10] [Reg Terms] Epoch [006] | Train: graph_entropy=0.000000, graph_diag=0.005573, graph_uniform=0.002976, graph_reg_scale=1.0000, prediction_l2=0.000000, personal_sparse=0.000997, theta_prior_align=0.000000, alpha_var=0.000000, alpha_collapse=0.001996, reg_bce_ratio=0.0277 | Val: graph_entropy=0.000000, graph_diag=0.005547, graph_uniform=0.002974, graph_reg_scale=1.0000, prediction_l2=0.000000, personal_sparse=0.000999, theta_prior_align=0.000000, alpha_var=0.000000, alpha_collapse=0.001907, reg_bce_ratio=0.0239
2026-05-09 01:13:30,850 - INFO - [assist_12|full|lr=0.0001|drop=0.10] [Diag][AE] Epoch [006] | irt_abs_mean=1.0283, irt_std=0.3150, personal_warmup_scale=0.75, relation_theta_delta=0.0000, relation_theta_logit=0.0000, relation_theta_neighbor_mass=0.0000, relation_theta_personal_mass=0.0000, ae_posterior_prior_scale=1.0000, ae_posterior_prior_logit=0.0260, ae_posterior_prior_delta=0.0651, graph_row_entropy=2.9259, graph_entropy_ratio=0.6934, alpha_mean=0.0510, alpha_std=0.0181, alpha_base_mean=0.0510, alpha_delta_absmean=0.0191, alpha_saturation_ratio=0.0000, alpha_bias_std=NA, alpha_state_path=0.2161, alpha_id_path=0.0000, alpha_bias_path=0.0000, head_bias_path=1.5137, personal_row_entropy=2.6583, personal_matrix_delta=0.0411, personal_matrix_student_std=0.0387, personal_delta_pre_softmax_norm=1.4296, personal_delta_student_std=1.1019, alpha_head_std=0.0149, query_row_global_readout_delta=0.0130, query_row_personal_message_delta=0.0010, ae_query_state_residual_delta=0.0000, ae_logit_residual_abs_mean=1.0509, query_row_posterior_delta_abs=0.0411, query_row_posterior_kl=0.0277, query_row_delta_local_rms_raw=0.0585, query_row_message_projection_gain=1.4243, personal_to_graph_query_ratio=0.0768, query_row_global_support_mass=0.9451, query_row_personal_support_mass=2.1116, neighbor_row_personal_delta=0.0000, personal_row_budget_mean=1.0000, personal_query_row_std=0.1844, personal_item_support_added_rate=0.0000, personal_item_support_added_mass=0.0000, readout_query_support_mass=0.9451, personal_student_mix=0.0000, personal_mastery_prior_scale=0.0000, personal_mastery_scores_absmean=0.0000, personal_recent_mastery_prior_scale=0.0000, personal_recent_mastery_scores_absmean=0.0000, personal_student_adapter=0.0000, local_row_ratio=0.3494, support_density=0.9452, readout_query_delta=0.0134, personal_bad_rows_active=0.00, personal_fallback_rows_active=0.00, personal_bad_row_rate_active=0.0000, personal_padded_rows=0.00, personal_logits_support_absmax=8.4089, personal_query_trust_scale_mean=0.1383, personal_bad_rows_all=0.00, personal_fallback_rows_all=0.00, personal_logits_absmax_all=30.0000
2026-05-09 01:13:30,850 - INFO - [assist_12|full|lr=0.0001|drop=0.10] [Diag][A] Epoch [006] | entropy_ratio=0.6934, diag_mass=0.0555, to_uniform_l2=0.025654, to_identity_l2=0.118105, relation_identity_delta=0.118105, knowledge_state_graph_delta=0.523584, knowledge_state_personal_delta=0.000000, share_concept_embeddings=True, tau_mean=0.9486, tau_std=0.0249, graph_reg_scale(train/val)=1.0000/1.0000
2026-05-09 01:13:30,850 - INFO - [assist_12|full|lr=0.0001|drop=0.10] [Diag][A Support] Epoch [006] | candidate_size=22.40, final_size=21.75, item_survival=0.0000, seq_survival=0.9698, item_seq_overlap=0.0000, self_retention=1.0000
2026-05-09 01:13:30,850 - INFO - [assist_12|full|lr=0.0001|drop=0.10] [Diag][AE Components] Epoch [006] | student_prior=0.4879, exercise_prior=0.4008, concept_prior=0.2394, query_student_concept=0.1636, graph_student_concept=0.0364, posterior_prior=0.0260, reliability=0.2551, interpretable_bias=0.1332, explicit_feature=0.6962, interaction=0.0000, raw_before_clip=1.0829, raw_after_clip=1.0509
2026-05-09 01:13:30,850 - INFO - [assist_12|full|lr=0.0001|drop=0.10] [Grad Norms] Epoch [006] | relation_emb=1.092120e-02, relation_tau=3.942509e-04, prior_strength=0.000000e+00, receiver_bias=5.740082e-04, self_loop=2.781441e-04, gate_head_bias=5.459099e-04, gate_query_weight=8.275860e-04, gate_context_weight=8.292547e-04, generator_state_mix=1.189812e-04
2026-05-09 01:13:30,850 - INFO - [assist_12|full|lr=0.0001|drop=0.10] -> No improvement 4 epoch(s) (best AUC=0.7098 @ 2)
2026-05-09 01:14:30,551 - INFO - [assist_12|full|lr=0.0001|drop=0.10] Epoch [007/30] | Train: Loss=0.4578, BCE=0.4453, Reg=0.0125, AUC=0.8110, ACC=0.7911, RMSE=0.3797 | Val: Loss=0.5269, BCE=0.5145, Reg=0.0124, AUC=0.7081, ACC=0.7545, RMSE=0.4128
2026-05-09 01:14:30,552 - INFO - [assist_12|full|lr=0.0001|drop=0.10] [Reg Terms] Epoch [007] | Train: graph_entropy=0.000000, graph_diag=0.005523, graph_uniform=0.002972, graph_reg_scale=1.0000, prediction_l2=0.000000, personal_sparse=0.001163, theta_prior_align=0.000000, alpha_var=0.000000, alpha_collapse=0.001923, reg_bce_ratio=0.0281 | Val: graph_entropy=0.000000, graph_diag=0.005500, graph_uniform=0.002970, graph_reg_scale=1.0000, prediction_l2=0.000000, personal_sparse=0.001168, theta_prior_align=0.000000, alpha_var=0.000000, alpha_collapse=0.001806, reg_bce_ratio=0.0242
2026-05-09 01:14:30,766 - INFO - [assist_12|full|lr=0.0001|drop=0.10] [Diag][AE] Epoch [007] | irt_abs_mean=1.1322, irt_std=0.3467, personal_warmup_scale=0.88, relation_theta_delta=0.0000, relation_theta_logit=0.0000, relation_theta_neighbor_mass=0.0000, relation_theta_personal_mass=0.0000, ae_posterior_prior_scale=1.0000, ae_posterior_prior_logit=0.0258, ae_posterior_prior_delta=0.0645, graph_row_entropy=2.9221, graph_entropy_ratio=0.6925, alpha_mean=0.0512, alpha_std=0.0241, alpha_base_mean=0.0512, alpha_delta_absmean=0.0234, alpha_saturation_ratio=0.0000, alpha_bias_std=NA, alpha_state_path=0.2649, alpha_id_path=0.0000, alpha_bias_path=0.0000, head_bias_path=1.5125, personal_row_entropy=2.6602, personal_matrix_delta=0.0409, personal_matrix_student_std=0.0384, personal_delta_pre_softmax_norm=1.4310, personal_delta_student_std=1.1042, alpha_head_std=0.0211, query_row_global_readout_delta=0.0129, query_row_personal_message_delta=0.0010, ae_query_state_residual_delta=0.0000, ae_logit_residual_abs_mean=1.0363, query_row_posterior_delta_abs=0.0409, query_row_posterior_kl=0.0275, query_row_delta_local_rms_raw=0.0580, query_row_message_projection_gain=1.4190, personal_to_graph_query_ratio=0.0773, query_row_global_support_mass=0.9455, query_row_personal_support_mass=2.1233, neighbor_row_personal_delta=0.0000, personal_row_budget_mean=1.0000, personal_query_row_std=0.1844, personal_item_support_added_rate=0.0000, personal_item_support_added_mass=0.0000, readout_query_support_mass=0.9455, personal_student_mix=0.0000, personal_mastery_prior_scale=0.0000, personal_mastery_scores_absmean=0.0000, personal_recent_mastery_prior_scale=0.0000, personal_recent_mastery_scores_absmean=0.0000, personal_student_adapter=0.0000, local_row_ratio=0.3504, support_density=0.9452, readout_query_delta=0.0133, personal_bad_rows_active=0.00, personal_fallback_rows_active=0.00, personal_bad_row_rate_active=0.0000, personal_padded_rows=0.00, personal_logits_support_absmax=8.4516, personal_query_trust_scale_mean=0.1397, personal_bad_rows_all=0.00, personal_fallback_rows_all=0.00, personal_logits_absmax_all=30.0000
2026-05-09 01:14:30,766 - INFO - [assist_12|full|lr=0.0001|drop=0.10] [Diag][A] Epoch [007] | entropy_ratio=0.6925, diag_mass=0.0550, to_uniform_l2=0.025748, to_identity_l2=0.118184, relation_identity_delta=0.118184, knowledge_state_graph_delta=0.529606, knowledge_state_personal_delta=0.000000, share_concept_embeddings=True, tau_mean=0.9394, tau_std=0.0282, graph_reg_scale(train/val)=1.0000/1.0000
2026-05-09 01:14:30,766 - INFO - [assist_12|full|lr=0.0001|drop=0.10] [Diag][A Support] Epoch [007] | candidate_size=22.40, final_size=21.75, item_survival=0.0000, seq_survival=0.9698, item_seq_overlap=0.0000, self_retention=1.0000
2026-05-09 01:14:30,766 - INFO - [assist_12|full|lr=0.0001|drop=0.10] [Diag][AE Components] Epoch [007] | student_prior=0.4879, exercise_prior=0.4008, concept_prior=0.2394, query_student_concept=0.1636, graph_student_concept=0.0366, posterior_prior=0.0258, reliability=0.1984, interpretable_bias=0.1392, explicit_feature=0.7196, interaction=0.0000, raw_before_clip=1.0674, raw_after_clip=1.0363
2026-05-09 01:14:30,766 - INFO - [assist_12|full|lr=0.0001|drop=0.10] [Grad Norms] Epoch [007] | relation_emb=1.001075e-02, relation_tau=4.715216e-04, prior_strength=0.000000e+00, receiver_bias=3.531032e-04, self_loop=3.009429e-04, gate_head_bias=5.410554e-04, gate_query_weight=1.134740e-03, gate_context_weight=1.135578e-03, generator_state_mix=8.229796e-05
2026-05-09 01:14:30,766 - INFO - [assist_12|full|lr=0.0001|drop=0.10] -> No improvement 5 epoch(s) (best AUC=0.7098 @ 2)
2026-05-09 01:14:30,766 - INFO - [assist_12|full|lr=0.0001|drop=0.10] Early stopping at epoch 7 (best AUC=0.7098 @ 2)
2026-05-09 01:14:30,773 - INFO - Epoch-wise metrics saved to checkpoints/public_refilter_20260509_010658/assist_12_full/metrics_history.csv
2026-05-09 01:14:30,774 - INFO - [assist_12|full|lr=0.0001|drop=0.10] Training completed! Best Val AUC=0.7098 @ epoch 2
2026-05-09 01:14:31,008 - INFO - 
============================================================
         MODULE ACTIVITY REPORT
============================================================
Dataset: assist_12 | Seed: 42 | Epoch: 7

1. Concept Graph Module (A):
   - Mean row entropy: 2.922 / 4.220
   - Entropy ratio: 69.3%
   - Query readout delta: 0.0129
   - Query head var: 0.0000
   - Status: LIVE_BUT_COLLAPSED (graph enters query rows but head diversity is washed out)
   -> Consider: strengthen head-wise query gating or graph query adapter leverage

2. Personal Graph Module (E):
   - Alpha mean: 0.051
   - Alpha std: 0.024
   - Alpha bias std: 0.000
   - Personal/global delta: 0.0409
   - Inter-student matrix std: 0.0384
   - Query personal message delta: 0.0010
   - Query posterior KL: 0.0275
   - Query message projection gain: 1.4190
   - Query message alignment: 0.3621
   - Query self support mass: 0.0001
   - Query graph support mass: 0.0425
   - Query personal std: 0.1844
   - Item-local support added rate: 0.0000
   - Item-local support added mass: 0.0000
   - Mastery-prior score absmean: 0.0000
   - Recent-mastery-prior score absmean: 0.0000
   - Personal/global query ratio: 0.0773
   - Status: TRUST_CLIPPED (personal writeback exists but is repeatedly capped for safety)
   -> Consider: improve alignment before relaxing trust-region

------------------------------------------------------------
SUMMARY:
   Active modules: Concept Graph (A)
   Inactive modules: Personal Graph (E)
============================================================
2026-05-09 01:14:31,008 - INFO - [assist_12|full|lr=0.0001|drop=0.10] Module activity saved to checkpoints/public_refilter_20260509_010658/assist_12_full/module_activity.json
2026-05-09 01:14:31,194 - INFO - Using device: cuda:0
2026-05-09 01:14:31,194 - INFO - Loading model from checkpoints/public_refilter_20260509_010658/assist_12_full/best_model.pth...
2026-05-09 01:14:31,298 - INFO - [Inference Filter] before=14903, after=14903, dropped=0, coverage=100.00% (train-only seen student/item support)
2026-05-09 01:14:31,304 - INFO - Inference switches: ablate_module1=False | enable_module1=True | use_concept_graph=True | effective(num_gnn_layers=2)
2026-05-09 01:14:31,337 - INFO - [Inference] Ablation runtime check: args(ablate_module1=False) | expect(use_concept_graph=True,use_personal_graph=True) | model(enable_module1=True,use_concept_graph=True,use_personal_graph=True) | physical(has_knowledge_encoder=True,has_relation_learning=True,has_adaptive_gate=True,has_personal_generator=True)
2026-05-09 01:14:31,338 - INFO - [Inference] [Graph Init] graph_tau_mean=1.0055, graph_tau_std=0.0000, graph_dropout=0.000, item_beta=0.5775±0.2200, seq_beta=0.5775±0.2200, self_loop_logit=0.7500, use_personal_graph=True
2026-05-09 01:14:31,340 - INFO - Model loaded from epoch 2. Start testing...
[GPU] Status: [GPU 0: 20797MiB free]
2026-05-09 01:14:33,938 - INFO - 
==================================================
2026-05-09 01:14:33,938 - INFO - Test Results:
2026-05-09 01:14:33,938 - INFO - AUC: 0.7095
2026-05-09 01:14:33,938 - INFO - ACC: 0.7522
2026-05-09 01:14:33,938 - INFO - RMSE: 0.4138
2026-05-09 01:14:33,939 - INFO - ==================================================
2026-05-09 01:14:33,977 - INFO - Summary appended to /home/zsh/ConceptSkillCDM/results/experiment_results.csv
2026-05-09 01:14:34,020 - INFO - Run completed.
2026-05-09 01:14:34,020 - INFO - Best validation AUC: 0.7098 at epoch 2
2026-05-09 01:14:34,020 - INFO - Test metrics - AUC: 0.7095, ACC: 0.7522, RMSE: 0.4138
