2026-05-08 14:37:47,088 - INFO - Arguments:
2026-05-08 14:37:47,088 - INFO -   ablate_concept_graph: False
2026-05-08 14:37:47,088 - INFO -   ablate_module1: False
2026-05-08 14:37:47,088 - INFO -   ae_interaction_logit_scale: 1.0
2026-05-08 14:37:47,088 - INFO -   ae_irt_logit_scale: 0.2
2026-05-08 14:37:47,089 - INFO -   ae_logit_dim: 64
2026-05-08 14:37:47,089 - INFO -   ae_logit_residual_clip: 6.0
2026-05-08 14:37:47,089 - INFO -   ae_logit_residual_scale: 1.0
2026-05-08 14:37:47,089 - INFO -   ae_lr_mult: 30.0
2026-05-08 14:37:47,089 - INFO -   ae_posterior_prior_scale: 1.0
2026-05-08 14:37:47,089 - INFO -   ae_query_residual_scale: 0.0
2026-05-08 14:37:47,089 - INFO -   ae_stat_prior_scale: 1.0
2026-05-08 14:37:47,089 - INFO -   allow_self_loop: True
2026-05-08 14:37:47,089 - INFO -   alpha_min_target: 0.05
2026-05-08 14:37:47,089 - INFO -   batch_size: 256
2026-05-08 14:37:47,089 - INFO -   data_dir: ./data/math2
2026-05-08 14:37:47,089 - INFO -   dataset_name: math2
2026-05-08 14:37:47,089 - INFO -   debug_graph_diag: True
2026-05-08 14:37:47,089 - INFO -   diag_batches: 1
2026-05-08 14:37:47,089 - INFO -   disable_self_loop: False
2026-05-08 14:37:47,089 - INFO -   disable_sequence_prior: True
2026-05-08 14:37:47,089 - INFO -   dropout: 0.1
2026-05-08 14:37:47,089 - INFO -   early_stop_patience: 5
2026-05-08 14:37:47,089 - INFO -   enable_module1: True
2026-05-08 14:37:47,089 - INFO -   epochs: 30
2026-05-08 14:37:47,089 - INFO -   generate_diagnosis: False
2026-05-08 14:37:47,089 - INFO -   gnn_residual_weight: 0.5
2026-05-08 14:37:47,089 - INFO -   gpu_candidates: None
2026-05-08 14:37:47,089 - INFO -   gpu_ids: None
2026-05-08 14:37:47,089 - INFO -   gpu_memory_threshold: 2000
2026-05-08 14:37:47,089 - INFO -   gpus: None
2026-05-08 14:37:47,089 - INFO -   graph_dropout: 0.0
2026-05-08 14:37:47,089 - INFO -   graph_edge_bias_rank: 8
2026-05-08 14:37:47,089 - INFO -   graph_entropy_max: 0.8
2026-05-08 14:37:47,089 - INFO -   graph_entropy_min: 0.15
2026-05-08 14:37:47,089 - INFO -   graph_headwise_query_gate: True
2026-05-08 14:37:47,089 - INFO -   graph_identity_residual: 0.05
2026-05-08 14:37:47,089 - INFO -   graph_prior_logit_scale: 0.55
2026-05-08 14:37:47,090 - INFO -   graph_propagation_alpha: 0.02
2026-05-08 14:37:47,090 - INFO -   graph_query_adapter_enable: True
2026-05-08 14:37:47,090 - INFO -   graph_query_readout_2hop_scale: 0.01
2026-05-08 14:37:47,090 - INFO -   graph_query_readout_scale: 0.02
2026-05-08 14:37:47,090 - INFO -   graph_reg_cap_ratio: 6.0
2026-05-08 14:37:47,090 - INFO -   graph_reg_warmup_epochs: 0
2026-05-08 14:37:47,090 - INFO -   graph_tau_init: 0.55
2026-05-08 14:37:47,090 - INFO -   graph_topk: 8
2026-05-08 14:37:47,090 - INFO -   graph_uniform_margin: 0.1
2026-05-08 14:37:47,090 - INFO -   knowledge_dim: 32
2026-05-08 14:37:47,090 - INFO -   lambda_alpha: 0.0
2026-05-08 14:37:47,090 - INFO -   lambda_alpha_min: 0.08
2026-05-08 14:37:47,090 - INFO -   lambda_graph_diag: 0.1
2026-05-08 14:37:47,090 - INFO -   lambda_graph_uniform: 0.04
2026-05-08 14:37:47,090 - INFO -   lambda_personal_kl: 0.04
2026-05-08 14:37:47,090 - INFO -   lambda_personal_query_residual: 0.06
2026-05-08 14:37:47,090 - INFO -   lambda_sparse: 0.3
2026-05-08 14:37:47,090 - INFO -   lambda_sparse_personal: 0.0005
2026-05-08 14:37:47,090 - INFO -   lambda_theta_prior_align: 0.0
2026-05-08 14:37:47,090 - INFO -   learning_rate: 0.001
2026-05-08 14:37:47,090 - INFO -   log_dir: logs/public_full_20260508_143744/math2_full
2026-05-08 14:37:47,090 - INFO -   max_test_batches: None
2026-05-08 14:37:47,090 - INFO -   max_train_batches: None
2026-05-08 14:37:47,090 - INFO -   max_val_batches: None
2026-05-08 14:37:47,090 - INFO -   min_exer_interactions: 0
2026-05-08 14:37:47,090 - INFO -   min_poison_count: 0
2026-05-08 14:37:47,090 - INFO -   min_stu_interactions: 0
2026-05-08 14:37:47,090 - INFO -   model_variant: full
2026-05-08 14:37:47,090 - INFO -   multi_gpu: False
2026-05-08 14:37:47,090 - INFO -   no_cuda: False
2026-05-08 14:37:47,090 - INFO -   num_gnn_layers: 1
2026-05-08 14:37:47,090 - INFO -   num_gpus: 1
2026-05-08 14:37:47,091 - INFO -   num_relation_heads: 2
2026-05-08 14:37:47,091 - INFO -   num_workers: 4
2026-05-08 14:37:47,091 - INFO -   patience: 5
2026-05-08 14:37:47,091 - INFO -   personal_alpha_base_init: 0.05
2026-05-08 14:37:47,091 - INFO -   personal_alpha_bias_scale: 0.0
2026-05-08 14:37:47,091 - INFO -   personal_alpha_budget: 0.1
2026-05-08 14:37:47,091 - INFO -   personal_alpha_temperature: 2.2
2026-05-08 14:37:47,091 - INFO -   personal_delta_scale: 4.0
2026-05-08 14:37:47,091 - INFO -   personal_disable_student_global_context: True
2026-05-08 14:37:47,091 - INFO -   personal_id_lr_mult: 0.5
2026-05-08 14:37:47,091 - INFO -   personal_include_neighbor_rows: False
2026-05-08 14:37:47,091 - INFO -   personal_item_support_mass: 0.2
2026-05-08 14:37:47,091 - INFO -   personal_local_hops: 1
2026-05-08 14:37:47,091 - INFO -   personal_mastery_prior_scale: 0.0
2026-05-08 14:37:47,091 - INFO -   personal_max_alpha: 0.28
2026-05-08 14:37:47,091 - INFO -   personal_message_alignment_gate: True
2026-05-08 14:37:47,091 - INFO -   personal_neighbor_row_budget: 0.35
2026-05-08 14:37:47,091 - INFO -   personal_projection_hidden_factor: 2
2026-05-08 14:37:47,091 - INFO -   personal_query_correction_max_ratio: 0.05
2026-05-08 14:37:47,091 - INFO -   personal_query_correction_min_graph_anchor: 0.02
2026-05-08 14:37:47,091 - INFO -   personal_query_correction_scale: 0.2
2026-05-08 14:37:47,091 - INFO -   personal_query_message_gain: 1.0
2026-05-08 14:37:47,091 - INFO -   personal_query_residual_margin: 0.14
2026-05-08 14:37:47,091 - INFO -   personal_query_row_budget: 1.0
2026-05-08 14:37:47,091 - INFO -   personal_query_support_hops: 1
2026-05-08 14:37:47,091 - INFO -   personal_rank: 4
2026-05-08 14:37:47,091 - INFO -   personal_recent_mastery_prior_scale: 0.0
2026-05-08 14:37:47,091 - INFO -   personal_reg_warmup_epochs: 8
2026-05-08 14:37:47,091 - INFO -   personal_state_lr_mult: 1.0
2026-05-08 14:37:47,091 - INFO -   personal_student_dim: 16
2026-05-08 14:37:47,091 - INFO -   personal_support_include_graph: True
2026-05-08 14:37:47,092 - INFO -   personal_support_include_neighbors: False
2026-05-08 14:37:47,092 - INFO -   personal_support_include_query_self: True
2026-05-08 14:37:47,092 - INFO -   personal_support_only: True
2026-05-08 14:37:47,092 - INFO -   personal_value_use_global_basis: True
2026-05-08 14:37:47,092 - INFO -   personal_warmup_epochs: 8
2026-05-08 14:37:47,092 - INFO -   prediction_l2_lambda: 1e-05
2026-05-08 14:37:47,092 - INFO -   relation_theta_delta_clip: 2.0
2026-05-08 14:37:47,092 - INFO -   relation_theta_scale: 0.0
2026-05-08 14:37:47,092 - INFO -   save_dir: checkpoints/public_full_20260508_143744/math2_full
2026-05-08 14:37:47,092 - INFO -   save_interval: 10
2026-05-08 14:37:47,092 - INFO -   seed: 42
2026-05-08 14:37:47,092 - INFO -   share_concept_embeddings: True
2026-05-08 14:37:47,092 - INFO -   use_concept_graph: True
2026-05-08 14:37:47,092 - INFO -   use_exercise_graph: True
2026-05-08 14:37:47,092 - INFO -   use_personal_graph: True
2026-05-08 14:37:47,092 - INFO -   weight_decay: 1e-05
2026-05-08 14:37:47,219 - INFO - Using device: cuda:0 (physical gpu 2)
2026-05-08 14:37:47,219 - INFO - [math2|full|lr=0.001|drop=0.10] Loading datasets...
2026-05-08 14:37:47,219 - INFO - [math2|full|lr=0.001|drop=0.10] Regularization: graph_entropy(lambda_sparse)=0.300000, graph_diag=0.100000, graph_uniform=0.040000, personal_sparse=0.000500, personal_kl=0.040000, personal_query_residual=0.060000, theta_prior_align=0.000000, alpha_penalty=0.000000, alpha_min=0.080000, prediction_l2=0.000010
2026-05-08 14:37:47,220 - INFO - [math2|full|lr=0.001|drop=0.10] Graph controls: entropy_band=[0.15, 0.80], uniform_margin=0.10, warmup_epochs=0, cap_ratio=6.00, graph_dropout=0.000, graph_tau_init=0.550
2026-05-08 14:37:47,220 - INFO - [math2|full|lr=0.001|drop=0.10] Personal controls: personal_max_alpha=0.280, personal_delta_scale=4.000, personal_warmup_epochs=8, personal_student_dim=16, alpha_min_target=0.0500, personal_local_hops=1, include_neighbor_rows=False, personal_support_only=True, personal_alpha_temperature=2.200, personal_alpha_budget=0.100, personal_query_row_budget=1.000, personal_neighbor_row_budget=0.350, personal_query_support_hops=1, personal_item_support_mass=0.200, personal_mastery_prior_scale=0.000, personal_recent_mastery_prior_scale=0.000, personal_query_message_gain=1.000, personal_query_correction_scale=0.200, personal_state_lr_mult=1.000, personal_id_lr_mult=0.500, graph_propagation_alpha=0.020, graph_query_readout_scale=0.020, graph_query_readout_2hop_scale=0.010
2026-05-08 14:37:47,262 - INFO - [math2] [数据清洗] 跳过学生冷启动过滤（min_stu_interactions <= 0）。
2026-05-08 14:37:47,262 - INFO - [math2] [数据清洗] 跳过题目冷门过滤（min_exer_interactions <= 0）。
2026-05-08 14:37:47,262 - INFO - [math2] [数据清洗] 跳过毒题清洗（min_poison_count <= 0）。
2026-05-08 14:37:47,263 - INFO - [math2] 正在构建ID映射...
2026-05-08 14:37:47,353 - INFO - [math2] 正在构建Q矩阵...
2026-05-08 14:37:49,633 - INFO - [math2] [A Prior] sequence evidence disabled for this dataset/config.
2026-05-08 14:37:49,634 - INFO - [math2] [A Prior] train-only evidence: item_edges=72, item_density=0.3000, item_entropy=1.2417, seq_raw_mass=0.0, seq_weighted_mass=0.0, seq_students=0, seq_edges=0, seq_density=0.0000, seq_entropy=0.0000
2026-05-08 14:37:49,636 - INFO - [math2] [数据清洗] Valid train-seen 过滤：before=7822, after=7822, dropped=0, coverage=100.00%
2026-05-08 14:37:49,637 - INFO - [math2] [数据清洗] Test train-seen 过滤：before=7822, after=7822, dropped=0, coverage=100.00%
2026-05-08 14:37:49,637 - INFO - [math2] [统计] 开始统计清洗后每道题的概念数量分布...
2026-05-08 14:37:49,638 - INFO - [math2] [Train] 概念数统计：题目数=16, 平均概念数=3.2500, min=2, max=4, 1概念=0 (0.00%), ≥2概念=16 (100.00%)
2026-05-08 14:37:49,638 - INFO - [math2] [Train] 概念数直方图（概念数: 题目数量）: {2: 3, 3: 6, 4: 7}
2026-05-08 14:37:49,638 - INFO - [math2] [Valid] 概念数统计：题目数=16, 平均概念数=3.2500, min=2, max=4, 1概念=0 (0.00%), ≥2概念=16 (100.00%)
2026-05-08 14:37:49,639 - INFO - [math2] [Valid] 概念数直方图（概念数: 题目数量）: {2: 3, 3: 6, 4: 7}
2026-05-08 14:37:49,639 - INFO - [math2] [Test] 概念数统计：题目数=16, 平均概念数=3.2500, min=2, max=4, 1概念=0 (0.00%), ≥2概念=16 (100.00%)
2026-05-08 14:37:49,639 - INFO - [math2] [Test] 概念数直方图（概念数: 题目数量）: {2: 3, 3: 6, 4: 7}
2026-05-08 14:37:49,639 - INFO - [math2] [统计] 概念数量统计完成。
2026-05-08 14:37:49,639 - INFO - [math2] 正在加载数据集...
2026-05-08 14:37:49,657 - INFO - [math2|full|lr=0.001|drop=0.10] Train samples: 46932, Val samples: 7822
2026-05-08 14:37:49,658 - INFO - [math2|full|lr=0.001|drop=0.10] Number of students: 3911
2026-05-08 14:37:49,658 - INFO - [math2|full|lr=0.001|drop=0.10] Number of exercises: 16
2026-05-08 14:37:49,658 - INFO - [math2|full|lr=0.001|drop=0.10] Number of concepts: 16
2026-05-08 14:37:49,658 - INFO - [math2|full|lr=0.001|drop=0.10] [A Prior] item_edges=72 item_density=0.3000 item_entropy=1.2417 | seq_raw_mass=0.0 seq_weighted_mass=0.0 seq_students=0 seq_edges=0 seq_density=0.0000 seq_entropy=0.0000
2026-05-08 14:37:49,658 - INFO - [math2|full|lr=0.001|drop=0.10] Creating model...
2026-05-08 14:37:49,658 - INFO - [math2|full|lr=0.001|drop=0.10] Ablation switches: ablate_module1=False | enable_module1=True | use_concept_graph=True | effective(num_gnn_layers=1)
[GPU] Status: [GPU 2: 24088MiB free]
2026-05-08 14:37:53,149 - INFO - [math2|full|lr=0.001|drop=0.10] AE stat priors initialized: scale=1.000, train_global_rate=0.4874, student_absmean=0.3865, exercise_absmean=0.8645, concept_absmean=0.4716, student_concept_absmean=0.2341, recent_student_concept_absmean=0.4451, reliability_absmean=0.6472
2026-05-08 14:37:53,150 - INFO - [math2|full|lr=0.001|drop=0.10] Ablation runtime check: args(ablate_module1=False) | expect(use_concept_graph=True,use_personal_graph=True) | model(enable_module1=True,use_concept_graph=True,use_personal_graph=True) | physical(has_knowledge_encoder=True,has_relation_learning=True,has_adaptive_gate=True,has_personal_generator=True)
2026-05-08 14:37:53,150 - INFO - [math2|full|lr=0.001|drop=0.10] Debug diagnostics enabled: diag_batches=1
2026-05-08 14:37:53,167 - INFO - [math2|full|lr=0.001|drop=0.10] [Graph Init] graph_tau_mean=1.0055, graph_tau_std=0.0000, graph_dropout=0.000, item_beta=0.5775±0.2200, seq_beta=0.5775±0.2200, self_loop_logit=0.7500, use_personal_graph=True
2026-05-08 14:37:53,168 - INFO - [math2|full|lr=0.001|drop=0.10] Total parameters: 131,978
2026-05-08 14:37:53,168 - INFO - [math2|full|lr=0.001|drop=0.10] Trainable parameters: 131,977
2026-05-08 14:37:54,364 - INFO - [math2|full|lr=0.001|drop=0.10] Optimizer param groups: backbone@lr=0.001, ae_joint@lr=0.03, personal_state@lr=0.001
2026-05-08 14:37:54,364 - INFO - [math2|full|lr=0.001|drop=0.10] Monitor config: scheduler=val_auc(max), best_checkpoint=val_auc(max), early_stop=val_auc(max)
2026-05-08 14:37:54,364 - INFO - [math2|full|lr=0.001|drop=0.10] Starting training...
2026-05-08 14:38:12,280 - INFO - [math2|full|lr=0.001|drop=0.10] Epoch [001/30] | Train: Loss=0.4834, BCE=0.4744, Reg=0.0090, AUC=0.8656, ACC=0.7818, RMSE=0.3922 | Val: Loss=0.5733, BCE=0.5654, Reg=0.0079, AUC=0.7768, ACC=0.7001, RMSE=0.4388
2026-05-08 14:38:12,281 - INFO - [math2|full|lr=0.001|drop=0.10] [Reg Terms] Epoch [001] | Train: graph_entropy=0.000000, graph_diag=0.008152, graph_uniform=0.000000, graph_reg_scale=1.0000, prediction_l2=0.000000, personal_sparse=0.000061, theta_prior_align=0.000000, alpha_var=0.000000, alpha_collapse=0.000462, reg_bce_ratio=0.0190 | Val: graph_entropy=0.000000, graph_diag=0.007006, graph_uniform=0.000000, graph_reg_scale=1.0000, prediction_l2=0.000000, personal_sparse=0.000056, theta_prior_align=0.000000, alpha_var=0.000000, alpha_collapse=0.000420, reg_bce_ratio=0.0140
2026-05-08 14:38:12,386 - INFO - [math2|full|lr=0.001|drop=0.10] [Diag][AE] Epoch [001] | irt_abs_mean=0.0624, irt_std=0.0362, personal_warmup_scale=0.12, relation_theta_delta=0.0000, relation_theta_logit=0.0000, relation_theta_neighbor_mass=0.0000, relation_theta_personal_mass=0.0000, ae_posterior_prior_scale=1.0000, ae_posterior_prior_logit=0.0214, ae_posterior_prior_delta=0.0535, graph_row_entropy=1.3923, graph_entropy_ratio=0.5021, alpha_mean=0.0512, alpha_std=0.0080, alpha_base_mean=0.0512, alpha_delta_absmean=0.0057, alpha_saturation_ratio=0.0000, alpha_bias_std=NA, alpha_state_path=0.0628, alpha_id_path=0.0000, alpha_bias_path=0.0000, head_bias_path=1.5078, personal_row_entropy=1.0901, personal_matrix_delta=0.1469, personal_matrix_student_std=0.0800, personal_delta_pre_softmax_norm=1.6427, personal_delta_student_std=0.7417, alpha_head_std=0.0080, query_row_global_readout_delta=0.0097, query_row_personal_message_delta=0.0010, ae_query_state_residual_delta=0.0000, ae_logit_residual_abs_mean=1.0197, query_row_posterior_delta_abs=0.1469, query_row_posterior_kl=0.0907, query_row_delta_local_rms_raw=0.0571, query_row_message_projection_gain=0.3891, personal_to_graph_query_ratio=0.1034, query_row_global_support_mass=0.4576, query_row_personal_support_mass=1.3406, neighbor_row_personal_delta=0.0000, personal_row_budget_mean=1.0000, personal_query_row_std=0.1381, personal_item_support_added_rate=0.0586, personal_item_support_added_mass=0.0147, readout_query_support_mass=0.4576, personal_student_mix=0.0000, personal_mastery_prior_scale=0.0000, personal_mastery_scores_absmean=0.0000, personal_recent_mastery_prior_scale=0.0000, personal_recent_mastery_scores_absmean=0.0000, personal_student_adapter=0.0000, local_row_ratio=0.6521, support_density=0.4282, readout_query_delta=0.0101, personal_bad_rows_active=0.00, personal_fallback_rows_active=0.00, personal_bad_row_rate_active=0.0000, personal_padded_rows=410.00, personal_logits_support_absmax=5.5751, personal_query_trust_scale_mean=0.1282, personal_bad_rows_all=0.00, personal_fallback_rows_all=0.00, personal_logits_absmax_all=30.0000
2026-05-08 14:38:12,386 - INFO - [math2|full|lr=0.001|drop=0.10] [Diag][A] Epoch [001] | entropy_ratio=0.5021, diag_mass=0.0701, to_uniform_l2=0.119810, to_identity_l2=0.268334, relation_identity_delta=0.268334, knowledge_state_graph_delta=0.367805, knowledge_state_personal_delta=0.000000, share_concept_embeddings=True, tau_mean=0.9045, tau_std=0.0037, graph_reg_scale(train/val)=1.0000/1.0000
2026-05-08 14:38:12,386 - INFO - [math2|full|lr=0.001|drop=0.10] [Diag][A Support] Epoch [001] | candidate_size=5.06, final_size=4.88, item_survival=0.9538, seq_survival=0.0000, item_seq_overlap=0.0000, self_retention=1.0000
2026-05-08 14:38:12,386 - INFO - [math2|full|lr=0.001|drop=0.10] [Diag][AE Components] Epoch [001] | student_prior=0.4010, exercise_prior=0.6825, concept_prior=0.1693, query_student_concept=0.1253, graph_student_concept=0.0855, posterior_prior=0.0214, reliability=0.1099, interpretable_bias=0.1507, explicit_feature=0.0185, interaction=0.0000, raw_before_clip=1.0516, raw_after_clip=1.0197
2026-05-08 14:38:12,386 - WARNING - [math2|full|lr=0.001|drop=0.10] [Diag Warning][A] A-readout-washed-out: knowledge_state_graph_delta=0.367805, query_row_global_readout_delta=0.009675
2026-05-08 14:38:12,386 - INFO - [math2|full|lr=0.001|drop=0.10] [Grad Norms] Epoch [001] | relation_emb=5.851323e-03, relation_tau=4.154176e-03, prior_strength=4.514496e-03, receiver_bias=3.433114e-03, self_loop=2.099679e-03, gate_head_bias=2.948596e-04, gate_query_weight=4.156316e-06, gate_context_weight=4.165297e-06, generator_state_mix=3.329100e-04
2026-05-08 14:38:12,465 - INFO - [math2|full|lr=0.001|drop=0.10] -> New best AUC=0.7768 at epoch 1
2026-05-08 14:38:31,742 - INFO - [math2|full|lr=0.001|drop=0.10] Epoch [002/30] | Train: Loss=0.4765, BCE=0.4684, Reg=0.0081, AUC=0.8671, ACC=0.7839, RMSE=0.3898 | Val: Loss=0.5719, BCE=0.5643, Reg=0.0077, AUC=0.7781, ACC=0.7012, RMSE=0.4383
2026-05-08 14:38:31,743 - INFO - [math2|full|lr=0.001|drop=0.10] [Reg Terms] Epoch [002] | Train: graph_entropy=0.000000, graph_diag=0.006417, graph_uniform=0.000000, graph_reg_scale=1.0000, prediction_l2=0.000000, personal_sparse=0.000114, theta_prior_align=0.000000, alpha_var=0.000000, alpha_collapse=0.000711, reg_bce_ratio=0.0174 | Val: graph_entropy=0.000000, graph_diag=0.005960, graph_uniform=0.000000, graph_reg_scale=1.0000, prediction_l2=0.000000, personal_sparse=0.000115, theta_prior_align=0.000000, alpha_var=0.000000, alpha_collapse=0.000595, reg_bce_ratio=0.0136
2026-05-08 14:38:31,857 - INFO - [math2|full|lr=0.001|drop=0.10] [Diag][AE] Epoch [002] | irt_abs_mean=0.0785, irt_std=0.0492, personal_warmup_scale=0.25, relation_theta_delta=0.0000, relation_theta_logit=0.0000, relation_theta_neighbor_mass=0.0000, relation_theta_personal_mass=0.0000, ae_posterior_prior_scale=1.0000, ae_posterior_prior_logit=0.0288, ae_posterior_prior_delta=0.0721, graph_row_entropy=1.3666, graph_entropy_ratio=0.4929, alpha_mean=0.0539, alpha_std=0.0202, alpha_base_mean=0.0539, alpha_delta_absmean=0.0254, alpha_saturation_ratio=0.0000, alpha_bias_std=NA, alpha_state_path=0.3044, alpha_id_path=0.0000, alpha_bias_path=0.0000, head_bias_path=1.4946, personal_row_entropy=1.1259, personal_matrix_delta=0.1463, personal_matrix_student_std=0.0841, personal_delta_pre_softmax_norm=1.6431, personal_delta_student_std=0.7373, alpha_head_std=0.0187, query_row_global_readout_delta=0.0093, query_row_personal_message_delta=0.0010, ae_query_state_residual_delta=0.0000, ae_logit_residual_abs_mean=1.0775, query_row_posterior_delta_abs=0.1463, query_row_posterior_kl=0.0984, query_row_delta_local_rms_raw=0.0524, query_row_message_projection_gain=0.3583, personal_to_graph_query_ratio=0.1073, query_row_global_support_mass=0.4525, query_row_personal_support_mass=1.3599, neighbor_row_personal_delta=0.0000, personal_row_budget_mean=1.0000, personal_query_row_std=0.0804, personal_item_support_added_rate=0.0585, personal_item_support_added_mass=0.0142, readout_query_support_mass=0.4525, personal_student_mix=0.0000, personal_mastery_prior_scale=0.0000, personal_mastery_scores_absmean=0.0000, personal_recent_mastery_prior_scale=0.0000, personal_recent_mastery_scores_absmean=0.0000, personal_student_adapter=0.0000, local_row_ratio=0.6663, support_density=0.4282, readout_query_delta=0.0097, personal_bad_rows_active=0.00, personal_fallback_rows_active=0.00, personal_bad_row_rate_active=0.0000, personal_padded_rows=410.00, personal_logits_support_absmax=5.6412, personal_query_trust_scale_mean=0.1462, personal_bad_rows_all=0.00, personal_fallback_rows_all=0.00, personal_logits_absmax_all=30.0000
2026-05-08 14:38:31,857 - INFO - [math2|full|lr=0.001|drop=0.10] [Diag][A] Epoch [002] | entropy_ratio=0.4929, diag_mass=0.0596, to_uniform_l2=0.122755, to_identity_l2=0.272076, relation_identity_delta=0.272076, knowledge_state_graph_delta=0.392615, knowledge_state_personal_delta=0.000000, share_concept_embeddings=True, tau_mean=0.8310, tau_std=0.0080, graph_reg_scale(train/val)=1.0000/1.0000
2026-05-08 14:38:31,858 - INFO - [math2|full|lr=0.001|drop=0.10] [Diag][A Support] Epoch [002] | candidate_size=5.06, final_size=4.88, item_survival=0.9538, seq_survival=0.0000, item_seq_overlap=0.0000, self_retention=1.0000
2026-05-08 14:38:31,858 - INFO - [math2|full|lr=0.001|drop=0.10] [Diag][AE Components] Epoch [002] | student_prior=0.4010, exercise_prior=0.6825, concept_prior=0.1693, query_student_concept=0.1253, graph_student_concept=0.0864, posterior_prior=0.0288, reliability=0.0748, interpretable_bias=0.2103, explicit_feature=0.0473, interaction=0.0000, raw_before_clip=1.1153, raw_after_clip=1.0775
2026-05-08 14:38:31,858 - WARNING - [math2|full|lr=0.001|drop=0.10] [Diag Warning][A] A-readout-washed-out: knowledge_state_graph_delta=0.392615, query_row_global_readout_delta=0.009321
2026-05-08 14:38:31,858 - INFO - [math2|full|lr=0.001|drop=0.10] [Grad Norms] Epoch [002] | relation_emb=5.960047e-03, relation_tau=1.464895e-03, prior_strength=1.796248e-03, receiver_bias=2.526008e-03, self_loop=7.884064e-04, gate_head_bias=5.734716e-04, gate_query_weight=4.690804e-05, gate_context_weight=4.755678e-05, generator_state_mix=4.405163e-04
2026-05-08 14:38:31,931 - INFO - [math2|full|lr=0.001|drop=0.10] -> New best AUC=0.7781 at epoch 2
2026-05-08 14:38:49,920 - INFO - [math2|full|lr=0.001|drop=0.10] Epoch [003/30] | Train: Loss=0.4733, BCE=0.4653, Reg=0.0080, AUC=0.8683, ACC=0.7856, RMSE=0.3884 | Val: Loss=0.5725, BCE=0.5647, Reg=0.0078, AUC=0.7779, ACC=0.7002, RMSE=0.4385
2026-05-08 14:38:49,921 - INFO - [math2|full|lr=0.001|drop=0.10] [Reg Terms] Epoch [003] | Train: graph_entropy=0.000000, graph_diag=0.005705, graph_uniform=0.000000, graph_reg_scale=1.0000, prediction_l2=0.000000, personal_sparse=0.000172, theta_prior_align=0.000000, alpha_var=0.000000, alpha_collapse=0.000625, reg_bce_ratio=0.0171 | Val: graph_entropy=0.000000, graph_diag=0.005514, graph_uniform=0.000000, graph_reg_scale=1.0000, prediction_l2=0.000000, personal_sparse=0.000169, theta_prior_align=0.000000, alpha_var=0.000000, alpha_collapse=0.000434, reg_bce_ratio=0.0138
2026-05-08 14:38:50,003 - INFO - [math2|full|lr=0.001|drop=0.10] [Diag][AE] Epoch [003] | irt_abs_mean=0.0766, irt_std=0.0597, personal_warmup_scale=0.38, relation_theta_delta=0.0000, relation_theta_logit=0.0000, relation_theta_neighbor_mass=0.0000, relation_theta_personal_mass=0.0000, ae_posterior_prior_scale=1.0000, ae_posterior_prior_logit=0.0321, ae_posterior_prior_delta=0.0804, graph_row_entropy=1.3465, graph_entropy_ratio=0.4856, alpha_mean=0.0587, alpha_std=0.0352, alpha_base_mean=0.0587, alpha_delta_absmean=0.0437, alpha_saturation_ratio=0.0000, alpha_bias_std=NA, alpha_state_path=0.5923, alpha_id_path=0.0000, alpha_bias_path=0.0000, head_bias_path=1.4690, personal_row_entropy=1.1084, personal_matrix_delta=0.1491, personal_matrix_student_std=0.0937, personal_delta_pre_softmax_norm=1.6543, personal_delta_student_std=0.7747, alpha_head_std=0.0302, query_row_global_readout_delta=0.0092, query_row_personal_message_delta=0.0010, ae_query_state_residual_delta=0.0000, ae_logit_residual_abs_mean=1.0856, query_row_posterior_delta_abs=0.1491, query_row_posterior_kl=0.1094, query_row_delta_local_rms_raw=0.0578, query_row_message_projection_gain=0.3874, personal_to_graph_query_ratio=0.1084, query_row_global_support_mass=0.4472, query_row_personal_support_mass=1.3599, neighbor_row_personal_delta=0.0000, personal_row_budget_mean=1.0000, personal_query_row_std=0.1685, personal_item_support_added_rate=0.0583, personal_item_support_added_mass=0.0138, readout_query_support_mass=0.4472, personal_student_mix=0.0000, personal_mastery_prior_scale=0.0000, personal_mastery_scores_absmean=0.0000, personal_recent_mastery_prior_scale=0.0000, personal_recent_mastery_scores_absmean=0.0000, personal_student_adapter=0.0000, local_row_ratio=0.6519, support_density=0.4281, readout_query_delta=0.0095, personal_bad_rows_active=0.00, personal_fallback_rows_active=0.00, personal_bad_row_rate_active=0.0000, personal_padded_rows=410.00, personal_logits_support_absmax=5.7255, personal_query_trust_scale_mean=0.1428, personal_bad_rows_all=0.00, personal_fallback_rows_all=0.00, personal_logits_absmax_all=30.0000
2026-05-08 14:38:50,003 - INFO - [math2|full|lr=0.001|drop=0.10] [Diag][A] Epoch [003] | entropy_ratio=0.4856, diag_mass=0.0551, to_uniform_l2=0.124999, to_identity_l2=0.274115, relation_identity_delta=0.274115, knowledge_state_graph_delta=0.441564, knowledge_state_personal_delta=0.000000, share_concept_embeddings=True, tau_mean=0.7729, tau_std=0.0078, graph_reg_scale(train/val)=1.0000/1.0000
2026-05-08 14:38:50,003 - INFO - [math2|full|lr=0.001|drop=0.10] [Diag][A Support] Epoch [003] | candidate_size=5.06, final_size=4.88, item_survival=0.9538, seq_survival=0.0000, item_seq_overlap=0.0000, self_retention=1.0000
2026-05-08 14:38:50,003 - INFO - [math2|full|lr=0.001|drop=0.10] [Diag][AE Components] Epoch [003] | student_prior=0.4010, exercise_prior=0.6825, concept_prior=0.1693, query_student_concept=0.1253, graph_student_concept=0.0870, posterior_prior=0.0321, reliability=0.0687, interpretable_bias=0.2533, explicit_feature=0.0063, interaction=0.0000, raw_before_clip=1.1243, raw_after_clip=1.0856
2026-05-08 14:38:50,003 - WARNING - [math2|full|lr=0.001|drop=0.10] [Diag Warning][A] A-readout-washed-out: knowledge_state_graph_delta=0.441564, query_row_global_readout_delta=0.009223
2026-05-08 14:38:50,003 - INFO - [math2|full|lr=0.001|drop=0.10] [Grad Norms] Epoch [003] | relation_emb=1.324114e-02, relation_tau=7.963520e-04, prior_strength=1.184793e-03, receiver_bias=2.134659e-03, self_loop=4.658451e-04, gate_head_bias=8.387203e-04, gate_query_weight=8.891480e-05, gate_context_weight=9.400216e-05, generator_state_mix=6.155554e-04
2026-05-08 14:38:50,003 - INFO - [math2|full|lr=0.001|drop=0.10] -> No improvement 1 epoch(s) (best AUC=0.7781 @ 2)
2026-05-08 14:39:11,180 - INFO - [math2|full|lr=0.001|drop=0.10] Epoch [004/30] | Train: Loss=0.4715, BCE=0.4635, Reg=0.0080, AUC=0.8687, ACC=0.7844, RMSE=0.3877 | Val: Loss=0.5729, BCE=0.5650, Reg=0.0080, AUC=0.7778, ACC=0.7017, RMSE=0.4386
2026-05-08 14:39:11,181 - INFO - [math2|full|lr=0.001|drop=0.10] [Reg Terms] Epoch [004] | Train: graph_entropy=0.000000, graph_diag=0.005396, graph_uniform=0.000000, graph_reg_scale=1.0000, prediction_l2=0.000000, personal_sparse=0.000222, theta_prior_align=0.000000, alpha_var=0.000000, alpha_collapse=0.000192, reg_bce_ratio=0.0173 | Val: graph_entropy=0.000000, graph_diag=0.005297, graph_uniform=0.000000, graph_reg_scale=1.0000, prediction_l2=0.000000, personal_sparse=0.000213, theta_prior_align=0.000000, alpha_var=0.000000, alpha_collapse=0.000000, reg_bce_ratio=0.0141
2026-05-08 14:39:11,281 - INFO - [math2|full|lr=0.001|drop=0.10] [Diag][AE] Epoch [004] | irt_abs_mean=0.0962, irt_std=0.0771, personal_warmup_scale=0.50, relation_theta_delta=0.0000, relation_theta_logit=0.0000, relation_theta_neighbor_mass=0.0000, relation_theta_personal_mass=0.0000, ae_posterior_prior_scale=1.0000, ae_posterior_prior_logit=0.0346, ae_posterior_prior_delta=0.0866, graph_row_entropy=1.3253, graph_entropy_ratio=0.4780, alpha_mean=0.0668, alpha_std=0.0508, alpha_base_mean=0.0655, alpha_delta_absmean=0.0471, alpha_saturation_ratio=0.0000, alpha_bias_std=NA, alpha_state_path=0.7426, alpha_id_path=0.0000, alpha_bias_path=0.0000, head_bias_path=1.4084, personal_row_entropy=1.0460, personal_matrix_delta=0.1536, personal_matrix_student_std=0.0963, personal_delta_pre_softmax_norm=1.6942, personal_delta_student_std=0.7884, alpha_head_std=0.0451, query_row_global_readout_delta=0.0092, query_row_personal_message_delta=0.0010, ae_query_state_residual_delta=0.0000, ae_logit_residual_abs_mean=1.1221, query_row_posterior_delta_abs=0.1536, query_row_posterior_kl=0.1202, query_row_delta_local_rms_raw=0.0760, query_row_message_projection_gain=0.4946, personal_to_graph_query_ratio=0.1088, query_row_global_support_mass=0.4432, query_row_personal_support_mass=1.3316, neighbor_row_personal_delta=0.0000, personal_row_budget_mean=1.0000, personal_query_row_std=0.1898, personal_item_support_added_rate=0.0574, personal_item_support_added_mass=0.0137, readout_query_support_mass=0.4432, personal_student_mix=0.0000, personal_mastery_prior_scale=0.0000, personal_mastery_scores_absmean=0.0000, personal_recent_mastery_prior_scale=0.0000, personal_recent_mastery_scores_absmean=0.0000, personal_student_adapter=0.0000, local_row_ratio=0.6731, support_density=0.4279, readout_query_delta=0.0095, personal_bad_rows_active=0.00, personal_fallback_rows_active=0.00, personal_bad_row_rate_active=0.0000, personal_padded_rows=410.00, personal_logits_support_absmax=5.7724, personal_query_trust_scale_mean=0.1095, personal_bad_rows_all=0.00, personal_fallback_rows_all=0.00, personal_logits_absmax_all=30.0000
2026-05-08 14:39:11,281 - INFO - [math2|full|lr=0.001|drop=0.10] [Diag][A] Epoch [004] | entropy_ratio=0.4780, diag_mass=0.0530, to_uniform_l2=0.127515, to_identity_l2=0.275763, relation_identity_delta=0.275763, knowledge_state_graph_delta=0.513939, knowledge_state_personal_delta=0.000000, share_concept_embeddings=True, tau_mean=0.7208, tau_std=0.0025, graph_reg_scale(train/val)=1.0000/1.0000
2026-05-08 14:39:11,281 - INFO - [math2|full|lr=0.001|drop=0.10] [Diag][A Support] Epoch [004] | candidate_size=5.06, final_size=4.88, item_survival=0.9538, seq_survival=0.0000, item_seq_overlap=0.0000, self_retention=1.0000
2026-05-08 14:39:11,281 - INFO - [math2|full|lr=0.001|drop=0.10] [Diag][AE Components] Epoch [004] | student_prior=0.4010, exercise_prior=0.6825, concept_prior=0.1693, query_student_concept=0.1253, graph_student_concept=0.0873, posterior_prior=0.0346, reliability=0.0947, interpretable_bias=0.2814, explicit_feature=0.0512, interaction=0.0000, raw_before_clip=1.1642, raw_after_clip=1.1221
2026-05-08 14:39:11,281 - WARNING - [math2|full|lr=0.001|drop=0.10] [Diag Warning][A] A-readout-washed-out: knowledge_state_graph_delta=0.513939, query_row_global_readout_delta=0.009193
2026-05-08 14:39:11,281 - INFO - [math2|full|lr=0.001|drop=0.10] [Grad Norms] Epoch [004] | relation_emb=9.056746e-03, relation_tau=1.453836e-03, prior_strength=9.692470e-04, receiver_bias=1.742302e-03, self_loop=2.292430e-04, gate_head_bias=1.588693e-08, gate_query_weight=8.274718e-10, gate_context_weight=1.548548e-09, generator_state_mix=4.736469e-04
2026-05-08 14:39:11,281 - INFO - [math2|full|lr=0.001|drop=0.10] -> No improvement 2 epoch(s) (best AUC=0.7781 @ 2)
2026-05-08 14:39:32,839 - INFO - [math2|full|lr=0.001|drop=0.10] Epoch [005/30] | Train: Loss=0.4704, BCE=0.4620, Reg=0.0084, AUC=0.8682, ACC=0.7840, RMSE=0.3874 | Val: Loss=0.5746, BCE=0.5661, Reg=0.0086, AUC=0.7768, ACC=0.7002, RMSE=0.4391
2026-05-08 14:39:32,839 - INFO - [math2|full|lr=0.001|drop=0.10] [Reg Terms] Epoch [005] | Train: graph_entropy=0.000000, graph_diag=0.005235, graph_uniform=0.000000, graph_reg_scale=1.0000, prediction_l2=0.000000, personal_sparse=0.000269, theta_prior_align=0.000000, alpha_var=0.000000, alpha_collapse=0.000000, reg_bce_ratio=0.0183 | Val: graph_entropy=0.000000, graph_diag=0.005185, graph_uniform=0.000000, graph_reg_scale=1.0000, prediction_l2=0.000000, personal_sparse=0.000260, theta_prior_align=0.000000, alpha_var=0.000000, alpha_collapse=0.000000, reg_bce_ratio=0.0151
2026-05-08 14:39:32,948 - INFO - [math2|full|lr=0.001|drop=0.10] [Diag][AE] Epoch [005] | irt_abs_mean=0.1084, irt_std=0.0890, personal_warmup_scale=0.62, relation_theta_delta=0.0000, relation_theta_logit=0.0000, relation_theta_neighbor_mass=0.0000, relation_theta_personal_mass=0.0000, ae_posterior_prior_scale=1.0000, ae_posterior_prior_logit=0.0335, ae_posterior_prior_delta=0.0838, graph_row_entropy=1.2986, graph_entropy_ratio=0.4684, alpha_mean=0.0681, alpha_std=0.0544, alpha_base_mean=0.0658, alpha_delta_absmean=0.0434, alpha_saturation_ratio=0.0000, alpha_bias_std=NA, alpha_state_path=0.6789, alpha_id_path=0.0000, alpha_bias_path=0.0000, head_bias_path=1.3985, personal_row_entropy=1.0177, personal_matrix_delta=0.1541, personal_matrix_student_std=0.0967, personal_delta_pre_softmax_norm=1.7154, personal_delta_student_std=0.8035, alpha_head_std=0.0503, query_row_global_readout_delta=0.0087, query_row_personal_message_delta=0.0010, ae_query_state_residual_delta=0.0000, ae_logit_residual_abs_mean=1.1451, query_row_posterior_delta_abs=0.1541, query_row_posterior_kl=0.1235, query_row_delta_local_rms_raw=0.0821, query_row_message_projection_gain=0.5326, personal_to_graph_query_ratio=0.1150, query_row_global_support_mass=0.4392, query_row_personal_support_mass=1.2915, neighbor_row_personal_delta=0.0000, personal_row_budget_mean=1.0000, personal_query_row_std=0.2047, personal_item_support_added_rate=0.0583, personal_item_support_added_mass=0.0138, readout_query_support_mass=0.4392, personal_student_mix=0.0000, personal_mastery_prior_scale=0.0000, personal_mastery_scores_absmean=0.0000, personal_recent_mastery_prior_scale=0.0000, personal_recent_mastery_scores_absmean=0.0000, personal_student_adapter=0.0000, local_row_ratio=0.6519, support_density=0.4281, readout_query_delta=0.0090, personal_bad_rows_active=0.00, personal_fallback_rows_active=0.00, personal_bad_row_rate_active=0.0000, personal_padded_rows=410.00, personal_logits_support_absmax=5.8035, personal_query_trust_scale_mean=0.1074, personal_bad_rows_all=0.00, personal_fallback_rows_all=0.00, personal_logits_absmax_all=30.0000
2026-05-08 14:39:32,948 - INFO - [math2|full|lr=0.001|drop=0.10] [Diag][A] Epoch [005] | entropy_ratio=0.4684, diag_mass=0.0518, to_uniform_l2=0.130891, to_identity_l2=0.277593, relation_identity_delta=0.277593, knowledge_state_graph_delta=0.543856, knowledge_state_personal_delta=0.000000, share_concept_embeddings=True, tau_mean=0.6730, tau_std=0.0064, graph_reg_scale(train/val)=1.0000/1.0000
2026-05-08 14:39:32,948 - INFO - [math2|full|lr=0.001|drop=0.10] [Diag][A Support] Epoch [005] | candidate_size=5.06, final_size=4.88, item_survival=0.9538, seq_survival=0.0000, item_seq_overlap=0.0000, self_retention=1.0000
2026-05-08 14:39:32,948 - INFO - [math2|full|lr=0.001|drop=0.10] [Diag][AE Components] Epoch [005] | student_prior=0.4010, exercise_prior=0.6825, concept_prior=0.1693, query_student_concept=0.1253, graph_student_concept=0.0875, posterior_prior=0.0335, reliability=0.0543, interpretable_bias=0.3068, explicit_feature=0.0267, interaction=0.0000, raw_before_clip=1.1904, raw_after_clip=1.1451
2026-05-08 14:39:32,948 - WARNING - [math2|full|lr=0.001|drop=0.10] [Diag Warning][A] A-readout-washed-out: knowledge_state_graph_delta=0.543856, query_row_global_readout_delta=0.008693
2026-05-08 14:39:32,948 - INFO - [math2|full|lr=0.001|drop=0.10] [Grad Norms] Epoch [005] | relation_emb=5.607713e-03, relation_tau=5.937876e-04, prior_strength=5.588215e-04, receiver_bias=1.492295e-03, self_loop=1.744814e-04, gate_head_bias=1.826649e-09, gate_query_weight=1.855851e-09, gate_context_weight=8.982038e-10, generator_state_mix=4.258035e-04
2026-05-08 14:39:32,948 - INFO - [math2|full|lr=0.001|drop=0.10] -> No improvement 3 epoch(s) (best AUC=0.7781 @ 2)
2026-05-08 14:39:53,840 - INFO - [math2|full|lr=0.001|drop=0.10] Epoch [006/30] | Train: Loss=0.4683, BCE=0.4592, Reg=0.0091, AUC=0.8701, ACC=0.7857, RMSE=0.3860 | Val: Loss=0.5761, BCE=0.5669, Reg=0.0092, AUC=0.7767, ACC=0.6980, RMSE=0.4394
2026-05-08 14:39:53,840 - INFO - [math2|full|lr=0.001|drop=0.10] [Reg Terms] Epoch [006] | Train: graph_entropy=0.000000, graph_diag=0.005147, graph_uniform=0.000000, graph_reg_scale=1.0000, prediction_l2=0.000000, personal_sparse=0.000316, theta_prior_align=0.000000, alpha_var=0.000000, alpha_collapse=0.000000, reg_bce_ratio=0.0197 | Val: graph_entropy=0.000000, graph_diag=0.005116, graph_uniform=0.000000, graph_reg_scale=1.0000, prediction_l2=0.000000, personal_sparse=0.000309, theta_prior_align=0.000000, alpha_var=0.000000, alpha_collapse=0.000000, reg_bce_ratio=0.0163
2026-05-08 14:39:53,943 - INFO - [math2|full|lr=0.001|drop=0.10] [Diag][AE] Epoch [006] | irt_abs_mean=0.1377, irt_std=0.1121, personal_warmup_scale=0.75, relation_theta_delta=0.0000, relation_theta_logit=0.0000, relation_theta_neighbor_mass=0.0000, relation_theta_personal_mass=0.0000, ae_posterior_prior_scale=1.0000, ae_posterior_prior_logit=0.0322, ae_posterior_prior_delta=0.0805, graph_row_entropy=1.2635, graph_entropy_ratio=0.4557, alpha_mean=0.0692, alpha_std=0.0578, alpha_base_mean=0.0661, alpha_delta_absmean=0.0417, alpha_saturation_ratio=0.0000, alpha_bias_std=NA, alpha_state_path=0.6374, alpha_id_path=0.0000, alpha_bias_path=0.0000, head_bias_path=1.3877, personal_row_entropy=1.0065, personal_matrix_delta=0.1537, personal_matrix_student_std=0.0954, personal_delta_pre_softmax_norm=1.7391, personal_delta_student_std=0.7887, alpha_head_std=0.0547, query_row_global_readout_delta=0.0083, query_row_personal_message_delta=0.0010, ae_query_state_residual_delta=0.0000, ae_logit_residual_abs_mean=1.1608, query_row_posterior_delta_abs=0.1537, query_row_posterior_kl=0.1265, query_row_delta_local_rms_raw=0.0848, query_row_message_projection_gain=0.5514, personal_to_graph_query_ratio=0.1211, query_row_global_support_mass=0.4346, query_row_personal_support_mass=1.2588, neighbor_row_personal_delta=0.0000, personal_row_budget_mean=1.0000, personal_query_row_std=0.1949, personal_item_support_added_rate=0.0583, personal_item_support_added_mass=0.0138, readout_query_support_mass=0.4346, personal_student_mix=0.0000, personal_mastery_prior_scale=0.0000, personal_mastery_scores_absmean=0.0000, personal_recent_mastery_prior_scale=0.0000, personal_recent_mastery_scores_absmean=0.0000, personal_student_adapter=0.0000, local_row_ratio=0.6519, support_density=0.4281, readout_query_delta=0.0085, personal_bad_rows_active=0.00, personal_fallback_rows_active=0.00, personal_bad_row_rate_active=0.0000, personal_padded_rows=410.00, personal_logits_support_absmax=5.8287, personal_query_trust_scale_mean=0.1105, personal_bad_rows_all=0.00, personal_fallback_rows_all=0.00, personal_logits_absmax_all=30.0000
2026-05-08 14:39:53,943 - INFO - [math2|full|lr=0.001|drop=0.10] [Diag][A] Epoch [006] | entropy_ratio=0.4557, diag_mass=0.0512, to_uniform_l2=0.135270, to_identity_l2=0.279838, relation_identity_delta=0.279838, knowledge_state_graph_delta=0.558500, knowledge_state_personal_delta=0.000000, share_concept_embeddings=True, tau_mean=0.6279, tau_std=0.0156, graph_reg_scale(train/val)=1.0000/1.0000
2026-05-08 14:39:53,943 - INFO - [math2|full|lr=0.001|drop=0.10] [Diag][A Support] Epoch [006] | candidate_size=5.06, final_size=4.88, item_survival=0.9538, seq_survival=0.0000, item_seq_overlap=0.0000, self_retention=1.0000
2026-05-08 14:39:53,943 - INFO - [math2|full|lr=0.001|drop=0.10] [Diag][AE Components] Epoch [006] | student_prior=0.4010, exercise_prior=0.6825, concept_prior=0.1693, query_student_concept=0.1253, graph_student_concept=0.0881, posterior_prior=0.0322, reliability=0.0657, interpretable_bias=0.3328, explicit_feature=0.0307, interaction=0.0000, raw_before_clip=1.2084, raw_after_clip=1.1608
2026-05-08 14:39:53,943 - WARNING - [math2|full|lr=0.001|drop=0.10] [Diag Warning][A] A-readout-washed-out: knowledge_state_graph_delta=0.558500, query_row_global_readout_delta=0.008261
2026-05-08 14:39:53,943 - INFO - [math2|full|lr=0.001|drop=0.10] [Grad Norms] Epoch [006] | relation_emb=6.894355e-03, relation_tau=1.631659e-03, prior_strength=2.374290e-04, receiver_bias=5.718054e-03, self_loop=8.412833e-05, gate_head_bias=2.970622e-09, gate_query_weight=2.321544e-10, gate_context_weight=3.877151e-09, generator_state_mix=4.183295e-04
2026-05-08 14:39:53,943 - INFO - [math2|full|lr=0.001|drop=0.10] -> No improvement 4 epoch(s) (best AUC=0.7781 @ 2)
2026-05-08 14:40:14,876 - INFO - [math2|full|lr=0.001|drop=0.10] Epoch [007/30] | Train: Loss=0.4681, BCE=0.4583, Reg=0.0098, AUC=0.8701, ACC=0.7863, RMSE=0.3857 | Val: Loss=0.5825, BCE=0.5725, Reg=0.0100, AUC=0.7755, ACC=0.6945, RMSE=0.4419
2026-05-08 14:40:14,877 - INFO - [math2|full|lr=0.001|drop=0.10] [Reg Terms] Epoch [007] | Train: graph_entropy=0.000000, graph_diag=0.005094, graph_uniform=0.000000, graph_reg_scale=1.0000, prediction_l2=0.000000, personal_sparse=0.000359, theta_prior_align=0.000000, alpha_var=0.000000, alpha_collapse=0.000000, reg_bce_ratio=0.0213 | Val: graph_entropy=0.000000, graph_diag=0.005075, graph_uniform=0.000000, graph_reg_scale=1.0000, prediction_l2=0.000000, personal_sparse=0.000352, theta_prior_align=0.000000, alpha_var=0.000000, alpha_collapse=0.000000, reg_bce_ratio=0.0175
2026-05-08 14:40:14,974 - INFO - [math2|full|lr=0.001|drop=0.10] [Diag][AE] Epoch [007] | irt_abs_mean=0.1774, irt_std=0.1460, personal_warmup_scale=0.88, relation_theta_delta=0.0000, relation_theta_logit=0.0000, relation_theta_neighbor_mass=0.0000, relation_theta_personal_mass=0.0000, ae_posterior_prior_scale=1.0000, ae_posterior_prior_logit=0.0327, ae_posterior_prior_delta=0.0816, graph_row_entropy=1.2141, graph_entropy_ratio=0.4379, alpha_mean=0.0703, alpha_std=0.0606, alpha_base_mean=0.0664, alpha_delta_absmean=0.0388, alpha_saturation_ratio=0.0000, alpha_bias_std=NA, alpha_state_path=0.6029, alpha_id_path=0.0000, alpha_bias_path=0.0000, head_bias_path=1.3755, personal_row_entropy=0.9865, personal_matrix_delta=0.1537, personal_matrix_student_std=0.0951, personal_delta_pre_softmax_norm=1.7584, personal_delta_student_std=0.7973, alpha_head_std=0.0582, query_row_global_readout_delta=0.0076, query_row_personal_message_delta=0.0010, ae_query_state_residual_delta=0.0000, ae_logit_residual_abs_mean=1.2095, query_row_posterior_delta_abs=0.1537, query_row_posterior_kl=0.1304, query_row_delta_local_rms_raw=0.0883, query_row_message_projection_gain=0.5745, personal_to_graph_query_ratio=0.1323, query_row_global_support_mass=0.4296, query_row_personal_support_mass=1.2162, neighbor_row_personal_delta=0.0000, personal_row_budget_mean=1.0000, personal_query_row_std=0.1873, personal_item_support_added_rate=0.0574, personal_item_support_added_mass=0.0137, readout_query_support_mass=0.4296, personal_student_mix=0.0000, personal_mastery_prior_scale=0.0000, personal_mastery_scores_absmean=0.0000, personal_recent_mastery_prior_scale=0.0000, personal_recent_mastery_scores_absmean=0.0000, personal_student_adapter=0.0000, local_row_ratio=0.6731, support_density=0.4279, readout_query_delta=0.0078, personal_bad_rows_active=0.00, personal_fallback_rows_active=0.00, personal_bad_row_rate_active=0.0000, personal_padded_rows=410.00, personal_logits_support_absmax=5.8457, personal_query_trust_scale_mean=0.1092, personal_bad_rows_all=0.00, personal_fallback_rows_all=0.00, personal_logits_absmax_all=30.0000
2026-05-08 14:40:14,974 - INFO - [math2|full|lr=0.001|drop=0.10] [Diag][A] Epoch [007] | entropy_ratio=0.4379, diag_mass=0.0507, to_uniform_l2=0.141343, to_identity_l2=0.282914, relation_identity_delta=0.282914, knowledge_state_graph_delta=0.575029, knowledge_state_personal_delta=0.000000, share_concept_embeddings=True, tau_mean=0.5818, tau_std=0.0273, graph_reg_scale(train/val)=1.0000/1.0000
2026-05-08 14:40:14,975 - INFO - [math2|full|lr=0.001|drop=0.10] [Diag][A Support] Epoch [007] | candidate_size=5.06, final_size=4.88, item_survival=0.9538, seq_survival=0.0000, item_seq_overlap=0.0000, self_retention=1.0000
2026-05-08 14:40:14,975 - INFO - [math2|full|lr=0.001|drop=0.10] [Diag][AE Components] Epoch [007] | student_prior=0.4010, exercise_prior=0.6825, concept_prior=0.1693, query_student_concept=0.1253, graph_student_concept=0.0887, posterior_prior=0.0327, reliability=0.1896, interpretable_bias=0.3523, explicit_feature=0.0531, interaction=0.0000, raw_before_clip=1.2647, raw_after_clip=1.2095
2026-05-08 14:40:14,975 - WARNING - [math2|full|lr=0.001|drop=0.10] [Diag Warning][A] A-readout-washed-out: knowledge_state_graph_delta=0.575029, query_row_global_readout_delta=0.007558
2026-05-08 14:40:14,975 - INFO - [math2|full|lr=0.001|drop=0.10] [Grad Norms] Epoch [007] | relation_emb=7.294604e-03, relation_tau=1.300985e-03, prior_strength=1.357088e-04, receiver_bias=2.949516e-03, self_loop=6.551131e-05, gate_head_bias=1.206059e-08, gate_query_weight=9.009487e-09, gate_context_weight=1.195572e-08, generator_state_mix=2.201810e-04
2026-05-08 14:40:14,975 - INFO - [math2|full|lr=0.001|drop=0.10] -> No improvement 5 epoch(s) (best AUC=0.7781 @ 2)
2026-05-08 14:40:14,975 - INFO - [math2|full|lr=0.001|drop=0.10] Early stopping at epoch 7 (best AUC=0.7781 @ 2)
2026-05-08 14:40:14,981 - INFO - Epoch-wise metrics saved to checkpoints/public_full_20260508_143744/math2_full/metrics_history.csv
2026-05-08 14:40:14,984 - INFO - [math2|full|lr=0.001|drop=0.10] Training completed! Best Val AUC=0.7781 @ epoch 2
2026-05-08 14:40:15,144 - INFO - 
============================================================
         MODULE ACTIVITY REPORT
============================================================
Dataset: math2 | Seed: 42 | Epoch: 7

1. Concept Graph Module (A):
   - Mean row entropy: 1.214 / 2.773
   - Entropy ratio: 43.8%
   - Query readout delta: 0.0074
   - Query head var: 0.0001
   - Status: LIVE_BUT_COLLAPSED (graph enters query rows but head diversity is washed out)
   -> Consider: strengthen head-wise query gating or graph query adapter leverage

2. Personal Graph Module (E):
   - Alpha mean: 0.070
   - Alpha std: 0.059
   - Alpha bias std: 0.000
   - Personal/global delta: 0.1527
   - Inter-student matrix std: 0.0962
   - Query personal message delta: 0.0010
   - Query posterior KL: 0.1294
   - Query message projection gain: 0.5677
   - Query message alignment: 0.3143
   - Query self support mass: 0.0004
   - Query graph support mass: 0.1608
   - Query personal std: 0.1842
   - Item-local support added rate: 0.0572
   - Item-local support added mass: 0.0133
   - Mastery-prior score absmean: 0.0000
   - Recent-mastery-prior score absmean: 0.0000
   - Personal/global query ratio: 0.1349
   - Status: TRUST_CLIPPED (personal writeback exists but is repeatedly capped for safety)
   -> Consider: improve alignment before relaxing trust-region

------------------------------------------------------------
SUMMARY:
   Active modules: Concept Graph (A)
   Inactive modules: Personal Graph (E)
============================================================
2026-05-08 14:40:15,144 - INFO - [math2|full|lr=0.001|drop=0.10] Module activity saved to checkpoints/public_full_20260508_143744/math2_full/module_activity.json
2026-05-08 14:40:15,293 - INFO - Using device: cuda:0 (physical gpu 2)
2026-05-08 14:40:15,294 - INFO - Loading model from checkpoints/public_full_20260508_143744/math2_full/best_model.pth...
2026-05-08 14:40:15,343 - INFO - [Inference Filter] before=7822, after=7822, dropped=0, coverage=100.00% (train-only seen student/item support)
2026-05-08 14:40:15,348 - INFO - Inference switches: ablate_module1=False | enable_module1=True | use_concept_graph=True | effective(num_gnn_layers=1)
2026-05-08 14:40:15,389 - INFO - [Inference] Ablation runtime check: args(ablate_module1=False) | expect(use_concept_graph=True,use_personal_graph=True) | model(enable_module1=True,use_concept_graph=True,use_personal_graph=True) | physical(has_knowledge_encoder=True,has_relation_learning=True,has_adaptive_gate=True,has_personal_generator=True)
2026-05-08 14:40:15,390 - INFO - [Inference] [Graph Init] graph_tau_mean=1.0055, graph_tau_std=0.0000, graph_dropout=0.000, item_beta=0.5775±0.2200, seq_beta=0.5775±0.2200, self_loop_logit=0.7500, use_personal_graph=True
2026-05-08 14:40:15,391 - INFO - Model loaded from epoch 2. Start testing...
[GPU] Status: [GPU 2: 23539MiB free]
2026-05-08 14:40:17,530 - INFO - 
==================================================
2026-05-08 14:40:17,530 - INFO - Test Results:
2026-05-08 14:40:17,530 - INFO - AUC: 0.7734
2026-05-08 14:40:17,531 - INFO - ACC: 0.6960
2026-05-08 14:40:17,531 - INFO - RMSE: 0.4403
2026-05-08 14:40:17,531 - INFO - ==================================================
2026-05-08 14:40:17,563 - INFO - Summary appended to /home/zsh/ConceptSkillCDM/results/experiment_results.csv
2026-05-08 14:40:17,626 - INFO - Run completed.
2026-05-08 14:40:17,627 - INFO - Best validation AUC: 0.7781 at epoch 2
2026-05-08 14:40:17,627 - INFO - Test metrics - AUC: 0.7734, ACC: 0.6960, RMSE: 0.4403
