2026-02-11 03:25:36,679 - INFO - Arguments:
2026-02-11 03:25:36,679 - INFO -   ablate_concept_graph: False
2026-02-11 03:25:36,679 - INFO -   ablate_module1: False
2026-02-11 03:25:36,679 - INFO -   ablate_module2: False
2026-02-11 03:25:36,679 - INFO -   ablate_module3: False
2026-02-11 03:25:36,679 - INFO -   ablate_skill_encoder: False
2026-02-11 03:25:36,680 - INFO -   ablate_soft_prototype: True
2026-02-11 03:25:36,680 - INFO -   allow_self_loop: True
2026-02-11 03:25:36,680 - INFO -   batch_size: 128
2026-02-11 03:25:36,680 - INFO -   data_dir: ./data/assist_09
2026-02-11 03:25:36,680 - INFO -   dataset_name: assist_09
2026-02-11 03:25:36,680 - INFO -   debug_module3_diag: True
2026-02-11 03:25:36,680 - INFO -   diag_batches: 2
2026-02-11 03:25:36,680 - INFO -   disable_q_aligned_residual: False
2026-02-11 03:25:36,680 - INFO -   disable_q_conditioning: False
2026-02-11 03:25:36,680 - INFO -   disable_self_loop: False
2026-02-11 03:25:36,680 - INFO -   disable_soft_prototype: True
2026-02-11 03:25:36,680 - INFO -   dropout: 0.2
2026-02-11 03:25:36,680 - INFO -   early_stop_patience: 3
2026-02-11 03:25:36,680 - INFO -   enable_module1: True
2026-02-11 03:25:36,680 - INFO -   enable_module2: True
2026-02-11 03:25:36,680 - INFO -   enable_module3: True
2026-02-11 03:25:36,680 - INFO -   enable_soft_prototype: False
2026-02-11 03:25:36,680 - INFO -   epochs: 30
2026-02-11 03:25:36,680 - INFO -   exercise_dim: 64
2026-02-11 03:25:36,680 - INFO -   exercise_l2_lambda: 5e-05
2026-02-11 03:25:36,680 - INFO -   fusion_gate_bias_init: -2.0
2026-02-11 03:25:36,680 - INFO -   fusion_gate_max: 0.4
2026-02-11 03:25:36,680 - INFO -   generate_diagnosis: False
2026-02-11 03:25:36,680 - INFO -   gnn_residual_weight: 0.5
2026-02-11 03:25:36,680 - INFO -   gpu_candidates: None
2026-02-11 03:25:36,680 - INFO -   gpu_ids: None
2026-02-11 03:25:36,680 - INFO -   gpu_memory_threshold: 2000
2026-02-11 03:25:36,680 - INFO -   gpus: None
2026-02-11 03:25:36,680 - INFO -   graph_topk: None
2026-02-11 03:25:36,680 - INFO -   knowledge_dim: 64
2026-02-11 03:25:36,680 - INFO -   lambda_alpha: 0.01
2026-02-11 03:25:36,680 - INFO -   lambda_proto_div: 0.0
2026-02-11 03:25:36,680 - INFO -   lambda_proto_usage: 0.0
2026-02-11 03:25:36,680 - INFO -   lambda_sparse: 0.03
2026-02-11 03:25:36,680 - INFO -   lambda_sparse_personal: 0.005
2026-02-11 03:25:36,680 - INFO -   learning_rate: 0.0003
2026-02-11 03:25:36,680 - INFO -   log_dir: logs/assist_09_m3grid/seed42/s0p03_bm2_full
2026-02-11 03:25:36,680 - INFO -   min_exer_interactions: 0
2026-02-11 03:25:36,680 - INFO -   min_poison_count: 0
2026-02-11 03:25:36,680 - INFO -   min_stu_interactions: 15
2026-02-11 03:25:36,681 - INFO -   model_variant: assist_09_m3grid_s0p03_bm2_full
2026-02-11 03:25:36,681 - INFO -   multi_gpu: False
2026-02-11 03:25:36,681 - INFO -   no_cuda: False
2026-02-11 03:25:36,681 - INFO -   num_gnn_layers: 1
2026-02-11 03:25:36,681 - INFO -   num_gpus: 1
2026-02-11 03:25:36,681 - INFO -   num_prototypes: 0
2026-02-11 03:25:36,681 - INFO -   num_relation_heads: 2
2026-02-11 03:25:36,681 - INFO -   num_workers: 4
2026-02-11 03:25:36,681 - INFO -   patience: 5
2026-02-11 03:25:36,681 - INFO -   personal_rank: 4
2026-02-11 03:25:36,681 - INFO -   proto_lambda: 0.0
2026-02-11 03:25:36,681 - INFO -   proto_tau: 1.0
2026-02-11 03:25:36,681 - INFO -   residual_clip_t: 2.0
2026-02-11 03:25:36,681 - INFO -   save_dir: checkpoints/assist_09_m3grid/seed42/s0p03_bm2_full
2026-02-11 03:25:36,681 - INFO -   save_interval: 10
2026-02-11 03:25:36,681 - INFO -   seed: 42
2026-02-11 03:25:36,681 - INFO -   skill_dim: 128
2026-02-11 03:25:36,681 - INFO -   use_concept_graph: True
2026-02-11 03:25:36,681 - INFO -   use_exercise_graph: True
2026-02-11 03:25:36,681 - INFO -   use_mf_branch: True
2026-02-11 03:25:36,681 - INFO -   use_personal_graph: True
2026-02-11 03:25:36,681 - INFO -   use_q_aligned_residual: True
2026-02-11 03:25:36,681 - INFO -   use_q_conditioning: True
2026-02-11 03:25:36,681 - INFO -   use_skill_encoder: True
2026-02-11 03:25:36,681 - INFO -   use_soft_prototype: False
2026-02-11 03:25:36,681 - INFO -   use_soft_prototype_main_path: False
2026-02-11 03:25:36,681 - INFO -   weight_decay: 1e-05
2026-02-11 03:25:36,771 - INFO - Using device: cuda:0 (physical gpu 3)
2026-02-11 03:25:36,771 - INFO - [assist_09|assist_09_m3grid_s0p03_bm2_full|lr=0.0003|drop=0.20] Loading datasets...
2026-02-11 03:25:36,772 - INFO - [assist_09|assist_09_m3grid_s0p03_bm2_full|lr=0.0003|drop=0.20] Regularization: graph_entropy(lambda_sparse)=0.030000, proto_div=0.000000, proto_usage=0.000000, personal_sparse=0.005000, alpha_penalty=0.010000, mf_l2(exercise_l2_lambda)=0.000050
2026-02-11 03:25:36,863 - INFO - [数据清洗] 学生交互次数 < 15 次的学生：共移除 0 个学生（仅统计用户数）
2026-02-11 03:25:36,872 - INFO - [数据清洗] 学生冷启动过滤：在 train/valid/test 中共删除 0 条记录。
2026-02-11 03:25:36,873 - INFO - [数据清洗] 跳过题目冷门过滤（min_exer_interactions <= 0）。
2026-02-11 03:25:36,873 - INFO - [数据清洗] 跳过毒题清洗（min_poison_count <= 0）。
2026-02-11 03:25:49,232 - INFO - [assist_09|assist_09_m3grid_s0p03_bm2_full|lr=0.0003|drop=0.20] Train samples: 194489, Val samples: 20385
2026-02-11 03:25:49,232 - INFO - [assist_09|assist_09_m3grid_s0p03_bm2_full|lr=0.0003|drop=0.20] Number of students: 2493
2026-02-11 03:25:49,232 - INFO - [assist_09|assist_09_m3grid_s0p03_bm2_full|lr=0.0003|drop=0.20] Number of exercises: 17676
2026-02-11 03:25:49,232 - INFO - [assist_09|assist_09_m3grid_s0p03_bm2_full|lr=0.0003|drop=0.20] Number of concepts: 123
2026-02-11 03:25:49,232 - INFO - [assist_09|assist_09_m3grid_s0p03_bm2_full|lr=0.0003|drop=0.20] Creating model...
2026-02-11 03:25:49,232 - INFO - [assist_09|assist_09_m3grid_s0p03_bm2_full|lr=0.0003|drop=0.20] Ablation switches: ablate_module1=False, ablate_module2=False, ablate_module3=False | enable_module1=True, enable_module2=True, enable_module3=True | use_soft_prototype=False, use_mf_branch=True, use_concept_graph=True, use_q_aligned_residual=True, use_soft_prototype_main_path=False | effective(num_gnn_layers=1, num_prototypes=0)
2026-02-11 03:25:49,508 - INFO - [assist_09|assist_09_m3grid_s0p03_bm2_full|lr=0.0003|drop=0.20] Ablation runtime check: args(ablate_module1=False,ablate_module2=False,ablate_module3=False) | model(enable_module1=True,enable_module2=True,enable_module3=True) | physical(has_knowledge_encoder=True,has_mf_branch=True,has_soft_prototype=False)
2026-02-11 03:25:49,508 - INFO - [assist_09|assist_09_m3grid_s0p03_bm2_full|lr=0.0003|drop=0.20] Debug diagnostics enabled: diag_batches=2
2026-02-11 03:25:49,508 - INFO - [assist_09|assist_09_m3grid_s0p03_bm2_full|lr=0.0003|drop=0.20] Total parameters: 652,399
2026-02-11 03:25:49,508 - INFO - [assist_09|assist_09_m3grid_s0p03_bm2_full|lr=0.0003|drop=0.20] Trainable parameters: 652,399
2026-02-11 03:25:50,732 - INFO - [assist_09|assist_09_m3grid_s0p03_bm2_full|lr=0.0003|drop=0.20] Starting training...
2026-02-11 03:26:24,130 - INFO - [assist_09|assist_09_m3grid_s0p03_bm2_full|lr=0.0003|drop=0.20] Epoch [001/30] | Train: Loss=0.7366, BCE=0.5879, Reg=0.1486, AUC=0.6894, ACC=0.6947, RMSE=0.4483 | Val: Loss=0.7126, BCE=0.5648, Reg=0.1478, AUC=0.7304, ACC=0.7139, RMSE=0.4371
2026-02-11 03:26:24,130 - INFO - [assist_09|assist_09_m3grid_s0p03_bm2_full|lr=0.0003|drop=0.20] [Reg Terms] Epoch [001] | Train: graph_entropy=0.137642, mf_l2=0.000002, proto_div=0.000000, proto_usage=0.000000, personal_sparse=0.012748, alpha_var=-0.001767, reg_bce_ratio=0.2528 | Val: graph_entropy=0.144366, mf_l2=0.000005, proto_div=0.000000, proto_usage=0.000000, personal_sparse=0.004962, alpha_var=-0.001523, reg_bce_ratio=0.2617
2026-02-11 03:26:24,320 - INFO - [assist_09|assist_09_m3grid_s0p03_bm2_full|lr=0.0003|drop=0.20] [Diag][M3] Epoch [001] | residual_abs_mean=0.1690, residual_std=0.1159, mf_abs_mean=0.1690, mf_std=0.1159, gate_mean=0.0875, gate_std=0.0120, irt_abs_mean=1.3102, irt_std=0.5724, delta_abs_mean=0.0152, delta_std=0.0114, delta_over_irt=0.0116, graph_row_entropy=4.8122, graph_entropy_ratio=1.0000, alpha_mean=0.1601, alpha_std=0.3649, personal_row_entropy=0.6825
2026-02-11 03:26:24,320 - INFO - [assist_09|assist_09_m3grid_s0p03_bm2_full|lr=0.0003|drop=0.20] [Grad Norms] Epoch [001] | mf_u_proj=0.002409, mf_v_proj=0.002507, fusion_gate=0.000673, q_gate_raw=0.000084, skill_latent=0.013541
2026-02-11 03:26:24,567 - INFO - [assist_09|assist_09_m3grid_s0p03_bm2_full|lr=0.0003|drop=0.20] -> New best AUC=0.7304 at epoch 1
2026-02-11 03:26:57,314 - INFO - [assist_09|assist_09_m3grid_s0p03_bm2_full|lr=0.0003|drop=0.20] Epoch [002/30] | Train: Loss=0.6869, BCE=0.5477, Reg=0.1391, AUC=0.7485, ACC=0.7244, RMSE=0.4290 | Val: Loss=0.7060, BCE=0.5602, Reg=0.1458, AUC=0.7366, ACC=0.7157, RMSE=0.4351
2026-02-11 03:26:57,314 - INFO - [assist_09|assist_09_m3grid_s0p03_bm2_full|lr=0.0003|drop=0.20] [Reg Terms] Epoch [002] | Train: graph_entropy=0.137640, mf_l2=0.000012, proto_div=0.000000, proto_usage=0.000000, personal_sparse=0.003812, alpha_var=-0.002339, reg_bce_ratio=0.2540 | Val: graph_entropy=0.144366, mf_l2=0.000018, proto_div=0.000000, proto_usage=0.000000, personal_sparse=0.002976, alpha_var=-0.001564, reg_bce_ratio=0.2603
2026-02-11 03:26:57,509 - INFO - [assist_09|assist_09_m3grid_s0p03_bm2_full|lr=0.0003|drop=0.20] [Diag][M3] Epoch [002] | residual_abs_mean=0.2597, residual_std=0.1757, mf_abs_mean=0.2597, mf_std=0.1757, gate_mean=0.1634, gate_std=0.0391, irt_abs_mean=1.3272, irt_std=0.5848, delta_abs_mean=0.0435, delta_std=0.0353, delta_over_irt=0.0328, graph_row_entropy=4.8122, graph_entropy_ratio=1.0000, alpha_mean=0.1616, alpha_std=0.3659, personal_row_entropy=0.5793
2026-02-11 03:26:57,509 - INFO - [assist_09|assist_09_m3grid_s0p03_bm2_full|lr=0.0003|drop=0.20] [Grad Norms] Epoch [002] | mf_u_proj=0.005367, mf_v_proj=0.005832, fusion_gate=0.001780, q_gate_raw=0.000881, skill_latent=0.026921
2026-02-11 03:26:57,838 - INFO - [assist_09|assist_09_m3grid_s0p03_bm2_full|lr=0.0003|drop=0.20] -> New best AUC=0.7366 at epoch 2
2026-02-11 03:27:30,383 - INFO - [assist_09|assist_09_m3grid_s0p03_bm2_full|lr=0.0003|drop=0.20] Epoch [003/30] | Train: Loss=0.6703, BCE=0.5325, Reg=0.1378, AUC=0.7669, ACC=0.7334, RMSE=0.4221 | Val: Loss=0.7031, BCE=0.5582, Reg=0.1449, AUC=0.7422, ACC=0.7200, RMSE=0.4339
2026-02-11 03:27:30,384 - INFO - [assist_09|assist_09_m3grid_s0p03_bm2_full|lr=0.0003|drop=0.20] [Reg Terms] Epoch [003] | Train: graph_entropy=0.137638, mf_l2=0.000030, proto_div=0.000000, proto_usage=0.000000, personal_sparse=0.002552, alpha_var=-0.002389, reg_bce_ratio=0.2588 | Val: graph_entropy=0.144366, mf_l2=0.000038, proto_div=0.000000, proto_usage=0.000000, personal_sparse=0.002114, alpha_var=-0.001599, reg_bce_ratio=0.2596
2026-02-11 03:27:30,565 - INFO - [assist_09|assist_09_m3grid_s0p03_bm2_full|lr=0.0003|drop=0.20] [Diag][M3] Epoch [003] | residual_abs_mean=0.3381, residual_std=0.2203, mf_abs_mean=0.3381, mf_std=0.2203, gate_mean=0.2578, gate_std=0.0604, irt_abs_mean=1.4325, irt_std=0.6024, delta_abs_mean=0.0887, delta_std=0.0677, delta_over_irt=0.0619, graph_row_entropy=4.8122, graph_entropy_ratio=1.0000, alpha_mean=0.1630, alpha_std=0.3649, personal_row_entropy=0.4939
2026-02-11 03:27:30,565 - INFO - [assist_09|assist_09_m3grid_s0p03_bm2_full|lr=0.0003|drop=0.20] [Grad Norms] Epoch [003] | mf_u_proj=0.008490, mf_v_proj=0.008533, fusion_gate=0.003524, q_gate_raw=0.001679, skill_latent=0.036098
2026-02-11 03:27:30,918 - INFO - [assist_09|assist_09_m3grid_s0p03_bm2_full|lr=0.0003|drop=0.20] -> New best AUC=0.7422 at epoch 3
2026-02-11 03:28:03,627 - INFO - [assist_09|assist_09_m3grid_s0p03_bm2_full|lr=0.0003|drop=0.20] Epoch [004/30] | Train: Loss=0.6568, BCE=0.5196, Reg=0.1372, AUC=0.7829, ACC=0.7395, RMSE=0.4163 | Val: Loss=0.6978, BCE=0.5532, Reg=0.1445, AUC=0.7473, ACC=0.7221, RMSE=0.4316
2026-02-11 03:28:03,627 - INFO - [assist_09|assist_09_m3grid_s0p03_bm2_full|lr=0.0003|drop=0.20] [Reg Terms] Epoch [004] | Train: graph_entropy=0.137637, mf_l2=0.000052, proto_div=0.000000, proto_usage=0.000000, personal_sparse=0.001916, alpha_var=-0.002412, reg_bce_ratio=0.2640 | Val: graph_entropy=0.144366, mf_l2=0.000061, proto_div=0.000000, proto_usage=0.000000, personal_sparse=0.001696, alpha_var=-0.001595, reg_bce_ratio=0.2612
2026-02-11 03:28:03,831 - INFO - [assist_09|assist_09_m3grid_s0p03_bm2_full|lr=0.0003|drop=0.20] [Diag][M3] Epoch [004] | residual_abs_mean=0.4004, residual_std=0.2543, mf_abs_mean=0.4004, mf_std=0.2543, gate_mean=0.3159, gate_std=0.0679, irt_abs_mean=1.4381, irt_std=0.6223, delta_abs_mean=0.1268, delta_std=0.0897, delta_over_irt=0.0881, graph_row_entropy=4.8122, graph_entropy_ratio=1.0000, alpha_mean=0.1619, alpha_std=0.3645, personal_row_entropy=0.5331
2026-02-11 03:28:03,832 - INFO - [assist_09|assist_09_m3grid_s0p03_bm2_full|lr=0.0003|drop=0.20] [Grad Norms] Epoch [004] | mf_u_proj=0.017880, mf_v_proj=0.017598, fusion_gate=0.001969, q_gate_raw=0.001849, skill_latent=0.066938
2026-02-11 03:28:04,139 - INFO - [assist_09|assist_09_m3grid_s0p03_bm2_full|lr=0.0003|drop=0.20] -> New best AUC=0.7473 at epoch 4
2026-02-11 03:28:36,897 - INFO - [assist_09|assist_09_m3grid_s0p03_bm2_full|lr=0.0003|drop=0.20] Epoch [005/30] | Train: Loss=0.6440, BCE=0.5072, Reg=0.1369, AUC=0.7974, ACC=0.7465, RMSE=0.4106 | Val: Loss=0.6943, BCE=0.5501, Reg=0.1442, AUC=0.7514, ACC=0.7237, RMSE=0.4300
2026-02-11 03:28:36,897 - INFO - [assist_09|assist_09_m3grid_s0p03_bm2_full|lr=0.0003|drop=0.20] [Reg Terms] Epoch [005] | Train: graph_entropy=0.137640, mf_l2=0.000075, proto_div=0.000000, proto_usage=0.000000, personal_sparse=0.001578, alpha_var=-0.002420, reg_bce_ratio=0.2699 | Val: graph_entropy=0.144366, mf_l2=0.000082, proto_div=0.000000, proto_usage=0.000000, personal_sparse=0.001382, alpha_var=-0.001589, reg_bce_ratio=0.2622
2026-02-11 03:28:37,074 - INFO - [assist_09|assist_09_m3grid_s0p03_bm2_full|lr=0.0003|drop=0.20] [Diag][M3] Epoch [005] | residual_abs_mean=0.4716, residual_std=0.3028, mf_abs_mean=0.4716, mf_std=0.3028, gate_mean=0.3481, gate_std=0.0628, irt_abs_mean=1.4473, irt_std=0.6313, delta_abs_mean=0.1637, delta_std=0.1127, delta_over_irt=0.1131, graph_row_entropy=4.8122, graph_entropy_ratio=1.0000, alpha_mean=0.1838, alpha_std=0.3833, personal_row_entropy=0.3328
2026-02-11 03:28:37,074 - INFO - [assist_09|assist_09_m3grid_s0p03_bm2_full|lr=0.0003|drop=0.20] [Grad Norms] Epoch [005] | mf_u_proj=0.024847, mf_v_proj=0.024128, fusion_gate=0.005052, q_gate_raw=0.002093, skill_latent=0.086242
2026-02-11 03:28:37,360 - INFO - [assist_09|assist_09_m3grid_s0p03_bm2_full|lr=0.0003|drop=0.20] -> New best AUC=0.7514 at epoch 5
2026-02-11 03:29:10,280 - INFO - [assist_09|assist_09_m3grid_s0p03_bm2_full|lr=0.0003|drop=0.20] Epoch [006/30] | Train: Loss=0.6334, BCE=0.4968, Reg=0.1366, AUC=0.8088, ACC=0.7527, RMSE=0.4059 | Val: Loss=0.6918, BCE=0.5478, Reg=0.1440, AUC=0.7550, ACC=0.7265, RMSE=0.4289
2026-02-11 03:29:10,280 - INFO - [assist_09|assist_09_m3grid_s0p03_bm2_full|lr=0.0003|drop=0.20] [Reg Terms] Epoch [006] | Train: graph_entropy=0.137640, mf_l2=0.000093, proto_div=0.000000, proto_usage=0.000000, personal_sparse=0.001302, alpha_var=-0.002419, reg_bce_ratio=0.2750 | Val: graph_entropy=0.144366, mf_l2=0.000100, proto_div=0.000000, proto_usage=0.000000, personal_sparse=0.001147, alpha_var=-0.001603, reg_bce_ratio=0.2629
2026-02-11 03:29:10,480 - INFO - [assist_09|assist_09_m3grid_s0p03_bm2_full|lr=0.0003|drop=0.20] [Diag][M3] Epoch [006] | residual_abs_mean=0.5170, residual_std=0.3468, mf_abs_mean=0.5170, mf_std=0.3468, gate_mean=0.3637, gate_std=0.0615, irt_abs_mean=1.4964, irt_std=0.6483, delta_abs_mean=0.1885, delta_std=0.1324, delta_over_irt=0.1260, graph_row_entropy=4.8122, graph_entropy_ratio=1.0000, alpha_mean=0.1842, alpha_std=0.3858, personal_row_entropy=0.3645
2026-02-11 03:29:10,480 - INFO - [assist_09|assist_09_m3grid_s0p03_bm2_full|lr=0.0003|drop=0.20] [Grad Norms] Epoch [006] | mf_u_proj=0.026462, mf_v_proj=0.027454, fusion_gate=0.003432, q_gate_raw=0.003586, skill_latent=0.091890
2026-02-11 03:29:10,799 - INFO - [assist_09|assist_09_m3grid_s0p03_bm2_full|lr=0.0003|drop=0.20] -> New best AUC=0.7550 at epoch 6
2026-02-11 03:29:43,684 - INFO - [assist_09|assist_09_m3grid_s0p03_bm2_full|lr=0.0003|drop=0.20] Epoch [007/30] | Train: Loss=0.6248, BCE=0.4884, Reg=0.1364, AUC=0.8170, ACC=0.7569, RMSE=0.4020 | Val: Loss=0.6914, BCE=0.5475, Reg=0.1439, AUC=0.7574, ACC=0.7271, RMSE=0.4283
2026-02-11 03:29:43,684 - INFO - [assist_09|assist_09_m3grid_s0p03_bm2_full|lr=0.0003|drop=0.20] [Reg Terms] Epoch [007] | Train: graph_entropy=0.137639, mf_l2=0.000111, proto_div=0.000000, proto_usage=0.000000, personal_sparse=0.001106, alpha_var=-0.002422, reg_bce_ratio=0.2793 | Val: graph_entropy=0.144366, mf_l2=0.000115, proto_div=0.000000, proto_usage=0.000000, personal_sparse=0.001030, alpha_var=-0.001601, reg_bce_ratio=0.2628
2026-02-11 03:29:43,878 - INFO - [assist_09|assist_09_m3grid_s0p03_bm2_full|lr=0.0003|drop=0.20] [Diag][M3] Epoch [007] | residual_abs_mean=0.5469, residual_std=0.3749, mf_abs_mean=0.5469, mf_std=0.3749, gate_mean=0.3733, gate_std=0.0567, irt_abs_mean=1.5642, irt_std=0.6908, delta_abs_mean=0.2038, delta_std=0.1461, delta_over_irt=0.1303, graph_row_entropy=4.8122, graph_entropy_ratio=1.0000, alpha_mean=0.1853, alpha_std=0.3845, personal_row_entropy=0.3432
2026-02-11 03:29:43,879 - INFO - [assist_09|assist_09_m3grid_s0p03_bm2_full|lr=0.0003|drop=0.20] [Grad Norms] Epoch [007] | mf_u_proj=0.038339, mf_v_proj=0.036703, fusion_gate=0.003644, q_gate_raw=0.000909, skill_latent=0.100637
2026-02-11 03:29:44,201 - INFO - [assist_09|assist_09_m3grid_s0p03_bm2_full|lr=0.0003|drop=0.20] -> New best AUC=0.7574 at epoch 7
2026-02-11 03:30:17,741 - INFO - [assist_09|assist_09_m3grid_s0p03_bm2_full|lr=0.0003|drop=0.20] Epoch [008/30] | Train: Loss=0.6167, BCE=0.4804, Reg=0.1363, AUC=0.8249, ACC=0.7615, RMSE=0.3984 | Val: Loss=0.6887, BCE=0.5448, Reg=0.1439, AUC=0.7599, ACC=0.7295, RMSE=0.4270
2026-02-11 03:30:17,741 - INFO - [assist_09|assist_09_m3grid_s0p03_bm2_full|lr=0.0003|drop=0.20] [Reg Terms] Epoch [008] | Train: graph_entropy=0.137639, mf_l2=0.000125, proto_div=0.000000, proto_usage=0.000000, personal_sparse=0.001007, alpha_var=-0.002423, reg_bce_ratio=0.2838 | Val: graph_entropy=0.144366, mf_l2=0.000128, proto_div=0.000000, proto_usage=0.000000, personal_sparse=0.000961, alpha_var=-0.001600, reg_bce_ratio=0.2640
2026-02-11 03:30:17,931 - INFO - [assist_09|assist_09_m3grid_s0p03_bm2_full|lr=0.0003|drop=0.20] [Diag][M3] Epoch [008] | residual_abs_mean=0.6046, residual_std=0.3890, mf_abs_mean=0.6046, mf_std=0.3890, gate_mean=0.3761, gate_std=0.0569, irt_abs_mean=1.5293, irt_std=0.7240, delta_abs_mean=0.2280, delta_std=0.1531, delta_over_irt=0.1491, graph_row_entropy=4.8122, graph_entropy_ratio=1.0000, alpha_mean=0.1856, alpha_std=0.3845, personal_row_entropy=0.2792
2026-02-11 03:30:17,932 - INFO - [assist_09|assist_09_m3grid_s0p03_bm2_full|lr=0.0003|drop=0.20] [Grad Norms] Epoch [008] | mf_u_proj=0.033197, mf_v_proj=0.034233, fusion_gate=0.001466, q_gate_raw=0.000161, skill_latent=0.097977
2026-02-11 03:30:18,165 - INFO - [assist_09|assist_09_m3grid_s0p03_bm2_full|lr=0.0003|drop=0.20] -> New best AUC=0.7599 at epoch 8
2026-02-11 03:30:51,919 - INFO - [assist_09|assist_09_m3grid_s0p03_bm2_full|lr=0.0003|drop=0.20] Epoch [009/30] | Train: Loss=0.6095, BCE=0.4733, Reg=0.1362, AUC=0.8315, ACC=0.7660, RMSE=0.3951 | Val: Loss=0.6878, BCE=0.5440, Reg=0.1437, AUC=0.7615, ACC=0.7307, RMSE=0.4266
2026-02-11 03:30:51,920 - INFO - [assist_09|assist_09_m3grid_s0p03_bm2_full|lr=0.0003|drop=0.20] [Reg Terms] Epoch [009] | Train: graph_entropy=0.137639, mf_l2=0.000139, proto_div=0.000000, proto_usage=0.000000, personal_sparse=0.000896, alpha_var=-0.002425, reg_bce_ratio=0.2879 | Val: graph_entropy=0.144366, mf_l2=0.000142, proto_div=0.000000, proto_usage=0.000000, personal_sparse=0.000821, alpha_var=-0.001596, reg_bce_ratio=0.2642
2026-02-11 03:30:52,127 - INFO - [assist_09|assist_09_m3grid_s0p03_bm2_full|lr=0.0003|drop=0.20] [Diag][M3] Epoch [009] | residual_abs_mean=0.6433, residual_std=0.4182, mf_abs_mean=0.6433, mf_std=0.4182, gate_mean=0.3804, gate_std=0.0539, irt_abs_mean=1.5285, irt_std=0.7276, delta_abs_mean=0.2446, delta_std=0.1648, delta_over_irt=0.1600, graph_row_entropy=4.8122, graph_entropy_ratio=1.0000, alpha_mean=0.1930, alpha_std=0.3866, personal_row_entropy=0.2064
2026-02-11 03:30:52,127 - INFO - [assist_09|assist_09_m3grid_s0p03_bm2_full|lr=0.0003|drop=0.20] [Grad Norms] Epoch [009] | mf_u_proj=0.034592, mf_v_proj=0.033245, fusion_gate=0.000686, q_gate_raw=0.001279, skill_latent=0.090823
2026-02-11 03:30:52,441 - INFO - [assist_09|assist_09_m3grid_s0p03_bm2_full|lr=0.0003|drop=0.20] -> New best AUC=0.7615 at epoch 9
2026-02-11 03:31:26,213 - INFO - [assist_09|assist_09_m3grid_s0p03_bm2_full|lr=0.0003|drop=0.20] Epoch [010/30] | Train: Loss=0.6037, BCE=0.4675, Reg=0.1362, AUC=0.8367, ACC=0.7687, RMSE=0.3924 | Val: Loss=0.6897, BCE=0.5460, Reg=0.1437, AUC=0.7626, ACC=0.7314, RMSE=0.4270
2026-02-11 03:31:26,214 - INFO - [assist_09|assist_09_m3grid_s0p03_bm2_full|lr=0.0003|drop=0.20] [Reg Terms] Epoch [010] | Train: graph_entropy=0.137642, mf_l2=0.000152, proto_div=0.000000, proto_usage=0.000000, personal_sparse=0.000819, alpha_var=-0.002428, reg_bce_ratio=0.2913 | Val: graph_entropy=0.144366, mf_l2=0.000155, proto_div=0.000000, proto_usage=0.000000, personal_sparse=0.000752, alpha_var=-0.001610, reg_bce_ratio=0.2631
2026-02-11 03:31:26,421 - INFO - [assist_09|assist_09_m3grid_s0p03_bm2_full|lr=0.0003|drop=0.20] [Diag][M3] Epoch [010] | residual_abs_mean=0.7029, residual_std=0.4433, mf_abs_mean=0.7029, mf_std=0.4433, gate_mean=0.3839, gate_std=0.0508, irt_abs_mean=1.6407, irt_std=0.7547, delta_abs_mean=0.2702, delta_std=0.1761, delta_over_irt=0.1647, graph_row_entropy=4.8122, graph_entropy_ratio=1.0000, alpha_mean=0.1889, alpha_std=0.3869, personal_row_entropy=0.2447
2026-02-11 03:31:26,421 - WARNING - [assist_09|assist_09_m3grid_s0p03_bm2_full|lr=0.0003|drop=0.20] [Diag Warning][M3] delta_over_irt has stayed high for 2 epoch(s): delta_over_irt=0.1647, delta_abs_mean=0.2702
2026-02-11 03:31:26,421 - INFO - [assist_09|assist_09_m3grid_s0p03_bm2_full|lr=0.0003|drop=0.20] [Grad Norms] Epoch [010] | mf_u_proj=0.038951, mf_v_proj=0.041428, fusion_gate=0.002120, q_gate_raw=0.001341, skill_latent=0.100842
2026-02-11 03:31:26,728 - INFO - [assist_09|assist_09_m3grid_s0p03_bm2_full|lr=0.0003|drop=0.20] -> New best AUC=0.7626 at epoch 10
2026-02-11 03:31:26,764 - INFO - [assist_09|assist_09_m3grid_s0p03_bm2_full|lr=0.0003|drop=0.20] Checkpoint saved: checkpoints/assist_09_m3grid/seed42/s0p03_bm2_full/checkpoint_epoch_10.pth
2026-02-11 03:31:26,943 - INFO - [assist_09|assist_09_m3grid_s0p03_bm2_full|lr=0.0003|drop=0.20] [Module Activity] Epoch 10: Graph✗ Personal✓ MF✓
2026-02-11 03:32:01,091 - INFO - [assist_09|assist_09_m3grid_s0p03_bm2_full|lr=0.0003|drop=0.20] Epoch [011/30] | Train: Loss=0.5976, BCE=0.4615, Reg=0.1361, AUC=0.8416, ACC=0.7721, RMSE=0.3897 | Val: Loss=0.6868, BCE=0.5432, Reg=0.1437, AUC=0.7636, ACC=0.7319, RMSE=0.4256
2026-02-11 03:32:01,092 - INFO - [assist_09|assist_09_m3grid_s0p03_bm2_full|lr=0.0003|drop=0.20] [Reg Terms] Epoch [011] | Train: graph_entropy=0.137636, mf_l2=0.000165, proto_div=0.000000, proto_usage=0.000000, personal_sparse=0.000758, alpha_var=-0.002431, reg_bce_ratio=0.2950 | Val: graph_entropy=0.144366, mf_l2=0.000167, proto_div=0.000000, proto_usage=0.000000, personal_sparse=0.000719, alpha_var=-0.001595, reg_bce_ratio=0.2645
2026-02-11 03:32:01,289 - INFO - [assist_09|assist_09_m3grid_s0p03_bm2_full|lr=0.0003|drop=0.20] [Diag][M3] Epoch [011] | residual_abs_mean=0.7492, residual_std=0.4700, mf_abs_mean=0.7492, mf_std=0.4700, gate_mean=0.3835, gate_std=0.0504, irt_abs_mean=1.5108, irt_std=0.7685, delta_abs_mean=0.2863, delta_std=0.1861, delta_over_irt=0.1895, graph_row_entropy=4.8122, graph_entropy_ratio=1.0000, alpha_mean=0.1881, alpha_std=0.3878, personal_row_entropy=0.1834
2026-02-11 03:32:01,289 - WARNING - [assist_09|assist_09_m3grid_s0p03_bm2_full|lr=0.0003|drop=0.20] [Diag Warning][M3] delta_over_irt has stayed high for 3 epoch(s): delta_over_irt=0.1895, delta_abs_mean=0.2863
2026-02-11 03:32:01,289 - INFO - [assist_09|assist_09_m3grid_s0p03_bm2_full|lr=0.0003|drop=0.20] [Grad Norms] Epoch [011] | mf_u_proj=0.033551, mf_v_proj=0.033999, fusion_gate=0.000784, q_gate_raw=0.000351, skill_latent=0.093359
2026-02-11 03:32:01,608 - INFO - [assist_09|assist_09_m3grid_s0p03_bm2_full|lr=0.0003|drop=0.20] -> New best AUC=0.7636 at epoch 11
2026-02-11 03:32:35,625 - INFO - [assist_09|assist_09_m3grid_s0p03_bm2_full|lr=0.0003|drop=0.20] Epoch [012/30] | Train: Loss=0.5930, BCE=0.4570, Reg=0.1361, AUC=0.8453, ACC=0.7756, RMSE=0.3875 | Val: Loss=0.6867, BCE=0.5431, Reg=0.1436, AUC=0.7650, ACC=0.7318, RMSE=0.4254
2026-02-11 03:32:35,626 - INFO - [assist_09|assist_09_m3grid_s0p03_bm2_full|lr=0.0003|drop=0.20] [Reg Terms] Epoch [012] | Train: graph_entropy=0.137640, mf_l2=0.000177, proto_div=0.000000, proto_usage=0.000000, personal_sparse=0.000702, alpha_var=-0.002428, reg_bce_ratio=0.2978 | Val: graph_entropy=0.144366, mf_l2=0.000180, proto_div=0.000000, proto_usage=0.000000, personal_sparse=0.000654, alpha_var=-0.001590, reg_bce_ratio=0.2644
2026-02-11 03:32:35,893 - INFO - [assist_09|assist_09_m3grid_s0p03_bm2_full|lr=0.0003|drop=0.20] [Diag][M3] Epoch [012] | residual_abs_mean=0.7882, residual_std=0.4855, mf_abs_mean=0.7882, mf_std=0.4855, gate_mean=0.3876, gate_std=0.0422, irt_abs_mean=1.5602, irt_std=0.7826, delta_abs_mean=0.3050, delta_std=0.1923, delta_over_irt=0.1955, graph_row_entropy=4.8122, graph_entropy_ratio=1.0000, alpha_mean=0.1889, alpha_std=0.3880, personal_row_entropy=0.1985
2026-02-11 03:32:35,893 - WARNING - [assist_09|assist_09_m3grid_s0p03_bm2_full|lr=0.0003|drop=0.20] [Diag Warning][M3] delta_over_irt has stayed high for 4 epoch(s): delta_over_irt=0.1955, delta_abs_mean=0.3050
2026-02-11 03:32:35,893 - INFO - [assist_09|assist_09_m3grid_s0p03_bm2_full|lr=0.0003|drop=0.20] [Grad Norms] Epoch [012] | mf_u_proj=0.048511, mf_v_proj=0.049800, fusion_gate=0.000970, q_gate_raw=0.000772, skill_latent=0.127913
2026-02-11 03:32:36,181 - INFO - [assist_09|assist_09_m3grid_s0p03_bm2_full|lr=0.0003|drop=0.20] -> New best AUC=0.7650 at epoch 12
2026-02-11 03:33:10,058 - INFO - [assist_09|assist_09_m3grid_s0p03_bm2_full|lr=0.0003|drop=0.20] Epoch [013/30] | Train: Loss=0.5887, BCE=0.4527, Reg=0.1361, AUC=0.8485, ACC=0.7780, RMSE=0.3855 | Val: Loss=0.6873, BCE=0.5437, Reg=0.1436, AUC=0.7646, ACC=0.7313, RMSE=0.4258
2026-02-11 03:33:10,058 - INFO - [assist_09|assist_09_m3grid_s0p03_bm2_full|lr=0.0003|drop=0.20] [Reg Terms] Epoch [013] | Train: graph_entropy=0.137639, mf_l2=0.000189, proto_div=0.000000, proto_usage=0.000000, personal_sparse=0.000658, alpha_var=-0.002423, reg_bce_ratio=0.3006 | Val: graph_entropy=0.144366, mf_l2=0.000190, proto_div=0.000000, proto_usage=0.000000, personal_sparse=0.000609, alpha_var=-0.001578, reg_bce_ratio=0.2641
2026-02-11 03:33:10,278 - INFO - [assist_09|assist_09_m3grid_s0p03_bm2_full|lr=0.0003|drop=0.20] [Diag][M3] Epoch [013] | residual_abs_mean=0.8346, residual_std=0.4998, mf_abs_mean=0.8346, mf_std=0.4998, gate_mean=0.3875, gate_std=0.0439, irt_abs_mean=1.5395, irt_std=0.8029, delta_abs_mean=0.3234, delta_std=0.1993, delta_over_irt=0.2101, graph_row_entropy=4.8122, graph_entropy_ratio=1.0000, alpha_mean=0.1889, alpha_std=0.3861, personal_row_entropy=0.1922
2026-02-11 03:33:10,278 - WARNING - [assist_09|assist_09_m3grid_s0p03_bm2_full|lr=0.0003|drop=0.20] [Diag Warning][M3] delta_over_irt has stayed high for 5 epoch(s): delta_over_irt=0.2101, delta_abs_mean=0.3234
2026-02-11 03:33:10,278 - INFO - [assist_09|assist_09_m3grid_s0p03_bm2_full|lr=0.0003|drop=0.20] [Grad Norms] Epoch [013] | mf_u_proj=0.045299, mf_v_proj=0.044060, fusion_gate=0.000328, q_gate_raw=0.000110, skill_latent=0.108187
2026-02-11 03:33:10,278 - INFO - [assist_09|assist_09_m3grid_s0p03_bm2_full|lr=0.0003|drop=0.20] -> No improvement 1 epoch(s) (best AUC=0.7650 @ 12)
2026-02-11 03:33:39,126 - INFO - [assist_09|assist_09_m3grid_s0p03_bm2_full|lr=0.0003|drop=0.20] Epoch [014/30] | Train: Loss=0.5853, BCE=0.4493, Reg=0.1360, AUC=0.8513, ACC=0.7789, RMSE=0.3840 | Val: Loss=0.6889, BCE=0.5453, Reg=0.1436, AUC=0.7645, ACC=0.7326, RMSE=0.4261
2026-02-11 03:33:39,127 - INFO - [assist_09|assist_09_m3grid_s0p03_bm2_full|lr=0.0003|drop=0.20] [Reg Terms] Epoch [014] | Train: graph_entropy=0.137643, mf_l2=0.000199, proto_div=0.000000, proto_usage=0.000000, personal_sparse=0.000615, alpha_var=-0.002425, reg_bce_ratio=0.3028 | Val: graph_entropy=0.144366, mf_l2=0.000200, proto_div=0.000000, proto_usage=0.000000, personal_sparse=0.000578, alpha_var=-0.001572, reg_bce_ratio=0.2633
2026-02-11 03:33:39,312 - INFO - [assist_09|assist_09_m3grid_s0p03_bm2_full|lr=0.0003|drop=0.20] [Diag][M3] Epoch [014] | residual_abs_mean=0.8759, residual_std=0.5077, mf_abs_mean=0.8759, mf_std=0.5077, gate_mean=0.3890, gate_std=0.0410, irt_abs_mean=1.5977, irt_std=0.8376, delta_abs_mean=0.3405, delta_std=0.2031, delta_over_irt=0.2131, graph_row_entropy=4.8122, graph_entropy_ratio=1.0000, alpha_mean=0.1879, alpha_std=0.3878, personal_row_entropy=0.1270
2026-02-11 03:33:39,313 - WARNING - [assist_09|assist_09_m3grid_s0p03_bm2_full|lr=0.0003|drop=0.20] [Diag Warning][M3] delta_over_irt has stayed high for 6 epoch(s): delta_over_irt=0.2131, delta_abs_mean=0.3405
2026-02-11 03:33:39,313 - INFO - [assist_09|assist_09_m3grid_s0p03_bm2_full|lr=0.0003|drop=0.20] [Grad Norms] Epoch [014] | mf_u_proj=0.048832, mf_v_proj=0.049152, fusion_gate=0.002007, q_gate_raw=0.002070, skill_latent=0.122690
2026-02-11 03:33:39,313 - INFO - [assist_09|assist_09_m3grid_s0p03_bm2_full|lr=0.0003|drop=0.20] -> No improvement 2 epoch(s) (best AUC=0.7650 @ 12)
2026-02-11 03:34:05,592 - INFO - [assist_09|assist_09_m3grid_s0p03_bm2_full|lr=0.0003|drop=0.20] Epoch [015/30] | Train: Loss=0.5808, BCE=0.4448, Reg=0.1360, AUC=0.8545, ACC=0.7814, RMSE=0.3819 | Val: Loss=0.6896, BCE=0.5461, Reg=0.1435, AUC=0.7653, ACC=0.7316, RMSE=0.4259
2026-02-11 03:34:05,592 - INFO - [assist_09|assist_09_m3grid_s0p03_bm2_full|lr=0.0003|drop=0.20] [Reg Terms] Epoch [015] | Train: graph_entropy=0.137640, mf_l2=0.000211, proto_div=0.000000, proto_usage=0.000000, personal_sparse=0.000575, alpha_var=-0.002429, reg_bce_ratio=0.3057 | Val: graph_entropy=0.144366, mf_l2=0.000212, proto_div=0.000000, proto_usage=0.000000, personal_sparse=0.000526, alpha_var=-0.001569, reg_bce_ratio=0.2629
2026-02-11 03:34:05,795 - INFO - [assist_09|assist_09_m3grid_s0p03_bm2_full|lr=0.0003|drop=0.20] [Diag][M3] Epoch [015] | residual_abs_mean=0.9072, residual_std=0.5307, mf_abs_mean=0.9072, mf_std=0.5307, gate_mean=0.3893, gate_std=0.0392, irt_abs_mean=1.5947, irt_std=0.8454, delta_abs_mean=0.3537, delta_std=0.2119, delta_over_irt=0.2218, graph_row_entropy=4.8122, graph_entropy_ratio=1.0000, alpha_mean=0.1887, alpha_std=0.3887, personal_row_entropy=0.1323
2026-02-11 03:34:05,796 - WARNING - [assist_09|assist_09_m3grid_s0p03_bm2_full|lr=0.0003|drop=0.20] [Diag Warning][M3] delta_over_irt has stayed high for 7 epoch(s): delta_over_irt=0.2218, delta_abs_mean=0.3537
2026-02-11 03:34:05,796 - INFO - [assist_09|assist_09_m3grid_s0p03_bm2_full|lr=0.0003|drop=0.20] [Grad Norms] Epoch [015] | mf_u_proj=0.053365, mf_v_proj=0.052708, fusion_gate=0.002320, q_gate_raw=0.000560, skill_latent=0.128428
2026-02-11 03:34:06,169 - INFO - [assist_09|assist_09_m3grid_s0p03_bm2_full|lr=0.0003|drop=0.20] -> New best AUC=0.7653 at epoch 15
2026-02-11 03:34:40,601 - INFO - [assist_09|assist_09_m3grid_s0p03_bm2_full|lr=0.0003|drop=0.20] Epoch [016/30] | Train: Loss=0.5781, BCE=0.4421, Reg=0.1360, AUC=0.8562, ACC=0.7841, RMSE=0.3806 | Val: Loss=0.6913, BCE=0.5478, Reg=0.1435, AUC=0.7655, ACC=0.7303, RMSE=0.4265
2026-02-11 03:34:40,601 - INFO - [assist_09|assist_09_m3grid_s0p03_bm2_full|lr=0.0003|drop=0.20] [Reg Terms] Epoch [016] | Train: graph_entropy=0.137638, mf_l2=0.000221, proto_div=0.000000, proto_usage=0.000000, personal_sparse=0.000544, alpha_var=-0.002426, reg_bce_ratio=0.3076 | Val: graph_entropy=0.144366, mf_l2=0.000222, proto_div=0.000000, proto_usage=0.000000, personal_sparse=0.000510, alpha_var=-0.001567, reg_bce_ratio=0.2620
2026-02-11 03:34:40,795 - INFO - [assist_09|assist_09_m3grid_s0p03_bm2_full|lr=0.0003|drop=0.20] [Diag][M3] Epoch [016] | residual_abs_mean=0.9475, residual_std=0.5376, mf_abs_mean=0.9475, mf_std=0.5376, gate_mean=0.3919, gate_std=0.0335, irt_abs_mean=1.6080, irt_std=0.8630, delta_abs_mean=0.3713, delta_std=0.2153, delta_over_irt=0.2309, graph_row_entropy=4.8122, graph_entropy_ratio=1.0000, alpha_mean=0.1890, alpha_std=0.3889, personal_row_entropy=0.1152
2026-02-11 03:34:40,796 - WARNING - [assist_09|assist_09_m3grid_s0p03_bm2_full|lr=0.0003|drop=0.20] [Diag Warning][M3] delta_over_irt has stayed high for 8 epoch(s): delta_over_irt=0.2309, delta_abs_mean=0.3713
2026-02-11 03:34:40,796 - INFO - [assist_09|assist_09_m3grid_s0p03_bm2_full|lr=0.0003|drop=0.20] [Grad Norms] Epoch [016] | mf_u_proj=0.050634, mf_v_proj=0.052909, fusion_gate=0.001750, q_gate_raw=0.000831, skill_latent=0.122899
2026-02-11 03:34:41,120 - INFO - [assist_09|assist_09_m3grid_s0p03_bm2_full|lr=0.0003|drop=0.20] -> New best AUC=0.7655 at epoch 16
2026-02-11 03:35:12,713 - INFO - [assist_09|assist_09_m3grid_s0p03_bm2_full|lr=0.0003|drop=0.20] Epoch [017/30] | Train: Loss=0.5749, BCE=0.4390, Reg=0.1360, AUC=0.8585, ACC=0.7855, RMSE=0.3791 | Val: Loss=0.6914, BCE=0.5479, Reg=0.1435, AUC=0.7666, ACC=0.7343, RMSE=0.4261
2026-02-11 03:35:12,714 - INFO - [assist_09|assist_09_m3grid_s0p03_bm2_full|lr=0.0003|drop=0.20] [Reg Terms] Epoch [017] | Train: graph_entropy=0.137640, mf_l2=0.000232, proto_div=0.000000, proto_usage=0.000000, personal_sparse=0.000524, alpha_var=-0.002429, reg_bce_ratio=0.3097 | Val: graph_entropy=0.144366, mf_l2=0.000233, proto_div=0.000000, proto_usage=0.000000, personal_sparse=0.000501, alpha_var=-0.001574, reg_bce_ratio=0.2620
2026-02-11 03:35:12,938 - INFO - [assist_09|assist_09_m3grid_s0p03_bm2_full|lr=0.0003|drop=0.20] [Diag][M3] Epoch [017] | residual_abs_mean=0.9780, residual_std=0.5440, mf_abs_mean=0.9780, mf_std=0.5440, gate_mean=0.3932, gate_std=0.0297, irt_abs_mean=1.6366, irt_std=0.9014, delta_abs_mean=0.3843, delta_std=0.2171, delta_over_irt=0.2348, graph_row_entropy=4.8122, graph_entropy_ratio=1.0000, alpha_mean=0.1883, alpha_std=0.3892, personal_row_entropy=0.1506
2026-02-11 03:35:12,938 - WARNING - [assist_09|assist_09_m3grid_s0p03_bm2_full|lr=0.0003|drop=0.20] [Diag Warning][M3] delta_over_irt has stayed high for 9 epoch(s): delta_over_irt=0.2348, delta_abs_mean=0.3843
2026-02-11 03:35:12,938 - INFO - [assist_09|assist_09_m3grid_s0p03_bm2_full|lr=0.0003|drop=0.20] [Grad Norms] Epoch [017] | mf_u_proj=0.049634, mf_v_proj=0.052337, fusion_gate=0.003028, q_gate_raw=0.000420, skill_latent=0.117753
2026-02-11 03:35:13,323 - INFO - [assist_09|assist_09_m3grid_s0p03_bm2_full|lr=0.0003|drop=0.20] -> New best AUC=0.7666 at epoch 17
2026-02-11 03:35:47,012 - INFO - [assist_09|assist_09_m3grid_s0p03_bm2_full|lr=0.0003|drop=0.20] Epoch [018/30] | Train: Loss=0.5724, BCE=0.4364, Reg=0.1360, AUC=0.8603, ACC=0.7868, RMSE=0.3779 | Val: Loss=0.6912, BCE=0.5477, Reg=0.1435, AUC=0.7656, ACC=0.7312, RMSE=0.4262
2026-02-11 03:35:47,012 - INFO - [assist_09|assist_09_m3grid_s0p03_bm2_full|lr=0.0003|drop=0.20] [Reg Terms] Epoch [018] | Train: graph_entropy=0.137641, mf_l2=0.000241, proto_div=0.000000, proto_usage=0.000000, personal_sparse=0.000504, alpha_var=-0.002423, reg_bce_ratio=0.3116 | Val: graph_entropy=0.144366, mf_l2=0.000240, proto_div=0.000000, proto_usage=0.000000, personal_sparse=0.000484, alpha_var=-0.001564, reg_bce_ratio=0.2621
2026-02-11 03:35:47,214 - INFO - [assist_09|assist_09_m3grid_s0p03_bm2_full|lr=0.0003|drop=0.20] [Diag][M3] Epoch [018] | residual_abs_mean=1.0145, residual_std=0.5653, mf_abs_mean=1.0145, mf_std=0.5653, gate_mean=0.3939, gate_std=0.0242, irt_abs_mean=1.5801, irt_std=0.8745, delta_abs_mean=0.3996, delta_std=0.2253, delta_over_irt=0.2529, graph_row_entropy=4.8122, graph_entropy_ratio=1.0000, alpha_mean=0.1905, alpha_std=0.3886, personal_row_entropy=0.1079
2026-02-11 03:35:47,214 - WARNING - [assist_09|assist_09_m3grid_s0p03_bm2_full|lr=0.0003|drop=0.20] [Diag Warning][M3] delta_over_irt has stayed high for 10 epoch(s): delta_over_irt=0.2529, delta_abs_mean=0.3996
2026-02-11 03:35:47,214 - INFO - [assist_09|assist_09_m3grid_s0p03_bm2_full|lr=0.0003|drop=0.20] [Grad Norms] Epoch [018] | mf_u_proj=0.054046, mf_v_proj=0.055616, fusion_gate=0.001529, q_gate_raw=0.000930, skill_latent=0.121373
2026-02-11 03:35:47,214 - INFO - [assist_09|assist_09_m3grid_s0p03_bm2_full|lr=0.0003|drop=0.20] -> No improvement 1 epoch(s) (best AUC=0.7666 @ 17)
2026-02-11 03:36:21,488 - INFO - [assist_09|assist_09_m3grid_s0p03_bm2_full|lr=0.0003|drop=0.20] Epoch [019/30] | Train: Loss=0.5641, BCE=0.4281, Reg=0.1359, AUC=0.8671, ACC=0.7923, RMSE=0.3738 | Val: Loss=0.6951, BCE=0.5516, Reg=0.1435, AUC=0.7656, ACC=0.7325, RMSE=0.4270
2026-02-11 03:36:21,488 - INFO - [assist_09|assist_09_m3grid_s0p03_bm2_full|lr=0.0003|drop=0.20] [Reg Terms] Epoch [019] | Train: graph_entropy=0.137640, mf_l2=0.000248, proto_div=0.000000, proto_usage=0.000000, personal_sparse=0.000465, alpha_var=-0.002426, reg_bce_ratio=0.3175 | Val: graph_entropy=0.144366, mf_l2=0.000253, proto_div=0.000000, proto_usage=0.000000, personal_sparse=0.000427, alpha_var=-0.001570, reg_bce_ratio=0.2601
2026-02-11 03:36:21,684 - INFO - [assist_09|assist_09_m3grid_s0p03_bm2_full|lr=0.0003|drop=0.20] [Diag][M3] Epoch [019] | residual_abs_mean=1.0285, residual_std=0.5728, mf_abs_mean=1.0285, mf_std=0.5728, gate_mean=0.3943, gate_std=0.0253, irt_abs_mean=1.6730, irt_std=0.9163, delta_abs_mean=0.4056, delta_std=0.2287, delta_over_irt=0.2424, graph_row_entropy=4.8122, graph_entropy_ratio=1.0000, alpha_mean=0.1889, alpha_std=0.3891, personal_row_entropy=0.0967
2026-02-11 03:36:21,685 - WARNING - [assist_09|assist_09_m3grid_s0p03_bm2_full|lr=0.0003|drop=0.20] [Diag Warning][M3] delta_over_irt has stayed high for 11 epoch(s): delta_over_irt=0.2424, delta_abs_mean=0.4056
2026-02-11 03:36:21,685 - INFO - [assist_09|assist_09_m3grid_s0p03_bm2_full|lr=0.0003|drop=0.20] [Grad Norms] Epoch [019] | mf_u_proj=0.038245, mf_v_proj=0.036656, fusion_gate=0.002977, q_gate_raw=0.001580, skill_latent=0.128913
2026-02-11 03:36:21,685 - INFO - [assist_09|assist_09_m3grid_s0p03_bm2_full|lr=0.0003|drop=0.20] -> No improvement 2 epoch(s) (best AUC=0.7666 @ 17)
2026-02-11 03:36:55,839 - INFO - [assist_09|assist_09_m3grid_s0p03_bm2_full|lr=0.0003|drop=0.20] Epoch [020/30] | Train: Loss=0.5618, BCE=0.4259, Reg=0.1359, AUC=0.8684, ACC=0.7932, RMSE=0.3728 | Val: Loss=0.6960, BCE=0.5525, Reg=0.1435, AUC=0.7653, ACC=0.7311, RMSE=0.4272
2026-02-11 03:36:55,839 - INFO - [assist_09|assist_09_m3grid_s0p03_bm2_full|lr=0.0003|drop=0.20] [Reg Terms] Epoch [020] | Train: graph_entropy=0.137638, mf_l2=0.000260, proto_div=0.000000, proto_usage=0.000000, personal_sparse=0.000428, alpha_var=-0.002428, reg_bce_ratio=0.3191 | Val: graph_entropy=0.144366, mf_l2=0.000265, proto_div=0.000000, proto_usage=0.000000, personal_sparse=0.000400, alpha_var=-0.001569, reg_bce_ratio=0.2597
2026-02-11 03:36:56,042 - INFO - [assist_09|assist_09_m3grid_s0p03_bm2_full|lr=0.0003|drop=0.20] [Diag][M3] Epoch [020] | residual_abs_mean=1.0448, residual_std=0.5747, mf_abs_mean=1.0448, mf_std=0.5747, gate_mean=0.3944, gate_std=0.0252, irt_abs_mean=1.6811, irt_std=0.9343, delta_abs_mean=0.4123, delta_std=0.2296, delta_over_irt=0.2453, graph_row_entropy=4.8122, graph_entropy_ratio=1.0000, alpha_mean=0.1884, alpha_std=0.3891, personal_row_entropy=0.0800
2026-02-11 03:36:56,042 - WARNING - [assist_09|assist_09_m3grid_s0p03_bm2_full|lr=0.0003|drop=0.20] [Diag Warning][M3] delta_over_irt has stayed high for 12 epoch(s): delta_over_irt=0.2453, delta_abs_mean=0.4123
2026-02-11 03:36:56,042 - INFO - [assist_09|assist_09_m3grid_s0p03_bm2_full|lr=0.0003|drop=0.20] [Grad Norms] Epoch [020] | mf_u_proj=0.058388, mf_v_proj=0.061076, fusion_gate=0.008918, q_gate_raw=0.001554, skill_latent=0.142341
2026-02-11 03:36:56,043 - INFO - [assist_09|assist_09_m3grid_s0p03_bm2_full|lr=0.0003|drop=0.20] -> No improvement 3 epoch(s) (best AUC=0.7666 @ 17)
2026-02-11 03:36:56,043 - INFO - [assist_09|assist_09_m3grid_s0p03_bm2_full|lr=0.0003|drop=0.20] Early stopping at epoch 20 (best AUC=0.7666 @ 17)
2026-02-11 03:36:56,053 - INFO - Epoch-wise metrics saved to checkpoints/assist_09_m3grid/seed42/s0p03_bm2_full/metrics_history.csv
2026-02-11 03:36:56,054 - INFO - [assist_09|assist_09_m3grid_s0p03_bm2_full|lr=0.0003|drop=0.20] Training completed! Best Val AUC=0.7666 @ epoch 17
2026-02-11 03:36:56,240 - INFO - 
============================================================
         MODULE ACTIVITY REPORT
============================================================
Dataset: assist_09 | Seed: 42 | Epoch: 20

1. Soft Prototype Module:
   - Status: DISABLED (num_prototypes=0 or use_soft_prototype=False)

2. Concept Graph Module:
   - Mean row entropy: 4.812 / 4.812
   - Entropy ratio: 100.0%
   - Status: ✗ TRIVIAL (uniform distribution, not learning)
   → Consider: increase lambda_sparse or training longer

3. Personal Graph Module:
   - Gate alpha mean: 0.209
   - Gate alpha std: 0.404
   - Status: ✓ ACTIVE (using personalization)

4. Skill/MF Module:
   - MF logit |mean|: 1.0275
   - MF logit std: 1.1459
   - Fusion gate mean: 0.396
   - Status: ✓ ACTIVE (contributing to predictions)

------------------------------------------------------------
SUMMARY:
   Active modules: Personal Graph, Skill/MF
   ⚠ Inactive modules: Concept Graph
============================================================
2026-02-11 03:36:56,241 - INFO - [assist_09|assist_09_m3grid_s0p03_bm2_full|lr=0.0003|drop=0.20] Module activity saved to checkpoints/assist_09_m3grid/seed42/s0p03_bm2_full/module_activity.json
2026-02-11 03:36:56,303 - INFO - Using device: cuda:0 (physical gpu 3)
2026-02-11 03:36:56,303 - INFO - Loading model from checkpoints/assist_09_m3grid/seed42/s0p03_bm2_full/best_model.pth...
2026-02-11 03:36:56,772 - INFO - Inference switches: ablate_module1=False, ablate_module2=False, ablate_module3=False | enable_module1=True, enable_module2=True, enable_module3=True | use_soft_prototype=False, use_mf_branch=True, use_concept_graph=True, use_q_aligned_residual=True, use_soft_prototype_main_path=False | effective(num_gnn_layers=1, num_prototypes=0)
2026-02-11 03:36:56,804 - INFO - [Inference] Ablation runtime check: args(ablate_module1=False,ablate_module2=False,ablate_module3=False) | model(enable_module1=True,enable_module2=True,enable_module3=True) | physical(has_knowledge_encoder=True,has_mf_branch=True,has_soft_prototype=False)
2026-02-11 03:36:56,806 - INFO - Model loaded from epoch 17. Start testing...
2026-02-11 03:36:58,104 - INFO - [Test] 200/411 batches done, samples=25600
2026-02-11 03:36:59,313 - INFO - [Test] 400/411 batches done, samples=51200
2026-02-11 03:36:59,420 - INFO - 
==================================================
2026-02-11 03:36:59,420 - INFO - Test Results:
2026-02-11 03:36:59,420 - INFO - AUC: 0.7701
2026-02-11 03:36:59,420 - INFO - ACC: 0.7365
2026-02-11 03:36:59,420 - INFO - RMSE: 0.4232
2026-02-11 03:36:59,420 - INFO - ==================================================
2026-02-11 03:36:59,433 - INFO - Summary appended to /home/zsh/ConceptSkillCDM/results/experiment_results.csv
2026-02-11 03:36:59,437 - INFO - Run completed.
2026-02-11 03:36:59,437 - INFO - Best validation AUC: 0.7666 at epoch 17
2026-02-11 03:36:59,437 - INFO - Test metrics - AUC: 0.7701, ACC: 0.7365, RMSE: 0.4232
