2026-01-13 07:18:48,648 - INFO - Arguments:
2026-01-13 07:18:48,649 - INFO -   ablate_concept_graph: False
2026-01-13 07:18:48,649 - INFO -   ablate_module1: False
2026-01-13 07:18:48,649 - INFO -   ablate_module2: False
2026-01-13 07:18:48,649 - INFO -   ablate_module3: False
2026-01-13 07:18:48,649 - INFO -   ablate_skill_encoder: False
2026-01-13 07:18:48,649 - INFO -   ablate_soft_prototype: False
2026-01-13 07:18:48,649 - INFO -   allow_self_loop: True
2026-01-13 07:18:48,649 - INFO -   batch_size: 128
2026-01-13 07:18:48,649 - INFO -   data_dir: ./data/assist_09
2026-01-13 07:18:48,649 - INFO -   dataset_name: assist_09
2026-01-13 07:18:48,649 - INFO -   disable_q_conditioning: False
2026-01-13 07:18:48,649 - INFO -   disable_self_loop: False
2026-01-13 07:18:48,649 - INFO -   disable_soft_prototype: False
2026-01-13 07:18:48,649 - INFO -   dropout: 0.2
2026-01-13 07:18:48,649 - INFO -   early_stop_patience: 3
2026-01-13 07:18:48,649 - INFO -   enable_module1: True
2026-01-13 07:18:48,649 - INFO -   enable_module2: True
2026-01-13 07:18:48,649 - INFO -   enable_module3: True
2026-01-13 07:18:48,649 - INFO -   epochs: 100
2026-01-13 07:18:48,649 - INFO -   exercise_dim: 64
2026-01-13 07:18:48,649 - INFO -   exercise_l2_lambda: 5e-05
2026-01-13 07:18:48,649 - INFO -   generate_diagnosis: True
2026-01-13 07:18:48,649 - INFO -   gnn_residual_weight: 0.5
2026-01-13 07:18:48,649 - INFO -   gpu_candidates: None
2026-01-13 07:18:48,649 - INFO -   graph_topk: None
2026-01-13 07:18:48,649 - INFO -   knowledge_dim: 64
2026-01-13 07:18:48,649 - INFO -   lambda_alpha: 0.01
2026-01-13 07:18:48,650 - INFO -   lambda_proto_div: 0.1
2026-01-13 07:18:48,650 - INFO -   lambda_proto_usage: 0.1
2026-01-13 07:18:48,650 - INFO -   lambda_sparse: 1.0
2026-01-13 07:18:48,650 - INFO -   lambda_sparse_personal: 0.005
2026-01-13 07:18:48,650 - INFO -   learning_rate: 0.0003
2026-01-13 07:18:48,650 - INFO -   log_dir: logs/assist_09_best_gpd_base
2026-01-13 07:18:48,650 - INFO -   min_exer_interactions: 0
2026-01-13 07:18:48,650 - INFO -   min_poison_count: 0
2026-01-13 07:18:48,650 - INFO -   min_stu_interactions: 15
2026-01-13 07:18:48,650 - INFO -   model_variant: gpd_base
2026-01-13 07:18:48,650 - INFO -   no_cuda: False
2026-01-13 07:18:48,650 - INFO -   num_gnn_layers: 1
2026-01-13 07:18:48,650 - INFO -   num_prototypes: 3
2026-01-13 07:18:48,650 - INFO -   num_relation_heads: 2
2026-01-13 07:18:48,650 - INFO -   num_workers: 4
2026-01-13 07:18:48,650 - INFO -   patience: 5
2026-01-13 07:18:48,650 - INFO -   personal_rank: 4
2026-01-13 07:18:48,650 - INFO -   proto_lambda: 5.0
2026-01-13 07:18:48,650 - INFO -   proto_tau: 1.0
2026-01-13 07:18:48,650 - INFO -   save_dir: checkpoints/assist_09_best_gpd_base
2026-01-13 07:18:48,650 - INFO -   save_interval: 10
2026-01-13 07:18:48,650 - INFO -   seed: 42
2026-01-13 07:18:48,650 - INFO -   skill_dim: 128
2026-01-13 07:18:48,650 - INFO -   use_concept_graph: True
2026-01-13 07:18:48,650 - INFO -   use_exercise_graph: True
2026-01-13 07:18:48,650 - INFO -   use_mf_branch: True
2026-01-13 07:18:48,650 - INFO -   use_personal_graph: True
2026-01-13 07:18:48,650 - INFO -   use_q_conditioning: True
2026-01-13 07:18:48,651 - INFO -   use_skill_encoder: True
2026-01-13 07:18:48,651 - INFO -   use_soft_prototype: True
2026-01-13 07:18:48,651 - INFO -   weight_decay: 1e-05
2026-01-13 07:18:48,764 - INFO - Using device: cuda:0
2026-01-13 07:18:48,765 - INFO - [assist_09|gpd_base|lr=0.0003|drop=0.20] Loading datasets...
2026-01-13 07:18:48,765 - INFO - [assist_09|gpd_base|lr=0.0003|drop=0.20] Regularization: graph_entropy(lambda_sparse)=1.000000, proto_div=0.100000, proto_usage=0.100000, personal_sparse=0.005000, alpha_penalty=0.010000, mf_l2(exercise_l2_lambda)=0.000050
2026-01-13 07:18:48,925 - INFO - [数据清洗] 学生交互次数 < 15 次的学生：共移除 0 个学生（仅统计用户数）
2026-01-13 07:18:48,944 - INFO - [数据清洗] 学生冷启动过滤：在 train/valid/test 中共删除 0 条记录。
2026-01-13 07:18:48,944 - INFO - [数据清洗] 跳过题目冷门过滤（min_exer_interactions <= 0）。
2026-01-13 07:18:48,944 - INFO - [数据清洗] 跳过毒题清洗（min_poison_count <= 0）。
2026-01-13 07:19:08,513 - INFO - [assist_09|gpd_base|lr=0.0003|drop=0.20] Train samples: 194489, Val samples: 20385
2026-01-13 07:19:08,514 - INFO - [assist_09|gpd_base|lr=0.0003|drop=0.20] Number of students: 2493
2026-01-13 07:19:08,514 - INFO - [assist_09|gpd_base|lr=0.0003|drop=0.20] Number of exercises: 17676
2026-01-13 07:19:08,514 - INFO - [assist_09|gpd_base|lr=0.0003|drop=0.20] Number of concepts: 123
2026-01-13 07:19:08,514 - INFO - [assist_09|gpd_base|lr=0.0003|drop=0.20] Creating model...
2026-01-13 07:19:08,514 - INFO - [assist_09|gpd_base|lr=0.0003|drop=0.20] Ablation switches: use_soft_prototype=True, use_mf_branch=True, use_concept_graph=True (effective num_gnn_layers=1, num_prototypes=3)
2026-01-13 07:19:08,805 - INFO - [assist_09|gpd_base|lr=0.0003|drop=0.20] Total parameters: 1,783,598
2026-01-13 07:19:08,805 - INFO - [assist_09|gpd_base|lr=0.0003|drop=0.20] Trainable parameters: 1,783,598
2026-01-13 07:19:10,847 - INFO - [assist_09|gpd_base|lr=0.0003|drop=0.20] Starting training...
2026-01-13 07:19:53,658 - INFO - [assist_09|gpd_base|lr=0.0003|drop=0.20] Epoch [001/100] | Train: Loss=5.2136, BCE=0.5937, Reg=4.6199, AUC=0.6824, ACC=0.6907, RMSE=0.4508 | Val: Loss=5.4055, BCE=0.5622, Reg=4.8433, AUC=0.7338, ACC=0.7170, RMSE=0.4357
2026-01-13 07:19:54,022 - INFO - [assist_09|gpd_base|lr=0.0003|drop=0.20] -> New best AUC=0.7338 at epoch 1
2026-01-13 07:20:35,684 - INFO - [assist_09|gpd_base|lr=0.0003|drop=0.20] Epoch [002/100] | Train: Loss=5.1390, BCE=0.5196, Reg=4.6194, AUC=0.7833, ACC=0.7432, RMSE=0.4159 | Val: Loss=5.3825, BCE=0.5395, Reg=4.8430, AUC=0.7628, ACC=0.7283, RMSE=0.4254
2026-01-13 07:20:36,316 - INFO - [assist_09|gpd_base|lr=0.0003|drop=0.20] -> New best AUC=0.7628 at epoch 2
2026-01-13 07:21:16,902 - INFO - [assist_09|gpd_base|lr=0.0003|drop=0.20] Epoch [003/100] | Train: Loss=5.0617, BCE=0.4424, Reg=4.6193, AUC=0.8637, ACC=0.7967, RMSE=0.3772 | Val: Loss=5.3727, BCE=0.5295, Reg=4.8432, AUC=0.7768, ACC=0.7364, RMSE=0.4205
2026-01-13 07:21:17,775 - INFO - [assist_09|gpd_base|lr=0.0003|drop=0.20] -> New best AUC=0.7768 at epoch 3
2026-01-13 07:22:00,780 - INFO - [assist_09|gpd_base|lr=0.0003|drop=0.20] Epoch [004/100] | Train: Loss=5.0014, BCE=0.3819, Reg=4.6195, AUC=0.9082, ACC=0.8400, RMSE=0.3444 | Val: Loss=5.3643, BCE=0.5209, Reg=4.8433, AUC=0.7848, ACC=0.7441, RMSE=0.4162
2026-01-13 07:22:01,497 - INFO - [assist_09|gpd_base|lr=0.0003|drop=0.20] -> New best AUC=0.7848 at epoch 4
2026-01-13 07:22:43,162 - INFO - [assist_09|gpd_base|lr=0.0003|drop=0.20] Epoch [005/100] | Train: Loss=4.9593, BCE=0.3397, Reg=4.6197, AUC=0.9313, ACC=0.8658, RMSE=0.3205 | Val: Loss=5.3629, BCE=0.5195, Reg=4.8434, AUC=0.7877, ACC=0.7459, RMSE=0.4149
2026-01-13 07:22:43,802 - INFO - [assist_09|gpd_base|lr=0.0003|drop=0.20] -> New best AUC=0.7877 at epoch 5
2026-01-13 07:23:26,154 - INFO - [assist_09|gpd_base|lr=0.0003|drop=0.20] Epoch [006/100] | Train: Loss=4.9259, BCE=0.3063, Reg=4.6196, AUC=0.9467, ACC=0.8842, RMSE=0.3012 | Val: Loss=5.3676, BCE=0.5246, Reg=4.8431, AUC=0.7897, ACC=0.7502, RMSE=0.4152
2026-01-13 07:23:26,724 - INFO - [assist_09|gpd_base|lr=0.0003|drop=0.20] -> New best AUC=0.7897 at epoch 6
2026-01-13 07:24:08,916 - INFO - [assist_09|gpd_base|lr=0.0003|drop=0.20] Epoch [007/100] | Train: Loss=4.8990, BCE=0.2796, Reg=4.6194, AUC=0.9569, ACC=0.8972, RMSE=0.2855 | Val: Loss=5.3687, BCE=0.5258, Reg=4.8429, AUC=0.7913, ACC=0.7514, RMSE=0.4145
2026-01-13 07:24:09,580 - INFO - [assist_09|gpd_base|lr=0.0003|drop=0.20] -> New best AUC=0.7913 at epoch 7
2026-01-13 07:24:52,245 - INFO - [assist_09|gpd_base|lr=0.0003|drop=0.20] Epoch [008/100] | Train: Loss=4.8760, BCE=0.2566, Reg=4.6193, AUC=0.9647, ACC=0.9077, RMSE=0.2719 | Val: Loss=5.3740, BCE=0.5311, Reg=4.8429, AUC=0.7912, ACC=0.7505, RMSE=0.4163
2026-01-13 07:24:52,246 - INFO - [assist_09|gpd_base|lr=0.0003|drop=0.20] -> No improvement 1 epoch(s) (best AUC=0.7913 @ 7)
2026-01-13 07:25:34,144 - INFO - [assist_09|gpd_base|lr=0.0003|drop=0.20] Epoch [009/100] | Train: Loss=4.8556, BCE=0.2364, Reg=4.6192, AUC=0.9706, ACC=0.9149, RMSE=0.2598 | Val: Loss=5.3881, BCE=0.5455, Reg=4.8426, AUC=0.7901, ACC=0.7498, RMSE=0.4186
2026-01-13 07:25:34,144 - INFO - [assist_09|gpd_base|lr=0.0003|drop=0.20] -> No improvement 2 epoch(s) (best AUC=0.7913 @ 7)
2026-01-13 07:26:16,174 - INFO - [assist_09|gpd_base|lr=0.0003|drop=0.20] Epoch [010/100] | Train: Loss=4.8379, BCE=0.2187, Reg=4.6192, AUC=0.9749, ACC=0.9229, RMSE=0.2486 | Val: Loss=5.3957, BCE=0.5532, Reg=4.8425, AUC=0.7891, ACC=0.7515, RMSE=0.4202
2026-01-13 07:26:16,175 - INFO - [assist_09|gpd_base|lr=0.0003|drop=0.20] -> No improvement 3 epoch(s) (best AUC=0.7913 @ 7)
2026-01-13 07:26:16,175 - INFO - [assist_09|gpd_base|lr=0.0003|drop=0.20] Early stopping at epoch 10 (best AUC=0.7913 @ 7)
2026-01-13 07:26:16,183 - INFO - Epoch-wise metrics saved to checkpoints/assist_09_best_gpd_base/metrics_history.csv
2026-01-13 07:26:16,184 - INFO - [assist_09|gpd_base|lr=0.0003|drop=0.20] Training completed! Best Val AUC=0.7913 @ epoch 7
2026-01-13 07:26:16,252 - INFO - Using device: cuda:0
2026-01-13 07:26:16,252 - INFO - Loading model from checkpoints/assist_09_best_gpd_base/best_model.pth...
2026-01-13 07:26:17,063 - INFO - Inference switches: use_soft_prototype=True, use_mf_branch=True, use_concept_graph=True (effective num_gnn_layers=1, num_prototypes=3)
2026-01-13 07:26:17,117 - INFO - Model loaded from epoch 7. Start testing...
2026-01-13 07:26:18,892 - INFO - [Test] 200/411 batches done, samples=25600
2026-01-13 07:26:20,501 - INFO - [Test] 400/411 batches done, samples=51200
2026-01-13 07:26:20,681 - INFO - 
==================================================
2026-01-13 07:26:20,681 - INFO - Test Results:
2026-01-13 07:26:20,681 - INFO - AUC: 0.7904
2026-01-13 07:26:20,681 - INFO - ACC: 0.7492
2026-01-13 07:26:20,681 - INFO - RMSE: 0.4151
2026-01-13 07:26:20,681 - INFO - ==================================================
2026-01-13 07:26:20,694 - INFO - Summary appended to /home/zsh/ConceptSkillCDM/results/experiment_results.csv
2026-01-13 07:26:20,694 - INFO - 
Generating student diagnosis reports...
2026-01-13 07:26:20,720 - INFO - Student diagnosis reports saved to checkpoints/assist_09_best_gpd_base/student_diagnosis.json
2026-01-13 07:26:20,726 - INFO - Run completed.
2026-01-13 07:26:20,726 - INFO - Best validation AUC: 0.7913 at epoch 7
2026-01-13 07:26:20,726 - INFO - Test metrics - AUC: 0.7904, ACC: 0.7492, RMSE: 0.4151
