2026-05-06 03:11:51,922 - INFO - Arguments:
2026-05-06 03:11:51,922 - INFO -   ablate_concept_graph: False
2026-05-06 03:11:51,922 - INFO -   ablate_module1: False
2026-05-06 03:11:51,922 - INFO -   allow_self_loop: True
2026-05-06 03:11:51,922 - INFO -   alpha_min_target: 0.04
2026-05-06 03:11:51,922 - INFO -   batch_size: 64
2026-05-06 03:11:51,922 - INFO -   data_dir: ./data/junyi
2026-05-06 03:11:51,922 - INFO -   dataset_name: junyi
2026-05-06 03:11:51,922 - INFO -   debug_graph_diag: True
2026-05-06 03:11:51,922 - INFO -   diag_batches: 1
2026-05-06 03:11:51,922 - INFO -   disable_self_loop: False
2026-05-06 03:11:51,922 - INFO -   dropout: 0.4
2026-05-06 03:11:51,922 - INFO -   early_stop_patience: 2
2026-05-06 03:11:51,922 - INFO -   enable_module1: True
2026-05-06 03:11:51,922 - INFO -   epochs: 12
2026-05-06 03:11:51,922 - INFO -   generate_diagnosis: False
2026-05-06 03:11:51,923 - INFO -   gnn_residual_weight: 0.5
2026-05-06 03:11:51,923 - INFO -   gpu_candidates: None
2026-05-06 03:11:51,923 - INFO -   gpu_ids: None
2026-05-06 03:11:51,923 - INFO -   gpu_memory_threshold: 2000
2026-05-06 03:11:51,923 - INFO -   gpus: None
2026-05-06 03:11:51,923 - INFO -   graph_dropout: 0.0
2026-05-06 03:11:51,923 - INFO -   graph_edge_bias_rank: 8
2026-05-06 03:11:51,923 - INFO -   graph_entropy_max: 0.7
2026-05-06 03:11:51,923 - INFO -   graph_entropy_min: 0.15
2026-05-06 03:11:51,923 - INFO -   graph_headwise_query_gate: True
2026-05-06 03:11:51,923 - INFO -   graph_identity_residual: 0.05
2026-05-06 03:11:51,923 - INFO -   graph_propagation_alpha: 0.25
2026-05-06 03:11:51,923 - INFO -   graph_query_adapter_enable: True
2026-05-06 03:11:51,923 - INFO -   graph_query_readout_2hop_scale: 0.12
2026-05-06 03:11:51,923 - INFO -   graph_query_readout_scale: 0.45
2026-05-06 03:11:51,923 - INFO -   graph_query_writeback_2hop_scale: 0.12
2026-05-06 03:11:51,923 - INFO -   graph_query_writeback_scale: 0.45
2026-05-06 03:11:51,923 - INFO -   graph_readout_1hop_scale: 0.45
2026-05-06 03:11:51,923 - INFO -   graph_readout_2hop_scale: 0.12
2026-05-06 03:11:51,923 - INFO -   graph_reg_cap_ratio: 6.0
2026-05-06 03:11:51,923 - INFO -   graph_reg_warmup_epochs: 2
2026-05-06 03:11:51,923 - INFO -   graph_tau_init: 0.55
2026-05-06 03:11:51,923 - INFO -   graph_topk: 24
2026-05-06 03:11:51,923 - INFO -   graph_uniform_margin: 0.12
2026-05-06 03:11:51,923 - INFO -   knowledge_dim: 128
2026-05-06 03:11:51,923 - INFO -   lambda_alpha: 0.0
2026-05-06 03:11:51,923 - INFO -   lambda_alpha_min: 0.05
2026-05-06 03:11:51,923 - INFO -   lambda_graph_diag: 0.12
2026-05-06 03:11:51,923 - INFO -   lambda_graph_uniform: 0.06
2026-05-06 03:11:51,923 - INFO -   lambda_personal_kl: 0.03
2026-05-06 03:11:51,923 - INFO -   lambda_personal_query_residual: 0.08
2026-05-06 03:11:51,923 - INFO -   lambda_sparse: 0.6
2026-05-06 03:11:51,924 - INFO -   lambda_sparse_personal: 0.0005
2026-05-06 03:11:51,924 - INFO -   learning_rate: 0.003
2026-05-06 03:11:51,924 - INFO -   log_dir: logs/abce_diag/remote_writer_residual_matched_probe_20260506_a5a38c6/junyi/seed42/best_full
2026-05-06 03:11:51,924 - INFO -   max_test_batches: 6
2026-05-06 03:11:51,924 - INFO -   max_train_batches: 24
2026-05-06 03:11:51,924 - INFO -   max_val_batches: 6
2026-05-06 03:11:51,924 - INFO -   min_exer_interactions: 0
2026-05-06 03:11:51,924 - INFO -   min_poison_count: 0
2026-05-06 03:11:51,924 - INFO -   min_stu_interactions: 15
2026-05-06 03:11:51,924 - INFO -   model_variant: junyi_abce_best_full
2026-05-06 03:11:51,924 - INFO -   multi_gpu: False
2026-05-06 03:11:51,924 - INFO -   no_cuda: False
2026-05-06 03:11:51,924 - INFO -   num_gnn_layers: 2
2026-05-06 03:11:51,924 - INFO -   num_gpus: 1
2026-05-06 03:11:51,924 - INFO -   num_relation_heads: 2
2026-05-06 03:11:51,924 - INFO -   num_workers: 4
2026-05-06 03:11:51,924 - INFO -   patience: 1
2026-05-06 03:11:51,924 - INFO -   personal_alpha_base_init: 0.04
2026-05-06 03:11:51,924 - INFO -   personal_alpha_bias_scale: 0.0
2026-05-06 03:11:51,924 - INFO -   personal_alpha_budget: 0.09
2026-05-06 03:11:51,924 - INFO -   personal_alpha_temperature: 1.8
2026-05-06 03:11:51,924 - INFO -   personal_delta_scale: 4.0
2026-05-06 03:11:51,924 - INFO -   personal_disable_student_global_context: True
2026-05-06 03:11:51,924 - INFO -   personal_id_lr_mult: 0.25
2026-05-06 03:11:51,924 - INFO -   personal_include_neighbor_rows: False
2026-05-06 03:11:51,924 - INFO -   personal_local_hops: 1
2026-05-06 03:11:51,924 - INFO -   personal_max_alpha: 0.26
2026-05-06 03:11:51,924 - INFO -   personal_message_alignment_gate: True
2026-05-06 03:11:51,924 - INFO -   personal_neighbor_row_budget: 0.2
2026-05-06 03:11:51,924 - INFO -   personal_projection_hidden_factor: 2
2026-05-06 03:11:51,924 - INFO -   personal_query_correction_max_ratio: 0.2
2026-05-06 03:11:51,924 - INFO -   personal_query_correction_min_graph_anchor: 0.01
2026-05-06 03:11:51,925 - INFO -   personal_query_correction_scale: 0.6
2026-05-06 03:11:51,925 - INFO -   personal_query_message_gain: 1.0
2026-05-06 03:11:51,925 - INFO -   personal_query_residual_margin: 0.05
2026-05-06 03:11:51,925 - INFO -   personal_query_row_budget: 1.3
2026-05-06 03:11:51,925 - INFO -   personal_query_support_hops: 1
2026-05-06 03:11:51,925 - INFO -   personal_rank: 8
2026-05-06 03:11:51,925 - INFO -   personal_reg_warmup_epochs: 5
2026-05-06 03:11:51,925 - INFO -   personal_state_lr_mult: 1.5
2026-05-06 03:11:51,925 - INFO -   personal_student_dim: 64
2026-05-06 03:11:51,925 - INFO -   personal_support_include_graph: True
2026-05-06 03:11:51,925 - INFO -   personal_support_include_neighbors: False
2026-05-06 03:11:51,925 - INFO -   personal_support_include_query_self: True
2026-05-06 03:11:51,925 - INFO -   personal_support_only: True
2026-05-06 03:11:51,925 - INFO -   personal_value_use_global_basis: True
2026-05-06 03:11:51,925 - INFO -   personal_warmup_epochs: 5
2026-05-06 03:11:51,925 - INFO -   prediction_l2_lambda: 1e-05
2026-05-06 03:11:51,925 - INFO -   save_dir: checkpoints/abce_diag/remote_writer_residual_matched_probe_20260506_a5a38c6/junyi/seed42/best_full
2026-05-06 03:11:51,925 - INFO -   save_interval: 10
2026-05-06 03:11:51,925 - INFO -   seed: 42
2026-05-06 03:11:51,925 - INFO -   share_concept_embeddings: True
2026-05-06 03:11:51,925 - INFO -   use_concept_graph: True
2026-05-06 03:11:51,925 - INFO -   use_exercise_graph: True
2026-05-06 03:11:51,925 - INFO -   use_personal_graph: True
2026-05-06 03:11:51,925 - INFO -   weight_decay: 0.001
2026-05-06 03:11:52,010 - INFO - Using device: cuda:0
2026-05-06 03:11:52,010 - INFO - [junyi|junyi_abce_best_full|lr=0.003|drop=0.40] Loading datasets...
2026-05-06 03:11:52,010 - INFO - [junyi|junyi_abce_best_full|lr=0.003|drop=0.40] Regularization: graph_entropy(lambda_sparse)=0.600000, graph_diag=0.120000, graph_uniform=0.060000, personal_sparse=0.000500, personal_kl=0.030000, personal_query_residual=0.080000, alpha_penalty=0.000000, alpha_min=0.050000, prediction_l2=0.000010
2026-05-06 03:11:52,010 - INFO - [junyi|junyi_abce_best_full|lr=0.003|drop=0.40] Graph controls: entropy_band=[0.15, 0.70], uniform_margin=0.12, warmup_epochs=2, cap_ratio=6.00, graph_dropout=0.000, graph_tau_init=0.550
2026-05-06 03:11:52,011 - INFO - [junyi|junyi_abce_best_full|lr=0.003|drop=0.40] Personal controls: personal_max_alpha=0.260, personal_delta_scale=4.000, personal_warmup_epochs=5, personal_student_dim=64, alpha_min_target=0.0400, personal_local_hops=1, include_neighbor_rows=False, personal_support_only=True, personal_alpha_temperature=1.800, personal_alpha_budget=0.090, personal_query_row_budget=1.300, personal_neighbor_row_budget=0.200, personal_query_support_hops=1, personal_query_message_gain=1.000, personal_query_correction_scale=0.600, personal_state_lr_mult=1.500, personal_id_lr_mult=0.250, graph_propagation_alpha=0.250, graph_query_readout_scale=0.450, graph_query_readout_2hop_scale=0.120
2026-05-06 03:11:52,116 - INFO - [junyi] [数据清洗] 学生交互次数 < 15 次的学生：共移除 2188 个学生（仅统计用户数）
2026-05-06 03:11:52,132 - INFO - [junyi] [数据清洗] 学生冷启动过滤：在 train/valid/test 中共删除 35779 条记录。
2026-05-06 03:11:52,133 - INFO - [junyi] [数据清洗] 跳过题目冷门过滤（min_exer_interactions <= 0）。
2026-05-06 03:11:52,133 - INFO - [junyi] [数据清洗] 跳过毒题清洗（min_poison_count <= 0）。
2026-05-06 03:11:52,133 - INFO - [junyi] 正在构建ID映射...
2026-05-06 03:11:52,348 - INFO - [junyi] 正在构建Q矩阵...
2026-05-06 03:11:59,284 - INFO - [junyi] [数据清洗] Valid train-seen 过滤：before=22111, after=22111, dropped=0, coverage=100.00%
2026-05-06 03:11:59,288 - INFO - [junyi] [数据清洗] Test train-seen 过滤：before=60499, after=60494, dropped=5, coverage=99.99%
2026-05-06 03:11:59,289 - INFO - [junyi] [统计] 开始统计清洗后每道题的概念数量分布...
2026-05-06 03:11:59,291 - INFO - [junyi] [Train] 概念数统计：题目数=697, 平均概念数=1.0000, min=1, max=1, 1概念=697 (100.00%), ≥2概念=0 (0.00%)
2026-05-06 03:11:59,291 - INFO - [junyi] [Train] 概念数直方图（概念数: 题目数量）: {1: 697}
2026-05-06 03:11:59,292 - INFO - [junyi] [Valid] 概念数统计：题目数=614, 平均概念数=1.0000, min=1, max=1, 1概念=614 (100.00%), ≥2概念=0 (0.00%)
2026-05-06 03:11:59,292 - INFO - [junyi] [Valid] 概念数直方图（概念数: 题目数量）: {1: 614}
2026-05-06 03:11:59,292 - INFO - [junyi] [Test] 概念数统计：题目数=663, 平均概念数=1.0000, min=1, max=1, 1概念=663 (100.00%), ≥2概念=0 (0.00%)
2026-05-06 03:11:59,292 - INFO - [junyi] [Test] 概念数直方图（概念数: 题目数量）: {1: 663}
2026-05-06 03:11:59,292 - INFO - [junyi] [统计] 概念数量统计完成。
2026-05-06 03:11:59,292 - INFO - [junyi] 正在加载数据集...
2026-05-06 03:11:59,445 - INFO - [junyi|junyi_abce_best_full|lr=0.003|drop=0.40] Train samples: 235446, Val samples: 22111
2026-05-06 03:11:59,445 - INFO - [junyi|junyi_abce_best_full|lr=0.003|drop=0.40] Number of students: 7812
2026-05-06 03:11:59,445 - INFO - [junyi|junyi_abce_best_full|lr=0.003|drop=0.40] Number of exercises: 697
2026-05-06 03:11:59,445 - INFO - [junyi|junyi_abce_best_full|lr=0.003|drop=0.40] Number of concepts: 697
2026-05-06 03:11:59,445 - INFO - [junyi|junyi_abce_best_full|lr=0.003|drop=0.40] Creating model...
2026-05-06 03:11:59,446 - INFO - [junyi|junyi_abce_best_full|lr=0.003|drop=0.40] Ablation switches: ablate_module1=False | enable_module1=True | use_concept_graph=True | effective(num_gnn_layers=2)
2026-05-06 03:11:59,661 - INFO - [junyi|junyi_abce_best_full|lr=0.003|drop=0.40] Ablation runtime check: args(ablate_module1=False) | expect(use_concept_graph=True,use_personal_graph=True) | model(enable_module1=True,use_concept_graph=True,use_personal_graph=True) | physical(has_knowledge_encoder=True,has_relation_learning=True,has_adaptive_gate=True,has_personal_generator=True)
2026-05-06 03:11:59,662 - INFO - [junyi|junyi_abce_best_full|lr=0.003|drop=0.40] Debug diagnostics enabled: diag_batches=1
2026-05-06 03:11:59,679 - INFO - [junyi|junyi_abce_best_full|lr=0.003|drop=0.40] [Graph Init] graph_tau_mean=1.0055, graph_tau_std=0.0000, graph_dropout=0.000, use_personal_graph=True
2026-05-06 03:11:59,680 - INFO - [junyi|junyi_abce_best_full|lr=0.003|drop=0.40] Total parameters: 8,617,201
2026-05-06 03:11:59,680 - INFO - [junyi|junyi_abce_best_full|lr=0.003|drop=0.40] Trainable parameters: 8,617,201
2026-05-06 03:12:00,632 - INFO - [junyi|junyi_abce_best_full|lr=0.003|drop=0.40] Optimizer param groups: backbone@lr=0.003, personal_state@lr=0.0045, personal_id@lr=0.00075
2026-05-06 03:12:00,632 - INFO - [junyi|junyi_abce_best_full|lr=0.003|drop=0.40] Monitor config: scheduler=val_auc(max), best_checkpoint=val_auc(max), early_stop=val_auc(max)
2026-05-06 03:12:00,632 - INFO - [junyi|junyi_abce_best_full|lr=0.003|drop=0.40] Starting training...
2026-05-06 03:12:03,359 - INFO - [junyi|junyi_abce_best_full|lr=0.003|drop=0.40] Epoch [001/12] | Train: Loss=0.6416, BCE=0.6299, Reg=0.0117, AUC=0.6203, ACC=0.6465, RMSE=0.4683 | Val: Loss=0.5945, BCE=0.5830, Reg=0.0115, AUC=0.7085, ACC=0.6641, RMSE=0.4484
2026-05-06 03:12:03,360 - INFO - [junyi|junyi_abce_best_full|lr=0.003|drop=0.40] [Reg Terms] Epoch [001] | Train: graph_entropy=0.000000, graph_diag=0.007649, graph_uniform=0.003351, graph_reg_scale=1.0000, prediction_l2=0.000000, personal_sparse=0.000233, alpha_var=0.000000, alpha_collapse=0.000258, reg_bce_ratio=0.0186 | Val: graph_entropy=0.000000, graph_diag=0.007500, graph_uniform=0.003352, graph_reg_scale=1.0000, prediction_l2=0.000000, personal_sparse=0.000232, alpha_var=0.000000, alpha_collapse=0.000251, reg_bce_ratio=0.0198
2026-05-06 03:12:03,561 - INFO - [junyi|junyi_abce_best_full|lr=0.003|drop=0.40] [Diag][AE] Epoch [001] | irt_abs_mean=0.9849, irt_std=0.6394, personal_warmup_scale=0.20, graph_row_entropy=3.1203, graph_entropy_ratio=0.4766, alpha_mean=0.0398, alpha_std=0.0147, alpha_base_mean=0.0406, alpha_delta_absmean=0.0733, alpha_saturation_ratio=0.0000, alpha_bias_std=NA, alpha_state_path=2.1457, alpha_id_path=0.0000, alpha_bias_path=0.0000, head_bias_path=1.6868, personal_row_entropy=2.3337, personal_matrix_delta=0.0460, personal_matrix_student_std=0.0499, personal_delta_pre_softmax_norm=2.7589, personal_delta_student_std=2.7307, alpha_head_std=0.0147, query_row_global_readout_delta=0.2326, query_row_personal_message_delta=0.0005, query_row_posterior_delta_abs=0.0460, query_row_posterior_kl=0.0337, query_row_delta_local_rms_raw=0.0413, query_row_message_projection_gain=0.8987, personal_to_graph_query_ratio=0.0022, query_row_global_support_mass=0.0000, query_row_personal_support_mass=1.9397, neighbor_row_personal_delta=0.0000, personal_row_budget_mean=1.3000, personal_query_row_std=0.0911, readout_query_support_mass=0.0000, personal_student_mix=0.0055, personal_student_adapter=0.0131, local_row_ratio=0.0655, support_density=1.0000, readout_query_delta=0.2326, personal_bad_rows_active=0.00, personal_fallback_rows_active=0.00, personal_bad_row_rate_active=0.0000, personal_padded_rows=0.00, personal_logits_support_absmax=6.7008, personal_query_trust_scale_mean=1.0000, personal_bad_rows_legacy=0.00, personal_fallback_rows_legacy=0.00, personal_logits_absmax_legacy=6.7008
2026-05-06 03:12:03,561 - INFO - [junyi|junyi_abce_best_full|lr=0.003|drop=0.40] [Diag][A] Epoch [001] | entropy_ratio=0.4766, diag_mass=0.1250, to_uniform_l2=0.008253, to_identity_l2=0.033856, relation_identity_delta=0.033856, knowledge_state_graph_delta=0.479798, knowledge_state_personal_delta=0.000000, share_concept_embeddings=True, tau_mean=0.9609, tau_std=0.0000, graph_reg_scale(train/val)=1.0000/1.0000
2026-05-06 03:12:03,562 - WARNING - [junyi|junyi_abce_best_full|lr=0.003|drop=0.40] [Diag Warning][AE] query-readout-overamplified: readout_query_delta=0.232643, query_row_graph_delta=0.232603, personal_matrix_delta=0.045999
2026-05-06 03:12:03,562 - INFO - [junyi|junyi_abce_best_full|lr=0.003|drop=0.40] [Grad Norms] Epoch [001] | relation_emb=8.961096e-01, relation_tau=6.040569e-07, relation_wq=1.345121e-05, relation_wk=1.362283e-05, personal_u=1.122930e-03, personal_v=1.079805e-03, personal_alpha_bias=0.000000e+00, personal_gate_emb=2.896340e-11, personal_gate_state_proj=6.982656e-07, personal_gate_context_proj=2.982206e-06, personal_gate_state_direct=6.467941e-05, personal_gate_id_direct=8.353240e-11, personal_gate_context_direct=2.819061e-04, personal_gate_out=4.199077e-06, personal_generator_emb=4.273641e-13, personal_generator_context_proj=5.931747e-11, personal_generator_context_hidden=1.487035e-11, personal_generator_context_to_u=1.575102e-10, personal_generator_context_to_v=1.640643e-10, personal_generator_state_row=3.595421e-09, personal_generator_state_col=3.766394e-09, personal_generator_id_row=2.563220e-11, personal_generator_id_col=2.716872e-11, personal_generator_state_adapter=4.045883e-12, personal_generator_id_adapter=1.668616e-15, personal_generator_context_adapter=3.205531e-13, personal_generator_direct_scale=7.069110e-09
2026-05-06 03:12:03,782 - INFO - [junyi|junyi_abce_best_full|lr=0.003|drop=0.40] -> New best AUC=0.7085 at epoch 1
2026-05-06 03:12:06,253 - INFO - [junyi|junyi_abce_best_full|lr=0.003|drop=0.40] Epoch [002/12] | Train: Loss=0.5842, BCE=0.5618, Reg=0.0224, AUC=0.7204, ACC=0.6921, RMSE=0.4374 | Val: Loss=0.5685, BCE=0.5465, Reg=0.0220, AUC=0.7711, ACC=0.7422, RMSE=0.4239
2026-05-06 03:12:06,253 - INFO - [junyi|junyi_abce_best_full|lr=0.003|drop=0.40] [Reg Terms] Epoch [002] | Train: graph_entropy=0.000000, graph_diag=0.014687, graph_uniform=0.006707, graph_reg_scale=1.0000, prediction_l2=0.000000, personal_sparse=0.000463, alpha_var=0.000000, alpha_collapse=0.000129, reg_bce_ratio=0.0398 | Val: graph_entropy=0.000000, graph_diag=0.014343, graph_uniform=0.006710, graph_reg_scale=1.0000, prediction_l2=0.000000, personal_sparse=0.000457, alpha_var=0.000000, alpha_collapse=0.000125, reg_bce_ratio=0.0403
2026-05-06 03:12:06,456 - INFO - [junyi|junyi_abce_best_full|lr=0.003|drop=0.40] [Diag][AE] Epoch [002] | irt_abs_mean=1.4991, irt_std=1.2110, personal_warmup_scale=0.40, graph_row_entropy=3.1267, graph_entropy_ratio=0.4776, alpha_mean=0.0407, alpha_std=0.0335, alpha_base_mean=0.0412, alpha_delta_absmean=0.0836, alpha_saturation_ratio=0.0000, alpha_bias_std=NA, alpha_state_path=3.0553, alpha_id_path=0.0000, alpha_bias_path=0.0000, head_bias_path=1.6690, personal_row_entropy=2.2910, personal_matrix_delta=0.0449, personal_matrix_student_std=0.0475, personal_delta_pre_softmax_norm=2.7541, personal_delta_student_std=2.7152, alpha_head_std=0.0335, query_row_global_readout_delta=0.3384, query_row_personal_message_delta=0.0007, query_row_posterior_delta_abs=0.0449, query_row_posterior_kl=0.0322, query_row_delta_local_rms_raw=0.0461, query_row_message_projection_gain=1.0266, personal_to_graph_query_ratio=0.0021, query_row_global_support_mass=0.0000, query_row_personal_support_mass=2.3717, neighbor_row_personal_delta=0.0000, personal_row_budget_mean=1.3000, personal_query_row_std=0.0792, readout_query_support_mass=0.0000, personal_student_mix=0.0061, personal_student_adapter=0.0143, local_row_ratio=0.0647, support_density=1.0000, readout_query_delta=0.3385, personal_bad_rows_active=0.00, personal_fallback_rows_active=0.00, personal_bad_row_rate_active=0.0000, personal_padded_rows=0.00, personal_logits_support_absmax=6.6808, personal_query_trust_scale_mean=1.0000, personal_bad_rows_legacy=0.00, personal_fallback_rows_legacy=0.00, personal_logits_absmax_legacy=6.6808
2026-05-06 03:12:06,457 - INFO - [junyi|junyi_abce_best_full|lr=0.003|drop=0.40] [Diag][A] Epoch [002] | entropy_ratio=0.4776, diag_mass=0.1195, to_uniform_l2=0.008173, to_identity_l2=0.034068, relation_identity_delta=0.034068, knowledge_state_graph_delta=0.464435, knowledge_state_personal_delta=0.000000, share_concept_embeddings=True, tau_mean=0.9197, tau_std=0.0000, graph_reg_scale(train/val)=1.0000/1.0000
2026-05-06 03:12:06,457 - WARNING - [junyi|junyi_abce_best_full|lr=0.003|drop=0.40] [Diag Warning][AE] query-readout-overamplified: readout_query_delta=0.338462, query_row_graph_delta=0.338362, personal_matrix_delta=0.044893
2026-05-06 03:12:06,457 - INFO - [junyi|junyi_abce_best_full|lr=0.003|drop=0.40] [Grad Norms] Epoch [002] | relation_emb=7.500495e-01, relation_tau=3.806903e-07, relation_wq=5.358619e-06, relation_wk=5.433632e-06, personal_u=1.610424e-03, personal_v=1.199767e-03, personal_alpha_bias=0.000000e+00, personal_gate_emb=2.136486e-11, personal_gate_state_proj=1.049935e-07, personal_gate_context_proj=4.687594e-07, personal_gate_state_direct=9.386083e-05, personal_gate_id_direct=1.007080e-10, personal_gate_context_direct=4.199758e-04, personal_gate_out=6.018169e-07, personal_generator_emb=6.974492e-14, personal_generator_context_proj=2.476248e-12, personal_generator_context_hidden=6.269061e-13, personal_generator_context_to_u=7.412721e-12, personal_generator_context_to_v=7.230430e-12, personal_generator_state_row=1.555811e-09, personal_generator_state_col=1.475881e-09, personal_generator_id_row=1.048287e-11, personal_generator_id_col=9.999885e-12, personal_generator_state_adapter=4.399906e-13, personal_generator_id_adapter=1.023977e-15, personal_generator_context_adapter=5.350830e-15, personal_generator_direct_scale=1.904041e-08
2026-05-06 03:12:08,457 - INFO - [junyi|junyi_abce_best_full|lr=0.003|drop=0.40] -> New best AUC=0.7711 at epoch 2
2026-05-06 03:12:10,795 - INFO - [junyi|junyi_abce_best_full|lr=0.003|drop=0.40] Epoch [003/12] | Train: Loss=0.5671, BCE=0.5450, Reg=0.0221, AUC=0.7430, ACC=0.7194, RMSE=0.4278 | Val: Loss=0.5550, BCE=0.5332, Reg=0.0217, AUC=0.7781, ACC=0.7708, RMSE=0.4216
2026-05-06 03:12:10,795 - INFO - [junyi|junyi_abce_best_full|lr=0.003|drop=0.40] [Reg Terms] Epoch [003] | Train: graph_entropy=0.000000, graph_diag=0.014053, graph_uniform=0.006712, graph_reg_scale=1.0000, prediction_l2=0.000000, personal_sparse=0.000690, alpha_var=0.000000, alpha_collapse=0.000005, reg_bce_ratio=0.0405 | Val: graph_entropy=0.000000, graph_diag=0.013752, graph_uniform=0.006714, graph_reg_scale=1.0000, prediction_l2=0.000000, personal_sparse=0.000702, alpha_var=0.000000, alpha_collapse=0.000000, reg_bce_ratio=0.0408
2026-05-06 03:12:10,987 - INFO - [junyi|junyi_abce_best_full|lr=0.003|drop=0.40] [Diag][AE] Epoch [003] | irt_abs_mean=1.1698, irt_std=0.9923, personal_warmup_scale=0.60, graph_row_entropy=3.1322, graph_entropy_ratio=0.4784, alpha_mean=0.0454, alpha_std=0.0454, alpha_base_mean=0.0419, alpha_delta_absmean=0.0797, alpha_saturation_ratio=0.0000, alpha_bias_std=NA, alpha_state_path=2.5923, alpha_id_path=0.0000, alpha_bias_path=0.0000, head_bias_path=1.6510, personal_row_entropy=2.3373, personal_matrix_delta=0.0450, personal_matrix_student_std=0.0484, personal_delta_pre_softmax_norm=2.7686, personal_delta_student_std=2.7394, alpha_head_std=0.0454, query_row_global_readout_delta=0.2454, query_row_personal_message_delta=0.0007, query_row_posterior_delta_abs=0.0450, query_row_posterior_kl=0.0325, query_row_delta_local_rms_raw=0.0366, query_row_message_projection_gain=0.8140, personal_to_graph_query_ratio=0.0030, query_row_global_support_mass=0.0000, query_row_personal_support_mass=2.5173, neighbor_row_personal_delta=0.0000, personal_row_budget_mean=1.3000, personal_query_row_std=0.1025, readout_query_support_mass=0.0000, personal_student_mix=0.0067, personal_student_adapter=0.0156, local_row_ratio=0.0652, support_density=1.0000, readout_query_delta=0.2454, personal_bad_rows_active=0.00, personal_fallback_rows_active=0.00, personal_bad_row_rate_active=0.0000, personal_padded_rows=0.00, personal_logits_support_absmax=6.7090, personal_query_trust_scale_mean=1.0000, personal_bad_rows_legacy=0.00, personal_fallback_rows_legacy=0.00, personal_logits_absmax_legacy=6.7090
2026-05-06 03:12:10,987 - INFO - [junyi|junyi_abce_best_full|lr=0.003|drop=0.40] [Diag][A] Epoch [003] | entropy_ratio=0.4784, diag_mass=0.1146, to_uniform_l2=0.008105, to_identity_l2=0.034258, relation_identity_delta=0.034258, knowledge_state_graph_delta=0.444941, knowledge_state_personal_delta=0.000000, share_concept_embeddings=True, tau_mean=0.8826, tau_std=0.0000, graph_reg_scale(train/val)=1.0000/1.0000
2026-05-06 03:12:10,987 - WARNING - [junyi|junyi_abce_best_full|lr=0.003|drop=0.40] [Diag Warning][AE] query-readout-overamplified: readout_query_delta=0.245436, query_row_graph_delta=0.245425, personal_matrix_delta=0.045008
2026-05-06 03:12:10,987 - INFO - [junyi|junyi_abce_best_full|lr=0.003|drop=0.40] [Grad Norms] Epoch [003] | relation_emb=6.227242e-01, relation_tau=6.035699e-08, relation_wq=4.436846e-06, relation_wk=4.171710e-06, personal_u=1.608676e-03, personal_v=1.507963e-03, personal_alpha_bias=0.000000e+00, personal_gate_emb=7.662615e-12, personal_gate_state_proj=2.878270e-09, personal_gate_context_proj=9.596990e-09, personal_gate_state_direct=3.189646e-05, personal_gate_id_direct=5.953903e-11, personal_gate_context_direct=1.068029e-04, personal_gate_out=2.651953e-08, personal_generator_emb=2.525927e-14, personal_generator_context_proj=1.971753e-13, personal_generator_context_hidden=4.457200e-14, personal_generator_context_to_u=4.992356e-13, personal_generator_context_to_v=7.185965e-13, personal_generator_state_row=9.225742e-10, personal_generator_state_col=1.422558e-09, personal_generator_id_row=6.198371e-12, personal_generator_id_col=9.027180e-12, personal_generator_state_adapter=5.447023e-14, personal_generator_id_adapter=2.860986e-16, personal_generator_context_adapter=1.578122e-16, personal_generator_direct_scale=1.041007e-08
2026-05-06 03:12:11,796 - INFO - [junyi|junyi_abce_best_full|lr=0.003|drop=0.40] -> New best AUC=0.7781 at epoch 3
2026-05-06 03:12:14,152 - INFO - [junyi|junyi_abce_best_full|lr=0.003|drop=0.40] Epoch [004/12] | Train: Loss=0.5844, BCE=0.5624, Reg=0.0220, AUC=0.7336, ACC=0.7201, RMSE=0.4349 | Val: Loss=0.5312, BCE=0.5095, Reg=0.0217, AUC=0.7941, ACC=0.7812, RMSE=0.4088
2026-05-06 03:12:14,152 - INFO - [junyi|junyi_abce_best_full|lr=0.003|drop=0.40] [Reg Terms] Epoch [004] | Train: graph_entropy=0.000000, graph_diag=0.013502, graph_uniform=0.006715, graph_reg_scale=1.0000, prediction_l2=0.000000, personal_sparse=0.000936, alpha_var=0.000000, alpha_collapse=0.000001, reg_bce_ratio=0.0391 | Val: graph_entropy=0.000000, graph_diag=0.013238, graph_uniform=0.006717, graph_reg_scale=1.0000, prediction_l2=0.000000, personal_sparse=0.000944, alpha_var=0.000000, alpha_collapse=0.000000, reg_bce_ratio=0.0427
2026-05-06 03:12:14,361 - INFO - [junyi|junyi_abce_best_full|lr=0.003|drop=0.40] [Diag][AE] Epoch [004] | irt_abs_mean=1.1124, irt_std=0.7982, personal_warmup_scale=0.80, graph_row_entropy=3.1368, graph_entropy_ratio=0.4791, alpha_mean=0.0517, alpha_std=0.0518, alpha_base_mean=0.0425, alpha_delta_absmean=0.0726, alpha_saturation_ratio=0.0000, alpha_bias_std=NA, alpha_state_path=2.0967, alpha_id_path=0.0000, alpha_bias_path=0.0000, head_bias_path=1.6331, personal_row_entropy=2.3418, personal_matrix_delta=0.0474, personal_matrix_student_std=0.0506, personal_delta_pre_softmax_norm=2.7557, personal_delta_student_std=2.7095, alpha_head_std=0.0517, query_row_global_readout_delta=0.1899, query_row_personal_message_delta=0.0007, query_row_posterior_delta_abs=0.0474, query_row_posterior_kl=0.0354, query_row_delta_local_rms_raw=0.0433, query_row_message_projection_gain=0.9131, personal_to_graph_query_ratio=0.0038, query_row_global_support_mass=0.0000, query_row_personal_support_mass=2.5044, neighbor_row_personal_delta=0.0000, personal_row_budget_mean=1.3000, personal_query_row_std=0.0854, readout_query_support_mass=0.0000, personal_student_mix=0.0074, personal_student_adapter=0.0168, local_row_ratio=0.0655, support_density=1.0000, readout_query_delta=0.1898, personal_bad_rows_active=0.00, personal_fallback_rows_active=0.00, personal_bad_row_rate_active=0.0000, personal_padded_rows=0.00, personal_logits_support_absmax=6.7115, personal_query_trust_scale_mean=1.0000, personal_bad_rows_legacy=0.00, personal_fallback_rows_legacy=0.00, personal_logits_absmax_legacy=6.7115
2026-05-06 03:12:14,361 - INFO - [junyi|junyi_abce_best_full|lr=0.003|drop=0.40] [Diag][A] Epoch [004] | entropy_ratio=0.4791, diag_mass=0.1103, to_uniform_l2=0.008048, to_identity_l2=0.034424, relation_identity_delta=0.034424, knowledge_state_graph_delta=0.428573, knowledge_state_personal_delta=0.000000, share_concept_embeddings=True, tau_mean=0.8498, tau_std=0.0000, graph_reg_scale(train/val)=1.0000/1.0000
2026-05-06 03:12:14,361 - WARNING - [junyi|junyi_abce_best_full|lr=0.003|drop=0.40] [Diag Warning][AE] query-readout-overamplified: readout_query_delta=0.189833, query_row_graph_delta=0.189895, personal_matrix_delta=0.047384
2026-05-06 03:12:14,361 - INFO - [junyi|junyi_abce_best_full|lr=0.003|drop=0.40] [Grad Norms] Epoch [004] | relation_emb=3.743225e-01, relation_tau=1.846077e-08, relation_wq=8.087038e-07, relation_wk=6.969722e-07, personal_u=2.376975e-03, personal_v=1.365895e-03, personal_alpha_bias=0.000000e+00, personal_gate_emb=3.767550e-11, personal_gate_state_proj=2.742341e-09, personal_gate_context_proj=6.670898e-09, personal_gate_state_direct=2.393628e-04, personal_gate_id_direct=2.538640e-10, personal_gate_context_direct=5.874532e-04, personal_gate_out=4.044583e-08, personal_generator_emb=1.456826e-14, personal_generator_context_proj=2.847334e-14, personal_generator_context_hidden=5.662281e-15, personal_generator_context_to_u=9.352696e-14, personal_generator_context_to_v=1.095618e-13, personal_generator_state_row=1.585343e-09, personal_generator_state_col=1.911894e-09, personal_generator_id_row=1.088497e-11, personal_generator_id_col=1.143931e-11, personal_generator_state_adapter=1.766572e-14, personal_generator_id_adapter=9.086227e-17, personal_generator_context_adapter=1.013518e-19, personal_generator_direct_scale=8.750839e-09
2026-05-06 03:12:17,400 - INFO - [junyi|junyi_abce_best_full|lr=0.003|drop=0.40] -> New best AUC=0.7941 at epoch 4
2026-05-06 03:12:19,984 - INFO - [junyi|junyi_abce_best_full|lr=0.003|drop=0.40] Epoch [005/12] | Train: Loss=0.5810, BCE=0.5591, Reg=0.0219, AUC=0.7468, ACC=0.7181, RMSE=0.4348 | Val: Loss=0.5368, BCE=0.5151, Reg=0.0217, AUC=0.7940, ACC=0.7656, RMSE=0.4111
2026-05-06 03:12:19,984 - INFO - [junyi|junyi_abce_best_full|lr=0.003|drop=0.40] [Reg Terms] Epoch [005] | Train: graph_entropy=0.000000, graph_diag=0.013016, graph_uniform=0.006718, graph_reg_scale=1.0000, prediction_l2=0.000000, personal_sparse=0.001169, alpha_var=0.000000, alpha_collapse=0.000001, reg_bce_ratio=0.0392 | Val: graph_entropy=0.000000, graph_diag=0.012783, graph_uniform=0.006720, graph_reg_scale=1.0000, prediction_l2=0.000000, personal_sparse=0.001148, alpha_var=0.000000, alpha_collapse=0.000000, reg_bce_ratio=0.0420
2026-05-06 03:12:20,204 - INFO - [junyi|junyi_abce_best_full|lr=0.003|drop=0.40] [Diag][AE] Epoch [005] | irt_abs_mean=1.3966, irt_std=1.0933, personal_warmup_scale=1.00, graph_row_entropy=3.1407, graph_entropy_ratio=0.4797, alpha_mean=0.0599, alpha_std=0.0603, alpha_base_mean=0.0431, alpha_delta_absmean=0.0673, alpha_saturation_ratio=0.0000, alpha_bias_std=NA, alpha_state_path=1.9480, alpha_id_path=0.0000, alpha_bias_path=0.0000, head_bias_path=1.6155, personal_row_entropy=2.3035, personal_matrix_delta=0.0451, personal_matrix_student_std=0.0463, personal_delta_pre_softmax_norm=2.7568, personal_delta_student_std=2.6823, alpha_head_std=0.0599, query_row_global_readout_delta=0.2689, query_row_personal_message_delta=0.0008, query_row_posterior_delta_abs=0.0451, query_row_posterior_kl=0.0327, query_row_delta_local_rms_raw=0.0219, query_row_message_projection_gain=0.4857, personal_to_graph_query_ratio=0.0029, query_row_global_support_mass=0.0000, query_row_personal_support_mass=2.4695, neighbor_row_personal_delta=0.0000, personal_row_budget_mean=1.3000, personal_query_row_std=0.0740, readout_query_support_mass=0.0000, personal_student_mix=0.0081, personal_student_adapter=0.0181, local_row_ratio=0.0655, support_density=1.0000, readout_query_delta=0.2690, personal_bad_rows_active=0.00, personal_fallback_rows_active=0.00, personal_bad_row_rate_active=0.0000, personal_padded_rows=0.00, personal_logits_support_absmax=6.7050, personal_query_trust_scale_mean=1.0000, personal_bad_rows_legacy=0.00, personal_fallback_rows_legacy=0.00, personal_logits_absmax_legacy=6.7050
2026-05-06 03:12:20,205 - INFO - [junyi|junyi_abce_best_full|lr=0.003|drop=0.40] [Diag][A] Epoch [005] | entropy_ratio=0.4797, diag_mass=0.1065, to_uniform_l2=0.008001, to_identity_l2=0.034571, relation_identity_delta=0.034571, knowledge_state_graph_delta=0.410020, knowledge_state_personal_delta=0.000000, share_concept_embeddings=True, tau_mean=0.8210, tau_std=0.0000, graph_reg_scale(train/val)=1.0000/1.0000
2026-05-06 03:12:20,205 - WARNING - [junyi|junyi_abce_best_full|lr=0.003|drop=0.40] [Diag Warning][AE] query-readout-overamplified: readout_query_delta=0.269020, query_row_graph_delta=0.268859, personal_matrix_delta=0.045099
2026-05-06 03:12:20,205 - INFO - [junyi|junyi_abce_best_full|lr=0.003|drop=0.40] [Grad Norms] Epoch [005] | relation_emb=4.534965e-01, relation_tau=4.405031e-09, relation_wq=6.430827e-07, relation_wk=5.097002e-07, personal_u=4.373745e-03, personal_v=1.127728e-03, personal_alpha_bias=0.000000e+00, personal_gate_emb=3.919360e-12, personal_gate_state_proj=6.048297e-11, personal_gate_context_proj=3.596766e-10, personal_gate_state_direct=3.721429e-05, personal_gate_id_direct=1.257182e-10, personal_gate_context_direct=2.212286e-04, personal_gate_out=5.685084e-10, personal_generator_emb=3.887503e-15, personal_generator_context_proj=2.230882e-15, personal_generator_context_hidden=3.335390e-16, personal_generator_context_to_u=1.303906e-14, personal_generator_context_to_v=1.106537e-14, personal_generator_state_row=9.962416e-10, personal_generator_state_col=8.394780e-10, personal_generator_id_row=7.662782e-12, personal_generator_id_col=6.474157e-12, personal_generator_state_adapter=4.438757e-15, personal_generator_id_adapter=1.402747e-17, personal_generator_context_adapter=1.930275e-20, personal_generator_direct_scale=1.966196e-08
2026-05-06 03:12:20,205 - INFO - [junyi|junyi_abce_best_full|lr=0.003|drop=0.40] -> No improvement 1 epoch(s) (best AUC=0.7941 @ 4)
2026-05-06 03:12:22,628 - INFO - [junyi|junyi_abce_best_full|lr=0.003|drop=0.40] Epoch [006/12] | Train: Loss=0.5653, BCE=0.5438, Reg=0.0214, AUC=0.7593, ACC=0.7272, RMSE=0.4286 | Val: Loss=0.5644, BCE=0.5432, Reg=0.0212, AUC=0.7970, ACC=0.7578, RMSE=0.4140
2026-05-06 03:12:22,628 - INFO - [junyi|junyi_abce_best_full|lr=0.003|drop=0.40] [Reg Terms] Epoch [006] | Train: graph_entropy=0.000000, graph_diag=0.012586, graph_uniform=0.006721, graph_reg_scale=1.0000, prediction_l2=0.000000, personal_sparse=0.001156, alpha_var=0.000000, alpha_collapse=0.000005, reg_bce_ratio=0.0394 | Val: graph_entropy=0.000000, graph_diag=0.012376, graph_uniform=0.006722, graph_reg_scale=1.0000, prediction_l2=0.000000, personal_sparse=0.001154, alpha_var=0.000000, alpha_collapse=0.000000, reg_bce_ratio=0.0391
2026-05-06 03:12:22,827 - INFO - [junyi|junyi_abce_best_full|lr=0.003|drop=0.40] [Diag][AE] Epoch [006] | irt_abs_mean=1.8512, irt_std=1.5442, personal_warmup_scale=1.00, graph_row_entropy=3.1440, graph_entropy_ratio=0.4802, alpha_mean=0.0529, alpha_std=0.0534, alpha_base_mean=0.0437, alpha_delta_absmean=0.0711, alpha_saturation_ratio=0.0000, alpha_bias_std=NA, alpha_state_path=2.0925, alpha_id_path=0.0000, alpha_bias_path=0.0000, head_bias_path=1.5980, personal_row_entropy=2.3145, personal_matrix_delta=0.0458, personal_matrix_student_std=0.0483, personal_delta_pre_softmax_norm=2.7585, personal_delta_student_std=2.7090, alpha_head_std=0.0529, query_row_global_readout_delta=0.3904, query_row_personal_message_delta=0.0006, query_row_posterior_delta_abs=0.0458, query_row_posterior_kl=0.0333, query_row_delta_local_rms_raw=0.0216, query_row_message_projection_gain=0.4730, personal_to_graph_query_ratio=0.0014, query_row_global_support_mass=0.0000, query_row_personal_support_mass=2.4969, neighbor_row_personal_delta=0.0000, personal_row_budget_mean=1.3000, personal_query_row_std=0.0887, readout_query_support_mass=0.0000, personal_student_mix=0.0089, personal_student_adapter=0.0194, local_row_ratio=0.0658, support_density=1.0000, readout_query_delta=0.3906, personal_bad_rows_active=0.00, personal_fallback_rows_active=0.00, personal_bad_row_rate_active=0.0000, personal_padded_rows=0.00, personal_logits_support_absmax=6.6741, personal_query_trust_scale_mean=1.0000, personal_bad_rows_legacy=0.00, personal_fallback_rows_legacy=0.00, personal_logits_absmax_legacy=6.6741
2026-05-06 03:12:22,827 - INFO - [junyi|junyi_abce_best_full|lr=0.003|drop=0.40] [Diag][A] Epoch [006] | entropy_ratio=0.4802, diag_mass=0.1031, to_uniform_l2=0.007961, to_identity_l2=0.034702, relation_identity_delta=0.034702, knowledge_state_graph_delta=0.397724, knowledge_state_personal_delta=0.000000, share_concept_embeddings=True, tau_mean=0.7962, tau_std=0.0000, graph_reg_scale(train/val)=1.0000/1.0000
2026-05-06 03:12:22,827 - WARNING - [junyi|junyi_abce_best_full|lr=0.003|drop=0.40] [Diag Warning][AE] query-readout-overamplified: readout_query_delta=0.390644, query_row_graph_delta=0.390442, personal_matrix_delta=0.045765
2026-05-06 03:12:22,827 - INFO - [junyi|junyi_abce_best_full|lr=0.003|drop=0.40] [Grad Norms] Epoch [006] | relation_emb=4.735344e-01, relation_tau=1.369410e-09, relation_wq=3.056251e-07, relation_wk=2.637266e-07, personal_u=1.764978e-03, personal_v=1.117791e-03, personal_alpha_bias=0.000000e+00, personal_gate_emb=1.246009e-12, personal_gate_state_proj=1.330518e-11, personal_gate_context_proj=3.620003e-11, personal_gate_state_direct=6.758784e-05, personal_gate_id_direct=8.422561e-11, personal_gate_context_direct=1.838887e-04, personal_gate_out=2.008193e-09, personal_generator_emb=1.422041e-15, personal_generator_context_proj=3.931233e-16, personal_generator_context_hidden=3.038083e-17, personal_generator_context_to_u=4.156057e-15, personal_generator_context_to_v=3.075441e-15, personal_generator_state_row=6.360989e-10, personal_generator_state_col=4.951587e-10, personal_generator_id_row=7.963068e-12, personal_generator_id_col=6.023048e-12, personal_generator_state_adapter=1.874114e-16, personal_generator_id_adapter=8.151856e-18, personal_generator_context_adapter=4.836763e-20, personal_generator_direct_scale=3.084800e-08
2026-05-06 03:12:23,620 - INFO - [junyi|junyi_abce_best_full|lr=0.003|drop=0.40] -> New best AUC=0.7970 at epoch 6
2026-05-06 03:12:26,149 - INFO - [junyi|junyi_abce_best_full|lr=0.003|drop=0.40] Epoch [007/12] | Train: Loss=0.5709, BCE=0.5498, Reg=0.0211, AUC=0.7500, ACC=0.7161, RMSE=0.4305 | Val: Loss=0.5277, BCE=0.5068, Reg=0.0209, AUC=0.8044, ACC=0.7682, RMSE=0.4072
2026-05-06 03:12:26,149 - INFO - [junyi|junyi_abce_best_full|lr=0.003|drop=0.40] [Reg Terms] Epoch [007] | Train: graph_entropy=0.000000, graph_diag=0.012199, graph_uniform=0.006723, graph_reg_scale=1.0000, prediction_l2=0.000000, personal_sparse=0.001177, alpha_var=0.000000, alpha_collapse=0.000005, reg_bce_ratio=0.0384 | Val: graph_entropy=0.000000, graph_diag=0.012011, graph_uniform=0.006724, graph_reg_scale=1.0000, prediction_l2=0.000000, personal_sparse=0.001194, alpha_var=0.000000, alpha_collapse=0.000000, reg_bce_ratio=0.0412
2026-05-06 03:12:26,375 - INFO - [junyi|junyi_abce_best_full|lr=0.003|drop=0.40] [Diag][AE] Epoch [007] | irt_abs_mean=1.3957, irt_std=1.0925, personal_warmup_scale=1.00, graph_row_entropy=3.1469, graph_entropy_ratio=0.4807, alpha_mean=0.0517, alpha_std=0.0488, alpha_base_mean=0.0444, alpha_delta_absmean=0.0488, alpha_saturation_ratio=0.0000, alpha_bias_std=NA, alpha_state_path=1.1101, alpha_id_path=0.0000, alpha_bias_path=0.0000, head_bias_path=1.5805, personal_row_entropy=2.3884, personal_matrix_delta=0.0448, personal_matrix_student_std=0.0477, personal_delta_pre_softmax_norm=2.7512, personal_delta_student_std=2.7052, alpha_head_std=0.0486, query_row_global_readout_delta=0.2454, query_row_personal_message_delta=0.0004, query_row_posterior_delta_abs=0.0448, query_row_posterior_kl=0.0322, query_row_delta_local_rms_raw=0.0174, query_row_message_projection_gain=0.3876, personal_to_graph_query_ratio=0.0018, query_row_global_support_mass=0.0000, query_row_personal_support_mass=2.3730, neighbor_row_personal_delta=0.0000, personal_row_budget_mean=1.3000, personal_query_row_std=0.0770, readout_query_support_mass=0.0000, personal_student_mix=0.0097, personal_student_adapter=0.0207, local_row_ratio=0.0660, support_density=1.0000, readout_query_delta=0.2453, personal_bad_rows_active=0.00, personal_fallback_rows_active=0.00, personal_bad_row_rate_active=0.0000, personal_padded_rows=0.00, personal_logits_support_absmax=6.7198, personal_query_trust_scale_mean=1.0000, personal_bad_rows_legacy=0.00, personal_fallback_rows_legacy=0.00, personal_logits_absmax_legacy=6.7198
2026-05-06 03:12:26,376 - INFO - [junyi|junyi_abce_best_full|lr=0.003|drop=0.40] [Diag][A] Epoch [007] | entropy_ratio=0.4807, diag_mass=0.1001, to_uniform_l2=0.007927, to_identity_l2=0.034820, relation_identity_delta=0.034820, knowledge_state_graph_delta=0.384125, knowledge_state_personal_delta=0.000000, share_concept_embeddings=True, tau_mean=0.7751, tau_std=0.0000, graph_reg_scale(train/val)=1.0000/1.0000
2026-05-06 03:12:26,376 - WARNING - [junyi|junyi_abce_best_full|lr=0.003|drop=0.40] [Diag Warning][AE] query-readout-overamplified: readout_query_delta=0.245278, query_row_graph_delta=0.245425, personal_matrix_delta=0.044825
2026-05-06 03:12:26,376 - INFO - [junyi|junyi_abce_best_full|lr=0.003|drop=0.40] [Grad Norms] Epoch [007] | relation_emb=4.192822e-01, relation_tau=3.258049e-10, relation_wq=1.508464e-07, relation_wk=1.075448e-07, personal_u=3.013032e-03, personal_v=1.309530e-03, personal_alpha_bias=0.000000e+00, personal_gate_emb=2.714784e-11, personal_gate_state_proj=8.811518e-11, personal_gate_context_proj=1.588654e-10, personal_gate_state_direct=4.259904e-03, personal_gate_id_direct=8.561108e-10, personal_gate_context_direct=7.678930e-03, personal_gate_out=4.950094e-08, personal_generator_emb=2.622047e-16, personal_generator_context_proj=9.441898e-18, personal_generator_context_hidden=1.133636e-18, personal_generator_context_to_u=6.077744e-16, personal_generator_context_to_v=4.175983e-16, personal_generator_state_row=1.579819e-10, personal_generator_state_col=9.811873e-11, personal_generator_id_row=3.569337e-12, personal_generator_id_col=2.567566e-12, personal_generator_state_adapter=7.750647e-17, personal_generator_id_adapter=2.474097e-18, personal_generator_context_adapter=7.676171e-22, personal_generator_direct_scale=5.999872e-09
2026-05-06 03:12:27,215 - INFO - [junyi|junyi_abce_best_full|lr=0.003|drop=0.40] -> New best AUC=0.8044 at epoch 7
2026-05-06 03:12:29,763 - INFO - [junyi|junyi_abce_best_full|lr=0.003|drop=0.40] Epoch [008/12] | Train: Loss=0.5559, BCE=0.5351, Reg=0.0208, AUC=0.7799, ACC=0.7383, RMSE=0.4229 | Val: Loss=0.5391, BCE=0.5185, Reg=0.0206, AUC=0.7940, ACC=0.7708, RMSE=0.4087
2026-05-06 03:12:29,764 - INFO - [junyi|junyi_abce_best_full|lr=0.003|drop=0.40] [Reg Terms] Epoch [008] | Train: graph_entropy=0.000000, graph_diag=0.011851, graph_uniform=0.006725, graph_reg_scale=1.0000, prediction_l2=0.000000, personal_sparse=0.001174, alpha_var=0.000000, alpha_collapse=0.000001, reg_bce_ratio=0.0388 | Val: graph_entropy=0.000000, graph_diag=0.011681, graph_uniform=0.006726, graph_reg_scale=1.0000, prediction_l2=0.000000, personal_sparse=0.001162, alpha_var=0.000000, alpha_collapse=0.000000, reg_bce_ratio=0.0397
2026-05-06 03:12:29,964 - INFO - [junyi|junyi_abce_best_full|lr=0.003|drop=0.40] [Diag][AE] Epoch [008] | irt_abs_mean=1.7644, irt_std=1.1922, personal_warmup_scale=1.00, graph_row_entropy=3.1495, graph_entropy_ratio=0.4811, alpha_mean=0.0499, alpha_std=0.0488, alpha_base_mean=0.0450, alpha_delta_absmean=0.0496, alpha_saturation_ratio=0.0000, alpha_bias_std=NA, alpha_state_path=1.1254, alpha_id_path=0.0000, alpha_bias_path=0.0000, head_bias_path=1.5632, personal_row_entropy=2.3411, personal_matrix_delta=0.0459, personal_matrix_student_std=0.0512, personal_delta_pre_softmax_norm=2.6659, personal_delta_student_std=2.6287, alpha_head_std=0.0487, query_row_global_readout_delta=0.3032, query_row_personal_message_delta=0.0003, query_row_posterior_delta_abs=0.0459, query_row_posterior_kl=0.0342, query_row_delta_local_rms_raw=0.0127, query_row_message_projection_gain=0.2768, personal_to_graph_query_ratio=0.0009, query_row_global_support_mass=0.0000, query_row_personal_support_mass=2.4170, neighbor_row_personal_delta=0.0000, personal_row_budget_mean=1.3000, personal_query_row_std=0.1129, readout_query_support_mass=0.0000, personal_student_mix=0.0106, personal_student_adapter=0.0220, local_row_ratio=0.0662, support_density=1.0000, readout_query_delta=0.3032, personal_bad_rows_active=0.00, personal_fallback_rows_active=0.00, personal_bad_row_rate_active=0.0000, personal_padded_rows=0.00, personal_logits_support_absmax=6.7661, personal_query_trust_scale_mean=1.0000, personal_bad_rows_legacy=0.00, personal_fallback_rows_legacy=0.00, personal_logits_absmax_legacy=6.7661
2026-05-06 03:12:29,964 - INFO - [junyi|junyi_abce_best_full|lr=0.003|drop=0.40] [Diag][A] Epoch [008] | entropy_ratio=0.4811, diag_mass=0.0973, to_uniform_l2=0.007897, to_identity_l2=0.034926, relation_identity_delta=0.034926, knowledge_state_graph_delta=0.375381, knowledge_state_personal_delta=0.000000, share_concept_embeddings=True, tau_mean=0.7574, tau_std=0.0000, graph_reg_scale(train/val)=1.0000/1.0000
2026-05-06 03:12:29,964 - WARNING - [junyi|junyi_abce_best_full|lr=0.003|drop=0.40] [Diag Warning][AE] query-readout-overamplified: readout_query_delta=0.303174, query_row_graph_delta=0.303203, personal_matrix_delta=0.045899
2026-05-06 03:12:29,964 - INFO - [junyi|junyi_abce_best_full|lr=0.003|drop=0.40] [Grad Norms] Epoch [008] | relation_emb=4.079552e-01, relation_tau=5.496702e-11, relation_wq=6.105625e-08, relation_wk=4.734824e-08, personal_u=1.211894e-03, personal_v=1.368904e-03, personal_alpha_bias=0.000000e+00, personal_gate_emb=1.242841e-13, personal_gate_state_proj=3.353686e-14, personal_gate_context_proj=9.726268e-14, personal_gate_state_direct=2.615160e-05, personal_gate_id_direct=2.798755e-11, personal_gate_context_direct=7.215674e-05, personal_gate_out=1.296946e-10, personal_generator_emb=9.075777e-17, personal_generator_context_proj=1.200572e-18, personal_generator_context_hidden=1.090620e-19, personal_generator_context_to_u=1.634976e-16, personal_generator_context_to_v=2.169145e-16, personal_generator_state_row=2.877602e-11, personal_generator_state_col=4.277008e-11, personal_generator_id_row=3.007331e-12, personal_generator_id_col=3.842815e-12, personal_generator_state_adapter=3.139205e-19, personal_generator_id_adapter=2.056288e-19, personal_generator_context_adapter=5.644055e-23, personal_generator_direct_scale=6.749756e-09
2026-05-06 03:12:29,964 - INFO - [junyi|junyi_abce_best_full|lr=0.003|drop=0.40] -> No improvement 1 epoch(s) (best AUC=0.8044 @ 7)
2026-05-06 03:12:32,470 - INFO - [junyi|junyi_abce_best_full|lr=0.003|drop=0.40] Epoch [009/12] | Train: Loss=0.5739, BCE=0.5534, Reg=0.0205, AUC=0.7620, ACC=0.7174, RMSE=0.4323 | Val: Loss=0.5210, BCE=0.5007, Reg=0.0203, AUC=0.8035, ACC=0.7708, RMSE=0.4049
2026-05-06 03:12:32,471 - INFO - [junyi|junyi_abce_best_full|lr=0.003|drop=0.40] [Reg Terms] Epoch [009] | Train: graph_entropy=0.000000, graph_diag=0.011535, graph_uniform=0.006727, graph_reg_scale=1.0000, prediction_l2=0.000000, personal_sparse=0.001175, alpha_var=0.000000, alpha_collapse=0.000003, reg_bce_ratio=0.0370 | Val: graph_entropy=0.000000, graph_diag=0.011381, graph_uniform=0.006728, graph_reg_scale=1.0000, prediction_l2=0.000000, personal_sparse=0.001148, alpha_var=0.000000, alpha_collapse=0.000000, reg_bce_ratio=0.0405
2026-05-06 03:12:32,671 - INFO - [junyi|junyi_abce_best_full|lr=0.003|drop=0.40] [Diag][AE] Epoch [009] | irt_abs_mean=1.3359, irt_std=0.9109, personal_warmup_scale=1.00, graph_row_entropy=3.1517, graph_entropy_ratio=0.4814, alpha_mean=0.0451, alpha_std=0.0455, alpha_base_mean=0.0457, alpha_delta_absmean=0.0481, alpha_saturation_ratio=0.0000, alpha_bias_std=NA, alpha_state_path=1.0814, alpha_id_path=0.0000, alpha_bias_path=0.0000, head_bias_path=1.5460, personal_row_entropy=2.2890, personal_matrix_delta=0.0465, personal_matrix_student_std=0.0496, personal_delta_pre_softmax_norm=2.7073, personal_delta_student_std=2.6445, alpha_head_std=0.0451, query_row_global_readout_delta=0.2066, query_row_personal_message_delta=0.0003, query_row_posterior_delta_abs=0.0465, query_row_posterior_kl=0.0343, query_row_delta_local_rms_raw=0.0133, query_row_message_projection_gain=0.2850, personal_to_graph_query_ratio=0.0013, query_row_global_support_mass=0.0000, query_row_personal_support_mass=2.4043, neighbor_row_personal_delta=0.0000, personal_row_budget_mean=1.3000, personal_query_row_std=0.0939, readout_query_support_mass=0.0000, personal_student_mix=0.0115, personal_student_adapter=0.0233, local_row_ratio=0.0660, support_density=1.0000, readout_query_delta=0.2066, personal_bad_rows_active=0.00, personal_fallback_rows_active=0.00, personal_bad_row_rate_active=0.0000, personal_padded_rows=0.00, personal_logits_support_absmax=6.7410, personal_query_trust_scale_mean=1.0000, personal_bad_rows_legacy=0.00, personal_fallback_rows_legacy=0.00, personal_logits_absmax_legacy=6.7410
2026-05-06 03:12:32,672 - INFO - [junyi|junyi_abce_best_full|lr=0.003|drop=0.40] [Diag][A] Epoch [009] | entropy_ratio=0.4814, diag_mass=0.0948, to_uniform_l2=0.007871, to_identity_l2=0.035023, relation_identity_delta=0.035023, knowledge_state_graph_delta=0.359458, knowledge_state_personal_delta=0.000000, share_concept_embeddings=True, tau_mean=0.7428, tau_std=0.0000, graph_reg_scale(train/val)=1.0000/1.0000
2026-05-06 03:12:32,672 - WARNING - [junyi|junyi_abce_best_full|lr=0.003|drop=0.40] [Diag Warning][AE] query-readout-overamplified: readout_query_delta=0.206625, query_row_graph_delta=0.206554, personal_matrix_delta=0.046530
2026-05-06 03:12:32,672 - INFO - [junyi|junyi_abce_best_full|lr=0.003|drop=0.40] [Grad Norms] Epoch [009] | relation_emb=3.536868e-01, relation_tau=1.322014e-11, relation_wq=3.748204e-08, relation_wk=2.004975e-08, personal_u=4.219219e-03, personal_v=6.548300e-04, personal_alpha_bias=0.000000e+00, personal_gate_emb=5.078120e-14, personal_gate_state_proj=1.498171e-15, personal_gate_context_proj=5.940173e-15, personal_gate_state_direct=2.367182e-05, personal_gate_id_direct=3.840919e-11, personal_gate_context_direct=9.309026e-05, personal_gate_out=5.550812e-11, personal_generator_emb=1.090270e-17, personal_generator_context_proj=3.772190e-20, personal_generator_context_hidden=2.759467e-21, personal_generator_context_to_u=2.890945e-17, personal_generator_context_to_v=2.527566e-17, personal_generator_state_row=2.857915e-12, personal_generator_state_col=2.766924e-12, personal_generator_id_row=1.273376e-12, personal_generator_id_col=1.056507e-12, personal_generator_state_adapter=1.537004e-20, personal_generator_id_adapter=1.794592e-20, personal_generator_context_adapter=2.774730e-24, personal_generator_direct_scale=2.205295e-09
2026-05-06 03:12:32,672 - INFO - [junyi|junyi_abce_best_full|lr=0.003|drop=0.40] -> No improvement 2 epoch(s) (best AUC=0.8044 @ 7)
2026-05-06 03:12:32,672 - INFO - [junyi|junyi_abce_best_full|lr=0.003|drop=0.40] Early stopping at epoch 9 (best AUC=0.8044 @ 7)
2026-05-06 03:12:32,678 - INFO - Epoch-wise metrics saved to checkpoints/abce_diag/remote_writer_residual_matched_probe_20260506_a5a38c6/junyi/seed42/best_full/metrics_history.csv
2026-05-06 03:12:32,679 - INFO - [junyi|junyi_abce_best_full|lr=0.003|drop=0.40] Training completed! Best Val AUC=0.8044 @ epoch 7
2026-05-06 03:12:33,151 - INFO - 
============================================================
         MODULE ACTIVITY REPORT
============================================================
Dataset: junyi | Seed: 42 | Epoch: 9

1. Concept Graph Module (A):
   - Mean row entropy: 3.152 / 6.547
   - Entropy ratio: 48.1%
   - Query readout delta: 0.2051
   - Query head var: 0.0004
   - Status: LIVE_BUT_COLLAPSED (graph enters query rows but head diversity is washed out)
   -> Consider: strengthen head-wise query gating or graph query adapter leverage

2. Personal Graph Module (E):
   - Alpha mean: 0.046
   - Alpha std: 0.046
   - Alpha bias std: 0.000
   - Personal/global delta: 0.0465
   - Inter-student matrix std: 0.0492
   - Query personal message delta: 0.0003
   - Query posterior KL: 0.0343
   - Query message projection gain: 0.3002
   - Query message alignment: 0.1947
   - Query self support mass: 0.0057
   - Query graph support mass: 0.0360
   - Query personal std: 0.0977
   - Personal/global query ratio: 0.0014
   - Status: WEAK (posterior is moving, but effective query correction is still too small)
   -> Consider: widen message basis or improve message projection leverage

------------------------------------------------------------
SUMMARY:
   Active modules: Concept Graph (A)
   Inactive modules: Personal Graph (E)
============================================================
2026-05-06 03:12:33,151 - INFO - [junyi|junyi_abce_best_full|lr=0.003|drop=0.40] Module activity saved to checkpoints/abce_diag/remote_writer_residual_matched_probe_20260506_a5a38c6/junyi/seed42/best_full/module_activity.json
2026-05-06 03:12:33,204 - INFO - Using device: cuda:0
2026-05-06 03:12:33,204 - INFO - Loading model from checkpoints/abce_diag/remote_writer_residual_matched_probe_20260506_a5a38c6/junyi/seed42/best_full/best_model.pth...
2026-05-06 03:12:33,345 - INFO - [Inference Filter] before=67063, after=60494, dropped=6569, coverage=90.20% (train-only seen student/item support)
2026-05-06 03:12:33,366 - INFO - Inference switches: ablate_module1=False | enable_module1=True | use_concept_graph=True | effective(num_gnn_layers=2)
2026-05-06 03:12:33,497 - INFO - [Inference] Ablation runtime check: args(ablate_module1=False) | expect(use_concept_graph=True,use_personal_graph=True) | model(enable_module1=True,use_concept_graph=True,use_personal_graph=True) | physical(has_knowledge_encoder=True,has_relation_learning=True,has_adaptive_gate=True,has_personal_generator=True)
2026-05-06 03:12:33,498 - INFO - [Inference] [Graph Init] graph_tau_mean=1.0055, graph_tau_std=0.0000, graph_dropout=0.000, use_personal_graph=True
2026-05-06 03:12:33,500 - INFO - Model loaded from epoch 7. Start testing...
2026-05-06 03:12:33,904 - INFO - 
==================================================
2026-05-06 03:12:33,904 - INFO - Test Results:
2026-05-06 03:12:33,904 - INFO - AUC: 0.7784
2026-05-06 03:12:33,904 - INFO - ACC: 0.7214
2026-05-06 03:12:33,904 - INFO - RMSE: 0.4218
2026-05-06 03:12:33,904 - INFO - ==================================================
2026-05-06 03:12:33,927 - INFO - Summary appended to /home/zsh/ConceptSkillCDM/results/experiment_results.csv
2026-05-06 03:12:33,930 - INFO - Run completed.
2026-05-06 03:12:33,930 - INFO - Best validation AUC: 0.8044 at epoch 7
2026-05-06 03:12:33,930 - INFO - Test metrics - AUC: 0.7784, ACC: 0.7214, RMSE: 0.4218
