2026-05-08 11:36:35,289 - INFO - Arguments:
2026-05-08 11:36:35,289 - INFO -   ablate_concept_graph: False
2026-05-08 11:36:35,289 - INFO -   ablate_module1: False
2026-05-08 11:36:35,289 - INFO -   ae_interaction_logit_scale: 1.0
2026-05-08 11:36:35,289 - INFO -   ae_irt_logit_scale: 0.2
2026-05-08 11:36:35,289 - INFO -   ae_logit_dim: 64
2026-05-08 11:36:35,289 - INFO -   ae_logit_residual_clip: 6.0
2026-05-08 11:36:35,289 - INFO -   ae_logit_residual_scale: 1.0
2026-05-08 11:36:35,289 - INFO -   ae_lr_mult: 5.0
2026-05-08 11:36:35,289 - INFO -   ae_posterior_prior_scale: 3.0
2026-05-08 11:36:35,289 - INFO -   ae_query_residual_scale: 0.0
2026-05-08 11:36:35,289 - INFO -   ae_stat_prior_scale: 1.0
2026-05-08 11:36:35,289 - INFO -   allow_self_loop: True
2026-05-08 11:36:35,289 - INFO -   alpha_min_target: 0.04
2026-05-08 11:36:35,289 - INFO -   batch_size: 512
2026-05-08 11:36:35,289 - INFO -   data_dir: ./data/assist_17
2026-05-08 11:36:35,289 - INFO -   dataset_name: assist_17
2026-05-08 11:36:35,289 - INFO -   debug_graph_diag: True
2026-05-08 11:36:35,289 - INFO -   diag_batches: 1
2026-05-08 11:36:35,289 - INFO -   disable_self_loop: False
2026-05-08 11:36:35,290 - INFO -   dropout: 0.25
2026-05-08 11:36:35,290 - INFO -   early_stop_patience: 3
2026-05-08 11:36:35,290 - INFO -   enable_module1: True
2026-05-08 11:36:35,290 - INFO -   epochs: 100
2026-05-08 11:36:35,290 - INFO -   generate_diagnosis: False
2026-05-08 11:36:35,290 - INFO -   gnn_residual_weight: 0.5
2026-05-08 11:36:35,290 - INFO -   gpu_candidates: None
2026-05-08 11:36:35,290 - INFO -   gpu_ids: None
2026-05-08 11:36:35,290 - INFO -   gpu_memory_threshold: 2000
2026-05-08 11:36:35,290 - INFO -   gpus: None
2026-05-08 11:36:35,290 - INFO -   graph_dropout: 0.0
2026-05-08 11:36:35,290 - INFO -   graph_edge_bias_rank: 8
2026-05-08 11:36:35,290 - INFO -   graph_entropy_max: 0.8
2026-05-08 11:36:35,290 - INFO -   graph_entropy_min: 0.15
2026-05-08 11:36:35,290 - INFO -   graph_headwise_query_gate: True
2026-05-08 11:36:35,290 - INFO -   graph_identity_residual: 0.05
2026-05-08 11:36:35,290 - INFO -   graph_prior_logit_scale: 0.35
2026-05-08 11:36:35,290 - INFO -   graph_propagation_alpha: 0.2
2026-05-08 11:36:35,290 - INFO -   graph_query_adapter_enable: True
2026-05-08 11:36:35,290 - INFO -   graph_query_readout_2hop_scale: 0.12
2026-05-08 11:36:35,290 - INFO -   graph_query_readout_scale: 0.35
2026-05-08 11:36:35,290 - INFO -   graph_reg_cap_ratio: 6.0
2026-05-08 11:36:35,290 - INFO -   graph_reg_warmup_epochs: 0
2026-05-08 11:36:35,290 - INFO -   graph_tau_init: 0.55
2026-05-08 11:36:35,290 - INFO -   graph_topk: 24
2026-05-08 11:36:35,290 - INFO -   graph_uniform_margin: 0.1
2026-05-08 11:36:35,290 - INFO -   knowledge_dim: 128
2026-05-08 11:36:35,290 - INFO -   lambda_alpha: 0.05
2026-05-08 11:36:35,290 - INFO -   lambda_alpha_min: 0.05
2026-05-08 11:36:35,290 - INFO -   lambda_graph_diag: 0.1
2026-05-08 11:36:35,290 - INFO -   lambda_graph_uniform: 0.04
2026-05-08 11:36:35,290 - INFO -   lambda_personal_kl: 0.02
2026-05-08 11:36:35,290 - INFO -   lambda_personal_query_residual: 0.04
2026-05-08 11:36:35,291 - INFO -   lambda_sparse: 0.6
2026-05-08 11:36:35,291 - INFO -   lambda_sparse_personal: 0.002
2026-05-08 11:36:35,291 - INFO -   lambda_theta_prior_align: 0.0
2026-05-08 11:36:35,291 - INFO -   learning_rate: 0.001
2026-05-08 11:36:35,291 - INFO -   log_dir: /home/zsh/ConceptSkillCDM/logs/assist17_best_ablation_20260508_113632/assist17_best_no_E
2026-05-08 11:36:35,291 - INFO -   max_test_batches: None
2026-05-08 11:36:35,291 - INFO -   max_train_batches: None
2026-05-08 11:36:35,291 - INFO -   max_val_batches: None
2026-05-08 11:36:35,291 - INFO -   min_exer_interactions: 0
2026-05-08 11:36:35,291 - INFO -   min_poison_count: 0
2026-05-08 11:36:35,291 - INFO -   min_stu_interactions: 15
2026-05-08 11:36:35,291 - INFO -   model_variant: assist17_best_no_E
2026-05-08 11:36:35,291 - INFO -   multi_gpu: False
2026-05-08 11:36:35,291 - INFO -   no_cuda: False
2026-05-08 11:36:35,291 - INFO -   num_gnn_layers: 2
2026-05-08 11:36:35,291 - INFO -   num_gpus: 1
2026-05-08 11:36:35,291 - INFO -   num_relation_heads: 4
2026-05-08 11:36:35,291 - INFO -   num_workers: 4
2026-05-08 11:36:35,291 - INFO -   patience: 5
2026-05-08 11:36:35,291 - INFO -   personal_alpha_base_init: 0.05
2026-05-08 11:36:35,291 - INFO -   personal_alpha_bias_scale: 0.0
2026-05-08 11:36:35,291 - INFO -   personal_alpha_budget: 0.1
2026-05-08 11:36:35,291 - INFO -   personal_alpha_temperature: 2.0
2026-05-08 11:36:35,291 - INFO -   personal_delta_scale: 4.0
2026-05-08 11:36:35,291 - INFO -   personal_disable_student_global_context: True
2026-05-08 11:36:35,291 - INFO -   personal_id_lr_mult: 0.5
2026-05-08 11:36:35,291 - INFO -   personal_include_neighbor_rows: False
2026-05-08 11:36:35,291 - INFO -   personal_item_support_mass: 0.2
2026-05-08 11:36:35,291 - INFO -   personal_local_hops: 1
2026-05-08 11:36:35,291 - INFO -   personal_mastery_prior_scale: 0.55
2026-05-08 11:36:35,291 - INFO -   personal_max_alpha: 0.28
2026-05-08 11:36:35,291 - INFO -   personal_message_alignment_gate: True
2026-05-08 11:36:35,292 - INFO -   personal_neighbor_row_budget: 0.3
2026-05-08 11:36:35,292 - INFO -   personal_projection_hidden_factor: 2
2026-05-08 11:36:35,292 - INFO -   personal_query_correction_max_ratio: 0.24
2026-05-08 11:36:35,292 - INFO -   personal_query_correction_min_graph_anchor: 0.02
2026-05-08 11:36:35,292 - INFO -   personal_query_correction_scale: 0.28
2026-05-08 11:36:35,292 - INFO -   personal_query_message_gain: 1.0
2026-05-08 11:36:35,292 - INFO -   personal_query_residual_margin: 0.08
2026-05-08 11:36:35,292 - INFO -   personal_query_row_budget: 1.0
2026-05-08 11:36:35,292 - INFO -   personal_query_support_hops: 1
2026-05-08 11:36:35,292 - INFO -   personal_rank: 8
2026-05-08 11:36:35,292 - INFO -   personal_recent_mastery_prior_scale: 0.25
2026-05-08 11:36:35,292 - INFO -   personal_reg_warmup_epochs: 6
2026-05-08 11:36:35,292 - INFO -   personal_state_lr_mult: 1.0
2026-05-08 11:36:35,292 - INFO -   personal_student_dim: 64
2026-05-08 11:36:35,292 - INFO -   personal_support_include_graph: True
2026-05-08 11:36:35,292 - INFO -   personal_support_include_neighbors: False
2026-05-08 11:36:35,292 - INFO -   personal_support_include_query_self: True
2026-05-08 11:36:35,292 - INFO -   personal_support_only: True
2026-05-08 11:36:35,292 - INFO -   personal_value_use_global_basis: True
2026-05-08 11:36:35,292 - INFO -   personal_warmup_epochs: 6
2026-05-08 11:36:35,292 - INFO -   prediction_l2_lambda: 1e-05
2026-05-08 11:36:35,292 - INFO -   relation_theta_delta_clip: 2.0
2026-05-08 11:36:35,292 - INFO -   relation_theta_scale: 0.0
2026-05-08 11:36:35,292 - INFO -   save_dir: /home/zsh/ConceptSkillCDM/checkpoints/assist17_best_ablation_20260508_113632/assist17_best_no_E
2026-05-08 11:36:35,292 - INFO -   save_interval: 10
2026-05-08 11:36:35,292 - INFO -   seed: 42
2026-05-08 11:36:35,292 - INFO -   share_concept_embeddings: True
2026-05-08 11:36:35,292 - INFO -   use_concept_graph: True
2026-05-08 11:36:35,292 - INFO -   use_exercise_graph: True
2026-05-08 11:36:35,292 - INFO -   use_personal_graph: False
2026-05-08 11:36:35,292 - INFO -   weight_decay: 1e-05
2026-05-08 11:36:35,433 - INFO - Using device: cuda:0 (physical gpu 3)
2026-05-08 11:36:35,433 - INFO - [assist_17|assist17_best_no_E|lr=0.001|drop=0.25] Loading datasets...
2026-05-08 11:36:35,433 - INFO - [assist_17|assist17_best_no_E|lr=0.001|drop=0.25] Regularization: graph_entropy(lambda_sparse)=0.600000, graph_diag=0.100000, graph_uniform=0.040000, personal_sparse=0.002000, personal_kl=0.020000, personal_query_residual=0.040000, theta_prior_align=0.000000, alpha_penalty=0.050000, alpha_min=0.050000, prediction_l2=0.000010
2026-05-08 11:36:35,433 - INFO - [assist_17|assist17_best_no_E|lr=0.001|drop=0.25] Graph controls: entropy_band=[0.15, 0.80], uniform_margin=0.10, warmup_epochs=0, cap_ratio=6.00, graph_dropout=0.000, graph_tau_init=0.550
2026-05-08 11:36:35,433 - INFO - [assist_17|assist17_best_no_E|lr=0.001|drop=0.25] Personal controls: personal_max_alpha=0.280, personal_delta_scale=4.000, personal_warmup_epochs=6, personal_student_dim=64, alpha_min_target=0.0400, personal_local_hops=1, include_neighbor_rows=False, personal_support_only=True, personal_alpha_temperature=2.000, personal_alpha_budget=0.100, personal_query_row_budget=1.000, personal_neighbor_row_budget=0.300, personal_query_support_hops=1, personal_item_support_mass=0.200, personal_mastery_prior_scale=0.550, personal_recent_mastery_prior_scale=0.250, personal_query_message_gain=1.000, personal_query_correction_scale=0.280, personal_state_lr_mult=1.000, personal_id_lr_mult=0.500, graph_propagation_alpha=0.200, graph_query_readout_scale=0.350, graph_query_readout_2hop_scale=0.120
2026-05-08 11:36:35,561 - INFO - [assist_17] [数据清洗] 学生交互次数 < 15 次的学生：共移除 3 个学生（仅统计用户数）
2026-05-08 11:36:35,578 - INFO - [assist_17] [数据清洗] 学生冷启动过滤：在 train/valid/test 中共删除 52 条记录。
2026-05-08 11:36:35,579 - INFO - [assist_17] [数据清洗] 跳过题目冷门过滤（min_exer_interactions <= 0）。
2026-05-08 11:36:35,579 - INFO - [assist_17] [数据清洗] 跳过毒题清洗（min_poison_count <= 0）。
2026-05-08 11:36:35,579 - INFO - [assist_17] 正在构建ID映射...
2026-05-08 11:36:35,838 - INFO - [assist_17] 正在构建Q矩阵...
2026-05-08 11:36:49,646 - INFO - [assist_17] [A Prior] train-only evidence: item_edges=624, item_density=0.0618, item_entropy=1.1982, seq_raw_mass=574872.1, seq_weighted_mass=1654.3, seq_students=1699, seq_edges=7711, seq_density=0.7635, seq_entropy=3.5454
2026-05-08 11:36:49,651 - INFO - [assist_17] [数据清洗] Valid train-seen 过滤：before=30538, after=30515, dropped=23, coverage=99.92%
2026-05-08 11:36:49,659 - INFO - [assist_17] [数据清洗] Test train-seen 过滤：before=77351, after=77261, dropped=90, coverage=99.88%
2026-05-08 11:36:49,664 - INFO - [assist_17] [统计] 开始统计清洗后每道题的概念数量分布...
2026-05-08 11:36:49,670 - INFO - [assist_17] [Train] 概念数统计：题目数=3067, 平均概念数=1.2211, min=1, max=3, 1概念=2400 (78.25%), ≥2概念=667 (21.75%)
2026-05-08 11:36:49,670 - INFO - [assist_17] [Train] 概念数直方图（概念数: 题目数量）: {1: 2400, 2: 656, 3: 11}
2026-05-08 11:36:49,672 - INFO - [assist_17] [Valid] 概念数统计：题目数=2404, 平均概念数=1.2779, min=1, max=3, 1概念=1747 (72.67%), ≥2概念=657 (27.33%)
2026-05-08 11:36:49,672 - INFO - [assist_17] [Valid] 概念数直方图（概念数: 题目数量）: {1: 1747, 2: 646, 3: 11}
2026-05-08 11:36:49,673 - INFO - [assist_17] [Test] 概念数统计：题目数=2664, 平均概念数=1.2530, min=1, max=3, 1概念=2001 (75.11%), ≥2概念=663 (24.89%)
2026-05-08 11:36:49,673 - INFO - [assist_17] [Test] 概念数直方图（概念数: 题目数量）: {1: 2001, 2: 652, 3: 11}
2026-05-08 11:36:49,673 - INFO - [assist_17] [统计] 概念数量统计完成。
2026-05-08 11:36:49,673 - INFO - [assist_17] 正在加载数据集...
2026-05-08 11:36:49,778 - INFO - [assist_17|assist17_best_no_E|lr=0.001|drop=0.25] Train samples: 282340, Val samples: 30515
2026-05-08 11:36:49,778 - INFO - [assist_17|assist17_best_no_E|lr=0.001|drop=0.25] Number of students: 1699
2026-05-08 11:36:49,778 - INFO - [assist_17|assist17_best_no_E|lr=0.001|drop=0.25] Number of exercises: 3067
2026-05-08 11:36:49,778 - INFO - [assist_17|assist17_best_no_E|lr=0.001|drop=0.25] Number of concepts: 101
2026-05-08 11:36:49,778 - INFO - [assist_17|assist17_best_no_E|lr=0.001|drop=0.25] [A Prior] item_edges=624 item_density=0.0618 item_entropy=1.1982 | seq_raw_mass=574872.1 seq_weighted_mass=1654.3 seq_students=1699 seq_edges=7711 seq_density=0.7635 seq_entropy=3.5454
2026-05-08 11:36:49,778 - INFO - [assist_17|assist17_best_no_E|lr=0.001|drop=0.25] Creating model...
2026-05-08 11:36:49,778 - INFO - [assist_17|assist17_best_no_E|lr=0.001|drop=0.25] Ablation switches: ablate_module1=False | enable_module1=True | use_concept_graph=True | effective(num_gnn_layers=2)
2026-05-08 11:37:09,681 - INFO - [assist_17|assist17_best_no_E|lr=0.001|drop=0.25] AE stat priors initialized: scale=1.000, train_global_rate=0.4348, student_absmean=0.5348, exercise_absmean=0.6409, concept_absmean=0.2898, student_concept_absmean=0.1583, recent_student_concept_absmean=0.2633, reliability_absmean=0.8225
2026-05-08 11:37:09,682 - INFO - [assist_17|assist17_best_no_E|lr=0.001|drop=0.25] Ablation runtime check: args(ablate_module1=False) | expect(use_concept_graph=True,use_personal_graph=False) | model(enable_module1=True,use_concept_graph=True,use_personal_graph=False) | physical(has_knowledge_encoder=True,has_relation_learning=True,has_adaptive_gate=False,has_personal_generator=False)
2026-05-08 11:37:09,682 - INFO - [assist_17|assist17_best_no_E|lr=0.001|drop=0.25] Debug diagnostics enabled: diag_batches=1
2026-05-08 11:37:09,694 - INFO - [assist_17|assist17_best_no_E|lr=0.001|drop=0.25] [Graph Init] graph_tau_mean=1.0055, graph_tau_std=0.0000, graph_dropout=0.000, item_beta=0.3675±0.1400, seq_beta=0.3675±0.1400, self_loop_logit=0.7500, use_personal_graph=False
2026-05-08 11:37:09,695 - INFO - [assist_17|assist17_best_no_E|lr=0.001|drop=0.25] Total parameters: 374,457
2026-05-08 11:37:09,695 - INFO - [assist_17|assist17_best_no_E|lr=0.001|drop=0.25] Trainable parameters: 374,457
2026-05-08 11:37:10,452 - INFO - [assist_17|assist17_best_no_E|lr=0.001|drop=0.25] Optimizer param groups: backbone@lr=0.001, ae_joint@lr=0.005
2026-05-08 11:37:10,452 - INFO - [assist_17|assist17_best_no_E|lr=0.001|drop=0.25] Monitor config: scheduler=val_auc(max), best_checkpoint=val_auc(max), early_stop=val_auc(max)
2026-05-08 11:37:10,453 - INFO - [assist_17|assist17_best_no_E|lr=0.001|drop=0.25] Starting training...
2026-05-08 11:37:33,471 - INFO - [assist_17|assist17_best_no_E|lr=0.001|drop=0.25] Epoch [001/100] | Train: Loss=0.6232, BCE=0.6151, Reg=0.0081, AUC=0.7132, ACC=0.6586, RMSE=0.4622 | Val: Loss=0.6246, BCE=0.6175, Reg=0.0071, AUC=0.7054, ACC=0.6571, RMSE=0.4634
2026-05-08 11:37:33,472 - INFO - [assist_17|assist17_best_no_E|lr=0.001|drop=0.25] [Reg Terms] Epoch [001] | Train: graph_entropy=0.000000, graph_diag=0.005545, graph_uniform=0.002547, graph_reg_scale=1.0000, prediction_l2=0.000000, personal_sparse=0.000000, theta_prior_align=0.000000, alpha_var=0.000000, alpha_collapse=0.000000, reg_bce_ratio=0.0132 | Val: graph_entropy=0.000000, graph_diag=0.005117, graph_uniform=0.002028, graph_reg_scale=1.0000, prediction_l2=0.000000, personal_sparse=0.000000, theta_prior_align=0.000000, alpha_var=0.000000, alpha_collapse=0.000000, reg_bce_ratio=0.0116
2026-05-08 11:37:33,532 - INFO - [assist_17|assist17_best_no_E|lr=0.001|drop=0.25] [Diag][AE] Epoch [001] | irt_abs_mean=0.0552, irt_std=0.0355, personal_warmup_scale=1.00, relation_theta_delta=0.0000, relation_theta_logit=0.0000, relation_theta_neighbor_mass=0.0000, relation_theta_personal_mass=0.0000, ae_posterior_prior_scale=3.0000, ae_posterior_prior_logit=0.0000, ae_posterior_prior_delta=0.0000, graph_row_entropy=1.9993, graph_entropy_ratio=0.4332, alpha_mean=0.0000, alpha_std=0.0000, alpha_base_mean=0.0000, alpha_delta_absmean=0.0000, alpha_saturation_ratio=0.0000, alpha_bias_std=NA, alpha_state_path=0.0000, alpha_id_path=0.0000, alpha_bias_path=0.0000, head_bias_path=0.0000, personal_row_entropy=0.0000, personal_matrix_delta=0.0000, personal_matrix_student_std=0.0000, personal_delta_pre_softmax_norm=0.0000, personal_delta_student_std=0.0000, alpha_head_std=0.0000, query_row_global_readout_delta=0.0943, query_row_personal_message_delta=0.0000, ae_query_state_residual_delta=0.0000, ae_logit_residual_abs_mean=0.6042, query_row_posterior_delta_abs=0.0000, query_row_posterior_kl=0.0000, query_row_delta_local_rms_raw=0.0000, query_row_message_projection_gain=0.0000, personal_to_graph_query_ratio=0.0000, query_row_global_support_mass=0.8987, query_row_personal_support_mass=0.0000, neighbor_row_personal_delta=0.0000, personal_row_budget_mean=0.0000, personal_query_row_std=0.0000, personal_item_support_added_rate=0.0000, personal_item_support_added_mass=0.0000, readout_query_support_mass=0.8987, personal_student_mix=0.0000, personal_mastery_prior_scale=0.0000, personal_mastery_scores_absmean=0.0000, personal_recent_mastery_prior_scale=0.0000, personal_recent_mastery_scores_absmean=0.0000, personal_student_adapter=0.0000, local_row_ratio=0.0000, support_density=0.0000, readout_query_delta=0.0943, personal_bad_rows_active=0.00, personal_fallback_rows_active=0.00, personal_bad_row_rate_active=0.0000, personal_padded_rows=0.00, personal_logits_support_absmax=0.0000, personal_query_trust_scale_mean=1.0000, personal_bad_rows_all=0.00, personal_fallback_rows_all=0.00, personal_logits_absmax_all=0.0000
2026-05-08 11:37:33,532 - INFO - [assist_17|assist17_best_no_E|lr=0.001|drop=0.25] [Diag][A] Epoch [001] | entropy_ratio=0.4332, diag_mass=0.0512, to_uniform_l2=0.049289, to_identity_l2=0.106842, relation_identity_delta=0.106842, knowledge_state_graph_delta=0.476874, knowledge_state_personal_delta=0.000000, share_concept_embeddings=True, tau_mean=0.7148, tau_std=0.0074, graph_reg_scale(train/val)=1.0000/1.0000
2026-05-08 11:37:33,532 - INFO - [assist_17|assist17_best_no_E|lr=0.001|drop=0.25] [Diag][A Support] Epoch [001] | candidate_size=25.82, final_size=22.26, item_survival=0.9003, seq_survival=0.8659, item_seq_overlap=0.1328, self_retention=1.0000
2026-05-08 11:37:33,532 - INFO - [assist_17|assist17_best_no_E|lr=0.001|drop=0.25] [Diag][AE Components] Epoch [001] | student_prior=0.0000, exercise_prior=0.5012, concept_prior=0.1342, query_student_concept=0.0000, graph_student_concept=0.0000, posterior_prior=0.0000, reliability=0.0000, interpretable_bias=0.1773, explicit_feature=0.0000, interaction=0.0000, raw_before_clip=0.6117, raw_after_clip=0.6042
2026-05-08 11:37:33,532 - INFO - [assist_17|assist17_best_no_E|lr=0.001|drop=0.25] [Grad Norms] Epoch [001] | relation_emb=0.000000e+00, relation_tau=7.101690e-04, prior_strength=3.581185e-04, receiver_bias=2.151589e-04, self_loop=6.868110e-05, gate_head_bias=0.000000e+00, gate_query_weight=0.000000e+00, gate_context_weight=0.000000e+00, generator_state_mix=0.000000e+00
2026-05-08 11:37:33,599 - INFO - [assist_17|assist17_best_no_E|lr=0.001|drop=0.25] -> New best AUC=0.7054 at epoch 1
2026-05-08 11:37:57,415 - INFO - [assist_17|assist17_best_no_E|lr=0.001|drop=0.25] Epoch [002/100] | Train: Loss=0.6178, BCE=0.6113, Reg=0.0065, AUC=0.7153, ACC=0.6617, RMSE=0.4604 | Val: Loss=0.6220, BCE=0.6161, Reg=0.0059, AUC=0.7064, ACC=0.6576, RMSE=0.4628
2026-05-08 11:37:57,416 - INFO - [assist_17|assist17_best_no_E|lr=0.001|drop=0.25] [Reg Terms] Epoch [002] | Train: graph_entropy=0.000000, graph_diag=0.005046, graph_uniform=0.001439, graph_reg_scale=1.0000, prediction_l2=0.000000, personal_sparse=0.000000, theta_prior_align=0.000000, alpha_var=0.000000, alpha_collapse=0.000000, reg_bce_ratio=0.0106 | Val: graph_entropy=0.000000, graph_diag=0.005014, graph_uniform=0.000936, graph_reg_scale=1.0000, prediction_l2=0.000000, personal_sparse=0.000000, theta_prior_align=0.000000, alpha_var=0.000000, alpha_collapse=0.000000, reg_bce_ratio=0.0097
2026-05-08 11:37:57,471 - INFO - [assist_17|assist17_best_no_E|lr=0.001|drop=0.25] [Diag][AE] Epoch [002] | irt_abs_mean=0.0538, irt_std=0.0346, personal_warmup_scale=1.00, relation_theta_delta=0.0000, relation_theta_logit=0.0000, relation_theta_neighbor_mass=0.0000, relation_theta_personal_mass=0.0000, ae_posterior_prior_scale=3.0000, ae_posterior_prior_logit=0.0000, ae_posterior_prior_delta=0.0000, graph_row_entropy=0.9703, graph_entropy_ratio=0.2102, alpha_mean=0.0000, alpha_std=0.0000, alpha_base_mean=0.0000, alpha_delta_absmean=0.0000, alpha_saturation_ratio=0.0000, alpha_bias_std=NA, alpha_state_path=0.0000, alpha_id_path=0.0000, alpha_bias_path=0.0000, head_bias_path=0.0000, personal_row_entropy=0.0000, personal_matrix_delta=0.0000, personal_matrix_student_std=0.0000, personal_delta_pre_softmax_norm=0.0000, personal_delta_student_std=0.0000, alpha_head_std=0.0000, query_row_global_readout_delta=0.0939, query_row_personal_message_delta=0.0000, ae_query_state_residual_delta=0.0000, ae_logit_residual_abs_mean=0.6273, query_row_posterior_delta_abs=0.0000, query_row_posterior_kl=0.0000, query_row_delta_local_rms_raw=0.0000, query_row_message_projection_gain=0.0000, personal_to_graph_query_ratio=0.0000, query_row_global_support_mass=0.8999, query_row_personal_support_mass=0.0000, neighbor_row_personal_delta=0.0000, personal_row_budget_mean=0.0000, personal_query_row_std=0.0000, personal_item_support_added_rate=0.0000, personal_item_support_added_mass=0.0000, readout_query_support_mass=0.8999, personal_student_mix=0.0000, personal_mastery_prior_scale=0.0000, personal_mastery_scores_absmean=0.0000, personal_recent_mastery_prior_scale=0.0000, personal_recent_mastery_scores_absmean=0.0000, personal_student_adapter=0.0000, local_row_ratio=0.0000, support_density=0.0000, readout_query_delta=0.0939, personal_bad_rows_active=0.00, personal_fallback_rows_active=0.00, personal_bad_row_rate_active=0.0000, personal_padded_rows=0.00, personal_logits_support_absmax=0.0000, personal_query_trust_scale_mean=1.0000, personal_bad_rows_all=0.00, personal_fallback_rows_all=0.00, personal_logits_absmax_all=0.0000
2026-05-08 11:37:57,472 - INFO - [assist_17|assist17_best_no_E|lr=0.001|drop=0.25] [Diag][A] Epoch [002] | entropy_ratio=0.2102, diag_mass=0.0501, to_uniform_l2=0.076599, to_identity_l2=0.121957, relation_identity_delta=0.121957, knowledge_state_graph_delta=0.475381, knowledge_state_personal_delta=0.000000, share_concept_embeddings=True, tau_mean=0.5140, tau_std=0.0379, graph_reg_scale(train/val)=1.0000/1.0000
2026-05-08 11:37:57,472 - INFO - [assist_17|assist17_best_no_E|lr=0.001|drop=0.25] [Diag][A Support] Epoch [002] | candidate_size=25.82, final_size=22.26, item_survival=0.8954, seq_survival=0.8672, item_seq_overlap=0.1328, self_retention=1.0000
2026-05-08 11:37:57,472 - INFO - [assist_17|assist17_best_no_E|lr=0.001|drop=0.25] [Diag][AE Components] Epoch [002] | student_prior=0.0000, exercise_prior=0.5012, concept_prior=0.1342, query_student_concept=0.0000, graph_student_concept=0.0000, posterior_prior=0.0000, reliability=0.0000, interpretable_bias=0.2353, explicit_feature=0.0000, interaction=0.0000, raw_before_clip=0.6356, raw_after_clip=0.6273
2026-05-08 11:37:57,472 - INFO - [assist_17|assist17_best_no_E|lr=0.001|drop=0.25] [Grad Norms] Epoch [002] | relation_emb=0.000000e+00, relation_tau=4.729416e-04, prior_strength=1.607037e-04, receiver_bias=2.654665e-04, self_loop=9.400299e-06, gate_head_bias=0.000000e+00, gate_query_weight=0.000000e+00, gate_context_weight=0.000000e+00, generator_state_mix=0.000000e+00
2026-05-08 11:37:57,539 - INFO - [assist_17|assist17_best_no_E|lr=0.001|drop=0.25] -> New best AUC=0.7064 at epoch 2
2026-05-08 11:38:21,045 - INFO - [assist_17|assist17_best_no_E|lr=0.001|drop=0.25] Epoch [003/100] | Train: Loss=0.6160, BCE=0.6102, Reg=0.0058, AUC=0.7164, ACC=0.6624, RMSE=0.4599 | Val: Loss=0.6212, BCE=0.6155, Reg=0.0057, AUC=0.7071, ACC=0.6582, RMSE=0.4625
2026-05-08 11:38:21,046 - INFO - [assist_17|assist17_best_no_E|lr=0.001|drop=0.25] [Reg Terms] Epoch [003] | Train: graph_entropy=0.000000, graph_diag=0.005006, graph_uniform=0.000753, graph_reg_scale=1.0000, prediction_l2=0.000000, personal_sparse=0.000000, theta_prior_align=0.000000, alpha_var=0.000000, alpha_collapse=0.000000, reg_bce_ratio=0.0094 | Val: graph_entropy=0.000000, graph_diag=0.005004, graph_uniform=0.000701, graph_reg_scale=1.0000, prediction_l2=0.000000, personal_sparse=0.000000, theta_prior_align=0.000000, alpha_var=0.000000, alpha_collapse=0.000000, reg_bce_ratio=0.0093
2026-05-08 11:38:21,098 - INFO - [assist_17|assist17_best_no_E|lr=0.001|drop=0.25] [Diag][AE] Epoch [003] | irt_abs_mean=0.0533, irt_std=0.0344, personal_warmup_scale=1.00, relation_theta_delta=0.0000, relation_theta_logit=0.0000, relation_theta_neighbor_mass=0.0000, relation_theta_personal_mass=0.0000, ae_posterior_prior_scale=3.0000, ae_posterior_prior_logit=0.0000, ae_posterior_prior_delta=0.0000, graph_row_entropy=0.7185, graph_entropy_ratio=0.1557, alpha_mean=0.0000, alpha_std=0.0000, alpha_base_mean=0.0000, alpha_delta_absmean=0.0000, alpha_saturation_ratio=0.0000, alpha_bias_std=NA, alpha_state_path=0.0000, alpha_id_path=0.0000, alpha_bias_path=0.0000, head_bias_path=0.0000, personal_row_entropy=0.0000, personal_matrix_delta=0.0000, personal_matrix_student_std=0.0000, personal_delta_pre_softmax_norm=0.0000, personal_delta_student_std=0.0000, alpha_head_std=0.0000, query_row_global_readout_delta=0.0938, query_row_personal_message_delta=0.0000, ae_query_state_residual_delta=0.0000, ae_logit_residual_abs_mean=0.6362, query_row_posterior_delta_abs=0.0000, query_row_posterior_kl=0.0000, query_row_delta_local_rms_raw=0.0000, query_row_message_projection_gain=0.0000, personal_to_graph_query_ratio=0.0000, query_row_global_support_mass=0.9004, query_row_personal_support_mass=0.0000, neighbor_row_personal_delta=0.0000, personal_row_budget_mean=0.0000, personal_query_row_std=0.0000, personal_item_support_added_rate=0.0000, personal_item_support_added_mass=0.0000, readout_query_support_mass=0.9004, personal_student_mix=0.0000, personal_mastery_prior_scale=0.0000, personal_mastery_scores_absmean=0.0000, personal_recent_mastery_prior_scale=0.0000, personal_recent_mastery_scores_absmean=0.0000, personal_student_adapter=0.0000, local_row_ratio=0.0000, support_density=0.0000, readout_query_delta=0.0938, personal_bad_rows_active=0.00, personal_fallback_rows_active=0.00, personal_bad_row_rate_active=0.0000, personal_padded_rows=0.00, personal_logits_support_absmax=0.0000, personal_query_trust_scale_mean=1.0000, personal_bad_rows_all=0.00, personal_fallback_rows_all=0.00, personal_logits_absmax_all=0.0000
2026-05-08 11:38:21,098 - INFO - [assist_17|assist17_best_no_E|lr=0.001|drop=0.25] [Diag][A] Epoch [003] | entropy_ratio=0.1557, diag_mass=0.0500, to_uniform_l2=0.082472, to_identity_l2=0.125737, relation_identity_delta=0.125737, knowledge_state_graph_delta=0.474998, knowledge_state_personal_delta=0.000000, share_concept_embeddings=True, tau_mean=0.4464, tau_std=0.0259, graph_reg_scale(train/val)=1.0000/1.0000
2026-05-08 11:38:21,098 - INFO - [assist_17|assist17_best_no_E|lr=0.001|drop=0.25] [Diag][A Support] Epoch [003] | candidate_size=25.82, final_size=22.26, item_survival=0.8896, seq_survival=0.8688, item_seq_overlap=0.1328, self_retention=1.0000
2026-05-08 11:38:21,098 - INFO - [assist_17|assist17_best_no_E|lr=0.001|drop=0.25] [Diag][AE Components] Epoch [003] | student_prior=0.0000, exercise_prior=0.5012, concept_prior=0.1342, query_student_concept=0.0000, graph_student_concept=0.0000, posterior_prior=0.0000, reliability=0.0000, interpretable_bias=0.2466, explicit_feature=0.0000, interaction=0.0000, raw_before_clip=0.6449, raw_after_clip=0.6362
2026-05-08 11:38:21,098 - INFO - [assist_17|assist17_best_no_E|lr=0.001|drop=0.25] [Grad Norms] Epoch [003] | relation_emb=0.000000e+00, relation_tau=3.443924e-04, prior_strength=1.194579e-04, receiver_bias=1.749634e-04, self_loop=2.988595e-06, gate_head_bias=0.000000e+00, gate_query_weight=0.000000e+00, gate_context_weight=0.000000e+00, generator_state_mix=0.000000e+00
2026-05-08 11:38:21,175 - INFO - [assist_17|assist17_best_no_E|lr=0.001|drop=0.25] -> New best AUC=0.7071 at epoch 3
2026-05-08 11:38:45,518 - INFO - [assist_17|assist17_best_no_E|lr=0.001|drop=0.25] Epoch [004/100] | Train: Loss=0.6152, BCE=0.6095, Reg=0.0057, AUC=0.7171, ACC=0.6630, RMSE=0.4596 | Val: Loss=0.6208, BCE=0.6151, Reg=0.0057, AUC=0.7074, ACC=0.6588, RMSE=0.4623
2026-05-08 11:38:45,518 - INFO - [assist_17|assist17_best_no_E|lr=0.001|drop=0.25] [Reg Terms] Epoch [004] | Train: graph_entropy=0.000000, graph_diag=0.005004, graph_uniform=0.000690, graph_reg_scale=1.0000, prediction_l2=0.000000, personal_sparse=0.000000, theta_prior_align=0.000000, alpha_var=0.000000, alpha_collapse=0.000000, reg_bce_ratio=0.0093 | Val: graph_entropy=0.000000, graph_diag=0.005004, graph_uniform=0.000692, graph_reg_scale=1.0000, prediction_l2=0.000000, personal_sparse=0.000000, theta_prior_align=0.000000, alpha_var=0.000000, alpha_collapse=0.000000, reg_bce_ratio=0.0093
2026-05-08 11:38:45,570 - INFO - [assist_17|assist17_best_no_E|lr=0.001|drop=0.25] [Diag][AE] Epoch [004] | irt_abs_mean=0.0532, irt_std=0.0344, personal_warmup_scale=1.00, relation_theta_delta=0.0000, relation_theta_logit=0.0000, relation_theta_neighbor_mass=0.0000, relation_theta_personal_mass=0.0000, ae_posterior_prior_scale=3.0000, ae_posterior_prior_logit=0.0000, ae_posterior_prior_delta=0.0000, graph_row_entropy=0.7087, graph_entropy_ratio=0.1536, alpha_mean=0.0000, alpha_std=0.0000, alpha_base_mean=0.0000, alpha_delta_absmean=0.0000, alpha_saturation_ratio=0.0000, alpha_bias_std=NA, alpha_state_path=0.0000, alpha_id_path=0.0000, alpha_bias_path=0.0000, head_bias_path=0.0000, personal_row_entropy=0.0000, personal_matrix_delta=0.0000, personal_matrix_student_std=0.0000, personal_delta_pre_softmax_norm=0.0000, personal_delta_student_std=0.0000, alpha_head_std=0.0000, query_row_global_readout_delta=0.0938, query_row_personal_message_delta=0.0000, ae_query_state_residual_delta=0.0000, ae_logit_residual_abs_mean=0.6450, query_row_posterior_delta_abs=0.0000, query_row_posterior_kl=0.0000, query_row_delta_local_rms_raw=0.0000, query_row_message_projection_gain=0.0000, personal_to_graph_query_ratio=0.0000, query_row_global_support_mass=0.9003, query_row_personal_support_mass=0.0000, neighbor_row_personal_delta=0.0000, personal_row_budget_mean=0.0000, personal_query_row_std=0.0000, personal_item_support_added_rate=0.0000, personal_item_support_added_mass=0.0000, readout_query_support_mass=0.9003, personal_student_mix=0.0000, personal_mastery_prior_scale=0.0000, personal_mastery_scores_absmean=0.0000, personal_recent_mastery_prior_scale=0.0000, personal_recent_mastery_scores_absmean=0.0000, personal_student_adapter=0.0000, local_row_ratio=0.0000, support_density=0.0000, readout_query_delta=0.0938, personal_bad_rows_active=0.00, personal_fallback_rows_active=0.00, personal_bad_row_rate_active=0.0000, personal_padded_rows=0.00, personal_logits_support_absmax=0.0000, personal_query_trust_scale_mean=1.0000, personal_bad_rows_all=0.00, personal_fallback_rows_all=0.00, personal_logits_absmax_all=0.0000
2026-05-08 11:38:45,570 - INFO - [assist_17|assist17_best_no_E|lr=0.001|drop=0.25] [Diag][A] Epoch [004] | entropy_ratio=0.1536, diag_mass=0.0500, to_uniform_l2=0.082694, to_identity_l2=0.125882, relation_identity_delta=0.125882, knowledge_state_graph_delta=0.474983, knowledge_state_personal_delta=0.000000, share_concept_embeddings=True, tau_mean=0.4402, tau_std=0.0230, graph_reg_scale(train/val)=1.0000/1.0000
2026-05-08 11:38:45,570 - INFO - [assist_17|assist17_best_no_E|lr=0.001|drop=0.25] [Diag][A Support] Epoch [004] | candidate_size=25.82, final_size=22.26, item_survival=0.8880, seq_survival=0.8692, item_seq_overlap=0.1328, self_retention=1.0000
2026-05-08 11:38:45,570 - INFO - [assist_17|assist17_best_no_E|lr=0.001|drop=0.25] [Diag][AE Components] Epoch [004] | student_prior=0.0000, exercise_prior=0.5012, concept_prior=0.1342, query_student_concept=0.0000, graph_student_concept=0.0000, posterior_prior=0.0000, reliability=0.0000, interpretable_bias=0.2555, explicit_feature=0.0000, interaction=0.0000, raw_before_clip=0.6541, raw_after_clip=0.6450
2026-05-08 11:38:45,570 - INFO - [assist_17|assist17_best_no_E|lr=0.001|drop=0.25] [Grad Norms] Epoch [004] | relation_emb=0.000000e+00, relation_tau=1.921618e-04, prior_strength=1.185825e-04, receiver_bias=1.791767e-04, self_loop=2.739399e-06, gate_head_bias=0.000000e+00, gate_query_weight=0.000000e+00, gate_context_weight=0.000000e+00, generator_state_mix=0.000000e+00
2026-05-08 11:38:45,645 - INFO - [assist_17|assist17_best_no_E|lr=0.001|drop=0.25] -> New best AUC=0.7074 at epoch 4
2026-05-08 11:39:09,507 - INFO - [assist_17|assist17_best_no_E|lr=0.001|drop=0.25] Epoch [005/100] | Train: Loss=0.6147, BCE=0.6090, Reg=0.0057, AUC=0.7175, ACC=0.6630, RMSE=0.4594 | Val: Loss=0.6205, BCE=0.6148, Reg=0.0057, AUC=0.7076, ACC=0.6594, RMSE=0.4622
2026-05-08 11:39:09,507 - INFO - [assist_17|assist17_best_no_E|lr=0.001|drop=0.25] [Reg Terms] Epoch [005] | Train: graph_entropy=0.000000, graph_diag=0.005004, graph_uniform=0.000687, graph_reg_scale=1.0000, prediction_l2=0.000000, personal_sparse=0.000000, theta_prior_align=0.000000, alpha_var=0.000000, alpha_collapse=0.000000, reg_bce_ratio=0.0093 | Val: graph_entropy=0.000000, graph_diag=0.005004, graph_uniform=0.000687, graph_reg_scale=1.0000, prediction_l2=0.000000, personal_sparse=0.000000, theta_prior_align=0.000000, alpha_var=0.000000, alpha_collapse=0.000000, reg_bce_ratio=0.0093
2026-05-08 11:39:09,580 - INFO - [assist_17|assist17_best_no_E|lr=0.001|drop=0.25] [Diag][AE] Epoch [005] | irt_abs_mean=0.0532, irt_std=0.0344, personal_warmup_scale=1.00, relation_theta_delta=0.0000, relation_theta_logit=0.0000, relation_theta_neighbor_mass=0.0000, relation_theta_personal_mass=0.0000, ae_posterior_prior_scale=3.0000, ae_posterior_prior_logit=0.0000, ae_posterior_prior_delta=0.0000, graph_row_entropy=0.7024, graph_entropy_ratio=0.1522, alpha_mean=0.0000, alpha_std=0.0000, alpha_base_mean=0.0000, alpha_delta_absmean=0.0000, alpha_saturation_ratio=0.0000, alpha_bias_std=NA, alpha_state_path=0.0000, alpha_id_path=0.0000, alpha_bias_path=0.0000, head_bias_path=0.0000, personal_row_entropy=0.0000, personal_matrix_delta=0.0000, personal_matrix_student_std=0.0000, personal_delta_pre_softmax_norm=0.0000, personal_delta_student_std=0.0000, alpha_head_std=0.0000, query_row_global_readout_delta=0.0938, query_row_personal_message_delta=0.0000, ae_query_state_residual_delta=0.0000, ae_logit_residual_abs_mean=0.6512, query_row_posterior_delta_abs=0.0000, query_row_posterior_kl=0.0000, query_row_delta_local_rms_raw=0.0000, query_row_message_projection_gain=0.0000, personal_to_graph_query_ratio=0.0000, query_row_global_support_mass=0.9002, query_row_personal_support_mass=0.0000, neighbor_row_personal_delta=0.0000, personal_row_budget_mean=0.0000, personal_query_row_std=0.0000, personal_item_support_added_rate=0.0000, personal_item_support_added_mass=0.0000, readout_query_support_mass=0.9002, personal_student_mix=0.0000, personal_mastery_prior_scale=0.0000, personal_mastery_scores_absmean=0.0000, personal_recent_mastery_prior_scale=0.0000, personal_recent_mastery_scores_absmean=0.0000, personal_student_adapter=0.0000, local_row_ratio=0.0000, support_density=0.0000, readout_query_delta=0.0938, personal_bad_rows_active=0.00, personal_fallback_rows_active=0.00, personal_bad_row_rate_active=0.0000, personal_padded_rows=0.00, personal_logits_support_absmax=0.0000, personal_query_trust_scale_mean=1.0000, personal_bad_rows_all=0.00, personal_fallback_rows_all=0.00, personal_logits_absmax_all=0.0000
2026-05-08 11:39:09,580 - INFO - [assist_17|assist17_best_no_E|lr=0.001|drop=0.25] [Diag][A] Epoch [005] | entropy_ratio=0.1522, diag_mass=0.0500, to_uniform_l2=0.082831, to_identity_l2=0.125973, relation_identity_delta=0.125973, knowledge_state_graph_delta=0.474973, knowledge_state_personal_delta=0.000000, share_concept_embeddings=True, tau_mean=0.4361, tau_std=0.0207, graph_reg_scale(train/val)=1.0000/1.0000
2026-05-08 11:39:09,581 - INFO - [assist_17|assist17_best_no_E|lr=0.001|drop=0.25] [Diag][A Support] Epoch [005] | candidate_size=25.82, final_size=22.26, item_survival=0.8880, seq_survival=0.8692, item_seq_overlap=0.1328, self_retention=1.0000
2026-05-08 11:39:09,581 - INFO - [assist_17|assist17_best_no_E|lr=0.001|drop=0.25] [Diag][AE Components] Epoch [005] | student_prior=0.0000, exercise_prior=0.5012, concept_prior=0.1342, query_student_concept=0.0000, graph_student_concept=0.0000, posterior_prior=0.0000, reliability=0.0000, interpretable_bias=0.2563, explicit_feature=0.0000, interaction=0.0000, raw_before_clip=0.6606, raw_after_clip=0.6512
2026-05-08 11:39:09,581 - INFO - [assist_17|assist17_best_no_E|lr=0.001|drop=0.25] [Grad Norms] Epoch [005] | relation_emb=0.000000e+00, relation_tau=4.932316e-04, prior_strength=4.300596e-05, receiver_bias=2.697774e-04, self_loop=2.450535e-06, gate_head_bias=0.000000e+00, gate_query_weight=0.000000e+00, gate_context_weight=0.000000e+00, generator_state_mix=0.000000e+00
2026-05-08 11:39:09,662 - INFO - [assist_17|assist17_best_no_E|lr=0.001|drop=0.25] -> New best AUC=0.7076 at epoch 5
2026-05-08 11:39:33,942 - INFO - [assist_17|assist17_best_no_E|lr=0.001|drop=0.25] Epoch [006/100] | Train: Loss=0.6143, BCE=0.6086, Reg=0.0057, AUC=0.7177, ACC=0.6633, RMSE=0.4592 | Val: Loss=0.6202, BCE=0.6146, Reg=0.0057, AUC=0.7077, ACC=0.6596, RMSE=0.4622
2026-05-08 11:39:33,942 - INFO - [assist_17|assist17_best_no_E|lr=0.001|drop=0.25] [Reg Terms] Epoch [006] | Train: graph_entropy=0.000000, graph_diag=0.005003, graph_uniform=0.000686, graph_reg_scale=1.0000, prediction_l2=0.000000, personal_sparse=0.000000, theta_prior_align=0.000000, alpha_var=0.000000, alpha_collapse=0.000000, reg_bce_ratio=0.0093 | Val: graph_entropy=0.000000, graph_diag=0.005003, graph_uniform=0.000682, graph_reg_scale=1.0000, prediction_l2=0.000000, personal_sparse=0.000000, theta_prior_align=0.000000, alpha_var=0.000000, alpha_collapse=0.000000, reg_bce_ratio=0.0093
2026-05-08 11:39:34,005 - INFO - [assist_17|assist17_best_no_E|lr=0.001|drop=0.25] [Diag][AE] Epoch [006] | irt_abs_mean=0.0532, irt_std=0.0343, personal_warmup_scale=1.00, relation_theta_delta=0.0000, relation_theta_logit=0.0000, relation_theta_neighbor_mass=0.0000, relation_theta_personal_mass=0.0000, ae_posterior_prior_scale=3.0000, ae_posterior_prior_logit=0.0000, ae_posterior_prior_delta=0.0000, graph_row_entropy=0.6964, graph_entropy_ratio=0.1509, alpha_mean=0.0000, alpha_std=0.0000, alpha_base_mean=0.0000, alpha_delta_absmean=0.0000, alpha_saturation_ratio=0.0000, alpha_bias_std=NA, alpha_state_path=0.0000, alpha_id_path=0.0000, alpha_bias_path=0.0000, head_bias_path=0.0000, personal_row_entropy=0.0000, personal_matrix_delta=0.0000, personal_matrix_student_std=0.0000, personal_delta_pre_softmax_norm=0.0000, personal_delta_student_std=0.0000, alpha_head_std=0.0000, query_row_global_readout_delta=0.0937, query_row_personal_message_delta=0.0000, ae_query_state_residual_delta=0.0000, ae_logit_residual_abs_mean=0.6585, query_row_posterior_delta_abs=0.0000, query_row_posterior_kl=0.0000, query_row_delta_local_rms_raw=0.0000, query_row_message_projection_gain=0.0000, personal_to_graph_query_ratio=0.0000, query_row_global_support_mass=0.9002, query_row_personal_support_mass=0.0000, neighbor_row_personal_delta=0.0000, personal_row_budget_mean=0.0000, personal_query_row_std=0.0000, personal_item_support_added_rate=0.0000, personal_item_support_added_mass=0.0000, readout_query_support_mass=0.9002, personal_student_mix=0.0000, personal_mastery_prior_scale=0.0000, personal_mastery_scores_absmean=0.0000, personal_recent_mastery_prior_scale=0.0000, personal_recent_mastery_scores_absmean=0.0000, personal_student_adapter=0.0000, local_row_ratio=0.0000, support_density=0.0000, readout_query_delta=0.0937, personal_bad_rows_active=0.00, personal_fallback_rows_active=0.00, personal_bad_row_rate_active=0.0000, personal_padded_rows=0.00, personal_logits_support_absmax=0.0000, personal_query_trust_scale_mean=1.0000, personal_bad_rows_all=0.00, personal_fallback_rows_all=0.00, personal_logits_absmax_all=0.0000
2026-05-08 11:39:34,005 - INFO - [assist_17|assist17_best_no_E|lr=0.001|drop=0.25] [Diag][A] Epoch [006] | entropy_ratio=0.1509, diag_mass=0.0500, to_uniform_l2=0.082960, to_identity_l2=0.126058, relation_identity_delta=0.126058, knowledge_state_graph_delta=0.474965, knowledge_state_personal_delta=0.000000, share_concept_embeddings=True, tau_mean=0.4327, tau_std=0.0186, graph_reg_scale(train/val)=1.0000/1.0000
2026-05-08 11:39:34,005 - INFO - [assist_17|assist17_best_no_E|lr=0.001|drop=0.25] [Diag][A Support] Epoch [006] | candidate_size=25.82, final_size=22.26, item_survival=0.8871, seq_survival=0.8695, item_seq_overlap=0.1328, self_retention=1.0000
2026-05-08 11:39:34,005 - INFO - [assist_17|assist17_best_no_E|lr=0.001|drop=0.25] [Diag][AE Components] Epoch [006] | student_prior=0.0000, exercise_prior=0.5012, concept_prior=0.1342, query_student_concept=0.0000, graph_student_concept=0.0000, posterior_prior=0.0000, reliability=0.0000, interpretable_bias=0.2596, explicit_feature=0.0000, interaction=0.0000, raw_before_clip=0.6682, raw_after_clip=0.6585
2026-05-08 11:39:34,005 - INFO - [assist_17|assist17_best_no_E|lr=0.001|drop=0.25] [Grad Norms] Epoch [006] | relation_emb=0.000000e+00, relation_tau=3.787212e-04, prior_strength=1.190749e-04, receiver_bias=2.053153e-04, self_loop=2.122847e-06, gate_head_bias=0.000000e+00, gate_query_weight=0.000000e+00, gate_context_weight=0.000000e+00, generator_state_mix=0.000000e+00
2026-05-08 11:39:34,070 - INFO - [assist_17|assist17_best_no_E|lr=0.001|drop=0.25] -> New best AUC=0.7077 at epoch 6
2026-05-08 11:39:56,559 - INFO - [assist_17|assist17_best_no_E|lr=0.001|drop=0.25] Epoch [007/100] | Train: Loss=0.6139, BCE=0.6082, Reg=0.0057, AUC=0.7179, ACC=0.6635, RMSE=0.4591 | Val: Loss=0.6201, BCE=0.6144, Reg=0.0057, AUC=0.7078, ACC=0.6590, RMSE=0.4621
2026-05-08 11:39:56,559 - INFO - [assist_17|assist17_best_no_E|lr=0.001|drop=0.25] [Reg Terms] Epoch [007] | Train: graph_entropy=0.000000, graph_diag=0.005003, graph_uniform=0.000686, graph_reg_scale=1.0000, prediction_l2=0.000000, personal_sparse=0.000000, theta_prior_align=0.000000, alpha_var=0.000000, alpha_collapse=0.000000, reg_bce_ratio=0.0094 | Val: graph_entropy=0.000000, graph_diag=0.005003, graph_uniform=0.000691, graph_reg_scale=1.0000, prediction_l2=0.000000, personal_sparse=0.000000, theta_prior_align=0.000000, alpha_var=0.000000, alpha_collapse=0.000000, reg_bce_ratio=0.0093
2026-05-08 11:39:56,621 - INFO - [assist_17|assist17_best_no_E|lr=0.001|drop=0.25] [Diag][AE] Epoch [007] | irt_abs_mean=0.0532, irt_std=0.0344, personal_warmup_scale=1.00, relation_theta_delta=0.0000, relation_theta_logit=0.0000, relation_theta_neighbor_mass=0.0000, relation_theta_personal_mass=0.0000, ae_posterior_prior_scale=3.0000, ae_posterior_prior_logit=0.0000, ae_posterior_prior_delta=0.0000, graph_row_entropy=0.7069, graph_entropy_ratio=0.1532, alpha_mean=0.0000, alpha_std=0.0000, alpha_base_mean=0.0000, alpha_delta_absmean=0.0000, alpha_saturation_ratio=0.0000, alpha_bias_std=NA, alpha_state_path=0.0000, alpha_id_path=0.0000, alpha_bias_path=0.0000, head_bias_path=0.0000, personal_row_entropy=0.0000, personal_matrix_delta=0.0000, personal_matrix_student_std=0.0000, personal_delta_pre_softmax_norm=0.0000, personal_delta_student_std=0.0000, alpha_head_std=0.0000, query_row_global_readout_delta=0.0938, query_row_personal_message_delta=0.0000, ae_query_state_residual_delta=0.0000, ae_logit_residual_abs_mean=0.6657, query_row_posterior_delta_abs=0.0000, query_row_posterior_kl=0.0000, query_row_delta_local_rms_raw=0.0000, query_row_message_projection_gain=0.0000, personal_to_graph_query_ratio=0.0000, query_row_global_support_mass=0.9001, query_row_personal_support_mass=0.0000, neighbor_row_personal_delta=0.0000, personal_row_budget_mean=0.0000, personal_query_row_std=0.0000, personal_item_support_added_rate=0.0000, personal_item_support_added_mass=0.0000, readout_query_support_mass=0.9001, personal_student_mix=0.0000, personal_mastery_prior_scale=0.0000, personal_mastery_scores_absmean=0.0000, personal_recent_mastery_prior_scale=0.0000, personal_recent_mastery_scores_absmean=0.0000, personal_student_adapter=0.0000, local_row_ratio=0.0000, support_density=0.0000, readout_query_delta=0.0938, personal_bad_rows_active=0.00, personal_fallback_rows_active=0.00, personal_bad_row_rate_active=0.0000, personal_padded_rows=0.00, personal_logits_support_absmax=0.0000, personal_query_trust_scale_mean=1.0000, personal_bad_rows_all=0.00, personal_fallback_rows_all=0.00, personal_logits_absmax_all=0.0000
2026-05-08 11:39:56,621 - INFO - [assist_17|assist17_best_no_E|lr=0.001|drop=0.25] [Diag][A] Epoch [007] | entropy_ratio=0.1532, diag_mass=0.0500, to_uniform_l2=0.082727, to_identity_l2=0.125905, relation_identity_delta=0.125905, knowledge_state_graph_delta=0.474979, knowledge_state_personal_delta=0.000000, share_concept_embeddings=True, tau_mean=0.4330, tau_std=0.0168, graph_reg_scale(train/val)=1.0000/1.0000
2026-05-08 11:39:56,621 - INFO - [assist_17|assist17_best_no_E|lr=0.001|drop=0.25] [Diag][A Support] Epoch [007] | candidate_size=25.82, final_size=22.26, item_survival=0.8880, seq_survival=0.8692, item_seq_overlap=0.1328, self_retention=1.0000
2026-05-08 11:39:56,621 - INFO - [assist_17|assist17_best_no_E|lr=0.001|drop=0.25] [Diag][AE Components] Epoch [007] | student_prior=0.0000, exercise_prior=0.5012, concept_prior=0.1342, query_student_concept=0.0000, graph_student_concept=0.0000, posterior_prior=0.0000, reliability=0.0000, interpretable_bias=0.2632, explicit_feature=0.0000, interaction=0.0000, raw_before_clip=0.6758, raw_after_clip=0.6657
2026-05-08 11:39:56,621 - INFO - [assist_17|assist17_best_no_E|lr=0.001|drop=0.25] [Grad Norms] Epoch [007] | relation_emb=0.000000e+00, relation_tau=4.965595e-04, prior_strength=1.156131e-04, receiver_bias=3.091647e-04, self_loop=1.959922e-06, gate_head_bias=0.000000e+00, gate_query_weight=0.000000e+00, gate_context_weight=0.000000e+00, generator_state_mix=0.000000e+00
2026-05-08 11:39:56,693 - INFO - [assist_17|assist17_best_no_E|lr=0.001|drop=0.25] -> New best AUC=0.7078 at epoch 7
2026-05-08 11:40:20,414 - INFO - [assist_17|assist17_best_no_E|lr=0.001|drop=0.25] Epoch [008/100] | Train: Loss=0.6136, BCE=0.6079, Reg=0.0057, AUC=0.7181, ACC=0.6638, RMSE=0.4590 | Val: Loss=0.6199, BCE=0.6142, Reg=0.0057, AUC=0.7078, ACC=0.6596, RMSE=0.4620
2026-05-08 11:40:20,415 - INFO - [assist_17|assist17_best_no_E|lr=0.001|drop=0.25] [Reg Terms] Epoch [008] | Train: graph_entropy=0.000000, graph_diag=0.005003, graph_uniform=0.000687, graph_reg_scale=1.0000, prediction_l2=0.000000, personal_sparse=0.000000, theta_prior_align=0.000000, alpha_var=0.000000, alpha_collapse=0.000000, reg_bce_ratio=0.0094 | Val: graph_entropy=0.000000, graph_diag=0.005002, graph_uniform=0.000690, graph_reg_scale=1.0000, prediction_l2=0.000000, personal_sparse=0.000000, theta_prior_align=0.000000, alpha_var=0.000000, alpha_collapse=0.000000, reg_bce_ratio=0.0093
2026-05-08 11:40:20,475 - INFO - [assist_17|assist17_best_no_E|lr=0.001|drop=0.25] [Diag][AE] Epoch [008] | irt_abs_mean=0.0532, irt_std=0.0343, personal_warmup_scale=1.00, relation_theta_delta=0.0000, relation_theta_logit=0.0000, relation_theta_neighbor_mass=0.0000, relation_theta_personal_mass=0.0000, ae_posterior_prior_scale=3.0000, ae_posterior_prior_logit=0.0000, ae_posterior_prior_delta=0.0000, graph_row_entropy=0.7056, graph_entropy_ratio=0.1529, alpha_mean=0.0000, alpha_std=0.0000, alpha_base_mean=0.0000, alpha_delta_absmean=0.0000, alpha_saturation_ratio=0.0000, alpha_bias_std=NA, alpha_state_path=0.0000, alpha_id_path=0.0000, alpha_bias_path=0.0000, head_bias_path=0.0000, personal_row_entropy=0.0000, personal_matrix_delta=0.0000, personal_matrix_student_std=0.0000, personal_delta_pre_softmax_norm=0.0000, personal_delta_student_std=0.0000, alpha_head_std=0.0000, query_row_global_readout_delta=0.0937, query_row_personal_message_delta=0.0000, ae_query_state_residual_delta=0.0000, ae_logit_residual_abs_mean=0.6725, query_row_posterior_delta_abs=0.0000, query_row_posterior_kl=0.0000, query_row_delta_local_rms_raw=0.0000, query_row_message_projection_gain=0.0000, personal_to_graph_query_ratio=0.0000, query_row_global_support_mass=0.9000, query_row_personal_support_mass=0.0000, neighbor_row_personal_delta=0.0000, personal_row_budget_mean=0.0000, personal_query_row_std=0.0000, personal_item_support_added_rate=0.0000, personal_item_support_added_mass=0.0000, readout_query_support_mass=0.9000, personal_student_mix=0.0000, personal_mastery_prior_scale=0.0000, personal_mastery_scores_absmean=0.0000, personal_recent_mastery_prior_scale=0.0000, personal_recent_mastery_scores_absmean=0.0000, personal_student_adapter=0.0000, local_row_ratio=0.0000, support_density=0.0000, readout_query_delta=0.0937, personal_bad_rows_active=0.00, personal_fallback_rows_active=0.00, personal_bad_row_rate_active=0.0000, personal_padded_rows=0.00, personal_logits_support_absmax=0.0000, personal_query_trust_scale_mean=1.0000, personal_bad_rows_all=0.00, personal_fallback_rows_all=0.00, personal_logits_absmax_all=0.0000
2026-05-08 11:40:20,475 - INFO - [assist_17|assist17_best_no_E|lr=0.001|drop=0.25] [Diag][A] Epoch [008] | entropy_ratio=0.1529, diag_mass=0.0500, to_uniform_l2=0.082753, to_identity_l2=0.125923, relation_identity_delta=0.125923, knowledge_state_graph_delta=0.474977, knowledge_state_personal_delta=0.000000, share_concept_embeddings=True, tau_mean=0.4311, tau_std=0.0150, graph_reg_scale(train/val)=1.0000/1.0000
2026-05-08 11:40:20,475 - INFO - [assist_17|assist17_best_no_E|lr=0.001|drop=0.25] [Diag][A Support] Epoch [008] | candidate_size=25.82, final_size=22.26, item_survival=0.8871, seq_survival=0.8695, item_seq_overlap=0.1328, self_retention=1.0000
2026-05-08 11:40:20,475 - INFO - [assist_17|assist17_best_no_E|lr=0.001|drop=0.25] [Diag][AE Components] Epoch [008] | student_prior=0.0000, exercise_prior=0.5012, concept_prior=0.1342, query_student_concept=0.0000, graph_student_concept=0.0000, posterior_prior=0.0000, reliability=0.0000, interpretable_bias=0.2658, explicit_feature=0.0000, interaction=0.0000, raw_before_clip=0.6830, raw_after_clip=0.6725
2026-05-08 11:40:20,475 - INFO - [assist_17|assist17_best_no_E|lr=0.001|drop=0.25] [Grad Norms] Epoch [008] | relation_emb=0.000000e+00, relation_tau=1.949317e-04, prior_strength=1.433269e-04, receiver_bias=3.487023e-04, self_loop=1.707701e-06, gate_head_bias=0.000000e+00, gate_query_weight=0.000000e+00, gate_context_weight=0.000000e+00, generator_state_mix=0.000000e+00
2026-05-08 11:40:20,577 - INFO - [assist_17|assist17_best_no_E|lr=0.001|drop=0.25] -> New best AUC=0.7078 at epoch 8
2026-05-08 11:40:43,338 - INFO - [assist_17|assist17_best_no_E|lr=0.001|drop=0.25] Epoch [009/100] | Train: Loss=0.6133, BCE=0.6076, Reg=0.0057, AUC=0.7182, ACC=0.6638, RMSE=0.4589 | Val: Loss=0.6198, BCE=0.6141, Reg=0.0057, AUC=0.7078, ACC=0.6601, RMSE=0.4620
2026-05-08 11:40:43,339 - INFO - [assist_17|assist17_best_no_E|lr=0.001|drop=0.25] [Reg Terms] Epoch [009] | Train: graph_entropy=0.000000, graph_diag=0.005002, graph_uniform=0.000687, graph_reg_scale=1.0000, prediction_l2=0.000000, personal_sparse=0.000000, theta_prior_align=0.000000, alpha_var=0.000000, alpha_collapse=0.000000, reg_bce_ratio=0.0094 | Val: graph_entropy=0.000000, graph_diag=0.005002, graph_uniform=0.000684, graph_reg_scale=1.0000, prediction_l2=0.000000, personal_sparse=0.000000, theta_prior_align=0.000000, alpha_var=0.000000, alpha_collapse=0.000000, reg_bce_ratio=0.0093
2026-05-08 11:40:43,393 - INFO - [assist_17|assist17_best_no_E|lr=0.001|drop=0.25] [Diag][AE] Epoch [009] | irt_abs_mean=0.0531, irt_std=0.0343, personal_warmup_scale=1.00, relation_theta_delta=0.0000, relation_theta_logit=0.0000, relation_theta_neighbor_mass=0.0000, relation_theta_personal_mass=0.0000, ae_posterior_prior_scale=3.0000, ae_posterior_prior_logit=0.0000, ae_posterior_prior_delta=0.0000, graph_row_entropy=0.6985, graph_entropy_ratio=0.1514, alpha_mean=0.0000, alpha_std=0.0000, alpha_base_mean=0.0000, alpha_delta_absmean=0.0000, alpha_saturation_ratio=0.0000, alpha_bias_std=NA, alpha_state_path=0.0000, alpha_id_path=0.0000, alpha_bias_path=0.0000, head_bias_path=0.0000, personal_row_entropy=0.0000, personal_matrix_delta=0.0000, personal_matrix_student_std=0.0000, personal_delta_pre_softmax_norm=0.0000, personal_delta_student_std=0.0000, alpha_head_std=0.0000, query_row_global_readout_delta=0.0937, query_row_personal_message_delta=0.0000, ae_query_state_residual_delta=0.0000, ae_logit_residual_abs_mean=0.6788, query_row_posterior_delta_abs=0.0000, query_row_posterior_kl=0.0000, query_row_delta_local_rms_raw=0.0000, query_row_message_projection_gain=0.0000, personal_to_graph_query_ratio=0.0000, query_row_global_support_mass=0.9000, query_row_personal_support_mass=0.0000, neighbor_row_personal_delta=0.0000, personal_row_budget_mean=0.0000, personal_query_row_std=0.0000, personal_item_support_added_rate=0.0000, personal_item_support_added_mass=0.0000, readout_query_support_mass=0.9000, personal_student_mix=0.0000, personal_mastery_prior_scale=0.0000, personal_mastery_scores_absmean=0.0000, personal_recent_mastery_prior_scale=0.0000, personal_recent_mastery_scores_absmean=0.0000, personal_student_adapter=0.0000, local_row_ratio=0.0000, support_density=0.0000, readout_query_delta=0.0937, personal_bad_rows_active=0.00, personal_fallback_rows_active=0.00, personal_bad_row_rate_active=0.0000, personal_padded_rows=0.00, personal_logits_support_absmax=0.0000, personal_query_trust_scale_mean=1.0000, personal_bad_rows_all=0.00, personal_fallback_rows_all=0.00, personal_logits_absmax_all=0.0000
2026-05-08 11:40:43,393 - INFO - [assist_17|assist17_best_no_E|lr=0.001|drop=0.25] [Diag][A] Epoch [009] | entropy_ratio=0.1514, diag_mass=0.0500, to_uniform_l2=0.082906, to_identity_l2=0.126024, relation_identity_delta=0.126024, knowledge_state_graph_delta=0.474968, knowledge_state_personal_delta=0.000000, share_concept_embeddings=True, tau_mean=0.4282, tau_std=0.0132, graph_reg_scale(train/val)=1.0000/1.0000
2026-05-08 11:40:43,393 - INFO - [assist_17|assist17_best_no_E|lr=0.001|drop=0.25] [Diag][A Support] Epoch [009] | candidate_size=25.82, final_size=22.26, item_survival=0.8863, seq_survival=0.8697, item_seq_overlap=0.1328, self_retention=1.0000
2026-05-08 11:40:43,393 - INFO - [assist_17|assist17_best_no_E|lr=0.001|drop=0.25] [Diag][AE Components] Epoch [009] | student_prior=0.0000, exercise_prior=0.5012, concept_prior=0.1342, query_student_concept=0.0000, graph_student_concept=0.0000, posterior_prior=0.0000, reliability=0.0000, interpretable_bias=0.2684, explicit_feature=0.0000, interaction=0.0000, raw_before_clip=0.6896, raw_after_clip=0.6788
2026-05-08 11:40:43,393 - INFO - [assist_17|assist17_best_no_E|lr=0.001|drop=0.25] [Grad Norms] Epoch [009] | relation_emb=0.000000e+00, relation_tau=1.199609e-04, prior_strength=8.410738e-05, receiver_bias=1.520838e-04, self_loop=1.455383e-06, gate_head_bias=0.000000e+00, gate_query_weight=0.000000e+00, gate_context_weight=0.000000e+00, generator_state_mix=0.000000e+00
2026-05-08 11:40:43,463 - INFO - [assist_17|assist17_best_no_E|lr=0.001|drop=0.25] -> New best AUC=0.7078 at epoch 9
2026-05-08 11:41:06,892 - INFO - [assist_17|assist17_best_no_E|lr=0.001|drop=0.25] Epoch [010/100] | Train: Loss=0.6131, BCE=0.6074, Reg=0.0057, AUC=0.7183, ACC=0.6639, RMSE=0.4588 | Val: Loss=0.6197, BCE=0.6140, Reg=0.0057, AUC=0.7078, ACC=0.6600, RMSE=0.4620
2026-05-08 11:41:06,892 - INFO - [assist_17|assist17_best_no_E|lr=0.001|drop=0.25] [Reg Terms] Epoch [010] | Train: graph_entropy=0.000000, graph_diag=0.005002, graph_uniform=0.000686, graph_reg_scale=1.0000, prediction_l2=0.000000, personal_sparse=0.000000, theta_prior_align=0.000000, alpha_var=0.000000, alpha_collapse=0.000000, reg_bce_ratio=0.0094 | Val: graph_entropy=0.000000, graph_diag=0.005002, graph_uniform=0.000686, graph_reg_scale=1.0000, prediction_l2=0.000000, personal_sparse=0.000000, theta_prior_align=0.000000, alpha_var=0.000000, alpha_collapse=0.000000, reg_bce_ratio=0.0093
2026-05-08 11:41:06,956 - INFO - [assist_17|assist17_best_no_E|lr=0.001|drop=0.25] [Diag][AE] Epoch [010] | irt_abs_mean=0.0531, irt_std=0.0343, personal_warmup_scale=1.00, relation_theta_delta=0.0000, relation_theta_logit=0.0000, relation_theta_neighbor_mass=0.0000, relation_theta_personal_mass=0.0000, ae_posterior_prior_scale=3.0000, ae_posterior_prior_logit=0.0000, ae_posterior_prior_delta=0.0000, graph_row_entropy=0.7015, graph_entropy_ratio=0.1520, alpha_mean=0.0000, alpha_std=0.0000, alpha_base_mean=0.0000, alpha_delta_absmean=0.0000, alpha_saturation_ratio=0.0000, alpha_bias_std=NA, alpha_state_path=0.0000, alpha_id_path=0.0000, alpha_bias_path=0.0000, head_bias_path=0.0000, personal_row_entropy=0.0000, personal_matrix_delta=0.0000, personal_matrix_student_std=0.0000, personal_delta_pre_softmax_norm=0.0000, personal_delta_student_std=0.0000, alpha_head_std=0.0000, query_row_global_readout_delta=0.0937, query_row_personal_message_delta=0.0000, ae_query_state_residual_delta=0.0000, ae_logit_residual_abs_mean=0.6841, query_row_posterior_delta_abs=0.0000, query_row_posterior_kl=0.0000, query_row_delta_local_rms_raw=0.0000, query_row_message_projection_gain=0.0000, personal_to_graph_query_ratio=0.0000, query_row_global_support_mass=0.8999, query_row_personal_support_mass=0.0000, neighbor_row_personal_delta=0.0000, personal_row_budget_mean=0.0000, personal_query_row_std=0.0000, personal_item_support_added_rate=0.0000, personal_item_support_added_mass=0.0000, readout_query_support_mass=0.8999, personal_student_mix=0.0000, personal_mastery_prior_scale=0.0000, personal_mastery_scores_absmean=0.0000, personal_recent_mastery_prior_scale=0.0000, personal_recent_mastery_scores_absmean=0.0000, personal_student_adapter=0.0000, local_row_ratio=0.0000, support_density=0.0000, readout_query_delta=0.0937, personal_bad_rows_active=0.00, personal_fallback_rows_active=0.00, personal_bad_row_rate_active=0.0000, personal_padded_rows=0.00, personal_logits_support_absmax=0.0000, personal_query_trust_scale_mean=1.0000, personal_bad_rows_all=0.00, personal_fallback_rows_all=0.00, personal_logits_absmax_all=0.0000
2026-05-08 11:41:06,956 - INFO - [assist_17|assist17_best_no_E|lr=0.001|drop=0.25] [Diag][A] Epoch [010] | entropy_ratio=0.1520, diag_mass=0.0500, to_uniform_l2=0.082840, to_identity_l2=0.125980, relation_identity_delta=0.125980, knowledge_state_graph_delta=0.474972, knowledge_state_personal_delta=0.000000, share_concept_embeddings=True, tau_mean=0.4275, tau_std=0.0116, graph_reg_scale(train/val)=1.0000/1.0000
2026-05-08 11:41:06,956 - INFO - [assist_17|assist17_best_no_E|lr=0.001|drop=0.25] [Diag][A Support] Epoch [010] | candidate_size=25.82, final_size=22.26, item_survival=0.8863, seq_survival=0.8697, item_seq_overlap=0.1328, self_retention=1.0000
2026-05-08 11:41:06,956 - INFO - [assist_17|assist17_best_no_E|lr=0.001|drop=0.25] [Diag][AE Components] Epoch [010] | student_prior=0.0000, exercise_prior=0.5012, concept_prior=0.1342, query_student_concept=0.0000, graph_student_concept=0.0000, posterior_prior=0.0000, reliability=0.0000, interpretable_bias=0.2700, explicit_feature=0.0000, interaction=0.0000, raw_before_clip=0.6952, raw_after_clip=0.6841
2026-05-08 11:41:06,956 - INFO - [assist_17|assist17_best_no_E|lr=0.001|drop=0.25] [Grad Norms] Epoch [010] | relation_emb=0.000000e+00, relation_tau=3.103577e-04, prior_strength=2.353673e-05, receiver_bias=2.579408e-04, self_loop=1.306177e-06, gate_head_bias=0.000000e+00, gate_query_weight=0.000000e+00, gate_context_weight=0.000000e+00, generator_state_mix=0.000000e+00
2026-05-08 11:41:07,051 - INFO - [assist_17|assist17_best_no_E|lr=0.001|drop=0.25] -> New best AUC=0.7078 at epoch 10
2026-05-08 11:41:07,067 - INFO - [assist_17|assist17_best_no_E|lr=0.001|drop=0.25] Checkpoint saved: /home/zsh/ConceptSkillCDM/checkpoints/assist17_best_ablation_20260508_113632/assist17_best_no_E/checkpoint_epoch_10.pth
2026-05-08 11:41:07,126 - INFO - [assist_17|assist17_best_no_E|lr=0.001|drop=0.25] [Module Activity] Epoch 10: Graph[LIVE]
2026-05-08 11:41:30,470 - INFO - [assist_17|assist17_best_no_E|lr=0.001|drop=0.25] Epoch [011/100] | Train: Loss=0.6129, BCE=0.6072, Reg=0.0057, AUC=0.7183, ACC=0.6640, RMSE=0.4587 | Val: Loss=0.6197, BCE=0.6140, Reg=0.0057, AUC=0.7079, ACC=0.6599, RMSE=0.4620
2026-05-08 11:41:30,470 - INFO - [assist_17|assist17_best_no_E|lr=0.001|drop=0.25] [Reg Terms] Epoch [011] | Train: graph_entropy=0.000000, graph_diag=0.005002, graph_uniform=0.000687, graph_reg_scale=1.0000, prediction_l2=0.000000, personal_sparse=0.000000, theta_prior_align=0.000000, alpha_var=0.000000, alpha_collapse=0.000000, reg_bce_ratio=0.0094 | Val: graph_entropy=0.000000, graph_diag=0.005002, graph_uniform=0.000690, graph_reg_scale=1.0000, prediction_l2=0.000000, personal_sparse=0.000000, theta_prior_align=0.000000, alpha_var=0.000000, alpha_collapse=0.000000, reg_bce_ratio=0.0093
2026-05-08 11:41:30,530 - INFO - [assist_17|assist17_best_no_E|lr=0.001|drop=0.25] [Diag][AE] Epoch [011] | irt_abs_mean=0.0531, irt_std=0.0343, personal_warmup_scale=1.00, relation_theta_delta=0.0000, relation_theta_logit=0.0000, relation_theta_neighbor_mass=0.0000, relation_theta_personal_mass=0.0000, ae_posterior_prior_scale=3.0000, ae_posterior_prior_logit=0.0000, ae_posterior_prior_delta=0.0000, graph_row_entropy=0.7054, graph_entropy_ratio=0.1528, alpha_mean=0.0000, alpha_std=0.0000, alpha_base_mean=0.0000, alpha_delta_absmean=0.0000, alpha_saturation_ratio=0.0000, alpha_bias_std=NA, alpha_state_path=0.0000, alpha_id_path=0.0000, alpha_bias_path=0.0000, head_bias_path=0.0000, personal_row_entropy=0.0000, personal_matrix_delta=0.0000, personal_matrix_student_std=0.0000, personal_delta_pre_softmax_norm=0.0000, personal_delta_student_std=0.0000, alpha_head_std=0.0000, query_row_global_readout_delta=0.0937, query_row_personal_message_delta=0.0000, ae_query_state_residual_delta=0.0000, ae_logit_residual_abs_mean=0.6903, query_row_posterior_delta_abs=0.0000, query_row_posterior_kl=0.0000, query_row_delta_local_rms_raw=0.0000, query_row_message_projection_gain=0.0000, personal_to_graph_query_ratio=0.0000, query_row_global_support_mass=0.8999, query_row_personal_support_mass=0.0000, neighbor_row_personal_delta=0.0000, personal_row_budget_mean=0.0000, personal_query_row_std=0.0000, personal_item_support_added_rate=0.0000, personal_item_support_added_mass=0.0000, readout_query_support_mass=0.8999, personal_student_mix=0.0000, personal_mastery_prior_scale=0.0000, personal_mastery_scores_absmean=0.0000, personal_recent_mastery_prior_scale=0.0000, personal_recent_mastery_scores_absmean=0.0000, personal_student_adapter=0.0000, local_row_ratio=0.0000, support_density=0.0000, readout_query_delta=0.0937, personal_bad_rows_active=0.00, personal_fallback_rows_active=0.00, personal_bad_row_rate_active=0.0000, personal_padded_rows=0.00, personal_logits_support_absmax=0.0000, personal_query_trust_scale_mean=1.0000, personal_bad_rows_all=0.00, personal_fallback_rows_all=0.00, personal_logits_absmax_all=0.0000
2026-05-08 11:41:30,530 - INFO - [assist_17|assist17_best_no_E|lr=0.001|drop=0.25] [Diag][A] Epoch [011] | entropy_ratio=0.1528, diag_mass=0.0500, to_uniform_l2=0.082754, to_identity_l2=0.125924, relation_identity_delta=0.125924, knowledge_state_graph_delta=0.474978, knowledge_state_personal_delta=0.000000, share_concept_embeddings=True, tau_mean=0.4270, tau_std=0.0100, graph_reg_scale(train/val)=1.0000/1.0000
2026-05-08 11:41:30,530 - INFO - [assist_17|assist17_best_no_E|lr=0.001|drop=0.25] [Diag][A Support] Epoch [011] | candidate_size=25.82, final_size=22.26, item_survival=0.8863, seq_survival=0.8697, item_seq_overlap=0.1328, self_retention=1.0000
2026-05-08 11:41:30,530 - INFO - [assist_17|assist17_best_no_E|lr=0.001|drop=0.25] [Diag][AE Components] Epoch [011] | student_prior=0.0000, exercise_prior=0.5012, concept_prior=0.1342, query_student_concept=0.0000, graph_student_concept=0.0000, posterior_prior=0.0000, reliability=0.0000, interpretable_bias=0.2746, explicit_feature=0.0000, interaction=0.0000, raw_before_clip=0.7018, raw_after_clip=0.6903
2026-05-08 11:41:30,530 - INFO - [assist_17|assist17_best_no_E|lr=0.001|drop=0.25] [Grad Norms] Epoch [011] | relation_emb=0.000000e+00, relation_tau=4.674238e-04, prior_strength=1.333787e-04, receiver_bias=3.580803e-04, self_loop=1.203671e-06, gate_head_bias=0.000000e+00, gate_query_weight=0.000000e+00, gate_context_weight=0.000000e+00, generator_state_mix=0.000000e+00
2026-05-08 11:41:30,623 - INFO - [assist_17|assist17_best_no_E|lr=0.001|drop=0.25] -> New best AUC=0.7079 at epoch 11
2026-05-08 11:41:54,098 - INFO - [assist_17|assist17_best_no_E|lr=0.001|drop=0.25] Epoch [012/100] | Train: Loss=0.6127, BCE=0.6070, Reg=0.0057, AUC=0.7184, ACC=0.6640, RMSE=0.4587 | Val: Loss=0.6196, BCE=0.6139, Reg=0.0057, AUC=0.7078, ACC=0.6600, RMSE=0.4619
2026-05-08 11:41:54,098 - INFO - [assist_17|assist17_best_no_E|lr=0.001|drop=0.25] [Reg Terms] Epoch [012] | Train: graph_entropy=0.000000, graph_diag=0.005002, graph_uniform=0.000687, graph_reg_scale=1.0000, prediction_l2=0.000000, personal_sparse=0.000000, theta_prior_align=0.000000, alpha_var=0.000000, alpha_collapse=0.000000, reg_bce_ratio=0.0094 | Val: graph_entropy=0.000000, graph_diag=0.005002, graph_uniform=0.000683, graph_reg_scale=1.0000, prediction_l2=0.000000, personal_sparse=0.000000, theta_prior_align=0.000000, alpha_var=0.000000, alpha_collapse=0.000000, reg_bce_ratio=0.0093
2026-05-08 11:41:54,153 - INFO - [assist_17|assist17_best_no_E|lr=0.001|drop=0.25] [Diag][AE] Epoch [012] | irt_abs_mean=0.0530, irt_std=0.0343, personal_warmup_scale=1.00, relation_theta_delta=0.0000, relation_theta_logit=0.0000, relation_theta_neighbor_mass=0.0000, relation_theta_personal_mass=0.0000, ae_posterior_prior_scale=3.0000, ae_posterior_prior_logit=0.0000, ae_posterior_prior_delta=0.0000, graph_row_entropy=0.6973, graph_entropy_ratio=0.1511, alpha_mean=0.0000, alpha_std=0.0000, alpha_base_mean=0.0000, alpha_delta_absmean=0.0000, alpha_saturation_ratio=0.0000, alpha_bias_std=NA, alpha_state_path=0.0000, alpha_id_path=0.0000, alpha_bias_path=0.0000, head_bias_path=0.0000, personal_row_entropy=0.0000, personal_matrix_delta=0.0000, personal_matrix_student_std=0.0000, personal_delta_pre_softmax_norm=0.0000, personal_delta_student_std=0.0000, alpha_head_std=0.0000, query_row_global_readout_delta=0.0937, query_row_personal_message_delta=0.0000, ae_query_state_residual_delta=0.0000, ae_logit_residual_abs_mean=0.6969, query_row_posterior_delta_abs=0.0000, query_row_posterior_kl=0.0000, query_row_delta_local_rms_raw=0.0000, query_row_message_projection_gain=0.0000, personal_to_graph_query_ratio=0.0000, query_row_global_support_mass=0.8999, query_row_personal_support_mass=0.0000, neighbor_row_personal_delta=0.0000, personal_row_budget_mean=0.0000, personal_query_row_std=0.0000, personal_item_support_added_rate=0.0000, personal_item_support_added_mass=0.0000, readout_query_support_mass=0.8999, personal_student_mix=0.0000, personal_mastery_prior_scale=0.0000, personal_mastery_scores_absmean=0.0000, personal_recent_mastery_prior_scale=0.0000, personal_recent_mastery_scores_absmean=0.0000, personal_student_adapter=0.0000, local_row_ratio=0.0000, support_density=0.0000, readout_query_delta=0.0937, personal_bad_rows_active=0.00, personal_fallback_rows_active=0.00, personal_bad_row_rate_active=0.0000, personal_padded_rows=0.00, personal_logits_support_absmax=0.0000, personal_query_trust_scale_mean=1.0000, personal_bad_rows_all=0.00, personal_fallback_rows_all=0.00, personal_logits_absmax_all=0.0000
2026-05-08 11:41:54,154 - INFO - [assist_17|assist17_best_no_E|lr=0.001|drop=0.25] [Diag][A] Epoch [012] | entropy_ratio=0.1511, diag_mass=0.0500, to_uniform_l2=0.082932, to_identity_l2=0.126041, relation_identity_delta=0.126041, knowledge_state_graph_delta=0.474968, knowledge_state_personal_delta=0.000000, share_concept_embeddings=True, tau_mean=0.4243, tau_std=0.0084, graph_reg_scale(train/val)=1.0000/1.0000
2026-05-08 11:41:54,154 - INFO - [assist_17|assist17_best_no_E|lr=0.001|drop=0.25] [Diag][A Support] Epoch [012] | candidate_size=25.82, final_size=22.26, item_survival=0.8855, seq_survival=0.8699, item_seq_overlap=0.1328, self_retention=1.0000
2026-05-08 11:41:54,154 - INFO - [assist_17|assist17_best_no_E|lr=0.001|drop=0.25] [Diag][AE Components] Epoch [012] | student_prior=0.0000, exercise_prior=0.5012, concept_prior=0.1342, query_student_concept=0.0000, graph_student_concept=0.0000, posterior_prior=0.0000, reliability=0.0000, interpretable_bias=0.2809, explicit_feature=0.0000, interaction=0.0000, raw_before_clip=0.7087, raw_after_clip=0.6969
2026-05-08 11:41:54,154 - INFO - [assist_17|assist17_best_no_E|lr=0.001|drop=0.25] [Grad Norms] Epoch [012] | relation_emb=0.000000e+00, relation_tau=3.150502e-04, prior_strength=9.966166e-05, receiver_bias=2.494297e-04, self_loop=1.050714e-06, gate_head_bias=0.000000e+00, gate_query_weight=0.000000e+00, gate_context_weight=0.000000e+00, generator_state_mix=0.000000e+00
2026-05-08 11:41:54,154 - INFO - [assist_17|assist17_best_no_E|lr=0.001|drop=0.25] -> No improvement 1 epoch(s) (best AUC=0.7079 @ 11)
2026-05-08 11:42:17,213 - INFO - [assist_17|assist17_best_no_E|lr=0.001|drop=0.25] Epoch [013/100] | Train: Loss=0.6126, BCE=0.6069, Reg=0.0057, AUC=0.7185, ACC=0.6639, RMSE=0.4586 | Val: Loss=0.6196, BCE=0.6139, Reg=0.0057, AUC=0.7078, ACC=0.6598, RMSE=0.4619
2026-05-08 11:42:17,213 - INFO - [assist_17|assist17_best_no_E|lr=0.001|drop=0.25] [Reg Terms] Epoch [013] | Train: graph_entropy=0.000000, graph_diag=0.005002, graph_uniform=0.000686, graph_reg_scale=1.0000, prediction_l2=0.000000, personal_sparse=0.000000, theta_prior_align=0.000000, alpha_var=0.000000, alpha_collapse=0.000000, reg_bce_ratio=0.0094 | Val: graph_entropy=0.000000, graph_diag=0.005002, graph_uniform=0.000693, graph_reg_scale=1.0000, prediction_l2=0.000000, personal_sparse=0.000000, theta_prior_align=0.000000, alpha_var=0.000000, alpha_collapse=0.000000, reg_bce_ratio=0.0093
2026-05-08 11:42:17,273 - INFO - [assist_17|assist17_best_no_E|lr=0.001|drop=0.25] [Diag][AE] Epoch [013] | irt_abs_mean=0.0531, irt_std=0.0343, personal_warmup_scale=1.00, relation_theta_delta=0.0000, relation_theta_logit=0.0000, relation_theta_neighbor_mass=0.0000, relation_theta_personal_mass=0.0000, ae_posterior_prior_scale=3.0000, ae_posterior_prior_logit=0.0000, ae_posterior_prior_delta=0.0000, graph_row_entropy=0.7086, graph_entropy_ratio=0.1535, alpha_mean=0.0000, alpha_std=0.0000, alpha_base_mean=0.0000, alpha_delta_absmean=0.0000, alpha_saturation_ratio=0.0000, alpha_bias_std=NA, alpha_state_path=0.0000, alpha_id_path=0.0000, alpha_bias_path=0.0000, head_bias_path=0.0000, personal_row_entropy=0.0000, personal_matrix_delta=0.0000, personal_matrix_student_std=0.0000, personal_delta_pre_softmax_norm=0.0000, personal_delta_student_std=0.0000, alpha_head_std=0.0000, query_row_global_readout_delta=0.0937, query_row_personal_message_delta=0.0000, ae_query_state_residual_delta=0.0000, ae_logit_residual_abs_mean=0.7018, query_row_posterior_delta_abs=0.0000, query_row_posterior_kl=0.0000, query_row_delta_local_rms_raw=0.0000, query_row_message_projection_gain=0.0000, personal_to_graph_query_ratio=0.0000, query_row_global_support_mass=0.8999, query_row_personal_support_mass=0.0000, neighbor_row_personal_delta=0.0000, personal_row_budget_mean=0.0000, personal_query_row_std=0.0000, personal_item_support_added_rate=0.0000, personal_item_support_added_mass=0.0000, readout_query_support_mass=0.8999, personal_student_mix=0.0000, personal_mastery_prior_scale=0.0000, personal_mastery_scores_absmean=0.0000, personal_recent_mastery_prior_scale=0.0000, personal_recent_mastery_scores_absmean=0.0000, personal_student_adapter=0.0000, local_row_ratio=0.0000, support_density=0.0000, readout_query_delta=0.0937, personal_bad_rows_active=0.00, personal_fallback_rows_active=0.00, personal_bad_row_rate_active=0.0000, personal_padded_rows=0.00, personal_logits_support_absmax=0.0000, personal_query_trust_scale_mean=1.0000, personal_bad_rows_all=0.00, personal_fallback_rows_all=0.00, personal_logits_absmax_all=0.0000
2026-05-08 11:42:17,274 - INFO - [assist_17|assist17_best_no_E|lr=0.001|drop=0.25] [Diag][A] Epoch [013] | entropy_ratio=0.1535, diag_mass=0.0500, to_uniform_l2=0.082685, to_identity_l2=0.125879, relation_identity_delta=0.125879, knowledge_state_graph_delta=0.474984, knowledge_state_personal_delta=0.000000, share_concept_embeddings=True, tau_mean=0.4255, tau_std=0.0068, graph_reg_scale(train/val)=1.0000/1.0000
2026-05-08 11:42:17,274 - INFO - [assist_17|assist17_best_no_E|lr=0.001|drop=0.25] [Diag][A Support] Epoch [013] | candidate_size=25.82, final_size=22.26, item_survival=0.8863, seq_survival=0.8697, item_seq_overlap=0.1328, self_retention=1.0000
2026-05-08 11:42:17,274 - INFO - [assist_17|assist17_best_no_E|lr=0.001|drop=0.25] [Diag][AE Components] Epoch [013] | student_prior=0.0000, exercise_prior=0.5012, concept_prior=0.1342, query_student_concept=0.0000, graph_student_concept=0.0000, posterior_prior=0.0000, reliability=0.0000, interpretable_bias=0.2842, explicit_feature=0.0000, interaction=0.0000, raw_before_clip=0.7140, raw_after_clip=0.7018
2026-05-08 11:42:17,274 - INFO - [assist_17|assist17_best_no_E|lr=0.001|drop=0.25] [Grad Norms] Epoch [013] | relation_emb=0.000000e+00, relation_tau=1.097367e-04, prior_strength=5.435105e-05, receiver_bias=3.276733e-04, self_loop=1.027259e-06, gate_head_bias=0.000000e+00, gate_query_weight=0.000000e+00, gate_context_weight=0.000000e+00, generator_state_mix=0.000000e+00
2026-05-08 11:42:17,274 - INFO - [assist_17|assist17_best_no_E|lr=0.001|drop=0.25] -> No improvement 2 epoch(s) (best AUC=0.7079 @ 11)
2026-05-08 11:42:40,487 - INFO - [assist_17|assist17_best_no_E|lr=0.001|drop=0.25] Epoch [014/100] | Train: Loss=0.6124, BCE=0.6067, Reg=0.0057, AUC=0.7185, ACC=0.6640, RMSE=0.4585 | Val: Loss=0.6195, BCE=0.6138, Reg=0.0057, AUC=0.7079, ACC=0.6600, RMSE=0.4619
2026-05-08 11:42:40,488 - INFO - [assist_17|assist17_best_no_E|lr=0.001|drop=0.25] [Reg Terms] Epoch [014] | Train: graph_entropy=0.000000, graph_diag=0.005001, graph_uniform=0.000687, graph_reg_scale=1.0000, prediction_l2=0.000000, personal_sparse=0.000000, theta_prior_align=0.000000, alpha_var=0.000000, alpha_collapse=0.000000, reg_bce_ratio=0.0094 | Val: graph_entropy=0.000000, graph_diag=0.005001, graph_uniform=0.000687, graph_reg_scale=1.0000, prediction_l2=0.000000, personal_sparse=0.000000, theta_prior_align=0.000000, alpha_var=0.000000, alpha_collapse=0.000000, reg_bce_ratio=0.0093
2026-05-08 11:42:40,542 - INFO - [assist_17|assist17_best_no_E|lr=0.001|drop=0.25] [Diag][AE] Epoch [014] | irt_abs_mean=0.0530, irt_std=0.0343, personal_warmup_scale=1.00, relation_theta_delta=0.0000, relation_theta_logit=0.0000, relation_theta_neighbor_mass=0.0000, relation_theta_personal_mass=0.0000, ae_posterior_prior_scale=3.0000, ae_posterior_prior_logit=0.0000, ae_posterior_prior_delta=0.0000, graph_row_entropy=0.7026, graph_entropy_ratio=0.1522, alpha_mean=0.0000, alpha_std=0.0000, alpha_base_mean=0.0000, alpha_delta_absmean=0.0000, alpha_saturation_ratio=0.0000, alpha_bias_std=NA, alpha_state_path=0.0000, alpha_id_path=0.0000, alpha_bias_path=0.0000, head_bias_path=0.0000, personal_row_entropy=0.0000, personal_matrix_delta=0.0000, personal_matrix_student_std=0.0000, personal_delta_pre_softmax_norm=0.0000, personal_delta_student_std=0.0000, alpha_head_std=0.0000, query_row_global_readout_delta=0.0937, query_row_personal_message_delta=0.0000, ae_query_state_residual_delta=0.0000, ae_logit_residual_abs_mean=0.7058, query_row_posterior_delta_abs=0.0000, query_row_posterior_kl=0.0000, query_row_delta_local_rms_raw=0.0000, query_row_message_projection_gain=0.0000, personal_to_graph_query_ratio=0.0000, query_row_global_support_mass=0.8998, query_row_personal_support_mass=0.0000, neighbor_row_personal_delta=0.0000, personal_row_budget_mean=0.0000, personal_query_row_std=0.0000, personal_item_support_added_rate=0.0000, personal_item_support_added_mass=0.0000, readout_query_support_mass=0.8998, personal_student_mix=0.0000, personal_mastery_prior_scale=0.0000, personal_mastery_scores_absmean=0.0000, personal_recent_mastery_prior_scale=0.0000, personal_recent_mastery_scores_absmean=0.0000, personal_student_adapter=0.0000, local_row_ratio=0.0000, support_density=0.0000, readout_query_delta=0.0937, personal_bad_rows_active=0.00, personal_fallback_rows_active=0.00, personal_bad_row_rate_active=0.0000, personal_padded_rows=0.00, personal_logits_support_absmax=0.0000, personal_query_trust_scale_mean=1.0000, personal_bad_rows_all=0.00, personal_fallback_rows_all=0.00, personal_logits_absmax_all=0.0000
2026-05-08 11:42:40,542 - INFO - [assist_17|assist17_best_no_E|lr=0.001|drop=0.25] [Diag][A] Epoch [014] | entropy_ratio=0.1522, diag_mass=0.0500, to_uniform_l2=0.082818, to_identity_l2=0.125966, relation_identity_delta=0.125966, knowledge_state_graph_delta=0.474976, knowledge_state_personal_delta=0.000000, share_concept_embeddings=True, tau_mean=0.4233, tau_std=0.0054, graph_reg_scale(train/val)=1.0000/1.0000
2026-05-08 11:42:40,542 - INFO - [assist_17|assist17_best_no_E|lr=0.001|drop=0.25] [Diag][A Support] Epoch [014] | candidate_size=25.82, final_size=22.26, item_survival=0.8855, seq_survival=0.8699, item_seq_overlap=0.1328, self_retention=1.0000
2026-05-08 11:42:40,543 - INFO - [assist_17|assist17_best_no_E|lr=0.001|drop=0.25] [Diag][AE Components] Epoch [014] | student_prior=0.0000, exercise_prior=0.5012, concept_prior=0.1342, query_student_concept=0.0000, graph_student_concept=0.0000, posterior_prior=0.0000, reliability=0.0000, interpretable_bias=0.2851, explicit_feature=0.0000, interaction=0.0000, raw_before_clip=0.7182, raw_after_clip=0.7058
2026-05-08 11:42:40,543 - INFO - [assist_17|assist17_best_no_E|lr=0.001|drop=0.25] [Grad Norms] Epoch [014] | relation_emb=0.000000e+00, relation_tau=2.933385e-04, prior_strength=7.706392e-05, receiver_bias=1.985218e-04, self_loop=9.188810e-07, gate_head_bias=0.000000e+00, gate_query_weight=0.000000e+00, gate_context_weight=0.000000e+00, generator_state_mix=0.000000e+00
2026-05-08 11:42:40,623 - INFO - [assist_17|assist17_best_no_E|lr=0.001|drop=0.25] -> New best AUC=0.7079 at epoch 14
2026-05-08 11:43:04,619 - INFO - [assist_17|assist17_best_no_E|lr=0.001|drop=0.25] Epoch [015/100] | Train: Loss=0.6121, BCE=0.6065, Reg=0.0057, AUC=0.7188, ACC=0.6640, RMSE=0.4584 | Val: Loss=0.6195, BCE=0.6138, Reg=0.0057, AUC=0.7079, ACC=0.6600, RMSE=0.4619
2026-05-08 11:43:04,620 - INFO - [assist_17|assist17_best_no_E|lr=0.001|drop=0.25] [Reg Terms] Epoch [015] | Train: graph_entropy=0.000000, graph_diag=0.005001, graph_uniform=0.000683, graph_reg_scale=1.0000, prediction_l2=0.000000, personal_sparse=0.000000, theta_prior_align=0.000000, alpha_var=0.000000, alpha_collapse=0.000000, reg_bce_ratio=0.0094 | Val: graph_entropy=0.000000, graph_diag=0.005001, graph_uniform=0.000684, graph_reg_scale=1.0000, prediction_l2=0.000000, personal_sparse=0.000000, theta_prior_align=0.000000, alpha_var=0.000000, alpha_collapse=0.000000, reg_bce_ratio=0.0093
2026-05-08 11:43:04,661 - INFO - [assist_17|assist17_best_no_E|lr=0.001|drop=0.25] [Diag][AE] Epoch [015] | irt_abs_mean=0.0530, irt_std=0.0343, personal_warmup_scale=1.00, relation_theta_delta=0.0000, relation_theta_logit=0.0000, relation_theta_neighbor_mass=0.0000, relation_theta_personal_mass=0.0000, ae_posterior_prior_scale=3.0000, ae_posterior_prior_logit=0.0000, ae_posterior_prior_delta=0.0000, graph_row_entropy=0.6987, graph_entropy_ratio=0.1514, alpha_mean=0.0000, alpha_std=0.0000, alpha_base_mean=0.0000, alpha_delta_absmean=0.0000, alpha_saturation_ratio=0.0000, alpha_bias_std=NA, alpha_state_path=0.0000, alpha_id_path=0.0000, alpha_bias_path=0.0000, head_bias_path=0.0000, personal_row_entropy=0.0000, personal_matrix_delta=0.0000, personal_matrix_student_std=0.0000, personal_delta_pre_softmax_norm=0.0000, personal_delta_student_std=0.0000, alpha_head_std=0.0000, query_row_global_readout_delta=0.0937, query_row_personal_message_delta=0.0000, ae_query_state_residual_delta=0.0000, ae_logit_residual_abs_mean=0.7079, query_row_posterior_delta_abs=0.0000, query_row_posterior_kl=0.0000, query_row_delta_local_rms_raw=0.0000, query_row_message_projection_gain=0.0000, personal_to_graph_query_ratio=0.0000, query_row_global_support_mass=0.8998, query_row_personal_support_mass=0.0000, neighbor_row_personal_delta=0.0000, personal_row_budget_mean=0.0000, personal_query_row_std=0.0000, personal_item_support_added_rate=0.0000, personal_item_support_added_mass=0.0000, readout_query_support_mass=0.8998, personal_student_mix=0.0000, personal_mastery_prior_scale=0.0000, personal_mastery_scores_absmean=0.0000, personal_recent_mastery_prior_scale=0.0000, personal_recent_mastery_scores_absmean=0.0000, personal_student_adapter=0.0000, local_row_ratio=0.0000, support_density=0.0000, readout_query_delta=0.0937, personal_bad_rows_active=0.00, personal_fallback_rows_active=0.00, personal_bad_row_rate_active=0.0000, personal_padded_rows=0.00, personal_logits_support_absmax=0.0000, personal_query_trust_scale_mean=1.0000, personal_bad_rows_all=0.00, personal_fallback_rows_all=0.00, personal_logits_absmax_all=0.0000
2026-05-08 11:43:04,661 - INFO - [assist_17|assist17_best_no_E|lr=0.001|drop=0.25] [Diag][A] Epoch [015] | entropy_ratio=0.1514, diag_mass=0.0500, to_uniform_l2=0.082907, to_identity_l2=0.126025, relation_identity_delta=0.126025, knowledge_state_graph_delta=0.474971, knowledge_state_personal_delta=0.000000, share_concept_embeddings=True, tau_mean=0.4220, tau_std=0.0046, graph_reg_scale(train/val)=1.0000/1.0000
2026-05-08 11:43:04,661 - INFO - [assist_17|assist17_best_no_E|lr=0.001|drop=0.25] [Diag][A Support] Epoch [015] | candidate_size=25.82, final_size=22.26, item_survival=0.8855, seq_survival=0.8699, item_seq_overlap=0.1328, self_retention=1.0000
2026-05-08 11:43:04,661 - INFO - [assist_17|assist17_best_no_E|lr=0.001|drop=0.25] [Diag][AE Components] Epoch [015] | student_prior=0.0000, exercise_prior=0.5012, concept_prior=0.1342, query_student_concept=0.0000, graph_student_concept=0.0000, posterior_prior=0.0000, reliability=0.0000, interpretable_bias=0.2863, explicit_feature=0.0000, interaction=0.0000, raw_before_clip=0.7204, raw_after_clip=0.7079
2026-05-08 11:43:04,661 - INFO - [assist_17|assist17_best_no_E|lr=0.001|drop=0.25] [Grad Norms] Epoch [015] | relation_emb=0.000000e+00, relation_tau=2.984948e-04, prior_strength=8.422796e-05, receiver_bias=2.904863e-04, self_loop=8.720146e-07, gate_head_bias=0.000000e+00, gate_query_weight=0.000000e+00, gate_context_weight=0.000000e+00, generator_state_mix=0.000000e+00
2026-05-08 11:43:04,720 - INFO - [assist_17|assist17_best_no_E|lr=0.001|drop=0.25] -> New best AUC=0.7079 at epoch 15
2026-05-08 11:43:26,849 - INFO - [assist_17|assist17_best_no_E|lr=0.001|drop=0.25] Epoch [016/100] | Train: Loss=0.6121, BCE=0.6064, Reg=0.0057, AUC=0.7188, ACC=0.6643, RMSE=0.4584 | Val: Loss=0.6195, BCE=0.6138, Reg=0.0057, AUC=0.7079, ACC=0.6598, RMSE=0.4619
2026-05-08 11:43:26,849 - INFO - [assist_17|assist17_best_no_E|lr=0.001|drop=0.25] [Reg Terms] Epoch [016] | Train: graph_entropy=0.000000, graph_diag=0.005001, graph_uniform=0.000682, graph_reg_scale=1.0000, prediction_l2=0.000000, personal_sparse=0.000000, theta_prior_align=0.000000, alpha_var=0.000000, alpha_collapse=0.000000, reg_bce_ratio=0.0094 | Val: graph_entropy=0.000000, graph_diag=0.005001, graph_uniform=0.000680, graph_reg_scale=1.0000, prediction_l2=0.000000, personal_sparse=0.000000, theta_prior_align=0.000000, alpha_var=0.000000, alpha_collapse=0.000000, reg_bce_ratio=0.0093
2026-05-08 11:43:26,891 - INFO - [assist_17|assist17_best_no_E|lr=0.001|drop=0.25] [Diag][AE] Epoch [016] | irt_abs_mean=0.0530, irt_std=0.0343, personal_warmup_scale=1.00, relation_theta_delta=0.0000, relation_theta_logit=0.0000, relation_theta_neighbor_mass=0.0000, relation_theta_personal_mass=0.0000, ae_posterior_prior_scale=3.0000, ae_posterior_prior_logit=0.0000, ae_posterior_prior_delta=0.0000, graph_row_entropy=0.6947, graph_entropy_ratio=0.1505, alpha_mean=0.0000, alpha_std=0.0000, alpha_base_mean=0.0000, alpha_delta_absmean=0.0000, alpha_saturation_ratio=0.0000, alpha_bias_std=NA, alpha_state_path=0.0000, alpha_id_path=0.0000, alpha_bias_path=0.0000, head_bias_path=0.0000, personal_row_entropy=0.0000, personal_matrix_delta=0.0000, personal_matrix_student_std=0.0000, personal_delta_pre_softmax_norm=0.0000, personal_delta_student_std=0.0000, alpha_head_std=0.0000, query_row_global_readout_delta=0.0937, query_row_personal_message_delta=0.0000, ae_query_state_residual_delta=0.0000, ae_logit_residual_abs_mean=0.7094, query_row_posterior_delta_abs=0.0000, query_row_posterior_kl=0.0000, query_row_delta_local_rms_raw=0.0000, query_row_message_projection_gain=0.0000, personal_to_graph_query_ratio=0.0000, query_row_global_support_mass=0.8998, query_row_personal_support_mass=0.0000, neighbor_row_personal_delta=0.0000, personal_row_budget_mean=0.0000, personal_query_row_std=0.0000, personal_item_support_added_rate=0.0000, personal_item_support_added_mass=0.0000, readout_query_support_mass=0.8998, personal_student_mix=0.0000, personal_mastery_prior_scale=0.0000, personal_mastery_scores_absmean=0.0000, personal_recent_mastery_prior_scale=0.0000, personal_recent_mastery_scores_absmean=0.0000, personal_student_adapter=0.0000, local_row_ratio=0.0000, support_density=0.0000, readout_query_delta=0.0937, personal_bad_rows_active=0.00, personal_fallback_rows_active=0.00, personal_bad_row_rate_active=0.0000, personal_padded_rows=0.00, personal_logits_support_absmax=0.0000, personal_query_trust_scale_mean=1.0000, personal_bad_rows_all=0.00, personal_fallback_rows_all=0.00, personal_logits_absmax_all=0.0000
2026-05-08 11:43:26,892 - INFO - [assist_17|assist17_best_no_E|lr=0.001|drop=0.25] [Diag][A] Epoch [016] | entropy_ratio=0.1505, diag_mass=0.0500, to_uniform_l2=0.082994, to_identity_l2=0.126082, relation_identity_delta=0.126082, knowledge_state_graph_delta=0.474966, knowledge_state_personal_delta=0.000000, share_concept_embeddings=True, tau_mean=0.4207, tau_std=0.0038, graph_reg_scale(train/val)=1.0000/1.0000
2026-05-08 11:43:26,892 - INFO - [assist_17|assist17_best_no_E|lr=0.001|drop=0.25] [Diag][A Support] Epoch [016] | candidate_size=25.82, final_size=22.26, item_survival=0.8855, seq_survival=0.8699, item_seq_overlap=0.1328, self_retention=1.0000
2026-05-08 11:43:26,892 - INFO - [assist_17|assist17_best_no_E|lr=0.001|drop=0.25] [Diag][AE Components] Epoch [016] | student_prior=0.0000, exercise_prior=0.5012, concept_prior=0.1342, query_student_concept=0.0000, graph_student_concept=0.0000, posterior_prior=0.0000, reliability=0.0000, interpretable_bias=0.2864, explicit_feature=0.0000, interaction=0.0000, raw_before_clip=0.7220, raw_after_clip=0.7094
2026-05-08 11:43:26,892 - INFO - [assist_17|assist17_best_no_E|lr=0.001|drop=0.25] [Grad Norms] Epoch [016] | relation_emb=0.000000e+00, relation_tau=3.350047e-04, prior_strength=9.145572e-05, receiver_bias=2.749307e-04, self_loop=8.238670e-07, gate_head_bias=0.000000e+00, gate_query_weight=0.000000e+00, gate_context_weight=0.000000e+00, generator_state_mix=0.000000e+00
2026-05-08 11:43:26,892 - INFO - [assist_17|assist17_best_no_E|lr=0.001|drop=0.25] -> No improvement 1 epoch(s) (best AUC=0.7079 @ 15)
2026-05-08 11:43:47,025 - INFO - [assist_17|assist17_best_no_E|lr=0.001|drop=0.25] Epoch [017/100] | Train: Loss=0.6121, BCE=0.6064, Reg=0.0057, AUC=0.7189, ACC=0.6642, RMSE=0.4584 | Val: Loss=0.6195, BCE=0.6138, Reg=0.0057, AUC=0.7079, ACC=0.6599, RMSE=0.4619
2026-05-08 11:43:47,026 - INFO - [assist_17|assist17_best_no_E|lr=0.001|drop=0.25] [Reg Terms] Epoch [017] | Train: graph_entropy=0.000000, graph_diag=0.005001, graph_uniform=0.000682, graph_reg_scale=1.0000, prediction_l2=0.000000, personal_sparse=0.000000, theta_prior_align=0.000000, alpha_var=0.000000, alpha_collapse=0.000000, reg_bce_ratio=0.0094 | Val: graph_entropy=0.000000, graph_diag=0.005001, graph_uniform=0.000685, graph_reg_scale=1.0000, prediction_l2=0.000000, personal_sparse=0.000000, theta_prior_align=0.000000, alpha_var=0.000000, alpha_collapse=0.000000, reg_bce_ratio=0.0093
2026-05-08 11:43:47,066 - INFO - [assist_17|assist17_best_no_E|lr=0.001|drop=0.25] [Diag][AE] Epoch [017] | irt_abs_mean=0.0530, irt_std=0.0343, personal_warmup_scale=1.00, relation_theta_delta=0.0000, relation_theta_logit=0.0000, relation_theta_neighbor_mass=0.0000, relation_theta_personal_mass=0.0000, ae_posterior_prior_scale=3.0000, ae_posterior_prior_logit=0.0000, ae_posterior_prior_delta=0.0000, graph_row_entropy=0.7005, graph_entropy_ratio=0.1518, alpha_mean=0.0000, alpha_std=0.0000, alpha_base_mean=0.0000, alpha_delta_absmean=0.0000, alpha_saturation_ratio=0.0000, alpha_bias_std=NA, alpha_state_path=0.0000, alpha_id_path=0.0000, alpha_bias_path=0.0000, head_bias_path=0.0000, personal_row_entropy=0.0000, personal_matrix_delta=0.0000, personal_matrix_student_std=0.0000, personal_delta_pre_softmax_norm=0.0000, personal_delta_student_std=0.0000, alpha_head_std=0.0000, query_row_global_readout_delta=0.0937, query_row_personal_message_delta=0.0000, ae_query_state_residual_delta=0.0000, ae_logit_residual_abs_mean=0.7115, query_row_posterior_delta_abs=0.0000, query_row_posterior_kl=0.0000, query_row_delta_local_rms_raw=0.0000, query_row_message_projection_gain=0.0000, personal_to_graph_query_ratio=0.0000, query_row_global_support_mass=0.8998, query_row_personal_support_mass=0.0000, neighbor_row_personal_delta=0.0000, personal_row_budget_mean=0.0000, personal_query_row_std=0.0000, personal_item_support_added_rate=0.0000, personal_item_support_added_mass=0.0000, readout_query_support_mass=0.8998, personal_student_mix=0.0000, personal_mastery_prior_scale=0.0000, personal_mastery_scores_absmean=0.0000, personal_recent_mastery_prior_scale=0.0000, personal_recent_mastery_scores_absmean=0.0000, personal_student_adapter=0.0000, local_row_ratio=0.0000, support_density=0.0000, readout_query_delta=0.0937, personal_bad_rows_active=0.00, personal_fallback_rows_active=0.00, personal_bad_row_rate_active=0.0000, personal_padded_rows=0.00, personal_logits_support_absmax=0.0000, personal_query_trust_scale_mean=1.0000, personal_bad_rows_all=0.00, personal_fallback_rows_all=0.00, personal_logits_absmax_all=0.0000
2026-05-08 11:43:47,066 - INFO - [assist_17|assist17_best_no_E|lr=0.001|drop=0.25] [Diag][A] Epoch [017] | entropy_ratio=0.1518, diag_mass=0.0500, to_uniform_l2=0.082870, to_identity_l2=0.126001, relation_identity_delta=0.126001, knowledge_state_graph_delta=0.474974, knowledge_state_personal_delta=0.000000, share_concept_embeddings=True, tau_mean=0.4214, tau_std=0.0030, graph_reg_scale(train/val)=1.0000/1.0000
2026-05-08 11:43:47,066 - INFO - [assist_17|assist17_best_no_E|lr=0.001|drop=0.25] [Diag][A Support] Epoch [017] | candidate_size=25.82, final_size=22.26, item_survival=0.8847, seq_survival=0.8701, item_seq_overlap=0.1328, self_retention=1.0000
2026-05-08 11:43:47,066 - INFO - [assist_17|assist17_best_no_E|lr=0.001|drop=0.25] [Diag][AE Components] Epoch [017] | student_prior=0.0000, exercise_prior=0.5012, concept_prior=0.1342, query_student_concept=0.0000, graph_student_concept=0.0000, posterior_prior=0.0000, reliability=0.0000, interpretable_bias=0.2881, explicit_feature=0.0000, interaction=0.0000, raw_before_clip=0.7243, raw_after_clip=0.7115
2026-05-08 11:43:47,067 - INFO - [assist_17|assist17_best_no_E|lr=0.001|drop=0.25] [Grad Norms] Epoch [017] | relation_emb=0.000000e+00, relation_tau=2.672914e-04, prior_strength=8.918060e-05, receiver_bias=1.854079e-04, self_loop=8.202322e-07, gate_head_bias=0.000000e+00, gate_query_weight=0.000000e+00, gate_context_weight=0.000000e+00, generator_state_mix=0.000000e+00
2026-05-08 11:43:47,067 - INFO - [assist_17|assist17_best_no_E|lr=0.001|drop=0.25] -> No improvement 2 epoch(s) (best AUC=0.7079 @ 15)
2026-05-08 11:44:10,262 - INFO - [assist_17|assist17_best_no_E|lr=0.001|drop=0.25] Epoch [018/100] | Train: Loss=0.6121, BCE=0.6064, Reg=0.0057, AUC=0.7189, ACC=0.6643, RMSE=0.4584 | Val: Loss=0.6195, BCE=0.6138, Reg=0.0057, AUC=0.7079, ACC=0.6598, RMSE=0.4619
2026-05-08 11:44:10,262 - INFO - [assist_17|assist17_best_no_E|lr=0.001|drop=0.25] [Reg Terms] Epoch [018] | Train: graph_entropy=0.000000, graph_diag=0.005001, graph_uniform=0.000682, graph_reg_scale=1.0000, prediction_l2=0.000000, personal_sparse=0.000000, theta_prior_align=0.000000, alpha_var=0.000000, alpha_collapse=0.000000, reg_bce_ratio=0.0094 | Val: graph_entropy=0.000000, graph_diag=0.005001, graph_uniform=0.000683, graph_reg_scale=1.0000, prediction_l2=0.000000, personal_sparse=0.000000, theta_prior_align=0.000000, alpha_var=0.000000, alpha_collapse=0.000000, reg_bce_ratio=0.0093
2026-05-08 11:44:10,332 - INFO - [assist_17|assist17_best_no_E|lr=0.001|drop=0.25] [Diag][AE] Epoch [018] | irt_abs_mean=0.0530, irt_std=0.0343, personal_warmup_scale=1.00, relation_theta_delta=0.0000, relation_theta_logit=0.0000, relation_theta_neighbor_mass=0.0000, relation_theta_personal_mass=0.0000, ae_posterior_prior_scale=3.0000, ae_posterior_prior_logit=0.0000, ae_posterior_prior_delta=0.0000, graph_row_entropy=0.6977, graph_entropy_ratio=0.1512, alpha_mean=0.0000, alpha_std=0.0000, alpha_base_mean=0.0000, alpha_delta_absmean=0.0000, alpha_saturation_ratio=0.0000, alpha_bias_std=NA, alpha_state_path=0.0000, alpha_id_path=0.0000, alpha_bias_path=0.0000, head_bias_path=0.0000, personal_row_entropy=0.0000, personal_matrix_delta=0.0000, personal_matrix_student_std=0.0000, personal_delta_pre_softmax_norm=0.0000, personal_delta_student_std=0.0000, alpha_head_std=0.0000, query_row_global_readout_delta=0.0937, query_row_personal_message_delta=0.0000, ae_query_state_residual_delta=0.0000, ae_logit_residual_abs_mean=0.7134, query_row_posterior_delta_abs=0.0000, query_row_posterior_kl=0.0000, query_row_delta_local_rms_raw=0.0000, query_row_message_projection_gain=0.0000, personal_to_graph_query_ratio=0.0000, query_row_global_support_mass=0.8997, query_row_personal_support_mass=0.0000, neighbor_row_personal_delta=0.0000, personal_row_budget_mean=0.0000, personal_query_row_std=0.0000, personal_item_support_added_rate=0.0000, personal_item_support_added_mass=0.0000, readout_query_support_mass=0.8997, personal_student_mix=0.0000, personal_mastery_prior_scale=0.0000, personal_mastery_scores_absmean=0.0000, personal_recent_mastery_prior_scale=0.0000, personal_recent_mastery_scores_absmean=0.0000, personal_student_adapter=0.0000, local_row_ratio=0.0000, support_density=0.0000, readout_query_delta=0.0937, personal_bad_rows_active=0.00, personal_fallback_rows_active=0.00, personal_bad_row_rate_active=0.0000, personal_padded_rows=0.00, personal_logits_support_absmax=0.0000, personal_query_trust_scale_mean=1.0000, personal_bad_rows_all=0.00, personal_fallback_rows_all=0.00, personal_logits_absmax_all=0.0000
2026-05-08 11:44:10,332 - INFO - [assist_17|assist17_best_no_E|lr=0.001|drop=0.25] [Diag][A] Epoch [018] | entropy_ratio=0.1512, diag_mass=0.0500, to_uniform_l2=0.082932, to_identity_l2=0.126042, relation_identity_delta=0.126042, knowledge_state_graph_delta=0.474970, knowledge_state_personal_delta=0.000000, share_concept_embeddings=True, tau_mean=0.4203, tau_std=0.0022, graph_reg_scale(train/val)=1.0000/1.0000
2026-05-08 11:44:10,332 - INFO - [assist_17|assist17_best_no_E|lr=0.001|drop=0.25] [Diag][A Support] Epoch [018] | candidate_size=25.82, final_size=22.26, item_survival=0.8847, seq_survival=0.8701, item_seq_overlap=0.1328, self_retention=1.0000
2026-05-08 11:44:10,333 - INFO - [assist_17|assist17_best_no_E|lr=0.001|drop=0.25] [Diag][AE Components] Epoch [018] | student_prior=0.0000, exercise_prior=0.5012, concept_prior=0.1342, query_student_concept=0.0000, graph_student_concept=0.0000, posterior_prior=0.0000, reliability=0.0000, interpretable_bias=0.2894, explicit_feature=0.0000, interaction=0.0000, raw_before_clip=0.7263, raw_after_clip=0.7134
2026-05-08 11:44:10,333 - INFO - [assist_17|assist17_best_no_E|lr=0.001|drop=0.25] [Grad Norms] Epoch [018] | relation_emb=0.000000e+00, relation_tau=2.927587e-04, prior_strength=8.698101e-05, receiver_bias=3.895516e-04, self_loop=7.774020e-07, gate_head_bias=0.000000e+00, gate_query_weight=0.000000e+00, gate_context_weight=0.000000e+00, generator_state_mix=0.000000e+00
2026-05-08 11:44:10,333 - INFO - [assist_17|assist17_best_no_E|lr=0.001|drop=0.25] -> No improvement 3 epoch(s) (best AUC=0.7079 @ 15)
2026-05-08 11:44:10,333 - INFO - [assist_17|assist17_best_no_E|lr=0.001|drop=0.25] Early stopping at epoch 18 (best AUC=0.7079 @ 15)
2026-05-08 11:44:10,343 - INFO - Epoch-wise metrics saved to /home/zsh/ConceptSkillCDM/checkpoints/assist17_best_ablation_20260508_113632/assist17_best_no_E/metrics_history.csv
2026-05-08 11:44:10,347 - INFO - [assist_17|assist17_best_no_E|lr=0.001|drop=0.25] Training completed! Best Val AUC=0.7079 @ epoch 15
2026-05-08 11:44:10,412 - INFO - 
============================================================
         MODULE ACTIVITY REPORT
============================================================
Dataset: assist_17 | Seed: 42 | Epoch: 18

1. Concept Graph Module (A):
   - Mean row entropy: 0.698 / 4.615
   - Entropy ratio: 15.1%
   - Query readout delta: 0.0937
   - Query head var: 0.0010
   - Status: LIVE (global graph is entering queried concept readout)

2. Personal Graph Module (E):
   - Status: DISABLED (use_personal_graph=False or no_E)

------------------------------------------------------------
SUMMARY:
   Active modules: Concept Graph (A)
   All enabled graph modules are functioning properly.
============================================================
2026-05-08 11:44:10,413 - INFO - [assist_17|assist17_best_no_E|lr=0.001|drop=0.25] Module activity saved to /home/zsh/ConceptSkillCDM/checkpoints/assist17_best_ablation_20260508_113632/assist17_best_no_E/module_activity.json
2026-05-08 11:44:10,575 - INFO - Using device: cuda:0 (physical gpu 3)
2026-05-08 11:44:10,575 - INFO - Loading model from /home/zsh/ConceptSkillCDM/checkpoints/assist17_best_ablation_20260508_113632/assist17_best_no_E/best_model.pth...
2026-05-08 11:44:10,648 - INFO - [Inference Filter] before=77360, after=77261, dropped=99, coverage=99.87% (train-only seen student/item support)
2026-05-08 11:44:10,676 - INFO - Inference switches: ablate_module1=False | enable_module1=True | use_concept_graph=True | effective(num_gnn_layers=2)
2026-05-08 11:44:10,712 - INFO - [Inference] Ablation runtime check: args(ablate_module1=False) | expect(use_concept_graph=True,use_personal_graph=False) | model(enable_module1=True,use_concept_graph=True,use_personal_graph=False) | physical(has_knowledge_encoder=True,has_relation_learning=True,has_adaptive_gate=False,has_personal_generator=False)
2026-05-08 11:44:10,713 - INFO - [Inference] [Graph Init] graph_tau_mean=1.0055, graph_tau_std=0.0000, graph_dropout=0.000, item_beta=0.3675±0.1400, seq_beta=0.3675±0.1400, self_loop_logit=0.7500, use_personal_graph=False
2026-05-08 11:44:10,715 - INFO - Model loaded from epoch 15. Start testing...
2026-05-08 11:44:14,324 - INFO - 
==================================================
2026-05-08 11:44:14,324 - INFO - Test Results:
2026-05-08 11:44:14,324 - INFO - AUC: 0.7093
2026-05-08 11:44:14,324 - INFO - ACC: 0.6562
2026-05-08 11:44:14,324 - INFO - RMSE: 0.4619
2026-05-08 11:44:14,324 - INFO - ==================================================
2026-05-08 11:44:14,355 - INFO - Summary appended to /home/zsh/ConceptSkillCDM/results/experiment_results.csv
2026-05-08 11:44:14,443 - INFO - Run completed.
2026-05-08 11:44:14,443 - INFO - Best validation AUC: 0.7079 at epoch 15
2026-05-08 11:44:14,443 - INFO - Test metrics - AUC: 0.7093, ACC: 0.6562, RMSE: 0.4619
