[junyi] [数据清洗] 学生交互次数 < 15 次的学生：共移除 2188 个学生（仅统计用户数）
[junyi] [数据清洗] 学生冷启动过滤：在 train/valid/test 中共删除 35779 条记录。
[junyi] [数据清洗] 跳过题目冷门过滤（min_exer_interactions <= 0）。
[junyi] [数据清洗] 跳过毒题清洗（min_poison_count <= 0）。
[junyi] 正在构建ID映射...
[junyi] 正在构建Q矩阵...
[junyi] [A Prior] train-only evidence: mode=evidence, item_edges=0, item_density=0.0000, item_entropy=0.0000, seq_raw_mass=485394.3, seq_weighted_mass=7091.1, seq_students=7812, seq_edges=122199, seq_density=0.2519, seq_entropy=4.2597
[junyi] [数据清洗] Valid train-seen 过滤：before=22111, after=22111, dropped=0, coverage=100.00%
[junyi] [数据清洗] Test train-seen 过滤：before=60499, after=60494, dropped=5, coverage=99.99%
[junyi] [统计] 开始统计清洗后每道题的概念数量分布...
[junyi] [Train] 概念数统计：题目数=697, 平均概念数=1.0000, min=1, max=1, 1概念=697 (100.00%), ≥2概念=0 (0.00%)
[junyi] [Train] 概念数直方图（概念数: 题目数量）: {1: 697}
[junyi] [Valid] 概念数统计：题目数=614, 平均概念数=1.0000, min=1, max=1, 1概念=614 (100.00%), ≥2概念=0 (0.00%)
[junyi] [Valid] 概念数直方图（概念数: 题目数量）: {1: 614}
[junyi] [Test] 概念数统计：题目数=663, 平均概念数=1.0000, min=1, max=1, 1概念=663 (100.00%), ≥2概念=0 (0.00%)
[junyi] [Test] 概念数直方图（概念数: 题目数量）: {1: 663}
[junyi] [统计] 概念数量统计完成。
[junyi] 正在加载数据集...
{
  "dataset": "junyi",
  "transition_best_hit@10": [
    {
      "variant": "A_fused_prior",
      "pairs": 200943,
      "weight_sum": 150672.50999999998,
      "mrr": 0.07174906988157205,
      "hit@1": 0.02017561133082604,
      "ndcg@1": 0.02017561133082604,
      "hit@3": 0.05578622138836076,
      "ndcg@3": 0.04034573752482719,
      "hit@5": 0.0888728806601815,
      "ndcg@5": 0.05388369752459959,
      "hit@10": 0.16481506812357477,
      "ndcg@10": 0.07818473229005643
    }
  ],
  "has_subgroup": false
}
