2026-04-16 10:32:21,271 - INFO - Arguments:
2026-04-16 10:32:21,271 - INFO -   ablate_concept_graph: True
2026-04-16 10:32:21,271 - INFO -   ablate_module1: False
2026-04-16 10:32:21,271 - INFO -   allow_self_loop: True
2026-04-16 10:32:21,271 - INFO -   alpha_min_target: 0.04
2026-04-16 10:32:21,271 - INFO -   batch_size: 64
2026-04-16 10:32:21,271 - INFO -   data_dir: ./data/junyi
2026-04-16 10:32:21,271 - INFO -   dataset_name: junyi
2026-04-16 10:32:21,271 - INFO -   debug_graph_diag: True
2026-04-16 10:32:21,271 - INFO -   diag_batches: 1
2026-04-16 10:32:21,271 - INFO -   disable_self_loop: False
2026-04-16 10:32:21,271 - INFO -   dropout: 0.4
2026-04-16 10:32:21,271 - INFO -   early_stop_patience: 3
2026-04-16 10:32:21,271 - INFO -   enable_module1: True
2026-04-16 10:32:21,271 - INFO -   epochs: 100
2026-04-16 10:32:21,271 - INFO -   generate_diagnosis: False
2026-04-16 10:32:21,271 - INFO -   gnn_residual_weight: 0.5
2026-04-16 10:32:21,271 - INFO -   gpu_candidates: None
2026-04-16 10:32:21,271 - INFO -   gpu_ids: None
2026-04-16 10:32:21,271 - INFO -   gpu_memory_threshold: 2000
2026-04-16 10:32:21,271 - INFO -   gpus: None
2026-04-16 10:32:21,271 - INFO -   graph_dropout: 0.0
2026-04-16 10:32:21,271 - INFO -   graph_entropy_max: 0.7
2026-04-16 10:32:21,271 - INFO -   graph_entropy_min: 0.15
2026-04-16 10:32:21,271 - INFO -   graph_identity_residual: 0.05
2026-04-16 10:32:21,271 - INFO -   graph_propagation_alpha: 0.28
2026-04-16 10:32:21,271 - INFO -   graph_query_writeback_2hop_scale: 0.12
2026-04-16 10:32:21,272 - INFO -   graph_query_writeback_scale: 0.45
2026-04-16 10:32:21,272 - INFO -   graph_readout_1hop_scale: 0.45
2026-04-16 10:32:21,272 - INFO -   graph_readout_2hop_scale: 0.12
2026-04-16 10:32:21,272 - INFO -   graph_reg_cap_ratio: 6.0
2026-04-16 10:32:21,272 - INFO -   graph_reg_warmup_epochs: 2
2026-04-16 10:32:21,272 - INFO -   graph_tau_init: 0.55
2026-04-16 10:32:21,272 - INFO -   graph_topk: 24
2026-04-16 10:32:21,272 - INFO -   graph_uniform_margin: 0.12
2026-04-16 10:32:21,272 - INFO -   knowledge_dim: 128
2026-04-16 10:32:21,272 - INFO -   lambda_alpha: 0.01
2026-04-16 10:32:21,272 - INFO -   lambda_alpha_min: 0.08
2026-04-16 10:32:21,272 - INFO -   lambda_graph_diag: 0.12
2026-04-16 10:32:21,272 - INFO -   lambda_graph_uniform: 0.06
2026-04-16 10:32:21,272 - INFO -   lambda_sparse: 0.6
2026-04-16 10:32:21,272 - INFO -   lambda_sparse_personal: 0.0005
2026-04-16 10:32:21,272 - INFO -   learning_rate: 0.003
2026-04-16 10:32:21,272 - INFO -   log_dir: logs/abce_diag/remote_sparse_local_20260416_d3a8de0/junyi/seed42/ae_dominant_no_A
2026-04-16 10:32:21,272 - INFO -   max_test_batches: None
2026-04-16 10:32:21,272 - INFO -   max_train_batches: None
2026-04-16 10:32:21,272 - INFO -   max_val_batches: None
2026-04-16 10:32:21,272 - INFO -   min_exer_interactions: 0
2026-04-16 10:32:21,272 - INFO -   min_poison_count: 0
2026-04-16 10:32:21,272 - INFO -   min_stu_interactions: 15
2026-04-16 10:32:21,272 - INFO -   model_variant: junyi_abce_ae_dominant_no_A
2026-04-16 10:32:21,272 - INFO -   multi_gpu: False
2026-04-16 10:32:21,272 - INFO -   no_cuda: False
2026-04-16 10:32:21,272 - INFO -   num_gnn_layers: 2
2026-04-16 10:32:21,272 - INFO -   num_gpus: 1
2026-04-16 10:32:21,272 - INFO -   num_relation_heads: 2
2026-04-16 10:32:21,272 - INFO -   num_workers: 4
2026-04-16 10:32:21,272 - INFO -   patience: 1
2026-04-16 10:32:21,272 - INFO -   personal_alpha_base_init: 0.04
2026-04-16 10:32:21,272 - INFO -   personal_alpha_bias_scale: 0.0
2026-04-16 10:32:21,272 - INFO -   personal_alpha_budget: 0.1
2026-04-16 10:32:21,272 - INFO -   personal_alpha_temperature: 1.7
2026-04-16 10:32:21,272 - INFO -   personal_delta_scale: 5.0
2026-04-16 10:32:21,272 - INFO -   personal_disable_student_global_context: True
2026-04-16 10:32:21,272 - INFO -   personal_id_lr_mult: 0.25
2026-04-16 10:32:21,272 - INFO -   personal_local_hops: 1
2026-04-16 10:32:21,272 - INFO -   personal_max_alpha: 0.28
2026-04-16 10:32:21,272 - INFO -   personal_neighbor_row_budget: 0.25
2026-04-16 10:32:21,272 - INFO -   personal_query_row_budget: 1.5
2026-04-16 10:32:21,272 - INFO -   personal_rank: 8
2026-04-16 10:32:21,272 - INFO -   personal_reg_warmup_epochs: 4
2026-04-16 10:32:21,272 - INFO -   personal_state_lr_mult: 1.5
2026-04-16 10:32:21,272 - INFO -   personal_student_dim: 64
2026-04-16 10:32:21,272 - INFO -   personal_support_only: True
2026-04-16 10:32:21,272 - INFO -   personal_warmup_epochs: 4
2026-04-16 10:32:21,273 - INFO -   prediction_l2_lambda: 1e-05
2026-04-16 10:32:21,273 - INFO -   save_dir: checkpoints/abce_diag/remote_sparse_local_20260416_d3a8de0/junyi/seed42/ae_dominant_no_A
2026-04-16 10:32:21,273 - INFO -   save_interval: 10
2026-04-16 10:32:21,273 - INFO -   seed: 42
2026-04-16 10:32:21,273 - INFO -   share_concept_embeddings: True
2026-04-16 10:32:21,273 - INFO -   use_concept_graph: False
2026-04-16 10:32:21,273 - INFO -   use_exercise_graph: False
2026-04-16 10:32:21,273 - INFO -   use_personal_graph: True
2026-04-16 10:32:21,273 - INFO -   weight_decay: 0.001
2026-04-16 10:32:21,357 - INFO - Using device: cuda:0 (physical gpu 2)
2026-04-16 10:32:21,357 - INFO - [junyi|junyi_abce_ae_dominant_no_A|lr=0.003|drop=0.40] Loading datasets...
2026-04-16 10:32:21,357 - INFO - [junyi|junyi_abce_ae_dominant_no_A|lr=0.003|drop=0.40] Regularization: graph_entropy(lambda_sparse)=0.600000, graph_diag=0.120000, graph_uniform=0.060000, personal_sparse=0.000500, alpha_penalty=0.010000, alpha_min=0.080000, prediction_l2=0.000010
2026-04-16 10:32:21,357 - INFO - [junyi|junyi_abce_ae_dominant_no_A|lr=0.003|drop=0.40] Graph controls: entropy_band=[0.15, 0.70], uniform_margin=0.12, warmup_epochs=2, cap_ratio=6.00, graph_dropout=0.000, graph_tau_init=0.550
2026-04-16 10:32:21,357 - INFO - [junyi|junyi_abce_ae_dominant_no_A|lr=0.003|drop=0.40] Personal controls: personal_max_alpha=0.280, personal_delta_scale=5.000, personal_warmup_epochs=4, personal_student_dim=64, alpha_min_target=0.0400, personal_local_hops=1, personal_support_only=True, personal_alpha_temperature=1.700, personal_alpha_budget=0.100, personal_query_row_budget=1.500, personal_neighbor_row_budget=0.250, personal_state_lr_mult=1.500, personal_id_lr_mult=0.250, graph_propagation_alpha=0.280, graph_query_writeback_scale=0.450, graph_query_writeback_2hop_scale=0.120
2026-04-16 10:32:21,427 - INFO - [junyi] [数据清洗] 学生交互次数 < 15 次的学生：共移除 2188 个学生（仅统计用户数）
2026-04-16 10:32:21,437 - INFO - [junyi] [数据清洗] 学生冷启动过滤：在 train/valid/test 中共删除 35779 条记录。
2026-04-16 10:32:21,437 - INFO - [junyi] [数据清洗] 跳过题目冷门过滤（min_exer_interactions <= 0）。
2026-04-16 10:32:21,437 - INFO - [junyi] [数据清洗] 跳过毒题清洗（min_poison_count <= 0）。
2026-04-16 10:32:21,437 - INFO - [junyi] 正在构建ID映射...
2026-04-16 10:32:21,560 - INFO - [junyi] 正在构建Q矩阵...
2026-04-16 10:32:25,697 - INFO - [junyi] [数据清洗] Valid train-seen 过滤：before=22111, after=22111, dropped=0, coverage=100.00%
2026-04-16 10:32:25,700 - INFO - [junyi] [数据清洗] Test train-seen 过滤：before=60499, after=60494, dropped=5, coverage=99.99%
2026-04-16 10:32:25,701 - INFO - [junyi] [统计] 开始统计清洗后每道题的概念数量分布...
2026-04-16 10:32:25,703 - INFO - [junyi] [Train] 概念数统计：题目数=697, 平均概念数=1.0000, min=1, max=1, 1概念=697 (100.00%), ≥2概念=0 (0.00%)
2026-04-16 10:32:25,703 - INFO - [junyi] [Train] 概念数直方图（概念数: 题目数量）: {1: 697}
2026-04-16 10:32:25,704 - INFO - [junyi] [Valid] 概念数统计：题目数=614, 平均概念数=1.0000, min=1, max=1, 1概念=614 (100.00%), ≥2概念=0 (0.00%)
2026-04-16 10:32:25,704 - INFO - [junyi] [Valid] 概念数直方图（概念数: 题目数量）: {1: 614}
2026-04-16 10:32:25,705 - INFO - [junyi] [Test] 概念数统计：题目数=663, 平均概念数=1.0000, min=1, max=1, 1概念=663 (100.00%), ≥2概念=0 (0.00%)
2026-04-16 10:32:25,705 - INFO - [junyi] [Test] 概念数直方图（概念数: 题目数量）: {1: 663}
2026-04-16 10:32:25,705 - INFO - [junyi] [统计] 概念数量统计完成。
2026-04-16 10:32:25,705 - INFO - [junyi] 正在加载数据集...
2026-04-16 10:32:25,772 - INFO - [junyi|junyi_abce_ae_dominant_no_A|lr=0.003|drop=0.40] Train samples: 235446, Val samples: 22111
2026-04-16 10:32:25,772 - INFO - [junyi|junyi_abce_ae_dominant_no_A|lr=0.003|drop=0.40] Number of students: 7812
2026-04-16 10:32:25,772 - INFO - [junyi|junyi_abce_ae_dominant_no_A|lr=0.003|drop=0.40] Number of exercises: 697
2026-04-16 10:32:25,772 - INFO - [junyi|junyi_abce_ae_dominant_no_A|lr=0.003|drop=0.40] Number of concepts: 697
2026-04-16 10:32:25,772 - INFO - [junyi|junyi_abce_ae_dominant_no_A|lr=0.003|drop=0.40] Creating model...
2026-04-16 10:32:25,772 - INFO - [junyi|junyi_abce_ae_dominant_no_A|lr=0.003|drop=0.40] Ablation switches: ablate_module1=False | enable_module1=True | use_concept_graph=False | effective(num_gnn_layers=2)
2026-04-16 10:32:25,960 - INFO - [junyi|junyi_abce_ae_dominant_no_A|lr=0.003|drop=0.40] Ablation runtime check: args(ablate_module1=False) | expect(use_concept_graph=False,use_personal_graph=True) | model(enable_module1=True,use_concept_graph=False,use_personal_graph=True) | physical(has_knowledge_encoder=True,has_relation_learning=False,has_adaptive_gate=True,has_personal_generator=True)
2026-04-16 10:32:25,960 - INFO - [junyi|junyi_abce_ae_dominant_no_A|lr=0.003|drop=0.40] Debug diagnostics enabled: diag_batches=1
2026-04-16 10:32:25,960 - INFO - [junyi|junyi_abce_ae_dominant_no_A|lr=0.003|drop=0.40] [Graph Init] graph_tau_mean=0.0000, graph_tau_std=0.0000, graph_dropout=0.000, use_personal_graph=True
2026-04-16 10:32:25,960 - INFO - [junyi|junyi_abce_ae_dominant_no_A|lr=0.003|drop=0.40] Total parameters: 8,130,953
2026-04-16 10:32:25,961 - INFO - [junyi|junyi_abce_ae_dominant_no_A|lr=0.003|drop=0.40] Trainable parameters: 8,130,953
2026-04-16 10:32:26,679 - INFO - [junyi|junyi_abce_ae_dominant_no_A|lr=0.003|drop=0.40] Optimizer param groups: backbone@lr=0.003, personal_state@lr=0.0045, personal_id@lr=0.00075
2026-04-16 10:32:26,679 - INFO - [junyi|junyi_abce_ae_dominant_no_A|lr=0.003|drop=0.40] Monitor config: scheduler=val_auc(max), best_checkpoint=val_auc(max), early_stop=val_auc(max)
2026-04-16 10:32:26,679 - INFO - [junyi|junyi_abce_ae_dominant_no_A|lr=0.003|drop=0.40] Starting training...
2026-04-16 10:35:36,177 - INFO - [junyi|junyi_abce_ae_dominant_no_A|lr=0.003|drop=0.40] Epoch [001/100] | Train: Loss=0.5262, BCE=0.5252, Reg=0.0010, AUC=0.7823, ACC=0.7406, RMSE=0.4188 | Val: Loss=0.5183, BCE=0.5176, Reg=0.0007, AUC=0.7948, ACC=0.7549, RMSE=0.4126
2026-04-16 10:35:36,177 - INFO - [junyi|junyi_abce_ae_dominant_no_A|lr=0.003|drop=0.40] [Reg Terms] Epoch [001] | Train: graph_entropy=0.000000, graph_diag=0.000000, graph_uniform=0.000000, graph_reg_scale=1.0000, prediction_l2=0.000000, personal_sparse=0.000706, alpha_var=-0.000002, alpha_collapse=0.000303, reg_bce_ratio=0.0019 | Val: graph_entropy=0.000000, graph_diag=0.000000, graph_uniform=0.000000, graph_reg_scale=1.0000, prediction_l2=0.000000, personal_sparse=0.000706, alpha_var=-0.000004, alpha_collapse=0.000010, reg_bce_ratio=0.0014
2026-04-16 10:35:36,344 - INFO - [junyi|junyi_abce_ae_dominant_no_A|lr=0.003|drop=0.40] [Diag][AE] Epoch [001] | irt_abs_mean=1.7942, irt_std=1.1556, personal_warmup_scale=0.25, graph_row_entropy=0.0000, graph_entropy_ratio=0.0000, alpha_mean=0.1328, alpha_std=0.0396, alpha_base_mean=0.1311, alpha_delta_absmean=0.0456, alpha_saturation_ratio=0.0000, alpha_bias_std=NA, alpha_state_path=0.8441, alpha_id_path=0.0000, alpha_bias_path=0.0000, head_bias_path=0.4096, personal_row_entropy=5.6613, personal_matrix_delta=0.0017, personal_matrix_student_std=0.0015, personal_delta_pre_softmax_norm=3.7294, personal_delta_student_std=3.3232, alpha_head_std=0.0396, query_row_graph_delta=0.1073, query_row_personal_delta=3.5693, neighbor_row_personal_delta=0.0000, personal_row_budget_mean=1.5000, personal_query_row_std=0.0397, readout_query_support_mass=0.0000, personal_student_mix=0.0501, personal_student_adapter=0.0400, local_row_ratio=0.0014, support_density=1.0000, readout_query_delta=0.0041, personal_bad_rows=0.00, personal_fallback_rows=0.00, personal_logits_absmax=11.0077
2026-04-16 10:35:36,344 - INFO - [junyi|junyi_abce_ae_dominant_no_A|lr=0.003|drop=0.40] [Diag][A] Epoch [001] | entropy_ratio=0.0000, diag_mass=1.0000, to_uniform_l2=0.037851, to_identity_l2=0.000000, relation_identity_delta=0.000000, knowledge_state_graph_delta=0.271330, knowledge_state_personal_delta=0.001342, share_concept_embeddings=True, tau_mean=0.0000, tau_std=0.0000, graph_reg_scale(train/val)=1.0000/1.0000
2026-04-16 10:35:36,345 - INFO - [junyi|junyi_abce_ae_dominant_no_A|lr=0.003|drop=0.40] [Grad Norms] Epoch [001] | relation_emb=0.000000e+00, relation_tau=0.000000e+00, relation_wq=0.000000e+00, relation_wk=0.000000e+00, personal_u=1.097034e-02, personal_v=1.065831e-02, personal_alpha_bias=0.000000e+00, personal_gate_emb=4.732719e-14, personal_gate_state_proj=1.057582e-10, personal_gate_context_proj=8.808772e-14, personal_gate_state_direct=6.374248e-04, personal_gate_id_direct=7.029621e-12, personal_gate_context_direct=5.316277e-07, personal_gate_out=2.649284e-07, personal_generator_emb=4.423722e-19, personal_generator_context_proj=1.398103e-16, personal_generator_context_hidden=1.720665e-13, personal_generator_context_to_u=2.603991e-10, personal_generator_context_to_v=9.470377e-11, personal_generator_state_row=3.299570e-10, personal_generator_state_col=1.200011e-10, personal_generator_id_row=3.402145e-11, personal_generator_id_col=1.237316e-11, personal_generator_state_adapter=1.359603e-14, personal_generator_id_adapter=9.986986e-17, personal_generator_context_adapter=3.232618e-15, personal_generator_direct_scale=2.880089e-05
2026-04-16 10:35:36,551 - INFO - [junyi|junyi_abce_ae_dominant_no_A|lr=0.003|drop=0.40] -> New best AUC=0.7948 at epoch 1
2026-04-16 10:38:44,711 - INFO - [junyi|junyi_abce_ae_dominant_no_A|lr=0.003|drop=0.40] Epoch [002/100] | Train: Loss=0.5179, BCE=0.5165, Reg=0.0014, AUC=0.7909, ACC=0.7460, RMSE=0.4146 | Val: Loss=0.5120, BCE=0.5106, Reg=0.0014, AUC=0.7978, ACC=0.7566, RMSE=0.4102
2026-04-16 10:38:44,711 - INFO - [junyi|junyi_abce_ae_dominant_no_A|lr=0.003|drop=0.40] [Reg Terms] Epoch [002] | Train: graph_entropy=0.000000, graph_diag=0.000000, graph_uniform=0.000000, graph_reg_scale=1.0000, prediction_l2=0.000000, personal_sparse=0.001418, alpha_var=-0.000008, alpha_collapse=0.000003, reg_bce_ratio=0.0027 | Val: graph_entropy=0.000000, graph_diag=0.000000, graph_uniform=0.000000, graph_reg_scale=1.0000, prediction_l2=0.000000, personal_sparse=0.001415, alpha_var=-0.000008, alpha_collapse=0.000000, reg_bce_ratio=0.0028
2026-04-16 10:38:44,872 - INFO - [junyi|junyi_abce_ae_dominant_no_A|lr=0.003|drop=0.40] [Diag][AE] Epoch [002] | irt_abs_mean=1.8945, irt_std=1.0245, personal_warmup_scale=0.50, graph_row_entropy=0.0000, graph_entropy_ratio=0.0000, alpha_mean=0.1396, alpha_std=0.0405, alpha_base_mean=0.1405, alpha_delta_absmean=0.0402, alpha_saturation_ratio=0.0000, alpha_bias_std=NA, alpha_state_path=0.7240, alpha_id_path=0.0000, alpha_bias_path=0.0000, head_bias_path=0.2933, personal_row_entropy=5.6413, personal_matrix_delta=0.0017, personal_matrix_student_std=0.0006, personal_delta_pre_softmax_norm=3.7770, personal_delta_student_std=1.2919, alpha_head_std=0.0405, query_row_graph_delta=0.0975, query_row_personal_delta=3.6489, neighbor_row_personal_delta=0.0000, personal_row_budget_mean=1.5000, personal_query_row_std=0.1018, readout_query_support_mass=0.0000, personal_student_mix=0.0500, personal_student_adapter=0.0400, local_row_ratio=0.0014, support_density=1.0000, readout_query_delta=0.0037, personal_bad_rows=0.00, personal_fallback_rows=0.00, personal_logits_absmax=10.8974
2026-04-16 10:38:44,873 - INFO - [junyi|junyi_abce_ae_dominant_no_A|lr=0.003|drop=0.40] [Diag][A] Epoch [002] | entropy_ratio=0.0000, diag_mass=1.0000, to_uniform_l2=0.037851, to_identity_l2=0.000000, relation_identity_delta=0.000000, knowledge_state_graph_delta=0.263776, knowledge_state_personal_delta=0.001485, share_concept_embeddings=True, tau_mean=0.0000, tau_std=0.0000, graph_reg_scale(train/val)=1.0000/1.0000
2026-04-16 10:38:44,873 - INFO - [junyi|junyi_abce_ae_dominant_no_A|lr=0.003|drop=0.40] [Grad Norms] Epoch [002] | relation_emb=0.000000e+00, relation_tau=0.000000e+00, relation_wq=0.000000e+00, relation_wk=0.000000e+00, personal_u=8.601935e-04, personal_v=5.845220e-03, personal_alpha_bias=0.000000e+00, personal_gate_emb=1.929465e-11, personal_gate_state_proj=1.477262e-10, personal_gate_context_proj=1.636938e-13, personal_gate_state_direct=9.152775e-04, personal_gate_id_direct=2.877104e-11, personal_gate_context_direct=1.014799e-06, personal_gate_out=1.032304e-07, personal_generator_emb=7.594496e-19, personal_generator_context_proj=1.988051e-16, personal_generator_context_hidden=1.512711e-13, personal_generator_context_to_u=4.949093e-11, personal_generator_context_to_v=1.539545e-10, personal_generator_state_row=4.907666e-11, personal_generator_state_col=1.526658e-10, personal_generator_id_row=1.222462e-11, personal_generator_id_col=3.802787e-11, personal_generator_state_adapter=3.589290e-16, personal_generator_id_adapter=5.186313e-17, personal_generator_context_adapter=3.151815e-15, personal_generator_direct_scale=3.527879e-05
2026-04-16 10:38:45,703 - INFO - [junyi|junyi_abce_ae_dominant_no_A|lr=0.003|drop=0.40] -> New best AUC=0.7978 at epoch 2
2026-04-16 10:41:51,534 - INFO - [junyi|junyi_abce_ae_dominant_no_A|lr=0.003|drop=0.40] Epoch [003/100] | Train: Loss=0.5159, BCE=0.5137, Reg=0.0021, AUC=0.7937, ACC=0.7484, RMSE=0.4132 | Val: Loss=0.5057, BCE=0.5036, Reg=0.0021, AUC=0.8036, ACC=0.7595, RMSE=0.4072
2026-04-16 10:41:51,535 - INFO - [junyi|junyi_abce_ae_dominant_no_A|lr=0.003|drop=0.40] [Reg Terms] Epoch [003] | Train: graph_entropy=0.000000, graph_diag=0.000000, graph_uniform=0.000000, graph_reg_scale=1.0000, prediction_l2=0.000000, personal_sparse=0.002129, alpha_var=-0.000013, alpha_collapse=0.000002, reg_bce_ratio=0.0041 | Val: graph_entropy=0.000000, graph_diag=0.000000, graph_uniform=0.000000, graph_reg_scale=1.0000, prediction_l2=0.000000, personal_sparse=0.002123, alpha_var=-0.000013, alpha_collapse=0.000000, reg_bce_ratio=0.0042
2026-04-16 10:41:51,734 - INFO - [junyi|junyi_abce_ae_dominant_no_A|lr=0.003|drop=0.40] [Diag][AE] Epoch [003] | irt_abs_mean=1.8281, irt_std=1.1061, personal_warmup_scale=0.75, graph_row_entropy=0.0000, graph_entropy_ratio=0.0000, alpha_mean=0.1558, alpha_std=0.0423, alpha_base_mean=0.1460, alpha_delta_absmean=0.0370, alpha_saturation_ratio=0.0000, alpha_bias_std=NA, alpha_state_path=0.6763, alpha_id_path=0.0000, alpha_bias_path=0.0000, head_bias_path=0.2082, personal_row_entropy=5.6817, personal_matrix_delta=0.0016, personal_matrix_student_std=0.0013, personal_delta_pre_softmax_norm=3.7679, personal_delta_student_std=2.9466, alpha_head_std=0.0423, query_row_graph_delta=0.0947, query_row_personal_delta=3.6210, neighbor_row_personal_delta=0.0000, personal_row_budget_mean=1.5000, personal_query_row_std=0.0463, readout_query_support_mass=0.0000, personal_student_mix=0.0501, personal_student_adapter=0.0400, local_row_ratio=0.0014, support_density=1.0000, readout_query_delta=0.0036, personal_bad_rows=0.00, personal_fallback_rows=0.00, personal_logits_absmax=11.0152
2026-04-16 10:41:51,734 - INFO - [junyi|junyi_abce_ae_dominant_no_A|lr=0.003|drop=0.40] [Diag][A] Epoch [003] | entropy_ratio=0.0000, diag_mass=1.0000, to_uniform_l2=0.037851, to_identity_l2=0.000000, relation_identity_delta=0.000000, knowledge_state_graph_delta=0.264048, knowledge_state_personal_delta=0.001611, share_concept_embeddings=True, tau_mean=0.0000, tau_std=0.0000, graph_reg_scale(train/val)=1.0000/1.0000
2026-04-16 10:41:51,734 - INFO - [junyi|junyi_abce_ae_dominant_no_A|lr=0.003|drop=0.40] [Grad Norms] Epoch [003] | relation_emb=0.000000e+00, relation_tau=0.000000e+00, relation_wq=0.000000e+00, relation_wk=0.000000e+00, personal_u=9.645621e-03, personal_v=8.449211e-03, personal_alpha_bias=0.000000e+00, personal_gate_emb=2.398751e-10, personal_gate_state_proj=1.344511e-10, personal_gate_context_proj=6.655525e-13, personal_gate_state_direct=1.334191e-03, personal_gate_id_direct=2.788466e-10, personal_gate_context_direct=6.530287e-06, personal_gate_out=4.103279e-07, personal_generator_emb=8.073351e-18, personal_generator_context_proj=5.995722e-16, personal_generator_context_hidden=1.448719e-13, personal_generator_context_to_u=1.121375e-10, personal_generator_context_to_v=1.299061e-10, personal_generator_state_row=1.100363e-10, personal_generator_state_col=1.274722e-10, personal_generator_id_row=2.750913e-11, personal_generator_id_col=3.186806e-11, personal_generator_state_adapter=3.636125e-15, personal_generator_id_adapter=3.314526e-17, personal_generator_context_adapter=1.572946e-14, personal_generator_direct_scale=3.459086e-05
2026-04-16 10:41:52,507 - INFO - [junyi|junyi_abce_ae_dominant_no_A|lr=0.003|drop=0.40] -> New best AUC=0.8036 at epoch 3
2026-04-16 10:45:01,417 - INFO - [junyi|junyi_abce_ae_dominant_no_A|lr=0.003|drop=0.40] Epoch [004/100] | Train: Loss=0.5150, BCE=0.5122, Reg=0.0028, AUC=0.7954, ACC=0.7490, RMSE=0.4124 | Val: Loss=0.5044, BCE=0.5015, Reg=0.0028, AUC=0.8019, ACC=0.7608, RMSE=0.4070
2026-04-16 10:45:01,417 - INFO - [junyi|junyi_abce_ae_dominant_no_A|lr=0.003|drop=0.40] [Reg Terms] Epoch [004] | Train: graph_entropy=0.000000, graph_diag=0.000000, graph_uniform=0.000000, graph_reg_scale=1.0000, prediction_l2=0.000000, personal_sparse=0.002838, alpha_var=-0.000020, alpha_collapse=0.000001, reg_bce_ratio=0.0055 | Val: graph_entropy=0.000000, graph_diag=0.000000, graph_uniform=0.000000, graph_reg_scale=1.0000, prediction_l2=0.000000, personal_sparse=0.002849, alpha_var=-0.000022, alpha_collapse=0.000000, reg_bce_ratio=0.0056
2026-04-16 10:45:01,603 - INFO - [junyi|junyi_abce_ae_dominant_no_A|lr=0.003|drop=0.40] [Diag][AE] Epoch [004] | irt_abs_mean=1.6562, irt_std=0.9952, personal_warmup_scale=1.00, graph_row_entropy=0.0000, graph_entropy_ratio=0.0000, alpha_mean=0.1429, alpha_std=0.0469, alpha_base_mean=0.1435, alpha_delta_absmean=0.0357, alpha_saturation_ratio=0.0000, alpha_bias_std=NA, alpha_state_path=0.6356, alpha_id_path=0.0000, alpha_bias_path=0.0000, head_bias_path=0.1599, personal_row_entropy=5.7104, personal_matrix_delta=0.0016, personal_matrix_student_std=0.0015, personal_delta_pre_softmax_norm=3.7432, personal_delta_student_std=3.2779, alpha_head_std=0.0469, query_row_graph_delta=0.0889, query_row_personal_delta=3.5887, neighbor_row_personal_delta=0.0000, personal_row_budget_mean=1.5000, personal_query_row_std=0.0724, readout_query_support_mass=0.0000, personal_student_mix=0.0501, personal_student_adapter=0.0400, local_row_ratio=0.0014, support_density=1.0000, readout_query_delta=0.0034, personal_bad_rows=0.00, personal_fallback_rows=0.00, personal_logits_absmax=11.0465
2026-04-16 10:45:01,604 - INFO - [junyi|junyi_abce_ae_dominant_no_A|lr=0.003|drop=0.40] [Diag][A] Epoch [004] | entropy_ratio=0.0000, diag_mass=1.0000, to_uniform_l2=0.037851, to_identity_l2=0.000000, relation_identity_delta=0.000000, knowledge_state_graph_delta=0.259344, knowledge_state_personal_delta=0.001427, share_concept_embeddings=True, tau_mean=0.0000, tau_std=0.0000, graph_reg_scale(train/val)=1.0000/1.0000
2026-04-16 10:45:01,604 - INFO - [junyi|junyi_abce_ae_dominant_no_A|lr=0.003|drop=0.40] [Grad Norms] Epoch [004] | relation_emb=0.000000e+00, relation_tau=0.000000e+00, relation_wq=0.000000e+00, relation_wk=0.000000e+00, personal_u=7.653136e-03, personal_v=1.023462e-02, personal_alpha_bias=0.000000e+00, personal_gate_emb=2.641534e-10, personal_gate_state_proj=8.760414e-10, personal_gate_context_proj=6.066661e-12, personal_gate_state_direct=1.395822e-03, personal_gate_id_direct=3.491789e-10, personal_gate_context_direct=9.654639e-06, personal_gate_out=1.404923e-06, personal_generator_emb=2.235932e-17, personal_generator_context_proj=3.372728e-16, personal_generator_context_hidden=1.353383e-13, personal_generator_context_to_u=1.739674e-10, personal_generator_context_to_v=8.248759e-11, personal_generator_state_row=1.887652e-10, personal_generator_state_col=8.950419e-11, personal_generator_id_row=4.719134e-11, personal_generator_id_col=2.237604e-11, personal_generator_state_adapter=7.974896e-15, personal_generator_id_adapter=6.781278e-18, personal_generator_context_adapter=6.059991e-15, personal_generator_direct_scale=8.334339e-06
2026-04-16 10:45:01,604 - INFO - [junyi|junyi_abce_ae_dominant_no_A|lr=0.003|drop=0.40] -> No improvement 1 epoch(s) (best AUC=0.8036 @ 3)
2026-04-16 10:48:08,305 - INFO - [junyi|junyi_abce_ae_dominant_no_A|lr=0.003|drop=0.40] Epoch [005/100] | Train: Loss=0.5144, BCE=0.5116, Reg=0.0028, AUC=0.7961, ACC=0.7500, RMSE=0.4122 | Val: Loss=0.5062, BCE=0.5033, Reg=0.0028, AUC=0.8021, ACC=0.7612, RMSE=0.4073
2026-04-16 10:48:08,306 - INFO - [junyi|junyi_abce_ae_dominant_no_A|lr=0.003|drop=0.40] [Reg Terms] Epoch [005] | Train: graph_entropy=0.000000, graph_diag=0.000000, graph_uniform=0.000000, graph_reg_scale=1.0000, prediction_l2=0.000000, personal_sparse=0.002848, alpha_var=-0.000019, alpha_collapse=0.000002, reg_bce_ratio=0.0055 | Val: graph_entropy=0.000000, graph_diag=0.000000, graph_uniform=0.000000, graph_reg_scale=1.0000, prediction_l2=0.000000, personal_sparse=0.002856, alpha_var=-0.000018, alpha_collapse=0.000000, reg_bce_ratio=0.0056
2026-04-16 10:48:08,490 - INFO - [junyi|junyi_abce_ae_dominant_no_A|lr=0.003|drop=0.40] [Diag][AE] Epoch [005] | irt_abs_mean=1.6043, irt_std=1.0348, personal_warmup_scale=1.00, graph_row_entropy=0.0000, graph_entropy_ratio=0.0000, alpha_mean=0.1525, alpha_std=0.0427, alpha_base_mean=0.1447, alpha_delta_absmean=0.0322, alpha_saturation_ratio=0.0000, alpha_bias_std=NA, alpha_state_path=0.5719, alpha_id_path=0.0000, alpha_bias_path=0.0000, head_bias_path=0.1496, personal_row_entropy=5.7156, personal_matrix_delta=0.0016, personal_matrix_student_std=0.0015, personal_delta_pre_softmax_norm=3.7495, personal_delta_student_std=3.3254, alpha_head_std=0.0426, query_row_graph_delta=0.0995, query_row_personal_delta=3.5932, neighbor_row_personal_delta=0.0000, personal_row_budget_mean=1.5000, personal_query_row_std=0.0897, readout_query_support_mass=0.0000, personal_student_mix=0.0502, personal_student_adapter=0.0400, local_row_ratio=0.0014, support_density=1.0000, readout_query_delta=0.0038, personal_bad_rows=0.00, personal_fallback_rows=0.00, personal_logits_absmax=11.0323
2026-04-16 10:48:08,490 - INFO - [junyi|junyi_abce_ae_dominant_no_A|lr=0.003|drop=0.40] [Diag][A] Epoch [005] | entropy_ratio=0.0000, diag_mass=1.0000, to_uniform_l2=0.037851, to_identity_l2=0.000000, relation_identity_delta=0.000000, knowledge_state_graph_delta=0.265156, knowledge_state_personal_delta=0.001094, share_concept_embeddings=True, tau_mean=0.0000, tau_std=0.0000, graph_reg_scale(train/val)=1.0000/1.0000
2026-04-16 10:48:08,490 - INFO - [junyi|junyi_abce_ae_dominant_no_A|lr=0.003|drop=0.40] [Grad Norms] Epoch [005] | relation_emb=0.000000e+00, relation_tau=0.000000e+00, relation_wq=0.000000e+00, relation_wk=0.000000e+00, personal_u=1.062737e-02, personal_v=6.061652e-03, personal_alpha_bias=0.000000e+00, personal_gate_emb=3.146539e-10, personal_gate_state_proj=6.162545e-10, personal_gate_context_proj=7.761182e-12, personal_gate_state_direct=1.287223e-03, personal_gate_id_direct=2.942196e-10, personal_gate_context_direct=1.619298e-05, personal_gate_out=5.007287e-07, personal_generator_emb=1.983184e-13, personal_generator_context_proj=5.230305e-16, personal_generator_context_hidden=1.451604e-13, personal_generator_context_to_u=1.321914e-10, personal_generator_context_to_v=6.879691e-11, personal_generator_state_row=1.167472e-10, personal_generator_state_col=6.093310e-11, personal_generator_id_row=2.918583e-11, personal_generator_id_col=1.518975e-11, personal_generator_state_adapter=1.137352e-14, personal_generator_id_adapter=2.948363e-17, personal_generator_context_adapter=7.402957e-16, personal_generator_direct_scale=6.629921e-06
2026-04-16 10:48:08,491 - INFO - [junyi|junyi_abce_ae_dominant_no_A|lr=0.003|drop=0.40] -> No improvement 2 epoch(s) (best AUC=0.8036 @ 3)
2026-04-16 10:51:11,763 - INFO - [junyi|junyi_abce_ae_dominant_no_A|lr=0.003|drop=0.40] Epoch [006/100] | Train: Loss=0.5030, BCE=0.5002, Reg=0.0028, AUC=0.8070, ACC=0.7597, RMSE=0.4064 | Val: Loss=0.4965, BCE=0.4937, Reg=0.0028, AUC=0.8127, ACC=0.7679, RMSE=0.4026
2026-04-16 10:51:11,763 - INFO - [junyi|junyi_abce_ae_dominant_no_A|lr=0.003|drop=0.40] [Reg Terms] Epoch [006] | Train: graph_entropy=0.000000, graph_diag=0.000000, graph_uniform=0.000000, graph_reg_scale=1.0000, prediction_l2=0.000000, personal_sparse=0.002843, alpha_var=-0.000018, alpha_collapse=0.000001, reg_bce_ratio=0.0056 | Val: graph_entropy=0.000000, graph_diag=0.000000, graph_uniform=0.000000, graph_reg_scale=1.0000, prediction_l2=0.000000, personal_sparse=0.002844, alpha_var=-0.000017, alpha_collapse=0.000000, reg_bce_ratio=0.0057
2026-04-16 10:51:11,933 - INFO - [junyi|junyi_abce_ae_dominant_no_A|lr=0.003|drop=0.40] [Diag][AE] Epoch [006] | irt_abs_mean=1.7533, irt_std=0.9349, personal_warmup_scale=1.00, graph_row_entropy=0.0000, graph_entropy_ratio=0.0000, alpha_mean=0.1838, alpha_std=0.0418, alpha_base_mean=0.1478, alpha_delta_absmean=0.0360, alpha_saturation_ratio=0.0000, alpha_bias_std=NA, alpha_state_path=0.7370, alpha_id_path=0.0000, alpha_bias_path=0.0000, head_bias_path=0.1458, personal_row_entropy=5.6909, personal_matrix_delta=0.0016, personal_matrix_student_std=0.0016, personal_delta_pre_softmax_norm=3.7752, personal_delta_student_std=3.5910, alpha_head_std=0.0417, query_row_graph_delta=0.0941, query_row_personal_delta=3.6332, neighbor_row_personal_delta=0.0000, personal_row_budget_mean=1.5000, personal_query_row_std=0.0410, readout_query_support_mass=0.0000, personal_student_mix=0.0500, personal_student_adapter=0.0400, local_row_ratio=0.0014, support_density=1.0000, readout_query_delta=0.0036, personal_bad_rows=0.00, personal_fallback_rows=0.00, personal_logits_absmax=10.9765
2026-04-16 10:51:11,933 - INFO - [junyi|junyi_abce_ae_dominant_no_A|lr=0.003|drop=0.40] [Diag][A] Epoch [006] | entropy_ratio=0.0000, diag_mass=1.0000, to_uniform_l2=0.037851, to_identity_l2=0.000000, relation_identity_delta=0.000000, knowledge_state_graph_delta=0.277843, knowledge_state_personal_delta=0.000803, share_concept_embeddings=True, tau_mean=0.0000, tau_std=0.0000, graph_reg_scale(train/val)=1.0000/1.0000
2026-04-16 10:51:11,933 - INFO - [junyi|junyi_abce_ae_dominant_no_A|lr=0.003|drop=0.40] [Grad Norms] Epoch [006] | relation_emb=0.000000e+00, relation_tau=0.000000e+00, relation_wq=0.000000e+00, relation_wk=0.000000e+00, personal_u=3.959218e-02, personal_v=1.202979e-02, personal_alpha_bias=0.000000e+00, personal_gate_emb=0.000000e+00, personal_gate_state_proj=4.345374e-10, personal_gate_context_proj=8.190437e-12, personal_gate_state_direct=2.064691e-03, personal_gate_id_direct=0.000000e+00, personal_gate_context_direct=7.037696e-05, personal_gate_out=4.529722e-07, personal_generator_emb=3.693524e-17, personal_generator_context_proj=6.429618e-17, personal_generator_context_hidden=3.765740e-14, personal_generator_context_to_u=1.387428e-10, personal_generator_context_to_v=4.600519e-11, personal_generator_state_row=1.877912e-10, personal_generator_state_col=6.224353e-11, personal_generator_id_row=4.689126e-11, personal_generator_id_col=1.554849e-11, personal_generator_state_adapter=6.486751e-15, personal_generator_id_adapter=4.950152e-19, personal_generator_context_adapter=2.471174e-15, personal_generator_direct_scale=1.851095e-05
2026-04-16 10:51:12,765 - INFO - [junyi|junyi_abce_ae_dominant_no_A|lr=0.003|drop=0.40] -> New best AUC=0.8127 at epoch 6
2026-04-16 10:54:16,763 - INFO - [junyi|junyi_abce_ae_dominant_no_A|lr=0.003|drop=0.40] Epoch [007/100] | Train: Loss=0.4996, BCE=0.4968, Reg=0.0028, AUC=0.8102, ACC=0.7609, RMSE=0.4048 | Val: Loss=0.4917, BCE=0.4889, Reg=0.0028, AUC=0.8150, ACC=0.7699, RMSE=0.4008
2026-04-16 10:54:16,763 - INFO - [junyi|junyi_abce_ae_dominant_no_A|lr=0.003|drop=0.40] [Reg Terms] Epoch [007] | Train: graph_entropy=0.000000, graph_diag=0.000000, graph_uniform=0.000000, graph_reg_scale=1.0000, prediction_l2=0.000000, personal_sparse=0.002842, alpha_var=-0.000018, alpha_collapse=0.000001, reg_bce_ratio=0.0057 | Val: graph_entropy=0.000000, graph_diag=0.000000, graph_uniform=0.000000, graph_reg_scale=1.0000, prediction_l2=0.000000, personal_sparse=0.002855, alpha_var=-0.000017, alpha_collapse=0.000000, reg_bce_ratio=0.0058
2026-04-16 10:54:16,955 - INFO - [junyi|junyi_abce_ae_dominant_no_A|lr=0.003|drop=0.40] [Diag][AE] Epoch [007] | irt_abs_mean=1.6257, irt_std=0.9553, personal_warmup_scale=1.00, graph_row_entropy=0.0000, graph_entropy_ratio=0.0000, alpha_mean=0.1683, alpha_std=0.0415, alpha_base_mean=0.1479, alpha_delta_absmean=0.0312, alpha_saturation_ratio=0.0000, alpha_bias_std=NA, alpha_state_path=0.5770, alpha_id_path=0.0000, alpha_bias_path=0.0000, head_bias_path=0.1473, personal_row_entropy=5.7065, personal_matrix_delta=0.0016, personal_matrix_student_std=0.0012, personal_delta_pre_softmax_norm=3.7645, personal_delta_student_std=2.8040, alpha_head_std=0.0414, query_row_graph_delta=0.0985, query_row_personal_delta=3.6179, neighbor_row_personal_delta=0.0000, personal_row_budget_mean=1.5000, personal_query_row_std=0.0511, readout_query_support_mass=0.0000, personal_student_mix=0.0499, personal_student_adapter=0.0400, local_row_ratio=0.0014, support_density=1.0000, readout_query_delta=0.0037, personal_bad_rows=0.00, personal_fallback_rows=0.00, personal_logits_absmax=11.0147
2026-04-16 10:54:16,955 - INFO - [junyi|junyi_abce_ae_dominant_no_A|lr=0.003|drop=0.40] [Diag][A] Epoch [007] | entropy_ratio=0.0000, diag_mass=1.0000, to_uniform_l2=0.037851, to_identity_l2=0.000000, relation_identity_delta=0.000000, knowledge_state_graph_delta=0.290342, knowledge_state_personal_delta=0.001194, share_concept_embeddings=True, tau_mean=0.0000, tau_std=0.0000, graph_reg_scale(train/val)=1.0000/1.0000
2026-04-16 10:54:16,955 - INFO - [junyi|junyi_abce_ae_dominant_no_A|lr=0.003|drop=0.40] [Grad Norms] Epoch [007] | relation_emb=0.000000e+00, relation_tau=0.000000e+00, relation_wq=0.000000e+00, relation_wk=0.000000e+00, personal_u=9.560026e-03, personal_v=1.116060e-02, personal_alpha_bias=0.000000e+00, personal_gate_emb=0.000000e+00, personal_gate_state_proj=4.907243e-11, personal_gate_context_proj=2.596412e-13, personal_gate_state_direct=1.836031e-03, personal_gate_id_direct=0.000000e+00, personal_gate_context_direct=9.227550e-06, personal_gate_out=1.360478e-07, personal_generator_emb=6.303304e-17, personal_generator_context_proj=1.009808e-16, personal_generator_context_hidden=3.757805e-14, personal_generator_context_to_u=9.210532e-11, personal_generator_context_to_v=6.626402e-11, personal_generator_state_row=1.256405e-10, personal_generator_state_col=9.027937e-11, personal_generator_id_row=3.133619e-11, personal_generator_id_col=2.254442e-11, personal_generator_state_adapter=2.455852e-15, personal_generator_id_adapter=2.104563e-19, personal_generator_context_adapter=1.723722e-15, personal_generator_direct_scale=2.782001e-06
2026-04-16 10:54:17,711 - INFO - [junyi|junyi_abce_ae_dominant_no_A|lr=0.003|drop=0.40] -> New best AUC=0.8150 at epoch 7
2026-04-16 10:57:25,038 - INFO - [junyi|junyi_abce_ae_dominant_no_A|lr=0.003|drop=0.40] Epoch [008/100] | Train: Loss=0.4993, BCE=0.4965, Reg=0.0028, AUC=0.8106, ACC=0.7610, RMSE=0.4046 | Val: Loss=0.4929, BCE=0.4901, Reg=0.0028, AUC=0.8131, ACC=0.7669, RMSE=0.4011
2026-04-16 10:57:25,038 - INFO - [junyi|junyi_abce_ae_dominant_no_A|lr=0.003|drop=0.40] [Reg Terms] Epoch [008] | Train: graph_entropy=0.000000, graph_diag=0.000000, graph_uniform=0.000000, graph_reg_scale=1.0000, prediction_l2=0.000000, personal_sparse=0.002838, alpha_var=-0.000018, alpha_collapse=0.000001, reg_bce_ratio=0.0057 | Val: graph_entropy=0.000000, graph_diag=0.000000, graph_uniform=0.000000, graph_reg_scale=1.0000, prediction_l2=0.000000, personal_sparse=0.002836, alpha_var=-0.000021, alpha_collapse=0.000000, reg_bce_ratio=0.0057
2026-04-16 10:57:25,185 - INFO - [junyi|junyi_abce_ae_dominant_no_A|lr=0.003|drop=0.40] [Diag][AE] Epoch [008] | irt_abs_mean=1.8277, irt_std=0.9737, personal_warmup_scale=1.00, graph_row_entropy=0.0000, graph_entropy_ratio=0.0000, alpha_mean=0.1823, alpha_std=0.0457, alpha_base_mean=0.1488, alpha_delta_absmean=0.0344, alpha_saturation_ratio=0.0000, alpha_bias_std=NA, alpha_state_path=0.7251, alpha_id_path=0.0000, alpha_bias_path=0.0000, head_bias_path=0.1533, personal_row_entropy=5.6907, personal_matrix_delta=0.0016, personal_matrix_student_std=0.0015, personal_delta_pre_softmax_norm=3.7822, personal_delta_student_std=3.5929, alpha_head_std=0.0448, query_row_graph_delta=0.0883, query_row_personal_delta=3.6476, neighbor_row_personal_delta=0.0000, personal_row_budget_mean=1.5000, personal_query_row_std=0.0476, readout_query_support_mass=0.0000, personal_student_mix=0.0502, personal_student_adapter=0.0400, local_row_ratio=0.0014, support_density=1.0000, readout_query_delta=0.0033, personal_bad_rows=0.00, personal_fallback_rows=0.00, personal_logits_absmax=11.0004
2026-04-16 10:57:25,186 - INFO - [junyi|junyi_abce_ae_dominant_no_A|lr=0.003|drop=0.40] [Diag][A] Epoch [008] | entropy_ratio=0.0000, diag_mass=1.0000, to_uniform_l2=0.037851, to_identity_l2=0.000000, relation_identity_delta=0.000000, knowledge_state_graph_delta=0.281561, knowledge_state_personal_delta=0.000836, share_concept_embeddings=True, tau_mean=0.0000, tau_std=0.0000, graph_reg_scale(train/val)=1.0000/1.0000
2026-04-16 10:57:25,186 - INFO - [junyi|junyi_abce_ae_dominant_no_A|lr=0.003|drop=0.40] [Grad Norms] Epoch [008] | relation_emb=0.000000e+00, relation_tau=0.000000e+00, relation_wq=0.000000e+00, relation_wk=0.000000e+00, personal_u=2.589980e-02, personal_v=1.164107e-02, personal_alpha_bias=0.000000e+00, personal_gate_emb=0.000000e+00, personal_gate_state_proj=9.682468e-10, personal_gate_context_proj=4.367790e-11, personal_gate_state_direct=4.574632e-03, personal_gate_id_direct=0.000000e+00, personal_gate_context_direct=2.081897e-04, personal_gate_out=1.251735e-06, personal_generator_emb=1.586108e-17, personal_generator_context_proj=5.188599e-17, personal_generator_context_hidden=2.502533e-14, personal_generator_context_to_u=6.552465e-11, personal_generator_context_to_v=6.256404e-11, personal_generator_state_row=6.152243e-11, personal_generator_state_col=5.854223e-11, personal_generator_id_row=1.531173e-11, personal_generator_id_col=1.461990e-11, personal_generator_state_adapter=1.132499e-15, personal_generator_id_adapter=5.640011e-19, personal_generator_context_adapter=1.575182e-15, personal_generator_direct_scale=4.729349e-05
2026-04-16 10:57:25,186 - INFO - [junyi|junyi_abce_ae_dominant_no_A|lr=0.003|drop=0.40] -> No improvement 1 epoch(s) (best AUC=0.8150 @ 7)
2026-04-16 11:00:30,930 - INFO - [junyi|junyi_abce_ae_dominant_no_A|lr=0.003|drop=0.40] Epoch [009/100] | Train: Loss=0.4987, BCE=0.4959, Reg=0.0028, AUC=0.8109, ACC=0.7619, RMSE=0.4043 | Val: Loss=0.4926, BCE=0.4898, Reg=0.0028, AUC=0.8130, ACC=0.7664, RMSE=0.4011
2026-04-16 11:00:30,930 - INFO - [junyi|junyi_abce_ae_dominant_no_A|lr=0.003|drop=0.40] [Reg Terms] Epoch [009] | Train: graph_entropy=0.000000, graph_diag=0.000000, graph_uniform=0.000000, graph_reg_scale=1.0000, prediction_l2=0.000000, personal_sparse=0.002841, alpha_var=-0.000019, alpha_collapse=0.000001, reg_bce_ratio=0.0057 | Val: graph_entropy=0.000000, graph_diag=0.000000, graph_uniform=0.000000, graph_reg_scale=1.0000, prediction_l2=0.000000, personal_sparse=0.002832, alpha_var=-0.000018, alpha_collapse=0.000000, reg_bce_ratio=0.0057
2026-04-16 11:00:31,089 - INFO - [junyi|junyi_abce_ae_dominant_no_A|lr=0.003|drop=0.40] [Diag][AE] Epoch [009] | irt_abs_mean=1.5885, irt_std=1.0898, personal_warmup_scale=1.00, graph_row_entropy=0.0000, graph_entropy_ratio=0.0000, alpha_mean=0.1807, alpha_std=0.0422, alpha_base_mean=0.1490, alpha_delta_absmean=0.0333, alpha_saturation_ratio=0.0000, alpha_bias_std=NA, alpha_state_path=0.6845, alpha_id_path=0.0000, alpha_bias_path=0.0000, head_bias_path=0.1532, personal_row_entropy=5.6622, personal_matrix_delta=0.0017, personal_matrix_student_std=0.0016, personal_delta_pre_softmax_norm=3.7326, personal_delta_student_std=3.5359, alpha_head_std=0.0383, query_row_graph_delta=0.0958, query_row_personal_delta=3.5773, neighbor_row_personal_delta=0.0000, personal_row_budget_mean=1.5000, personal_query_row_std=0.0549, readout_query_support_mass=0.0000, personal_student_mix=0.0502, personal_student_adapter=0.0400, local_row_ratio=0.0014, support_density=1.0000, readout_query_delta=0.0036, personal_bad_rows=0.00, personal_fallback_rows=0.00, personal_logits_absmax=11.0472
2026-04-16 11:00:31,089 - INFO - [junyi|junyi_abce_ae_dominant_no_A|lr=0.003|drop=0.40] [Diag][A] Epoch [009] | entropy_ratio=0.0000, diag_mass=1.0000, to_uniform_l2=0.037851, to_identity_l2=0.000000, relation_identity_delta=0.000000, knowledge_state_graph_delta=0.294675, knowledge_state_personal_delta=0.001108, share_concept_embeddings=True, tau_mean=0.0000, tau_std=0.0000, graph_reg_scale(train/val)=1.0000/1.0000
2026-04-16 11:00:31,089 - INFO - [junyi|junyi_abce_ae_dominant_no_A|lr=0.003|drop=0.40] [Grad Norms] Epoch [009] | relation_emb=0.000000e+00, relation_tau=0.000000e+00, relation_wq=0.000000e+00, relation_wk=0.000000e+00, personal_u=1.797175e-02, personal_v=1.528163e-02, personal_alpha_bias=0.000000e+00, personal_gate_emb=0.000000e+00, personal_gate_state_proj=9.799863e-11, personal_gate_context_proj=1.462639e-11, personal_gate_state_direct=9.356326e-04, personal_gate_id_direct=0.000000e+00, personal_gate_context_direct=1.476919e-04, personal_gate_out=5.781748e-07, personal_generator_emb=3.167762e-17, personal_generator_context_proj=1.170165e-16, personal_generator_context_hidden=6.563128e-14, personal_generator_context_to_u=1.093953e-10, personal_generator_context_to_v=5.252483e-11, personal_generator_state_row=8.893495e-11, personal_generator_state_col=4.271966e-11, personal_generator_id_row=2.213691e-11, personal_generator_id_col=1.062877e-11, personal_generator_state_adapter=5.081069e-15, personal_generator_id_adapter=2.053869e-19, personal_generator_context_adapter=4.198286e-15, personal_generator_direct_scale=2.839283e-05
2026-04-16 11:00:31,089 - INFO - [junyi|junyi_abce_ae_dominant_no_A|lr=0.003|drop=0.40] -> No improvement 2 epoch(s) (best AUC=0.8150 @ 7)
2026-04-16 11:03:39,714 - INFO - [junyi|junyi_abce_ae_dominant_no_A|lr=0.003|drop=0.40] Epoch [010/100] | Train: Loss=0.4878, BCE=0.4849, Reg=0.0028, AUC=0.8207, ACC=0.7700, RMSE=0.3988 | Val: Loss=0.4848, BCE=0.4819, Reg=0.0028, AUC=0.8198, ACC=0.7728, RMSE=0.3968
2026-04-16 11:03:39,714 - INFO - [junyi|junyi_abce_ae_dominant_no_A|lr=0.003|drop=0.40] [Reg Terms] Epoch [010] | Train: graph_entropy=0.000000, graph_diag=0.000000, graph_uniform=0.000000, graph_reg_scale=1.0000, prediction_l2=0.000000, personal_sparse=0.002840, alpha_var=-0.000018, alpha_collapse=0.000002, reg_bce_ratio=0.0058 | Val: graph_entropy=0.000000, graph_diag=0.000000, graph_uniform=0.000000, graph_reg_scale=1.0000, prediction_l2=0.000000, personal_sparse=0.002845, alpha_var=-0.000021, alpha_collapse=0.000000, reg_bce_ratio=0.0059
2026-04-16 11:03:39,902 - INFO - [junyi|junyi_abce_ae_dominant_no_A|lr=0.003|drop=0.40] [Diag][AE] Epoch [010] | irt_abs_mean=1.9394, irt_std=1.0099, personal_warmup_scale=1.00, graph_row_entropy=0.0000, graph_entropy_ratio=0.0000, alpha_mean=0.1686, alpha_std=0.0452, alpha_base_mean=0.1493, alpha_delta_absmean=0.0348, alpha_saturation_ratio=0.0000, alpha_bias_std=NA, alpha_state_path=0.6993, alpha_id_path=0.0000, alpha_bias_path=0.0000, head_bias_path=0.1652, personal_row_entropy=5.7065, personal_matrix_delta=0.0016, personal_matrix_student_std=0.0016, personal_delta_pre_softmax_norm=3.7663, personal_delta_student_std=3.6308, alpha_head_std=0.0285, query_row_graph_delta=0.0933, query_row_personal_delta=3.6235, neighbor_row_personal_delta=0.0000, personal_row_budget_mean=1.5000, personal_query_row_std=0.0650, readout_query_support_mass=0.0000, personal_student_mix=0.0502, personal_student_adapter=0.0400, local_row_ratio=0.0014, support_density=1.0000, readout_query_delta=0.0035, personal_bad_rows=0.00, personal_fallback_rows=0.00, personal_logits_absmax=11.0589
2026-04-16 11:03:39,902 - INFO - [junyi|junyi_abce_ae_dominant_no_A|lr=0.003|drop=0.40] [Diag][A] Epoch [010] | entropy_ratio=0.0000, diag_mass=1.0000, to_uniform_l2=0.037851, to_identity_l2=0.000000, relation_identity_delta=0.000000, knowledge_state_graph_delta=0.290489, knowledge_state_personal_delta=0.000910, share_concept_embeddings=True, tau_mean=0.0000, tau_std=0.0000, graph_reg_scale(train/val)=1.0000/1.0000
2026-04-16 11:03:39,902 - INFO - [junyi|junyi_abce_ae_dominant_no_A|lr=0.003|drop=0.40] [Grad Norms] Epoch [010] | relation_emb=0.000000e+00, relation_tau=0.000000e+00, relation_wq=0.000000e+00, relation_wk=0.000000e+00, personal_u=2.879921e-02, personal_v=1.578188e-02, personal_alpha_bias=0.000000e+00, personal_gate_emb=0.000000e+00, personal_gate_state_proj=1.851936e-11, personal_gate_context_proj=5.916116e-13, personal_gate_state_direct=1.968411e-03, personal_gate_id_direct=0.000000e+00, personal_gate_context_direct=7.182128e-05, personal_gate_out=8.055996e-08, personal_generator_emb=2.848373e-19, personal_generator_context_proj=4.944754e-18, personal_generator_context_hidden=4.772594e-15, personal_generator_context_to_u=4.166619e-11, personal_generator_context_to_v=2.924529e-11, personal_generator_state_row=4.437088e-11, personal_generator_state_col=3.115733e-11, personal_generator_id_row=1.109773e-11, personal_generator_id_col=7.789444e-12, personal_generator_state_adapter=3.169171e-16, personal_generator_id_adapter=9.935156e-22, personal_generator_context_adapter=1.106892e-16, personal_generator_direct_scale=1.177253e-05
2026-04-16 11:03:40,706 - INFO - [junyi|junyi_abce_ae_dominant_no_A|lr=0.003|drop=0.40] -> New best AUC=0.8198 at epoch 10
2026-04-16 11:03:40,844 - INFO - [junyi|junyi_abce_ae_dominant_no_A|lr=0.003|drop=0.40] Checkpoint saved: checkpoints/abce_diag/remote_sparse_local_20260416_d3a8de0/junyi/seed42/ae_dominant_no_A/checkpoint_epoch_10.pth
2026-04-16 11:03:41,103 - INFO - [junyi|junyi_abce_ae_dominant_no_A|lr=0.003|drop=0.40] [Module Activity] Epoch 10: Personal[X]
2026-04-16 11:06:48,119 - INFO - [junyi|junyi_abce_ae_dominant_no_A|lr=0.003|drop=0.40] Epoch [011/100] | Train: Loss=0.4848, BCE=0.4820, Reg=0.0028, AUC=0.8232, ACC=0.7722, RMSE=0.3973 | Val: Loss=0.4874, BCE=0.4846, Reg=0.0028, AUC=0.8202, ACC=0.7737, RMSE=0.3979
2026-04-16 11:06:48,119 - INFO - [junyi|junyi_abce_ae_dominant_no_A|lr=0.003|drop=0.40] [Reg Terms] Epoch [011] | Train: graph_entropy=0.000000, graph_diag=0.000000, graph_uniform=0.000000, graph_reg_scale=1.0000, prediction_l2=0.000000, personal_sparse=0.002842, alpha_var=-0.000022, alpha_collapse=0.000003, reg_bce_ratio=0.0059 | Val: graph_entropy=0.000000, graph_diag=0.000000, graph_uniform=0.000000, graph_reg_scale=1.0000, prediction_l2=0.000000, personal_sparse=0.002836, alpha_var=-0.000029, alpha_collapse=0.000000, reg_bce_ratio=0.0058
2026-04-16 11:06:48,304 - INFO - [junyi|junyi_abce_ae_dominant_no_A|lr=0.003|drop=0.40] [Diag][AE] Epoch [011] | irt_abs_mean=1.8439, irt_std=1.0040, personal_warmup_scale=1.00, graph_row_entropy=0.0000, graph_entropy_ratio=0.0000, alpha_mean=0.1644, alpha_std=0.0550, alpha_base_mean=0.1505, alpha_delta_absmean=0.0525, alpha_saturation_ratio=0.0000, alpha_bias_std=NA, alpha_state_path=1.0471, alpha_id_path=0.0000, alpha_bias_path=0.0000, head_bias_path=0.1511, personal_row_entropy=5.6811, personal_matrix_delta=0.0016, personal_matrix_student_std=0.0015, personal_delta_pre_softmax_norm=3.7769, personal_delta_student_std=3.5286, alpha_head_std=0.0109, query_row_graph_delta=0.0892, query_row_personal_delta=3.6372, neighbor_row_personal_delta=0.0000, personal_row_budget_mean=1.5000, personal_query_row_std=0.0660, readout_query_support_mass=0.0000, personal_student_mix=0.0503, personal_student_adapter=0.0400, local_row_ratio=0.0014, support_density=1.0000, readout_query_delta=0.0034, personal_bad_rows=0.00, personal_fallback_rows=0.00, personal_logits_absmax=11.0051
2026-04-16 11:06:48,305 - INFO - [junyi|junyi_abce_ae_dominant_no_A|lr=0.003|drop=0.40] [Diag][A] Epoch [011] | entropy_ratio=0.0000, diag_mass=1.0000, to_uniform_l2=0.037851, to_identity_l2=0.000000, relation_identity_delta=0.000000, knowledge_state_graph_delta=0.297554, knowledge_state_personal_delta=0.001091, share_concept_embeddings=True, tau_mean=0.0000, tau_std=0.0000, graph_reg_scale(train/val)=1.0000/1.0000
2026-04-16 11:06:48,305 - INFO - [junyi|junyi_abce_ae_dominant_no_A|lr=0.003|drop=0.40] [Grad Norms] Epoch [011] | relation_emb=0.000000e+00, relation_tau=0.000000e+00, relation_wq=0.000000e+00, relation_wk=0.000000e+00, personal_u=7.824270e-02, personal_v=2.208011e-02, personal_alpha_bias=0.000000e+00, personal_gate_emb=0.000000e+00, personal_gate_state_proj=3.382841e-10, personal_gate_context_proj=3.145625e-11, personal_gate_state_direct=2.901900e-03, personal_gate_id_direct=0.000000e+00, personal_gate_context_direct=2.845755e-04, personal_gate_out=2.085402e-06, personal_generator_emb=1.585866e-19, personal_generator_context_proj=3.445750e-18, personal_generator_context_hidden=2.713362e-15, personal_generator_context_to_u=2.848027e-11, personal_generator_context_to_v=1.005436e-11, personal_generator_state_row=2.942163e-11, personal_generator_state_col=1.038564e-11, personal_generator_id_row=7.349533e-12, personal_generator_id_col=2.594597e-12, personal_generator_state_adapter=1.197574e-16, personal_generator_id_adapter=5.808767e-21, personal_generator_context_adapter=5.043934e-17, personal_generator_direct_scale=5.261125e-05
2026-04-16 11:06:49,069 - INFO - [junyi|junyi_abce_ae_dominant_no_A|lr=0.003|drop=0.40] -> New best AUC=0.8202 at epoch 11
2026-04-16 11:09:56,175 - INFO - [junyi|junyi_abce_ae_dominant_no_A|lr=0.003|drop=0.40] Epoch [012/100] | Train: Loss=0.4843, BCE=0.4815, Reg=0.0028, AUC=0.8235, ACC=0.7732, RMSE=0.3971 | Val: Loss=0.4889, BCE=0.4861, Reg=0.0028, AUC=0.8186, ACC=0.7724, RMSE=0.3987
2026-04-16 11:09:56,175 - INFO - [junyi|junyi_abce_ae_dominant_no_A|lr=0.003|drop=0.40] [Reg Terms] Epoch [012] | Train: graph_entropy=0.000000, graph_diag=0.000000, graph_uniform=0.000000, graph_reg_scale=1.0000, prediction_l2=0.000000, personal_sparse=0.002838, alpha_var=-0.000024, alpha_collapse=0.000004, reg_bce_ratio=0.0059 | Val: graph_entropy=0.000000, graph_diag=0.000000, graph_uniform=0.000000, graph_reg_scale=1.0000, prediction_l2=0.000000, personal_sparse=0.002833, alpha_var=-0.000036, alpha_collapse=0.000000, reg_bce_ratio=0.0058
2026-04-16 11:09:56,340 - INFO - [junyi|junyi_abce_ae_dominant_no_A|lr=0.003|drop=0.40] [Diag][AE] Epoch [012] | irt_abs_mean=1.8078, irt_std=1.0706, personal_warmup_scale=1.00, graph_row_entropy=0.0000, graph_entropy_ratio=0.0000, alpha_mean=0.1696, alpha_std=0.0602, alpha_base_mean=0.1515, alpha_delta_absmean=0.0594, alpha_saturation_ratio=0.0000, alpha_bias_std=NA, alpha_state_path=1.2199, alpha_id_path=0.0000, alpha_bias_path=0.0000, head_bias_path=0.1652, personal_row_entropy=5.6795, personal_matrix_delta=0.0016, personal_matrix_student_std=0.0016, personal_delta_pre_softmax_norm=3.7537, personal_delta_student_std=3.5881, alpha_head_std=0.0091, query_row_graph_delta=0.0919, query_row_personal_delta=3.6099, neighbor_row_personal_delta=0.0000, personal_row_budget_mean=1.5000, personal_query_row_std=0.0548, readout_query_support_mass=0.0000, personal_student_mix=0.0502, personal_student_adapter=0.0400, local_row_ratio=0.0014, support_density=1.0000, readout_query_delta=0.0035, personal_bad_rows=0.00, personal_fallback_rows=0.00, personal_logits_absmax=11.0508
2026-04-16 11:09:56,341 - INFO - [junyi|junyi_abce_ae_dominant_no_A|lr=0.003|drop=0.40] [Diag][A] Epoch [012] | entropy_ratio=0.0000, diag_mass=1.0000, to_uniform_l2=0.037851, to_identity_l2=0.000000, relation_identity_delta=0.000000, knowledge_state_graph_delta=0.300588, knowledge_state_personal_delta=0.001217, share_concept_embeddings=True, tau_mean=0.0000, tau_std=0.0000, graph_reg_scale(train/val)=1.0000/1.0000
2026-04-16 11:09:56,341 - INFO - [junyi|junyi_abce_ae_dominant_no_A|lr=0.003|drop=0.40] [Grad Norms] Epoch [012] | relation_emb=0.000000e+00, relation_tau=0.000000e+00, relation_wq=0.000000e+00, relation_wk=0.000000e+00, personal_u=1.588744e-02, personal_v=1.380732e-02, personal_alpha_bias=0.000000e+00, personal_gate_emb=0.000000e+00, personal_gate_state_proj=9.298348e-12, personal_gate_context_proj=2.688154e-13, personal_gate_state_direct=7.068025e-04, personal_gate_id_direct=0.000000e+00, personal_gate_context_direct=9.152554e-06, personal_gate_out=2.177665e-07, personal_generator_emb=2.450516e-19, personal_generator_context_proj=7.404838e-18, personal_generator_context_hidden=5.199494e-15, personal_generator_context_to_u=2.985366e-11, personal_generator_context_to_v=2.174340e-11, personal_generator_state_row=2.927200e-11, personal_generator_state_col=2.132795e-11, personal_generator_id_row=7.314651e-12, personal_generator_id_col=5.327500e-12, personal_generator_state_adapter=2.292136e-16, personal_generator_id_adapter=1.392005e-21, personal_generator_context_adapter=3.715297e-17, personal_generator_direct_scale=2.143618e-05
2026-04-16 11:09:56,341 - INFO - [junyi|junyi_abce_ae_dominant_no_A|lr=0.003|drop=0.40] -> No improvement 1 epoch(s) (best AUC=0.8202 @ 11)
2026-04-16 11:13:04,411 - INFO - [junyi|junyi_abce_ae_dominant_no_A|lr=0.003|drop=0.40] Epoch [013/100] | Train: Loss=0.4838, BCE=0.4809, Reg=0.0028, AUC=0.8239, ACC=0.7730, RMSE=0.3968 | Val: Loss=0.4879, BCE=0.4851, Reg=0.0028, AUC=0.8206, ACC=0.7731, RMSE=0.3986
2026-04-16 11:13:04,411 - INFO - [junyi|junyi_abce_ae_dominant_no_A|lr=0.003|drop=0.40] [Reg Terms] Epoch [013] | Train: graph_entropy=0.000000, graph_diag=0.000000, graph_uniform=0.000000, graph_reg_scale=1.0000, prediction_l2=0.000000, personal_sparse=0.002835, alpha_var=-0.000024, alpha_collapse=0.000002, reg_bce_ratio=0.0058 | Val: graph_entropy=0.000000, graph_diag=0.000000, graph_uniform=0.000000, graph_reg_scale=1.0000, prediction_l2=0.000000, personal_sparse=0.002838, alpha_var=-0.000019, alpha_collapse=0.000008, reg_bce_ratio=0.0058
2026-04-16 11:13:04,603 - INFO - [junyi|junyi_abce_ae_dominant_no_A|lr=0.003|drop=0.40] [Diag][AE] Epoch [013] | irt_abs_mean=1.7887, irt_std=1.0005, personal_warmup_scale=1.00, graph_row_entropy=0.0000, graph_entropy_ratio=0.0000, alpha_mean=0.1793, alpha_std=0.0425, alpha_base_mean=0.1515, alpha_delta_absmean=0.0453, alpha_saturation_ratio=0.0000, alpha_bias_std=NA, alpha_state_path=0.8861, alpha_id_path=0.0000, alpha_bias_path=0.0000, head_bias_path=0.1645, personal_row_entropy=5.6930, personal_matrix_delta=0.0016, personal_matrix_student_std=0.0014, personal_delta_pre_softmax_norm=3.7984, personal_delta_student_std=3.3695, alpha_head_std=0.0075, query_row_graph_delta=0.0927, query_row_personal_delta=3.6737, neighbor_row_personal_delta=0.0000, personal_row_budget_mean=1.5000, personal_query_row_std=0.0529, readout_query_support_mass=0.0000, personal_student_mix=0.0500, personal_student_adapter=0.0400, local_row_ratio=0.0014, support_density=1.0000, readout_query_delta=0.0035, personal_bad_rows=0.00, personal_fallback_rows=0.00, personal_logits_absmax=11.0201
2026-04-16 11:13:04,603 - INFO - [junyi|junyi_abce_ae_dominant_no_A|lr=0.003|drop=0.40] [Diag][A] Epoch [013] | entropy_ratio=0.0000, diag_mass=1.0000, to_uniform_l2=0.037851, to_identity_l2=0.000000, relation_identity_delta=0.000000, knowledge_state_graph_delta=0.307264, knowledge_state_personal_delta=0.001107, share_concept_embeddings=True, tau_mean=0.0000, tau_std=0.0000, graph_reg_scale(train/val)=1.0000/1.0000
2026-04-16 11:13:04,604 - INFO - [junyi|junyi_abce_ae_dominant_no_A|lr=0.003|drop=0.40] [Grad Norms] Epoch [013] | relation_emb=0.000000e+00, relation_tau=0.000000e+00, relation_wq=0.000000e+00, relation_wk=0.000000e+00, personal_u=3.122393e-02, personal_v=1.641057e-02, personal_alpha_bias=0.000000e+00, personal_gate_emb=0.000000e+00, personal_gate_state_proj=3.469214e-11, personal_gate_context_proj=1.279324e-12, personal_gate_state_direct=1.343825e-03, personal_gate_id_direct=0.000000e+00, personal_gate_context_direct=6.252583e-05, personal_gate_out=1.265593e-06, personal_generator_emb=3.167937e-19, personal_generator_context_proj=4.250151e-18, personal_generator_context_hidden=5.521545e-15, personal_generator_context_to_u=2.830887e-11, personal_generator_context_to_v=2.392577e-11, personal_generator_state_row=2.538000e-11, personal_generator_state_col=2.145548e-11, personal_generator_id_row=6.342804e-12, personal_generator_id_col=5.360741e-12, personal_generator_state_adapter=5.073550e-18, personal_generator_id_adapter=4.336773e-21, personal_generator_context_adapter=4.795584e-16, personal_generator_direct_scale=1.149161e-04
2026-04-16 11:13:05,400 - INFO - [junyi|junyi_abce_ae_dominant_no_A|lr=0.003|drop=0.40] -> New best AUC=0.8206 at epoch 13
2026-04-16 11:16:13,541 - INFO - [junyi|junyi_abce_ae_dominant_no_A|lr=0.003|drop=0.40] Epoch [014/100] | Train: Loss=0.4836, BCE=0.4808, Reg=0.0028, AUC=0.8239, ACC=0.7728, RMSE=0.3968 | Val: Loss=0.4894, BCE=0.4866, Reg=0.0028, AUC=0.8194, ACC=0.7709, RMSE=0.3992
2026-04-16 11:16:13,541 - INFO - [junyi|junyi_abce_ae_dominant_no_A|lr=0.003|drop=0.40] [Reg Terms] Epoch [014] | Train: graph_entropy=0.000000, graph_diag=0.000000, graph_uniform=0.000000, graph_reg_scale=1.0000, prediction_l2=0.000000, personal_sparse=0.002837, alpha_var=-0.000024, alpha_collapse=0.000003, reg_bce_ratio=0.0059 | Val: graph_entropy=0.000000, graph_diag=0.000000, graph_uniform=0.000000, graph_reg_scale=1.0000, prediction_l2=0.000000, personal_sparse=0.002841, alpha_var=-0.000026, alpha_collapse=0.000000, reg_bce_ratio=0.0058
2026-04-16 11:16:13,706 - INFO - [junyi|junyi_abce_ae_dominant_no_A|lr=0.003|drop=0.40] [Diag][AE] Epoch [014] | irt_abs_mean=1.7346, irt_std=1.0149, personal_warmup_scale=1.00, graph_row_entropy=0.0000, graph_entropy_ratio=0.0000, alpha_mean=0.1603, alpha_std=0.0498, alpha_base_mean=0.1512, alpha_delta_absmean=0.0476, alpha_saturation_ratio=0.0000, alpha_bias_std=NA, alpha_state_path=0.9148, alpha_id_path=0.0000, alpha_bias_path=0.0000, head_bias_path=0.1602, personal_row_entropy=5.6849, personal_matrix_delta=0.0016, personal_matrix_student_std=0.0015, personal_delta_pre_softmax_norm=3.7762, personal_delta_student_std=3.4632, alpha_head_std=0.0047, query_row_graph_delta=0.0967, query_row_personal_delta=3.6400, neighbor_row_personal_delta=0.0000, personal_row_budget_mean=1.5000, personal_query_row_std=0.0389, readout_query_support_mass=0.0000, personal_student_mix=0.0502, personal_student_adapter=0.0400, local_row_ratio=0.0014, support_density=1.0000, readout_query_delta=0.0037, personal_bad_rows=0.00, personal_fallback_rows=0.00, personal_logits_absmax=11.0253
2026-04-16 11:16:13,707 - INFO - [junyi|junyi_abce_ae_dominant_no_A|lr=0.003|drop=0.40] [Diag][A] Epoch [014] | entropy_ratio=0.0000, diag_mass=1.0000, to_uniform_l2=0.037851, to_identity_l2=0.000000, relation_identity_delta=0.000000, knowledge_state_graph_delta=0.301651, knowledge_state_personal_delta=0.000979, share_concept_embeddings=True, tau_mean=0.0000, tau_std=0.0000, graph_reg_scale(train/val)=1.0000/1.0000
2026-04-16 11:16:13,707 - INFO - [junyi|junyi_abce_ae_dominant_no_A|lr=0.003|drop=0.40] [Grad Norms] Epoch [014] | relation_emb=0.000000e+00, relation_tau=0.000000e+00, relation_wq=0.000000e+00, relation_wk=0.000000e+00, personal_u=4.973067e-02, personal_v=1.632294e-02, personal_alpha_bias=0.000000e+00, personal_gate_emb=0.000000e+00, personal_gate_state_proj=1.357559e-10, personal_gate_context_proj=1.394870e-13, personal_gate_state_direct=2.458966e-03, personal_gate_id_direct=0.000000e+00, personal_gate_context_direct=3.197943e-06, personal_gate_out=5.638387e-08, personal_generator_emb=6.574519e-19, personal_generator_context_proj=6.074369e-18, personal_generator_context_hidden=6.439433e-15, personal_generator_context_to_u=3.780619e-11, personal_generator_context_to_v=1.144242e-11, personal_generator_state_row=4.533235e-11, personal_generator_state_col=1.372239e-11, personal_generator_id_row=1.132672e-11, personal_generator_id_col=3.428144e-12, personal_generator_state_adapter=8.733244e-16, personal_generator_id_adapter=6.262575e-22, personal_generator_context_adapter=9.381816e-16, personal_generator_direct_scale=1.781431e-06
2026-04-16 11:16:13,707 - INFO - [junyi|junyi_abce_ae_dominant_no_A|lr=0.003|drop=0.40] -> No improvement 1 epoch(s) (best AUC=0.8206 @ 13)
2026-04-16 11:19:14,928 - INFO - [junyi|junyi_abce_ae_dominant_no_A|lr=0.003|drop=0.40] Epoch [015/100] | Train: Loss=0.4836, BCE=0.4808, Reg=0.0028, AUC=0.8242, ACC=0.7722, RMSE=0.3969 | Val: Loss=0.4862, BCE=0.4834, Reg=0.0028, AUC=0.8199, ACC=0.7729, RMSE=0.3973
2026-04-16 11:19:14,928 - INFO - [junyi|junyi_abce_ae_dominant_no_A|lr=0.003|drop=0.40] [Reg Terms] Epoch [015] | Train: graph_entropy=0.000000, graph_diag=0.000000, graph_uniform=0.000000, graph_reg_scale=1.0000, prediction_l2=0.000000, personal_sparse=0.002845, alpha_var=-0.000026, alpha_collapse=0.000002, reg_bce_ratio=0.0059 | Val: graph_entropy=0.000000, graph_diag=0.000000, graph_uniform=0.000000, graph_reg_scale=1.0000, prediction_l2=0.000000, personal_sparse=0.002860, alpha_var=-0.000029, alpha_collapse=0.000000, reg_bce_ratio=0.0059
2026-04-16 11:19:15,092 - INFO - [junyi|junyi_abce_ae_dominant_no_A|lr=0.003|drop=0.40] [Diag][AE] Epoch [015] | irt_abs_mean=1.8072, irt_std=1.0997, personal_warmup_scale=1.00, graph_row_entropy=0.0000, graph_entropy_ratio=0.0000, alpha_mean=0.1556, alpha_std=0.0555, alpha_base_mean=0.1507, alpha_delta_absmean=0.0539, alpha_saturation_ratio=0.0000, alpha_bias_std=NA, alpha_state_path=1.0523, alpha_id_path=0.0000, alpha_bias_path=0.0000, head_bias_path=0.1526, personal_row_entropy=5.7263, personal_matrix_delta=0.0016, personal_matrix_student_std=0.0016, personal_delta_pre_softmax_norm=3.8105, personal_delta_student_std=3.6868, alpha_head_std=0.0022, query_row_graph_delta=0.0988, query_row_personal_delta=3.6884, neighbor_row_personal_delta=0.0000, personal_row_budget_mean=1.5000, personal_query_row_std=0.0432, readout_query_support_mass=0.0000, personal_student_mix=0.0501, personal_student_adapter=0.0400, local_row_ratio=0.0014, support_density=1.0000, readout_query_delta=0.0037, personal_bad_rows=0.00, personal_fallback_rows=0.00, personal_logits_absmax=11.0549
2026-04-16 11:19:15,093 - INFO - [junyi|junyi_abce_ae_dominant_no_A|lr=0.003|drop=0.40] [Diag][A] Epoch [015] | entropy_ratio=0.0000, diag_mass=1.0000, to_uniform_l2=0.037851, to_identity_l2=0.000000, relation_identity_delta=0.000000, knowledge_state_graph_delta=0.301086, knowledge_state_personal_delta=0.001129, share_concept_embeddings=True, tau_mean=0.0000, tau_std=0.0000, graph_reg_scale(train/val)=1.0000/1.0000
2026-04-16 11:19:15,093 - INFO - [junyi|junyi_abce_ae_dominant_no_A|lr=0.003|drop=0.40] [Grad Norms] Epoch [015] | relation_emb=0.000000e+00, relation_tau=0.000000e+00, relation_wq=0.000000e+00, relation_wk=0.000000e+00, personal_u=5.787154e-02, personal_v=2.234672e-02, personal_alpha_bias=0.000000e+00, personal_gate_emb=0.000000e+00, personal_gate_state_proj=1.713769e-10, personal_gate_context_proj=1.910271e-12, personal_gate_state_direct=2.922389e-03, personal_gate_id_direct=0.000000e+00, personal_gate_context_direct=4.000829e-05, personal_gate_out=4.345335e-07, personal_generator_emb=2.935546e-19, personal_generator_context_proj=3.852903e-18, personal_generator_context_hidden=3.314009e-15, personal_generator_context_to_u=1.962224e-11, personal_generator_context_to_v=1.130799e-11, personal_generator_state_row=2.077322e-11, personal_generator_state_col=1.195606e-11, personal_generator_id_row=5.189870e-12, personal_generator_id_col=2.990841e-12, personal_generator_state_adapter=2.525724e-16, personal_generator_id_adapter=3.443231e-21, personal_generator_context_adapter=2.459039e-16, personal_generator_direct_scale=1.672559e-05
2026-04-16 11:19:15,093 - INFO - [junyi|junyi_abce_ae_dominant_no_A|lr=0.003|drop=0.40] -> No improvement 2 epoch(s) (best AUC=0.8206 @ 13)
2026-04-16 11:22:22,953 - INFO - [junyi|junyi_abce_ae_dominant_no_A|lr=0.003|drop=0.40] Epoch [016/100] | Train: Loss=0.4715, BCE=0.4687, Reg=0.0028, AUC=0.8341, ACC=0.7800, RMSE=0.3908 | Val: Loss=0.4869, BCE=0.4840, Reg=0.0028, AUC=0.8225, ACC=0.7725, RMSE=0.3978
2026-04-16 11:22:22,954 - INFO - [junyi|junyi_abce_ae_dominant_no_A|lr=0.003|drop=0.40] [Reg Terms] Epoch [016] | Train: graph_entropy=0.000000, graph_diag=0.000000, graph_uniform=0.000000, graph_reg_scale=1.0000, prediction_l2=0.000000, personal_sparse=0.002849, alpha_var=-0.000026, alpha_collapse=0.000001, reg_bce_ratio=0.0060 | Val: graph_entropy=0.000000, graph_diag=0.000000, graph_uniform=0.000000, graph_reg_scale=1.0000, prediction_l2=0.000000, personal_sparse=0.002853, alpha_var=-0.000022, alpha_collapse=0.000000, reg_bce_ratio=0.0058
2026-04-16 11:22:23,112 - INFO - [junyi|junyi_abce_ae_dominant_no_A|lr=0.003|drop=0.40] [Diag][AE] Epoch [016] | irt_abs_mean=1.8128, irt_std=1.0612, personal_warmup_scale=1.00, graph_row_entropy=0.0000, graph_entropy_ratio=0.0000, alpha_mean=0.1538, alpha_std=0.0469, alpha_base_mean=0.1510, alpha_delta_absmean=0.0431, alpha_saturation_ratio=0.0000, alpha_bias_std=NA, alpha_state_path=0.8194, alpha_id_path=0.0000, alpha_bias_path=0.0000, head_bias_path=0.1570, personal_row_entropy=5.7098, personal_matrix_delta=0.0016, personal_matrix_student_std=0.0016, personal_delta_pre_softmax_norm=3.8132, personal_delta_student_std=3.6525, alpha_head_std=0.0021, query_row_graph_delta=0.0992, query_row_personal_delta=3.6882, neighbor_row_personal_delta=0.0000, personal_row_budget_mean=1.5000, personal_query_row_std=0.0501, readout_query_support_mass=0.0000, personal_student_mix=0.0501, personal_student_adapter=0.0400, local_row_ratio=0.0014, support_density=1.0000, readout_query_delta=0.0038, personal_bad_rows=0.00, personal_fallback_rows=0.00, personal_logits_absmax=11.0074
2026-04-16 11:22:23,112 - INFO - [junyi|junyi_abce_ae_dominant_no_A|lr=0.003|drop=0.40] [Diag][A] Epoch [016] | entropy_ratio=0.0000, diag_mass=1.0000, to_uniform_l2=0.037851, to_identity_l2=0.000000, relation_identity_delta=0.000000, knowledge_state_graph_delta=0.309661, knowledge_state_personal_delta=0.001190, share_concept_embeddings=True, tau_mean=0.0000, tau_std=0.0000, graph_reg_scale(train/val)=1.0000/1.0000
2026-04-16 11:22:23,112 - INFO - [junyi|junyi_abce_ae_dominant_no_A|lr=0.003|drop=0.40] [Grad Norms] Epoch [016] | relation_emb=0.000000e+00, relation_tau=0.000000e+00, relation_wq=0.000000e+00, relation_wk=0.000000e+00, personal_u=3.393399e-02, personal_v=2.692261e-02, personal_alpha_bias=0.000000e+00, personal_gate_emb=0.000000e+00, personal_gate_state_proj=9.144423e-12, personal_gate_context_proj=4.683435e-14, personal_gate_state_direct=1.433553e-03, personal_gate_id_direct=0.000000e+00, personal_gate_context_direct=7.151898e-06, personal_gate_out=2.433438e-07, personal_generator_emb=6.012778e-22, personal_generator_context_proj=0.000000e+00, personal_generator_context_hidden=1.637475e-16, personal_generator_context_to_u=3.916000e-12, personal_generator_context_to_v=3.260671e-12, personal_generator_state_row=3.003691e-12, personal_generator_state_col=2.501250e-12, personal_generator_id_row=7.507924e-13, personal_generator_id_col=6.251500e-13, personal_generator_state_adapter=7.069800e-19, personal_generator_id_adapter=6.879167e-24, personal_generator_context_adapter=1.237902e-17, personal_generator_direct_scale=2.161566e-05
2026-04-16 11:22:23,813 - INFO - [junyi|junyi_abce_ae_dominant_no_A|lr=0.003|drop=0.40] -> New best AUC=0.8225 at epoch 16
2026-04-16 11:25:34,484 - INFO - [junyi|junyi_abce_ae_dominant_no_A|lr=0.003|drop=0.40] Epoch [017/100] | Train: Loss=0.4685, BCE=0.4657, Reg=0.0028, AUC=0.8366, ACC=0.7823, RMSE=0.3892 | Val: Loss=0.4875, BCE=0.4847, Reg=0.0028, AUC=0.8224, ACC=0.7706, RMSE=0.3983
2026-04-16 11:25:34,484 - INFO - [junyi|junyi_abce_ae_dominant_no_A|lr=0.003|drop=0.40] [Reg Terms] Epoch [017] | Train: graph_entropy=0.000000, graph_diag=0.000000, graph_uniform=0.000000, graph_reg_scale=1.0000, prediction_l2=0.000000, personal_sparse=0.002845, alpha_var=-0.000025, alpha_collapse=0.000000, reg_bce_ratio=0.0061 | Val: graph_entropy=0.000000, graph_diag=0.000000, graph_uniform=0.000000, graph_reg_scale=1.0000, prediction_l2=0.000000, personal_sparse=0.002856, alpha_var=-0.000023, alpha_collapse=0.000000, reg_bce_ratio=0.0058
2026-04-16 11:25:34,673 - INFO - [junyi|junyi_abce_ae_dominant_no_A|lr=0.003|drop=0.40] [Diag][AE] Epoch [017] | irt_abs_mean=1.6854, irt_std=1.0758, personal_warmup_scale=1.00, graph_row_entropy=0.0000, graph_entropy_ratio=0.0000, alpha_mean=0.1633, alpha_std=0.0475, alpha_base_mean=0.1515, alpha_delta_absmean=0.0448, alpha_saturation_ratio=0.0000, alpha_bias_std=NA, alpha_state_path=0.8618, alpha_id_path=0.0000, alpha_bias_path=0.0000, head_bias_path=0.1653, personal_row_entropy=5.7249, personal_matrix_delta=0.0016, personal_matrix_student_std=0.0015, personal_delta_pre_softmax_norm=3.8120, personal_delta_student_std=3.6106, alpha_head_std=0.0032, query_row_graph_delta=0.1030, query_row_personal_delta=3.6898, neighbor_row_personal_delta=0.0000, personal_row_budget_mean=1.5000, personal_query_row_std=0.0667, readout_query_support_mass=0.0000, personal_student_mix=0.0500, personal_student_adapter=0.0400, local_row_ratio=0.0014, support_density=1.0000, readout_query_delta=0.0039, personal_bad_rows=0.00, personal_fallback_rows=0.00, personal_logits_absmax=11.0618
2026-04-16 11:25:34,674 - INFO - [junyi|junyi_abce_ae_dominant_no_A|lr=0.003|drop=0.40] [Diag][A] Epoch [017] | entropy_ratio=0.0000, diag_mass=1.0000, to_uniform_l2=0.037851, to_identity_l2=0.000000, relation_identity_delta=0.000000, knowledge_state_graph_delta=0.320035, knowledge_state_personal_delta=0.001275, share_concept_embeddings=True, tau_mean=0.0000, tau_std=0.0000, graph_reg_scale(train/val)=1.0000/1.0000
2026-04-16 11:25:34,674 - INFO - [junyi|junyi_abce_ae_dominant_no_A|lr=0.003|drop=0.40] [Grad Norms] Epoch [017] | relation_emb=0.000000e+00, relation_tau=0.000000e+00, relation_wq=0.000000e+00, relation_wk=0.000000e+00, personal_u=5.946830e-02, personal_v=2.806528e-02, personal_alpha_bias=0.000000e+00, personal_gate_emb=0.000000e+00, personal_gate_state_proj=2.560641e-11, personal_gate_context_proj=5.646410e-14, personal_gate_state_direct=3.019474e-03, personal_gate_id_direct=0.000000e+00, personal_gate_context_direct=7.936766e-06, personal_gate_out=1.653723e-07, personal_generator_emb=1.457425e-20, personal_generator_context_proj=6.363214e-20, personal_generator_context_hidden=1.167673e-16, personal_generator_context_to_u=4.855424e-12, personal_generator_context_to_v=2.422440e-12, personal_generator_state_row=6.349036e-12, personal_generator_state_col=3.166810e-12, personal_generator_id_row=1.587512e-12, personal_generator_id_col=7.920322e-13, personal_generator_state_adapter=1.778691e-17, personal_generator_id_adapter=7.331890e-23, personal_generator_context_adapter=1.995265e-17, personal_generator_direct_scale=3.734939e-05
2026-04-16 11:25:34,674 - INFO - [junyi|junyi_abce_ae_dominant_no_A|lr=0.003|drop=0.40] -> No improvement 1 epoch(s) (best AUC=0.8225 @ 16)
2026-04-16 11:28:42,390 - INFO - [junyi|junyi_abce_ae_dominant_no_A|lr=0.003|drop=0.40] Epoch [018/100] | Train: Loss=0.4669, BCE=0.4641, Reg=0.0028, AUC=0.8379, ACC=0.7829, RMSE=0.3884 | Val: Loss=0.4877, BCE=0.4849, Reg=0.0028, AUC=0.8206, ACC=0.7719, RMSE=0.3981
2026-04-16 11:28:42,391 - INFO - [junyi|junyi_abce_ae_dominant_no_A|lr=0.003|drop=0.40] [Reg Terms] Epoch [018] | Train: graph_entropy=0.000000, graph_diag=0.000000, graph_uniform=0.000000, graph_reg_scale=1.0000, prediction_l2=0.000000, personal_sparse=0.002838, alpha_var=-0.000027, alpha_collapse=0.000001, reg_bce_ratio=0.0061 | Val: graph_entropy=0.000000, graph_diag=0.000000, graph_uniform=0.000000, graph_reg_scale=1.0000, prediction_l2=0.000000, personal_sparse=0.002859, alpha_var=-0.000027, alpha_collapse=0.000000, reg_bce_ratio=0.0058
2026-04-16 11:28:42,592 - INFO - [junyi|junyi_abce_ae_dominant_no_A|lr=0.003|drop=0.40] [Diag][AE] Epoch [018] | irt_abs_mean=1.6994, irt_std=1.0690, personal_warmup_scale=1.00, graph_row_entropy=0.0000, graph_entropy_ratio=0.0000, alpha_mean=0.1668, alpha_std=0.0504, alpha_base_mean=0.1522, alpha_delta_absmean=0.0486, alpha_saturation_ratio=0.0000, alpha_bias_std=NA, alpha_state_path=0.9556, alpha_id_path=0.0000, alpha_bias_path=0.0000, head_bias_path=0.1744, personal_row_entropy=5.7331, personal_matrix_delta=0.0016, personal_matrix_student_std=0.0015, personal_delta_pre_softmax_norm=3.8200, personal_delta_student_std=3.5482, alpha_head_std=0.0016, query_row_graph_delta=0.1038, query_row_personal_delta=3.7017, neighbor_row_personal_delta=0.0000, personal_row_budget_mean=1.5000, personal_query_row_std=0.0803, readout_query_support_mass=0.0000, personal_student_mix=0.0502, personal_student_adapter=0.0400, local_row_ratio=0.0014, support_density=1.0000, readout_query_delta=0.0039, personal_bad_rows=0.00, personal_fallback_rows=0.00, personal_logits_absmax=11.0841
2026-04-16 11:28:42,592 - INFO - [junyi|junyi_abce_ae_dominant_no_A|lr=0.003|drop=0.40] [Diag][A] Epoch [018] | entropy_ratio=0.0000, diag_mass=1.0000, to_uniform_l2=0.037851, to_identity_l2=0.000000, relation_identity_delta=0.000000, knowledge_state_graph_delta=0.330754, knowledge_state_personal_delta=0.001498, share_concept_embeddings=True, tau_mean=0.0000, tau_std=0.0000, graph_reg_scale(train/val)=1.0000/1.0000
2026-04-16 11:28:42,592 - INFO - [junyi|junyi_abce_ae_dominant_no_A|lr=0.003|drop=0.40] [Grad Norms] Epoch [018] | relation_emb=0.000000e+00, relation_tau=0.000000e+00, relation_wq=0.000000e+00, relation_wk=0.000000e+00, personal_u=4.332351e-02, personal_v=2.328303e-02, personal_alpha_bias=0.000000e+00, personal_gate_emb=0.000000e+00, personal_gate_state_proj=1.453393e-11, personal_gate_context_proj=1.758790e-13, personal_gate_state_direct=2.691923e-03, personal_gate_id_direct=0.000000e+00, personal_gate_context_direct=3.211958e-05, personal_gate_out=1.050334e-07, personal_generator_emb=4.526874e-21, personal_generator_context_proj=2.971383e-20, personal_generator_context_hidden=1.619281e-16, personal_generator_context_to_u=6.681634e-12, personal_generator_context_to_v=3.957963e-12, personal_generator_state_row=3.137575e-12, personal_generator_state_col=1.858516e-12, personal_generator_id_row=7.844597e-13, personal_generator_id_col=4.646861e-13, personal_generator_state_adapter=1.101228e-17, personal_generator_id_adapter=3.439015e-23, personal_generator_context_adapter=5.822586e-18, personal_generator_direct_scale=4.146168e-05
2026-04-16 11:28:42,592 - INFO - [junyi|junyi_abce_ae_dominant_no_A|lr=0.003|drop=0.40] -> No improvement 2 epoch(s) (best AUC=0.8225 @ 16)
2026-04-16 11:31:53,047 - INFO - [junyi|junyi_abce_ae_dominant_no_A|lr=0.003|drop=0.40] Epoch [019/100] | Train: Loss=0.4536, BCE=0.4508, Reg=0.0028, AUC=0.8485, ACC=0.7915, RMSE=0.3817 | Val: Loss=0.4939, BCE=0.4911, Reg=0.0028, AUC=0.8203, ACC=0.7703, RMSE=0.4009
2026-04-16 11:31:53,047 - INFO - [junyi|junyi_abce_ae_dominant_no_A|lr=0.003|drop=0.40] [Reg Terms] Epoch [019] | Train: graph_entropy=0.000000, graph_diag=0.000000, graph_uniform=0.000000, graph_reg_scale=1.0000, prediction_l2=0.000000, personal_sparse=0.002836, alpha_var=-0.000026, alpha_collapse=0.000002, reg_bce_ratio=0.0062 | Val: graph_entropy=0.000000, graph_diag=0.000000, graph_uniform=0.000000, graph_reg_scale=1.0000, prediction_l2=0.000000, personal_sparse=0.002849, alpha_var=-0.000030, alpha_collapse=0.000000, reg_bce_ratio=0.0057
2026-04-16 11:31:53,237 - INFO - [junyi|junyi_abce_ae_dominant_no_A|lr=0.003|drop=0.40] [Diag][AE] Epoch [019] | irt_abs_mean=1.7517, irt_std=1.0555, personal_warmup_scale=1.00, graph_row_entropy=0.0000, graph_entropy_ratio=0.0000, alpha_mean=0.1791, alpha_std=0.0556, alpha_base_mean=0.1528, alpha_delta_absmean=0.0587, alpha_saturation_ratio=0.0000, alpha_bias_std=NA, alpha_state_path=1.2083, alpha_id_path=0.0000, alpha_bias_path=0.0000, head_bias_path=0.1832, personal_row_entropy=5.7194, personal_matrix_delta=0.0016, personal_matrix_student_std=0.0015, personal_delta_pre_softmax_norm=3.8016, personal_delta_student_std=3.5021, alpha_head_std=0.0017, query_row_graph_delta=0.1080, query_row_personal_delta=3.6791, neighbor_row_personal_delta=0.0000, personal_row_budget_mean=1.5000, personal_query_row_std=0.1314, readout_query_support_mass=0.0000, personal_student_mix=0.0502, personal_student_adapter=0.0400, local_row_ratio=0.0014, support_density=1.0000, readout_query_delta=0.0041, personal_bad_rows=0.00, personal_fallback_rows=0.00, personal_logits_absmax=11.0871
2026-04-16 11:31:53,238 - INFO - [junyi|junyi_abce_ae_dominant_no_A|lr=0.003|drop=0.40] [Diag][A] Epoch [019] | entropy_ratio=0.0000, diag_mass=1.0000, to_uniform_l2=0.037851, to_identity_l2=0.000000, relation_identity_delta=0.000000, knowledge_state_graph_delta=0.344337, knowledge_state_personal_delta=0.001373, share_concept_embeddings=True, tau_mean=0.0000, tau_std=0.0000, graph_reg_scale(train/val)=1.0000/1.0000
2026-04-16 11:31:53,238 - INFO - [junyi|junyi_abce_ae_dominant_no_A|lr=0.003|drop=0.40] [Grad Norms] Epoch [019] | relation_emb=0.000000e+00, relation_tau=0.000000e+00, relation_wq=0.000000e+00, relation_wk=0.000000e+00, personal_u=1.550946e-01, personal_v=5.601785e-02, personal_alpha_bias=0.000000e+00, personal_gate_emb=0.000000e+00, personal_gate_state_proj=0.000000e+00, personal_gate_context_proj=0.000000e+00, personal_gate_state_direct=2.633310e-03, personal_gate_id_direct=0.000000e+00, personal_gate_context_direct=2.830957e-06, personal_gate_out=8.626954e-08, personal_generator_emb=0.000000e+00, personal_generator_context_proj=0.000000e+00, personal_generator_context_hidden=0.000000e+00, personal_generator_context_to_u=0.000000e+00, personal_generator_context_to_v=0.000000e+00, personal_generator_state_row=0.000000e+00, personal_generator_state_col=0.000000e+00, personal_generator_id_row=0.000000e+00, personal_generator_id_col=0.000000e+00, personal_generator_state_adapter=0.000000e+00, personal_generator_id_adapter=0.000000e+00, personal_generator_context_adapter=0.000000e+00, personal_generator_direct_scale=4.627875e-05
2026-04-16 11:31:53,238 - INFO - [junyi|junyi_abce_ae_dominant_no_A|lr=0.003|drop=0.40] -> No improvement 3 epoch(s) (best AUC=0.8225 @ 16)
2026-04-16 11:31:53,238 - INFO - [junyi|junyi_abce_ae_dominant_no_A|lr=0.003|drop=0.40] Early stopping at epoch 19 (best AUC=0.8225 @ 16)
2026-04-16 11:31:53,247 - INFO - Epoch-wise metrics saved to checkpoints/abce_diag/remote_sparse_local_20260416_d3a8de0/junyi/seed42/ae_dominant_no_A/metrics_history.csv
2026-04-16 11:31:53,250 - INFO - [junyi|junyi_abce_ae_dominant_no_A|lr=0.003|drop=0.40] Training completed! Best Val AUC=0.8225 @ epoch 16
2026-04-16 11:31:53,591 - INFO - 
============================================================
         MODULE ACTIVITY REPORT
============================================================
Dataset: junyi | Seed: 42 | Epoch: 19

1. Concept Graph Module (A):
   - Status: DISABLED (use_concept_graph=False or no_A)

2. Personal Graph Module (E):
   - Alpha mean: 0.179
   - Alpha std: 0.055
   - Alpha bias std: 0.000
   - Personal/global delta: 0.0016
   - Inter-student matrix std: 0.0015
   - Status: INACTIVE (personal graph barely deviates from global graph)
   -> Consider: strengthen personal delta or alpha anti-collapse regularization

------------------------------------------------------------
SUMMARY:
   Inactive modules: Personal Graph (E)
============================================================
2026-04-16 11:31:53,592 - INFO - [junyi|junyi_abce_ae_dominant_no_A|lr=0.003|drop=0.40] Module activity saved to checkpoints/abce_diag/remote_sparse_local_20260416_d3a8de0/junyi/seed42/ae_dominant_no_A/module_activity.json
2026-04-16 11:31:53,642 - INFO - Using device: cuda:0 (physical gpu 2)
2026-04-16 11:31:53,642 - INFO - Loading model from checkpoints/abce_diag/remote_sparse_local_20260416_d3a8de0/junyi/seed42/ae_dominant_no_A/best_model.pth...
2026-04-16 11:31:53,727 - INFO - [Inference Filter] before=67063, after=60494, dropped=6569, coverage=90.20% (train-only seen student/item support)
2026-04-16 11:31:53,738 - INFO - Inference switches: ablate_module1=False | enable_module1=True | use_concept_graph=False | effective(num_gnn_layers=2)
2026-04-16 11:31:53,808 - INFO - [Inference] Ablation runtime check: args(ablate_module1=False) | expect(use_concept_graph=False,use_personal_graph=True) | model(enable_module1=True,use_concept_graph=False,use_personal_graph=True) | physical(has_knowledge_encoder=True,has_relation_learning=False,has_adaptive_gate=True,has_personal_generator=True)
2026-04-16 11:31:53,808 - INFO - [Inference] [Graph Init] graph_tau_mean=0.0000, graph_tau_std=0.0000, graph_dropout=0.000, use_personal_graph=True
2026-04-16 11:31:53,809 - INFO - Model loaded from epoch 16. Start testing...
2026-04-16 11:31:57,441 - INFO - [Test] 200/946 batches done, samples=12800
2026-04-16 11:32:01,413 - INFO - [Test] 400/946 batches done, samples=25600
2026-04-16 11:32:04,760 - INFO - [Test] 600/946 batches done, samples=38400
2026-04-16 11:32:08,088 - INFO - [Test] 800/946 batches done, samples=51200
2026-04-16 11:32:10,844 - INFO - 
==================================================
2026-04-16 11:32:10,844 - INFO - Test Results:
2026-04-16 11:32:10,844 - INFO - AUC: 0.8271
2026-04-16 11:32:10,844 - INFO - ACC: 0.7672
2026-04-16 11:32:10,844 - INFO - RMSE: 0.4016
2026-04-16 11:32:10,844 - INFO - ==================================================
2026-04-16 11:32:10,855 - INFO - Summary appended to /home/zsh/ConceptSkillCDM/results/experiment_results.csv
2026-04-16 11:32:10,858 - INFO - Run completed.
2026-04-16 11:32:10,858 - INFO - Best validation AUC: 0.8225 at epoch 16
2026-04-16 11:32:10,858 - INFO - Test metrics - AUC: 0.8271, ACC: 0.7672, RMSE: 0.4016
