2026-04-17 05:41:03,857 - INFO - Arguments:
2026-04-17 05:41:03,858 - INFO -   ablate_concept_graph: False
2026-04-17 05:41:03,858 - INFO -   ablate_module1: False
2026-04-17 05:41:03,858 - INFO -   allow_self_loop: True
2026-04-17 05:41:03,858 - INFO -   alpha_min_target: 0.0
2026-04-17 05:41:03,858 - INFO -   batch_size: 128
2026-04-17 05:41:03,858 - INFO -   data_dir: ./data/assist_09
2026-04-17 05:41:03,858 - INFO -   dataset_name: assist_09
2026-04-17 05:41:03,858 - INFO -   debug_graph_diag: True
2026-04-17 05:41:03,858 - INFO -   diag_batches: 1
2026-04-17 05:41:03,858 - INFO -   disable_self_loop: False
2026-04-17 05:41:03,858 - INFO -   dropout: 0.2
2026-04-17 05:41:03,858 - INFO -   early_stop_patience: 3
2026-04-17 05:41:03,858 - INFO -   enable_module1: True
2026-04-17 05:41:03,858 - INFO -   epochs: 100
2026-04-17 05:41:03,858 - INFO -   generate_diagnosis: False
2026-04-17 05:41:03,858 - INFO -   gnn_residual_weight: 0.5
2026-04-17 05:41:03,858 - INFO -   gpu_candidates: None
2026-04-17 05:41:03,858 - INFO -   gpu_ids: None
2026-04-17 05:41:03,858 - INFO -   gpu_memory_threshold: 2000
2026-04-17 05:41:03,858 - INFO -   gpus: None
2026-04-17 05:41:03,858 - INFO -   graph_dropout: 0.0
2026-04-17 05:41:03,858 - INFO -   graph_entropy_max: 0.75
2026-04-17 05:41:03,858 - INFO -   graph_entropy_min: 0.25
2026-04-17 05:41:03,858 - INFO -   graph_identity_residual: 0.05
2026-04-17 05:41:03,858 - INFO -   graph_propagation_alpha: 0.24
2026-04-17 05:41:03,858 - INFO -   graph_query_readout_2hop_scale: 0.24
2026-04-17 05:41:03,859 - INFO -   graph_query_readout_scale: 0.7
2026-04-17 05:41:03,859 - INFO -   graph_query_writeback_2hop_scale: 0.24
2026-04-17 05:41:03,859 - INFO -   graph_query_writeback_scale: 0.7
2026-04-17 05:41:03,859 - INFO -   graph_readout_1hop_scale: 0.7
2026-04-17 05:41:03,859 - INFO -   graph_readout_2hop_scale: 0.24
2026-04-17 05:41:03,859 - INFO -   graph_reg_cap_ratio: 6.0
2026-04-17 05:41:03,859 - INFO -   graph_reg_warmup_epochs: 4
2026-04-17 05:41:03,859 - INFO -   graph_tau_init: 0.55
2026-04-17 05:41:03,859 - INFO -   graph_topk: 12
2026-04-17 05:41:03,859 - INFO -   graph_uniform_margin: 0.1
2026-04-17 05:41:03,859 - INFO -   knowledge_dim: 64
2026-04-17 05:41:03,859 - INFO -   lambda_alpha: 0.0
2026-04-17 05:41:03,859 - INFO -   lambda_alpha_min: 0.0
2026-04-17 05:41:03,859 - INFO -   lambda_graph_diag: 0.1
2026-04-17 05:41:03,859 - INFO -   lambda_graph_uniform: 0.04
2026-04-17 05:41:03,859 - INFO -   lambda_personal_kl: 0.02
2026-04-17 05:41:03,859 - INFO -   lambda_personal_query_residual: 0.05
2026-04-17 05:41:03,859 - INFO -   lambda_sparse: 0.8
2026-04-17 05:41:03,859 - INFO -   lambda_sparse_personal: 0.0
2026-04-17 05:41:03,859 - INFO -   learning_rate: 0.0003
2026-04-17 05:41:03,859 - INFO -   log_dir: logs/abce_diag/20260417_051529/assist_09/seed42/best_no_E
2026-04-17 05:41:03,859 - INFO -   max_test_batches: None
2026-04-17 05:41:03,859 - INFO -   max_train_batches: None
2026-04-17 05:41:03,859 - INFO -   max_val_batches: None
2026-04-17 05:41:03,859 - INFO -   min_exer_interactions: 0
2026-04-17 05:41:03,859 - INFO -   min_poison_count: 0
2026-04-17 05:41:03,859 - INFO -   min_stu_interactions: 15
2026-04-17 05:41:03,859 - INFO -   model_variant: assist_09_abce_best_no_E
2026-04-17 05:41:03,859 - INFO -   multi_gpu: False
2026-04-17 05:41:03,859 - INFO -   no_cuda: False
2026-04-17 05:41:03,859 - INFO -   num_gnn_layers: 2
2026-04-17 05:41:03,859 - INFO -   num_gpus: 1
2026-04-17 05:41:03,859 - INFO -   num_relation_heads: 2
2026-04-17 05:41:03,859 - INFO -   num_workers: 4
2026-04-17 05:41:03,859 - INFO -   patience: 5
2026-04-17 05:41:03,859 - INFO -   personal_alpha_base_init: 0.05
2026-04-17 05:41:03,859 - INFO -   personal_alpha_bias_scale: 0.0
2026-04-17 05:41:03,859 - INFO -   personal_alpha_budget: 0.1
2026-04-17 05:41:03,859 - INFO -   personal_alpha_temperature: 2.2
2026-04-17 05:41:03,859 - INFO -   personal_delta_scale: 4.0
2026-04-17 05:41:03,859 - INFO -   personal_disable_student_global_context: True
2026-04-17 05:41:03,859 - INFO -   personal_id_lr_mult: 0.5
2026-04-17 05:41:03,859 - INFO -   personal_include_neighbor_rows: False
2026-04-17 05:41:03,859 - INFO -   personal_local_hops: 1
2026-04-17 05:41:03,859 - INFO -   personal_max_alpha: 0.28
2026-04-17 05:41:03,859 - INFO -   personal_neighbor_row_budget: 0.35
2026-04-17 05:41:03,859 - INFO -   personal_query_correction_scale: 0.1
2026-04-17 05:41:03,859 - INFO -   personal_query_residual_margin: 0.08
2026-04-17 05:41:03,860 - INFO -   personal_query_row_budget: 1.0
2026-04-17 05:41:03,860 - INFO -   personal_rank: 8
2026-04-17 05:41:03,860 - INFO -   personal_reg_warmup_epochs: 8
2026-04-17 05:41:03,860 - INFO -   personal_state_lr_mult: 1.0
2026-04-17 05:41:03,860 - INFO -   personal_student_dim: 32
2026-04-17 05:41:03,860 - INFO -   personal_support_only: True
2026-04-17 05:41:03,860 - INFO -   personal_warmup_epochs: 8
2026-04-17 05:41:03,860 - INFO -   prediction_l2_lambda: 1e-05
2026-04-17 05:41:03,860 - INFO -   save_dir: checkpoints/abce_diag/20260417_051529/assist_09/seed42/best_no_E
2026-04-17 05:41:03,860 - INFO -   save_interval: 10
2026-04-17 05:41:03,860 - INFO -   seed: 42
2026-04-17 05:41:03,860 - INFO -   share_concept_embeddings: True
2026-04-17 05:41:03,860 - INFO -   use_concept_graph: True
2026-04-17 05:41:03,860 - INFO -   use_exercise_graph: True
2026-04-17 05:41:03,860 - INFO -   use_personal_graph: False
2026-04-17 05:41:03,860 - INFO -   weight_decay: 1e-05
2026-04-17 05:41:03,945 - INFO - Using device: cuda:0 (physical gpu 2)
2026-04-17 05:41:03,945 - INFO - [assist_09|assist_09_abce_best_no_E|lr=0.0003|drop=0.20] Loading datasets...
2026-04-17 05:41:03,945 - INFO - [assist_09|assist_09_abce_best_no_E|lr=0.0003|drop=0.20] Regularization: graph_entropy(lambda_sparse)=0.800000, graph_diag=0.100000, graph_uniform=0.040000, personal_sparse=0.000000, personal_kl=0.020000, personal_query_residual=0.050000, alpha_penalty=0.000000, alpha_min=0.000000, prediction_l2=0.000010
2026-04-17 05:41:03,945 - INFO - [assist_09|assist_09_abce_best_no_E|lr=0.0003|drop=0.20] Graph controls: entropy_band=[0.25, 0.75], uniform_margin=0.10, warmup_epochs=4, cap_ratio=6.00, graph_dropout=0.000, graph_tau_init=0.550
2026-04-17 05:41:03,945 - INFO - [assist_09|assist_09_abce_best_no_E|lr=0.0003|drop=0.20] Personal controls: personal_max_alpha=0.280, personal_delta_scale=4.000, personal_warmup_epochs=8, personal_student_dim=32, alpha_min_target=0.0000, personal_local_hops=1, include_neighbor_rows=False, personal_support_only=True, personal_alpha_temperature=2.200, personal_alpha_budget=0.100, personal_query_row_budget=1.000, personal_neighbor_row_budget=0.350, personal_query_correction_scale=0.100, personal_state_lr_mult=1.000, personal_id_lr_mult=0.500, graph_propagation_alpha=0.240, graph_query_readout_scale=0.700, graph_query_readout_2hop_scale=0.240
2026-04-17 05:41:04,041 - INFO - [assist_09] [数据清洗] 学生交互次数 < 15 次的学生：共移除 313 个学生（仅统计用户数）
2026-04-17 05:41:04,055 - INFO - [assist_09] [数据清洗] 学生冷启动过滤：在 train/valid/test 中共删除 5118 条记录。
2026-04-17 05:41:04,055 - INFO - [assist_09] [数据清洗] 跳过题目冷门过滤（min_exer_interactions <= 0）。
2026-04-17 05:41:04,055 - INFO - [assist_09] [数据清洗] 跳过毒题清洗（min_poison_count <= 0）。
2026-04-17 05:41:04,055 - INFO - [assist_09] 正在构建ID映射...
2026-04-17 05:41:04,297 - INFO - [assist_09] 正在构建Q矩阵...
2026-04-17 05:41:11,955 - INFO - [assist_09] [数据清洗] Valid train-seen 过滤：before=20072, after=19875, dropped=197, coverage=99.02%
2026-04-17 05:41:11,970 - INFO - [assist_09] [数据清洗] Test train-seen 过滤：before=51610, after=51090, dropped=520, coverage=98.99%
2026-04-17 05:41:11,971 - INFO - [assist_09] [统计] 开始统计清洗后每道题的概念数量分布...
2026-04-17 05:41:11,986 - INFO - [assist_09] [Train] 概念数统计：题目数=17057, 平均概念数=1.1995, min=1, max=4, 1概念=14129 (82.83%), ≥2概念=2928 (17.17%)
2026-04-17 05:41:11,986 - INFO - [assist_09] [Train] 概念数直方图（概念数: 题目数量）: {1: 14129, 2: 2533, 3: 315, 4: 80}
2026-04-17 05:41:11,991 - INFO - [assist_09] [Valid] 概念数统计：题目数=9034, 平均概念数=1.1996, min=1, max=4, 1概念=7500 (83.02%), ≥2概念=1534 (16.98%)
2026-04-17 05:41:11,991 - INFO - [assist_09] [Valid] 概念数直方图（概念数: 题目数量）: {1: 7500, 2: 1314, 3: 171, 4: 49}
2026-04-17 05:41:11,995 - INFO - [assist_09] [Test] 概念数统计：题目数=12825, 平均概念数=1.1994, min=1, max=4, 1概念=10661 (83.13%), ≥2概念=2164 (16.87%)
2026-04-17 05:41:11,995 - INFO - [assist_09] [Test] 概念数直方图（概念数: 题目数量）: {1: 10661, 2: 1836, 3: 263, 4: 65}
2026-04-17 05:41:11,996 - INFO - [assist_09] [统计] 概念数量统计完成。
2026-04-17 05:41:11,996 - INFO - [assist_09] 正在加载数据集...
2026-04-17 05:41:12,115 - INFO - [assist_09|assist_09_abce_best_no_E|lr=0.0003|drop=0.20] Train samples: 190623, Val samples: 19875
2026-04-17 05:41:12,116 - INFO - [assist_09|assist_09_abce_best_no_E|lr=0.0003|drop=0.20] Number of students: 2180
2026-04-17 05:41:12,116 - INFO - [assist_09|assist_09_abce_best_no_E|lr=0.0003|drop=0.20] Number of exercises: 17057
2026-04-17 05:41:12,116 - INFO - [assist_09|assist_09_abce_best_no_E|lr=0.0003|drop=0.20] Number of concepts: 123
2026-04-17 05:41:12,116 - INFO - [assist_09|assist_09_abce_best_no_E|lr=0.0003|drop=0.20] Creating model...
2026-04-17 05:41:12,116 - INFO - [assist_09|assist_09_abce_best_no_E|lr=0.0003|drop=0.20] Ablation switches: ablate_module1=False | enable_module1=True | use_concept_graph=True | effective(num_gnn_layers=2)
2026-04-17 05:41:12,260 - INFO - [assist_09|assist_09_abce_best_no_E|lr=0.0003|drop=0.20] Ablation runtime check: args(ablate_module1=False) | expect(use_concept_graph=True,use_personal_graph=False) | model(enable_module1=True,use_concept_graph=True,use_personal_graph=False) | physical(has_knowledge_encoder=True,has_relation_learning=True,has_adaptive_gate=False,has_personal_generator=False)
2026-04-17 05:41:12,260 - INFO - [assist_09|assist_09_abce_best_no_E|lr=0.0003|drop=0.20] Debug diagnostics enabled: diag_batches=1
2026-04-17 05:41:12,289 - INFO - [assist_09|assist_09_abce_best_no_E|lr=0.0003|drop=0.20] [Graph Init] graph_tau_mean=1.0055, graph_tau_std=0.0000, graph_dropout=0.000, use_personal_graph=False
2026-04-17 05:41:12,290 - INFO - [assist_09|assist_09_abce_best_no_E|lr=0.0003|drop=0.20] Total parameters: 222,607
2026-04-17 05:41:12,290 - INFO - [assist_09|assist_09_abce_best_no_E|lr=0.0003|drop=0.20] Trainable parameters: 222,607
2026-04-17 05:41:13,567 - INFO - [assist_09|assist_09_abce_best_no_E|lr=0.0003|drop=0.20] Optimizer param groups: backbone@lr=0.0003
2026-04-17 05:41:13,567 - INFO - [assist_09|assist_09_abce_best_no_E|lr=0.0003|drop=0.20] Monitor config: scheduler=val_auc(max), best_checkpoint=val_auc(max), early_stop=val_auc(max)
2026-04-17 05:41:13,567 - INFO - [assist_09|assist_09_abce_best_no_E|lr=0.0003|drop=0.20] Starting training...
2026-04-17 05:41:51,738 - INFO - [assist_09|assist_09_abce_best_no_E|lr=0.0003|drop=0.20] Epoch [001/100] | Train: Loss=0.5954, BCE=0.5901, Reg=0.0052, AUC=0.6877, ACC=0.6915, RMSE=0.4493 | Val: Loss=0.5782, BCE=0.5734, Reg=0.0048, AUC=0.7239, ACC=0.7081, RMSE=0.4412
2026-04-17 05:41:51,738 - INFO - [assist_09|assist_09_abce_best_no_E|lr=0.0003|drop=0.20] [Reg Terms] Epoch [001] | Train: graph_entropy=0.000000, graph_diag=0.004512, graph_uniform=0.000736, graph_reg_scale=1.0000, prediction_l2=0.000000, personal_sparse=0.000000, alpha_var=0.000000, alpha_collapse=0.000000, reg_bce_ratio=0.0089 | Val: graph_entropy=0.000000, graph_diag=0.004060, graph_uniform=0.000742, graph_reg_scale=1.0000, prediction_l2=0.000000, personal_sparse=0.000000, alpha_var=0.000000, alpha_collapse=0.000000, reg_bce_ratio=0.0084
2026-04-17 05:41:51,903 - INFO - [assist_09|assist_09_abce_best_no_E|lr=0.0003|drop=0.20] [Diag][AE] Epoch [001] | irt_abs_mean=1.3631, irt_std=0.5923, personal_warmup_scale=1.00, graph_row_entropy=2.4521, graph_entropy_ratio=0.5096, alpha_mean=0.0000, alpha_std=0.0000, alpha_base_mean=0.0000, alpha_delta_absmean=0.0000, alpha_saturation_ratio=0.0000, alpha_bias_std=NA, alpha_state_path=0.0000, alpha_id_path=0.0000, alpha_bias_path=0.0000, head_bias_path=0.0000, personal_row_entropy=0.0000, personal_matrix_delta=0.0000, personal_matrix_student_std=0.0000, personal_delta_pre_softmax_norm=0.0000, personal_delta_student_std=0.0000, alpha_head_std=0.0000, query_row_global_readout_delta=0.2527, query_row_personal_message_delta=0.0000, query_row_posterior_delta_abs=0.0000, query_row_posterior_kl=0.0000, personal_to_graph_query_ratio=0.0000, query_row_global_support_mass=0.7339, query_row_personal_support_mass=0.0000, neighbor_row_personal_delta=0.0000, personal_row_budget_mean=0.0000, personal_query_row_std=0.0000, readout_query_support_mass=0.7339, personal_student_mix=0.0000, personal_student_adapter=0.0000, local_row_ratio=0.0000, support_density=0.0000, readout_query_delta=0.2527, personal_bad_rows=0.00, personal_fallback_rows=0.00, personal_logits_absmax=0.0000
2026-04-17 05:41:51,903 - INFO - [assist_09|assist_09_abce_best_no_E|lr=0.0003|drop=0.20] [Diag][A] Epoch [001] | entropy_ratio=0.5096, diag_mass=0.1624, to_uniform_l2=0.025823, to_identity_l2=0.078884, relation_identity_delta=0.078884, knowledge_state_graph_delta=0.582956, knowledge_state_personal_delta=0.000000, share_concept_embeddings=True, tau_mean=0.8519, tau_std=0.0016, graph_reg_scale(train/val)=1.0000/1.0000
2026-04-17 05:41:51,903 - INFO - [assist_09|assist_09_abce_best_no_E|lr=0.0003|drop=0.20] [Grad Norms] Epoch [001] | relation_emb=1.769028e-01, relation_tau=9.465693e-06, relation_wq=1.316163e-04, relation_wk=1.294755e-04, personal_u=0.000000e+00, personal_v=0.000000e+00, personal_alpha_bias=0.000000e+00, personal_gate_emb=0.000000e+00, personal_gate_state_proj=0.000000e+00, personal_gate_context_proj=0.000000e+00, personal_gate_state_direct=0.000000e+00, personal_gate_id_direct=0.000000e+00, personal_gate_context_direct=0.000000e+00, personal_gate_out=0.000000e+00, personal_generator_emb=0.000000e+00, personal_generator_context_proj=0.000000e+00, personal_generator_context_hidden=0.000000e+00, personal_generator_context_to_u=0.000000e+00, personal_generator_context_to_v=0.000000e+00, personal_generator_state_row=0.000000e+00, personal_generator_state_col=0.000000e+00, personal_generator_id_row=0.000000e+00, personal_generator_id_col=0.000000e+00, personal_generator_state_adapter=0.000000e+00, personal_generator_id_adapter=0.000000e+00, personal_generator_context_adapter=0.000000e+00, personal_generator_direct_scale=0.000000e+00
2026-04-17 05:41:52,107 - INFO - [assist_09|assist_09_abce_best_no_E|lr=0.0003|drop=0.20] -> New best AUC=0.7239 at epoch 1
2026-04-17 05:42:31,411 - INFO - [assist_09|assist_09_abce_best_no_E|lr=0.0003|drop=0.20] Epoch [002/100] | Train: Loss=0.5669, BCE=0.5588, Reg=0.0081, AUC=0.7359, ACC=0.7171, RMSE=0.4343 | Val: Loss=0.5705, BCE=0.5663, Reg=0.0042, AUC=0.7305, ACC=0.7102, RMSE=0.4380
2026-04-17 05:42:31,412 - INFO - [assist_09|assist_09_abce_best_no_E|lr=0.0003|drop=0.20] [Reg Terms] Epoch [002] | Train: graph_entropy=0.000000, graph_diag=0.006570, graph_uniform=0.001496, graph_reg_scale=1.0000, prediction_l2=0.000000, personal_sparse=0.000000, alpha_var=0.000000, alpha_collapse=0.000000, reg_bce_ratio=0.0144 | Val: graph_entropy=0.000000, graph_diag=0.002629, graph_uniform=0.001523, graph_reg_scale=1.0000, prediction_l2=0.000000, personal_sparse=0.000000, alpha_var=0.000000, alpha_collapse=0.000000, reg_bce_ratio=0.0073
2026-04-17 05:42:31,573 - INFO - [assist_09|assist_09_abce_best_no_E|lr=0.0003|drop=0.20] [Diag][AE] Epoch [002] | irt_abs_mean=1.3524, irt_std=0.6553, personal_warmup_scale=1.00, graph_row_entropy=2.5564, graph_entropy_ratio=0.5312, alpha_mean=0.0000, alpha_std=0.0000, alpha_base_mean=0.0000, alpha_delta_absmean=0.0000, alpha_saturation_ratio=0.0000, alpha_bias_std=NA, alpha_state_path=0.0000, alpha_id_path=0.0000, alpha_bias_path=0.0000, head_bias_path=0.0000, personal_row_entropy=0.0000, personal_matrix_delta=0.0000, personal_matrix_student_std=0.0000, personal_delta_pre_softmax_norm=0.0000, personal_delta_student_std=0.0000, alpha_head_std=0.0000, query_row_global_readout_delta=0.2945, query_row_personal_message_delta=0.0000, query_row_posterior_delta_abs=0.0000, query_row_posterior_kl=0.0000, personal_to_graph_query_ratio=0.0000, query_row_global_support_mass=0.7756, query_row_personal_support_mass=0.0000, neighbor_row_personal_delta=0.0000, personal_row_budget_mean=0.0000, personal_query_row_std=0.0000, readout_query_support_mass=0.7756, personal_student_mix=0.0000, personal_student_adapter=0.0000, local_row_ratio=0.0000, support_density=0.0000, readout_query_delta=0.2945, personal_bad_rows=0.00, personal_fallback_rows=0.00, personal_logits_absmax=0.0000
2026-04-17 05:42:31,574 - INFO - [assist_09|assist_09_abce_best_no_E|lr=0.0003|drop=0.20] [Diag][A] Epoch [002] | entropy_ratio=0.5312, diag_mass=0.0526, to_uniform_l2=0.023828, to_identity_l2=0.088933, relation_identity_delta=0.088933, knowledge_state_graph_delta=0.619445, knowledge_state_personal_delta=0.000000, share_concept_embeddings=True, tau_mean=0.6775, tau_std=0.0208, graph_reg_scale(train/val)=1.0000/1.0000
2026-04-17 05:42:31,574 - INFO - [assist_09|assist_09_abce_best_no_E|lr=0.0003|drop=0.20] [Grad Norms] Epoch [002] | relation_emb=9.967570e-02, relation_tau=7.673952e-05, relation_wq=1.647148e-04, relation_wk=2.729737e-04, personal_u=0.000000e+00, personal_v=0.000000e+00, personal_alpha_bias=0.000000e+00, personal_gate_emb=0.000000e+00, personal_gate_state_proj=0.000000e+00, personal_gate_context_proj=0.000000e+00, personal_gate_state_direct=0.000000e+00, personal_gate_id_direct=0.000000e+00, personal_gate_context_direct=0.000000e+00, personal_gate_out=0.000000e+00, personal_generator_emb=0.000000e+00, personal_generator_context_proj=0.000000e+00, personal_generator_context_hidden=0.000000e+00, personal_generator_context_to_u=0.000000e+00, personal_generator_context_to_v=0.000000e+00, personal_generator_state_row=0.000000e+00, personal_generator_state_col=0.000000e+00, personal_generator_id_row=0.000000e+00, personal_generator_id_col=0.000000e+00, personal_generator_state_adapter=0.000000e+00, personal_generator_id_adapter=0.000000e+00, personal_generator_context_adapter=0.000000e+00, personal_generator_direct_scale=0.000000e+00
2026-04-17 05:42:31,884 - INFO - [assist_09|assist_09_abce_best_no_E|lr=0.0003|drop=0.20] -> New best AUC=0.7305 at epoch 2
2026-04-17 05:43:11,239 - INFO - [assist_09|assist_09_abce_best_no_E|lr=0.0003|drop=0.20] Epoch [003/100] | Train: Loss=0.5564, BCE=0.5503, Reg=0.0061, AUC=0.7466, ACC=0.7213, RMSE=0.4305 | Val: Loss=0.5685, BCE=0.5625, Reg=0.0060, AUC=0.7356, ACC=0.7122, RMSE=0.4364
2026-04-17 05:43:11,240 - INFO - [assist_09|assist_09_abce_best_no_E|lr=0.0003|drop=0.20] [Reg Terms] Epoch [003] | Train: graph_entropy=0.000000, graph_diag=0.003773, graph_uniform=0.002286, graph_reg_scale=1.0000, prediction_l2=0.000000, personal_sparse=0.000000, alpha_var=0.000000, alpha_collapse=0.000000, reg_bce_ratio=0.0110 | Val: graph_entropy=0.000000, graph_diag=0.003750, graph_uniform=0.002286, graph_reg_scale=1.0000, prediction_l2=0.000000, personal_sparse=0.000000, alpha_var=0.000000, alpha_collapse=0.000000, reg_bce_ratio=0.0107
2026-04-17 05:43:11,388 - INFO - [assist_09|assist_09_abce_best_no_E|lr=0.0003|drop=0.20] [Diag][AE] Epoch [003] | irt_abs_mean=1.3787, irt_std=0.6667, personal_warmup_scale=1.00, graph_row_entropy=2.5592, graph_entropy_ratio=0.5318, alpha_mean=0.0000, alpha_std=0.0000, alpha_base_mean=0.0000, alpha_delta_absmean=0.0000, alpha_saturation_ratio=0.0000, alpha_bias_std=NA, alpha_state_path=0.0000, alpha_id_path=0.0000, alpha_bias_path=0.0000, head_bias_path=0.0000, personal_row_entropy=0.0000, personal_matrix_delta=0.0000, personal_matrix_student_std=0.0000, personal_delta_pre_softmax_norm=0.0000, personal_delta_student_std=0.0000, alpha_head_std=0.0000, query_row_global_readout_delta=0.3043, query_row_personal_message_delta=0.0000, query_row_posterior_delta_abs=0.0000, query_row_posterior_kl=0.0000, personal_to_graph_query_ratio=0.0000, query_row_global_support_mass=1.0869, query_row_personal_support_mass=0.0000, neighbor_row_personal_delta=0.0000, personal_row_budget_mean=0.0000, personal_query_row_std=0.0000, readout_query_support_mass=1.0869, personal_student_mix=0.0000, personal_student_adapter=0.0000, local_row_ratio=0.0000, support_density=0.0000, readout_query_delta=0.3043, personal_bad_rows=0.00, personal_fallback_rows=0.00, personal_logits_absmax=0.0000
2026-04-17 05:43:11,388 - INFO - [assist_09|assist_09_abce_best_no_E|lr=0.0003|drop=0.20] [Diag][A] Epoch [003] | entropy_ratio=0.5318, diag_mass=0.0500, to_uniform_l2=0.023784, to_identity_l2=0.089156, relation_identity_delta=0.089156, knowledge_state_graph_delta=0.629697, knowledge_state_personal_delta=0.000000, share_concept_embeddings=True, tau_mean=0.6804, tau_std=0.0159, graph_reg_scale(train/val)=1.0000/1.0000
2026-04-17 05:43:11,388 - INFO - [assist_09|assist_09_abce_best_no_E|lr=0.0003|drop=0.20] [Grad Norms] Epoch [003] | relation_emb=9.786756e-02, relation_tau=1.162519e-06, relation_wq=1.228688e-05, relation_wk=1.379127e-05, personal_u=0.000000e+00, personal_v=0.000000e+00, personal_alpha_bias=0.000000e+00, personal_gate_emb=0.000000e+00, personal_gate_state_proj=0.000000e+00, personal_gate_context_proj=0.000000e+00, personal_gate_state_direct=0.000000e+00, personal_gate_id_direct=0.000000e+00, personal_gate_context_direct=0.000000e+00, personal_gate_out=0.000000e+00, personal_generator_emb=0.000000e+00, personal_generator_context_proj=0.000000e+00, personal_generator_context_hidden=0.000000e+00, personal_generator_context_to_u=0.000000e+00, personal_generator_context_to_v=0.000000e+00, personal_generator_state_row=0.000000e+00, personal_generator_state_col=0.000000e+00, personal_generator_id_row=0.000000e+00, personal_generator_id_col=0.000000e+00, personal_generator_state_adapter=0.000000e+00, personal_generator_id_adapter=0.000000e+00, personal_generator_context_adapter=0.000000e+00, personal_generator_direct_scale=0.000000e+00
2026-04-17 05:43:11,634 - INFO - [assist_09|assist_09_abce_best_no_E|lr=0.0003|drop=0.20] -> New best AUC=0.7356 at epoch 3
2026-04-17 05:43:46,716 - INFO - [assist_09|assist_09_abce_best_no_E|lr=0.0003|drop=0.20] Epoch [004/100] | Train: Loss=0.5531, BCE=0.5450, Reg=0.0080, AUC=0.7530, ACC=0.7227, RMSE=0.4283 | Val: Loss=0.5678, BCE=0.5598, Reg=0.0080, AUC=0.7372, ACC=0.7110, RMSE=0.4352
2026-04-17 05:43:46,716 - INFO - [assist_09|assist_09_abce_best_no_E|lr=0.0003|drop=0.20] [Reg Terms] Epoch [004] | Train: graph_entropy=0.000000, graph_diag=0.005000, graph_uniform=0.003049, graph_reg_scale=1.0000, prediction_l2=0.000000, personal_sparse=0.000000, alpha_var=0.000000, alpha_collapse=0.000000, reg_bce_ratio=0.0148 | Val: graph_entropy=0.000000, graph_diag=0.005000, graph_uniform=0.003049, graph_reg_scale=1.0000, prediction_l2=0.000000, personal_sparse=0.000000, alpha_var=0.000000, alpha_collapse=0.000000, reg_bce_ratio=0.0144
2026-04-17 05:43:46,867 - INFO - [assist_09|assist_09_abce_best_no_E|lr=0.0003|drop=0.20] [Diag][AE] Epoch [004] | irt_abs_mean=1.4134, irt_std=0.7148, personal_warmup_scale=1.00, graph_row_entropy=2.5592, graph_entropy_ratio=0.5318, alpha_mean=0.0000, alpha_std=0.0000, alpha_base_mean=0.0000, alpha_delta_absmean=0.0000, alpha_saturation_ratio=0.0000, alpha_bias_std=NA, alpha_state_path=0.0000, alpha_id_path=0.0000, alpha_bias_path=0.0000, head_bias_path=0.0000, personal_row_entropy=0.0000, personal_matrix_delta=0.0000, personal_matrix_student_std=0.0000, personal_delta_pre_softmax_norm=0.0000, personal_delta_student_std=0.0000, alpha_head_std=0.0000, query_row_global_readout_delta=0.3187, query_row_personal_message_delta=0.0000, query_row_posterior_delta_abs=0.0000, query_row_posterior_kl=0.0000, personal_to_graph_query_ratio=0.0000, query_row_global_support_mass=1.1783, query_row_personal_support_mass=0.0000, neighbor_row_personal_delta=0.0000, personal_row_budget_mean=0.0000, personal_query_row_std=0.0000, readout_query_support_mass=1.1783, personal_student_mix=0.0000, personal_student_adapter=0.0000, local_row_ratio=0.0000, support_density=0.0000, readout_query_delta=0.3187, personal_bad_rows=0.00, personal_fallback_rows=0.00, personal_logits_absmax=0.0000
2026-04-17 05:43:46,868 - INFO - [assist_09|assist_09_abce_best_no_E|lr=0.0003|drop=0.20] [Diag][A] Epoch [004] | entropy_ratio=0.5318, diag_mass=0.0500, to_uniform_l2=0.023784, to_identity_l2=0.089156, relation_identity_delta=0.089156, knowledge_state_graph_delta=0.637607, knowledge_state_personal_delta=0.000000, share_concept_embeddings=True, tau_mean=0.6862, tau_std=0.0081, graph_reg_scale(train/val)=1.0000/1.0000
2026-04-17 05:43:46,868 - INFO - [assist_09|assist_09_abce_best_no_E|lr=0.0003|drop=0.20] [Grad Norms] Epoch [004] | relation_emb=1.639274e-01, relation_tau=5.428747e-08, relation_wq=4.832747e-06, relation_wk=2.420442e-06, personal_u=0.000000e+00, personal_v=0.000000e+00, personal_alpha_bias=0.000000e+00, personal_gate_emb=0.000000e+00, personal_gate_state_proj=0.000000e+00, personal_gate_context_proj=0.000000e+00, personal_gate_state_direct=0.000000e+00, personal_gate_id_direct=0.000000e+00, personal_gate_context_direct=0.000000e+00, personal_gate_out=0.000000e+00, personal_generator_emb=0.000000e+00, personal_generator_context_proj=0.000000e+00, personal_generator_context_hidden=0.000000e+00, personal_generator_context_to_u=0.000000e+00, personal_generator_context_to_v=0.000000e+00, personal_generator_state_row=0.000000e+00, personal_generator_state_col=0.000000e+00, personal_generator_id_row=0.000000e+00, personal_generator_id_col=0.000000e+00, personal_generator_state_adapter=0.000000e+00, personal_generator_id_adapter=0.000000e+00, personal_generator_context_adapter=0.000000e+00, personal_generator_direct_scale=0.000000e+00
2026-04-17 05:43:47,120 - INFO - [assist_09|assist_09_abce_best_no_E|lr=0.0003|drop=0.20] -> New best AUC=0.7372 at epoch 4
2026-04-17 05:44:22,037 - INFO - [assist_09|assist_09_abce_best_no_E|lr=0.0003|drop=0.20] Epoch [005/100] | Train: Loss=0.5472, BCE=0.5391, Reg=0.0080, AUC=0.7597, ACC=0.7254, RMSE=0.4257 | Val: Loss=0.5698, BCE=0.5618, Reg=0.0080, AUC=0.7378, ACC=0.7129, RMSE=0.4362
2026-04-17 05:44:22,038 - INFO - [assist_09|assist_09_abce_best_no_E|lr=0.0003|drop=0.20] [Reg Terms] Epoch [005] | Train: graph_entropy=0.000000, graph_diag=0.005000, graph_uniform=0.003049, graph_reg_scale=1.0000, prediction_l2=0.000000, personal_sparse=0.000000, alpha_var=0.000000, alpha_collapse=0.000000, reg_bce_ratio=0.0149 | Val: graph_entropy=0.000000, graph_diag=0.005000, graph_uniform=0.003049, graph_reg_scale=1.0000, prediction_l2=0.000000, personal_sparse=0.000000, alpha_var=0.000000, alpha_collapse=0.000000, reg_bce_ratio=0.0143
2026-04-17 05:44:22,196 - INFO - [assist_09|assist_09_abce_best_no_E|lr=0.0003|drop=0.20] [Diag][AE] Epoch [005] | irt_abs_mean=1.4240, irt_std=0.7702, personal_warmup_scale=1.00, graph_row_entropy=2.5592, graph_entropy_ratio=0.5318, alpha_mean=0.0000, alpha_std=0.0000, alpha_base_mean=0.0000, alpha_delta_absmean=0.0000, alpha_saturation_ratio=0.0000, alpha_bias_std=NA, alpha_state_path=0.0000, alpha_id_path=0.0000, alpha_bias_path=0.0000, head_bias_path=0.0000, personal_row_entropy=0.0000, personal_matrix_delta=0.0000, personal_matrix_student_std=0.0000, personal_delta_pre_softmax_norm=0.0000, personal_delta_student_std=0.0000, alpha_head_std=0.0000, query_row_global_readout_delta=0.3342, query_row_personal_message_delta=0.0000, query_row_posterior_delta_abs=0.0000, query_row_posterior_kl=0.0000, personal_to_graph_query_ratio=0.0000, query_row_global_support_mass=1.3063, query_row_personal_support_mass=0.0000, neighbor_row_personal_delta=0.0000, personal_row_budget_mean=0.0000, personal_query_row_std=0.0000, readout_query_support_mass=1.3063, personal_student_mix=0.0000, personal_student_adapter=0.0000, local_row_ratio=0.0000, support_density=0.0000, readout_query_delta=0.3342, personal_bad_rows=0.00, personal_fallback_rows=0.00, personal_logits_absmax=0.0000
2026-04-17 05:44:22,196 - INFO - [assist_09|assist_09_abce_best_no_E|lr=0.0003|drop=0.20] [Diag][A] Epoch [005] | entropy_ratio=0.5318, diag_mass=0.0500, to_uniform_l2=0.023784, to_identity_l2=0.089156, relation_identity_delta=0.089156, knowledge_state_graph_delta=0.651685, knowledge_state_personal_delta=0.000000, share_concept_embeddings=True, tau_mean=0.6913, tau_std=0.0020, graph_reg_scale(train/val)=1.0000/1.0000
2026-04-17 05:44:22,196 - INFO - [assist_09|assist_09_abce_best_no_E|lr=0.0003|drop=0.20] [Grad Norms] Epoch [005] | relation_emb=1.907009e-01, relation_tau=8.040155e-08, relation_wq=4.317927e-06, relation_wk=2.155166e-06, personal_u=0.000000e+00, personal_v=0.000000e+00, personal_alpha_bias=0.000000e+00, personal_gate_emb=0.000000e+00, personal_gate_state_proj=0.000000e+00, personal_gate_context_proj=0.000000e+00, personal_gate_state_direct=0.000000e+00, personal_gate_id_direct=0.000000e+00, personal_gate_context_direct=0.000000e+00, personal_gate_out=0.000000e+00, personal_generator_emb=0.000000e+00, personal_generator_context_proj=0.000000e+00, personal_generator_context_hidden=0.000000e+00, personal_generator_context_to_u=0.000000e+00, personal_generator_context_to_v=0.000000e+00, personal_generator_state_row=0.000000e+00, personal_generator_state_col=0.000000e+00, personal_generator_id_row=0.000000e+00, personal_generator_id_col=0.000000e+00, personal_generator_state_adapter=0.000000e+00, personal_generator_id_adapter=0.000000e+00, personal_generator_context_adapter=0.000000e+00, personal_generator_direct_scale=0.000000e+00
2026-04-17 05:44:22,473 - INFO - [assist_09|assist_09_abce_best_no_E|lr=0.0003|drop=0.20] -> New best AUC=0.7378 at epoch 5
2026-04-17 05:44:58,566 - INFO - [assist_09|assist_09_abce_best_no_E|lr=0.0003|drop=0.20] Epoch [006/100] | Train: Loss=0.5416, BCE=0.5336, Reg=0.0080, AUC=0.7664, ACC=0.7277, RMSE=0.4233 | Val: Loss=0.5644, BCE=0.5564, Reg=0.0080, AUC=0.7443, ACC=0.7143, RMSE=0.4337
2026-04-17 05:44:58,567 - INFO - [assist_09|assist_09_abce_best_no_E|lr=0.0003|drop=0.20] [Reg Terms] Epoch [006] | Train: graph_entropy=0.000000, graph_diag=0.005000, graph_uniform=0.003049, graph_reg_scale=1.0000, prediction_l2=0.000000, personal_sparse=0.000000, alpha_var=0.000000, alpha_collapse=0.000000, reg_bce_ratio=0.0151 | Val: graph_entropy=0.000000, graph_diag=0.005000, graph_uniform=0.003049, graph_reg_scale=1.0000, prediction_l2=0.000000, personal_sparse=0.000000, alpha_var=0.000000, alpha_collapse=0.000000, reg_bce_ratio=0.0145
2026-04-17 05:44:58,724 - INFO - [assist_09|assist_09_abce_best_no_E|lr=0.0003|drop=0.20] [Diag][AE] Epoch [006] | irt_abs_mean=1.4616, irt_std=0.7789, personal_warmup_scale=1.00, graph_row_entropy=2.5592, graph_entropy_ratio=0.5318, alpha_mean=0.0000, alpha_std=0.0000, alpha_base_mean=0.0000, alpha_delta_absmean=0.0000, alpha_saturation_ratio=0.0000, alpha_bias_std=NA, alpha_state_path=0.0000, alpha_id_path=0.0000, alpha_bias_path=0.0000, head_bias_path=0.0000, personal_row_entropy=0.0000, personal_matrix_delta=0.0000, personal_matrix_student_std=0.0000, personal_delta_pre_softmax_norm=0.0000, personal_delta_student_std=0.0000, alpha_head_std=0.0000, query_row_global_readout_delta=0.3438, query_row_personal_message_delta=0.0000, query_row_posterior_delta_abs=0.0000, query_row_posterior_kl=0.0000, personal_to_graph_query_ratio=0.0000, query_row_global_support_mass=1.1717, query_row_personal_support_mass=0.0000, neighbor_row_personal_delta=0.0000, personal_row_budget_mean=0.0000, personal_query_row_std=0.0000, readout_query_support_mass=1.1717, personal_student_mix=0.0000, personal_student_adapter=0.0000, local_row_ratio=0.0000, support_density=0.0000, readout_query_delta=0.3438, personal_bad_rows=0.00, personal_fallback_rows=0.00, personal_logits_absmax=0.0000
2026-04-17 05:44:58,724 - INFO - [assist_09|assist_09_abce_best_no_E|lr=0.0003|drop=0.20] [Diag][A] Epoch [006] | entropy_ratio=0.5318, diag_mass=0.0500, to_uniform_l2=0.023784, to_identity_l2=0.089156, relation_identity_delta=0.089156, knowledge_state_graph_delta=0.675155, knowledge_state_personal_delta=0.000000, share_concept_embeddings=True, tau_mean=0.6931, tau_std=0.0001, graph_reg_scale(train/val)=1.0000/1.0000
2026-04-17 05:44:58,724 - INFO - [assist_09|assist_09_abce_best_no_E|lr=0.0003|drop=0.20] [Grad Norms] Epoch [006] | relation_emb=1.774418e-01, relation_tau=8.393410e-09, relation_wq=3.286915e-06, relation_wk=1.073558e-06, personal_u=0.000000e+00, personal_v=0.000000e+00, personal_alpha_bias=0.000000e+00, personal_gate_emb=0.000000e+00, personal_gate_state_proj=0.000000e+00, personal_gate_context_proj=0.000000e+00, personal_gate_state_direct=0.000000e+00, personal_gate_id_direct=0.000000e+00, personal_gate_context_direct=0.000000e+00, personal_gate_out=0.000000e+00, personal_generator_emb=0.000000e+00, personal_generator_context_proj=0.000000e+00, personal_generator_context_hidden=0.000000e+00, personal_generator_context_to_u=0.000000e+00, personal_generator_context_to_v=0.000000e+00, personal_generator_state_row=0.000000e+00, personal_generator_state_col=0.000000e+00, personal_generator_id_row=0.000000e+00, personal_generator_id_col=0.000000e+00, personal_generator_state_adapter=0.000000e+00, personal_generator_id_adapter=0.000000e+00, personal_generator_context_adapter=0.000000e+00, personal_generator_direct_scale=0.000000e+00
2026-04-17 05:44:59,004 - INFO - [assist_09|assist_09_abce_best_no_E|lr=0.0003|drop=0.20] -> New best AUC=0.7443 at epoch 6
2026-04-17 05:45:35,572 - INFO - [assist_09|assist_09_abce_best_no_E|lr=0.0003|drop=0.20] Epoch [007/100] | Train: Loss=0.5361, BCE=0.5280, Reg=0.0080, AUC=0.7734, ACC=0.7310, RMSE=0.4208 | Val: Loss=0.5635, BCE=0.5555, Reg=0.0080, AUC=0.7466, ACC=0.7149, RMSE=0.4333
2026-04-17 05:45:35,573 - INFO - [assist_09|assist_09_abce_best_no_E|lr=0.0003|drop=0.20] [Reg Terms] Epoch [007] | Train: graph_entropy=0.000000, graph_diag=0.005000, graph_uniform=0.003049, graph_reg_scale=1.0000, prediction_l2=0.000000, personal_sparse=0.000000, alpha_var=0.000000, alpha_collapse=0.000000, reg_bce_ratio=0.0152 | Val: graph_entropy=0.000000, graph_diag=0.005000, graph_uniform=0.003049, graph_reg_scale=1.0000, prediction_l2=0.000000, personal_sparse=0.000000, alpha_var=0.000000, alpha_collapse=0.000000, reg_bce_ratio=0.0145
2026-04-17 05:45:35,759 - INFO - [assist_09|assist_09_abce_best_no_E|lr=0.0003|drop=0.20] [Diag][AE] Epoch [007] | irt_abs_mean=1.5059, irt_std=0.7930, personal_warmup_scale=1.00, graph_row_entropy=2.5592, graph_entropy_ratio=0.5318, alpha_mean=0.0000, alpha_std=0.0000, alpha_base_mean=0.0000, alpha_delta_absmean=0.0000, alpha_saturation_ratio=0.0000, alpha_bias_std=NA, alpha_state_path=0.0000, alpha_id_path=0.0000, alpha_bias_path=0.0000, head_bias_path=0.0000, personal_row_entropy=0.0000, personal_matrix_delta=0.0000, personal_matrix_student_std=0.0000, personal_delta_pre_softmax_norm=0.0000, personal_delta_student_std=0.0000, alpha_head_std=0.0000, query_row_global_readout_delta=0.3719, query_row_personal_message_delta=0.0000, query_row_posterior_delta_abs=0.0000, query_row_posterior_kl=0.0000, personal_to_graph_query_ratio=0.0000, query_row_global_support_mass=1.2100, query_row_personal_support_mass=0.0000, neighbor_row_personal_delta=0.0000, personal_row_budget_mean=0.0000, personal_query_row_std=0.0000, readout_query_support_mass=1.2100, personal_student_mix=0.0000, personal_student_adapter=0.0000, local_row_ratio=0.0000, support_density=0.0000, readout_query_delta=0.3719, personal_bad_rows=0.00, personal_fallback_rows=0.00, personal_logits_absmax=0.0000
2026-04-17 05:45:35,759 - INFO - [assist_09|assist_09_abce_best_no_E|lr=0.0003|drop=0.20] [Diag][A] Epoch [007] | entropy_ratio=0.5318, diag_mass=0.0500, to_uniform_l2=0.023784, to_identity_l2=0.089156, relation_identity_delta=0.089156, knowledge_state_graph_delta=0.715645, knowledge_state_personal_delta=0.000000, share_concept_embeddings=True, tau_mean=0.6932, tau_std=0.0000, graph_reg_scale(train/val)=1.0000/1.0000
2026-04-17 05:45:35,759 - INFO - [assist_09|assist_09_abce_best_no_E|lr=0.0003|drop=0.20] [Grad Norms] Epoch [007] | relation_emb=1.945169e-01, relation_tau=1.159373e-08, relation_wq=2.467840e-06, relation_wk=1.109747e-06, personal_u=0.000000e+00, personal_v=0.000000e+00, personal_alpha_bias=0.000000e+00, personal_gate_emb=0.000000e+00, personal_gate_state_proj=0.000000e+00, personal_gate_context_proj=0.000000e+00, personal_gate_state_direct=0.000000e+00, personal_gate_id_direct=0.000000e+00, personal_gate_context_direct=0.000000e+00, personal_gate_out=0.000000e+00, personal_generator_emb=0.000000e+00, personal_generator_context_proj=0.000000e+00, personal_generator_context_hidden=0.000000e+00, personal_generator_context_to_u=0.000000e+00, personal_generator_context_to_v=0.000000e+00, personal_generator_state_row=0.000000e+00, personal_generator_state_col=0.000000e+00, personal_generator_id_row=0.000000e+00, personal_generator_id_col=0.000000e+00, personal_generator_state_adapter=0.000000e+00, personal_generator_id_adapter=0.000000e+00, personal_generator_context_adapter=0.000000e+00, personal_generator_direct_scale=0.000000e+00
2026-04-17 05:45:36,077 - INFO - [assist_09|assist_09_abce_best_no_E|lr=0.0003|drop=0.20] -> New best AUC=0.7466 at epoch 7
2026-04-17 05:46:14,916 - INFO - [assist_09|assist_09_abce_best_no_E|lr=0.0003|drop=0.20] Epoch [008/100] | Train: Loss=0.5303, BCE=0.5222, Reg=0.0080, AUC=0.7801, ACC=0.7341, RMSE=0.4182 | Val: Loss=0.5605, BCE=0.5524, Reg=0.0080, AUC=0.7462, ACC=0.7179, RMSE=0.4316
2026-04-17 05:46:14,916 - INFO - [assist_09|assist_09_abce_best_no_E|lr=0.0003|drop=0.20] [Reg Terms] Epoch [008] | Train: graph_entropy=0.000000, graph_diag=0.005000, graph_uniform=0.003049, graph_reg_scale=1.0000, prediction_l2=0.000000, personal_sparse=0.000000, alpha_var=0.000000, alpha_collapse=0.000000, reg_bce_ratio=0.0154 | Val: graph_entropy=0.000000, graph_diag=0.005000, graph_uniform=0.003049, graph_reg_scale=1.0000, prediction_l2=0.000000, personal_sparse=0.000000, alpha_var=0.000000, alpha_collapse=0.000000, reg_bce_ratio=0.0146
2026-04-17 05:46:15,071 - INFO - [assist_09|assist_09_abce_best_no_E|lr=0.0003|drop=0.20] [Diag][AE] Epoch [008] | irt_abs_mean=1.3823, irt_std=0.8380, personal_warmup_scale=1.00, graph_row_entropy=2.5592, graph_entropy_ratio=0.5318, alpha_mean=0.0000, alpha_std=0.0000, alpha_base_mean=0.0000, alpha_delta_absmean=0.0000, alpha_saturation_ratio=0.0000, alpha_bias_std=NA, alpha_state_path=0.0000, alpha_id_path=0.0000, alpha_bias_path=0.0000, head_bias_path=0.0000, personal_row_entropy=0.0000, personal_matrix_delta=0.0000, personal_matrix_student_std=0.0000, personal_delta_pre_softmax_norm=0.0000, personal_delta_student_std=0.0000, alpha_head_std=0.0000, query_row_global_readout_delta=0.3871, query_row_personal_message_delta=0.0000, query_row_posterior_delta_abs=0.0000, query_row_posterior_kl=0.0000, personal_to_graph_query_ratio=0.0000, query_row_global_support_mass=1.2724, query_row_personal_support_mass=0.0000, neighbor_row_personal_delta=0.0000, personal_row_budget_mean=0.0000, personal_query_row_std=0.0000, readout_query_support_mass=1.2724, personal_student_mix=0.0000, personal_student_adapter=0.0000, local_row_ratio=0.0000, support_density=0.0000, readout_query_delta=0.3871, personal_bad_rows=0.00, personal_fallback_rows=0.00, personal_logits_absmax=0.0000
2026-04-17 05:46:15,071 - INFO - [assist_09|assist_09_abce_best_no_E|lr=0.0003|drop=0.20] [Diag][A] Epoch [008] | entropy_ratio=0.5318, diag_mass=0.0500, to_uniform_l2=0.023784, to_identity_l2=0.089156, relation_identity_delta=0.089156, knowledge_state_graph_delta=0.750262, knowledge_state_personal_delta=0.000000, share_concept_embeddings=True, tau_mean=0.6932, tau_std=0.0000, graph_reg_scale(train/val)=1.0000/1.0000
2026-04-17 05:46:15,071 - INFO - [assist_09|assist_09_abce_best_no_E|lr=0.0003|drop=0.20] [Grad Norms] Epoch [008] | relation_emb=2.377861e-01, relation_tau=3.305326e-08, relation_wq=4.119118e-06, relation_wk=2.047738e-06, personal_u=0.000000e+00, personal_v=0.000000e+00, personal_alpha_bias=0.000000e+00, personal_gate_emb=0.000000e+00, personal_gate_state_proj=0.000000e+00, personal_gate_context_proj=0.000000e+00, personal_gate_state_direct=0.000000e+00, personal_gate_id_direct=0.000000e+00, personal_gate_context_direct=0.000000e+00, personal_gate_out=0.000000e+00, personal_generator_emb=0.000000e+00, personal_generator_context_proj=0.000000e+00, personal_generator_context_hidden=0.000000e+00, personal_generator_context_to_u=0.000000e+00, personal_generator_context_to_v=0.000000e+00, personal_generator_state_row=0.000000e+00, personal_generator_state_col=0.000000e+00, personal_generator_id_row=0.000000e+00, personal_generator_id_col=0.000000e+00, personal_generator_state_adapter=0.000000e+00, personal_generator_id_adapter=0.000000e+00, personal_generator_context_adapter=0.000000e+00, personal_generator_direct_scale=0.000000e+00
2026-04-17 05:46:15,072 - INFO - [assist_09|assist_09_abce_best_no_E|lr=0.0003|drop=0.20] -> No improvement 1 epoch(s) (best AUC=0.7466 @ 7)
2026-04-17 05:46:52,059 - INFO - [assist_09|assist_09_abce_best_no_E|lr=0.0003|drop=0.20] Epoch [009/100] | Train: Loss=0.5253, BCE=0.5173, Reg=0.0080, AUC=0.7859, ACC=0.7374, RMSE=0.4159 | Val: Loss=0.5571, BCE=0.5491, Reg=0.0080, AUC=0.7503, ACC=0.7193, RMSE=0.4301
2026-04-17 05:46:52,059 - INFO - [assist_09|assist_09_abce_best_no_E|lr=0.0003|drop=0.20] [Reg Terms] Epoch [009] | Train: graph_entropy=0.000000, graph_diag=0.005000, graph_uniform=0.003049, graph_reg_scale=1.0000, prediction_l2=0.000000, personal_sparse=0.000000, alpha_var=0.000000, alpha_collapse=0.000000, reg_bce_ratio=0.0156 | Val: graph_entropy=0.000000, graph_diag=0.005000, graph_uniform=0.003049, graph_reg_scale=1.0000, prediction_l2=0.000000, personal_sparse=0.000000, alpha_var=0.000000, alpha_collapse=0.000000, reg_bce_ratio=0.0147
2026-04-17 05:46:52,212 - INFO - [assist_09|assist_09_abce_best_no_E|lr=0.0003|drop=0.20] [Diag][AE] Epoch [009] | irt_abs_mean=1.3989, irt_std=0.8025, personal_warmup_scale=1.00, graph_row_entropy=2.5592, graph_entropy_ratio=0.5318, alpha_mean=0.0000, alpha_std=0.0000, alpha_base_mean=0.0000, alpha_delta_absmean=0.0000, alpha_saturation_ratio=0.0000, alpha_bias_std=NA, alpha_state_path=0.0000, alpha_id_path=0.0000, alpha_bias_path=0.0000, head_bias_path=0.0000, personal_row_entropy=0.0000, personal_matrix_delta=0.0000, personal_matrix_student_std=0.0000, personal_delta_pre_softmax_norm=0.0000, personal_delta_student_std=0.0000, alpha_head_std=0.0000, query_row_global_readout_delta=0.4099, query_row_personal_message_delta=0.0000, query_row_posterior_delta_abs=0.0000, query_row_posterior_kl=0.0000, personal_to_graph_query_ratio=0.0000, query_row_global_support_mass=1.1399, query_row_personal_support_mass=0.0000, neighbor_row_personal_delta=0.0000, personal_row_budget_mean=0.0000, personal_query_row_std=0.0000, readout_query_support_mass=1.1399, personal_student_mix=0.0000, personal_student_adapter=0.0000, local_row_ratio=0.0000, support_density=0.0000, readout_query_delta=0.4099, personal_bad_rows=0.00, personal_fallback_rows=0.00, personal_logits_absmax=0.0000
2026-04-17 05:46:52,212 - INFO - [assist_09|assist_09_abce_best_no_E|lr=0.0003|drop=0.20] [Diag][A] Epoch [009] | entropy_ratio=0.5318, diag_mass=0.0500, to_uniform_l2=0.023784, to_identity_l2=0.089156, relation_identity_delta=0.089156, knowledge_state_graph_delta=0.786246, knowledge_state_personal_delta=0.000000, share_concept_embeddings=True, tau_mean=0.6931, tau_std=0.0001, graph_reg_scale(train/val)=1.0000/1.0000
2026-04-17 05:46:52,212 - INFO - [assist_09|assist_09_abce_best_no_E|lr=0.0003|drop=0.20] [Grad Norms] Epoch [009] | relation_emb=2.907568e-01, relation_tau=8.562886e-09, relation_wq=2.800408e-06, relation_wk=1.559780e-06, personal_u=0.000000e+00, personal_v=0.000000e+00, personal_alpha_bias=0.000000e+00, personal_gate_emb=0.000000e+00, personal_gate_state_proj=0.000000e+00, personal_gate_context_proj=0.000000e+00, personal_gate_state_direct=0.000000e+00, personal_gate_id_direct=0.000000e+00, personal_gate_context_direct=0.000000e+00, personal_gate_out=0.000000e+00, personal_generator_emb=0.000000e+00, personal_generator_context_proj=0.000000e+00, personal_generator_context_hidden=0.000000e+00, personal_generator_context_to_u=0.000000e+00, personal_generator_context_to_v=0.000000e+00, personal_generator_state_row=0.000000e+00, personal_generator_state_col=0.000000e+00, personal_generator_id_row=0.000000e+00, personal_generator_id_col=0.000000e+00, personal_generator_state_adapter=0.000000e+00, personal_generator_id_adapter=0.000000e+00, personal_generator_context_adapter=0.000000e+00, personal_generator_direct_scale=0.000000e+00
2026-04-17 05:46:52,468 - INFO - [assist_09|assist_09_abce_best_no_E|lr=0.0003|drop=0.20] -> New best AUC=0.7503 at epoch 9
2026-04-17 05:47:30,281 - INFO - [assist_09|assist_09_abce_best_no_E|lr=0.0003|drop=0.20] Epoch [010/100] | Train: Loss=0.5199, BCE=0.5119, Reg=0.0080, AUC=0.7918, ACC=0.7403, RMSE=0.4135 | Val: Loss=0.5569, BCE=0.5488, Reg=0.0080, AUC=0.7511, ACC=0.7192, RMSE=0.4300
2026-04-17 05:47:30,281 - INFO - [assist_09|assist_09_abce_best_no_E|lr=0.0003|drop=0.20] [Reg Terms] Epoch [010] | Train: graph_entropy=0.000000, graph_diag=0.005000, graph_uniform=0.003049, graph_reg_scale=1.0000, prediction_l2=0.000000, personal_sparse=0.000000, alpha_var=0.000000, alpha_collapse=0.000000, reg_bce_ratio=0.0157 | Val: graph_entropy=0.000000, graph_diag=0.005000, graph_uniform=0.003049, graph_reg_scale=1.0000, prediction_l2=0.000000, personal_sparse=0.000000, alpha_var=0.000000, alpha_collapse=0.000000, reg_bce_ratio=0.0147
2026-04-17 05:47:30,437 - INFO - [assist_09|assist_09_abce_best_no_E|lr=0.0003|drop=0.20] [Diag][AE] Epoch [010] | irt_abs_mean=1.3953, irt_std=0.8445, personal_warmup_scale=1.00, graph_row_entropy=2.5592, graph_entropy_ratio=0.5318, alpha_mean=0.0000, alpha_std=0.0000, alpha_base_mean=0.0000, alpha_delta_absmean=0.0000, alpha_saturation_ratio=0.0000, alpha_bias_std=NA, alpha_state_path=0.0000, alpha_id_path=0.0000, alpha_bias_path=0.0000, head_bias_path=0.0000, personal_row_entropy=0.0000, personal_matrix_delta=0.0000, personal_matrix_student_std=0.0000, personal_delta_pre_softmax_norm=0.0000, personal_delta_student_std=0.0000, alpha_head_std=0.0000, query_row_global_readout_delta=0.4328, query_row_personal_message_delta=0.0000, query_row_posterior_delta_abs=0.0000, query_row_posterior_kl=0.0000, personal_to_graph_query_ratio=0.0000, query_row_global_support_mass=1.1113, query_row_personal_support_mass=0.0000, neighbor_row_personal_delta=0.0000, personal_row_budget_mean=0.0000, personal_query_row_std=0.0000, readout_query_support_mass=1.1113, personal_student_mix=0.0000, personal_student_adapter=0.0000, local_row_ratio=0.0000, support_density=0.0000, readout_query_delta=0.4328, personal_bad_rows=0.00, personal_fallback_rows=0.00, personal_logits_absmax=0.0000
2026-04-17 05:47:30,438 - INFO - [assist_09|assist_09_abce_best_no_E|lr=0.0003|drop=0.20] [Diag][A] Epoch [010] | entropy_ratio=0.5318, diag_mass=0.0500, to_uniform_l2=0.023784, to_identity_l2=0.089156, relation_identity_delta=0.089156, knowledge_state_graph_delta=0.838949, knowledge_state_personal_delta=0.000000, share_concept_embeddings=True, tau_mean=0.6930, tau_std=0.0002, graph_reg_scale(train/val)=1.0000/1.0000
2026-04-17 05:47:30,438 - INFO - [assist_09|assist_09_abce_best_no_E|lr=0.0003|drop=0.20] [Grad Norms] Epoch [010] | relation_emb=2.904879e-01, relation_tau=7.153790e-08, relation_wq=3.748916e-06, relation_wk=2.900718e-06, personal_u=0.000000e+00, personal_v=0.000000e+00, personal_alpha_bias=0.000000e+00, personal_gate_emb=0.000000e+00, personal_gate_state_proj=0.000000e+00, personal_gate_context_proj=0.000000e+00, personal_gate_state_direct=0.000000e+00, personal_gate_id_direct=0.000000e+00, personal_gate_context_direct=0.000000e+00, personal_gate_out=0.000000e+00, personal_generator_emb=0.000000e+00, personal_generator_context_proj=0.000000e+00, personal_generator_context_hidden=0.000000e+00, personal_generator_context_to_u=0.000000e+00, personal_generator_context_to_v=0.000000e+00, personal_generator_state_row=0.000000e+00, personal_generator_state_col=0.000000e+00, personal_generator_id_row=0.000000e+00, personal_generator_id_col=0.000000e+00, personal_generator_state_adapter=0.000000e+00, personal_generator_id_adapter=0.000000e+00, personal_generator_context_adapter=0.000000e+00, personal_generator_direct_scale=0.000000e+00
2026-04-17 05:47:30,760 - INFO - [assist_09|assist_09_abce_best_no_E|lr=0.0003|drop=0.20] -> New best AUC=0.7511 at epoch 10
2026-04-17 05:47:30,780 - INFO - [assist_09|assist_09_abce_best_no_E|lr=0.0003|drop=0.20] Checkpoint saved: checkpoints/abce_diag/20260417_051529/assist_09/seed42/best_no_E/checkpoint_epoch_10.pth
2026-04-17 05:47:30,943 - INFO - [assist_09|assist_09_abce_best_no_E|lr=0.0003|drop=0.20] [Module Activity] Epoch 10: Graph[LIVE]
2026-04-17 05:48:08,760 - INFO - [assist_09|assist_09_abce_best_no_E|lr=0.0003|drop=0.20] Epoch [011/100] | Train: Loss=0.5150, BCE=0.5070, Reg=0.0080, AUC=0.7969, ACC=0.7437, RMSE=0.4112 | Val: Loss=0.5560, BCE=0.5480, Reg=0.0080, AUC=0.7526, ACC=0.7200, RMSE=0.4294
2026-04-17 05:48:08,760 - INFO - [assist_09|assist_09_abce_best_no_E|lr=0.0003|drop=0.20] [Reg Terms] Epoch [011] | Train: graph_entropy=0.000000, graph_diag=0.005000, graph_uniform=0.003049, graph_reg_scale=1.0000, prediction_l2=0.000000, personal_sparse=0.000000, alpha_var=0.000000, alpha_collapse=0.000000, reg_bce_ratio=0.0159 | Val: graph_entropy=0.000000, graph_diag=0.005000, graph_uniform=0.003049, graph_reg_scale=1.0000, prediction_l2=0.000000, personal_sparse=0.000000, alpha_var=0.000000, alpha_collapse=0.000000, reg_bce_ratio=0.0147
2026-04-17 05:48:08,913 - INFO - [assist_09|assist_09_abce_best_no_E|lr=0.0003|drop=0.20] [Diag][AE] Epoch [011] | irt_abs_mean=1.4510, irt_std=0.8533, personal_warmup_scale=1.00, graph_row_entropy=2.5592, graph_entropy_ratio=0.5318, alpha_mean=0.0000, alpha_std=0.0000, alpha_base_mean=0.0000, alpha_delta_absmean=0.0000, alpha_saturation_ratio=0.0000, alpha_bias_std=NA, alpha_state_path=0.0000, alpha_id_path=0.0000, alpha_bias_path=0.0000, head_bias_path=0.0000, personal_row_entropy=0.0000, personal_matrix_delta=0.0000, personal_matrix_student_std=0.0000, personal_delta_pre_softmax_norm=0.0000, personal_delta_student_std=0.0000, alpha_head_std=0.0000, query_row_global_readout_delta=0.4615, query_row_personal_message_delta=0.0000, query_row_posterior_delta_abs=0.0000, query_row_posterior_kl=0.0000, personal_to_graph_query_ratio=0.0000, query_row_global_support_mass=1.0540, query_row_personal_support_mass=0.0000, neighbor_row_personal_delta=0.0000, personal_row_budget_mean=0.0000, personal_query_row_std=0.0000, readout_query_support_mass=1.0540, personal_student_mix=0.0000, personal_student_adapter=0.0000, local_row_ratio=0.0000, support_density=0.0000, readout_query_delta=0.4615, personal_bad_rows=0.00, personal_fallback_rows=0.00, personal_logits_absmax=0.0000
2026-04-17 05:48:08,913 - INFO - [assist_09|assist_09_abce_best_no_E|lr=0.0003|drop=0.20] [Diag][A] Epoch [011] | entropy_ratio=0.5318, diag_mass=0.0500, to_uniform_l2=0.023784, to_identity_l2=0.089156, relation_identity_delta=0.089156, knowledge_state_graph_delta=0.894524, knowledge_state_personal_delta=0.000000, share_concept_embeddings=True, tau_mean=0.6932, tau_std=0.0000, graph_reg_scale(train/val)=1.0000/1.0000
2026-04-17 05:48:08,913 - INFO - [assist_09|assist_09_abce_best_no_E|lr=0.0003|drop=0.20] [Grad Norms] Epoch [011] | relation_emb=3.617634e-01, relation_tau=1.054915e-07, relation_wq=4.027769e-06, relation_wk=2.452727e-06, personal_u=0.000000e+00, personal_v=0.000000e+00, personal_alpha_bias=0.000000e+00, personal_gate_emb=0.000000e+00, personal_gate_state_proj=0.000000e+00, personal_gate_context_proj=0.000000e+00, personal_gate_state_direct=0.000000e+00, personal_gate_id_direct=0.000000e+00, personal_gate_context_direct=0.000000e+00, personal_gate_out=0.000000e+00, personal_generator_emb=0.000000e+00, personal_generator_context_proj=0.000000e+00, personal_generator_context_hidden=0.000000e+00, personal_generator_context_to_u=0.000000e+00, personal_generator_context_to_v=0.000000e+00, personal_generator_state_row=0.000000e+00, personal_generator_state_col=0.000000e+00, personal_generator_id_row=0.000000e+00, personal_generator_id_col=0.000000e+00, personal_generator_state_adapter=0.000000e+00, personal_generator_id_adapter=0.000000e+00, personal_generator_context_adapter=0.000000e+00, personal_generator_direct_scale=0.000000e+00
2026-04-17 05:48:09,155 - INFO - [assist_09|assist_09_abce_best_no_E|lr=0.0003|drop=0.20] -> New best AUC=0.7526 at epoch 11
2026-04-17 05:48:43,726 - INFO - [assist_09|assist_09_abce_best_no_E|lr=0.0003|drop=0.20] Epoch [012/100] | Train: Loss=0.5100, BCE=0.5019, Reg=0.0080, AUC=0.8024, ACC=0.7457, RMSE=0.4090 | Val: Loss=0.5577, BCE=0.5496, Reg=0.0080, AUC=0.7565, ACC=0.7210, RMSE=0.4300
2026-04-17 05:48:43,726 - INFO - [assist_09|assist_09_abce_best_no_E|lr=0.0003|drop=0.20] [Reg Terms] Epoch [012] | Train: graph_entropy=0.000000, graph_diag=0.005000, graph_uniform=0.003049, graph_reg_scale=1.0000, prediction_l2=0.000000, personal_sparse=0.000000, alpha_var=0.000000, alpha_collapse=0.000000, reg_bce_ratio=0.0160 | Val: graph_entropy=0.000000, graph_diag=0.005000, graph_uniform=0.003049, graph_reg_scale=1.0000, prediction_l2=0.000000, personal_sparse=0.000000, alpha_var=0.000000, alpha_collapse=0.000000, reg_bce_ratio=0.0146
2026-04-17 05:48:43,894 - INFO - [assist_09|assist_09_abce_best_no_E|lr=0.0003|drop=0.20] [Diag][AE] Epoch [012] | irt_abs_mean=1.6471, irt_std=0.9176, personal_warmup_scale=1.00, graph_row_entropy=2.5592, graph_entropy_ratio=0.5318, alpha_mean=0.0000, alpha_std=0.0000, alpha_base_mean=0.0000, alpha_delta_absmean=0.0000, alpha_saturation_ratio=0.0000, alpha_bias_std=NA, alpha_state_path=0.0000, alpha_id_path=0.0000, alpha_bias_path=0.0000, head_bias_path=0.0000, personal_row_entropy=0.0000, personal_matrix_delta=0.0000, personal_matrix_student_std=0.0000, personal_delta_pre_softmax_norm=0.0000, personal_delta_student_std=0.0000, alpha_head_std=0.0000, query_row_global_readout_delta=0.4842, query_row_personal_message_delta=0.0000, query_row_posterior_delta_abs=0.0000, query_row_posterior_kl=0.0000, personal_to_graph_query_ratio=0.0000, query_row_global_support_mass=1.0633, query_row_personal_support_mass=0.0000, neighbor_row_personal_delta=0.0000, personal_row_budget_mean=0.0000, personal_query_row_std=0.0000, readout_query_support_mass=1.0633, personal_student_mix=0.0000, personal_student_adapter=0.0000, local_row_ratio=0.0000, support_density=0.0000, readout_query_delta=0.4842, personal_bad_rows=0.00, personal_fallback_rows=0.00, personal_logits_absmax=0.0000
2026-04-17 05:48:43,894 - INFO - [assist_09|assist_09_abce_best_no_E|lr=0.0003|drop=0.20] [Diag][A] Epoch [012] | entropy_ratio=0.5318, diag_mass=0.0500, to_uniform_l2=0.023784, to_identity_l2=0.089156, relation_identity_delta=0.089156, knowledge_state_graph_delta=0.950304, knowledge_state_personal_delta=0.000000, share_concept_embeddings=True, tau_mean=0.6932, tau_std=0.0001, graph_reg_scale(train/val)=1.0000/1.0000
2026-04-17 05:48:43,895 - INFO - [assist_09|assist_09_abce_best_no_E|lr=0.0003|drop=0.20] [Grad Norms] Epoch [012] | relation_emb=3.546312e-01, relation_tau=7.919513e-08, relation_wq=2.885298e-06, relation_wk=2.537260e-06, personal_u=0.000000e+00, personal_v=0.000000e+00, personal_alpha_bias=0.000000e+00, personal_gate_emb=0.000000e+00, personal_gate_state_proj=0.000000e+00, personal_gate_context_proj=0.000000e+00, personal_gate_state_direct=0.000000e+00, personal_gate_id_direct=0.000000e+00, personal_gate_context_direct=0.000000e+00, personal_gate_out=0.000000e+00, personal_generator_emb=0.000000e+00, personal_generator_context_proj=0.000000e+00, personal_generator_context_hidden=0.000000e+00, personal_generator_context_to_u=0.000000e+00, personal_generator_context_to_v=0.000000e+00, personal_generator_state_row=0.000000e+00, personal_generator_state_col=0.000000e+00, personal_generator_id_row=0.000000e+00, personal_generator_id_col=0.000000e+00, personal_generator_state_adapter=0.000000e+00, personal_generator_id_adapter=0.000000e+00, personal_generator_context_adapter=0.000000e+00, personal_generator_direct_scale=0.000000e+00
2026-04-17 05:48:44,148 - INFO - [assist_09|assist_09_abce_best_no_E|lr=0.0003|drop=0.20] -> New best AUC=0.7565 at epoch 12
2026-04-17 05:49:20,753 - INFO - [assist_09|assist_09_abce_best_no_E|lr=0.0003|drop=0.20] Epoch [013/100] | Train: Loss=0.5064, BCE=0.4984, Reg=0.0081, AUC=0.8057, ACC=0.7473, RMSE=0.4075 | Val: Loss=0.5561, BCE=0.5481, Reg=0.0080, AUC=0.7561, ACC=0.7231, RMSE=0.4293
2026-04-17 05:49:20,753 - INFO - [assist_09|assist_09_abce_best_no_E|lr=0.0003|drop=0.20] [Reg Terms] Epoch [013] | Train: graph_entropy=0.000000, graph_diag=0.005003, graph_uniform=0.003049, graph_reg_scale=1.0000, prediction_l2=0.000000, personal_sparse=0.000000, alpha_var=0.000000, alpha_collapse=0.000000, reg_bce_ratio=0.0162 | Val: graph_entropy=0.000000, graph_diag=0.005000, graph_uniform=0.003049, graph_reg_scale=1.0000, prediction_l2=0.000001, personal_sparse=0.000000, alpha_var=0.000000, alpha_collapse=0.000000, reg_bce_ratio=0.0147
2026-04-17 05:49:20,907 - INFO - [assist_09|assist_09_abce_best_no_E|lr=0.0003|drop=0.20] [Diag][AE] Epoch [013] | irt_abs_mean=1.5669, irt_std=0.8764, personal_warmup_scale=1.00, graph_row_entropy=2.5592, graph_entropy_ratio=0.5318, alpha_mean=0.0000, alpha_std=0.0000, alpha_base_mean=0.0000, alpha_delta_absmean=0.0000, alpha_saturation_ratio=0.0000, alpha_bias_std=NA, alpha_state_path=0.0000, alpha_id_path=0.0000, alpha_bias_path=0.0000, head_bias_path=0.0000, personal_row_entropy=0.0000, personal_matrix_delta=0.0000, personal_matrix_student_std=0.0000, personal_delta_pre_softmax_norm=0.0000, personal_delta_student_std=0.0000, alpha_head_std=0.0000, query_row_global_readout_delta=0.5024, query_row_personal_message_delta=0.0000, query_row_posterior_delta_abs=0.0000, query_row_posterior_kl=0.0000, personal_to_graph_query_ratio=0.0000, query_row_global_support_mass=1.0222, query_row_personal_support_mass=0.0000, neighbor_row_personal_delta=0.0000, personal_row_budget_mean=0.0000, personal_query_row_std=0.0000, readout_query_support_mass=1.0222, personal_student_mix=0.0000, personal_student_adapter=0.0000, local_row_ratio=0.0000, support_density=0.0000, readout_query_delta=0.5024, personal_bad_rows=0.00, personal_fallback_rows=0.00, personal_logits_absmax=0.0000
2026-04-17 05:49:20,908 - INFO - [assist_09|assist_09_abce_best_no_E|lr=0.0003|drop=0.20] [Diag][A] Epoch [013] | entropy_ratio=0.5318, diag_mass=0.0500, to_uniform_l2=0.023784, to_identity_l2=0.089156, relation_identity_delta=0.089156, knowledge_state_graph_delta=1.004671, knowledge_state_personal_delta=0.000000, share_concept_embeddings=True, tau_mean=0.6932, tau_std=0.0001, graph_reg_scale(train/val)=1.0000/1.0000
2026-04-17 05:49:20,908 - INFO - [assist_09|assist_09_abce_best_no_E|lr=0.0003|drop=0.20] [Grad Norms] Epoch [013] | relation_emb=3.394707e-01, relation_tau=1.599830e-08, relation_wq=1.190381e-06, relation_wk=8.402135e-07, personal_u=0.000000e+00, personal_v=0.000000e+00, personal_alpha_bias=0.000000e+00, personal_gate_emb=0.000000e+00, personal_gate_state_proj=0.000000e+00, personal_gate_context_proj=0.000000e+00, personal_gate_state_direct=0.000000e+00, personal_gate_id_direct=0.000000e+00, personal_gate_context_direct=0.000000e+00, personal_gate_out=0.000000e+00, personal_generator_emb=0.000000e+00, personal_generator_context_proj=0.000000e+00, personal_generator_context_hidden=0.000000e+00, personal_generator_context_to_u=0.000000e+00, personal_generator_context_to_v=0.000000e+00, personal_generator_state_row=0.000000e+00, personal_generator_state_col=0.000000e+00, personal_generator_id_row=0.000000e+00, personal_generator_id_col=0.000000e+00, personal_generator_state_adapter=0.000000e+00, personal_generator_id_adapter=0.000000e+00, personal_generator_context_adapter=0.000000e+00, personal_generator_direct_scale=0.000000e+00
2026-04-17 05:49:20,908 - INFO - [assist_09|assist_09_abce_best_no_E|lr=0.0003|drop=0.20] -> No improvement 1 epoch(s) (best AUC=0.7565 @ 12)
2026-04-17 05:49:59,600 - INFO - [assist_09|assist_09_abce_best_no_E|lr=0.0003|drop=0.20] Epoch [014/100] | Train: Loss=0.5021, BCE=0.4941, Reg=0.0080, AUC=0.8099, ACC=0.7504, RMSE=0.4055 | Val: Loss=0.5537, BCE=0.5457, Reg=0.0080, AUC=0.7563, ACC=0.7232, RMSE=0.4284
2026-04-17 05:49:59,600 - INFO - [assist_09|assist_09_abce_best_no_E|lr=0.0003|drop=0.20] [Reg Terms] Epoch [014] | Train: graph_entropy=0.000000, graph_diag=0.005000, graph_uniform=0.003049, graph_reg_scale=1.0000, prediction_l2=0.000001, personal_sparse=0.000000, alpha_var=0.000000, alpha_collapse=0.000000, reg_bce_ratio=0.0163 | Val: graph_entropy=0.000000, graph_diag=0.005000, graph_uniform=0.003049, graph_reg_scale=1.0000, prediction_l2=0.000001, personal_sparse=0.000000, alpha_var=0.000000, alpha_collapse=0.000000, reg_bce_ratio=0.0148
2026-04-17 05:49:59,764 - INFO - [assist_09|assist_09_abce_best_no_E|lr=0.0003|drop=0.20] [Diag][AE] Epoch [014] | irt_abs_mean=1.5462, irt_std=0.9039, personal_warmup_scale=1.00, graph_row_entropy=2.5592, graph_entropy_ratio=0.5318, alpha_mean=0.0000, alpha_std=0.0000, alpha_base_mean=0.0000, alpha_delta_absmean=0.0000, alpha_saturation_ratio=0.0000, alpha_bias_std=NA, alpha_state_path=0.0000, alpha_id_path=0.0000, alpha_bias_path=0.0000, head_bias_path=0.0000, personal_row_entropy=0.0000, personal_matrix_delta=0.0000, personal_matrix_student_std=0.0000, personal_delta_pre_softmax_norm=0.0000, personal_delta_student_std=0.0000, alpha_head_std=0.0000, query_row_global_readout_delta=0.5067, query_row_personal_message_delta=0.0000, query_row_posterior_delta_abs=0.0000, query_row_posterior_kl=0.0000, personal_to_graph_query_ratio=0.0000, query_row_global_support_mass=1.0806, query_row_personal_support_mass=0.0000, neighbor_row_personal_delta=0.0000, personal_row_budget_mean=0.0000, personal_query_row_std=0.0000, readout_query_support_mass=1.0806, personal_student_mix=0.0000, personal_student_adapter=0.0000, local_row_ratio=0.0000, support_density=0.0000, readout_query_delta=0.5067, personal_bad_rows=0.00, personal_fallback_rows=0.00, personal_logits_absmax=0.0000
2026-04-17 05:49:59,764 - INFO - [assist_09|assist_09_abce_best_no_E|lr=0.0003|drop=0.20] [Diag][A] Epoch [014] | entropy_ratio=0.5318, diag_mass=0.0500, to_uniform_l2=0.023784, to_identity_l2=0.089156, relation_identity_delta=0.089156, knowledge_state_graph_delta=1.027176, knowledge_state_personal_delta=0.000000, share_concept_embeddings=True, tau_mean=0.6933, tau_std=0.0001, graph_reg_scale(train/val)=1.0000/1.0000
2026-04-17 05:49:59,764 - INFO - [assist_09|assist_09_abce_best_no_E|lr=0.0003|drop=0.20] [Grad Norms] Epoch [014] | relation_emb=5.222715e-01, relation_tau=2.723937e-08, relation_wq=2.699136e-06, relation_wk=1.558675e-06, personal_u=0.000000e+00, personal_v=0.000000e+00, personal_alpha_bias=0.000000e+00, personal_gate_emb=0.000000e+00, personal_gate_state_proj=0.000000e+00, personal_gate_context_proj=0.000000e+00, personal_gate_state_direct=0.000000e+00, personal_gate_id_direct=0.000000e+00, personal_gate_context_direct=0.000000e+00, personal_gate_out=0.000000e+00, personal_generator_emb=0.000000e+00, personal_generator_context_proj=0.000000e+00, personal_generator_context_hidden=0.000000e+00, personal_generator_context_to_u=0.000000e+00, personal_generator_context_to_v=0.000000e+00, personal_generator_state_row=0.000000e+00, personal_generator_state_col=0.000000e+00, personal_generator_id_row=0.000000e+00, personal_generator_id_col=0.000000e+00, personal_generator_state_adapter=0.000000e+00, personal_generator_id_adapter=0.000000e+00, personal_generator_context_adapter=0.000000e+00, personal_generator_direct_scale=0.000000e+00
2026-04-17 05:49:59,765 - INFO - [assist_09|assist_09_abce_best_no_E|lr=0.0003|drop=0.20] -> No improvement 2 epoch(s) (best AUC=0.7565 @ 12)
2026-04-17 05:50:36,934 - INFO - [assist_09|assist_09_abce_best_no_E|lr=0.0003|drop=0.20] Epoch [015/100] | Train: Loss=0.4990, BCE=0.4909, Reg=0.0081, AUC=0.8128, ACC=0.7526, RMSE=0.4041 | Val: Loss=0.5550, BCE=0.5469, Reg=0.0080, AUC=0.7574, ACC=0.7243, RMSE=0.4286
2026-04-17 05:50:36,934 - INFO - [assist_09|assist_09_abce_best_no_E|lr=0.0003|drop=0.20] [Reg Terms] Epoch [015] | Train: graph_entropy=0.000000, graph_diag=0.005003, graph_uniform=0.003049, graph_reg_scale=1.0000, prediction_l2=0.000001, personal_sparse=0.000000, alpha_var=0.000000, alpha_collapse=0.000000, reg_bce_ratio=0.0164 | Val: graph_entropy=0.000000, graph_diag=0.005000, graph_uniform=0.003049, graph_reg_scale=1.0000, prediction_l2=0.000001, personal_sparse=0.000000, alpha_var=0.000000, alpha_collapse=0.000000, reg_bce_ratio=0.0147
2026-04-17 05:50:37,089 - INFO - [assist_09|assist_09_abce_best_no_E|lr=0.0003|drop=0.20] [Diag][AE] Epoch [015] | irt_abs_mean=1.5892, irt_std=0.9411, personal_warmup_scale=1.00, graph_row_entropy=2.5592, graph_entropy_ratio=0.5318, alpha_mean=0.0000, alpha_std=0.0000, alpha_base_mean=0.0000, alpha_delta_absmean=0.0000, alpha_saturation_ratio=0.0000, alpha_bias_std=NA, alpha_state_path=0.0000, alpha_id_path=0.0000, alpha_bias_path=0.0000, head_bias_path=0.0000, personal_row_entropy=0.0000, personal_matrix_delta=0.0000, personal_matrix_student_std=0.0000, personal_delta_pre_softmax_norm=0.0000, personal_delta_student_std=0.0000, alpha_head_std=0.0000, query_row_global_readout_delta=0.5370, query_row_personal_message_delta=0.0000, query_row_posterior_delta_abs=0.0000, query_row_posterior_kl=0.0000, personal_to_graph_query_ratio=0.0000, query_row_global_support_mass=0.8869, query_row_personal_support_mass=0.0000, neighbor_row_personal_delta=0.0000, personal_row_budget_mean=0.0000, personal_query_row_std=0.0000, readout_query_support_mass=0.8869, personal_student_mix=0.0000, personal_student_adapter=0.0000, local_row_ratio=0.0000, support_density=0.0000, readout_query_delta=0.5370, personal_bad_rows=0.00, personal_fallback_rows=0.00, personal_logits_absmax=0.0000
2026-04-17 05:50:37,090 - INFO - [assist_09|assist_09_abce_best_no_E|lr=0.0003|drop=0.20] [Diag][A] Epoch [015] | entropy_ratio=0.5318, diag_mass=0.0500, to_uniform_l2=0.023784, to_identity_l2=0.089156, relation_identity_delta=0.089156, knowledge_state_graph_delta=1.066662, knowledge_state_personal_delta=0.000000, share_concept_embeddings=True, tau_mean=0.6930, tau_std=0.0001, graph_reg_scale(train/val)=1.0000/1.0000
2026-04-17 05:50:37,090 - INFO - [assist_09|assist_09_abce_best_no_E|lr=0.0003|drop=0.20] [Grad Norms] Epoch [015] | relation_emb=5.897335e-01, relation_tau=4.098970e-08, relation_wq=2.186187e-06, relation_wk=2.354894e-06, personal_u=0.000000e+00, personal_v=0.000000e+00, personal_alpha_bias=0.000000e+00, personal_gate_emb=0.000000e+00, personal_gate_state_proj=0.000000e+00, personal_gate_context_proj=0.000000e+00, personal_gate_state_direct=0.000000e+00, personal_gate_id_direct=0.000000e+00, personal_gate_context_direct=0.000000e+00, personal_gate_out=0.000000e+00, personal_generator_emb=0.000000e+00, personal_generator_context_proj=0.000000e+00, personal_generator_context_hidden=0.000000e+00, personal_generator_context_to_u=0.000000e+00, personal_generator_context_to_v=0.000000e+00, personal_generator_state_row=0.000000e+00, personal_generator_state_col=0.000000e+00, personal_generator_id_row=0.000000e+00, personal_generator_id_col=0.000000e+00, personal_generator_state_adapter=0.000000e+00, personal_generator_id_adapter=0.000000e+00, personal_generator_context_adapter=0.000000e+00, personal_generator_direct_scale=0.000000e+00
2026-04-17 05:50:37,364 - INFO - [assist_09|assist_09_abce_best_no_E|lr=0.0003|drop=0.20] -> New best AUC=0.7574 at epoch 15
2026-04-17 05:51:14,883 - INFO - [assist_09|assist_09_abce_best_no_E|lr=0.0003|drop=0.20] Epoch [016/100] | Train: Loss=0.4956, BCE=0.4876, Reg=0.0080, AUC=0.8158, ACC=0.7538, RMSE=0.4026 | Val: Loss=0.5544, BCE=0.5463, Reg=0.0080, AUC=0.7587, ACC=0.7243, RMSE=0.4282
2026-04-17 05:51:14,883 - INFO - [assist_09|assist_09_abce_best_no_E|lr=0.0003|drop=0.20] [Reg Terms] Epoch [016] | Train: graph_entropy=0.000000, graph_diag=0.005000, graph_uniform=0.003049, graph_reg_scale=1.0000, prediction_l2=0.000001, personal_sparse=0.000000, alpha_var=0.000000, alpha_collapse=0.000000, reg_bce_ratio=0.0165 | Val: graph_entropy=0.000000, graph_diag=0.005000, graph_uniform=0.003049, graph_reg_scale=1.0000, prediction_l2=0.000001, personal_sparse=0.000000, alpha_var=0.000000, alpha_collapse=0.000000, reg_bce_ratio=0.0147
2026-04-17 05:51:15,041 - INFO - [assist_09|assist_09_abce_best_no_E|lr=0.0003|drop=0.20] [Diag][AE] Epoch [016] | irt_abs_mean=1.6198, irt_std=0.9124, personal_warmup_scale=1.00, graph_row_entropy=2.5592, graph_entropy_ratio=0.5318, alpha_mean=0.0000, alpha_std=0.0000, alpha_base_mean=0.0000, alpha_delta_absmean=0.0000, alpha_saturation_ratio=0.0000, alpha_bias_std=NA, alpha_state_path=0.0000, alpha_id_path=0.0000, alpha_bias_path=0.0000, head_bias_path=0.0000, personal_row_entropy=0.0000, personal_matrix_delta=0.0000, personal_matrix_student_std=0.0000, personal_delta_pre_softmax_norm=0.0000, personal_delta_student_std=0.0000, alpha_head_std=0.0000, query_row_global_readout_delta=0.5563, query_row_personal_message_delta=0.0000, query_row_posterior_delta_abs=0.0000, query_row_posterior_kl=0.0000, personal_to_graph_query_ratio=0.0000, query_row_global_support_mass=0.9827, query_row_personal_support_mass=0.0000, neighbor_row_personal_delta=0.0000, personal_row_budget_mean=0.0000, personal_query_row_std=0.0000, readout_query_support_mass=0.9827, personal_student_mix=0.0000, personal_student_adapter=0.0000, local_row_ratio=0.0000, support_density=0.0000, readout_query_delta=0.5563, personal_bad_rows=0.00, personal_fallback_rows=0.00, personal_logits_absmax=0.0000
2026-04-17 05:51:15,041 - INFO - [assist_09|assist_09_abce_best_no_E|lr=0.0003|drop=0.20] [Diag][A] Epoch [016] | entropy_ratio=0.5318, diag_mass=0.0500, to_uniform_l2=0.023784, to_identity_l2=0.089156, relation_identity_delta=0.089156, knowledge_state_graph_delta=1.075196, knowledge_state_personal_delta=0.000000, share_concept_embeddings=True, tau_mean=0.6932, tau_std=0.0000, graph_reg_scale(train/val)=1.0000/1.0000
2026-04-17 05:51:15,041 - INFO - [assist_09|assist_09_abce_best_no_E|lr=0.0003|drop=0.20] [Grad Norms] Epoch [016] | relation_emb=4.577090e-01, relation_tau=1.129262e-07, relation_wq=3.758132e-06, relation_wk=1.732227e-06, personal_u=0.000000e+00, personal_v=0.000000e+00, personal_alpha_bias=0.000000e+00, personal_gate_emb=0.000000e+00, personal_gate_state_proj=0.000000e+00, personal_gate_context_proj=0.000000e+00, personal_gate_state_direct=0.000000e+00, personal_gate_id_direct=0.000000e+00, personal_gate_context_direct=0.000000e+00, personal_gate_out=0.000000e+00, personal_generator_emb=0.000000e+00, personal_generator_context_proj=0.000000e+00, personal_generator_context_hidden=0.000000e+00, personal_generator_context_to_u=0.000000e+00, personal_generator_context_to_v=0.000000e+00, personal_generator_state_row=0.000000e+00, personal_generator_state_col=0.000000e+00, personal_generator_id_row=0.000000e+00, personal_generator_id_col=0.000000e+00, personal_generator_state_adapter=0.000000e+00, personal_generator_id_adapter=0.000000e+00, personal_generator_context_adapter=0.000000e+00, personal_generator_direct_scale=0.000000e+00
2026-04-17 05:51:15,290 - INFO - [assist_09|assist_09_abce_best_no_E|lr=0.0003|drop=0.20] -> New best AUC=0.7587 at epoch 16
2026-04-17 05:51:53,905 - INFO - [assist_09|assist_09_abce_best_no_E|lr=0.0003|drop=0.20] Epoch [017/100] | Train: Loss=0.4926, BCE=0.4845, Reg=0.0080, AUC=0.8187, ACC=0.7555, RMSE=0.4012 | Val: Loss=0.5519, BCE=0.5439, Reg=0.0080, AUC=0.7569, ACC=0.7246, RMSE=0.4273
2026-04-17 05:51:53,905 - INFO - [assist_09|assist_09_abce_best_no_E|lr=0.0003|drop=0.20] [Reg Terms] Epoch [017] | Train: graph_entropy=0.000000, graph_diag=0.005000, graph_uniform=0.003049, graph_reg_scale=1.0000, prediction_l2=0.000001, personal_sparse=0.000000, alpha_var=0.000000, alpha_collapse=0.000000, reg_bce_ratio=0.0166 | Val: graph_entropy=0.000000, graph_diag=0.005000, graph_uniform=0.003049, graph_reg_scale=1.0000, prediction_l2=0.000001, personal_sparse=0.000000, alpha_var=0.000000, alpha_collapse=0.000000, reg_bce_ratio=0.0148
2026-04-17 05:51:54,049 - INFO - [assist_09|assist_09_abce_best_no_E|lr=0.0003|drop=0.20] [Diag][AE] Epoch [017] | irt_abs_mean=1.4964, irt_std=0.8827, personal_warmup_scale=1.00, graph_row_entropy=2.5592, graph_entropy_ratio=0.5318, alpha_mean=0.0000, alpha_std=0.0000, alpha_base_mean=0.0000, alpha_delta_absmean=0.0000, alpha_saturation_ratio=0.0000, alpha_bias_std=NA, alpha_state_path=0.0000, alpha_id_path=0.0000, alpha_bias_path=0.0000, head_bias_path=0.0000, personal_row_entropy=0.0000, personal_matrix_delta=0.0000, personal_matrix_student_std=0.0000, personal_delta_pre_softmax_norm=0.0000, personal_delta_student_std=0.0000, alpha_head_std=0.0000, query_row_global_readout_delta=0.5570, query_row_personal_message_delta=0.0000, query_row_posterior_delta_abs=0.0000, query_row_posterior_kl=0.0000, personal_to_graph_query_ratio=0.0000, query_row_global_support_mass=1.0386, query_row_personal_support_mass=0.0000, neighbor_row_personal_delta=0.0000, personal_row_budget_mean=0.0000, personal_query_row_std=0.0000, readout_query_support_mass=1.0386, personal_student_mix=0.0000, personal_student_adapter=0.0000, local_row_ratio=0.0000, support_density=0.0000, readout_query_delta=0.5570, personal_bad_rows=0.00, personal_fallback_rows=0.00, personal_logits_absmax=0.0000
2026-04-17 05:51:54,049 - INFO - [assist_09|assist_09_abce_best_no_E|lr=0.0003|drop=0.20] [Diag][A] Epoch [017] | entropy_ratio=0.5318, diag_mass=0.0500, to_uniform_l2=0.023784, to_identity_l2=0.089156, relation_identity_delta=0.089156, knowledge_state_graph_delta=1.096486, knowledge_state_personal_delta=0.000000, share_concept_embeddings=True, tau_mean=0.6932, tau_std=0.0000, graph_reg_scale(train/val)=1.0000/1.0000
2026-04-17 05:51:54,049 - INFO - [assist_09|assist_09_abce_best_no_E|lr=0.0003|drop=0.20] [Grad Norms] Epoch [017] | relation_emb=4.014019e-01, relation_tau=7.248669e-08, relation_wq=4.673738e-06, relation_wk=4.737692e-06, personal_u=0.000000e+00, personal_v=0.000000e+00, personal_alpha_bias=0.000000e+00, personal_gate_emb=0.000000e+00, personal_gate_state_proj=0.000000e+00, personal_gate_context_proj=0.000000e+00, personal_gate_state_direct=0.000000e+00, personal_gate_id_direct=0.000000e+00, personal_gate_context_direct=0.000000e+00, personal_gate_out=0.000000e+00, personal_generator_emb=0.000000e+00, personal_generator_context_proj=0.000000e+00, personal_generator_context_hidden=0.000000e+00, personal_generator_context_to_u=0.000000e+00, personal_generator_context_to_v=0.000000e+00, personal_generator_state_row=0.000000e+00, personal_generator_state_col=0.000000e+00, personal_generator_id_row=0.000000e+00, personal_generator_id_col=0.000000e+00, personal_generator_state_adapter=0.000000e+00, personal_generator_id_adapter=0.000000e+00, personal_generator_context_adapter=0.000000e+00, personal_generator_direct_scale=0.000000e+00
2026-04-17 05:51:54,050 - INFO - [assist_09|assist_09_abce_best_no_E|lr=0.0003|drop=0.20] -> No improvement 1 epoch(s) (best AUC=0.7587 @ 16)
2026-04-17 05:52:32,149 - INFO - [assist_09|assist_09_abce_best_no_E|lr=0.0003|drop=0.20] Epoch [018/100] | Train: Loss=0.4900, BCE=0.4820, Reg=0.0081, AUC=0.8209, ACC=0.7575, RMSE=0.4001 | Val: Loss=0.5525, BCE=0.5445, Reg=0.0080, AUC=0.7585, ACC=0.7256, RMSE=0.4276
2026-04-17 05:52:32,149 - INFO - [assist_09|assist_09_abce_best_no_E|lr=0.0003|drop=0.20] [Reg Terms] Epoch [018] | Train: graph_entropy=0.000000, graph_diag=0.005003, graph_uniform=0.003049, graph_reg_scale=1.0000, prediction_l2=0.000001, personal_sparse=0.000000, alpha_var=0.000000, alpha_collapse=0.000000, reg_bce_ratio=0.0167 | Val: graph_entropy=0.000000, graph_diag=0.005000, graph_uniform=0.003049, graph_reg_scale=1.0000, prediction_l2=0.000001, personal_sparse=0.000000, alpha_var=0.000000, alpha_collapse=0.000000, reg_bce_ratio=0.0148
2026-04-17 05:52:32,315 - INFO - [assist_09|assist_09_abce_best_no_E|lr=0.0003|drop=0.20] [Diag][AE] Epoch [018] | irt_abs_mean=1.6085, irt_std=0.9510, personal_warmup_scale=1.00, graph_row_entropy=2.5592, graph_entropy_ratio=0.5318, alpha_mean=0.0000, alpha_std=0.0000, alpha_base_mean=0.0000, alpha_delta_absmean=0.0000, alpha_saturation_ratio=0.0000, alpha_bias_std=NA, alpha_state_path=0.0000, alpha_id_path=0.0000, alpha_bias_path=0.0000, head_bias_path=0.0000, personal_row_entropy=0.0000, personal_matrix_delta=0.0000, personal_matrix_student_std=0.0000, personal_delta_pre_softmax_norm=0.0000, personal_delta_student_std=0.0000, alpha_head_std=0.0000, query_row_global_readout_delta=0.5802, query_row_personal_message_delta=0.0000, query_row_posterior_delta_abs=0.0000, query_row_posterior_kl=0.0000, personal_to_graph_query_ratio=0.0000, query_row_global_support_mass=0.8905, query_row_personal_support_mass=0.0000, neighbor_row_personal_delta=0.0000, personal_row_budget_mean=0.0000, personal_query_row_std=0.0000, readout_query_support_mass=0.8905, personal_student_mix=0.0000, personal_student_adapter=0.0000, local_row_ratio=0.0000, support_density=0.0000, readout_query_delta=0.5802, personal_bad_rows=0.00, personal_fallback_rows=0.00, personal_logits_absmax=0.0000
2026-04-17 05:52:32,315 - INFO - [assist_09|assist_09_abce_best_no_E|lr=0.0003|drop=0.20] [Diag][A] Epoch [018] | entropy_ratio=0.5318, diag_mass=0.0500, to_uniform_l2=0.023784, to_identity_l2=0.089156, relation_identity_delta=0.089156, knowledge_state_graph_delta=1.121433, knowledge_state_personal_delta=0.000000, share_concept_embeddings=True, tau_mean=0.6931, tau_std=0.0000, graph_reg_scale(train/val)=1.0000/1.0000
2026-04-17 05:52:32,315 - INFO - [assist_09|assist_09_abce_best_no_E|lr=0.0003|drop=0.20] [Grad Norms] Epoch [018] | relation_emb=4.103118e-01, relation_tau=6.926010e-09, relation_wq=1.807689e-06, relation_wk=1.189512e-06, personal_u=0.000000e+00, personal_v=0.000000e+00, personal_alpha_bias=0.000000e+00, personal_gate_emb=0.000000e+00, personal_gate_state_proj=0.000000e+00, personal_gate_context_proj=0.000000e+00, personal_gate_state_direct=0.000000e+00, personal_gate_id_direct=0.000000e+00, personal_gate_context_direct=0.000000e+00, personal_gate_out=0.000000e+00, personal_generator_emb=0.000000e+00, personal_generator_context_proj=0.000000e+00, personal_generator_context_hidden=0.000000e+00, personal_generator_context_to_u=0.000000e+00, personal_generator_context_to_v=0.000000e+00, personal_generator_state_row=0.000000e+00, personal_generator_state_col=0.000000e+00, personal_generator_id_row=0.000000e+00, personal_generator_id_col=0.000000e+00, personal_generator_state_adapter=0.000000e+00, personal_generator_id_adapter=0.000000e+00, personal_generator_context_adapter=0.000000e+00, personal_generator_direct_scale=0.000000e+00
2026-04-17 05:52:32,315 - INFO - [assist_09|assist_09_abce_best_no_E|lr=0.0003|drop=0.20] -> No improvement 2 epoch(s) (best AUC=0.7587 @ 16)
2026-04-17 05:53:09,351 - INFO - [assist_09|assist_09_abce_best_no_E|lr=0.0003|drop=0.20] Epoch [019/100] | Train: Loss=0.4880, BCE=0.4800, Reg=0.0080, AUC=0.8224, ACC=0.7583, RMSE=0.3993 | Val: Loss=0.5546, BCE=0.5466, Reg=0.0080, AUC=0.7586, ACC=0.7245, RMSE=0.4283
2026-04-17 05:53:09,351 - INFO - [assist_09|assist_09_abce_best_no_E|lr=0.0003|drop=0.20] [Reg Terms] Epoch [019] | Train: graph_entropy=0.000000, graph_diag=0.005000, graph_uniform=0.003049, graph_reg_scale=1.0000, prediction_l2=0.000001, personal_sparse=0.000000, alpha_var=0.000000, alpha_collapse=0.000000, reg_bce_ratio=0.0168 | Val: graph_entropy=0.000000, graph_diag=0.005000, graph_uniform=0.003049, graph_reg_scale=1.0000, prediction_l2=0.000001, personal_sparse=0.000000, alpha_var=0.000000, alpha_collapse=0.000000, reg_bce_ratio=0.0147
2026-04-17 05:53:09,497 - INFO - [assist_09|assist_09_abce_best_no_E|lr=0.0003|drop=0.20] [Diag][AE] Epoch [019] | irt_abs_mean=1.6006, irt_std=0.9285, personal_warmup_scale=1.00, graph_row_entropy=2.5592, graph_entropy_ratio=0.5318, alpha_mean=0.0000, alpha_std=0.0000, alpha_base_mean=0.0000, alpha_delta_absmean=0.0000, alpha_saturation_ratio=0.0000, alpha_bias_std=NA, alpha_state_path=0.0000, alpha_id_path=0.0000, alpha_bias_path=0.0000, head_bias_path=0.0000, personal_row_entropy=0.0000, personal_matrix_delta=0.0000, personal_matrix_student_std=0.0000, personal_delta_pre_softmax_norm=0.0000, personal_delta_student_std=0.0000, alpha_head_std=0.0000, query_row_global_readout_delta=0.5896, query_row_personal_message_delta=0.0000, query_row_posterior_delta_abs=0.0000, query_row_posterior_kl=0.0000, personal_to_graph_query_ratio=0.0000, query_row_global_support_mass=1.0290, query_row_personal_support_mass=0.0000, neighbor_row_personal_delta=0.0000, personal_row_budget_mean=0.0000, personal_query_row_std=0.0000, readout_query_support_mass=1.0290, personal_student_mix=0.0000, personal_student_adapter=0.0000, local_row_ratio=0.0000, support_density=0.0000, readout_query_delta=0.5896, personal_bad_rows=0.00, personal_fallback_rows=0.00, personal_logits_absmax=0.0000
2026-04-17 05:53:09,497 - INFO - [assist_09|assist_09_abce_best_no_E|lr=0.0003|drop=0.20] [Diag][A] Epoch [019] | entropy_ratio=0.5318, diag_mass=0.0500, to_uniform_l2=0.023784, to_identity_l2=0.089156, relation_identity_delta=0.089156, knowledge_state_graph_delta=1.128931, knowledge_state_personal_delta=0.000000, share_concept_embeddings=True, tau_mean=0.6933, tau_std=0.0000, graph_reg_scale(train/val)=1.0000/1.0000
2026-04-17 05:53:09,497 - INFO - [assist_09|assist_09_abce_best_no_E|lr=0.0003|drop=0.20] [Grad Norms] Epoch [019] | relation_emb=4.967137e-01, relation_tau=5.857203e-08, relation_wq=2.700471e-06, relation_wk=3.356052e-06, personal_u=0.000000e+00, personal_v=0.000000e+00, personal_alpha_bias=0.000000e+00, personal_gate_emb=0.000000e+00, personal_gate_state_proj=0.000000e+00, personal_gate_context_proj=0.000000e+00, personal_gate_state_direct=0.000000e+00, personal_gate_id_direct=0.000000e+00, personal_gate_context_direct=0.000000e+00, personal_gate_out=0.000000e+00, personal_generator_emb=0.000000e+00, personal_generator_context_proj=0.000000e+00, personal_generator_context_hidden=0.000000e+00, personal_generator_context_to_u=0.000000e+00, personal_generator_context_to_v=0.000000e+00, personal_generator_state_row=0.000000e+00, personal_generator_state_col=0.000000e+00, personal_generator_id_row=0.000000e+00, personal_generator_id_col=0.000000e+00, personal_generator_state_adapter=0.000000e+00, personal_generator_id_adapter=0.000000e+00, personal_generator_context_adapter=0.000000e+00, personal_generator_direct_scale=0.000000e+00
2026-04-17 05:53:09,497 - INFO - [assist_09|assist_09_abce_best_no_E|lr=0.0003|drop=0.20] -> No improvement 3 epoch(s) (best AUC=0.7587 @ 16)
2026-04-17 05:53:09,498 - INFO - [assist_09|assist_09_abce_best_no_E|lr=0.0003|drop=0.20] Early stopping at epoch 19 (best AUC=0.7587 @ 16)
2026-04-17 05:53:09,503 - INFO - Epoch-wise metrics saved to checkpoints/abce_diag/20260417_051529/assist_09/seed42/best_no_E/metrics_history.csv
2026-04-17 05:53:09,505 - INFO - [assist_09|assist_09_abce_best_no_E|lr=0.0003|drop=0.20] Training completed! Best Val AUC=0.7587 @ epoch 16
2026-04-17 05:53:09,671 - INFO - 
============================================================
         MODULE ACTIVITY REPORT
============================================================
Dataset: assist_09 | Seed: 42 | Epoch: 19

1. Concept Graph Module (A):
   - Mean row entropy: 2.559 / 4.812
   - Entropy ratio: 53.2%
   - Query readout delta: 0.5841
   - Status: LIVE (global graph is entering queried concept readout)

2. Personal Graph Module (E):
   - Status: DISABLED (use_personal_graph=False or no_E)

------------------------------------------------------------
SUMMARY:
   Active modules: Concept Graph (A)
   All enabled graph modules are functioning properly.
============================================================
2026-04-17 05:53:09,672 - INFO - [assist_09|assist_09_abce_best_no_E|lr=0.0003|drop=0.20] Module activity saved to checkpoints/abce_diag/20260417_051529/assist_09/seed42/best_no_E/module_activity.json
2026-04-17 05:53:09,719 - INFO - Using device: cuda:0 (physical gpu 2)
2026-04-17 05:53:09,719 - INFO - Loading model from checkpoints/abce_diag/20260417_051529/assist_09/seed42/best_no_E/best_model.pth...
2026-04-17 05:53:09,821 - INFO - [Inference Filter] before=52549, after=51090, dropped=1459, coverage=97.22% (train-only seen student/item support)
2026-04-17 05:53:09,840 - INFO - Inference switches: ablate_module1=False | enable_module1=True | use_concept_graph=True | effective(num_gnn_layers=2)
2026-04-17 05:53:09,849 - INFO - [Inference] Ablation runtime check: args(ablate_module1=False) | expect(use_concept_graph=True,use_personal_graph=False) | model(enable_module1=True,use_concept_graph=True,use_personal_graph=False) | physical(has_knowledge_encoder=True,has_relation_learning=True,has_adaptive_gate=False,has_personal_generator=False)
2026-04-17 05:53:09,849 - INFO - [Inference] [Graph Init] graph_tau_mean=1.0055, graph_tau_std=0.0000, graph_dropout=0.000, use_personal_graph=False
2026-04-17 05:53:09,850 - INFO - Model loaded from epoch 16. Start testing...
2026-04-17 05:53:10,981 - INFO - [Test] 200/400 batches done, samples=25600
2026-04-17 05:53:12,004 - INFO - [Test] 400/400 batches done, samples=51090
2026-04-17 05:53:12,114 - INFO - 
==================================================
2026-04-17 05:53:12,114 - INFO - Test Results:
2026-04-17 05:53:12,114 - INFO - AUC: 0.7593
2026-04-17 05:53:12,114 - INFO - ACC: 0.7296
2026-04-17 05:53:12,114 - INFO - RMSE: 0.4259
2026-04-17 05:53:12,114 - INFO - ==================================================
2026-04-17 05:53:12,134 - INFO - Summary appended to /home/zsh/ConceptSkillCDM/results/experiment_results.csv
2026-04-17 05:53:12,138 - INFO - Run completed.
2026-04-17 05:53:12,138 - INFO - Best validation AUC: 0.7587 at epoch 16
2026-04-17 05:53:12,138 - INFO - Test metrics - AUC: 0.7593, ACC: 0.7296, RMSE: 0.4259
