2026-04-16 09:55:20,093 - INFO - Arguments:
2026-04-16 09:55:20,093 - INFO -   ablate_concept_graph: False
2026-04-16 09:55:20,093 - INFO -   ablate_module1: False
2026-04-16 09:55:20,093 - INFO -   allow_self_loop: True
2026-04-16 09:55:20,093 - INFO -   alpha_min_target: 0.0
2026-04-16 09:55:20,093 - INFO -   batch_size: 64
2026-04-16 09:55:20,093 - INFO -   data_dir: ./data/junyi
2026-04-16 09:55:20,093 - INFO -   dataset_name: junyi
2026-04-16 09:55:20,093 - INFO -   debug_graph_diag: True
2026-04-16 09:55:20,093 - INFO -   diag_batches: 1
2026-04-16 09:55:20,093 - INFO -   disable_self_loop: False
2026-04-16 09:55:20,093 - INFO -   dropout: 0.4
2026-04-16 09:55:20,093 - INFO -   early_stop_patience: 3
2026-04-16 09:55:20,093 - INFO -   enable_module1: True
2026-04-16 09:55:20,093 - INFO -   epochs: 100
2026-04-16 09:55:20,093 - INFO -   generate_diagnosis: False
2026-04-16 09:55:20,093 - INFO -   gnn_residual_weight: 0.5
2026-04-16 09:55:20,093 - INFO -   gpu_candidates: None
2026-04-16 09:55:20,093 - INFO -   gpu_ids: None
2026-04-16 09:55:20,093 - INFO -   gpu_memory_threshold: 2000
2026-04-16 09:55:20,093 - INFO -   gpus: None
2026-04-16 09:55:20,093 - INFO -   graph_dropout: 0.0
2026-04-16 09:55:20,093 - INFO -   graph_entropy_max: 0.7
2026-04-16 09:55:20,094 - INFO -   graph_entropy_min: 0.15
2026-04-16 09:55:20,094 - INFO -   graph_identity_residual: 0.05
2026-04-16 09:55:20,094 - INFO -   graph_propagation_alpha: 0.25
2026-04-16 09:55:20,094 - INFO -   graph_query_writeback_2hop_scale: 0.1
2026-04-16 09:55:20,094 - INFO -   graph_query_writeback_scale: 0.4
2026-04-16 09:55:20,094 - INFO -   graph_readout_1hop_scale: 0.4
2026-04-16 09:55:20,094 - INFO -   graph_readout_2hop_scale: 0.1
2026-04-16 09:55:20,094 - INFO -   graph_reg_cap_ratio: 6.0
2026-04-16 09:55:20,094 - INFO -   graph_reg_warmup_epochs: 2
2026-04-16 09:55:20,094 - INFO -   graph_tau_init: 0.55
2026-04-16 09:55:20,094 - INFO -   graph_topk: 24
2026-04-16 09:55:20,094 - INFO -   graph_uniform_margin: 0.12
2026-04-16 09:55:20,094 - INFO -   knowledge_dim: 128
2026-04-16 09:55:20,094 - INFO -   lambda_alpha: 0.0
2026-04-16 09:55:20,094 - INFO -   lambda_alpha_min: 0.0
2026-04-16 09:55:20,094 - INFO -   lambda_graph_diag: 0.12
2026-04-16 09:55:20,094 - INFO -   lambda_graph_uniform: 0.06
2026-04-16 09:55:20,094 - INFO -   lambda_sparse: 0.6
2026-04-16 09:55:20,094 - INFO -   lambda_sparse_personal: 0.0
2026-04-16 09:55:20,094 - INFO -   learning_rate: 0.003
2026-04-16 09:55:20,094 - INFO -   log_dir: logs/abce_diag/remote_sparse_local_20260416_d3a8de0/junyi/seed42/best_no_E_bs64
2026-04-16 09:55:20,094 - INFO -   max_test_batches: None
2026-04-16 09:55:20,094 - INFO -   max_train_batches: None
2026-04-16 09:55:20,094 - INFO -   max_val_batches: None
2026-04-16 09:55:20,094 - INFO -   min_exer_interactions: 0
2026-04-16 09:55:20,094 - INFO -   min_poison_count: 0
2026-04-16 09:55:20,094 - INFO -   min_stu_interactions: 15
2026-04-16 09:55:20,094 - INFO -   model_variant: junyi_abce_best_no_E_bs64
2026-04-16 09:55:20,094 - INFO -   multi_gpu: False
2026-04-16 09:55:20,094 - INFO -   no_cuda: False
2026-04-16 09:55:20,094 - INFO -   num_gnn_layers: 2
2026-04-16 09:55:20,095 - INFO -   num_gpus: 1
2026-04-16 09:55:20,095 - INFO -   num_relation_heads: 2
2026-04-16 09:55:20,095 - INFO -   num_workers: 4
2026-04-16 09:55:20,095 - INFO -   patience: 1
2026-04-16 09:55:20,095 - INFO -   personal_alpha_base_init: 0.04
2026-04-16 09:55:20,095 - INFO -   personal_alpha_bias_scale: 0.0
2026-04-16 09:55:20,095 - INFO -   personal_alpha_budget: 0.09
2026-04-16 09:55:20,095 - INFO -   personal_alpha_temperature: 1.8
2026-04-16 09:55:20,095 - INFO -   personal_delta_scale: 4.0
2026-04-16 09:55:20,095 - INFO -   personal_disable_student_global_context: True
2026-04-16 09:55:20,095 - INFO -   personal_id_lr_mult: 0.25
2026-04-16 09:55:20,095 - INFO -   personal_local_hops: 1
2026-04-16 09:55:20,095 - INFO -   personal_max_alpha: 0.26
2026-04-16 09:55:20,095 - INFO -   personal_neighbor_row_budget: 0.2
2026-04-16 09:55:20,095 - INFO -   personal_query_row_budget: 1.3
2026-04-16 09:55:20,095 - INFO -   personal_rank: 8
2026-04-16 09:55:20,095 - INFO -   personal_reg_warmup_epochs: 5
2026-04-16 09:55:20,095 - INFO -   personal_state_lr_mult: 1.5
2026-04-16 09:55:20,095 - INFO -   personal_student_dim: 64
2026-04-16 09:55:20,095 - INFO -   personal_support_only: True
2026-04-16 09:55:20,095 - INFO -   personal_warmup_epochs: 5
2026-04-16 09:55:20,095 - INFO -   prediction_l2_lambda: 1e-05
2026-04-16 09:55:20,095 - INFO -   save_dir: checkpoints/abce_diag/remote_sparse_local_20260416_d3a8de0/junyi/seed42/best_no_E_bs64
2026-04-16 09:55:20,095 - INFO -   save_interval: 10
2026-04-16 09:55:20,095 - INFO -   seed: 42
2026-04-16 09:55:20,095 - INFO -   share_concept_embeddings: True
2026-04-16 09:55:20,095 - INFO -   use_concept_graph: True
2026-04-16 09:55:20,095 - INFO -   use_exercise_graph: True
2026-04-16 09:55:20,095 - INFO -   use_personal_graph: False
2026-04-16 09:55:20,095 - INFO -   weight_decay: 0.001
2026-04-16 09:55:20,201 - INFO - Using device: cuda:0 (physical gpu 2)
2026-04-16 09:55:20,201 - INFO - [junyi|junyi_abce_best_no_E_bs64|lr=0.003|drop=0.40] Loading datasets...
2026-04-16 09:55:20,201 - INFO - [junyi|junyi_abce_best_no_E_bs64|lr=0.003|drop=0.40] Regularization: graph_entropy(lambda_sparse)=0.600000, graph_diag=0.120000, graph_uniform=0.060000, personal_sparse=0.000000, alpha_penalty=0.000000, alpha_min=0.000000, prediction_l2=0.000010
2026-04-16 09:55:20,201 - INFO - [junyi|junyi_abce_best_no_E_bs64|lr=0.003|drop=0.40] Graph controls: entropy_band=[0.15, 0.70], uniform_margin=0.12, warmup_epochs=2, cap_ratio=6.00, graph_dropout=0.000, graph_tau_init=0.550
2026-04-16 09:55:20,201 - INFO - [junyi|junyi_abce_best_no_E_bs64|lr=0.003|drop=0.40] Personal controls: personal_max_alpha=0.260, personal_delta_scale=4.000, personal_warmup_epochs=5, personal_student_dim=64, alpha_min_target=0.0000, personal_local_hops=1, personal_support_only=True, personal_alpha_temperature=1.800, personal_alpha_budget=0.090, personal_query_row_budget=1.300, personal_neighbor_row_budget=0.200, personal_state_lr_mult=1.500, personal_id_lr_mult=0.250, graph_propagation_alpha=0.250, graph_query_writeback_scale=0.400, graph_query_writeback_2hop_scale=0.100
2026-04-16 09:55:20,328 - INFO - [junyi] [数据清洗] 学生交互次数 < 15 次的学生：共移除 2188 个学生（仅统计用户数）
2026-04-16 09:55:20,348 - INFO - [junyi] [数据清洗] 学生冷启动过滤：在 train/valid/test 中共删除 35779 条记录。
2026-04-16 09:55:20,349 - INFO - [junyi] [数据清洗] 跳过题目冷门过滤（min_exer_interactions <= 0）。
2026-04-16 09:55:20,349 - INFO - [junyi] [数据清洗] 跳过毒题清洗（min_poison_count <= 0）。
2026-04-16 09:55:20,349 - INFO - [junyi] 正在构建ID映射...
2026-04-16 09:55:20,586 - INFO - [junyi] 正在构建Q矩阵...
2026-04-16 09:55:28,275 - INFO - [junyi] [数据清洗] Valid train-seen 过滤：before=22111, after=22111, dropped=0, coverage=100.00%
2026-04-16 09:55:28,282 - INFO - [junyi] [数据清洗] Test train-seen 过滤：before=60499, after=60494, dropped=5, coverage=99.99%
2026-04-16 09:55:28,283 - INFO - [junyi] [统计] 开始统计清洗后每道题的概念数量分布...
2026-04-16 09:55:28,287 - INFO - [junyi] [Train] 概念数统计：题目数=697, 平均概念数=1.0000, min=1, max=1, 1概念=697 (100.00%), ≥2概念=0 (0.00%)
2026-04-16 09:55:28,288 - INFO - [junyi] [Train] 概念数直方图（概念数: 题目数量）: {1: 697}
2026-04-16 09:55:28,288 - INFO - [junyi] [Valid] 概念数统计：题目数=614, 平均概念数=1.0000, min=1, max=1, 1概念=614 (100.00%), ≥2概念=0 (0.00%)
2026-04-16 09:55:28,288 - INFO - [junyi] [Valid] 概念数直方图（概念数: 题目数量）: {1: 614}
2026-04-16 09:55:28,289 - INFO - [junyi] [Test] 概念数统计：题目数=663, 平均概念数=1.0000, min=1, max=1, 1概念=663 (100.00%), ≥2概念=0 (0.00%)
2026-04-16 09:55:28,289 - INFO - [junyi] [Test] 概念数直方图（概念数: 题目数量）: {1: 663}
2026-04-16 09:55:28,289 - INFO - [junyi] [统计] 概念数量统计完成。
2026-04-16 09:55:28,289 - INFO - [junyi] 正在加载数据集...
2026-04-16 09:55:28,420 - INFO - [junyi|junyi_abce_best_no_E_bs64|lr=0.003|drop=0.40] Train samples: 235446, Val samples: 22111
2026-04-16 09:55:28,420 - INFO - [junyi|junyi_abce_best_no_E_bs64|lr=0.003|drop=0.40] Number of students: 7812
2026-04-16 09:55:28,420 - INFO - [junyi|junyi_abce_best_no_E_bs64|lr=0.003|drop=0.40] Number of exercises: 697
2026-04-16 09:55:28,420 - INFO - [junyi|junyi_abce_best_no_E_bs64|lr=0.003|drop=0.40] Number of concepts: 697
2026-04-16 09:55:28,420 - INFO - [junyi|junyi_abce_best_no_E_bs64|lr=0.003|drop=0.40] Creating model...
2026-04-16 09:55:28,420 - INFO - [junyi|junyi_abce_best_no_E_bs64|lr=0.003|drop=0.40] Ablation switches: ablate_module1=False | enable_module1=True | use_concept_graph=True | effective(num_gnn_layers=2)
2026-04-16 09:55:28,592 - INFO - [junyi|junyi_abce_best_no_E_bs64|lr=0.003|drop=0.40] Ablation runtime check: args(ablate_module1=False) | expect(use_concept_graph=True,use_personal_graph=False) | model(enable_module1=True,use_concept_graph=True,use_personal_graph=False) | physical(has_knowledge_encoder=True,has_relation_learning=True,has_adaptive_gate=False,has_personal_generator=False)
2026-04-16 09:55:28,592 - INFO - [junyi|junyi_abce_best_no_E_bs64|lr=0.003|drop=0.40] Debug diagnostics enabled: diag_batches=1
2026-04-16 09:55:28,620 - INFO - [junyi|junyi_abce_best_no_E_bs64|lr=0.003|drop=0.40] [Graph Init] graph_tau_mean=1.0055, graph_tau_std=0.0000, graph_dropout=0.000, use_personal_graph=False
2026-04-16 09:55:28,620 - INFO - [junyi|junyi_abce_best_no_E_bs64|lr=0.003|drop=0.40] Total parameters: 1,267,135
2026-04-16 09:55:28,621 - INFO - [junyi|junyi_abce_best_no_E_bs64|lr=0.003|drop=0.40] Trainable parameters: 1,267,135
2026-04-16 09:55:29,788 - INFO - [junyi|junyi_abce_best_no_E_bs64|lr=0.003|drop=0.40] Optimizer param groups: backbone@lr=0.003
2026-04-16 09:55:29,788 - INFO - [junyi|junyi_abce_best_no_E_bs64|lr=0.003|drop=0.40] Monitor config: scheduler=val_auc(max), best_checkpoint=val_auc(max), early_stop=val_auc(max)
2026-04-16 09:55:29,788 - INFO - [junyi|junyi_abce_best_no_E_bs64|lr=0.003|drop=0.40] Starting training...
2026-04-16 09:57:21,495 - INFO - [junyi|junyi_abce_best_no_E_bs64|lr=0.003|drop=0.40] Epoch [001/100] | Train: Loss=0.5324, BCE=0.5257, Reg=0.0067, AUC=0.7820, ACC=0.7396, RMSE=0.4190 | Val: Loss=0.5175, BCE=0.5111, Reg=0.0064, AUC=0.7934, ACC=0.7559, RMSE=0.4105
2026-04-16 09:57:21,496 - INFO - [junyi|junyi_abce_best_no_E_bs64|lr=0.003|drop=0.40] [Reg Terms] Epoch [001] | Train: graph_entropy=0.000000, graph_diag=0.003292, graph_uniform=0.003375, graph_reg_scale=1.0000, prediction_l2=0.000000, personal_sparse=0.000000, alpha_var=0.000000, alpha_collapse=0.000000, reg_bce_ratio=0.0127 | Val: graph_entropy=0.000000, graph_diag=0.003000, graph_uniform=0.003377, graph_reg_scale=1.0000, prediction_l2=0.000000, personal_sparse=0.000000, alpha_var=0.000000, alpha_collapse=0.000000, reg_bce_ratio=0.0125
2026-04-16 09:57:21,671 - INFO - [junyi|junyi_abce_best_no_E_bs64|lr=0.003|drop=0.40] [Diag][AE] Epoch [001] | irt_abs_mean=1.6046, irt_std=0.9693, personal_warmup_scale=1.00, graph_row_entropy=3.2177, graph_entropy_ratio=0.4915, alpha_mean=0.0000, alpha_std=0.0000, alpha_base_mean=0.0000, alpha_delta_absmean=0.0000, alpha_saturation_ratio=0.0000, alpha_bias_std=NA, alpha_state_path=0.0000, alpha_id_path=0.0000, alpha_bias_path=0.0000, head_bias_path=0.0000, personal_row_entropy=0.0000, personal_matrix_delta=0.0000, personal_matrix_student_std=0.0000, personal_delta_pre_softmax_norm=0.0000, personal_delta_student_std=0.0000, alpha_head_std=0.0000, query_row_graph_delta=0.0946, query_row_personal_delta=0.0000, neighbor_row_personal_delta=0.0000, personal_row_budget_mean=0.0000, personal_query_row_std=0.0000, readout_query_support_mass=1.2011, personal_student_mix=0.0000, personal_student_adapter=0.0000, local_row_ratio=0.0000, support_density=0.0000, readout_query_delta=0.0036, personal_bad_rows=0.00, personal_fallback_rows=0.00, personal_logits_absmax=0.0000
2026-04-16 09:57:21,672 - INFO - [junyi|junyi_abce_best_no_E_bs64|lr=0.003|drop=0.40] [Diag][A] Epoch [001] | entropy_ratio=0.4915, diag_mass=0.0500, to_uniform_l2=0.007448, to_identity_l2=0.036726, relation_identity_delta=0.036726, knowledge_state_graph_delta=0.261891, knowledge_state_personal_delta=0.000000, share_concept_embeddings=True, tau_mean=0.6931, tau_std=0.0000, graph_reg_scale(train/val)=1.0000/1.0000
2026-04-16 09:57:21,672 - INFO - [junyi|junyi_abce_best_no_E_bs64|lr=0.003|drop=0.40] [Grad Norms] Epoch [001] | relation_emb=2.971588e-01, relation_tau=4.599916e-12, relation_wq=9.688927e-09, relation_wk=9.449068e-09, personal_u=0.000000e+00, personal_v=0.000000e+00, personal_alpha_bias=0.000000e+00, personal_gate_emb=0.000000e+00, personal_gate_state_proj=0.000000e+00, personal_gate_context_proj=0.000000e+00, personal_gate_state_direct=0.000000e+00, personal_gate_id_direct=0.000000e+00, personal_gate_context_direct=0.000000e+00, personal_gate_out=0.000000e+00, personal_generator_emb=0.000000e+00, personal_generator_context_proj=0.000000e+00, personal_generator_context_hidden=0.000000e+00, personal_generator_context_to_u=0.000000e+00, personal_generator_context_to_v=0.000000e+00, personal_generator_state_row=0.000000e+00, personal_generator_state_col=0.000000e+00, personal_generator_id_row=0.000000e+00, personal_generator_id_col=0.000000e+00, personal_generator_state_adapter=0.000000e+00, personal_generator_id_adapter=0.000000e+00, personal_generator_context_adapter=0.000000e+00, personal_generator_direct_scale=0.000000e+00
2026-04-16 09:57:21,974 - INFO - [junyi|junyi_abce_best_no_E_bs64|lr=0.003|drop=0.40] -> New best AUC=0.7934 at epoch 1
2026-04-16 09:59:01,733 - INFO - [junyi|junyi_abce_best_no_E_bs64|lr=0.003|drop=0.40] Epoch [002/100] | Train: Loss=0.5316, BCE=0.5188, Reg=0.0128, AUC=0.7887, ACC=0.7453, RMSE=0.4157 | Val: Loss=0.5201, BCE=0.5073, Reg=0.0128, AUC=0.7978, ACC=0.7554, RMSE=0.4094
2026-04-16 09:59:01,734 - INFO - [junyi|junyi_abce_best_no_E_bs64|lr=0.003|drop=0.40] [Reg Terms] Epoch [002] | Train: graph_entropy=0.000000, graph_diag=0.006008, graph_uniform=0.006753, graph_reg_scale=1.0000, prediction_l2=0.000000, personal_sparse=0.000000, alpha_var=0.000000, alpha_collapse=0.000000, reg_bce_ratio=0.0246 | Val: graph_entropy=0.000000, graph_diag=0.006000, graph_uniform=0.006753, graph_reg_scale=1.0000, prediction_l2=0.000000, personal_sparse=0.000000, alpha_var=0.000000, alpha_collapse=0.000000, reg_bce_ratio=0.0251
2026-04-16 09:59:01,954 - INFO - [junyi|junyi_abce_best_no_E_bs64|lr=0.003|drop=0.40] [Diag][AE] Epoch [002] | irt_abs_mean=1.3771, irt_std=0.9100, personal_warmup_scale=1.00, graph_row_entropy=3.2177, graph_entropy_ratio=0.4915, alpha_mean=0.0000, alpha_std=0.0000, alpha_base_mean=0.0000, alpha_delta_absmean=0.0000, alpha_saturation_ratio=0.0000, alpha_bias_std=NA, alpha_state_path=0.0000, alpha_id_path=0.0000, alpha_bias_path=0.0000, head_bias_path=0.0000, personal_row_entropy=0.0000, personal_matrix_delta=0.0000, personal_matrix_student_std=0.0000, personal_delta_pre_softmax_norm=0.0000, personal_delta_student_std=0.0000, alpha_head_std=0.0000, query_row_graph_delta=0.0957, query_row_personal_delta=0.0000, neighbor_row_personal_delta=0.0000, personal_row_budget_mean=0.0000, personal_query_row_std=0.0000, readout_query_support_mass=1.3202, personal_student_mix=0.0000, personal_student_adapter=0.0000, local_row_ratio=0.0000, support_density=0.0000, readout_query_delta=0.0036, personal_bad_rows=0.00, personal_fallback_rows=0.00, personal_logits_absmax=0.0000
2026-04-16 09:59:01,954 - INFO - [junyi|junyi_abce_best_no_E_bs64|lr=0.003|drop=0.40] [Diag][A] Epoch [002] | entropy_ratio=0.4915, diag_mass=0.0500, to_uniform_l2=0.007448, to_identity_l2=0.036726, relation_identity_delta=0.036726, knowledge_state_graph_delta=0.278986, knowledge_state_personal_delta=0.000000, share_concept_embeddings=True, tau_mean=0.6931, tau_std=0.0000, graph_reg_scale(train/val)=1.0000/1.0000
2026-04-16 09:59:01,954 - INFO - [junyi|junyi_abce_best_no_E_bs64|lr=0.003|drop=0.40] [Grad Norms] Epoch [002] | relation_emb=4.178627e-01, relation_tau=1.079305e-11, relation_wq=5.407414e-08, relation_wk=4.219904e-08, personal_u=0.000000e+00, personal_v=0.000000e+00, personal_alpha_bias=0.000000e+00, personal_gate_emb=0.000000e+00, personal_gate_state_proj=0.000000e+00, personal_gate_context_proj=0.000000e+00, personal_gate_state_direct=0.000000e+00, personal_gate_id_direct=0.000000e+00, personal_gate_context_direct=0.000000e+00, personal_gate_out=0.000000e+00, personal_generator_emb=0.000000e+00, personal_generator_context_proj=0.000000e+00, personal_generator_context_hidden=0.000000e+00, personal_generator_context_to_u=0.000000e+00, personal_generator_context_to_v=0.000000e+00, personal_generator_state_row=0.000000e+00, personal_generator_state_col=0.000000e+00, personal_generator_id_row=0.000000e+00, personal_generator_id_col=0.000000e+00, personal_generator_state_adapter=0.000000e+00, personal_generator_id_adapter=0.000000e+00, personal_generator_context_adapter=0.000000e+00, personal_generator_direct_scale=0.000000e+00
2026-04-16 09:59:02,136 - INFO - [junyi|junyi_abce_best_no_E_bs64|lr=0.003|drop=0.40] -> New best AUC=0.7978 at epoch 2
2026-04-16 10:00:31,396 - INFO - [junyi|junyi_abce_best_no_E_bs64|lr=0.003|drop=0.40] Epoch [003/100] | Train: Loss=0.5299, BCE=0.5171, Reg=0.0128, AUC=0.7908, ACC=0.7466, RMSE=0.4146 | Val: Loss=0.5192, BCE=0.5064, Reg=0.0128, AUC=0.7967, ACC=0.7551, RMSE=0.4093
2026-04-16 10:00:31,396 - INFO - [junyi|junyi_abce_best_no_E_bs64|lr=0.003|drop=0.40] [Reg Terms] Epoch [003] | Train: graph_entropy=0.000000, graph_diag=0.006011, graph_uniform=0.006753, graph_reg_scale=1.0000, prediction_l2=0.000000, personal_sparse=0.000000, alpha_var=0.000000, alpha_collapse=0.000000, reg_bce_ratio=0.0247 | Val: graph_entropy=0.000000, graph_diag=0.006000, graph_uniform=0.006753, graph_reg_scale=1.0000, prediction_l2=0.000000, personal_sparse=0.000000, alpha_var=0.000000, alpha_collapse=0.000000, reg_bce_ratio=0.0252
2026-04-16 10:00:31,555 - INFO - [junyi|junyi_abce_best_no_E_bs64|lr=0.003|drop=0.40] [Diag][AE] Epoch [003] | irt_abs_mean=1.4445, irt_std=0.8168, personal_warmup_scale=1.00, graph_row_entropy=3.2177, graph_entropy_ratio=0.4915, alpha_mean=0.0000, alpha_std=0.0000, alpha_base_mean=0.0000, alpha_delta_absmean=0.0000, alpha_saturation_ratio=0.0000, alpha_bias_std=NA, alpha_state_path=0.0000, alpha_id_path=0.0000, alpha_bias_path=0.0000, head_bias_path=0.0000, personal_row_entropy=0.0000, personal_matrix_delta=0.0000, personal_matrix_student_std=0.0000, personal_delta_pre_softmax_norm=0.0000, personal_delta_student_std=0.0000, alpha_head_std=0.0000, query_row_graph_delta=0.1043, query_row_personal_delta=0.0000, neighbor_row_personal_delta=0.0000, personal_row_budget_mean=0.0000, personal_query_row_std=0.0000, readout_query_support_mass=2.4687, personal_student_mix=0.0000, personal_student_adapter=0.0000, local_row_ratio=0.0000, support_density=0.0000, readout_query_delta=0.0040, personal_bad_rows=0.00, personal_fallback_rows=0.00, personal_logits_absmax=0.0000
2026-04-16 10:00:31,555 - INFO - [junyi|junyi_abce_best_no_E_bs64|lr=0.003|drop=0.40] [Diag][A] Epoch [003] | entropy_ratio=0.4915, diag_mass=0.0500, to_uniform_l2=0.007448, to_identity_l2=0.036726, relation_identity_delta=0.036726, knowledge_state_graph_delta=0.268261, knowledge_state_personal_delta=0.000000, share_concept_embeddings=True, tau_mean=0.6931, tau_std=0.0000, graph_reg_scale(train/val)=1.0000/1.0000
2026-04-16 10:00:31,555 - INFO - [junyi|junyi_abce_best_no_E_bs64|lr=0.003|drop=0.40] [Grad Norms] Epoch [003] | relation_emb=3.393807e-01, relation_tau=2.205052e-11, relation_wq=4.030061e-08, relation_wk=3.902556e-08, personal_u=0.000000e+00, personal_v=0.000000e+00, personal_alpha_bias=0.000000e+00, personal_gate_emb=0.000000e+00, personal_gate_state_proj=0.000000e+00, personal_gate_context_proj=0.000000e+00, personal_gate_state_direct=0.000000e+00, personal_gate_id_direct=0.000000e+00, personal_gate_context_direct=0.000000e+00, personal_gate_out=0.000000e+00, personal_generator_emb=0.000000e+00, personal_generator_context_proj=0.000000e+00, personal_generator_context_hidden=0.000000e+00, personal_generator_context_to_u=0.000000e+00, personal_generator_context_to_v=0.000000e+00, personal_generator_state_row=0.000000e+00, personal_generator_state_col=0.000000e+00, personal_generator_id_row=0.000000e+00, personal_generator_id_col=0.000000e+00, personal_generator_state_adapter=0.000000e+00, personal_generator_id_adapter=0.000000e+00, personal_generator_context_adapter=0.000000e+00, personal_generator_direct_scale=0.000000e+00
2026-04-16 10:00:31,555 - INFO - [junyi|junyi_abce_best_no_E_bs64|lr=0.003|drop=0.40] -> No improvement 1 epoch(s) (best AUC=0.7978 @ 2)
2026-04-16 10:02:04,107 - INFO - [junyi|junyi_abce_best_no_E_bs64|lr=0.003|drop=0.40] Epoch [004/100] | Train: Loss=0.5306, BCE=0.5178, Reg=0.0128, AUC=0.7903, ACC=0.7465, RMSE=0.4149 | Val: Loss=0.5174, BCE=0.5046, Reg=0.0128, AUC=0.8013, ACC=0.7622, RMSE=0.4080
2026-04-16 10:02:04,107 - INFO - [junyi|junyi_abce_best_no_E_bs64|lr=0.003|drop=0.40] [Reg Terms] Epoch [004] | Train: graph_entropy=0.000000, graph_diag=0.006011, graph_uniform=0.006753, graph_reg_scale=1.0000, prediction_l2=0.000000, personal_sparse=0.000000, alpha_var=0.000000, alpha_collapse=0.000000, reg_bce_ratio=0.0247 | Val: graph_entropy=0.000000, graph_diag=0.006000, graph_uniform=0.006753, graph_reg_scale=1.0000, prediction_l2=0.000000, personal_sparse=0.000000, alpha_var=0.000000, alpha_collapse=0.000000, reg_bce_ratio=0.0253
2026-04-16 10:02:04,285 - INFO - [junyi|junyi_abce_best_no_E_bs64|lr=0.003|drop=0.40] [Diag][AE] Epoch [004] | irt_abs_mean=1.5716, irt_std=0.9751, personal_warmup_scale=1.00, graph_row_entropy=3.2177, graph_entropy_ratio=0.4915, alpha_mean=0.0000, alpha_std=0.0000, alpha_base_mean=0.0000, alpha_delta_absmean=0.0000, alpha_saturation_ratio=0.0000, alpha_bias_std=NA, alpha_state_path=0.0000, alpha_id_path=0.0000, alpha_bias_path=0.0000, head_bias_path=0.0000, personal_row_entropy=0.0000, personal_matrix_delta=0.0000, personal_matrix_student_std=0.0000, personal_delta_pre_softmax_norm=0.0000, personal_delta_student_std=0.0000, alpha_head_std=0.0000, query_row_graph_delta=0.1088, query_row_personal_delta=0.0000, neighbor_row_personal_delta=0.0000, personal_row_budget_mean=0.0000, personal_query_row_std=0.0000, readout_query_support_mass=2.0537, personal_student_mix=0.0000, personal_student_adapter=0.0000, local_row_ratio=0.0000, support_density=0.0000, readout_query_delta=0.0041, personal_bad_rows=0.00, personal_fallback_rows=0.00, personal_logits_absmax=0.0000
2026-04-16 10:02:04,286 - INFO - [junyi|junyi_abce_best_no_E_bs64|lr=0.003|drop=0.40] [Diag][A] Epoch [004] | entropy_ratio=0.4915, diag_mass=0.0500, to_uniform_l2=0.007448, to_identity_l2=0.036726, relation_identity_delta=0.036726, knowledge_state_graph_delta=0.284931, knowledge_state_personal_delta=0.000000, share_concept_embeddings=True, tau_mean=0.6931, tau_std=0.0000, graph_reg_scale(train/val)=1.0000/1.0000
2026-04-16 10:02:04,286 - INFO - [junyi|junyi_abce_best_no_E_bs64|lr=0.003|drop=0.40] [Grad Norms] Epoch [004] | relation_emb=4.375058e-01, relation_tau=7.638582e-12, relation_wq=4.602784e-08, relation_wk=2.936814e-08, personal_u=0.000000e+00, personal_v=0.000000e+00, personal_alpha_bias=0.000000e+00, personal_gate_emb=0.000000e+00, personal_gate_state_proj=0.000000e+00, personal_gate_context_proj=0.000000e+00, personal_gate_state_direct=0.000000e+00, personal_gate_id_direct=0.000000e+00, personal_gate_context_direct=0.000000e+00, personal_gate_out=0.000000e+00, personal_generator_emb=0.000000e+00, personal_generator_context_proj=0.000000e+00, personal_generator_context_hidden=0.000000e+00, personal_generator_context_to_u=0.000000e+00, personal_generator_context_to_v=0.000000e+00, personal_generator_state_row=0.000000e+00, personal_generator_state_col=0.000000e+00, personal_generator_id_row=0.000000e+00, personal_generator_id_col=0.000000e+00, personal_generator_state_adapter=0.000000e+00, personal_generator_id_adapter=0.000000e+00, personal_generator_context_adapter=0.000000e+00, personal_generator_direct_scale=0.000000e+00
2026-04-16 10:02:04,514 - INFO - [junyi|junyi_abce_best_no_E_bs64|lr=0.003|drop=0.40] -> New best AUC=0.8013 at epoch 4
2026-04-16 10:03:34,572 - INFO - [junyi|junyi_abce_best_no_E_bs64|lr=0.003|drop=0.40] Epoch [005/100] | Train: Loss=0.5291, BCE=0.5163, Reg=0.0128, AUC=0.7919, ACC=0.7475, RMSE=0.4142 | Val: Loss=0.5478, BCE=0.5351, Reg=0.0128, AUC=0.7973, ACC=0.7570, RMSE=0.4160
2026-04-16 10:03:34,572 - INFO - [junyi|junyi_abce_best_no_E_bs64|lr=0.003|drop=0.40] [Reg Terms] Epoch [005] | Train: graph_entropy=0.000000, graph_diag=0.006011, graph_uniform=0.006753, graph_reg_scale=1.0000, prediction_l2=0.000000, personal_sparse=0.000000, alpha_var=0.000000, alpha_collapse=0.000000, reg_bce_ratio=0.0247 | Val: graph_entropy=0.000000, graph_diag=0.006000, graph_uniform=0.006753, graph_reg_scale=1.0000, prediction_l2=0.000000, personal_sparse=0.000000, alpha_var=0.000000, alpha_collapse=0.000000, reg_bce_ratio=0.0238
2026-04-16 10:03:34,741 - INFO - [junyi|junyi_abce_best_no_E_bs64|lr=0.003|drop=0.40] [Diag][AE] Epoch [005] | irt_abs_mean=2.1475, irt_std=1.1734, personal_warmup_scale=1.00, graph_row_entropy=3.2177, graph_entropy_ratio=0.4915, alpha_mean=0.0000, alpha_std=0.0000, alpha_base_mean=0.0000, alpha_delta_absmean=0.0000, alpha_saturation_ratio=0.0000, alpha_bias_std=NA, alpha_state_path=0.0000, alpha_id_path=0.0000, alpha_bias_path=0.0000, head_bias_path=0.0000, personal_row_entropy=0.0000, personal_matrix_delta=0.0000, personal_matrix_student_std=0.0000, personal_delta_pre_softmax_norm=0.0000, personal_delta_student_std=0.0000, alpha_head_std=0.0000, query_row_graph_delta=0.0456, query_row_personal_delta=0.0000, neighbor_row_personal_delta=0.0000, personal_row_budget_mean=0.0000, personal_query_row_std=0.0000, readout_query_support_mass=1.7225, personal_student_mix=0.0000, personal_student_adapter=0.0000, local_row_ratio=0.0000, support_density=0.0000, readout_query_delta=0.0017, personal_bad_rows=0.00, personal_fallback_rows=0.00, personal_logits_absmax=0.0000
2026-04-16 10:03:34,742 - INFO - [junyi|junyi_abce_best_no_E_bs64|lr=0.003|drop=0.40] [Diag][A] Epoch [005] | entropy_ratio=0.4915, diag_mass=0.0500, to_uniform_l2=0.007448, to_identity_l2=0.036726, relation_identity_delta=0.036726, knowledge_state_graph_delta=0.263936, knowledge_state_personal_delta=0.000000, share_concept_embeddings=True, tau_mean=0.6931, tau_std=0.0000, graph_reg_scale(train/val)=1.0000/1.0000
2026-04-16 10:03:34,742 - INFO - [junyi|junyi_abce_best_no_E_bs64|lr=0.003|drop=0.40] [Grad Norms] Epoch [005] | relation_emb=3.433977e-01, relation_tau=1.349017e-11, relation_wq=7.885485e-08, relation_wk=7.392591e-08, personal_u=0.000000e+00, personal_v=0.000000e+00, personal_alpha_bias=0.000000e+00, personal_gate_emb=0.000000e+00, personal_gate_state_proj=0.000000e+00, personal_gate_context_proj=0.000000e+00, personal_gate_state_direct=0.000000e+00, personal_gate_id_direct=0.000000e+00, personal_gate_context_direct=0.000000e+00, personal_gate_out=0.000000e+00, personal_generator_emb=0.000000e+00, personal_generator_context_proj=0.000000e+00, personal_generator_context_hidden=0.000000e+00, personal_generator_context_to_u=0.000000e+00, personal_generator_context_to_v=0.000000e+00, personal_generator_state_row=0.000000e+00, personal_generator_state_col=0.000000e+00, personal_generator_id_row=0.000000e+00, personal_generator_id_col=0.000000e+00, personal_generator_state_adapter=0.000000e+00, personal_generator_id_adapter=0.000000e+00, personal_generator_context_adapter=0.000000e+00, personal_generator_direct_scale=0.000000e+00
2026-04-16 10:03:34,742 - INFO - [junyi|junyi_abce_best_no_E_bs64|lr=0.003|drop=0.40] -> No improvement 1 epoch(s) (best AUC=0.8013 @ 4)
2026-04-16 10:05:09,127 - INFO - [junyi|junyi_abce_best_no_E_bs64|lr=0.003|drop=0.40] Epoch [006/100] | Train: Loss=0.5284, BCE=0.5157, Reg=0.0128, AUC=0.7923, ACC=0.7485, RMSE=0.4138 | Val: Loss=0.5183, BCE=0.5055, Reg=0.0128, AUC=0.8027, ACC=0.7592, RMSE=0.4078
2026-04-16 10:05:09,127 - INFO - [junyi|junyi_abce_best_no_E_bs64|lr=0.003|drop=0.40] [Reg Terms] Epoch [006] | Train: graph_entropy=0.000000, graph_diag=0.006009, graph_uniform=0.006753, graph_reg_scale=1.0000, prediction_l2=0.000000, personal_sparse=0.000000, alpha_var=0.000000, alpha_collapse=0.000000, reg_bce_ratio=0.0247 | Val: graph_entropy=0.000000, graph_diag=0.006000, graph_uniform=0.006753, graph_reg_scale=1.0000, prediction_l2=0.000000, personal_sparse=0.000000, alpha_var=0.000000, alpha_collapse=0.000000, reg_bce_ratio=0.0252
2026-04-16 10:05:09,311 - INFO - [junyi|junyi_abce_best_no_E_bs64|lr=0.003|drop=0.40] [Diag][AE] Epoch [006] | irt_abs_mean=1.6151, irt_std=1.1662, personal_warmup_scale=1.00, graph_row_entropy=3.2177, graph_entropy_ratio=0.4915, alpha_mean=0.0000, alpha_std=0.0000, alpha_base_mean=0.0000, alpha_delta_absmean=0.0000, alpha_saturation_ratio=0.0000, alpha_bias_std=NA, alpha_state_path=0.0000, alpha_id_path=0.0000, alpha_bias_path=0.0000, head_bias_path=0.0000, personal_row_entropy=0.0000, personal_matrix_delta=0.0000, personal_matrix_student_std=0.0000, personal_delta_pre_softmax_norm=0.0000, personal_delta_student_std=0.0000, alpha_head_std=0.0000, query_row_graph_delta=0.0677, query_row_personal_delta=0.0000, neighbor_row_personal_delta=0.0000, personal_row_budget_mean=0.0000, personal_query_row_std=0.0000, readout_query_support_mass=0.8146, personal_student_mix=0.0000, personal_student_adapter=0.0000, local_row_ratio=0.0000, support_density=0.0000, readout_query_delta=0.0026, personal_bad_rows=0.00, personal_fallback_rows=0.00, personal_logits_absmax=0.0000
2026-04-16 10:05:09,311 - INFO - [junyi|junyi_abce_best_no_E_bs64|lr=0.003|drop=0.40] [Diag][A] Epoch [006] | entropy_ratio=0.4915, diag_mass=0.0500, to_uniform_l2=0.007448, to_identity_l2=0.036726, relation_identity_delta=0.036726, knowledge_state_graph_delta=0.260283, knowledge_state_personal_delta=0.000000, share_concept_embeddings=True, tau_mean=0.6932, tau_std=0.0000, graph_reg_scale(train/val)=1.0000/1.0000
2026-04-16 10:05:09,311 - INFO - [junyi|junyi_abce_best_no_E_bs64|lr=0.003|drop=0.40] [Grad Norms] Epoch [006] | relation_emb=3.077451e-01, relation_tau=9.508860e-12, relation_wq=2.650227e-08, relation_wk=2.777831e-08, personal_u=0.000000e+00, personal_v=0.000000e+00, personal_alpha_bias=0.000000e+00, personal_gate_emb=0.000000e+00, personal_gate_state_proj=0.000000e+00, personal_gate_context_proj=0.000000e+00, personal_gate_state_direct=0.000000e+00, personal_gate_id_direct=0.000000e+00, personal_gate_context_direct=0.000000e+00, personal_gate_out=0.000000e+00, personal_generator_emb=0.000000e+00, personal_generator_context_proj=0.000000e+00, personal_generator_context_hidden=0.000000e+00, personal_generator_context_to_u=0.000000e+00, personal_generator_context_to_v=0.000000e+00, personal_generator_state_row=0.000000e+00, personal_generator_state_col=0.000000e+00, personal_generator_id_row=0.000000e+00, personal_generator_id_col=0.000000e+00, personal_generator_state_adapter=0.000000e+00, personal_generator_id_adapter=0.000000e+00, personal_generator_context_adapter=0.000000e+00, personal_generator_direct_scale=0.000000e+00
2026-04-16 10:05:09,506 - INFO - [junyi|junyi_abce_best_no_E_bs64|lr=0.003|drop=0.40] -> New best AUC=0.8027 at epoch 6
2026-04-16 10:06:42,286 - INFO - [junyi|junyi_abce_best_no_E_bs64|lr=0.003|drop=0.40] Epoch [007/100] | Train: Loss=0.5291, BCE=0.5163, Reg=0.0128, AUC=0.7918, ACC=0.7464, RMSE=0.4143 | Val: Loss=0.5235, BCE=0.5107, Reg=0.0128, AUC=0.7996, ACC=0.7590, RMSE=0.4096
2026-04-16 10:06:42,286 - INFO - [junyi|junyi_abce_best_no_E_bs64|lr=0.003|drop=0.40] [Reg Terms] Epoch [007] | Train: graph_entropy=0.000000, graph_diag=0.006009, graph_uniform=0.006753, graph_reg_scale=1.0000, prediction_l2=0.000000, personal_sparse=0.000000, alpha_var=0.000000, alpha_collapse=0.000000, reg_bce_ratio=0.0247 | Val: graph_entropy=0.000000, graph_diag=0.006000, graph_uniform=0.006753, graph_reg_scale=1.0000, prediction_l2=0.000000, personal_sparse=0.000000, alpha_var=0.000000, alpha_collapse=0.000000, reg_bce_ratio=0.0250
2026-04-16 10:06:42,468 - INFO - [junyi|junyi_abce_best_no_E_bs64|lr=0.003|drop=0.40] [Diag][AE] Epoch [007] | irt_abs_mean=1.7269, irt_std=1.1148, personal_warmup_scale=1.00, graph_row_entropy=3.2177, graph_entropy_ratio=0.4915, alpha_mean=0.0000, alpha_std=0.0000, alpha_base_mean=0.0000, alpha_delta_absmean=0.0000, alpha_saturation_ratio=0.0000, alpha_bias_std=NA, alpha_state_path=0.0000, alpha_id_path=0.0000, alpha_bias_path=0.0000, head_bias_path=0.0000, personal_row_entropy=0.0000, personal_matrix_delta=0.0000, personal_matrix_student_std=0.0000, personal_delta_pre_softmax_norm=0.0000, personal_delta_student_std=0.0000, alpha_head_std=0.0000, query_row_graph_delta=0.0755, query_row_personal_delta=0.0000, neighbor_row_personal_delta=0.0000, personal_row_budget_mean=0.0000, personal_query_row_std=0.0000, readout_query_support_mass=1.1464, personal_student_mix=0.0000, personal_student_adapter=0.0000, local_row_ratio=0.0000, support_density=0.0000, readout_query_delta=0.0029, personal_bad_rows=0.00, personal_fallback_rows=0.00, personal_logits_absmax=0.0000
2026-04-16 10:06:42,469 - INFO - [junyi|junyi_abce_best_no_E_bs64|lr=0.003|drop=0.40] [Diag][A] Epoch [007] | entropy_ratio=0.4915, diag_mass=0.0500, to_uniform_l2=0.007448, to_identity_l2=0.036726, relation_identity_delta=0.036726, knowledge_state_graph_delta=0.257390, knowledge_state_personal_delta=0.000000, share_concept_embeddings=True, tau_mean=0.6932, tau_std=0.0000, graph_reg_scale(train/val)=1.0000/1.0000
2026-04-16 10:06:42,469 - INFO - [junyi|junyi_abce_best_no_E_bs64|lr=0.003|drop=0.40] [Grad Norms] Epoch [007] | relation_emb=3.146747e-01, relation_tau=6.679856e-13, relation_wq=3.585689e-08, relation_wk=3.028518e-08, personal_u=0.000000e+00, personal_v=0.000000e+00, personal_alpha_bias=0.000000e+00, personal_gate_emb=0.000000e+00, personal_gate_state_proj=0.000000e+00, personal_gate_context_proj=0.000000e+00, personal_gate_state_direct=0.000000e+00, personal_gate_id_direct=0.000000e+00, personal_gate_context_direct=0.000000e+00, personal_gate_out=0.000000e+00, personal_generator_emb=0.000000e+00, personal_generator_context_proj=0.000000e+00, personal_generator_context_hidden=0.000000e+00, personal_generator_context_to_u=0.000000e+00, personal_generator_context_to_v=0.000000e+00, personal_generator_state_row=0.000000e+00, personal_generator_state_col=0.000000e+00, personal_generator_id_row=0.000000e+00, personal_generator_id_col=0.000000e+00, personal_generator_state_adapter=0.000000e+00, personal_generator_id_adapter=0.000000e+00, personal_generator_context_adapter=0.000000e+00, personal_generator_direct_scale=0.000000e+00
2026-04-16 10:06:42,469 - INFO - [junyi|junyi_abce_best_no_E_bs64|lr=0.003|drop=0.40] -> No improvement 1 epoch(s) (best AUC=0.8027 @ 6)
2026-04-16 10:08:15,339 - INFO - [junyi|junyi_abce_best_no_E_bs64|lr=0.003|drop=0.40] Epoch [008/100] | Train: Loss=0.5284, BCE=0.5156, Reg=0.0128, AUC=0.7922, ACC=0.7480, RMSE=0.4140 | Val: Loss=0.5166, BCE=0.5038, Reg=0.0128, AUC=0.8050, ACC=0.7565, RMSE=0.4077
2026-04-16 10:08:15,340 - INFO - [junyi|junyi_abce_best_no_E_bs64|lr=0.003|drop=0.40] [Reg Terms] Epoch [008] | Train: graph_entropy=0.000000, graph_diag=0.006010, graph_uniform=0.006753, graph_reg_scale=1.0000, prediction_l2=0.000000, personal_sparse=0.000000, alpha_var=0.000000, alpha_collapse=0.000000, reg_bce_ratio=0.0248 | Val: graph_entropy=0.000000, graph_diag=0.006000, graph_uniform=0.006753, graph_reg_scale=1.0000, prediction_l2=0.000000, personal_sparse=0.000000, alpha_var=0.000000, alpha_collapse=0.000000, reg_bce_ratio=0.0253
2026-04-16 10:08:15,511 - INFO - [junyi|junyi_abce_best_no_E_bs64|lr=0.003|drop=0.40] [Diag][AE] Epoch [008] | irt_abs_mean=1.2533, irt_std=0.7471, personal_warmup_scale=1.00, graph_row_entropy=3.2177, graph_entropy_ratio=0.4915, alpha_mean=0.0000, alpha_std=0.0000, alpha_base_mean=0.0000, alpha_delta_absmean=0.0000, alpha_saturation_ratio=0.0000, alpha_bias_std=NA, alpha_state_path=0.0000, alpha_id_path=0.0000, alpha_bias_path=0.0000, head_bias_path=0.0000, personal_row_entropy=0.0000, personal_matrix_delta=0.0000, personal_matrix_student_std=0.0000, personal_delta_pre_softmax_norm=0.0000, personal_delta_student_std=0.0000, alpha_head_std=0.0000, query_row_graph_delta=0.1026, query_row_personal_delta=0.0000, neighbor_row_personal_delta=0.0000, personal_row_budget_mean=0.0000, personal_query_row_std=0.0000, readout_query_support_mass=1.0647, personal_student_mix=0.0000, personal_student_adapter=0.0000, local_row_ratio=0.0000, support_density=0.0000, readout_query_delta=0.0039, personal_bad_rows=0.00, personal_fallback_rows=0.00, personal_logits_absmax=0.0000
2026-04-16 10:08:15,511 - INFO - [junyi|junyi_abce_best_no_E_bs64|lr=0.003|drop=0.40] [Diag][A] Epoch [008] | entropy_ratio=0.4915, diag_mass=0.0500, to_uniform_l2=0.007448, to_identity_l2=0.036726, relation_identity_delta=0.036726, knowledge_state_graph_delta=0.279508, knowledge_state_personal_delta=0.000000, share_concept_embeddings=True, tau_mean=0.6931, tau_std=0.0000, graph_reg_scale(train/val)=1.0000/1.0000
2026-04-16 10:08:15,511 - INFO - [junyi|junyi_abce_best_no_E_bs64|lr=0.003|drop=0.40] [Grad Norms] Epoch [008] | relation_emb=3.363208e-01, relation_tau=4.831737e-12, relation_wq=1.701656e-08, relation_wk=1.383756e-08, personal_u=0.000000e+00, personal_v=0.000000e+00, personal_alpha_bias=0.000000e+00, personal_gate_emb=0.000000e+00, personal_gate_state_proj=0.000000e+00, personal_gate_context_proj=0.000000e+00, personal_gate_state_direct=0.000000e+00, personal_gate_id_direct=0.000000e+00, personal_gate_context_direct=0.000000e+00, personal_gate_out=0.000000e+00, personal_generator_emb=0.000000e+00, personal_generator_context_proj=0.000000e+00, personal_generator_context_hidden=0.000000e+00, personal_generator_context_to_u=0.000000e+00, personal_generator_context_to_v=0.000000e+00, personal_generator_state_row=0.000000e+00, personal_generator_state_col=0.000000e+00, personal_generator_id_row=0.000000e+00, personal_generator_id_col=0.000000e+00, personal_generator_state_adapter=0.000000e+00, personal_generator_id_adapter=0.000000e+00, personal_generator_context_adapter=0.000000e+00, personal_generator_direct_scale=0.000000e+00
2026-04-16 10:08:15,671 - INFO - [junyi|junyi_abce_best_no_E_bs64|lr=0.003|drop=0.40] -> New best AUC=0.8050 at epoch 8
2026-04-16 10:09:46,360 - INFO - [junyi|junyi_abce_best_no_E_bs64|lr=0.003|drop=0.40] Epoch [009/100] | Train: Loss=0.5280, BCE=0.5152, Reg=0.0128, AUC=0.7930, ACC=0.7484, RMSE=0.4137 | Val: Loss=0.5174, BCE=0.5046, Reg=0.0128, AUC=0.8023, ACC=0.7598, RMSE=0.4071
2026-04-16 10:09:46,361 - INFO - [junyi|junyi_abce_best_no_E_bs64|lr=0.003|drop=0.40] [Reg Terms] Epoch [009] | Train: graph_entropy=0.000000, graph_diag=0.006010, graph_uniform=0.006753, graph_reg_scale=1.0000, prediction_l2=0.000000, personal_sparse=0.000000, alpha_var=0.000000, alpha_collapse=0.000000, reg_bce_ratio=0.0248 | Val: graph_entropy=0.000000, graph_diag=0.006000, graph_uniform=0.006753, graph_reg_scale=1.0000, prediction_l2=0.000000, personal_sparse=0.000000, alpha_var=0.000000, alpha_collapse=0.000000, reg_bce_ratio=0.0253
2026-04-16 10:09:46,532 - INFO - [junyi|junyi_abce_best_no_E_bs64|lr=0.003|drop=0.40] [Diag][AE] Epoch [009] | irt_abs_mean=1.8612, irt_std=1.0612, personal_warmup_scale=1.00, graph_row_entropy=3.2177, graph_entropy_ratio=0.4915, alpha_mean=0.0000, alpha_std=0.0000, alpha_base_mean=0.0000, alpha_delta_absmean=0.0000, alpha_saturation_ratio=0.0000, alpha_bias_std=NA, alpha_state_path=0.0000, alpha_id_path=0.0000, alpha_bias_path=0.0000, head_bias_path=0.0000, personal_row_entropy=0.0000, personal_matrix_delta=0.0000, personal_matrix_student_std=0.0000, personal_delta_pre_softmax_norm=0.0000, personal_delta_student_std=0.0000, alpha_head_std=0.0000, query_row_graph_delta=0.0845, query_row_personal_delta=0.0000, neighbor_row_personal_delta=0.0000, personal_row_budget_mean=0.0000, personal_query_row_std=0.0000, readout_query_support_mass=0.7341, personal_student_mix=0.0000, personal_student_adapter=0.0000, local_row_ratio=0.0000, support_density=0.0000, readout_query_delta=0.0032, personal_bad_rows=0.00, personal_fallback_rows=0.00, personal_logits_absmax=0.0000
2026-04-16 10:09:46,532 - INFO - [junyi|junyi_abce_best_no_E_bs64|lr=0.003|drop=0.40] [Diag][A] Epoch [009] | entropy_ratio=0.4915, diag_mass=0.0500, to_uniform_l2=0.007448, to_identity_l2=0.036726, relation_identity_delta=0.036726, knowledge_state_graph_delta=0.288322, knowledge_state_personal_delta=0.000000, share_concept_embeddings=True, tau_mean=0.6931, tau_std=0.0000, graph_reg_scale(train/val)=1.0000/1.0000
2026-04-16 10:09:46,532 - INFO - [junyi|junyi_abce_best_no_E_bs64|lr=0.003|drop=0.40] [Grad Norms] Epoch [009] | relation_emb=3.782658e-01, relation_tau=6.882523e-12, relation_wq=3.017465e-08, relation_wk=2.220563e-08, personal_u=0.000000e+00, personal_v=0.000000e+00, personal_alpha_bias=0.000000e+00, personal_gate_emb=0.000000e+00, personal_gate_state_proj=0.000000e+00, personal_gate_context_proj=0.000000e+00, personal_gate_state_direct=0.000000e+00, personal_gate_id_direct=0.000000e+00, personal_gate_context_direct=0.000000e+00, personal_gate_out=0.000000e+00, personal_generator_emb=0.000000e+00, personal_generator_context_proj=0.000000e+00, personal_generator_context_hidden=0.000000e+00, personal_generator_context_to_u=0.000000e+00, personal_generator_context_to_v=0.000000e+00, personal_generator_state_row=0.000000e+00, personal_generator_state_col=0.000000e+00, personal_generator_id_row=0.000000e+00, personal_generator_id_col=0.000000e+00, personal_generator_state_adapter=0.000000e+00, personal_generator_id_adapter=0.000000e+00, personal_generator_context_adapter=0.000000e+00, personal_generator_direct_scale=0.000000e+00
2026-04-16 10:09:46,533 - INFO - [junyi|junyi_abce_best_no_E_bs64|lr=0.003|drop=0.40] -> No improvement 1 epoch(s) (best AUC=0.8050 @ 8)
2026-04-16 10:11:21,549 - INFO - [junyi|junyi_abce_best_no_E_bs64|lr=0.003|drop=0.40] Epoch [010/100] | Train: Loss=0.5281, BCE=0.5153, Reg=0.0128, AUC=0.7927, ACC=0.7491, RMSE=0.4137 | Val: Loss=0.5127, BCE=0.5000, Reg=0.0128, AUC=0.8028, ACC=0.7597, RMSE=0.4063
2026-04-16 10:11:21,549 - INFO - [junyi|junyi_abce_best_no_E_bs64|lr=0.003|drop=0.40] [Reg Terms] Epoch [010] | Train: graph_entropy=0.000000, graph_diag=0.006010, graph_uniform=0.006753, graph_reg_scale=1.0000, prediction_l2=0.000000, personal_sparse=0.000000, alpha_var=0.000000, alpha_collapse=0.000000, reg_bce_ratio=0.0248 | Val: graph_entropy=0.000000, graph_diag=0.006000, graph_uniform=0.006753, graph_reg_scale=1.0000, prediction_l2=0.000000, personal_sparse=0.000000, alpha_var=0.000000, alpha_collapse=0.000000, reg_bce_ratio=0.0255
2026-04-16 10:11:21,745 - INFO - [junyi|junyi_abce_best_no_E_bs64|lr=0.003|drop=0.40] [Diag][AE] Epoch [010] | irt_abs_mean=1.4692, irt_std=0.8770, personal_warmup_scale=1.00, graph_row_entropy=3.2177, graph_entropy_ratio=0.4915, alpha_mean=0.0000, alpha_std=0.0000, alpha_base_mean=0.0000, alpha_delta_absmean=0.0000, alpha_saturation_ratio=0.0000, alpha_bias_std=NA, alpha_state_path=0.0000, alpha_id_path=0.0000, alpha_bias_path=0.0000, head_bias_path=0.0000, personal_row_entropy=0.0000, personal_matrix_delta=0.0000, personal_matrix_student_std=0.0000, personal_delta_pre_softmax_norm=0.0000, personal_delta_student_std=0.0000, alpha_head_std=0.0000, query_row_graph_delta=0.1065, query_row_personal_delta=0.0000, neighbor_row_personal_delta=0.0000, personal_row_budget_mean=0.0000, personal_query_row_std=0.0000, readout_query_support_mass=1.5917, personal_student_mix=0.0000, personal_student_adapter=0.0000, local_row_ratio=0.0000, support_density=0.0000, readout_query_delta=0.0040, personal_bad_rows=0.00, personal_fallback_rows=0.00, personal_logits_absmax=0.0000
2026-04-16 10:11:21,745 - INFO - [junyi|junyi_abce_best_no_E_bs64|lr=0.003|drop=0.40] [Diag][A] Epoch [010] | entropy_ratio=0.4915, diag_mass=0.0500, to_uniform_l2=0.007448, to_identity_l2=0.036726, relation_identity_delta=0.036726, knowledge_state_graph_delta=0.280490, knowledge_state_personal_delta=0.000000, share_concept_embeddings=True, tau_mean=0.6931, tau_std=0.0000, graph_reg_scale(train/val)=1.0000/1.0000
2026-04-16 10:11:21,745 - INFO - [junyi|junyi_abce_best_no_E_bs64|lr=0.003|drop=0.40] [Grad Norms] Epoch [010] | relation_emb=3.730301e-01, relation_tau=8.818828e-12, relation_wq=4.451199e-08, relation_wk=3.187429e-08, personal_u=0.000000e+00, personal_v=0.000000e+00, personal_alpha_bias=0.000000e+00, personal_gate_emb=0.000000e+00, personal_gate_state_proj=0.000000e+00, personal_gate_context_proj=0.000000e+00, personal_gate_state_direct=0.000000e+00, personal_gate_id_direct=0.000000e+00, personal_gate_context_direct=0.000000e+00, personal_gate_out=0.000000e+00, personal_generator_emb=0.000000e+00, personal_generator_context_proj=0.000000e+00, personal_generator_context_hidden=0.000000e+00, personal_generator_context_to_u=0.000000e+00, personal_generator_context_to_v=0.000000e+00, personal_generator_state_row=0.000000e+00, personal_generator_state_col=0.000000e+00, personal_generator_id_row=0.000000e+00, personal_generator_id_col=0.000000e+00, personal_generator_state_adapter=0.000000e+00, personal_generator_id_adapter=0.000000e+00, personal_generator_context_adapter=0.000000e+00, personal_generator_direct_scale=0.000000e+00
2026-04-16 10:11:21,746 - INFO - [junyi|junyi_abce_best_no_E_bs64|lr=0.003|drop=0.40] -> No improvement 2 epoch(s) (best AUC=0.8050 @ 8)
2026-04-16 10:11:21,786 - INFO - [junyi|junyi_abce_best_no_E_bs64|lr=0.003|drop=0.40] Checkpoint saved: checkpoints/abce_diag/remote_sparse_local_20260416_d3a8de0/junyi/seed42/best_no_E_bs64/checkpoint_epoch_10.pth
2026-04-16 10:11:21,971 - INFO - [junyi|junyi_abce_best_no_E_bs64|lr=0.003|drop=0.40] [Module Activity] Epoch 10: Graph[OK]
2026-04-16 10:12:53,932 - INFO - [junyi|junyi_abce_best_no_E_bs64|lr=0.003|drop=0.40] Epoch [011/100] | Train: Loss=0.5157, BCE=0.5030, Reg=0.0128, AUC=0.8046, ACC=0.7564, RMSE=0.4077 | Val: Loss=0.5021, BCE=0.4894, Reg=0.0128, AUC=0.8130, ACC=0.7643, RMSE=0.4012
2026-04-16 10:12:53,932 - INFO - [junyi|junyi_abce_best_no_E_bs64|lr=0.003|drop=0.40] [Reg Terms] Epoch [011] | Train: graph_entropy=0.000000, graph_diag=0.006003, graph_uniform=0.006753, graph_reg_scale=1.0000, prediction_l2=0.000000, personal_sparse=0.000000, alpha_var=0.000000, alpha_collapse=0.000000, reg_bce_ratio=0.0254 | Val: graph_entropy=0.000000, graph_diag=0.006000, graph_uniform=0.006753, graph_reg_scale=1.0000, prediction_l2=0.000000, personal_sparse=0.000000, alpha_var=0.000000, alpha_collapse=0.000000, reg_bce_ratio=0.0261
2026-04-16 10:12:54,148 - INFO - [junyi|junyi_abce_best_no_E_bs64|lr=0.003|drop=0.40] [Diag][AE] Epoch [011] | irt_abs_mean=1.4512, irt_std=0.8622, personal_warmup_scale=1.00, graph_row_entropy=3.2177, graph_entropy_ratio=0.4915, alpha_mean=0.0000, alpha_std=0.0000, alpha_base_mean=0.0000, alpha_delta_absmean=0.0000, alpha_saturation_ratio=0.0000, alpha_bias_std=NA, alpha_state_path=0.0000, alpha_id_path=0.0000, alpha_bias_path=0.0000, head_bias_path=0.0000, personal_row_entropy=0.0000, personal_matrix_delta=0.0000, personal_matrix_student_std=0.0000, personal_delta_pre_softmax_norm=0.0000, personal_delta_student_std=0.0000, alpha_head_std=0.0000, query_row_graph_delta=0.0978, query_row_personal_delta=0.0000, neighbor_row_personal_delta=0.0000, personal_row_budget_mean=0.0000, personal_query_row_std=0.0000, readout_query_support_mass=1.8790, personal_student_mix=0.0000, personal_student_adapter=0.0000, local_row_ratio=0.0000, support_density=0.0000, readout_query_delta=0.0037, personal_bad_rows=0.00, personal_fallback_rows=0.00, personal_logits_absmax=0.0000
2026-04-16 10:12:54,149 - INFO - [junyi|junyi_abce_best_no_E_bs64|lr=0.003|drop=0.40] [Diag][A] Epoch [011] | entropy_ratio=0.4915, diag_mass=0.0500, to_uniform_l2=0.007448, to_identity_l2=0.036726, relation_identity_delta=0.036726, knowledge_state_graph_delta=0.291503, knowledge_state_personal_delta=0.000000, share_concept_embeddings=True, tau_mean=0.6932, tau_std=0.0000, graph_reg_scale(train/val)=1.0000/1.0000
2026-04-16 10:12:54,149 - INFO - [junyi|junyi_abce_best_no_E_bs64|lr=0.003|drop=0.40] [Grad Norms] Epoch [011] | relation_emb=4.470236e-01, relation_tau=5.637860e-12, relation_wq=1.514955e-08, relation_wk=1.372381e-08, personal_u=0.000000e+00, personal_v=0.000000e+00, personal_alpha_bias=0.000000e+00, personal_gate_emb=0.000000e+00, personal_gate_state_proj=0.000000e+00, personal_gate_context_proj=0.000000e+00, personal_gate_state_direct=0.000000e+00, personal_gate_id_direct=0.000000e+00, personal_gate_context_direct=0.000000e+00, personal_gate_out=0.000000e+00, personal_generator_emb=0.000000e+00, personal_generator_context_proj=0.000000e+00, personal_generator_context_hidden=0.000000e+00, personal_generator_context_to_u=0.000000e+00, personal_generator_context_to_v=0.000000e+00, personal_generator_state_row=0.000000e+00, personal_generator_state_col=0.000000e+00, personal_generator_id_row=0.000000e+00, personal_generator_id_col=0.000000e+00, personal_generator_state_adapter=0.000000e+00, personal_generator_id_adapter=0.000000e+00, personal_generator_context_adapter=0.000000e+00, personal_generator_direct_scale=0.000000e+00
2026-04-16 10:12:54,317 - INFO - [junyi|junyi_abce_best_no_E_bs64|lr=0.003|drop=0.40] -> New best AUC=0.8130 at epoch 11
2026-04-16 10:14:26,589 - INFO - [junyi|junyi_abce_best_no_E_bs64|lr=0.003|drop=0.40] Epoch [012/100] | Train: Loss=0.5128, BCE=0.5000, Reg=0.0128, AUC=0.8073, ACC=0.7602, RMSE=0.4061 | Val: Loss=0.5044, BCE=0.4917, Reg=0.0128, AUC=0.8145, ACC=0.7669, RMSE=0.4019
2026-04-16 10:14:26,589 - INFO - [junyi|junyi_abce_best_no_E_bs64|lr=0.003|drop=0.40] [Reg Terms] Epoch [012] | Train: graph_entropy=0.000000, graph_diag=0.006004, graph_uniform=0.006753, graph_reg_scale=1.0000, prediction_l2=0.000000, personal_sparse=0.000000, alpha_var=0.000000, alpha_collapse=0.000000, reg_bce_ratio=0.0255 | Val: graph_entropy=0.000000, graph_diag=0.006000, graph_uniform=0.006753, graph_reg_scale=1.0000, prediction_l2=0.000000, personal_sparse=0.000000, alpha_var=0.000000, alpha_collapse=0.000000, reg_bce_ratio=0.0259
2026-04-16 10:14:26,760 - INFO - [junyi|junyi_abce_best_no_E_bs64|lr=0.003|drop=0.40] [Diag][AE] Epoch [012] | irt_abs_mean=1.8277, irt_std=1.0470, personal_warmup_scale=1.00, graph_row_entropy=3.2177, graph_entropy_ratio=0.4915, alpha_mean=0.0000, alpha_std=0.0000, alpha_base_mean=0.0000, alpha_delta_absmean=0.0000, alpha_saturation_ratio=0.0000, alpha_bias_std=NA, alpha_state_path=0.0000, alpha_id_path=0.0000, alpha_bias_path=0.0000, head_bias_path=0.0000, personal_row_entropy=0.0000, personal_matrix_delta=0.0000, personal_matrix_student_std=0.0000, personal_delta_pre_softmax_norm=0.0000, personal_delta_student_std=0.0000, alpha_head_std=0.0000, query_row_graph_delta=0.0943, query_row_personal_delta=0.0000, neighbor_row_personal_delta=0.0000, personal_row_budget_mean=0.0000, personal_query_row_std=0.0000, readout_query_support_mass=1.6208, personal_student_mix=0.0000, personal_student_adapter=0.0000, local_row_ratio=0.0000, support_density=0.0000, readout_query_delta=0.0036, personal_bad_rows=0.00, personal_fallback_rows=0.00, personal_logits_absmax=0.0000
2026-04-16 10:14:26,760 - INFO - [junyi|junyi_abce_best_no_E_bs64|lr=0.003|drop=0.40] [Diag][A] Epoch [012] | entropy_ratio=0.4915, diag_mass=0.0500, to_uniform_l2=0.007448, to_identity_l2=0.036726, relation_identity_delta=0.036726, knowledge_state_graph_delta=0.316410, knowledge_state_personal_delta=0.000000, share_concept_embeddings=True, tau_mean=0.6931, tau_std=0.0000, graph_reg_scale(train/val)=1.0000/1.0000
2026-04-16 10:14:26,760 - INFO - [junyi|junyi_abce_best_no_E_bs64|lr=0.003|drop=0.40] [Grad Norms] Epoch [012] | relation_emb=4.445815e-01, relation_tau=8.254139e-13, relation_wq=1.184905e-08, relation_wk=9.682502e-09, personal_u=0.000000e+00, personal_v=0.000000e+00, personal_alpha_bias=0.000000e+00, personal_gate_emb=0.000000e+00, personal_gate_state_proj=0.000000e+00, personal_gate_context_proj=0.000000e+00, personal_gate_state_direct=0.000000e+00, personal_gate_id_direct=0.000000e+00, personal_gate_context_direct=0.000000e+00, personal_gate_out=0.000000e+00, personal_generator_emb=0.000000e+00, personal_generator_context_proj=0.000000e+00, personal_generator_context_hidden=0.000000e+00, personal_generator_context_to_u=0.000000e+00, personal_generator_context_to_v=0.000000e+00, personal_generator_state_row=0.000000e+00, personal_generator_state_col=0.000000e+00, personal_generator_id_row=0.000000e+00, personal_generator_id_col=0.000000e+00, personal_generator_state_adapter=0.000000e+00, personal_generator_id_adapter=0.000000e+00, personal_generator_context_adapter=0.000000e+00, personal_generator_direct_scale=0.000000e+00
2026-04-16 10:14:26,951 - INFO - [junyi|junyi_abce_best_no_E_bs64|lr=0.003|drop=0.40] -> New best AUC=0.8145 at epoch 12
2026-04-16 10:16:00,994 - INFO - [junyi|junyi_abce_best_no_E_bs64|lr=0.003|drop=0.40] Epoch [013/100] | Train: Loss=0.5125, BCE=0.4998, Reg=0.0128, AUC=0.8074, ACC=0.7594, RMSE=0.4060 | Val: Loss=0.5092, BCE=0.4964, Reg=0.0128, AUC=0.8134, ACC=0.7701, RMSE=0.4023
2026-04-16 10:16:00,994 - INFO - [junyi|junyi_abce_best_no_E_bs64|lr=0.003|drop=0.40] [Reg Terms] Epoch [013] | Train: graph_entropy=0.000000, graph_diag=0.006005, graph_uniform=0.006753, graph_reg_scale=1.0000, prediction_l2=0.000000, personal_sparse=0.000000, alpha_var=0.000000, alpha_collapse=0.000000, reg_bce_ratio=0.0255 | Val: graph_entropy=0.000000, graph_diag=0.006000, graph_uniform=0.006753, graph_reg_scale=1.0000, prediction_l2=0.000000, personal_sparse=0.000000, alpha_var=0.000000, alpha_collapse=0.000000, reg_bce_ratio=0.0257
2026-04-16 10:16:01,172 - INFO - [junyi|junyi_abce_best_no_E_bs64|lr=0.003|drop=0.40] [Diag][AE] Epoch [013] | irt_abs_mean=1.8776, irt_std=1.3045, personal_warmup_scale=1.00, graph_row_entropy=3.2177, graph_entropy_ratio=0.4915, alpha_mean=0.0000, alpha_std=0.0000, alpha_base_mean=0.0000, alpha_delta_absmean=0.0000, alpha_saturation_ratio=0.0000, alpha_bias_std=NA, alpha_state_path=0.0000, alpha_id_path=0.0000, alpha_bias_path=0.0000, head_bias_path=0.0000, personal_row_entropy=0.0000, personal_matrix_delta=0.0000, personal_matrix_student_std=0.0000, personal_delta_pre_softmax_norm=0.0000, personal_delta_student_std=0.0000, alpha_head_std=0.0000, query_row_graph_delta=0.0740, query_row_personal_delta=0.0000, neighbor_row_personal_delta=0.0000, personal_row_budget_mean=0.0000, personal_query_row_std=0.0000, readout_query_support_mass=0.7731, personal_student_mix=0.0000, personal_student_adapter=0.0000, local_row_ratio=0.0000, support_density=0.0000, readout_query_delta=0.0028, personal_bad_rows=0.00, personal_fallback_rows=0.00, personal_logits_absmax=0.0000
2026-04-16 10:16:01,172 - INFO - [junyi|junyi_abce_best_no_E_bs64|lr=0.003|drop=0.40] [Diag][A] Epoch [013] | entropy_ratio=0.4915, diag_mass=0.0500, to_uniform_l2=0.007448, to_identity_l2=0.036726, relation_identity_delta=0.036726, knowledge_state_graph_delta=0.293883, knowledge_state_personal_delta=0.000000, share_concept_embeddings=True, tau_mean=0.6932, tau_std=0.0000, graph_reg_scale(train/val)=1.0000/1.0000
2026-04-16 10:16:01,172 - INFO - [junyi|junyi_abce_best_no_E_bs64|lr=0.003|drop=0.40] [Grad Norms] Epoch [013] | relation_emb=4.680824e-01, relation_tau=4.983443e-12, relation_wq=7.728425e-09, relation_wk=6.128241e-09, personal_u=0.000000e+00, personal_v=0.000000e+00, personal_alpha_bias=0.000000e+00, personal_gate_emb=0.000000e+00, personal_gate_state_proj=0.000000e+00, personal_gate_context_proj=0.000000e+00, personal_gate_state_direct=0.000000e+00, personal_gate_id_direct=0.000000e+00, personal_gate_context_direct=0.000000e+00, personal_gate_out=0.000000e+00, personal_generator_emb=0.000000e+00, personal_generator_context_proj=0.000000e+00, personal_generator_context_hidden=0.000000e+00, personal_generator_context_to_u=0.000000e+00, personal_generator_context_to_v=0.000000e+00, personal_generator_state_row=0.000000e+00, personal_generator_state_col=0.000000e+00, personal_generator_id_row=0.000000e+00, personal_generator_id_col=0.000000e+00, personal_generator_state_adapter=0.000000e+00, personal_generator_id_adapter=0.000000e+00, personal_generator_context_adapter=0.000000e+00, personal_generator_direct_scale=0.000000e+00
2026-04-16 10:16:01,173 - INFO - [junyi|junyi_abce_best_no_E_bs64|lr=0.003|drop=0.40] -> No improvement 1 epoch(s) (best AUC=0.8145 @ 12)
2026-04-16 10:17:33,931 - INFO - [junyi|junyi_abce_best_no_E_bs64|lr=0.003|drop=0.40] Epoch [014/100] | Train: Loss=0.5124, BCE=0.4997, Reg=0.0128, AUC=0.8076, ACC=0.7599, RMSE=0.4059 | Val: Loss=0.5091, BCE=0.4963, Reg=0.0128, AUC=0.8085, ACC=0.7686, RMSE=0.4029
2026-04-16 10:17:33,931 - INFO - [junyi|junyi_abce_best_no_E_bs64|lr=0.003|drop=0.40] [Reg Terms] Epoch [014] | Train: graph_entropy=0.000000, graph_diag=0.006004, graph_uniform=0.006753, graph_reg_scale=1.0000, prediction_l2=0.000000, personal_sparse=0.000000, alpha_var=0.000000, alpha_collapse=0.000000, reg_bce_ratio=0.0255 | Val: graph_entropy=0.000000, graph_diag=0.006000, graph_uniform=0.006753, graph_reg_scale=1.0000, prediction_l2=0.000000, personal_sparse=0.000000, alpha_var=0.000000, alpha_collapse=0.000000, reg_bce_ratio=0.0257
2026-04-16 10:17:34,112 - INFO - [junyi|junyi_abce_best_no_E_bs64|lr=0.003|drop=0.40] [Diag][AE] Epoch [014] | irt_abs_mean=1.7404, irt_std=1.0913, personal_warmup_scale=1.00, graph_row_entropy=3.2177, graph_entropy_ratio=0.4915, alpha_mean=0.0000, alpha_std=0.0000, alpha_base_mean=0.0000, alpha_delta_absmean=0.0000, alpha_saturation_ratio=0.0000, alpha_bias_std=NA, alpha_state_path=0.0000, alpha_id_path=0.0000, alpha_bias_path=0.0000, head_bias_path=0.0000, personal_row_entropy=0.0000, personal_matrix_delta=0.0000, personal_matrix_student_std=0.0000, personal_delta_pre_softmax_norm=0.0000, personal_delta_student_std=0.0000, alpha_head_std=0.0000, query_row_graph_delta=0.0933, query_row_personal_delta=0.0000, neighbor_row_personal_delta=0.0000, personal_row_budget_mean=0.0000, personal_query_row_std=0.0000, readout_query_support_mass=1.9829, personal_student_mix=0.0000, personal_student_adapter=0.0000, local_row_ratio=0.0000, support_density=0.0000, readout_query_delta=0.0035, personal_bad_rows=0.00, personal_fallback_rows=0.00, personal_logits_absmax=0.0000
2026-04-16 10:17:34,112 - INFO - [junyi|junyi_abce_best_no_E_bs64|lr=0.003|drop=0.40] [Diag][A] Epoch [014] | entropy_ratio=0.4915, diag_mass=0.0500, to_uniform_l2=0.007448, to_identity_l2=0.036726, relation_identity_delta=0.036726, knowledge_state_graph_delta=0.315330, knowledge_state_personal_delta=0.000000, share_concept_embeddings=True, tau_mean=0.6931, tau_std=0.0000, graph_reg_scale(train/val)=1.0000/1.0000
2026-04-16 10:17:34,112 - INFO - [junyi|junyi_abce_best_no_E_bs64|lr=0.003|drop=0.40] [Grad Norms] Epoch [014] | relation_emb=3.642316e-01, relation_tau=1.530908e-12, relation_wq=1.648926e-08, relation_wk=9.767192e-09, personal_u=0.000000e+00, personal_v=0.000000e+00, personal_alpha_bias=0.000000e+00, personal_gate_emb=0.000000e+00, personal_gate_state_proj=0.000000e+00, personal_gate_context_proj=0.000000e+00, personal_gate_state_direct=0.000000e+00, personal_gate_id_direct=0.000000e+00, personal_gate_context_direct=0.000000e+00, personal_gate_out=0.000000e+00, personal_generator_emb=0.000000e+00, personal_generator_context_proj=0.000000e+00, personal_generator_context_hidden=0.000000e+00, personal_generator_context_to_u=0.000000e+00, personal_generator_context_to_v=0.000000e+00, personal_generator_state_row=0.000000e+00, personal_generator_state_col=0.000000e+00, personal_generator_id_row=0.000000e+00, personal_generator_id_col=0.000000e+00, personal_generator_state_adapter=0.000000e+00, personal_generator_id_adapter=0.000000e+00, personal_generator_context_adapter=0.000000e+00, personal_generator_direct_scale=0.000000e+00
2026-04-16 10:17:34,112 - INFO - [junyi|junyi_abce_best_no_E_bs64|lr=0.003|drop=0.40] -> No improvement 2 epoch(s) (best AUC=0.8145 @ 12)
2026-04-16 10:19:07,757 - INFO - [junyi|junyi_abce_best_no_E_bs64|lr=0.003|drop=0.40] Epoch [015/100] | Train: Loss=0.4994, BCE=0.4867, Reg=0.0128, AUC=0.8191, ACC=0.7684, RMSE=0.3996 | Val: Loss=0.4970, BCE=0.4843, Reg=0.0128, AUC=0.8197, ACC=0.7728, RMSE=0.3977
2026-04-16 10:19:07,757 - INFO - [junyi|junyi_abce_best_no_E_bs64|lr=0.003|drop=0.40] [Reg Terms] Epoch [015] | Train: graph_entropy=0.000000, graph_diag=0.006002, graph_uniform=0.006753, graph_reg_scale=1.0000, prediction_l2=0.000000, personal_sparse=0.000000, alpha_var=0.000000, alpha_collapse=0.000000, reg_bce_ratio=0.0262 | Val: graph_entropy=0.000000, graph_diag=0.006000, graph_uniform=0.006753, graph_reg_scale=1.0000, prediction_l2=0.000000, personal_sparse=0.000000, alpha_var=0.000000, alpha_collapse=0.000000, reg_bce_ratio=0.0263
2026-04-16 10:19:07,920 - INFO - [junyi|junyi_abce_best_no_E_bs64|lr=0.003|drop=0.40] [Diag][AE] Epoch [015] | irt_abs_mean=1.8135, irt_std=1.1429, personal_warmup_scale=1.00, graph_row_entropy=3.2177, graph_entropy_ratio=0.4915, alpha_mean=0.0000, alpha_std=0.0000, alpha_base_mean=0.0000, alpha_delta_absmean=0.0000, alpha_saturation_ratio=0.0000, alpha_bias_std=NA, alpha_state_path=0.0000, alpha_id_path=0.0000, alpha_bias_path=0.0000, head_bias_path=0.0000, personal_row_entropy=0.0000, personal_matrix_delta=0.0000, personal_matrix_student_std=0.0000, personal_delta_pre_softmax_norm=0.0000, personal_delta_student_std=0.0000, alpha_head_std=0.0000, query_row_graph_delta=0.0928, query_row_personal_delta=0.0000, neighbor_row_personal_delta=0.0000, personal_row_budget_mean=0.0000, personal_query_row_std=0.0000, readout_query_support_mass=0.6367, personal_student_mix=0.0000, personal_student_adapter=0.0000, local_row_ratio=0.0000, support_density=0.0000, readout_query_delta=0.0035, personal_bad_rows=0.00, personal_fallback_rows=0.00, personal_logits_absmax=0.0000
2026-04-16 10:19:07,920 - INFO - [junyi|junyi_abce_best_no_E_bs64|lr=0.003|drop=0.40] [Diag][A] Epoch [015] | entropy_ratio=0.4915, diag_mass=0.0500, to_uniform_l2=0.007448, to_identity_l2=0.036726, relation_identity_delta=0.036726, knowledge_state_graph_delta=0.316648, knowledge_state_personal_delta=0.000000, share_concept_embeddings=True, tau_mean=0.6931, tau_std=0.0000, graph_reg_scale(train/val)=1.0000/1.0000
2026-04-16 10:19:07,921 - INFO - [junyi|junyi_abce_best_no_E_bs64|lr=0.003|drop=0.40] [Grad Norms] Epoch [015] | relation_emb=4.897349e-01, relation_tau=1.582432e-12, relation_wq=3.025633e-09, relation_wk=2.621661e-09, personal_u=0.000000e+00, personal_v=0.000000e+00, personal_alpha_bias=0.000000e+00, personal_gate_emb=0.000000e+00, personal_gate_state_proj=0.000000e+00, personal_gate_context_proj=0.000000e+00, personal_gate_state_direct=0.000000e+00, personal_gate_id_direct=0.000000e+00, personal_gate_context_direct=0.000000e+00, personal_gate_out=0.000000e+00, personal_generator_emb=0.000000e+00, personal_generator_context_proj=0.000000e+00, personal_generator_context_hidden=0.000000e+00, personal_generator_context_to_u=0.000000e+00, personal_generator_context_to_v=0.000000e+00, personal_generator_state_row=0.000000e+00, personal_generator_state_col=0.000000e+00, personal_generator_id_row=0.000000e+00, personal_generator_id_col=0.000000e+00, personal_generator_state_adapter=0.000000e+00, personal_generator_id_adapter=0.000000e+00, personal_generator_context_adapter=0.000000e+00, personal_generator_direct_scale=0.000000e+00
2026-04-16 10:19:08,112 - INFO - [junyi|junyi_abce_best_no_E_bs64|lr=0.003|drop=0.40] -> New best AUC=0.8197 at epoch 15
2026-04-16 10:20:41,570 - INFO - [junyi|junyi_abce_best_no_E_bs64|lr=0.003|drop=0.40] Epoch [016/100] | Train: Loss=0.4982, BCE=0.4854, Reg=0.0128, AUC=0.8203, ACC=0.7701, RMSE=0.3988 | Val: Loss=0.4987, BCE=0.4859, Reg=0.0128, AUC=0.8199, ACC=0.7733, RMSE=0.3980
2026-04-16 10:20:41,571 - INFO - [junyi|junyi_abce_best_no_E_bs64|lr=0.003|drop=0.40] [Reg Terms] Epoch [016] | Train: graph_entropy=0.000000, graph_diag=0.006002, graph_uniform=0.006753, graph_reg_scale=1.0000, prediction_l2=0.000000, personal_sparse=0.000000, alpha_var=0.000000, alpha_collapse=0.000000, reg_bce_ratio=0.0263 | Val: graph_entropy=0.000000, graph_diag=0.006000, graph_uniform=0.006753, graph_reg_scale=1.0000, prediction_l2=0.000000, personal_sparse=0.000000, alpha_var=0.000000, alpha_collapse=0.000000, reg_bce_ratio=0.0262
2026-04-16 10:20:41,752 - INFO - [junyi|junyi_abce_best_no_E_bs64|lr=0.003|drop=0.40] [Diag][AE] Epoch [016] | irt_abs_mean=1.8622, irt_std=1.1102, personal_warmup_scale=1.00, graph_row_entropy=3.2177, graph_entropy_ratio=0.4915, alpha_mean=0.0000, alpha_std=0.0000, alpha_base_mean=0.0000, alpha_delta_absmean=0.0000, alpha_saturation_ratio=0.0000, alpha_bias_std=NA, alpha_state_path=0.0000, alpha_id_path=0.0000, alpha_bias_path=0.0000, head_bias_path=0.0000, personal_row_entropy=0.0000, personal_matrix_delta=0.0000, personal_matrix_student_std=0.0000, personal_delta_pre_softmax_norm=0.0000, personal_delta_student_std=0.0000, alpha_head_std=0.0000, query_row_graph_delta=0.0985, query_row_personal_delta=0.0000, neighbor_row_personal_delta=0.0000, personal_row_budget_mean=0.0000, personal_query_row_std=0.0000, readout_query_support_mass=1.0465, personal_student_mix=0.0000, personal_student_adapter=0.0000, local_row_ratio=0.0000, support_density=0.0000, readout_query_delta=0.0037, personal_bad_rows=0.00, personal_fallback_rows=0.00, personal_logits_absmax=0.0000
2026-04-16 10:20:41,753 - INFO - [junyi|junyi_abce_best_no_E_bs64|lr=0.003|drop=0.40] [Diag][A] Epoch [016] | entropy_ratio=0.4915, diag_mass=0.0500, to_uniform_l2=0.007448, to_identity_l2=0.036726, relation_identity_delta=0.036726, knowledge_state_graph_delta=0.328425, knowledge_state_personal_delta=0.000000, share_concept_embeddings=True, tau_mean=0.6931, tau_std=0.0000, graph_reg_scale(train/val)=1.0000/1.0000
2026-04-16 10:20:41,753 - INFO - [junyi|junyi_abce_best_no_E_bs64|lr=0.003|drop=0.40] [Grad Norms] Epoch [016] | relation_emb=7.346753e-01, relation_tau=1.077556e-12, relation_wq=1.595063e-09, relation_wk=1.421318e-09, personal_u=0.000000e+00, personal_v=0.000000e+00, personal_alpha_bias=0.000000e+00, personal_gate_emb=0.000000e+00, personal_gate_state_proj=0.000000e+00, personal_gate_context_proj=0.000000e+00, personal_gate_state_direct=0.000000e+00, personal_gate_id_direct=0.000000e+00, personal_gate_context_direct=0.000000e+00, personal_gate_out=0.000000e+00, personal_generator_emb=0.000000e+00, personal_generator_context_proj=0.000000e+00, personal_generator_context_hidden=0.000000e+00, personal_generator_context_to_u=0.000000e+00, personal_generator_context_to_v=0.000000e+00, personal_generator_state_row=0.000000e+00, personal_generator_state_col=0.000000e+00, personal_generator_id_row=0.000000e+00, personal_generator_id_col=0.000000e+00, personal_generator_state_adapter=0.000000e+00, personal_generator_id_adapter=0.000000e+00, personal_generator_context_adapter=0.000000e+00, personal_generator_direct_scale=0.000000e+00
2026-04-16 10:20:42,066 - INFO - [junyi|junyi_abce_best_no_E_bs64|lr=0.003|drop=0.40] -> New best AUC=0.8199 at epoch 16
2026-04-16 10:22:15,909 - INFO - [junyi|junyi_abce_best_no_E_bs64|lr=0.003|drop=0.40] Epoch [017/100] | Train: Loss=0.4981, BCE=0.4854, Reg=0.0128, AUC=0.8204, ACC=0.7692, RMSE=0.3989 | Val: Loss=0.5040, BCE=0.4912, Reg=0.0128, AUC=0.8208, ACC=0.7721, RMSE=0.3985
2026-04-16 10:22:15,910 - INFO - [junyi|junyi_abce_best_no_E_bs64|lr=0.003|drop=0.40] [Reg Terms] Epoch [017] | Train: graph_entropy=0.000000, graph_diag=0.006003, graph_uniform=0.006753, graph_reg_scale=1.0000, prediction_l2=0.000000, personal_sparse=0.000000, alpha_var=0.000000, alpha_collapse=0.000000, reg_bce_ratio=0.0263 | Val: graph_entropy=0.000000, graph_diag=0.006000, graph_uniform=0.006753, graph_reg_scale=1.0000, prediction_l2=0.000000, personal_sparse=0.000000, alpha_var=0.000000, alpha_collapse=0.000000, reg_bce_ratio=0.0260
2026-04-16 10:22:16,089 - INFO - [junyi|junyi_abce_best_no_E_bs64|lr=0.003|drop=0.40] [Diag][AE] Epoch [017] | irt_abs_mean=2.0239, irt_std=1.3556, personal_warmup_scale=1.00, graph_row_entropy=3.2177, graph_entropy_ratio=0.4915, alpha_mean=0.0000, alpha_std=0.0000, alpha_base_mean=0.0000, alpha_delta_absmean=0.0000, alpha_saturation_ratio=0.0000, alpha_bias_std=NA, alpha_state_path=0.0000, alpha_id_path=0.0000, alpha_bias_path=0.0000, head_bias_path=0.0000, personal_row_entropy=0.0000, personal_matrix_delta=0.0000, personal_matrix_student_std=0.0000, personal_delta_pre_softmax_norm=0.0000, personal_delta_student_std=0.0000, alpha_head_std=0.0000, query_row_graph_delta=0.0749, query_row_personal_delta=0.0000, neighbor_row_personal_delta=0.0000, personal_row_budget_mean=0.0000, personal_query_row_std=0.0000, readout_query_support_mass=1.5601, personal_student_mix=0.0000, personal_student_adapter=0.0000, local_row_ratio=0.0000, support_density=0.0000, readout_query_delta=0.0028, personal_bad_rows=0.00, personal_fallback_rows=0.00, personal_logits_absmax=0.0000
2026-04-16 10:22:16,089 - INFO - [junyi|junyi_abce_best_no_E_bs64|lr=0.003|drop=0.40] [Diag][A] Epoch [017] | entropy_ratio=0.4915, diag_mass=0.0500, to_uniform_l2=0.007448, to_identity_l2=0.036726, relation_identity_delta=0.036726, knowledge_state_graph_delta=0.319064, knowledge_state_personal_delta=0.000000, share_concept_embeddings=True, tau_mean=0.6931, tau_std=0.0000, graph_reg_scale(train/val)=1.0000/1.0000
2026-04-16 10:22:16,089 - INFO - [junyi|junyi_abce_best_no_E_bs64|lr=0.003|drop=0.40] [Grad Norms] Epoch [017] | relation_emb=8.365323e-01, relation_tau=4.889013e-13, relation_wq=3.902149e-09, relation_wk=2.446836e-09, personal_u=0.000000e+00, personal_v=0.000000e+00, personal_alpha_bias=0.000000e+00, personal_gate_emb=0.000000e+00, personal_gate_state_proj=0.000000e+00, personal_gate_context_proj=0.000000e+00, personal_gate_state_direct=0.000000e+00, personal_gate_id_direct=0.000000e+00, personal_gate_context_direct=0.000000e+00, personal_gate_out=0.000000e+00, personal_generator_emb=0.000000e+00, personal_generator_context_proj=0.000000e+00, personal_generator_context_hidden=0.000000e+00, personal_generator_context_to_u=0.000000e+00, personal_generator_context_to_v=0.000000e+00, personal_generator_state_row=0.000000e+00, personal_generator_state_col=0.000000e+00, personal_generator_id_row=0.000000e+00, personal_generator_id_col=0.000000e+00, personal_generator_state_adapter=0.000000e+00, personal_generator_id_adapter=0.000000e+00, personal_generator_context_adapter=0.000000e+00, personal_generator_direct_scale=0.000000e+00
2026-04-16 10:22:16,294 - INFO - [junyi|junyi_abce_best_no_E_bs64|lr=0.003|drop=0.40] -> New best AUC=0.8208 at epoch 17
2026-04-16 10:23:51,239 - INFO - [junyi|junyi_abce_best_no_E_bs64|lr=0.003|drop=0.40] Epoch [018/100] | Train: Loss=0.4977, BCE=0.4850, Reg=0.0128, AUC=0.8207, ACC=0.7702, RMSE=0.3987 | Val: Loss=0.4982, BCE=0.4855, Reg=0.0128, AUC=0.8205, ACC=0.7735, RMSE=0.3976
2026-04-16 10:23:51,239 - INFO - [junyi|junyi_abce_best_no_E_bs64|lr=0.003|drop=0.40] [Reg Terms] Epoch [018] | Train: graph_entropy=0.000000, graph_diag=0.006003, graph_uniform=0.006753, graph_reg_scale=1.0000, prediction_l2=0.000000, personal_sparse=0.000000, alpha_var=0.000000, alpha_collapse=0.000000, reg_bce_ratio=0.0263 | Val: graph_entropy=0.000000, graph_diag=0.006000, graph_uniform=0.006753, graph_reg_scale=1.0000, prediction_l2=0.000000, personal_sparse=0.000000, alpha_var=0.000000, alpha_collapse=0.000000, reg_bce_ratio=0.0263
2026-04-16 10:23:51,423 - INFO - [junyi|junyi_abce_best_no_E_bs64|lr=0.003|drop=0.40] [Diag][AE] Epoch [018] | irt_abs_mean=1.9785, irt_std=1.1952, personal_warmup_scale=1.00, graph_row_entropy=3.2177, graph_entropy_ratio=0.4915, alpha_mean=0.0000, alpha_std=0.0000, alpha_base_mean=0.0000, alpha_delta_absmean=0.0000, alpha_saturation_ratio=0.0000, alpha_bias_std=NA, alpha_state_path=0.0000, alpha_id_path=0.0000, alpha_bias_path=0.0000, head_bias_path=0.0000, personal_row_entropy=0.0000, personal_matrix_delta=0.0000, personal_matrix_student_std=0.0000, personal_delta_pre_softmax_norm=0.0000, personal_delta_student_std=0.0000, alpha_head_std=0.0000, query_row_graph_delta=0.0927, query_row_personal_delta=0.0000, neighbor_row_personal_delta=0.0000, personal_row_budget_mean=0.0000, personal_query_row_std=0.0000, readout_query_support_mass=1.0895, personal_student_mix=0.0000, personal_student_adapter=0.0000, local_row_ratio=0.0000, support_density=0.0000, readout_query_delta=0.0035, personal_bad_rows=0.00, personal_fallback_rows=0.00, personal_logits_absmax=0.0000
2026-04-16 10:23:51,424 - INFO - [junyi|junyi_abce_best_no_E_bs64|lr=0.003|drop=0.40] [Diag][A] Epoch [018] | entropy_ratio=0.4915, diag_mass=0.0500, to_uniform_l2=0.007448, to_identity_l2=0.036726, relation_identity_delta=0.036726, knowledge_state_graph_delta=0.342281, knowledge_state_personal_delta=0.000000, share_concept_embeddings=True, tau_mean=0.6931, tau_std=0.0000, graph_reg_scale(train/val)=1.0000/1.0000
2026-04-16 10:23:51,424 - INFO - [junyi|junyi_abce_best_no_E_bs64|lr=0.003|drop=0.40] [Grad Norms] Epoch [018] | relation_emb=5.594375e-01, relation_tau=5.409118e-13, relation_wq=3.621628e-09, relation_wk=3.301542e-09, personal_u=0.000000e+00, personal_v=0.000000e+00, personal_alpha_bias=0.000000e+00, personal_gate_emb=0.000000e+00, personal_gate_state_proj=0.000000e+00, personal_gate_context_proj=0.000000e+00, personal_gate_state_direct=0.000000e+00, personal_gate_id_direct=0.000000e+00, personal_gate_context_direct=0.000000e+00, personal_gate_out=0.000000e+00, personal_generator_emb=0.000000e+00, personal_generator_context_proj=0.000000e+00, personal_generator_context_hidden=0.000000e+00, personal_generator_context_to_u=0.000000e+00, personal_generator_context_to_v=0.000000e+00, personal_generator_state_row=0.000000e+00, personal_generator_state_col=0.000000e+00, personal_generator_id_row=0.000000e+00, personal_generator_id_col=0.000000e+00, personal_generator_state_adapter=0.000000e+00, personal_generator_id_adapter=0.000000e+00, personal_generator_context_adapter=0.000000e+00, personal_generator_direct_scale=0.000000e+00
2026-04-16 10:23:51,424 - INFO - [junyi|junyi_abce_best_no_E_bs64|lr=0.003|drop=0.40] -> No improvement 1 epoch(s) (best AUC=0.8208 @ 17)
2026-04-16 10:25:24,016 - INFO - [junyi|junyi_abce_best_no_E_bs64|lr=0.003|drop=0.40] Epoch [019/100] | Train: Loss=0.4972, BCE=0.4845, Reg=0.0128, AUC=0.8210, ACC=0.7694, RMSE=0.3985 | Val: Loss=0.4959, BCE=0.4832, Reg=0.0128, AUC=0.8200, ACC=0.7704, RMSE=0.3979
2026-04-16 10:25:24,016 - INFO - [junyi|junyi_abce_best_no_E_bs64|lr=0.003|drop=0.40] [Reg Terms] Epoch [019] | Train: graph_entropy=0.000000, graph_diag=0.006003, graph_uniform=0.006753, graph_reg_scale=1.0000, prediction_l2=0.000000, personal_sparse=0.000000, alpha_var=0.000000, alpha_collapse=0.000000, reg_bce_ratio=0.0263 | Val: graph_entropy=0.000000, graph_diag=0.006000, graph_uniform=0.006753, graph_reg_scale=1.0000, prediction_l2=0.000000, personal_sparse=0.000000, alpha_var=0.000000, alpha_collapse=0.000000, reg_bce_ratio=0.0264
2026-04-16 10:25:24,292 - INFO - [junyi|junyi_abce_best_no_E_bs64|lr=0.003|drop=0.40] [Diag][AE] Epoch [019] | irt_abs_mean=1.7043, irt_std=0.9803, personal_warmup_scale=1.00, graph_row_entropy=3.2177, graph_entropy_ratio=0.4915, alpha_mean=0.0000, alpha_std=0.0000, alpha_base_mean=0.0000, alpha_delta_absmean=0.0000, alpha_saturation_ratio=0.0000, alpha_bias_std=NA, alpha_state_path=0.0000, alpha_id_path=0.0000, alpha_bias_path=0.0000, head_bias_path=0.0000, personal_row_entropy=0.0000, personal_matrix_delta=0.0000, personal_matrix_student_std=0.0000, personal_delta_pre_softmax_norm=0.0000, personal_delta_student_std=0.0000, alpha_head_std=0.0000, query_row_graph_delta=0.1035, query_row_personal_delta=0.0000, neighbor_row_personal_delta=0.0000, personal_row_budget_mean=0.0000, personal_query_row_std=0.0000, readout_query_support_mass=0.9741, personal_student_mix=0.0000, personal_student_adapter=0.0000, local_row_ratio=0.0000, support_density=0.0000, readout_query_delta=0.0039, personal_bad_rows=0.00, personal_fallback_rows=0.00, personal_logits_absmax=0.0000
2026-04-16 10:25:24,293 - INFO - [junyi|junyi_abce_best_no_E_bs64|lr=0.003|drop=0.40] [Diag][A] Epoch [019] | entropy_ratio=0.4915, diag_mass=0.0500, to_uniform_l2=0.007448, to_identity_l2=0.036726, relation_identity_delta=0.036726, knowledge_state_graph_delta=0.325256, knowledge_state_personal_delta=0.000000, share_concept_embeddings=True, tau_mean=0.6932, tau_std=0.0000, graph_reg_scale(train/val)=1.0000/1.0000
2026-04-16 10:25:24,293 - INFO - [junyi|junyi_abce_best_no_E_bs64|lr=0.003|drop=0.40] [Grad Norms] Epoch [019] | relation_emb=6.271449e-01, relation_tau=6.756211e-13, relation_wq=3.045353e-09, relation_wk=2.593255e-09, personal_u=0.000000e+00, personal_v=0.000000e+00, personal_alpha_bias=0.000000e+00, personal_gate_emb=0.000000e+00, personal_gate_state_proj=0.000000e+00, personal_gate_context_proj=0.000000e+00, personal_gate_state_direct=0.000000e+00, personal_gate_id_direct=0.000000e+00, personal_gate_context_direct=0.000000e+00, personal_gate_out=0.000000e+00, personal_generator_emb=0.000000e+00, personal_generator_context_proj=0.000000e+00, personal_generator_context_hidden=0.000000e+00, personal_generator_context_to_u=0.000000e+00, personal_generator_context_to_v=0.000000e+00, personal_generator_state_row=0.000000e+00, personal_generator_state_col=0.000000e+00, personal_generator_id_row=0.000000e+00, personal_generator_id_col=0.000000e+00, personal_generator_state_adapter=0.000000e+00, personal_generator_id_adapter=0.000000e+00, personal_generator_context_adapter=0.000000e+00, personal_generator_direct_scale=0.000000e+00
2026-04-16 10:25:24,293 - INFO - [junyi|junyi_abce_best_no_E_bs64|lr=0.003|drop=0.40] -> No improvement 2 epoch(s) (best AUC=0.8208 @ 17)
2026-04-16 10:26:58,650 - INFO - [junyi|junyi_abce_best_no_E_bs64|lr=0.003|drop=0.40] Epoch [020/100] | Train: Loss=0.4840, BCE=0.4713, Reg=0.0128, AUC=0.8320, ACC=0.7778, RMSE=0.3920 | Val: Loss=0.4952, BCE=0.4824, Reg=0.0128, AUC=0.8226, ACC=0.7704, RMSE=0.3973
2026-04-16 10:26:58,650 - INFO - [junyi|junyi_abce_best_no_E_bs64|lr=0.003|drop=0.40] [Reg Terms] Epoch [020] | Train: graph_entropy=0.000000, graph_diag=0.006001, graph_uniform=0.006753, graph_reg_scale=1.0000, prediction_l2=0.000000, personal_sparse=0.000000, alpha_var=0.000000, alpha_collapse=0.000000, reg_bce_ratio=0.0271 | Val: graph_entropy=0.000000, graph_diag=0.006000, graph_uniform=0.006753, graph_reg_scale=1.0000, prediction_l2=0.000000, personal_sparse=0.000000, alpha_var=0.000000, alpha_collapse=0.000000, reg_bce_ratio=0.0264
2026-04-16 10:26:58,873 - INFO - [junyi|junyi_abce_best_no_E_bs64|lr=0.003|drop=0.40] [Diag][AE] Epoch [020] | irt_abs_mean=1.7300, irt_std=1.0427, personal_warmup_scale=1.00, graph_row_entropy=3.2177, graph_entropy_ratio=0.4915, alpha_mean=0.0000, alpha_std=0.0000, alpha_base_mean=0.0000, alpha_delta_absmean=0.0000, alpha_saturation_ratio=0.0000, alpha_bias_std=NA, alpha_state_path=0.0000, alpha_id_path=0.0000, alpha_bias_path=0.0000, head_bias_path=0.0000, personal_row_entropy=0.0000, personal_matrix_delta=0.0000, personal_matrix_student_std=0.0000, personal_delta_pre_softmax_norm=0.0000, personal_delta_student_std=0.0000, alpha_head_std=0.0000, query_row_graph_delta=0.0923, query_row_personal_delta=0.0000, neighbor_row_personal_delta=0.0000, personal_row_budget_mean=0.0000, personal_query_row_std=0.0000, readout_query_support_mass=2.3973, personal_student_mix=0.0000, personal_student_adapter=0.0000, local_row_ratio=0.0000, support_density=0.0000, readout_query_delta=0.0035, personal_bad_rows=0.00, personal_fallback_rows=0.00, personal_logits_absmax=0.0000
2026-04-16 10:26:58,874 - INFO - [junyi|junyi_abce_best_no_E_bs64|lr=0.003|drop=0.40] [Diag][A] Epoch [020] | entropy_ratio=0.4915, diag_mass=0.0500, to_uniform_l2=0.007448, to_identity_l2=0.036726, relation_identity_delta=0.036726, knowledge_state_graph_delta=0.338467, knowledge_state_personal_delta=0.000000, share_concept_embeddings=True, tau_mean=0.6931, tau_std=0.0000, graph_reg_scale(train/val)=1.0000/1.0000
2026-04-16 10:26:58,874 - INFO - [junyi|junyi_abce_best_no_E_bs64|lr=0.003|drop=0.40] [Grad Norms] Epoch [020] | relation_emb=1.141385e+00, relation_tau=0.000000e+00, relation_wq=0.000000e+00, relation_wk=0.000000e+00, personal_u=0.000000e+00, personal_v=0.000000e+00, personal_alpha_bias=0.000000e+00, personal_gate_emb=0.000000e+00, personal_gate_state_proj=0.000000e+00, personal_gate_context_proj=0.000000e+00, personal_gate_state_direct=0.000000e+00, personal_gate_id_direct=0.000000e+00, personal_gate_context_direct=0.000000e+00, personal_gate_out=0.000000e+00, personal_generator_emb=0.000000e+00, personal_generator_context_proj=0.000000e+00, personal_generator_context_hidden=0.000000e+00, personal_generator_context_to_u=0.000000e+00, personal_generator_context_to_v=0.000000e+00, personal_generator_state_row=0.000000e+00, personal_generator_state_col=0.000000e+00, personal_generator_id_row=0.000000e+00, personal_generator_id_col=0.000000e+00, personal_generator_state_adapter=0.000000e+00, personal_generator_id_adapter=0.000000e+00, personal_generator_context_adapter=0.000000e+00, personal_generator_direct_scale=0.000000e+00
2026-04-16 10:26:59,094 - INFO - [junyi|junyi_abce_best_no_E_bs64|lr=0.003|drop=0.40] -> New best AUC=0.8226 at epoch 20
2026-04-16 10:26:59,136 - INFO - [junyi|junyi_abce_best_no_E_bs64|lr=0.003|drop=0.40] Checkpoint saved: checkpoints/abce_diag/remote_sparse_local_20260416_d3a8de0/junyi/seed42/best_no_E_bs64/checkpoint_epoch_20.pth
2026-04-16 10:26:59,358 - INFO - [junyi|junyi_abce_best_no_E_bs64|lr=0.003|drop=0.40] [Module Activity] Epoch 20: Graph[OK]
2026-04-16 10:28:28,881 - INFO - [junyi|junyi_abce_best_no_E_bs64|lr=0.003|drop=0.40] Epoch [021/100] | Train: Loss=0.4811, BCE=0.4684, Reg=0.0128, AUC=0.8344, ACC=0.7802, RMSE=0.3906 | Val: Loss=0.4960, BCE=0.4833, Reg=0.0128, AUC=0.8219, ACC=0.7729, RMSE=0.3969
2026-04-16 10:28:28,881 - INFO - [junyi|junyi_abce_best_no_E_bs64|lr=0.003|drop=0.40] [Reg Terms] Epoch [021] | Train: graph_entropy=0.000000, graph_diag=0.006001, graph_uniform=0.006753, graph_reg_scale=1.0000, prediction_l2=0.000000, personal_sparse=0.000000, alpha_var=0.000000, alpha_collapse=0.000000, reg_bce_ratio=0.0272 | Val: graph_entropy=0.000000, graph_diag=0.006000, graph_uniform=0.006753, graph_reg_scale=1.0000, prediction_l2=0.000000, personal_sparse=0.000000, alpha_var=0.000000, alpha_collapse=0.000000, reg_bce_ratio=0.0264
2026-04-16 10:28:29,111 - INFO - [junyi|junyi_abce_best_no_E_bs64|lr=0.003|drop=0.40] [Diag][AE] Epoch [021] | irt_abs_mean=1.7692, irt_std=1.0189, personal_warmup_scale=1.00, graph_row_entropy=3.2177, graph_entropy_ratio=0.4915, alpha_mean=0.0000, alpha_std=0.0000, alpha_base_mean=0.0000, alpha_delta_absmean=0.0000, alpha_saturation_ratio=0.0000, alpha_bias_std=NA, alpha_state_path=0.0000, alpha_id_path=0.0000, alpha_bias_path=0.0000, head_bias_path=0.0000, personal_row_entropy=0.0000, personal_matrix_delta=0.0000, personal_matrix_student_std=0.0000, personal_delta_pre_softmax_norm=0.0000, personal_delta_student_std=0.0000, alpha_head_std=0.0000, query_row_graph_delta=0.0934, query_row_personal_delta=0.0000, neighbor_row_personal_delta=0.0000, personal_row_budget_mean=0.0000, personal_query_row_std=0.0000, readout_query_support_mass=2.4975, personal_student_mix=0.0000, personal_student_adapter=0.0000, local_row_ratio=0.0000, support_density=0.0000, readout_query_delta=0.0035, personal_bad_rows=0.00, personal_fallback_rows=0.00, personal_logits_absmax=0.0000
2026-04-16 10:28:29,111 - INFO - [junyi|junyi_abce_best_no_E_bs64|lr=0.003|drop=0.40] [Diag][A] Epoch [021] | entropy_ratio=0.4915, diag_mass=0.0500, to_uniform_l2=0.007448, to_identity_l2=0.036726, relation_identity_delta=0.036726, knowledge_state_graph_delta=0.335498, knowledge_state_personal_delta=0.000000, share_concept_embeddings=True, tau_mean=0.6931, tau_std=0.0000, graph_reg_scale(train/val)=1.0000/1.0000
2026-04-16 10:28:29,111 - INFO - [junyi|junyi_abce_best_no_E_bs64|lr=0.003|drop=0.40] [Grad Norms] Epoch [021] | relation_emb=1.061273e+00, relation_tau=1.184605e-15, relation_wq=0.000000e+00, relation_wk=0.000000e+00, personal_u=0.000000e+00, personal_v=0.000000e+00, personal_alpha_bias=0.000000e+00, personal_gate_emb=0.000000e+00, personal_gate_state_proj=0.000000e+00, personal_gate_context_proj=0.000000e+00, personal_gate_state_direct=0.000000e+00, personal_gate_id_direct=0.000000e+00, personal_gate_context_direct=0.000000e+00, personal_gate_out=0.000000e+00, personal_generator_emb=0.000000e+00, personal_generator_context_proj=0.000000e+00, personal_generator_context_hidden=0.000000e+00, personal_generator_context_to_u=0.000000e+00, personal_generator_context_to_v=0.000000e+00, personal_generator_state_row=0.000000e+00, personal_generator_state_col=0.000000e+00, personal_generator_id_row=0.000000e+00, personal_generator_id_col=0.000000e+00, personal_generator_state_adapter=0.000000e+00, personal_generator_id_adapter=0.000000e+00, personal_generator_context_adapter=0.000000e+00, personal_generator_direct_scale=0.000000e+00
2026-04-16 10:28:29,111 - INFO - [junyi|junyi_abce_best_no_E_bs64|lr=0.003|drop=0.40] -> No improvement 1 epoch(s) (best AUC=0.8226 @ 20)
2026-04-16 10:30:02,091 - INFO - [junyi|junyi_abce_best_no_E_bs64|lr=0.003|drop=0.40] Epoch [022/100] | Train: Loss=0.4801, BCE=0.4674, Reg=0.0128, AUC=0.8353, ACC=0.7812, RMSE=0.3900 | Val: Loss=0.4984, BCE=0.4856, Reg=0.0128, AUC=0.8206, ACC=0.7728, RMSE=0.3975
2026-04-16 10:30:02,092 - INFO - [junyi|junyi_abce_best_no_E_bs64|lr=0.003|drop=0.40] [Reg Terms] Epoch [022] | Train: graph_entropy=0.000000, graph_diag=0.006001, graph_uniform=0.006753, graph_reg_scale=1.0000, prediction_l2=0.000000, personal_sparse=0.000000, alpha_var=0.000000, alpha_collapse=0.000000, reg_bce_ratio=0.0273 | Val: graph_entropy=0.000000, graph_diag=0.006000, graph_uniform=0.006753, graph_reg_scale=1.0000, prediction_l2=0.000000, personal_sparse=0.000000, alpha_var=0.000000, alpha_collapse=0.000000, reg_bce_ratio=0.0263
2026-04-16 10:30:02,266 - INFO - [junyi|junyi_abce_best_no_E_bs64|lr=0.003|drop=0.40] [Diag][AE] Epoch [022] | irt_abs_mean=1.8807, irt_std=1.1020, personal_warmup_scale=1.00, graph_row_entropy=3.2177, graph_entropy_ratio=0.4915, alpha_mean=0.0000, alpha_std=0.0000, alpha_base_mean=0.0000, alpha_delta_absmean=0.0000, alpha_saturation_ratio=0.0000, alpha_bias_std=NA, alpha_state_path=0.0000, alpha_id_path=0.0000, alpha_bias_path=0.0000, head_bias_path=0.0000, personal_row_entropy=0.0000, personal_matrix_delta=0.0000, personal_matrix_student_std=0.0000, personal_delta_pre_softmax_norm=0.0000, personal_delta_student_std=0.0000, alpha_head_std=0.0000, query_row_graph_delta=0.0854, query_row_personal_delta=0.0000, neighbor_row_personal_delta=0.0000, personal_row_budget_mean=0.0000, personal_query_row_std=0.0000, readout_query_support_mass=2.1530, personal_student_mix=0.0000, personal_student_adapter=0.0000, local_row_ratio=0.0000, support_density=0.0000, readout_query_delta=0.0032, personal_bad_rows=0.00, personal_fallback_rows=0.00, personal_logits_absmax=0.0000
2026-04-16 10:30:02,266 - INFO - [junyi|junyi_abce_best_no_E_bs64|lr=0.003|drop=0.40] [Diag][A] Epoch [022] | entropy_ratio=0.4915, diag_mass=0.0500, to_uniform_l2=0.007448, to_identity_l2=0.036726, relation_identity_delta=0.036726, knowledge_state_graph_delta=0.330350, knowledge_state_personal_delta=0.000000, share_concept_embeddings=True, tau_mean=0.6931, tau_std=0.0000, graph_reg_scale(train/val)=1.0000/1.0000
2026-04-16 10:30:02,266 - INFO - [junyi|junyi_abce_best_no_E_bs64|lr=0.003|drop=0.40] [Grad Norms] Epoch [022] | relation_emb=9.641461e-01, relation_tau=1.768887e-15, relation_wq=0.000000e+00, relation_wk=0.000000e+00, personal_u=0.000000e+00, personal_v=0.000000e+00, personal_alpha_bias=0.000000e+00, personal_gate_emb=0.000000e+00, personal_gate_state_proj=0.000000e+00, personal_gate_context_proj=0.000000e+00, personal_gate_state_direct=0.000000e+00, personal_gate_id_direct=0.000000e+00, personal_gate_context_direct=0.000000e+00, personal_gate_out=0.000000e+00, personal_generator_emb=0.000000e+00, personal_generator_context_proj=0.000000e+00, personal_generator_context_hidden=0.000000e+00, personal_generator_context_to_u=0.000000e+00, personal_generator_context_to_v=0.000000e+00, personal_generator_state_row=0.000000e+00, personal_generator_state_col=0.000000e+00, personal_generator_id_row=0.000000e+00, personal_generator_id_col=0.000000e+00, personal_generator_state_adapter=0.000000e+00, personal_generator_id_adapter=0.000000e+00, personal_generator_context_adapter=0.000000e+00, personal_generator_direct_scale=0.000000e+00
2026-04-16 10:30:02,266 - INFO - [junyi|junyi_abce_best_no_E_bs64|lr=0.003|drop=0.40] -> No improvement 2 epoch(s) (best AUC=0.8226 @ 20)
2026-04-16 10:31:36,057 - INFO - [junyi|junyi_abce_best_no_E_bs64|lr=0.003|drop=0.40] Epoch [023/100] | Train: Loss=0.4680, BCE=0.4553, Reg=0.0128, AUC=0.8449, ACC=0.7892, RMSE=0.3840 | Val: Loss=0.4998, BCE=0.4871, Reg=0.0128, AUC=0.8226, ACC=0.7718, RMSE=0.3984
2026-04-16 10:31:36,057 - INFO - [junyi|junyi_abce_best_no_E_bs64|lr=0.003|drop=0.40] [Reg Terms] Epoch [023] | Train: graph_entropy=0.000000, graph_diag=0.006001, graph_uniform=0.006753, graph_reg_scale=1.0000, prediction_l2=0.000000, personal_sparse=0.000000, alpha_var=0.000000, alpha_collapse=0.000000, reg_bce_ratio=0.0280 | Val: graph_entropy=0.000000, graph_diag=0.006000, graph_uniform=0.006753, graph_reg_scale=1.0000, prediction_l2=0.000000, personal_sparse=0.000000, alpha_var=0.000000, alpha_collapse=0.000000, reg_bce_ratio=0.0262
2026-04-16 10:31:36,237 - INFO - [junyi|junyi_abce_best_no_E_bs64|lr=0.003|drop=0.40] [Diag][AE] Epoch [023] | irt_abs_mean=1.8762, irt_std=1.1467, personal_warmup_scale=1.00, graph_row_entropy=3.2177, graph_entropy_ratio=0.4915, alpha_mean=0.0000, alpha_std=0.0000, alpha_base_mean=0.0000, alpha_delta_absmean=0.0000, alpha_saturation_ratio=0.0000, alpha_bias_std=NA, alpha_state_path=0.0000, alpha_id_path=0.0000, alpha_bias_path=0.0000, head_bias_path=0.0000, personal_row_entropy=0.0000, personal_matrix_delta=0.0000, personal_matrix_student_std=0.0000, personal_delta_pre_softmax_norm=0.0000, personal_delta_student_std=0.0000, alpha_head_std=0.0000, query_row_graph_delta=0.0866, query_row_personal_delta=0.0000, neighbor_row_personal_delta=0.0000, personal_row_budget_mean=0.0000, personal_query_row_std=0.0000, readout_query_support_mass=1.9139, personal_student_mix=0.0000, personal_student_adapter=0.0000, local_row_ratio=0.0000, support_density=0.0000, readout_query_delta=0.0033, personal_bad_rows=0.00, personal_fallback_rows=0.00, personal_logits_absmax=0.0000
2026-04-16 10:31:36,238 - INFO - [junyi|junyi_abce_best_no_E_bs64|lr=0.003|drop=0.40] [Diag][A] Epoch [023] | entropy_ratio=0.4915, diag_mass=0.0500, to_uniform_l2=0.007448, to_identity_l2=0.036726, relation_identity_delta=0.036726, knowledge_state_graph_delta=0.337970, knowledge_state_personal_delta=0.000000, share_concept_embeddings=True, tau_mean=0.6931, tau_std=0.0000, graph_reg_scale(train/val)=1.0000/1.0000
2026-04-16 10:31:36,238 - INFO - [junyi|junyi_abce_best_no_E_bs64|lr=0.003|drop=0.40] [Grad Norms] Epoch [023] | relation_emb=9.894957e-01, relation_tau=0.000000e+00, relation_wq=0.000000e+00, relation_wk=0.000000e+00, personal_u=0.000000e+00, personal_v=0.000000e+00, personal_alpha_bias=0.000000e+00, personal_gate_emb=0.000000e+00, personal_gate_state_proj=0.000000e+00, personal_gate_context_proj=0.000000e+00, personal_gate_state_direct=0.000000e+00, personal_gate_id_direct=0.000000e+00, personal_gate_context_direct=0.000000e+00, personal_gate_out=0.000000e+00, personal_generator_emb=0.000000e+00, personal_generator_context_proj=0.000000e+00, personal_generator_context_hidden=0.000000e+00, personal_generator_context_to_u=0.000000e+00, personal_generator_context_to_v=0.000000e+00, personal_generator_state_row=0.000000e+00, personal_generator_state_col=0.000000e+00, personal_generator_id_row=0.000000e+00, personal_generator_id_col=0.000000e+00, personal_generator_state_adapter=0.000000e+00, personal_generator_id_adapter=0.000000e+00, personal_generator_context_adapter=0.000000e+00, personal_generator_direct_scale=0.000000e+00
2026-04-16 10:31:36,238 - INFO - [junyi|junyi_abce_best_no_E_bs64|lr=0.003|drop=0.40] -> No improvement 3 epoch(s) (best AUC=0.8226 @ 20)
2026-04-16 10:31:36,238 - INFO - [junyi|junyi_abce_best_no_E_bs64|lr=0.003|drop=0.40] Early stopping at epoch 23 (best AUC=0.8226 @ 20)
2026-04-16 10:31:36,245 - INFO - Epoch-wise metrics saved to checkpoints/abce_diag/remote_sparse_local_20260416_d3a8de0/junyi/seed42/best_no_E_bs64/metrics_history.csv
2026-04-16 10:31:36,247 - INFO - [junyi|junyi_abce_best_no_E_bs64|lr=0.003|drop=0.40] Training completed! Best Val AUC=0.8226 @ epoch 20
2026-04-16 10:31:36,457 - INFO - 
============================================================
         MODULE ACTIVITY REPORT
============================================================
Dataset: junyi | Seed: 42 | Epoch: 23

1. Concept Graph Module (A):
   - Mean row entropy: 3.218 / 6.547
   - Entropy ratio: 49.1%
   - Status: ACTIVE (learning meaningful structure)

2. Personal Graph Module (E):
   - Status: DISABLED (use_personal_graph=False or no_E)

------------------------------------------------------------
SUMMARY:
   Active modules: Concept Graph (A)
   All enabled graph modules are functioning properly.
============================================================
2026-04-16 10:31:36,457 - INFO - [junyi|junyi_abce_best_no_E_bs64|lr=0.003|drop=0.40] Module activity saved to checkpoints/abce_diag/remote_sparse_local_20260416_d3a8de0/junyi/seed42/best_no_E_bs64/module_activity.json
2026-04-16 10:31:36,504 - INFO - Using device: cuda:0 (physical gpu 2)
2026-04-16 10:31:36,504 - INFO - Loading model from checkpoints/abce_diag/remote_sparse_local_20260416_d3a8de0/junyi/seed42/best_no_E_bs64/best_model.pth...
2026-04-16 10:31:36,577 - INFO - [Inference Filter] before=67063, after=60494, dropped=6569, coverage=90.20% (train-only seen student/item support)
2026-04-16 10:31:36,598 - INFO - Inference switches: ablate_module1=False | enable_module1=True | use_concept_graph=True | effective(num_gnn_layers=2)
2026-04-16 10:31:36,620 - INFO - [Inference] Ablation runtime check: args(ablate_module1=False) | expect(use_concept_graph=True,use_personal_graph=False) | model(enable_module1=True,use_concept_graph=True,use_personal_graph=False) | physical(has_knowledge_encoder=True,has_relation_learning=True,has_adaptive_gate=False,has_personal_generator=False)
2026-04-16 10:31:36,620 - INFO - [Inference] [Graph Init] graph_tau_mean=1.0055, graph_tau_std=0.0000, graph_dropout=0.000, use_personal_graph=False
2026-04-16 10:31:36,621 - INFO - Model loaded from epoch 20. Start testing...
2026-04-16 10:31:37,909 - INFO - [Test] 200/946 batches done, samples=12800
2026-04-16 10:31:39,074 - INFO - [Test] 400/946 batches done, samples=25600
2026-04-16 10:31:40,159 - INFO - [Test] 600/946 batches done, samples=38400
2026-04-16 10:31:41,197 - INFO - [Test] 800/946 batches done, samples=51200
2026-04-16 10:31:42,016 - INFO - 
==================================================
2026-04-16 10:31:42,016 - INFO - Test Results:
2026-04-16 10:31:42,016 - INFO - AUC: 0.8287
2026-04-16 10:31:42,016 - INFO - ACC: 0.7685
2026-04-16 10:31:42,016 - INFO - RMSE: 0.3997
2026-04-16 10:31:42,016 - INFO - ==================================================
2026-04-16 10:31:42,029 - INFO - Summary appended to /home/zsh/ConceptSkillCDM/results/experiment_results.csv
2026-04-16 10:31:42,032 - INFO - Run completed.
2026-04-16 10:31:42,032 - INFO - Best validation AUC: 0.8226 at epoch 20
2026-04-16 10:31:42,032 - INFO - Test metrics - AUC: 0.8287, ACC: 0.7685, RMSE: 0.3997
