2026-02-12 19:27:47,281 - INFO - Arguments:
2026-02-12 19:27:47,281 - INFO -   ablate_concept_graph: False
2026-02-12 19:27:47,281 - INFO -   ablate_module1: False
2026-02-12 19:27:47,281 - INFO -   ablate_module2: False
2026-02-12 19:27:47,281 - INFO -   ablate_module3: True
2026-02-12 19:27:47,281 - INFO -   ablate_skill_encoder: False
2026-02-12 19:27:47,281 - INFO -   ablate_soft_prototype: True
2026-02-12 19:27:47,281 - INFO -   allow_self_loop: True
2026-02-12 19:27:47,281 - INFO -   batch_size: 256
2026-02-12 19:27:47,281 - INFO -   data_dir: ./data/junyi
2026-02-12 19:27:47,281 - INFO -   dataset_name: junyi
2026-02-12 19:27:47,281 - INFO -   debug_module3_diag: True
2026-02-12 19:27:47,281 - INFO -   diag_batches: 1
2026-02-12 19:27:47,281 - INFO -   disable_q_aligned_residual: False
2026-02-12 19:27:47,281 - INFO -   disable_q_conditioning: False
2026-02-12 19:27:47,281 - INFO -   disable_self_loop: False
2026-02-12 19:27:47,281 - INFO -   disable_soft_prototype: True
2026-02-12 19:27:47,281 - INFO -   dropout: 0.4
2026-02-12 19:27:47,281 - INFO -   early_stop_patience: 3
2026-02-12 19:27:47,282 - INFO -   enable_module1: True
2026-02-12 19:27:47,282 - INFO -   enable_module2: True
2026-02-12 19:27:47,282 - INFO -   enable_module3: False
2026-02-12 19:27:47,282 - INFO -   enable_soft_prototype: False
2026-02-12 19:27:47,282 - INFO -   epochs: 50
2026-02-12 19:27:47,282 - INFO -   exercise_dim: 128
2026-02-12 19:27:47,282 - INFO -   exercise_l2_lambda: 5e-05
2026-02-12 19:27:47,282 - INFO -   fusion_gate_bias_init: -1.1
2026-02-12 19:27:47,282 - INFO -   fusion_gate_max: 1.0
2026-02-12 19:27:47,282 - INFO -   generate_diagnosis: False
2026-02-12 19:27:47,282 - INFO -   gnn_residual_weight: 0.5
2026-02-12 19:27:47,282 - INFO -   gpu_candidates: None
2026-02-12 19:27:47,282 - INFO -   gpu_ids: None
2026-02-12 19:27:47,282 - INFO -   gpu_memory_threshold: 2000
2026-02-12 19:27:47,282 - INFO -   gpus: None
2026-02-12 19:27:47,282 - INFO -   graph_dropout: -1.0
2026-02-12 19:27:47,282 - INFO -   graph_entropy_max: 0.6
2026-02-12 19:27:47,282 - INFO -   graph_entropy_min: 0.15
2026-02-12 19:27:47,282 - INFO -   graph_reg_cap_ratio: 6.0
2026-02-12 19:27:47,282 - INFO -   graph_reg_warmup_epochs: 0
2026-02-12 19:27:47,282 - INFO -   graph_tau_init: 1.0
2026-02-12 19:27:47,282 - INFO -   graph_topk: None
2026-02-12 19:27:47,282 - INFO -   graph_uniform_margin: 0.12
2026-02-12 19:27:47,282 - INFO -   knowledge_dim: 128
2026-02-12 19:27:47,282 - INFO -   lambda_alpha: 0.01
2026-02-12 19:27:47,282 - INFO -   lambda_graph_diag: 0.15
2026-02-12 19:27:47,282 - INFO -   lambda_graph_uniform: 0.06
2026-02-12 19:27:47,282 - INFO -   lambda_proto_div: 0.0
2026-02-12 19:27:47,282 - INFO -   lambda_proto_usage: 0.0
2026-02-12 19:27:47,282 - INFO -   lambda_sparse: 0.03
2026-02-12 19:27:47,282 - INFO -   lambda_sparse_personal: 0.005
2026-02-12 19:27:47,282 - INFO -   learning_rate: 0.003
2026-02-12 19:27:47,282 - INFO -   log_dir: logs/junyi_m3grid/seed42/prio_s0p03_h0p6_gd0p15_gw0_no3
2026-02-12 19:27:47,282 - INFO -   min_exer_interactions: 0
2026-02-12 19:27:47,282 - INFO -   min_poison_count: 0
2026-02-12 19:27:47,282 - INFO -   min_stu_interactions: 15
2026-02-12 19:27:47,282 - INFO -   model_variant: junyi_m3grid_prio_s0p03_h0p6_gd0p15_gw0_no3
2026-02-12 19:27:47,282 - INFO -   multi_gpu: False
2026-02-12 19:27:47,282 - INFO -   no_cuda: False
2026-02-12 19:27:47,282 - INFO -   num_gnn_layers: 2
2026-02-12 19:27:47,282 - INFO -   num_gpus: 1
2026-02-12 19:27:47,282 - INFO -   num_prototypes: 0
2026-02-12 19:27:47,282 - INFO -   num_relation_heads: 2
2026-02-12 19:27:47,282 - INFO -   num_workers: 4
2026-02-12 19:27:47,282 - INFO -   patience: 1
2026-02-12 19:27:47,282 - INFO -   personal_rank: 4
2026-02-12 19:27:47,282 - INFO -   proto_lambda: 0.0
2026-02-12 19:27:47,282 - INFO -   proto_tau: 1.0
2026-02-12 19:27:47,283 - INFO -   residual_clip_t: 2.0
2026-02-12 19:27:47,283 - INFO -   residual_scale_init: 0.1
2026-02-12 19:27:47,283 - INFO -   save_dir: checkpoints/junyi_m3grid/seed42/prio_s0p03_h0p6_gd0p15_gw0_no3
2026-02-12 19:27:47,283 - INFO -   save_interval: 10
2026-02-12 19:27:47,283 - INFO -   seed: 42
2026-02-12 19:27:47,283 - INFO -   skill_dim: 64
2026-02-12 19:27:47,283 - INFO -   use_concept_graph: True
2026-02-12 19:27:47,283 - INFO -   use_exercise_graph: True
2026-02-12 19:27:47,283 - INFO -   use_mf_branch: False
2026-02-12 19:27:47,283 - INFO -   use_personal_graph: True
2026-02-12 19:27:47,283 - INFO -   use_q_aligned_residual: True
2026-02-12 19:27:47,283 - INFO -   use_q_conditioning: True
2026-02-12 19:27:47,283 - INFO -   use_skill_encoder: False
2026-02-12 19:27:47,283 - INFO -   use_soft_prototype: False
2026-02-12 19:27:47,283 - INFO -   use_soft_prototype_main_path: False
2026-02-12 19:27:47,283 - INFO -   weight_decay: 0.001
2026-02-12 19:27:47,379 - INFO - Using device: cuda:0
2026-02-12 19:27:47,379 - INFO - [junyi|junyi_m3grid_prio_s0p03_h0p6_gd0p15_gw0_no3|lr=0.003|drop=0.40] Loading datasets...
2026-02-12 19:27:47,380 - INFO - [junyi|junyi_m3grid_prio_s0p03_h0p6_gd0p15_gw0_no3|lr=0.003|drop=0.40] Regularization: graph_entropy(lambda_sparse)=0.030000, graph_diag=0.150000, graph_uniform=0.060000, proto_div=0.000000, proto_usage=0.000000, personal_sparse=0.005000, alpha_penalty=0.010000, mf_l2(exercise_l2_lambda)=0.000050
2026-02-12 19:27:47,380 - INFO - [junyi|junyi_m3grid_prio_s0p03_h0p6_gd0p15_gw0_no3|lr=0.003|drop=0.40] Graph controls: entropy_band=[0.15, 0.60], uniform_margin=0.12, warmup_epochs=0, cap_ratio=6.00, graph_dropout=-1.000, graph_tau_init=1.000
2026-02-12 19:27:47,467 - INFO - [数据清洗] 学生交互次数 < 15 次的学生：共移除 0 个学生（仅统计用户数）
2026-02-12 19:27:47,478 - INFO - [数据清洗] 学生冷启动过滤：在 train/valid/test 中共删除 0 条记录。
2026-02-12 19:27:47,479 - INFO - [数据清洗] 跳过题目冷门过滤（min_exer_interactions <= 0）。
2026-02-12 19:27:47,479 - INFO - [数据清洗] 跳过毒题清洗（min_poison_count <= 0）。
2026-02-12 19:27:56,220 - INFO - [junyi|junyi_m3grid_prio_s0p03_h0p6_gd0p15_gw0_no3|lr=0.003|drop=0.40] Train samples: 262473, Val samples: 24299
2026-02-12 19:27:56,221 - INFO - [junyi|junyi_m3grid_prio_s0p03_h0p6_gd0p15_gw0_no3|lr=0.003|drop=0.40] Number of students: 10000
2026-02-12 19:27:56,221 - INFO - [junyi|junyi_m3grid_prio_s0p03_h0p6_gd0p15_gw0_no3|lr=0.003|drop=0.40] Number of exercises: 706
2026-02-12 19:27:56,221 - INFO - [junyi|junyi_m3grid_prio_s0p03_h0p6_gd0p15_gw0_no3|lr=0.003|drop=0.40] Number of concepts: 706
2026-02-12 19:27:56,221 - INFO - [junyi|junyi_m3grid_prio_s0p03_h0p6_gd0p15_gw0_no3|lr=0.003|drop=0.40] Creating model...
2026-02-12 19:27:56,221 - INFO - [junyi|junyi_m3grid_prio_s0p03_h0p6_gd0p15_gw0_no3|lr=0.003|drop=0.40] Ablation switches: ablate_module1=False, ablate_module2=False, ablate_module3=True | enable_module1=True, enable_module2=True, enable_module3=False | use_soft_prototype=False, use_mf_branch=False, use_concept_graph=True, use_q_aligned_residual=True, use_soft_prototype_main_path=False | effective(num_gnn_layers=2, num_prototypes=0)
2026-02-12 19:27:56,364 - INFO - [junyi|junyi_m3grid_prio_s0p03_h0p6_gd0p15_gw0_no3|lr=0.003|drop=0.40] Ablation runtime check: args(ablate_module1=False,ablate_module2=False,ablate_module3=True) | model(enable_module1=True,enable_module2=True,enable_module3=False) | physical(has_knowledge_encoder=True,has_mf_branch=False,has_soft_prototype=False)
2026-02-12 19:27:56,364 - INFO - [junyi|junyi_m3grid_prio_s0p03_h0p6_gd0p15_gw0_no3|lr=0.003|drop=0.40] Debug diagnostics enabled: diag_batches=1
2026-02-12 19:27:56,386 - INFO - [junyi|junyi_m3grid_prio_s0p03_h0p6_gd0p15_gw0_no3|lr=0.003|drop=0.40] [Module3 Init] fusion_gate_bias=0.0000, fusion_gate_max=0.0000, implied_gate=0.0000, q_gate=0.0000, mf_scale=0.0000, bias_scale=0.0000, graph_tau_mean=1.3133, graph_tau_std=0.0000, graph_dropout=0.400
2026-02-12 19:27:56,387 - INFO - [junyi|junyi_m3grid_prio_s0p03_h0p6_gd0p15_gw0_no3|lr=0.003|drop=0.40] Total parameters: 2,235,533
2026-02-12 19:27:56,387 - INFO - [junyi|junyi_m3grid_prio_s0p03_h0p6_gd0p15_gw0_no3|lr=0.003|drop=0.40] Trainable parameters: 2,235,533
2026-02-12 19:27:57,152 - INFO - [junyi|junyi_m3grid_prio_s0p03_h0p6_gd0p15_gw0_no3|lr=0.003|drop=0.40] Starting training...
2026-02-12 19:30:27,141 - INFO - [junyi|junyi_m3grid_prio_s0p03_h0p6_gd0p15_gw0_no3|lr=0.003|drop=0.40] Epoch [001/50] | Train: Loss=0.5690, BCE=0.5192, Reg=0.0498, AUC=0.7887, ACC=0.7442, RMSE=0.4159 | Val: Loss=0.5631, BCE=0.5109, Reg=0.0522, AUC=0.7953, ACC=0.7588, RMSE=0.4100
2026-02-12 19:30:27,141 - INFO - [junyi|junyi_m3grid_prio_s0p03_h0p6_gd0p15_gw0_no3|lr=0.003|drop=0.40] [Reg Terms] Epoch [001] | Train: graph_entropy=0.009662, graph_diag=0.000212, graph_uniform=0.007131, graph_reg_scale=1.0000, mf_l2=0.000000, proto_div=0.000000, proto_usage=0.000000, personal_sparse=0.032798, alpha_var=-0.000000, reg_bce_ratio=0.0959 | Val: graph_entropy=0.012000, graph_diag=0.000212, graph_uniform=0.007200, graph_reg_scale=1.0000, mf_l2=0.000000, proto_div=0.000000, proto_usage=0.000000, personal_sparse=0.032798, alpha_var=-0.000000, reg_bce_ratio=0.1022
2026-02-12 19:30:28,176 - INFO - [junyi|junyi_m3grid_prio_s0p03_h0p6_gd0p15_gw0_no3|lr=0.003|drop=0.40] [Diag][M3] Epoch [001] | residual_abs_mean=0.0000, residual_std=0.0000, mf_abs_mean=0.0000, mf_std=0.0000, gate_mean=0.0000, gate_std=0.0000, irt_abs_mean=1.6665, irt_std=1.0410, delta_abs_mean=0.0000, delta_std=0.0000, delta_over_irt=0.0000, graph_row_entropy=6.5596, graph_entropy_ratio=1.0000, alpha_mean=0.5009, alpha_std=0.0000, personal_row_entropy=6.5596
2026-02-12 19:30:28,176 - INFO - [junyi|junyi_m3grid_prio_s0p03_h0p6_gd0p15_gw0_no3|lr=0.003|drop=0.40] [Diag][Graph] Epoch [001] | entropy_ratio=1.0000, diag_mass=0.0014, to_uniform_l2=0.000000, to_identity_l2=0.037609, tau_mean=0.6936, tau_std=0.0000, graph_reg_scale(train/val)=1.0000/1.0000
2026-02-12 19:30:28,176 - INFO - [junyi|junyi_m3grid_prio_s0p03_h0p6_gd0p15_gw0_no3|lr=0.003|drop=0.40] [Grad Norms] Epoch [001] | mf_u_proj=0.000000, mf_v_proj=0.000000, fusion_gate=0.000000, q_gate_raw=0.000000, skill_latent=0.000000, relation_emb=3.204006e-01, relation_tau=0.000000e+00, relation_wq=0.000000e+00, relation_wk=0.000000e+00, personal_u=8.335770e-14, personal_v=3.417760e-15
2026-02-12 19:30:28,323 - INFO - [junyi|junyi_m3grid_prio_s0p03_h0p6_gd0p15_gw0_no3|lr=0.003|drop=0.40] -> New best AUC=0.7953 at epoch 1
2026-02-12 19:32:57,852 - INFO - [junyi|junyi_m3grid_prio_s0p03_h0p6_gd0p15_gw0_no3|lr=0.003|drop=0.40] Epoch [002/50] | Train: Loss=0.5618, BCE=0.5120, Reg=0.0498, AUC=0.7959, ACC=0.7499, RMSE=0.4123 | Val: Loss=0.5548, BCE=0.5026, Reg=0.0522, AUC=0.8030, ACC=0.7616, RMSE=0.4068
2026-02-12 19:32:57,852 - INFO - [junyi|junyi_m3grid_prio_s0p03_h0p6_gd0p15_gw0_no3|lr=0.003|drop=0.40] [Reg Terms] Epoch [002] | Train: graph_entropy=0.009662, graph_diag=0.000213, graph_uniform=0.007131, graph_reg_scale=1.0000, mf_l2=0.000000, proto_div=0.000000, proto_usage=0.000000, personal_sparse=0.032798, alpha_var=-0.000000, reg_bce_ratio=0.0973 | Val: graph_entropy=0.012000, graph_diag=0.000212, graph_uniform=0.007200, graph_reg_scale=1.0000, mf_l2=0.000000, proto_div=0.000000, proto_usage=0.000000, personal_sparse=0.032798, alpha_var=-0.000000, reg_bce_ratio=0.1039
2026-02-12 19:32:58,920 - INFO - [junyi|junyi_m3grid_prio_s0p03_h0p6_gd0p15_gw0_no3|lr=0.003|drop=0.40] [Diag][M3] Epoch [002] | residual_abs_mean=0.0000, residual_std=0.0000, mf_abs_mean=0.0000, mf_std=0.0000, gate_mean=0.0000, gate_std=0.0000, irt_abs_mean=1.6702, irt_std=0.9970, delta_abs_mean=0.0000, delta_std=0.0000, delta_over_irt=0.0000, graph_row_entropy=6.5596, graph_entropy_ratio=1.0000, alpha_mean=0.5004, alpha_std=0.0000, personal_row_entropy=6.5596
2026-02-12 19:32:58,920 - INFO - [junyi|junyi_m3grid_prio_s0p03_h0p6_gd0p15_gw0_no3|lr=0.003|drop=0.40] [Diag][Graph] Epoch [002] | entropy_ratio=1.0000, diag_mass=0.0014, to_uniform_l2=0.000000, to_identity_l2=0.037609, tau_mean=0.6931, tau_std=0.0000, graph_reg_scale(train/val)=1.0000/1.0000
2026-02-12 19:32:58,920 - INFO - [junyi|junyi_m3grid_prio_s0p03_h0p6_gd0p15_gw0_no3|lr=0.003|drop=0.40] [Grad Norms] Epoch [002] | mf_u_proj=0.000000, mf_v_proj=0.000000, fusion_gate=0.000000, q_gate_raw=0.000000, skill_latent=0.000000, relation_emb=3.680879e-01, relation_tau=6.021998e-15, relation_wq=1.280017e-09, relation_wk=7.563883e-10, personal_u=6.196432e-17, personal_v=3.705007e-18
2026-02-12 19:32:59,186 - INFO - [junyi|junyi_m3grid_prio_s0p03_h0p6_gd0p15_gw0_no3|lr=0.003|drop=0.40] -> New best AUC=0.8030 at epoch 2
2026-02-12 19:35:28,873 - INFO - [junyi|junyi_m3grid_prio_s0p03_h0p6_gd0p15_gw0_no3|lr=0.003|drop=0.40] Epoch [003/50] | Train: Loss=0.5574, BCE=0.5076, Reg=0.0498, AUC=0.8002, ACC=0.7528, RMSE=0.4101 | Val: Loss=0.5494, BCE=0.4972, Reg=0.0522, AUC=0.8080, ACC=0.7662, RMSE=0.4036
2026-02-12 19:35:28,873 - INFO - [junyi|junyi_m3grid_prio_s0p03_h0p6_gd0p15_gw0_no3|lr=0.003|drop=0.40] [Reg Terms] Epoch [003] | Train: graph_entropy=0.009662, graph_diag=0.000212, graph_uniform=0.007131, graph_reg_scale=1.0000, mf_l2=0.000000, proto_div=0.000000, proto_usage=0.000000, personal_sparse=0.032798, alpha_var=-0.000000, reg_bce_ratio=0.0981 | Val: graph_entropy=0.012000, graph_diag=0.000212, graph_uniform=0.007200, graph_reg_scale=1.0000, mf_l2=0.000000, proto_div=0.000000, proto_usage=0.000000, personal_sparse=0.032798, alpha_var=-0.000000, reg_bce_ratio=0.1050
2026-02-12 19:35:30,085 - INFO - [junyi|junyi_m3grid_prio_s0p03_h0p6_gd0p15_gw0_no3|lr=0.003|drop=0.40] [Diag][M3] Epoch [003] | residual_abs_mean=0.0000, residual_std=0.0000, mf_abs_mean=0.0000, mf_std=0.0000, gate_mean=0.0000, gate_std=0.0000, irt_abs_mean=1.7072, irt_std=1.0731, delta_abs_mean=0.0000, delta_std=0.0000, delta_over_irt=0.0000, graph_row_entropy=6.5596, graph_entropy_ratio=1.0000, alpha_mean=0.4987, alpha_std=0.0000, personal_row_entropy=6.5596
2026-02-12 19:35:30,085 - INFO - [junyi|junyi_m3grid_prio_s0p03_h0p6_gd0p15_gw0_no3|lr=0.003|drop=0.40] [Diag][Graph] Epoch [003] | entropy_ratio=1.0000, diag_mass=0.0014, to_uniform_l2=0.000000, to_identity_l2=0.037609, tau_mean=0.6931, tau_std=0.0000, graph_reg_scale(train/val)=1.0000/1.0000
2026-02-12 19:35:30,085 - WARNING - [junyi|junyi_m3grid_prio_s0p03_h0p6_gd0p15_gw0_no3|lr=0.003|drop=0.40] [Diag Warning] alpha_std has been near zero for 3 epoch(s) (alpha_std=0.000000, personal_row_entropy=6.5596). This indicates personal-graph mixing may be collapsed/trivial.
2026-02-12 19:35:30,085 - WARNING - [junyi|junyi_m3grid_prio_s0p03_h0p6_gd0p15_gw0_no3|lr=0.003|drop=0.40] [Diag Warning][Graph] graph entropy ratio has stayed too high for 3 epoch(s): entropy_ratio=1.0000, to_uniform_l2=0.000000
2026-02-12 19:35:30,085 - INFO - [junyi|junyi_m3grid_prio_s0p03_h0p6_gd0p15_gw0_no3|lr=0.003|drop=0.40] [Grad Norms] Epoch [003] | mf_u_proj=0.000000, mf_v_proj=0.000000, fusion_gate=0.000000, q_gate_raw=0.000000, skill_latent=0.000000, relation_emb=3.091767e-01, relation_tau=1.855729e-14, relation_wq=9.878808e-10, relation_wk=1.868582e-09, personal_u=5.302803e-15, personal_v=3.553070e-15
2026-02-12 19:35:30,296 - INFO - [junyi|junyi_m3grid_prio_s0p03_h0p6_gd0p15_gw0_no3|lr=0.003|drop=0.40] -> New best AUC=0.8080 at epoch 3
2026-02-12 19:38:00,048 - INFO - [junyi|junyi_m3grid_prio_s0p03_h0p6_gd0p15_gw0_no3|lr=0.003|drop=0.40] Epoch [004/50] | Train: Loss=0.5533, BCE=0.5035, Reg=0.0498, AUC=0.8040, ACC=0.7561, RMSE=0.4080 | Val: Loss=0.5541, BCE=0.5018, Reg=0.0522, AUC=0.8069, ACC=0.7641, RMSE=0.4059
2026-02-12 19:38:00,048 - INFO - [junyi|junyi_m3grid_prio_s0p03_h0p6_gd0p15_gw0_no3|lr=0.003|drop=0.40] [Reg Terms] Epoch [004] | Train: graph_entropy=0.009662, graph_diag=0.000213, graph_uniform=0.007131, graph_reg_scale=1.0000, mf_l2=0.000000, proto_div=0.000000, proto_usage=0.000000, personal_sparse=0.032798, alpha_var=-0.000000, reg_bce_ratio=0.0989 | Val: graph_entropy=0.012000, graph_diag=0.000212, graph_uniform=0.007200, graph_reg_scale=1.0000, mf_l2=0.000000, proto_div=0.000000, proto_usage=0.000000, personal_sparse=0.032798, alpha_var=-0.000000, reg_bce_ratio=0.1040
2026-02-12 19:38:01,170 - INFO - [junyi|junyi_m3grid_prio_s0p03_h0p6_gd0p15_gw0_no3|lr=0.003|drop=0.40] [Diag][M3] Epoch [004] | residual_abs_mean=0.0000, residual_std=0.0000, mf_abs_mean=0.0000, mf_std=0.0000, gate_mean=0.0000, gate_std=0.0000, irt_abs_mean=1.7966, irt_std=1.0664, delta_abs_mean=0.0000, delta_std=0.0000, delta_over_irt=0.0000, graph_row_entropy=6.5596, graph_entropy_ratio=1.0000, alpha_mean=0.4980, alpha_std=0.0000, personal_row_entropy=6.5596
2026-02-12 19:38:01,171 - INFO - [junyi|junyi_m3grid_prio_s0p03_h0p6_gd0p15_gw0_no3|lr=0.003|drop=0.40] [Diag][Graph] Epoch [004] | entropy_ratio=1.0000, diag_mass=0.0014, to_uniform_l2=0.000000, to_identity_l2=0.037609, tau_mean=0.6931, tau_std=0.0000, graph_reg_scale(train/val)=1.0000/1.0000
2026-02-12 19:38:01,171 - WARNING - [junyi|junyi_m3grid_prio_s0p03_h0p6_gd0p15_gw0_no3|lr=0.003|drop=0.40] [Diag Warning] alpha_std has been near zero for 4 epoch(s) (alpha_std=0.000000, personal_row_entropy=6.5596). This indicates personal-graph mixing may be collapsed/trivial.
2026-02-12 19:38:01,171 - WARNING - [junyi|junyi_m3grid_prio_s0p03_h0p6_gd0p15_gw0_no3|lr=0.003|drop=0.40] [Diag Warning][Graph] graph entropy ratio has stayed too high for 4 epoch(s): entropy_ratio=1.0000, to_uniform_l2=0.000000
2026-02-12 19:38:01,171 - INFO - [junyi|junyi_m3grid_prio_s0p03_h0p6_gd0p15_gw0_no3|lr=0.003|drop=0.40] [Grad Norms] Epoch [004] | mf_u_proj=0.000000, mf_v_proj=0.000000, fusion_gate=0.000000, q_gate_raw=0.000000, skill_latent=0.000000, relation_emb=4.828790e-01, relation_tau=3.049757e-14, relation_wq=1.576706e-09, relation_wk=1.575934e-09, personal_u=1.518771e-14, personal_v=1.016887e-14
2026-02-12 19:38:01,171 - INFO - [junyi|junyi_m3grid_prio_s0p03_h0p6_gd0p15_gw0_no3|lr=0.003|drop=0.40] -> No improvement 1 epoch(s) (best AUC=0.8080 @ 3)
2026-02-12 19:40:30,825 - INFO - [junyi|junyi_m3grid_prio_s0p03_h0p6_gd0p15_gw0_no3|lr=0.003|drop=0.40] Epoch [005/50] | Train: Loss=0.5509, BCE=0.5011, Reg=0.0498, AUC=0.8062, ACC=0.7575, RMSE=0.4070 | Val: Loss=0.5510, BCE=0.4988, Reg=0.0522, AUC=0.8074, ACC=0.7639, RMSE=0.4044
2026-02-12 19:40:30,826 - INFO - [junyi|junyi_m3grid_prio_s0p03_h0p6_gd0p15_gw0_no3|lr=0.003|drop=0.40] [Reg Terms] Epoch [005] | Train: graph_entropy=0.009661, graph_diag=0.000213, graph_uniform=0.007131, graph_reg_scale=1.0000, mf_l2=0.000000, proto_div=0.000000, proto_usage=0.000000, personal_sparse=0.032798, alpha_var=-0.000000, reg_bce_ratio=0.0994 | Val: graph_entropy=0.012000, graph_diag=0.000212, graph_uniform=0.007200, graph_reg_scale=1.0000, mf_l2=0.000000, proto_div=0.000000, proto_usage=0.000000, personal_sparse=0.032798, alpha_var=-0.000000, reg_bce_ratio=0.1047
2026-02-12 19:40:31,917 - INFO - [junyi|junyi_m3grid_prio_s0p03_h0p6_gd0p15_gw0_no3|lr=0.003|drop=0.40] [Diag][M3] Epoch [005] | residual_abs_mean=0.0000, residual_std=0.0000, mf_abs_mean=0.0000, mf_std=0.0000, gate_mean=0.0000, gate_std=0.0000, irt_abs_mean=1.7353, irt_std=1.0689, delta_abs_mean=0.0000, delta_std=0.0000, delta_over_irt=0.0000, graph_row_entropy=6.5596, graph_entropy_ratio=1.0000, alpha_mean=0.5026, alpha_std=0.0000, personal_row_entropy=6.5596
2026-02-12 19:40:31,918 - INFO - [junyi|junyi_m3grid_prio_s0p03_h0p6_gd0p15_gw0_no3|lr=0.003|drop=0.40] [Diag][Graph] Epoch [005] | entropy_ratio=1.0000, diag_mass=0.0014, to_uniform_l2=0.000000, to_identity_l2=0.037609, tau_mean=0.6931, tau_std=0.0000, graph_reg_scale(train/val)=1.0000/1.0000
2026-02-12 19:40:31,918 - WARNING - [junyi|junyi_m3grid_prio_s0p03_h0p6_gd0p15_gw0_no3|lr=0.003|drop=0.40] [Diag Warning] alpha_std has been near zero for 5 epoch(s) (alpha_std=0.000000, personal_row_entropy=6.5596). This indicates personal-graph mixing may be collapsed/trivial.
2026-02-12 19:40:31,918 - WARNING - [junyi|junyi_m3grid_prio_s0p03_h0p6_gd0p15_gw0_no3|lr=0.003|drop=0.40] [Diag Warning][Graph] graph entropy ratio has stayed too high for 5 epoch(s): entropy_ratio=1.0000, to_uniform_l2=0.000000
2026-02-12 19:40:31,918 - INFO - [junyi|junyi_m3grid_prio_s0p03_h0p6_gd0p15_gw0_no3|lr=0.003|drop=0.40] [Grad Norms] Epoch [005] | mf_u_proj=0.000000, mf_v_proj=0.000000, fusion_gate=0.000000, q_gate_raw=0.000000, skill_latent=0.000000, relation_emb=3.581567e-01, relation_tau=1.114355e-13, relation_wq=2.009448e-09, relation_wk=1.887536e-09, personal_u=1.689755e-14, personal_v=1.670127e-14
2026-02-12 19:40:31,918 - INFO - [junyi|junyi_m3grid_prio_s0p03_h0p6_gd0p15_gw0_no3|lr=0.003|drop=0.40] -> No improvement 2 epoch(s) (best AUC=0.8080 @ 3)
2026-02-12 19:43:01,549 - INFO - [junyi|junyi_m3grid_prio_s0p03_h0p6_gd0p15_gw0_no3|lr=0.003|drop=0.40] Epoch [006/50] | Train: Loss=0.5380, BCE=0.4882, Reg=0.0498, AUC=0.8179, ACC=0.7668, RMSE=0.4005 | Val: Loss=0.5439, BCE=0.4917, Reg=0.0522, AUC=0.8147, ACC=0.7705, RMSE=0.4006
2026-02-12 19:43:01,550 - INFO - [junyi|junyi_m3grid_prio_s0p03_h0p6_gd0p15_gw0_no3|lr=0.003|drop=0.40] [Reg Terms] Epoch [006] | Train: graph_entropy=0.009661, graph_diag=0.000213, graph_uniform=0.007131, graph_reg_scale=1.0000, mf_l2=0.000000, proto_div=0.000000, proto_usage=0.000000, personal_sparse=0.032798, alpha_var=-0.000000, reg_bce_ratio=0.1020 | Val: graph_entropy=0.012000, graph_diag=0.000212, graph_uniform=0.007200, graph_reg_scale=1.0000, mf_l2=0.000000, proto_div=0.000000, proto_usage=0.000000, personal_sparse=0.032798, alpha_var=-0.000000, reg_bce_ratio=0.1062
2026-02-12 19:43:02,651 - INFO - [junyi|junyi_m3grid_prio_s0p03_h0p6_gd0p15_gw0_no3|lr=0.003|drop=0.40] [Diag][M3] Epoch [006] | residual_abs_mean=0.0000, residual_std=0.0000, mf_abs_mean=0.0000, mf_std=0.0000, gate_mean=0.0000, gate_std=0.0000, irt_abs_mean=1.8328, irt_std=1.1401, delta_abs_mean=0.0000, delta_std=0.0000, delta_over_irt=0.0000, graph_row_entropy=6.5596, graph_entropy_ratio=1.0000, alpha_mean=0.5003, alpha_std=0.0000, personal_row_entropy=6.5596
2026-02-12 19:43:02,652 - INFO - [junyi|junyi_m3grid_prio_s0p03_h0p6_gd0p15_gw0_no3|lr=0.003|drop=0.40] [Diag][Graph] Epoch [006] | entropy_ratio=1.0000, diag_mass=0.0014, to_uniform_l2=0.000000, to_identity_l2=0.037609, tau_mean=0.6931, tau_std=0.0000, graph_reg_scale(train/val)=1.0000/1.0000
2026-02-12 19:43:02,652 - WARNING - [junyi|junyi_m3grid_prio_s0p03_h0p6_gd0p15_gw0_no3|lr=0.003|drop=0.40] [Diag Warning] alpha_std has been near zero for 6 epoch(s) (alpha_std=0.000000, personal_row_entropy=6.5596). This indicates personal-graph mixing may be collapsed/trivial.
2026-02-12 19:43:02,652 - WARNING - [junyi|junyi_m3grid_prio_s0p03_h0p6_gd0p15_gw0_no3|lr=0.003|drop=0.40] [Diag Warning][Graph] graph entropy ratio has stayed too high for 6 epoch(s): entropy_ratio=1.0000, to_uniform_l2=0.000000
2026-02-12 19:43:02,652 - INFO - [junyi|junyi_m3grid_prio_s0p03_h0p6_gd0p15_gw0_no3|lr=0.003|drop=0.40] [Grad Norms] Epoch [006] | mf_u_proj=0.000000, mf_v_proj=0.000000, fusion_gate=0.000000, q_gate_raw=0.000000, skill_latent=0.000000, relation_emb=5.309852e-01, relation_tau=0.000000e+00, relation_wq=0.000000e+00, relation_wk=0.000000e+00, personal_u=0.000000e+00, personal_v=0.000000e+00
2026-02-12 19:43:02,863 - INFO - [junyi|junyi_m3grid_prio_s0p03_h0p6_gd0p15_gw0_no3|lr=0.003|drop=0.40] -> New best AUC=0.8147 at epoch 6
2026-02-12 19:45:32,352 - INFO - [junyi|junyi_m3grid_prio_s0p03_h0p6_gd0p15_gw0_no3|lr=0.003|drop=0.40] Epoch [007/50] | Train: Loss=0.5348, BCE=0.4849, Reg=0.0498, AUC=0.8208, ACC=0.7695, RMSE=0.3989 | Val: Loss=0.5411, BCE=0.4889, Reg=0.0522, AUC=0.8191, ACC=0.7720, RMSE=0.3988
2026-02-12 19:45:32,352 - INFO - [junyi|junyi_m3grid_prio_s0p03_h0p6_gd0p15_gw0_no3|lr=0.003|drop=0.40] [Reg Terms] Epoch [007] | Train: graph_entropy=0.009662, graph_diag=0.000213, graph_uniform=0.007131, graph_reg_scale=1.0000, mf_l2=0.000000, proto_div=0.000000, proto_usage=0.000000, personal_sparse=0.032798, alpha_var=-0.000000, reg_bce_ratio=0.1027 | Val: graph_entropy=0.012000, graph_diag=0.000212, graph_uniform=0.007200, graph_reg_scale=1.0000, mf_l2=0.000000, proto_div=0.000000, proto_usage=0.000000, personal_sparse=0.032798, alpha_var=-0.000000, reg_bce_ratio=0.1068
2026-02-12 19:45:33,445 - INFO - [junyi|junyi_m3grid_prio_s0p03_h0p6_gd0p15_gw0_no3|lr=0.003|drop=0.40] [Diag][M3] Epoch [007] | residual_abs_mean=0.0000, residual_std=0.0000, mf_abs_mean=0.0000, mf_std=0.0000, gate_mean=0.0000, gate_std=0.0000, irt_abs_mean=1.9448, irt_std=1.1471, delta_abs_mean=0.0000, delta_std=0.0000, delta_over_irt=0.0000, graph_row_entropy=6.5596, graph_entropy_ratio=1.0000, alpha_mean=0.5074, alpha_std=0.0000, personal_row_entropy=6.5596
2026-02-12 19:45:33,446 - INFO - [junyi|junyi_m3grid_prio_s0p03_h0p6_gd0p15_gw0_no3|lr=0.003|drop=0.40] [Diag][Graph] Epoch [007] | entropy_ratio=1.0000, diag_mass=0.0014, to_uniform_l2=0.000000, to_identity_l2=0.037609, tau_mean=0.6931, tau_std=0.0000, graph_reg_scale(train/val)=1.0000/1.0000
2026-02-12 19:45:33,446 - WARNING - [junyi|junyi_m3grid_prio_s0p03_h0p6_gd0p15_gw0_no3|lr=0.003|drop=0.40] [Diag Warning] alpha_std has been near zero for 7 epoch(s) (alpha_std=0.000000, personal_row_entropy=6.5596). This indicates personal-graph mixing may be collapsed/trivial.
2026-02-12 19:45:33,446 - WARNING - [junyi|junyi_m3grid_prio_s0p03_h0p6_gd0p15_gw0_no3|lr=0.003|drop=0.40] [Diag Warning][Graph] graph entropy ratio has stayed too high for 7 epoch(s): entropy_ratio=1.0000, to_uniform_l2=0.000000
2026-02-12 19:45:33,446 - INFO - [junyi|junyi_m3grid_prio_s0p03_h0p6_gd0p15_gw0_no3|lr=0.003|drop=0.40] [Grad Norms] Epoch [007] | mf_u_proj=0.000000, mf_v_proj=0.000000, fusion_gate=0.000000, q_gate_raw=0.000000, skill_latent=0.000000, relation_emb=4.659351e-01, relation_tau=8.579756e-17, relation_wq=2.338969e-10, relation_wk=3.707934e-10, personal_u=1.300008e-15, personal_v=1.458450e-15
2026-02-12 19:45:33,634 - INFO - [junyi|junyi_m3grid_prio_s0p03_h0p6_gd0p15_gw0_no3|lr=0.003|drop=0.40] -> New best AUC=0.8191 at epoch 7
2026-02-12 19:48:02,933 - INFO - [junyi|junyi_m3grid_prio_s0p03_h0p6_gd0p15_gw0_no3|lr=0.003|drop=0.40] Epoch [008/50] | Train: Loss=0.5333, BCE=0.4835, Reg=0.0498, AUC=0.8220, ACC=0.7694, RMSE=0.3982 | Val: Loss=0.5403, BCE=0.4881, Reg=0.0522, AUC=0.8190, ACC=0.7738, RMSE=0.3983
2026-02-12 19:48:02,933 - INFO - [junyi|junyi_m3grid_prio_s0p03_h0p6_gd0p15_gw0_no3|lr=0.003|drop=0.40] [Reg Terms] Epoch [008] | Train: graph_entropy=0.009662, graph_diag=0.000212, graph_uniform=0.007131, graph_reg_scale=1.0000, mf_l2=0.000000, proto_div=0.000000, proto_usage=0.000000, personal_sparse=0.032798, alpha_var=-0.000000, reg_bce_ratio=0.1030 | Val: graph_entropy=0.012000, graph_diag=0.000212, graph_uniform=0.007200, graph_reg_scale=1.0000, mf_l2=0.000000, proto_div=0.000000, proto_usage=0.000000, personal_sparse=0.032798, alpha_var=-0.000000, reg_bce_ratio=0.1070
2026-02-12 19:48:03,966 - INFO - [junyi|junyi_m3grid_prio_s0p03_h0p6_gd0p15_gw0_no3|lr=0.003|drop=0.40] [Diag][M3] Epoch [008] | residual_abs_mean=0.0000, residual_std=0.0000, mf_abs_mean=0.0000, mf_std=0.0000, gate_mean=0.0000, gate_std=0.0000, irt_abs_mean=1.9288, irt_std=1.1641, delta_abs_mean=0.0000, delta_std=0.0000, delta_over_irt=0.0000, graph_row_entropy=6.5596, graph_entropy_ratio=1.0000, alpha_mean=0.4971, alpha_std=0.0000, personal_row_entropy=6.5596
2026-02-12 19:48:03,966 - INFO - [junyi|junyi_m3grid_prio_s0p03_h0p6_gd0p15_gw0_no3|lr=0.003|drop=0.40] [Diag][Graph] Epoch [008] | entropy_ratio=1.0000, diag_mass=0.0014, to_uniform_l2=0.000000, to_identity_l2=0.037609, tau_mean=0.6931, tau_std=0.0000, graph_reg_scale(train/val)=1.0000/1.0000
2026-02-12 19:48:03,966 - WARNING - [junyi|junyi_m3grid_prio_s0p03_h0p6_gd0p15_gw0_no3|lr=0.003|drop=0.40] [Diag Warning] alpha_std has been near zero for 8 epoch(s) (alpha_std=0.000000, personal_row_entropy=6.5596). This indicates personal-graph mixing may be collapsed/trivial.
2026-02-12 19:48:03,966 - WARNING - [junyi|junyi_m3grid_prio_s0p03_h0p6_gd0p15_gw0_no3|lr=0.003|drop=0.40] [Diag Warning][Graph] graph entropy ratio has stayed too high for 8 epoch(s): entropy_ratio=1.0000, to_uniform_l2=0.000000
2026-02-12 19:48:03,966 - INFO - [junyi|junyi_m3grid_prio_s0p03_h0p6_gd0p15_gw0_no3|lr=0.003|drop=0.40] [Grad Norms] Epoch [008] | mf_u_proj=0.000000, mf_v_proj=0.000000, fusion_gate=0.000000, q_gate_raw=0.000000, skill_latent=0.000000, relation_emb=3.966094e-01, relation_tau=4.307287e-15, relation_wq=1.148593e-09, relation_wk=1.365895e-09, personal_u=8.585229e-16, personal_v=6.066618e-16
2026-02-12 19:48:03,966 - INFO - [junyi|junyi_m3grid_prio_s0p03_h0p6_gd0p15_gw0_no3|lr=0.003|drop=0.40] -> No improvement 1 epoch(s) (best AUC=0.8191 @ 7)
2026-02-12 19:50:33,269 - INFO - [junyi|junyi_m3grid_prio_s0p03_h0p6_gd0p15_gw0_no3|lr=0.003|drop=0.40] Epoch [009/50] | Train: Loss=0.5329, BCE=0.4831, Reg=0.0498, AUC=0.8222, ACC=0.7701, RMSE=0.3980 | Val: Loss=0.5369, BCE=0.4847, Reg=0.0522, AUC=0.8181, ACC=0.7750, RMSE=0.3975
2026-02-12 19:50:33,269 - INFO - [junyi|junyi_m3grid_prio_s0p03_h0p6_gd0p15_gw0_no3|lr=0.003|drop=0.40] [Reg Terms] Epoch [009] | Train: graph_entropy=0.009662, graph_diag=0.000212, graph_uniform=0.007131, graph_reg_scale=1.0000, mf_l2=0.000000, proto_div=0.000000, proto_usage=0.000000, personal_sparse=0.032798, alpha_var=-0.000000, reg_bce_ratio=0.1031 | Val: graph_entropy=0.012000, graph_diag=0.000212, graph_uniform=0.007200, graph_reg_scale=1.0000, mf_l2=0.000000, proto_div=0.000000, proto_usage=0.000000, personal_sparse=0.032798, alpha_var=-0.000000, reg_bce_ratio=0.1077
2026-02-12 19:50:34,457 - INFO - [junyi|junyi_m3grid_prio_s0p03_h0p6_gd0p15_gw0_no3|lr=0.003|drop=0.40] [Diag][M3] Epoch [009] | residual_abs_mean=0.0000, residual_std=0.0000, mf_abs_mean=0.0000, mf_std=0.0000, gate_mean=0.0000, gate_std=0.0000, irt_abs_mean=1.7566, irt_std=1.0920, delta_abs_mean=0.0000, delta_std=0.0000, delta_over_irt=0.0000, graph_row_entropy=6.5596, graph_entropy_ratio=1.0000, alpha_mean=0.5032, alpha_std=0.0000, personal_row_entropy=6.5596
2026-02-12 19:50:34,457 - INFO - [junyi|junyi_m3grid_prio_s0p03_h0p6_gd0p15_gw0_no3|lr=0.003|drop=0.40] [Diag][Graph] Epoch [009] | entropy_ratio=1.0000, diag_mass=0.0014, to_uniform_l2=0.000000, to_identity_l2=0.037609, tau_mean=0.6931, tau_std=0.0000, graph_reg_scale(train/val)=1.0000/1.0000
2026-02-12 19:50:34,457 - WARNING - [junyi|junyi_m3grid_prio_s0p03_h0p6_gd0p15_gw0_no3|lr=0.003|drop=0.40] [Diag Warning] alpha_std has been near zero for 9 epoch(s) (alpha_std=0.000000, personal_row_entropy=6.5596). This indicates personal-graph mixing may be collapsed/trivial.
2026-02-12 19:50:34,457 - WARNING - [junyi|junyi_m3grid_prio_s0p03_h0p6_gd0p15_gw0_no3|lr=0.003|drop=0.40] [Diag Warning][Graph] graph entropy ratio has stayed too high for 9 epoch(s): entropy_ratio=1.0000, to_uniform_l2=0.000000
2026-02-12 19:50:34,457 - INFO - [junyi|junyi_m3grid_prio_s0p03_h0p6_gd0p15_gw0_no3|lr=0.003|drop=0.40] [Grad Norms] Epoch [009] | mf_u_proj=0.000000, mf_v_proj=0.000000, fusion_gate=0.000000, q_gate_raw=0.000000, skill_latent=0.000000, relation_emb=5.861212e-01, relation_tau=7.547383e-14, relation_wq=2.177778e-09, relation_wk=2.144330e-09, personal_u=4.488101e-15, personal_v=3.950007e-15
2026-02-12 19:50:34,457 - INFO - [junyi|junyi_m3grid_prio_s0p03_h0p6_gd0p15_gw0_no3|lr=0.003|drop=0.40] -> No improvement 2 epoch(s) (best AUC=0.8191 @ 7)
2026-02-12 19:53:03,911 - INFO - [junyi|junyi_m3grid_prio_s0p03_h0p6_gd0p15_gw0_no3|lr=0.003|drop=0.40] Epoch [010/50] | Train: Loss=0.5325, BCE=0.4827, Reg=0.0498, AUC=0.8227, ACC=0.7708, RMSE=0.3978 | Val: Loss=0.5369, BCE=0.4847, Reg=0.0522, AUC=0.8185, ACC=0.7732, RMSE=0.3976
2026-02-12 19:53:03,911 - INFO - [junyi|junyi_m3grid_prio_s0p03_h0p6_gd0p15_gw0_no3|lr=0.003|drop=0.40] [Reg Terms] Epoch [010] | Train: graph_entropy=0.009662, graph_diag=0.000212, graph_uniform=0.007131, graph_reg_scale=1.0000, mf_l2=0.000000, proto_div=0.000000, proto_usage=0.000000, personal_sparse=0.032798, alpha_var=-0.000000, reg_bce_ratio=0.1032 | Val: graph_entropy=0.012000, graph_diag=0.000212, graph_uniform=0.007200, graph_reg_scale=1.0000, mf_l2=0.000000, proto_div=0.000000, proto_usage=0.000000, personal_sparse=0.032798, alpha_var=-0.000000, reg_bce_ratio=0.1077
2026-02-12 19:53:04,946 - INFO - [junyi|junyi_m3grid_prio_s0p03_h0p6_gd0p15_gw0_no3|lr=0.003|drop=0.40] [Diag][M3] Epoch [010] | residual_abs_mean=0.0000, residual_std=0.0000, mf_abs_mean=0.0000, mf_std=0.0000, gate_mean=0.0000, gate_std=0.0000, irt_abs_mean=1.7872, irt_std=1.1167, delta_abs_mean=0.0000, delta_std=0.0000, delta_over_irt=0.0000, graph_row_entropy=6.5596, graph_entropy_ratio=1.0000, alpha_mean=0.4979, alpha_std=0.0000, personal_row_entropy=6.5596
2026-02-12 19:53:04,946 - INFO - [junyi|junyi_m3grid_prio_s0p03_h0p6_gd0p15_gw0_no3|lr=0.003|drop=0.40] [Diag][Graph] Epoch [010] | entropy_ratio=1.0000, diag_mass=0.0014, to_uniform_l2=0.000000, to_identity_l2=0.037609, tau_mean=0.6931, tau_std=0.0000, graph_reg_scale(train/val)=1.0000/1.0000
2026-02-12 19:53:04,947 - WARNING - [junyi|junyi_m3grid_prio_s0p03_h0p6_gd0p15_gw0_no3|lr=0.003|drop=0.40] [Diag Warning] alpha_std has been near zero for 10 epoch(s) (alpha_std=0.000000, personal_row_entropy=6.5596). This indicates personal-graph mixing may be collapsed/trivial.
2026-02-12 19:53:04,947 - WARNING - [junyi|junyi_m3grid_prio_s0p03_h0p6_gd0p15_gw0_no3|lr=0.003|drop=0.40] [Diag Warning][Graph] graph entropy ratio has stayed too high for 10 epoch(s): entropy_ratio=1.0000, to_uniform_l2=0.000000
2026-02-12 19:53:04,947 - INFO - [junyi|junyi_m3grid_prio_s0p03_h0p6_gd0p15_gw0_no3|lr=0.003|drop=0.40] [Grad Norms] Epoch [010] | mf_u_proj=0.000000, mf_v_proj=0.000000, fusion_gate=0.000000, q_gate_raw=0.000000, skill_latent=0.000000, relation_emb=4.617771e-01, relation_tau=3.653406e-14, relation_wq=2.074365e-09, relation_wk=1.855414e-09, personal_u=1.072623e-14, personal_v=8.990514e-15
2026-02-12 19:53:04,947 - INFO - [junyi|junyi_m3grid_prio_s0p03_h0p6_gd0p15_gw0_no3|lr=0.003|drop=0.40] -> No improvement 3 epoch(s) (best AUC=0.8191 @ 7)
2026-02-12 19:53:04,947 - INFO - [junyi|junyi_m3grid_prio_s0p03_h0p6_gd0p15_gw0_no3|lr=0.003|drop=0.40] Early stopping at epoch 10 (best AUC=0.8191 @ 7)
2026-02-12 19:53:04,952 - INFO - Epoch-wise metrics saved to checkpoints/junyi_m3grid/seed42/prio_s0p03_h0p6_gd0p15_gw0_no3/metrics_history.csv
2026-02-12 19:53:04,953 - INFO - [junyi|junyi_m3grid_prio_s0p03_h0p6_gd0p15_gw0_no3|lr=0.003|drop=0.40] Training completed! Best Val AUC=0.8191 @ epoch 7
2026-02-12 19:53:05,311 - INFO - 
============================================================
         MODULE ACTIVITY REPORT
============================================================
Dataset: junyi | Seed: 42 | Epoch: 10

1. Soft Prototype Module:
   - Status: DISABLED (num_prototypes=0 or use_soft_prototype=False)

2. Concept Graph Module:
   - Mean row entropy: 6.560 / 6.560
   - Entropy ratio: 100.0%
   - Status: ✗ TRIVIAL (uniform distribution, not learning)
   → Consider: increase lambda_sparse or training longer

3. Personal Graph Module:
   - Gate alpha mean: 0.498
   - Gate alpha std: 0.000
   - Status: ⚠ MARGINAL (low alpha values)

4. Skill/MF Module:
   - MF logit |mean|: 0.0000
   - MF logit std: 0.0000
   - Fusion gate mean: 0.000
   - Status: ✗ INACTIVE (near-zero contribution)
   → Consider: check skill_dim or learning_rate

------------------------------------------------------------
SUMMARY:
   ⚠ Inactive modules: Concept Graph, Personal Graph, Skill/MF
============================================================
2026-02-12 19:53:05,312 - INFO - [junyi|junyi_m3grid_prio_s0p03_h0p6_gd0p15_gw0_no3|lr=0.003|drop=0.40] Module activity saved to checkpoints/junyi_m3grid/seed42/prio_s0p03_h0p6_gd0p15_gw0_no3/module_activity.json
2026-02-12 19:53:05,424 - INFO - Using device: cuda:0
2026-02-12 19:53:05,424 - INFO - Loading model from checkpoints/junyi_m3grid/seed42/prio_s0p03_h0p6_gd0p15_gw0_no3/best_model.pth...
2026-02-12 19:53:05,781 - INFO - Inference switches: ablate_module1=False, ablate_module2=False, ablate_module3=True | enable_module1=True, enable_module2=True, enable_module3=False | use_soft_prototype=False, use_mf_branch=False, use_concept_graph=True, use_q_aligned_residual=True, use_soft_prototype_main_path=False | effective(num_gnn_layers=2, num_prototypes=0)
2026-02-12 19:53:05,816 - INFO - [Inference] Ablation runtime check: args(ablate_module1=False,ablate_module2=False,ablate_module3=True) | model(enable_module1=True,enable_module2=True,enable_module3=False) | physical(has_knowledge_encoder=True,has_mf_branch=False,has_soft_prototype=False)
2026-02-12 19:53:05,817 - INFO - [Inference] [Module3 Init] fusion_gate_bias=0.0000, fusion_gate_max=0.0000, implied_gate=0.0000, q_gate=0.0000, mf_scale=0.0000, bias_scale=0.0000, graph_tau_mean=1.3133, graph_tau_std=0.0000, graph_dropout=0.400
2026-02-12 19:53:05,817 - INFO - Model loaded from epoch 7. Start testing...
2026-02-12 19:53:13,918 - INFO - [Test] 200/262 batches done, samples=51200
2026-02-12 19:53:16,459 - INFO - 
==================================================
2026-02-12 19:53:16,459 - INFO - Test Results:
2026-02-12 19:53:16,459 - INFO - AUC: 0.8244
2026-02-12 19:53:16,459 - INFO - ACC: 0.7665
2026-02-12 19:53:16,459 - INFO - RMSE: 0.4032
2026-02-12 19:53:16,459 - INFO - ==================================================
2026-02-12 19:53:16,474 - INFO - Summary appended to /home/zsh/ConceptSkillCDM/results/experiment_results.csv
2026-02-12 19:53:16,488 - INFO - Run completed.
2026-02-12 19:53:16,488 - INFO - Best validation AUC: 0.8191 at epoch 7
2026-02-12 19:53:16,488 - INFO - Test metrics - AUC: 0.8244, ACC: 0.7665, RMSE: 0.4032
