2026-03-14 14:26:01,582 - INFO - Arguments:
2026-03-14 14:26:01,582 - INFO -   ablate_concept_graph: False
2026-03-14 14:26:01,582 - INFO -   ablate_module1: False
2026-03-14 14:26:01,582 - INFO -   ablate_module2: False
2026-03-14 14:26:01,582 - INFO -   ablate_module3: False
2026-03-14 14:26:01,582 - INFO -   ablate_skill_encoder: False
2026-03-14 14:26:01,582 - INFO -   allow_self_loop: True
2026-03-14 14:26:01,582 - INFO -   alpha_min_target: 0.03
2026-03-14 14:26:01,582 - INFO -   batch_size: 128
2026-03-14 14:26:01,582 - INFO -   data_dir: ./data/assist_09
2026-03-14 14:26:01,582 - INFO -   dataset_name: assist_09
2026-03-14 14:26:01,582 - INFO -   debug_module3_diag: True
2026-03-14 14:26:01,582 - INFO -   delta_ratio_target: 0.15
2026-03-14 14:26:01,582 - INFO -   diag_batches: 1
2026-03-14 14:26:01,582 - INFO -   disable_q_aligned_residual: False
2026-03-14 14:26:01,582 - INFO -   disable_q_conditioning: False
2026-03-14 14:26:01,582 - INFO -   disable_self_loop: False
2026-03-14 14:26:01,582 - INFO -   dropout: 0.2
2026-03-14 14:26:01,582 - INFO -   early_stop_patience: 3
2026-03-14 14:26:01,582 - INFO -   enable_module1: True
2026-03-14 14:26:01,582 - INFO -   enable_module2: True
2026-03-14 14:26:01,582 - INFO -   enable_module3: True
2026-03-14 14:26:01,582 - INFO -   epochs: 100
2026-03-14 14:26:01,582 - INFO -   exercise_dim: 64
2026-03-14 14:26:01,582 - INFO -   exercise_l2_lambda: 1e-05
2026-03-14 14:26:01,582 - INFO -   fusion_gate_bias_init: -0.9
2026-03-14 14:26:01,582 - INFO -   fusion_gate_max: 1.0
2026-03-14 14:26:01,583 - INFO -   generate_diagnosis: False
2026-03-14 14:26:01,583 - INFO -   gnn_residual_weight: 0.5
2026-03-14 14:26:01,583 - INFO -   gpu_candidates: None
2026-03-14 14:26:01,583 - INFO -   gpu_ids: None
2026-03-14 14:26:01,583 - INFO -   gpu_memory_threshold: 2000
2026-03-14 14:26:01,583 - INFO -   gpus: None
2026-03-14 14:26:01,583 - INFO -   graph_dropout: 0.0
2026-03-14 14:26:01,583 - INFO -   graph_entropy_max: 0.8
2026-03-14 14:26:01,583 - INFO -   graph_entropy_min: 0.15
2026-03-14 14:26:01,583 - INFO -   graph_reg_cap_ratio: 6.0
2026-03-14 14:26:01,583 - INFO -   graph_reg_warmup_epochs: 0
2026-03-14 14:26:01,583 - INFO -   graph_tau_init: 0.55
2026-03-14 14:26:01,583 - INFO -   graph_topk: 12
2026-03-14 14:26:01,583 - INFO -   graph_uniform_margin: 0.1
2026-03-14 14:26:01,583 - INFO -   knowledge_dim: 64
2026-03-14 14:26:01,583 - INFO -   lambda_alpha: 0.05
2026-03-14 14:26:01,583 - INFO -   lambda_alpha_min: 0.08
2026-03-14 14:26:01,583 - INFO -   lambda_delta_ratio: 0.0
2026-03-14 14:26:01,583 - INFO -   lambda_graph_diag: 0.1
2026-03-14 14:26:01,583 - INFO -   lambda_graph_uniform: 0.04
2026-03-14 14:26:01,583 - INFO -   lambda_sparse: 1.0
2026-03-14 14:26:01,583 - INFO -   lambda_sparse_personal: 0.002
2026-03-14 14:26:01,583 - INFO -   learning_rate: 0.0003
2026-03-14 14:26:01,583 - INFO -   log_dir: logs/abce_diag/v3_e_v3_attr_20260314_141018/assist_09/seed42/e_rescue_full
2026-03-14 14:26:01,583 - INFO -   mf_warmup_epochs: 0
2026-03-14 14:26:01,583 - INFO -   min_exer_interactions: 0
2026-03-14 14:26:01,583 - INFO -   min_poison_count: 0
2026-03-14 14:26:01,583 - INFO -   min_stu_interactions: 15
2026-03-14 14:26:01,583 - INFO -   model_variant: assist_09_abce_e_rescue_full
2026-03-14 14:26:01,583 - INFO -   multi_gpu: False
2026-03-14 14:26:01,583 - INFO -   no_cuda: False
2026-03-14 14:26:01,583 - INFO -   num_gnn_layers: 1
2026-03-14 14:26:01,583 - INFO -   num_gpus: 1
2026-03-14 14:26:01,583 - INFO -   num_relation_heads: 2
2026-03-14 14:26:01,583 - INFO -   num_workers: 4
2026-03-14 14:26:01,583 - INFO -   patience: 5
2026-03-14 14:26:01,583 - INFO -   personal_delta_scale: 1.0
2026-03-14 14:26:01,583 - INFO -   personal_max_alpha: 0.45
2026-03-14 14:26:01,583 - INFO -   personal_rank: 4
2026-03-14 14:26:01,583 - INFO -   personal_student_dim: None
2026-03-14 14:26:01,583 - INFO -   personal_warmup_epochs: 10
2026-03-14 14:26:01,583 - INFO -   residual_clip_t: 2.0
2026-03-14 14:26:01,583 - INFO -   residual_scale_init: 0.25
2026-03-14 14:26:01,583 - INFO -   save_dir: checkpoints/abce_diag/v3_e_v3_attr_20260314_141018/assist_09/seed42/e_rescue_full
2026-03-14 14:26:01,583 - INFO -   save_interval: 10
2026-03-14 14:26:01,583 - INFO -   seed: 42
2026-03-14 14:26:01,583 - INFO -   skill_dim: 128
2026-03-14 14:26:01,583 - INFO -   use_concept_graph: True
2026-03-14 14:26:01,583 - INFO -   use_exercise_graph: True
2026-03-14 14:26:01,584 - INFO -   use_mf_branch: True
2026-03-14 14:26:01,584 - INFO -   use_personal_graph: True
2026-03-14 14:26:01,584 - INFO -   use_q_aligned_residual: True
2026-03-14 14:26:01,584 - INFO -   use_q_conditioning: True
2026-03-14 14:26:01,584 - INFO -   use_skill_encoder: True
2026-03-14 14:26:01,584 - INFO -   weight_decay: 1e-05
2026-03-14 14:26:01,666 - INFO - Using device: cuda:0 (physical gpu 2)
2026-03-14 14:26:01,666 - INFO - [assist_09|assist_09_abce_e_rescue_full|lr=0.0003|drop=0.20] Loading datasets...
2026-03-14 14:26:01,666 - INFO - [assist_09|assist_09_abce_e_rescue_full|lr=0.0003|drop=0.20] Regularization: graph_entropy(lambda_sparse)=1.000000, graph_diag=0.100000, graph_uniform=0.040000, personal_sparse=0.002000, alpha_penalty=0.050000, alpha_min=0.080000, delta_ratio=0.000000, mf_l2(exercise_l2_lambda)=0.000010
2026-03-14 14:26:01,666 - INFO - [assist_09|assist_09_abce_e_rescue_full|lr=0.0003|drop=0.20] Graph controls: entropy_band=[0.15, 0.80], uniform_margin=0.10, warmup_epochs=0, cap_ratio=6.00, graph_dropout=0.000, graph_tau_init=0.550
2026-03-14 14:26:01,666 - INFO - [assist_09|assist_09_abce_e_rescue_full|lr=0.0003|drop=0.20] Rescue controls: mf_warmup_epochs=0, delta_ratio_target=0.1500, personal_max_alpha=0.450, personal_delta_scale=1.000, personal_warmup_epochs=10, personal_student_dim=None, alpha_min_target=0.0300
2026-03-14 14:26:01,745 - INFO - [assist_09] [数据清洗] 学生交互次数 < 15 次的学生：共移除 0 个学生（仅统计用户数）
2026-03-14 14:26:01,755 - INFO - [assist_09] [数据清洗] 学生冷启动过滤：在 train/valid/test 中共删除 0 条记录。
2026-03-14 14:26:01,755 - INFO - [assist_09] [数据清洗] 跳过题目冷门过滤（min_exer_interactions <= 0）。
2026-03-14 14:26:01,755 - INFO - [assist_09] [数据清洗] 跳过毒题清洗（min_poison_count <= 0）。
2026-03-14 14:26:01,755 - INFO - [assist_09] 正在构建ID映射...
2026-03-14 14:26:01,925 - INFO - [assist_09] 正在构建Q矩阵...
2026-03-14 14:26:10,372 - INFO - [assist_09] [统计] 开始统计清洗后每道题的概念数量分布...
2026-03-14 14:26:10,380 - INFO - [assist_09] [Train] 概念数统计：题目数=17099, 平均概念数=1.1992, min=1, max=4, 1概念=14168 (82.86%), ≥2概念=2931 (17.14%)
2026-03-14 14:26:10,380 - INFO - [assist_09] [Train] 概念数直方图（概念数: 题目数量）: {1: 14168, 2: 2536, 3: 315, 4: 80}
2026-03-14 14:26:10,383 - INFO - [assist_09] [Valid] 概念数统计：题目数=9274, 平均概念数=1.1993, min=1, max=4, 1概念=7697 (83.00%), ≥2概念=1577 (17.00%)
2026-03-14 14:26:10,384 - INFO - [assist_09] [Valid] 概念数直方图（概念数: 题目数量）: {1: 7697, 2: 1356, 3: 171, 4: 50}
2026-03-14 14:26:10,388 - INFO - [assist_09] [Test] 概念数统计：题目数=13331, 平均概念数=1.1962, min=1, max=4, 1概念=11110 (83.34%), ≥2概念=2221 (16.66%)
2026-03-14 14:26:10,388 - INFO - [assist_09] [Test] 概念数直方图（概念数: 题目数量）: {1: 11110, 2: 1891, 3: 265, 4: 65}
2026-03-14 14:26:10,388 - INFO - [assist_09] [统计] 概念数量统计完成。
2026-03-14 14:26:10,388 - INFO - [assist_09] 正在加载数据集...
2026-03-14 14:26:10,456 - INFO - [assist_09|assist_09_abce_e_rescue_full|lr=0.0003|drop=0.20] Train samples: 194489, Val samples: 20385
2026-03-14 14:26:10,456 - INFO - [assist_09|assist_09_abce_e_rescue_full|lr=0.0003|drop=0.20] Number of students: 2493
2026-03-14 14:26:10,456 - INFO - [assist_09|assist_09_abce_e_rescue_full|lr=0.0003|drop=0.20] Number of exercises: 17676
2026-03-14 14:26:10,456 - INFO - [assist_09|assist_09_abce_e_rescue_full|lr=0.0003|drop=0.20] Number of concepts: 123
2026-03-14 14:26:10,456 - INFO - [assist_09|assist_09_abce_e_rescue_full|lr=0.0003|drop=0.20] Creating model...
2026-03-14 14:26:10,456 - INFO - [assist_09|assist_09_abce_e_rescue_full|lr=0.0003|drop=0.20] Ablation switches: ablate_module1=False, ablate_module2=False, ablate_module3=False | enable_module1=True, enable_module2=True, enable_module3=True | use_mf_branch=True, use_concept_graph=True, use_q_aligned_residual=True | effective(num_gnn_layers=1)
2026-03-14 14:26:10,600 - INFO - [assist_09|assist_09_abce_e_rescue_full|lr=0.0003|drop=0.20] Ablation runtime check: args(ablate_module1=False,ablate_module2=False,ablate_module3=False) | model(enable_module1=True,enable_module2=True,enable_module3=True) | physical(has_knowledge_encoder=True,has_mf_branch=True)
2026-03-14 14:26:10,600 - INFO - [assist_09|assist_09_abce_e_rescue_full|lr=0.0003|drop=0.20] Debug diagnostics enabled: diag_batches=1
2026-03-14 14:26:10,627 - INFO - [assist_09|assist_09_abce_e_rescue_full|lr=0.0003|drop=0.20] [Module3 Init] fusion_gate_bias=-0.9000, fusion_gate_max=1.0000, implied_gate=0.2891, q_gate=0.5000, mf_scale=0.2500, bias_scale=0.2500, graph_tau_mean=1.0055, graph_tau_std=0.0000, graph_dropout=0.000
2026-03-14 14:26:10,628 - INFO - [assist_09|assist_09_abce_e_rescue_full|lr=0.0003|drop=0.20] Total parameters: 2,220,812
2026-03-14 14:26:10,628 - INFO - [assist_09|assist_09_abce_e_rescue_full|lr=0.0003|drop=0.20] Trainable parameters: 2,220,812
2026-03-14 14:26:11,491 - INFO - [assist_09|assist_09_abce_e_rescue_full|lr=0.0003|drop=0.20] Starting training...
2026-03-14 14:26:59,858 - INFO - [assist_09|assist_09_abce_e_rescue_full|lr=0.0003|drop=0.20] Epoch [001/100] | Train: Loss=0.5994, BCE=0.5908, Reg=0.0085, AUC=0.6855, ACC=0.6901, RMSE=0.4498 | Val: Loss=0.5699, BCE=0.5634, Reg=0.0065, AUC=0.7331, ACC=0.7121, RMSE=0.4367
2026-03-14 14:26:59,858 - INFO - [assist_09|assist_09_abce_e_rescue_full|lr=0.0003|drop=0.20] [Reg Terms] Epoch [001] | Train: graph_entropy=0.000000, graph_diag=0.002375, graph_uniform=0.002992, graph_reg_scale=1.0000, mf_l2=0.000000, delta_ratio=0.000000, personal_sparse=0.005260, alpha_var=-0.002213, alpha_collapse=0.000112, reg_bce_ratio=0.0144 | Val: graph_entropy=0.000000, graph_diag=0.000182, graph_uniform=0.002963, graph_reg_scale=1.0000, mf_l2=0.000001, delta_ratio=0.000000, personal_sparse=0.005064, alpha_var=-0.002058, alpha_collapse=0.000346, reg_bce_ratio=0.0115
2026-03-14 14:27:00,050 - INFO - [assist_09|assist_09_abce_e_rescue_full|lr=0.0003|drop=0.20] [Diag][M3] Epoch [001] | residual_abs_mean=0.1096, residual_std=0.0756, mf_abs_mean=0.1096, mf_std=0.0756, gate_mean=0.7115, gate_std=0.1483, irt_abs_mean=1.1737, irt_std=0.5801, delta_abs_mean=0.0816, delta_std=0.0647, delta_over_irt=0.0696, warmup(mf/personal)=1.00/0.10, graph_row_entropy=2.4489, graph_entropy_ratio=0.5089, alpha_mean=0.0042, alpha_std=0.0131, alpha_bias_std=0.0439, personal_row_entropy=2.5321, personal_matrix_delta=0.0000, personal_matrix_student_std=0.0000
2026-03-14 14:27:00,050 - INFO - [assist_09|assist_09_abce_e_rescue_full|lr=0.0003|drop=0.20] [Diag][Graph] Epoch [001] | entropy_ratio=0.5089, diag_mass=0.0018, to_uniform_l2=0.025914, to_identity_l2=0.094012, tau_mean=0.8664, tau_std=0.0003, graph_reg_scale(train/val)=1.0000/1.0000
2026-03-14 14:27:00,050 - INFO - [assist_09|assist_09_abce_e_rescue_full|lr=0.0003|drop=0.20] [Grad Norms] Epoch [001] | mf_u_proj=0.007624, mf_v_proj=0.008078, fusion_gate=0.002681, q_gate_raw=0.001352, skill_latent=0.054025, relation_emb=1.002051e-02, relation_tau=1.403422e-03, relation_wq=1.239189e-03, relation_wk=1.552138e-03, personal_u=1.335736e-12, personal_v=1.611707e-12, personal_alpha_bias=2.946864e-04, personal_gate_emb=3.003382e-06, personal_gate_student_proj=2.929959e-08, personal_gate_context_proj=3.174890e-04, personal_gate_student_direct=7.079588e-09, personal_gate_context_direct=7.805481e-05, personal_gate_out=7.953170e-05, personal_generator_emb=1.052289e-16, personal_generator_context_proj=1.091645e-18, personal_generator_context_hidden=3.155381e-19, personal_generator_context_to_u=4.558305e-18, personal_generator_context_to_v=6.171921e-18
2026-03-14 14:27:00,311 - INFO - [assist_09|assist_09_abce_e_rescue_full|lr=0.0003|drop=0.20] -> New best AUC=0.7331 at epoch 1
2026-03-14 14:27:46,099 - INFO - [assist_09|assist_09_abce_e_rescue_full|lr=0.0003|drop=0.20] Epoch [002/100] | Train: Loss=0.5427, BCE=0.5399, Reg=0.0028, AUC=0.7615, ACC=0.7264, RMSE=0.4257 | Val: Loss=0.5519, BCE=0.5512, Reg=0.0007, AUC=0.7513, ACC=0.7186, RMSE=0.4312
2026-03-14 14:27:46,099 - INFO - [assist_09|assist_09_abce_e_rescue_full|lr=0.0003|drop=0.20] [Reg Terms] Epoch [002] | Train: graph_entropy=0.000000, graph_diag=0.000026, graph_uniform=0.001933, graph_reg_scale=1.0000, mf_l2=0.000004, delta_ratio=0.000000, personal_sparse=0.003412, alpha_var=-0.002596, alpha_collapse=0.000000, reg_bce_ratio=0.0051 | Val: graph_entropy=0.000000, graph_diag=0.000000, graph_uniform=0.001011, graph_reg_scale=1.0000, mf_l2=0.000006, delta_ratio=0.000000, personal_sparse=0.001644, alpha_var=-0.002212, alpha_collapse=0.000214, reg_bce_ratio=0.0012
2026-03-14 14:27:46,283 - INFO - [assist_09|assist_09_abce_e_rescue_full|lr=0.0003|drop=0.20] [Diag][M3] Epoch [002] | residual_abs_mean=0.2156, residual_std=0.1125, mf_abs_mean=0.2156, mf_std=0.1125, gate_mean=0.9201, gate_std=0.1181, irt_abs_mean=1.3763, irt_std=0.6300, delta_abs_mean=0.2037, delta_std=0.1142, delta_over_irt=0.1480, warmup(mf/personal)=1.00/0.20, graph_row_entropy=0.8044, graph_entropy_ratio=0.1672, alpha_mean=0.0083, alpha_std=0.0259, alpha_bias_std=0.0930, personal_row_entropy=0.8221, personal_matrix_delta=0.0000, personal_matrix_student_std=0.0000
2026-03-14 14:27:46,283 - INFO - [assist_09|assist_09_abce_e_rescue_full|lr=0.0003|drop=0.20] [Diag][Graph] Epoch [002] | entropy_ratio=0.1672, diag_mass=0.0000, to_uniform_l2=0.074726, to_identity_l2=0.117389, tau_mean=0.7634, tau_std=0.0055, graph_reg_scale(train/val)=1.0000/1.0000
2026-03-14 14:27:46,284 - INFO - [assist_09|assist_09_abce_e_rescue_full|lr=0.0003|drop=0.20] [Grad Norms] Epoch [002] | mf_u_proj=0.015166, mf_v_proj=0.019952, fusion_gate=0.001150, q_gate_raw=0.004715, skill_latent=0.095474, relation_emb=1.798442e-02, relation_tau=2.010633e-03, relation_wq=1.611667e-03, relation_wk=6.726523e-04, personal_u=1.050487e-20, personal_v=4.395099e-21, personal_alpha_bias=6.637881e-04, personal_gate_emb=5.584847e-07, personal_gate_student_proj=1.100594e-07, personal_gate_context_proj=1.343776e-03, personal_gate_student_direct=2.033559e-08, personal_gate_context_direct=2.341428e-04, personal_gate_out=2.918617e-04, personal_generator_emb=0.000000e+00, personal_generator_context_proj=0.000000e+00, personal_generator_context_hidden=0.000000e+00, personal_generator_context_to_u=0.000000e+00, personal_generator_context_to_v=0.000000e+00
2026-03-14 14:27:46,920 - INFO - [assist_09|assist_09_abce_e_rescue_full|lr=0.0003|drop=0.20] -> New best AUC=0.7513 at epoch 2
2026-03-14 14:28:32,941 - INFO - [assist_09|assist_09_abce_e_rescue_full|lr=0.0003|drop=0.20] Epoch [003/100] | Train: Loss=0.5079, BCE=0.5087, Reg=-0.0007, AUC=0.7992, ACC=0.7454, RMSE=0.4109 | Val: Loss=0.5417, BCE=0.5422, Reg=-0.0005, AUC=0.7629, ACC=0.7272, RMSE=0.4270
2026-03-14 14:28:32,941 - INFO - [assist_09|assist_09_abce_e_rescue_full|lr=0.0003|drop=0.20] [Reg Terms] Epoch [003] | Train: graph_entropy=0.000001, graph_diag=0.000028, graph_uniform=0.000980, graph_reg_scale=1.0000, mf_l2=0.000008, delta_ratio=0.000000, personal_sparse=0.001598, alpha_var=-0.003358, alpha_collapse=0.000000, reg_bce_ratio=-0.0015 | Val: graph_entropy=0.000000, graph_diag=0.000082, graph_uniform=0.000988, graph_reg_scale=1.0000, mf_l2=0.000010, delta_ratio=0.000000, personal_sparse=0.001642, alpha_var=-0.003362, alpha_collapse=0.000172, reg_bce_ratio=-0.0009
2026-03-14 14:28:33,129 - INFO - [assist_09|assist_09_abce_e_rescue_full|lr=0.0003|drop=0.20] [Diag][M3] Epoch [003] | residual_abs_mean=0.2297, residual_std=0.1638, mf_abs_mean=0.2297, mf_std=0.1638, gate_mean=0.9564, gate_std=0.0887, irt_abs_mean=1.4301, irt_std=0.6905, delta_abs_mean=0.2237, delta_std=0.1645, delta_over_irt=0.1564, warmup(mf/personal)=1.00/0.30, graph_row_entropy=0.7991, graph_entropy_ratio=0.1661, alpha_mean=0.0127, alpha_std=0.0393, alpha_bias_std=0.2332, personal_row_entropy=0.8208, personal_matrix_delta=0.0000, personal_matrix_student_std=0.0000
2026-03-14 14:28:33,129 - INFO - [assist_09|assist_09_abce_e_rescue_full|lr=0.0003|drop=0.20] [Diag][Graph] Epoch [003] | entropy_ratio=0.1661, diag_mass=0.0008, to_uniform_l2=0.075300, to_identity_l2=0.117699, tau_mean=0.7569, tau_std=0.0049, graph_reg_scale(train/val)=1.0000/1.0000
2026-03-14 14:28:33,129 - WARNING - [assist_09|assist_09_abce_e_rescue_full|lr=0.0003|drop=0.20] [Diag Warning][M3] gate_mean has stayed high for 2 epoch(s): gate_mean=0.9564, gate_std=0.0887
2026-03-14 14:28:33,130 - INFO - [assist_09|assist_09_abce_e_rescue_full|lr=0.0003|drop=0.20] [Grad Norms] Epoch [003] | mf_u_proj=0.021175, mf_v_proj=0.021808, fusion_gate=0.001341, q_gate_raw=0.002678, skill_latent=0.114481, relation_emb=8.597808e-03, relation_tau=1.670849e-03, relation_wq=8.342298e-04, relation_wk=3.604284e-04, personal_u=0.000000e+00, personal_v=0.000000e+00, personal_alpha_bias=1.587633e-03, personal_gate_emb=1.486947e-09, personal_gate_student_proj=1.739125e-10, personal_gate_context_proj=4.379581e-04, personal_gate_student_direct=3.492699e-11, personal_gate_context_direct=8.566624e-05, personal_gate_out=8.489556e-05, personal_generator_emb=0.000000e+00, personal_generator_context_proj=0.000000e+00, personal_generator_context_hidden=0.000000e+00, personal_generator_context_to_u=0.000000e+00, personal_generator_context_to_v=0.000000e+00
2026-03-14 14:28:33,562 - INFO - [assist_09|assist_09_abce_e_rescue_full|lr=0.0003|drop=0.20] -> New best AUC=0.7629 at epoch 3
2026-03-14 14:29:19,417 - INFO - [assist_09|assist_09_abce_e_rescue_full|lr=0.0003|drop=0.20] Epoch [004/100] | Train: Loss=0.4741, BCE=0.4775, Reg=-0.0034, AUC=0.8326, ACC=0.7686, RMSE=0.3955 | Val: Loss=0.5311, BCE=0.5343, Reg=-0.0032, AUC=0.7699, ACC=0.7308, RMSE=0.4232
2026-03-14 14:29:19,418 - INFO - [assist_09|assist_09_abce_e_rescue_full|lr=0.0003|drop=0.20] [Reg Terms] Epoch [004] | Train: graph_entropy=0.000002, graph_diag=0.000028, graph_uniform=0.000961, graph_reg_scale=1.0000, mf_l2=0.000013, delta_ratio=0.000000, personal_sparse=0.001577, alpha_var=-0.005937, alpha_collapse=0.000000, reg_bce_ratio=-0.0070 | Val: graph_entropy=0.000000, graph_diag=0.000000, graph_uniform=0.000939, graph_reg_scale=1.0000, mf_l2=0.000015, delta_ratio=0.000000, personal_sparse=0.001528, alpha_var=-0.005846, alpha_collapse=0.000167, reg_bce_ratio=-0.0060
2026-03-14 14:29:19,587 - INFO - [assist_09|assist_09_abce_e_rescue_full|lr=0.0003|drop=0.20] [Diag][M3] Epoch [004] | residual_abs_mean=0.2815, residual_std=0.1823, mf_abs_mean=0.2815, mf_std=0.1823, gate_mean=0.9777, gate_std=0.0514, irt_abs_mean=1.4247, irt_std=0.6972, delta_abs_mean=0.2770, delta_std=0.1827, delta_over_irt=0.1944, warmup(mf/personal)=1.00/0.40, graph_row_entropy=0.7467, graph_entropy_ratio=0.1552, alpha_mean=0.0169, alpha_std=0.0525, alpha_bias_std=0.4016, personal_row_entropy=0.7639, personal_matrix_delta=0.0000, personal_matrix_student_std=0.0000
2026-03-14 14:29:19,588 - INFO - [assist_09|assist_09_abce_e_rescue_full|lr=0.0003|drop=0.20] [Diag][Graph] Epoch [004] | entropy_ratio=0.1552, diag_mass=0.0000, to_uniform_l2=0.076518, to_identity_l2=0.118538, tau_mean=0.7519, tau_std=0.0049, graph_reg_scale(train/val)=1.0000/1.0000
2026-03-14 14:29:19,588 - WARNING - [assist_09|assist_09_abce_e_rescue_full|lr=0.0003|drop=0.20] [Diag Warning][M3] gate_mean has stayed high for 3 epoch(s): gate_mean=0.9777, gate_std=0.0514
2026-03-14 14:29:19,588 - WARNING - [assist_09|assist_09_abce_e_rescue_full|lr=0.0003|drop=0.20] [Diag Warning][M3] delta_over_irt has stayed high for 2 epoch(s): delta_over_irt=0.1944, delta_abs_mean=0.2770
2026-03-14 14:29:19,588 - INFO - [assist_09|assist_09_abce_e_rescue_full|lr=0.0003|drop=0.20] [Grad Norms] Epoch [004] | mf_u_proj=0.029119, mf_v_proj=0.030616, fusion_gate=0.000307, q_gate_raw=0.001471, skill_latent=0.149447, relation_emb=1.049090e-02, relation_tau=3.259157e-03, relation_wq=1.191411e-03, relation_wk=7.478030e-04, personal_u=0.000000e+00, personal_v=0.000000e+00, personal_alpha_bias=3.276532e-03, personal_gate_emb=4.610850e-14, personal_gate_student_proj=3.764604e-15, personal_gate_context_proj=5.641214e-04, personal_gate_student_direct=6.574263e-16, personal_gate_context_direct=9.088452e-05, personal_gate_out=1.068221e-04, personal_generator_emb=0.000000e+00, personal_generator_context_proj=0.000000e+00, personal_generator_context_hidden=0.000000e+00, personal_generator_context_to_u=0.000000e+00, personal_generator_context_to_v=0.000000e+00
2026-03-14 14:29:19,986 - INFO - [assist_09|assist_09_abce_e_rescue_full|lr=0.0003|drop=0.20] -> New best AUC=0.7699 at epoch 4
2026-03-14 14:30:07,011 - INFO - [assist_09|assist_09_abce_e_rescue_full|lr=0.0003|drop=0.20] Epoch [005/100] | Train: Loss=0.4396, BCE=0.4470, Reg=-0.0074, AUC=0.8622, ACC=0.7900, RMSE=0.3799 | Val: Loss=0.5217, BCE=0.5283, Reg=-0.0066, AUC=0.7765, ACC=0.7349, RMSE=0.4202
2026-03-14 14:30:07,011 - INFO - [assist_09|assist_09_abce_e_rescue_full|lr=0.0003|drop=0.20] [Reg Terms] Epoch [005] | Train: graph_entropy=0.000002, graph_diag=0.000023, graph_uniform=0.000956, graph_reg_scale=1.0000, mf_l2=0.000017, delta_ratio=0.000000, personal_sparse=0.001578, alpha_var=-0.010016, alpha_collapse=0.000000, reg_bce_ratio=-0.0166 | Val: graph_entropy=0.000000, graph_diag=0.000026, graph_uniform=0.000928, graph_reg_scale=1.0000, mf_l2=0.000019, delta_ratio=0.000000, personal_sparse=0.001511, alpha_var=-0.009235, alpha_collapse=0.000165, reg_bce_ratio=-0.0125
2026-03-14 14:30:07,192 - INFO - [assist_09|assist_09_abce_e_rescue_full|lr=0.0003|drop=0.20] [Diag][M3] Epoch [005] | residual_abs_mean=0.3200, residual_std=0.2155, mf_abs_mean=0.3200, mf_std=0.2155, gate_mean=0.9836, gate_std=0.0456, irt_abs_mean=1.4222, irt_std=0.7236, delta_abs_mean=0.3171, delta_std=0.2156, delta_over_irt=0.2230, warmup(mf/personal)=1.00/0.50, graph_row_entropy=0.7372, graph_entropy_ratio=0.1532, alpha_mean=0.0211, alpha_std=0.0656, alpha_bias_std=0.5596, personal_row_entropy=0.7556, personal_matrix_delta=0.0000, personal_matrix_student_std=0.0000
2026-03-14 14:30:07,192 - INFO - [assist_09|assist_09_abce_e_rescue_full|lr=0.0003|drop=0.20] [Diag][Graph] Epoch [005] | entropy_ratio=0.1532, diag_mass=0.0003, to_uniform_l2=0.076798, to_identity_l2=0.118701, tau_mean=0.7480, tau_std=0.0046, graph_reg_scale(train/val)=1.0000/1.0000
2026-03-14 14:30:07,192 - WARNING - [assist_09|assist_09_abce_e_rescue_full|lr=0.0003|drop=0.20] [Diag Warning][M3] gate_mean has stayed high for 4 epoch(s): gate_mean=0.9836, gate_std=0.0456
2026-03-14 14:30:07,192 - WARNING - [assist_09|assist_09_abce_e_rescue_full|lr=0.0003|drop=0.20] [Diag Warning][M3] delta_over_irt has stayed high for 3 epoch(s): delta_over_irt=0.2230, delta_abs_mean=0.3171
2026-03-14 14:30:07,192 - INFO - [assist_09|assist_09_abce_e_rescue_full|lr=0.0003|drop=0.20] [Grad Norms] Epoch [005] | mf_u_proj=0.037951, mf_v_proj=0.037513, fusion_gate=0.000177, q_gate_raw=0.009088, skill_latent=0.164122, relation_emb=5.516595e-03, relation_tau=2.398082e-03, relation_wq=8.515425e-04, relation_wk=4.084652e-04, personal_u=0.000000e+00, personal_v=0.000000e+00, personal_alpha_bias=4.350793e-03, personal_gate_emb=0.000000e+00, personal_gate_student_proj=0.000000e+00, personal_gate_context_proj=5.935313e-04, personal_gate_student_direct=0.000000e+00, personal_gate_context_direct=9.176237e-05, personal_gate_out=1.128089e-04, personal_generator_emb=0.000000e+00, personal_generator_context_proj=0.000000e+00, personal_generator_context_hidden=0.000000e+00, personal_generator_context_to_u=0.000000e+00, personal_generator_context_to_v=0.000000e+00
2026-03-14 14:30:07,688 - INFO - [assist_09|assist_09_abce_e_rescue_full|lr=0.0003|drop=0.20] -> New best AUC=0.7765 at epoch 5
2026-03-14 14:30:55,236 - INFO - [assist_09|assist_09_abce_e_rescue_full|lr=0.0003|drop=0.20] Epoch [006/100] | Train: Loss=0.4057, BCE=0.4184, Reg=-0.0127, AUC=0.8862, ACC=0.8102, RMSE=0.3649 | Val: Loss=0.5161, BCE=0.5267, Reg=-0.0106, AUC=0.7804, ACC=0.7388, RMSE=0.4190
2026-03-14 14:30:55,236 - INFO - [assist_09|assist_09_abce_e_rescue_full|lr=0.0003|drop=0.20] [Reg Terms] Epoch [006] | Train: graph_entropy=0.000002, graph_diag=0.000014, graph_uniform=0.000952, graph_reg_scale=1.0000, mf_l2=0.000021, delta_ratio=0.000000, personal_sparse=0.001573, alpha_var=-0.015249, alpha_collapse=0.000000, reg_bce_ratio=-0.0303 | Val: graph_entropy=0.000000, graph_diag=0.000028, graph_uniform=0.000971, graph_reg_scale=1.0000, mf_l2=0.000022, delta_ratio=0.000000, personal_sparse=0.001622, alpha_var=-0.013428, alpha_collapse=0.000165, reg_bce_ratio=-0.0202
2026-03-14 14:30:55,411 - INFO - [assist_09|assist_09_abce_e_rescue_full|lr=0.0003|drop=0.20] [Diag][M3] Epoch [006] | residual_abs_mean=0.3775, residual_std=0.2715, mf_abs_mean=0.3775, mf_std=0.2715, gate_mean=0.9901, gate_std=0.0274, irt_abs_mean=1.4579, irt_std=0.7895, delta_abs_mean=0.3755, delta_std=0.2717, delta_over_irt=0.2575, warmup(mf/personal)=1.00/0.60, graph_row_entropy=0.7958, graph_entropy_ratio=0.1654, alpha_mean=0.0253, alpha_std=0.0787, alpha_bias_std=0.7074, personal_row_entropy=0.8109, personal_matrix_delta=0.0000, personal_matrix_student_std=0.0000
2026-03-14 14:30:55,411 - INFO - [assist_09|assist_09_abce_e_rescue_full|lr=0.0003|drop=0.20] [Diag][Graph] Epoch [006] | entropy_ratio=0.1654, diag_mass=0.0003, to_uniform_l2=0.075716, to_identity_l2=0.118002, tau_mean=0.7452, tau_std=0.0050, graph_reg_scale(train/val)=1.0000/1.0000
2026-03-14 14:30:55,411 - WARNING - [assist_09|assist_09_abce_e_rescue_full|lr=0.0003|drop=0.20] [Diag Warning][M3] gate_mean has stayed high for 5 epoch(s): gate_mean=0.9901, gate_std=0.0274
2026-03-14 14:30:55,411 - WARNING - [assist_09|assist_09_abce_e_rescue_full|lr=0.0003|drop=0.20] [Diag Warning][M3] delta_over_irt has stayed high for 4 epoch(s): delta_over_irt=0.2575, delta_abs_mean=0.3755
2026-03-14 14:30:55,411 - INFO - [assist_09|assist_09_abce_e_rescue_full|lr=0.0003|drop=0.20] [Grad Norms] Epoch [006] | mf_u_proj=0.040008, mf_v_proj=0.036389, fusion_gate=0.000472, q_gate_raw=0.002732, skill_latent=0.170902, relation_emb=7.070906e-03, relation_tau=2.798247e-03, relation_wq=1.020530e-03, relation_wk=5.918505e-04, personal_u=0.000000e+00, personal_v=0.000000e+00, personal_alpha_bias=4.867627e-03, personal_gate_emb=0.000000e+00, personal_gate_student_proj=0.000000e+00, personal_gate_context_proj=7.778600e-05, personal_gate_student_direct=0.000000e+00, personal_gate_context_direct=1.279536e-05, personal_gate_out=2.174700e-05, personal_generator_emb=0.000000e+00, personal_generator_context_proj=0.000000e+00, personal_generator_context_hidden=0.000000e+00, personal_generator_context_to_u=0.000000e+00, personal_generator_context_to_v=0.000000e+00
2026-03-14 14:30:55,897 - INFO - [assist_09|assist_09_abce_e_rescue_full|lr=0.0003|drop=0.20] -> New best AUC=0.7804 at epoch 6
2026-03-14 14:31:44,037 - INFO - [assist_09|assist_09_abce_e_rescue_full|lr=0.0003|drop=0.20] Epoch [007/100] | Train: Loss=0.3736, BCE=0.3927, Reg=-0.0190, AUC=0.9050, ACC=0.8277, RMSE=0.3511 | Val: Loss=0.5088, BCE=0.5245, Reg=-0.0157, AUC=0.7826, ACC=0.7411, RMSE=0.4178
2026-03-14 14:31:44,037 - INFO - [assist_09|assist_09_abce_e_rescue_full|lr=0.0003|drop=0.20] [Reg Terms] Epoch [007] | Train: graph_entropy=0.000002, graph_diag=0.000013, graph_uniform=0.000948, graph_reg_scale=1.0000, mf_l2=0.000023, delta_ratio=0.000000, personal_sparse=0.001574, alpha_var=-0.021586, alpha_collapse=0.000000, reg_bce_ratio=-0.0485 | Val: graph_entropy=0.000000, graph_diag=0.000000, graph_uniform=0.000939, graph_reg_scale=1.0000, mf_l2=0.000024, delta_ratio=0.000000, personal_sparse=0.001549, alpha_var=-0.018411, alpha_collapse=0.000165, reg_bce_ratio=-0.0300
2026-03-14 14:31:44,229 - INFO - [assist_09|assist_09_abce_e_rescue_full|lr=0.0003|drop=0.20] [Diag][M3] Epoch [007] | residual_abs_mean=0.4521, residual_std=0.2961, mf_abs_mean=0.4521, mf_std=0.2961, gate_mean=0.9937, gate_std=0.0223, irt_abs_mean=1.4169, irt_std=0.7949, delta_abs_mean=0.4506, delta_std=0.2963, delta_over_irt=0.3180, warmup(mf/personal)=1.00/0.70, graph_row_entropy=0.7572, graph_entropy_ratio=0.1574, alpha_mean=0.0295, alpha_std=0.0918, alpha_bias_std=0.8484, personal_row_entropy=0.7746, personal_matrix_delta=0.0000, personal_matrix_student_std=0.0000
2026-03-14 14:31:44,229 - INFO - [assist_09|assist_09_abce_e_rescue_full|lr=0.0003|drop=0.20] [Diag][Graph] Epoch [007] | entropy_ratio=0.1574, diag_mass=0.0000, to_uniform_l2=0.076530, to_identity_l2=0.118545, tau_mean=0.7414, tau_std=0.0047, graph_reg_scale(train/val)=1.0000/1.0000
2026-03-14 14:31:44,229 - WARNING - [assist_09|assist_09_abce_e_rescue_full|lr=0.0003|drop=0.20] [Diag Warning][M3] gate_mean has stayed high for 6 epoch(s): gate_mean=0.9937, gate_std=0.0223
2026-03-14 14:31:44,229 - WARNING - [assist_09|assist_09_abce_e_rescue_full|lr=0.0003|drop=0.20] [Diag Warning][M3] delta_over_irt has stayed high for 5 epoch(s): delta_over_irt=0.3180, delta_abs_mean=0.4506
2026-03-14 14:31:44,229 - INFO - [assist_09|assist_09_abce_e_rescue_full|lr=0.0003|drop=0.20] [Grad Norms] Epoch [007] | mf_u_proj=0.045455, mf_v_proj=0.044903, fusion_gate=0.000135, q_gate_raw=0.004455, skill_latent=0.196813, relation_emb=6.990316e-03, relation_tau=1.908584e-03, relation_wq=7.705747e-04, relation_wk=3.361445e-04, personal_u=0.000000e+00, personal_v=0.000000e+00, personal_alpha_bias=6.598969e-03, personal_gate_emb=0.000000e+00, personal_gate_student_proj=0.000000e+00, personal_gate_context_proj=2.228456e-04, personal_gate_student_direct=0.000000e+00, personal_gate_context_direct=3.505883e-05, personal_gate_out=3.942176e-05, personal_generator_emb=0.000000e+00, personal_generator_context_proj=0.000000e+00, personal_generator_context_hidden=0.000000e+00, personal_generator_context_to_u=0.000000e+00, personal_generator_context_to_v=0.000000e+00
2026-03-14 14:31:44,723 - INFO - [assist_09|assist_09_abce_e_rescue_full|lr=0.0003|drop=0.20] -> New best AUC=0.7826 at epoch 7
2026-03-14 14:32:33,340 - INFO - [assist_09|assist_09_abce_e_rescue_full|lr=0.0003|drop=0.20] Epoch [008/100] | Train: Loss=0.3432, BCE=0.3696, Reg=-0.0264, AUC=0.9198, ACC=0.8434, RMSE=0.3384 | Val: Loss=0.5020, BCE=0.5233, Reg=-0.0213, AUC=0.7849, ACC=0.7425, RMSE=0.4168
2026-03-14 14:32:33,340 - INFO - [assist_09|assist_09_abce_e_rescue_full|lr=0.0003|drop=0.20] [Reg Terms] Epoch [008] | Train: graph_entropy=0.000002, graph_diag=0.000008, graph_uniform=0.000946, graph_reg_scale=1.0000, mf_l2=0.000025, delta_ratio=0.000000, personal_sparse=0.001581, alpha_var=-0.029005, alpha_collapse=0.000000, reg_bce_ratio=-0.0715 | Val: graph_entropy=0.000000, graph_diag=0.000064, graph_uniform=0.000959, graph_reg_scale=1.0000, mf_l2=0.000026, delta_ratio=0.000000, personal_sparse=0.001632, alpha_var=-0.024166, alpha_collapse=0.000165, reg_bce_ratio=-0.0407
2026-03-14 14:32:33,529 - INFO - [assist_09|assist_09_abce_e_rescue_full|lr=0.0003|drop=0.20] [Diag][M3] Epoch [008] | residual_abs_mean=0.5023, residual_std=0.3328, mf_abs_mean=0.5023, mf_std=0.3328, gate_mean=0.9956, gate_std=0.0152, irt_abs_mean=1.4559, irt_std=0.8314, delta_abs_mean=0.5012, delta_std=0.3332, delta_over_irt=0.3443, warmup(mf/personal)=1.00/0.80, graph_row_entropy=0.7859, graph_entropy_ratio=0.1633, alpha_mean=0.0338, alpha_std=0.1049, alpha_bias_std=0.9875, personal_row_entropy=0.8162, personal_matrix_delta=0.0000, personal_matrix_student_std=0.0000
2026-03-14 14:32:33,529 - INFO - [assist_09|assist_09_abce_e_rescue_full|lr=0.0003|drop=0.20] [Diag][Graph] Epoch [008] | entropy_ratio=0.1633, diag_mass=0.0006, to_uniform_l2=0.076023, to_identity_l2=0.118175, tau_mean=0.7385, tau_std=0.0049, graph_reg_scale(train/val)=1.0000/1.0000
2026-03-14 14:32:33,529 - WARNING - [assist_09|assist_09_abce_e_rescue_full|lr=0.0003|drop=0.20] [Diag Warning][M3] gate_mean has stayed high for 7 epoch(s): gate_mean=0.9956, gate_std=0.0152
2026-03-14 14:32:33,529 - WARNING - [assist_09|assist_09_abce_e_rescue_full|lr=0.0003|drop=0.20] [Diag Warning][M3] delta_over_irt has stayed high for 6 epoch(s): delta_over_irt=0.3443, delta_abs_mean=0.5012
2026-03-14 14:32:33,529 - INFO - [assist_09|assist_09_abce_e_rescue_full|lr=0.0003|drop=0.20] [Grad Norms] Epoch [008] | mf_u_proj=0.055733, mf_v_proj=0.056844, fusion_gate=0.000058, q_gate_raw=0.000836, skill_latent=0.223294, relation_emb=6.496730e-03, relation_tau=2.234923e-03, relation_wq=7.183989e-04, relation_wk=4.443839e-04, personal_u=0.000000e+00, personal_v=0.000000e+00, personal_alpha_bias=7.530699e-03, personal_gate_emb=0.000000e+00, personal_gate_student_proj=0.000000e+00, personal_gate_context_proj=3.105487e-05, personal_gate_student_direct=0.000000e+00, personal_gate_context_direct=5.030592e-06, personal_gate_out=1.306357e-05, personal_generator_emb=0.000000e+00, personal_generator_context_proj=0.000000e+00, personal_generator_context_hidden=0.000000e+00, personal_generator_context_to_u=0.000000e+00, personal_generator_context_to_v=0.000000e+00
2026-03-14 14:32:33,898 - INFO - [assist_09|assist_09_abce_e_rescue_full|lr=0.0003|drop=0.20] -> New best AUC=0.7849 at epoch 8
2026-03-14 14:33:20,766 - INFO - [assist_09|assist_09_abce_e_rescue_full|lr=0.0003|drop=0.20] Epoch [009/100] | Train: Loss=0.3150, BCE=0.3499, Reg=-0.0349, AUC=0.9309, ACC=0.8558, RMSE=0.3273 | Val: Loss=0.4976, BCE=0.5255, Reg=-0.0279, AUC=0.7857, ACC=0.7443, RMSE=0.4171
2026-03-14 14:33:20,767 - INFO - [assist_09|assist_09_abce_e_rescue_full|lr=0.0003|drop=0.20] [Reg Terms] Epoch [009] | Train: graph_entropy=0.000002, graph_diag=0.000005, graph_uniform=0.000943, graph_reg_scale=1.0000, mf_l2=0.000027, delta_ratio=0.000000, personal_sparse=0.001590, alpha_var=-0.037478, alpha_collapse=0.000000, reg_bce_ratio=-0.0998 | Val: graph_entropy=0.000000, graph_diag=0.000000, graph_uniform=0.000965, graph_reg_scale=1.0000, mf_l2=0.000028, delta_ratio=0.000000, personal_sparse=0.001647, alpha_var=-0.030686, alpha_collapse=0.000165, reg_bce_ratio=-0.0531
2026-03-14 14:33:20,950 - INFO - [assist_09|assist_09_abce_e_rescue_full|lr=0.0003|drop=0.20] [Diag][M3] Epoch [009] | residual_abs_mean=0.5463, residual_std=0.3628, mf_abs_mean=0.5463, mf_std=0.3628, gate_mean=0.9963, gate_std=0.0148, irt_abs_mean=1.4709, irt_std=0.8638, delta_abs_mean=0.5455, delta_std=0.3631, delta_over_irt=0.3709, warmup(mf/personal)=1.00/0.90, graph_row_entropy=0.7959, graph_entropy_ratio=0.1654, alpha_mean=0.0383, alpha_std=0.1179, alpha_bias_std=1.1252, personal_row_entropy=0.8237, personal_matrix_delta=0.0000, personal_matrix_student_std=0.0000
2026-03-14 14:33:20,951 - INFO - [assist_09|assist_09_abce_e_rescue_full|lr=0.0003|drop=0.20] [Diag][Graph] Epoch [009] | entropy_ratio=0.1654, diag_mass=0.0000, to_uniform_l2=0.075867, to_identity_l2=0.118119, tau_mean=0.7352, tau_std=0.0046, graph_reg_scale(train/val)=1.0000/1.0000
2026-03-14 14:33:20,951 - WARNING - [assist_09|assist_09_abce_e_rescue_full|lr=0.0003|drop=0.20] [Diag Warning][M3] gate_mean has stayed high for 8 epoch(s): gate_mean=0.9963, gate_std=0.0148
2026-03-14 14:33:20,951 - WARNING - [assist_09|assist_09_abce_e_rescue_full|lr=0.0003|drop=0.20] [Diag Warning][M3] delta_over_irt has stayed high for 7 epoch(s): delta_over_irt=0.3709, delta_abs_mean=0.5455
2026-03-14 14:33:20,951 - INFO - [assist_09|assist_09_abce_e_rescue_full|lr=0.0003|drop=0.20] [Grad Norms] Epoch [009] | mf_u_proj=0.068074, mf_v_proj=0.066948, fusion_gate=0.000060, q_gate_raw=0.004443, skill_latent=0.313028, relation_emb=5.512069e-03, relation_tau=2.251168e-03, relation_wq=6.677638e-04, relation_wk=4.757580e-04, personal_u=0.000000e+00, personal_v=0.000000e+00, personal_alpha_bias=1.033231e-02, personal_gate_emb=0.000000e+00, personal_gate_student_proj=0.000000e+00, personal_gate_context_proj=1.737178e-04, personal_gate_student_direct=0.000000e+00, personal_gate_context_direct=2.826460e-05, personal_gate_out=3.316212e-05, personal_generator_emb=0.000000e+00, personal_generator_context_proj=0.000000e+00, personal_generator_context_hidden=0.000000e+00, personal_generator_context_to_u=0.000000e+00, personal_generator_context_to_v=0.000000e+00
2026-03-14 14:33:21,397 - INFO - [assist_09|assist_09_abce_e_rescue_full|lr=0.0003|drop=0.20] -> New best AUC=0.7857 at epoch 9
2026-03-14 14:34:06,550 - INFO - [assist_09|assist_09_abce_e_rescue_full|lr=0.0003|drop=0.20] Epoch [010/100] | Train: Loss=0.2873, BCE=0.3318, Reg=-0.0444, AUC=0.9402, ACC=0.8679, RMSE=0.3168 | Val: Loss=0.4924, BCE=0.5277, Reg=-0.0353, AUC=0.7871, ACC=0.7455, RMSE=0.4175
2026-03-14 14:34:06,550 - INFO - [assist_09|assist_09_abce_e_rescue_full|lr=0.0003|drop=0.20] [Reg Terms] Epoch [010] | Train: graph_entropy=0.000002, graph_diag=0.000004, graph_uniform=0.000944, graph_reg_scale=1.0000, mf_l2=0.000029, delta_ratio=0.000000, personal_sparse=0.001593, alpha_var=-0.046985, alpha_collapse=0.000000, reg_bce_ratio=-0.1339 | Val: graph_entropy=0.000000, graph_diag=0.000000, graph_uniform=0.000929, graph_reg_scale=1.0000, mf_l2=0.000030, delta_ratio=0.000000, personal_sparse=0.001555, alpha_var=-0.037972, alpha_collapse=0.000164, reg_bce_ratio=-0.0669
2026-03-14 14:34:06,728 - INFO - [assist_09|assist_09_abce_e_rescue_full|lr=0.0003|drop=0.20] [Diag][M3] Epoch [010] | residual_abs_mean=0.6164, residual_std=0.3853, mf_abs_mean=0.6164, mf_std=0.3853, gate_mean=0.9978, gate_std=0.0103, irt_abs_mean=1.5513, irt_std=0.8910, delta_abs_mean=0.6159, delta_std=0.3855, delta_over_irt=0.3970, warmup(mf/personal)=1.00/1.00, graph_row_entropy=0.7506, graph_entropy_ratio=0.1560, alpha_mean=0.0423, alpha_std=0.1311, alpha_bias_std=1.2642, personal_row_entropy=0.7774, personal_matrix_delta=0.0000, personal_matrix_student_std=0.0000
2026-03-14 14:34:06,728 - INFO - [assist_09|assist_09_abce_e_rescue_full|lr=0.0003|drop=0.20] [Diag][Graph] Epoch [010] | entropy_ratio=0.1560, diag_mass=0.0000, to_uniform_l2=0.076768, to_identity_l2=0.118699, tau_mean=0.7315, tau_std=0.0046, graph_reg_scale(train/val)=1.0000/1.0000
2026-03-14 14:34:06,728 - WARNING - [assist_09|assist_09_abce_e_rescue_full|lr=0.0003|drop=0.20] [Diag Warning][M3] gate_mean has stayed high for 9 epoch(s): gate_mean=0.9978, gate_std=0.0103
2026-03-14 14:34:06,728 - WARNING - [assist_09|assist_09_abce_e_rescue_full|lr=0.0003|drop=0.20] [Diag Warning][M3] delta_over_irt has stayed high for 8 epoch(s): delta_over_irt=0.3970, delta_abs_mean=0.6159
2026-03-14 14:34:06,728 - INFO - [assist_09|assist_09_abce_e_rescue_full|lr=0.0003|drop=0.20] [Grad Norms] Epoch [010] | mf_u_proj=0.057331, mf_v_proj=0.058551, fusion_gate=0.000024, q_gate_raw=0.001028, skill_latent=0.220058, relation_emb=4.014008e-03, relation_tau=1.913693e-03, relation_wq=5.936041e-04, relation_wk=3.921962e-04, personal_u=0.000000e+00, personal_v=0.000000e+00, personal_alpha_bias=1.083303e-02, personal_gate_emb=0.000000e+00, personal_gate_student_proj=0.000000e+00, personal_gate_context_proj=1.586253e-04, personal_gate_student_direct=0.000000e+00, personal_gate_context_direct=2.439762e-05, personal_gate_out=4.816966e-05, personal_generator_emb=0.000000e+00, personal_generator_context_proj=0.000000e+00, personal_generator_context_hidden=0.000000e+00, personal_generator_context_to_u=0.000000e+00, personal_generator_context_to_v=0.000000e+00
2026-03-14 14:34:07,255 - INFO - [assist_09|assist_09_abce_e_rescue_full|lr=0.0003|drop=0.20] -> New best AUC=0.7871 at epoch 10
2026-03-14 14:34:07,347 - INFO - [assist_09|assist_09_abce_e_rescue_full|lr=0.0003|drop=0.20] Checkpoint saved: checkpoints/abce_diag/v3_e_v3_attr_20260314_141018/assist_09/seed42/e_rescue_full/checkpoint_epoch_10.pth
2026-03-14 14:34:07,507 - INFO - [assist_09|assist_09_abce_e_rescue_full|lr=0.0003|drop=0.20] [Module Activity] Epoch 10: Graph[OK] Personal[X] MF[OK]
2026-03-14 14:34:54,548 - INFO - [assist_09|assist_09_abce_e_rescue_full|lr=0.0003|drop=0.20] Epoch [011/100] | Train: Loss=0.2607, BCE=0.3157, Reg=-0.0550, AUC=0.9476, ACC=0.8772, RMSE=0.3073 | Val: Loss=0.4834, BCE=0.5267, Reg=-0.0433, AUC=0.7878, ACC=0.7459, RMSE=0.4166
2026-03-14 14:34:54,549 - INFO - [assist_09|assist_09_abce_e_rescue_full|lr=0.0003|drop=0.20] [Reg Terms] Epoch [011] | Train: graph_entropy=0.000002, graph_diag=0.000002, graph_uniform=0.000942, graph_reg_scale=1.0000, mf_l2=0.000031, delta_ratio=0.000000, personal_sparse=0.001588, alpha_var=-0.057572, alpha_collapse=0.000000, reg_bce_ratio=-0.1742 | Val: graph_entropy=0.000000, graph_diag=0.000000, graph_uniform=0.000949, graph_reg_scale=1.0000, mf_l2=0.000032, delta_ratio=0.000000, personal_sparse=0.001605, alpha_var=-0.046017, alpha_collapse=0.000164, reg_bce_ratio=-0.0821
2026-03-14 14:34:54,728 - INFO - [assist_09|assist_09_abce_e_rescue_full|lr=0.0003|drop=0.20] [Diag][M3] Epoch [011] | residual_abs_mean=0.6739, residual_std=0.4162, mf_abs_mean=0.6739, mf_std=0.4162, gate_mean=0.9982, gate_std=0.0063, irt_abs_mean=1.4031, irt_std=0.8713, delta_abs_mean=0.6734, delta_std=0.4165, delta_over_irt=0.4799, warmup(mf/personal)=1.00/1.00, graph_row_entropy=0.7764, graph_entropy_ratio=0.1613, alpha_mean=0.0422, alpha_std=0.1311, alpha_bias_std=1.4019, personal_row_entropy=0.8025, personal_matrix_delta=0.0000, personal_matrix_student_std=0.0000
2026-03-14 14:34:54,728 - INFO - [assist_09|assist_09_abce_e_rescue_full|lr=0.0003|drop=0.20] [Diag][Graph] Epoch [011] | entropy_ratio=0.1613, diag_mass=0.0000, to_uniform_l2=0.076275, to_identity_l2=0.118381, tau_mean=0.7287, tau_std=0.0046, graph_reg_scale(train/val)=1.0000/1.0000
2026-03-14 14:34:54,728 - WARNING - [assist_09|assist_09_abce_e_rescue_full|lr=0.0003|drop=0.20] [Diag Warning][M3] gate_mean has stayed high for 10 epoch(s): gate_mean=0.9982, gate_std=0.0063
2026-03-14 14:34:54,728 - WARNING - [assist_09|assist_09_abce_e_rescue_full|lr=0.0003|drop=0.20] [Diag Warning][M3] delta_over_irt has stayed high for 9 epoch(s): delta_over_irt=0.4799, delta_abs_mean=0.6734
2026-03-14 14:34:54,728 - INFO - [assist_09|assist_09_abce_e_rescue_full|lr=0.0003|drop=0.20] [Grad Norms] Epoch [011] | mf_u_proj=0.059549, mf_v_proj=0.064015, fusion_gate=0.000063, q_gate_raw=0.000424, skill_latent=0.229965, relation_emb=8.007016e-03, relation_tau=1.264120e-03, relation_wq=7.468562e-04, relation_wk=2.791331e-04, personal_u=0.000000e+00, personal_v=0.000000e+00, personal_alpha_bias=1.044768e-02, personal_gate_emb=0.000000e+00, personal_gate_student_proj=0.000000e+00, personal_gate_context_proj=3.697560e-04, personal_gate_student_direct=0.000000e+00, personal_gate_context_direct=5.317522e-05, personal_gate_out=5.316576e-05, personal_generator_emb=0.000000e+00, personal_generator_context_proj=0.000000e+00, personal_generator_context_hidden=0.000000e+00, personal_generator_context_to_u=0.000000e+00, personal_generator_context_to_v=0.000000e+00
2026-03-14 14:34:55,198 - INFO - [assist_09|assist_09_abce_e_rescue_full|lr=0.0003|drop=0.20] -> New best AUC=0.7878 at epoch 11
2026-03-14 14:35:42,061 - INFO - [assist_09|assist_09_abce_e_rescue_full|lr=0.0003|drop=0.20] Epoch [012/100] | Train: Loss=0.2360, BCE=0.3025, Reg=-0.0666, AUC=0.9530, ACC=0.8845, RMSE=0.2995 | Val: Loss=0.4785, BCE=0.5305, Reg=-0.0520, AUC=0.7888, ACC=0.7475, RMSE=0.4172
2026-03-14 14:35:42,062 - INFO - [assist_09|assist_09_abce_e_rescue_full|lr=0.0003|drop=0.20] [Reg Terms] Epoch [012] | Train: graph_entropy=0.000002, graph_diag=0.000001, graph_uniform=0.000942, graph_reg_scale=1.0000, mf_l2=0.000032, delta_ratio=0.000000, personal_sparse=0.001590, alpha_var=-0.069154, alpha_collapse=0.000000, reg_bce_ratio=-0.2201 | Val: graph_entropy=0.000000, graph_diag=0.000000, graph_uniform=0.000955, graph_reg_scale=1.0000, mf_l2=0.000033, delta_ratio=0.000000, personal_sparse=0.001626, alpha_var=-0.054798, alpha_collapse=0.000164, reg_bce_ratio=-0.0981
2026-03-14 14:35:42,263 - INFO - [assist_09|assist_09_abce_e_rescue_full|lr=0.0003|drop=0.20] [Diag][M3] Epoch [012] | residual_abs_mean=0.7188, residual_std=0.4580, mf_abs_mean=0.7188, mf_std=0.4580, gate_mean=0.9988, gate_std=0.0040, irt_abs_mean=1.6145, irt_std=0.9411, delta_abs_mean=0.7185, delta_std=0.4582, delta_over_irt=0.4450, warmup(mf/personal)=1.00/1.00, graph_row_entropy=0.7855, graph_entropy_ratio=0.1632, alpha_mean=0.0428, alpha_std=0.1311, alpha_bias_std=1.5358, personal_row_entropy=0.8130, personal_matrix_delta=0.0000, personal_matrix_student_std=0.0000
2026-03-14 14:35:42,263 - INFO - [assist_09|assist_09_abce_e_rescue_full|lr=0.0003|drop=0.20] [Diag][Graph] Epoch [012] | entropy_ratio=0.1632, diag_mass=0.0000, to_uniform_l2=0.076115, to_identity_l2=0.118278, tau_mean=0.7256, tau_std=0.0043, graph_reg_scale(train/val)=1.0000/1.0000
2026-03-14 14:35:42,263 - WARNING - [assist_09|assist_09_abce_e_rescue_full|lr=0.0003|drop=0.20] [Diag Warning][M3] gate_mean has stayed high for 11 epoch(s): gate_mean=0.9988, gate_std=0.0040
2026-03-14 14:35:42,263 - WARNING - [assist_09|assist_09_abce_e_rescue_full|lr=0.0003|drop=0.20] [Diag Warning][M3] delta_over_irt has stayed high for 10 epoch(s): delta_over_irt=0.4450, delta_abs_mean=0.7185
2026-03-14 14:35:42,263 - INFO - [assist_09|assist_09_abce_e_rescue_full|lr=0.0003|drop=0.20] [Grad Norms] Epoch [012] | mf_u_proj=0.062692, mf_v_proj=0.067150, fusion_gate=0.000027, q_gate_raw=0.000445, skill_latent=0.238338, relation_emb=3.665569e-03, relation_tau=8.369865e-04, relation_wq=4.567517e-04, relation_wk=1.578461e-04, personal_u=0.000000e+00, personal_v=0.000000e+00, personal_alpha_bias=1.339832e-02, personal_gate_emb=0.000000e+00, personal_gate_student_proj=0.000000e+00, personal_gate_context_proj=8.942893e-05, personal_gate_student_direct=0.000000e+00, personal_gate_context_direct=1.336990e-05, personal_gate_out=2.325476e-05, personal_generator_emb=0.000000e+00, personal_generator_context_proj=0.000000e+00, personal_generator_context_hidden=0.000000e+00, personal_generator_context_to_u=0.000000e+00, personal_generator_context_to_v=0.000000e+00
2026-03-14 14:35:42,687 - INFO - [assist_09|assist_09_abce_e_rescue_full|lr=0.0003|drop=0.20] -> New best AUC=0.7888 at epoch 12
2026-03-14 14:36:29,108 - INFO - [assist_09|assist_09_abce_e_rescue_full|lr=0.0003|drop=0.20] Epoch [013/100] | Train: Loss=0.2107, BCE=0.2900, Reg=-0.0792, AUC=0.9582, ACC=0.8927, RMSE=0.2918 | Val: Loss=0.4721, BCE=0.5338, Reg=-0.0617, AUC=0.7889, ACC=0.7462, RMSE=0.4180
2026-03-14 14:36:29,108 - INFO - [assist_09|assist_09_abce_e_rescue_full|lr=0.0003|drop=0.20] [Reg Terms] Epoch [013] | Train: graph_entropy=0.000002, graph_diag=0.000000, graph_uniform=0.000939, graph_reg_scale=1.0000, mf_l2=0.000034, delta_ratio=0.000000, personal_sparse=0.001586, alpha_var=-0.081810, alpha_collapse=0.000000, reg_bce_ratio=-0.2733 | Val: graph_entropy=0.000000, graph_diag=0.000000, graph_uniform=0.000921, graph_reg_scale=1.0000, mf_l2=0.000034, delta_ratio=0.000000, personal_sparse=0.001539, alpha_var=-0.064329, alpha_collapse=0.000164, reg_bce_ratio=-0.1155
2026-03-14 14:36:29,286 - INFO - [assist_09|assist_09_abce_e_rescue_full|lr=0.0003|drop=0.20] [Diag][M3] Epoch [013] | residual_abs_mean=0.8000, residual_std=0.4562, mf_abs_mean=0.8000, mf_std=0.4562, gate_mean=0.9991, gate_std=0.0033, irt_abs_mean=1.6296, irt_std=0.9599, delta_abs_mean=0.7997, delta_std=0.4564, delta_over_irt=0.4907, warmup(mf/personal)=1.00/1.00, graph_row_entropy=0.7413, graph_entropy_ratio=0.1541, alpha_mean=0.0422, alpha_std=0.1311, alpha_bias_std=1.6702, personal_row_entropy=0.7694, personal_matrix_delta=0.0000, personal_matrix_student_std=0.0000
2026-03-14 14:36:29,286 - INFO - [assist_09|assist_09_abce_e_rescue_full|lr=0.0003|drop=0.20] [Diag][Graph] Epoch [013] | entropy_ratio=0.1541, diag_mass=0.0000, to_uniform_l2=0.076975, to_identity_l2=0.118833, tau_mean=0.7220, tau_std=0.0043, graph_reg_scale(train/val)=1.0000/1.0000
2026-03-14 14:36:29,286 - WARNING - [assist_09|assist_09_abce_e_rescue_full|lr=0.0003|drop=0.20] [Diag Warning][M3] gate_mean has stayed high for 12 epoch(s): gate_mean=0.9991, gate_std=0.0033
2026-03-14 14:36:29,286 - WARNING - [assist_09|assist_09_abce_e_rescue_full|lr=0.0003|drop=0.20] [Diag Warning][M3] delta_over_irt has stayed high for 11 epoch(s): delta_over_irt=0.4907, delta_abs_mean=0.7997
2026-03-14 14:36:29,286 - INFO - [assist_09|assist_09_abce_e_rescue_full|lr=0.0003|drop=0.20] [Grad Norms] Epoch [013] | mf_u_proj=0.067554, mf_v_proj=0.066133, fusion_gate=0.000045, q_gate_raw=0.000342, skill_latent=0.243004, relation_emb=5.816073e-03, relation_tau=1.871389e-03, relation_wq=5.837881e-04, relation_wk=3.945467e-04, personal_u=0.000000e+00, personal_v=0.000000e+00, personal_alpha_bias=1.373129e-02, personal_gate_emb=0.000000e+00, personal_gate_student_proj=0.000000e+00, personal_gate_context_proj=1.186566e-04, personal_gate_student_direct=0.000000e+00, personal_gate_context_direct=1.994906e-05, personal_gate_out=3.409317e-05, personal_generator_emb=0.000000e+00, personal_generator_context_proj=0.000000e+00, personal_generator_context_hidden=0.000000e+00, personal_generator_context_to_u=0.000000e+00, personal_generator_context_to_v=0.000000e+00
2026-03-14 14:36:29,777 - INFO - [assist_09|assist_09_abce_e_rescue_full|lr=0.0003|drop=0.20] -> New best AUC=0.7889 at epoch 13
2026-03-14 14:37:18,330 - INFO - [assist_09|assist_09_abce_e_rescue_full|lr=0.0003|drop=0.20] Epoch [014/100] | Train: Loss=0.1856, BCE=0.2785, Reg=-0.0929, AUC=0.9624, ACC=0.8985, RMSE=0.2848 | Val: Loss=0.4655, BCE=0.5375, Reg=-0.0720, AUC=0.7886, ACC=0.7469, RMSE=0.4187
2026-03-14 14:37:18,331 - INFO - [assist_09|assist_09_abce_e_rescue_full|lr=0.0003|drop=0.20] [Reg Terms] Epoch [014] | Train: graph_entropy=0.000002, graph_diag=0.000000, graph_uniform=0.000939, graph_reg_scale=1.0000, mf_l2=0.000035, delta_ratio=0.000000, personal_sparse=0.001585, alpha_var=-0.095502, alpha_collapse=0.000000, reg_bce_ratio=-0.3337 | Val: graph_entropy=0.000000, graph_diag=0.000000, graph_uniform=0.000915, graph_reg_scale=1.0000, mf_l2=0.000036, delta_ratio=0.000000, personal_sparse=0.001514, alpha_var=-0.074614, alpha_collapse=0.000164, reg_bce_ratio=-0.1339
2026-03-14 14:37:18,511 - INFO - [assist_09|assist_09_abce_e_rescue_full|lr=0.0003|drop=0.20] [Diag][M3] Epoch [014] | residual_abs_mean=0.8084, residual_std=0.5101, mf_abs_mean=0.8084, mf_std=0.5101, gate_mean=0.9988, gate_std=0.0049, irt_abs_mean=1.6323, irt_std=0.9793, delta_abs_mean=0.8081, delta_std=0.5102, delta_over_irt=0.4951, warmup(mf/personal)=1.00/1.00, graph_row_entropy=0.7334, graph_entropy_ratio=0.1524, alpha_mean=0.0422, alpha_std=0.1311, alpha_bias_std=1.8006, personal_row_entropy=0.7568, personal_matrix_delta=0.0000, personal_matrix_student_std=0.0000
2026-03-14 14:37:18,512 - INFO - [assist_09|assist_09_abce_e_rescue_full|lr=0.0003|drop=0.20] [Diag][Graph] Epoch [014] | entropy_ratio=0.1524, diag_mass=0.0000, to_uniform_l2=0.077135, to_identity_l2=0.118937, tau_mean=0.7187, tau_std=0.0042, graph_reg_scale(train/val)=1.0000/1.0000
2026-03-14 14:37:18,512 - WARNING - [assist_09|assist_09_abce_e_rescue_full|lr=0.0003|drop=0.20] [Diag Warning][M3] gate_mean has stayed high for 13 epoch(s): gate_mean=0.9988, gate_std=0.0049
2026-03-14 14:37:18,512 - WARNING - [assist_09|assist_09_abce_e_rescue_full|lr=0.0003|drop=0.20] [Diag Warning][M3] delta_over_irt has stayed high for 12 epoch(s): delta_over_irt=0.4951, delta_abs_mean=0.8081
2026-03-14 14:37:18,512 - INFO - [assist_09|assist_09_abce_e_rescue_full|lr=0.0003|drop=0.20] [Grad Norms] Epoch [014] | mf_u_proj=0.052044, mf_v_proj=0.054614, fusion_gate=0.000073, q_gate_raw=0.002648, skill_latent=0.201379, relation_emb=5.722670e-03, relation_tau=1.543911e-03, relation_wq=4.937156e-04, relation_wk=2.940298e-04, personal_u=0.000000e+00, personal_v=0.000000e+00, personal_alpha_bias=1.351163e-02, personal_gate_emb=0.000000e+00, personal_gate_student_proj=0.000000e+00, personal_gate_context_proj=7.390323e-05, personal_gate_student_direct=0.000000e+00, personal_gate_context_direct=1.167876e-05, personal_gate_out=1.843859e-05, personal_generator_emb=0.000000e+00, personal_generator_context_proj=0.000000e+00, personal_generator_context_hidden=0.000000e+00, personal_generator_context_to_u=0.000000e+00, personal_generator_context_to_v=0.000000e+00
2026-03-14 14:37:18,512 - INFO - [assist_09|assist_09_abce_e_rescue_full|lr=0.0003|drop=0.20] -> No improvement 1 epoch(s) (best AUC=0.7889 @ 13)
2026-03-14 14:38:05,036 - INFO - [assist_09|assist_09_abce_e_rescue_full|lr=0.0003|drop=0.20] Epoch [015/100] | Train: Loss=0.1611, BCE=0.2687, Reg=-0.1076, AUC=0.9656, ACC=0.9036, RMSE=0.2786 | Val: Loss=0.4555, BCE=0.5383, Reg=-0.0828, AUC=0.7891, ACC=0.7503, RMSE=0.4185
2026-03-14 14:38:05,037 - INFO - [assist_09|assist_09_abce_e_rescue_full|lr=0.0003|drop=0.20] [Reg Terms] Epoch [015] | Train: graph_entropy=0.000002, graph_diag=0.000000, graph_uniform=0.000937, graph_reg_scale=1.0000, mf_l2=0.000036, delta_ratio=0.000000, personal_sparse=0.001590, alpha_var=-0.110156, alpha_collapse=0.000000, reg_bce_ratio=-0.4004 | Val: graph_entropy=0.000000, graph_diag=0.000000, graph_uniform=0.000956, graph_reg_scale=1.0000, mf_l2=0.000037, delta_ratio=0.000000, personal_sparse=0.001634, alpha_var=-0.085640, alpha_collapse=0.000164, reg_bce_ratio=-0.1539
2026-03-14 14:38:05,212 - INFO - [assist_09|assist_09_abce_e_rescue_full|lr=0.0003|drop=0.20] [Diag][M3] Epoch [015] | residual_abs_mean=0.8543, residual_std=0.5273, mf_abs_mean=0.8543, mf_std=0.5273, gate_mean=0.9988, gate_std=0.0038, irt_abs_mean=1.6088, irt_std=0.9770, delta_abs_mean=0.8539, delta_std=0.5276, delta_over_irt=0.5308, warmup(mf/personal)=1.00/1.00, graph_row_entropy=0.7878, graph_entropy_ratio=0.1637, alpha_mean=0.0422, alpha_std=0.1311, alpha_bias_std=1.9319, personal_row_entropy=0.8168, personal_matrix_delta=0.0000, personal_matrix_student_std=0.0000
2026-03-14 14:38:05,213 - INFO - [assist_09|assist_09_abce_e_rescue_full|lr=0.0003|drop=0.20] [Diag][Graph] Epoch [015] | entropy_ratio=0.1637, diag_mass=0.0000, to_uniform_l2=0.076107, to_identity_l2=0.118273, tau_mean=0.7161, tau_std=0.0044, graph_reg_scale(train/val)=1.0000/1.0000
2026-03-14 14:38:05,213 - WARNING - [assist_09|assist_09_abce_e_rescue_full|lr=0.0003|drop=0.20] [Diag Warning][M3] gate_mean has stayed high for 14 epoch(s): gate_mean=0.9988, gate_std=0.0038
2026-03-14 14:38:05,213 - WARNING - [assist_09|assist_09_abce_e_rescue_full|lr=0.0003|drop=0.20] [Diag Warning][M3] delta_over_irt has stayed high for 13 epoch(s): delta_over_irt=0.5308, delta_abs_mean=0.8539
2026-03-14 14:38:05,213 - INFO - [assist_09|assist_09_abce_e_rescue_full|lr=0.0003|drop=0.20] [Grad Norms] Epoch [015] | mf_u_proj=0.050357, mf_v_proj=0.052370, fusion_gate=0.000027, q_gate_raw=0.000429, skill_latent=0.177836, relation_emb=6.091450e-03, relation_tau=1.325093e-03, relation_wq=5.138506e-04, relation_wk=2.579451e-04, personal_u=0.000000e+00, personal_v=0.000000e+00, personal_alpha_bias=1.251684e-02, personal_gate_emb=0.000000e+00, personal_gate_student_proj=0.000000e+00, personal_gate_context_proj=5.063576e-05, personal_gate_student_direct=0.000000e+00, personal_gate_context_direct=7.802992e-06, personal_gate_out=1.709720e-05, personal_generator_emb=0.000000e+00, personal_generator_context_proj=0.000000e+00, personal_generator_context_hidden=0.000000e+00, personal_generator_context_to_u=0.000000e+00, personal_generator_context_to_v=0.000000e+00
2026-03-14 14:38:05,618 - INFO - [assist_09|assist_09_abce_e_rescue_full|lr=0.0003|drop=0.20] -> New best AUC=0.7891 at epoch 15
2026-03-14 14:38:54,883 - INFO - [assist_09|assist_09_abce_e_rescue_full|lr=0.0003|drop=0.20] Epoch [016/100] | Train: Loss=0.1368, BCE=0.2602, Reg=-0.1233, AUC=0.9685, ACC=0.9080, RMSE=0.2730 | Val: Loss=0.4438, BCE=0.5385, Reg=-0.0948, AUC=0.7898, ACC=0.7495, RMSE=0.4184
2026-03-14 14:38:54,884 - INFO - [assist_09|assist_09_abce_e_rescue_full|lr=0.0003|drop=0.20] [Reg Terms] Epoch [016] | Train: graph_entropy=0.000002, graph_diag=0.000000, graph_uniform=0.000938, graph_reg_scale=1.0000, mf_l2=0.000037, delta_ratio=0.000000, personal_sparse=0.001586, alpha_var=-0.125896, alpha_collapse=0.000000, reg_bce_ratio=-0.4741 | Val: graph_entropy=0.000000, graph_diag=0.000000, graph_uniform=0.000911, graph_reg_scale=1.0000, mf_l2=0.000038, delta_ratio=0.000000, personal_sparse=0.001531, alpha_var=-0.097418, alpha_collapse=0.000164, reg_bce_ratio=-0.1760
2026-03-14 14:38:55,071 - INFO - [assist_09|assist_09_abce_e_rescue_full|lr=0.0003|drop=0.20] [Diag][M3] Epoch [016] | residual_abs_mean=0.8695, residual_std=0.5592, mf_abs_mean=0.8695, mf_std=0.5592, gate_mean=0.9982, gate_std=0.0070, irt_abs_mean=1.6248, irt_std=1.0081, delta_abs_mean=0.8691, delta_std=0.5594, delta_over_irt=0.5349, warmup(mf/personal)=1.00/1.00, graph_row_entropy=0.7284, graph_entropy_ratio=0.1514, alpha_mean=0.0422, alpha_std=0.1311, alpha_bias_std=2.0646, personal_row_entropy=0.7657, personal_matrix_delta=0.0000, personal_matrix_student_std=0.0000
2026-03-14 14:38:55,071 - INFO - [assist_09|assist_09_abce_e_rescue_full|lr=0.0003|drop=0.20] [Diag][Graph] Epoch [016] | entropy_ratio=0.1514, diag_mass=0.0000, to_uniform_l2=0.077225, to_identity_l2=0.118995, tau_mean=0.7123, tau_std=0.0044, graph_reg_scale(train/val)=1.0000/1.0000
2026-03-14 14:38:55,071 - WARNING - [assist_09|assist_09_abce_e_rescue_full|lr=0.0003|drop=0.20] [Diag Warning][M3] gate_mean has stayed high for 15 epoch(s): gate_mean=0.9982, gate_std=0.0070
2026-03-14 14:38:55,071 - WARNING - [assist_09|assist_09_abce_e_rescue_full|lr=0.0003|drop=0.20] [Diag Warning][M3] delta_over_irt has stayed high for 14 epoch(s): delta_over_irt=0.5349, delta_abs_mean=0.8691
2026-03-14 14:38:55,071 - INFO - [assist_09|assist_09_abce_e_rescue_full|lr=0.0003|drop=0.20] [Grad Norms] Epoch [016] | mf_u_proj=0.071802, mf_v_proj=0.079073, fusion_gate=0.000045, q_gate_raw=0.002052, skill_latent=0.244091, relation_emb=7.648411e-03, relation_tau=2.065569e-03, relation_wq=6.981653e-04, relation_wk=4.436578e-04, personal_u=0.000000e+00, personal_v=0.000000e+00, personal_alpha_bias=1.554437e-02, personal_gate_emb=0.000000e+00, personal_gate_student_proj=0.000000e+00, personal_gate_context_proj=1.050871e-04, personal_gate_student_direct=0.000000e+00, personal_gate_context_direct=1.649539e-05, personal_gate_out=2.809084e-05, personal_generator_emb=0.000000e+00, personal_generator_context_proj=0.000000e+00, personal_generator_context_hidden=0.000000e+00, personal_generator_context_to_u=0.000000e+00, personal_generator_context_to_v=0.000000e+00
2026-03-14 14:38:55,561 - INFO - [assist_09|assist_09_abce_e_rescue_full|lr=0.0003|drop=0.20] -> New best AUC=0.7898 at epoch 16
2026-03-14 14:39:41,795 - INFO - [assist_09|assist_09_abce_e_rescue_full|lr=0.0003|drop=0.20] Epoch [017/100] | Train: Loss=0.1119, BCE=0.2520, Reg=-0.1401, AUC=0.9708, ACC=0.9122, RMSE=0.2677 | Val: Loss=0.4359, BCE=0.5431, Reg=-0.1072, AUC=0.7895, ACC=0.7491, RMSE=0.4194
2026-03-14 14:39:41,795 - INFO - [assist_09|assist_09_abce_e_rescue_full|lr=0.0003|drop=0.20] [Reg Terms] Epoch [017] | Train: graph_entropy=0.000002, graph_diag=0.000000, graph_uniform=0.000938, graph_reg_scale=1.0000, mf_l2=0.000038, delta_ratio=0.000000, personal_sparse=0.001581, alpha_var=-0.142683, alpha_collapse=0.000000, reg_bce_ratio=-0.5561 | Val: graph_entropy=0.000000, graph_diag=0.000000, graph_uniform=0.000947, graph_reg_scale=1.0000, mf_l2=0.000039, delta_ratio=0.000000, personal_sparse=0.001596, alpha_var=-0.109926, alpha_collapse=0.000164, reg_bce_ratio=-0.1973
2026-03-14 14:39:41,973 - INFO - [assist_09|assist_09_abce_e_rescue_full|lr=0.0003|drop=0.20] [Diag][M3] Epoch [017] | residual_abs_mean=0.9078, residual_std=0.5950, mf_abs_mean=0.9078, mf_std=0.5950, gate_mean=0.9990, gate_std=0.0028, irt_abs_mean=1.6640, irt_std=1.0185, delta_abs_mean=0.9074, delta_std=0.5952, delta_over_irt=0.5453, warmup(mf/personal)=1.00/1.00, graph_row_entropy=0.7776, graph_entropy_ratio=0.1616, alpha_mean=0.0421, alpha_std=0.1309, alpha_bias_std=2.1953, personal_row_entropy=0.7980, personal_matrix_delta=0.0000, personal_matrix_student_std=0.0000
2026-03-14 14:39:41,973 - INFO - [assist_09|assist_09_abce_e_rescue_full|lr=0.0003|drop=0.20] [Diag][Graph] Epoch [017] | entropy_ratio=0.1616, diag_mass=0.0000, to_uniform_l2=0.076314, to_identity_l2=0.118406, tau_mean=0.7097, tau_std=0.0043, graph_reg_scale(train/val)=1.0000/1.0000
2026-03-14 14:39:41,973 - WARNING - [assist_09|assist_09_abce_e_rescue_full|lr=0.0003|drop=0.20] [Diag Warning][M3] gate_mean has stayed high for 16 epoch(s): gate_mean=0.9990, gate_std=0.0028
2026-03-14 14:39:41,973 - WARNING - [assist_09|assist_09_abce_e_rescue_full|lr=0.0003|drop=0.20] [Diag Warning][M3] delta_over_irt has stayed high for 15 epoch(s): delta_over_irt=0.5453, delta_abs_mean=0.9074
2026-03-14 14:39:41,973 - INFO - [assist_09|assist_09_abce_e_rescue_full|lr=0.0003|drop=0.20] [Grad Norms] Epoch [017] | mf_u_proj=0.053509, mf_v_proj=0.061240, fusion_gate=0.000023, q_gate_raw=0.007325, skill_latent=0.207408, relation_emb=5.489932e-03, relation_tau=1.884948e-03, relation_wq=5.378489e-04, relation_wk=4.000922e-04, personal_u=0.000000e+00, personal_v=0.000000e+00, personal_alpha_bias=1.927566e-02, personal_gate_emb=0.000000e+00, personal_gate_student_proj=0.000000e+00, personal_gate_context_proj=1.472776e-04, personal_gate_student_direct=0.000000e+00, personal_gate_context_direct=2.273178e-05, personal_gate_out=3.454198e-05, personal_generator_emb=0.000000e+00, personal_generator_context_proj=0.000000e+00, personal_generator_context_hidden=0.000000e+00, personal_generator_context_to_u=0.000000e+00, personal_generator_context_to_v=0.000000e+00
2026-03-14 14:39:41,973 - INFO - [assist_09|assist_09_abce_e_rescue_full|lr=0.0003|drop=0.20] -> No improvement 1 epoch(s) (best AUC=0.7898 @ 16)
2026-03-14 14:40:32,196 - INFO - [assist_09|assist_09_abce_e_rescue_full|lr=0.0003|drop=0.20] Epoch [018/100] | Train: Loss=0.0866, BCE=0.2445, Reg=-0.1579, AUC=0.9730, ACC=0.9152, RMSE=0.2631 | Val: Loss=0.4238, BCE=0.5444, Reg=-0.1205, AUC=0.7890, ACC=0.7501, RMSE=0.4198
2026-03-14 14:40:32,197 - INFO - [assist_09|assist_09_abce_e_rescue_full|lr=0.0003|drop=0.20] [Reg Terms] Epoch [018] | Train: graph_entropy=0.000002, graph_diag=0.000000, graph_uniform=0.000936, graph_reg_scale=1.0000, mf_l2=0.000040, delta_ratio=0.000000, personal_sparse=0.001575, alpha_var=-0.160436, alpha_collapse=0.000000, reg_bce_ratio=-0.6458 | Val: graph_entropy=0.000000, graph_diag=0.000000, graph_uniform=0.000918, graph_reg_scale=1.0000, mf_l2=0.000041, delta_ratio=0.000000, personal_sparse=0.001530, alpha_var=-0.123169, alpha_collapse=0.000164, reg_bce_ratio=-0.2214
2026-03-14 14:40:32,391 - INFO - [assist_09|assist_09_abce_e_rescue_full|lr=0.0003|drop=0.20] [Diag][M3] Epoch [018] | residual_abs_mean=0.9533, residual_std=0.6007, mf_abs_mean=0.9533, mf_std=0.6007, gate_mean=0.9987, gate_std=0.0050, irt_abs_mean=1.6462, irt_std=1.0116, delta_abs_mean=0.9530, delta_std=0.6009, delta_over_irt=0.5789, warmup(mf/personal)=1.00/1.00, graph_row_entropy=0.7379, graph_entropy_ratio=0.1533, alpha_mean=0.0422, alpha_std=0.1310, alpha_bias_std=2.3268, personal_row_entropy=0.7648, personal_matrix_delta=0.0000, personal_matrix_student_std=0.0000
2026-03-14 14:40:32,391 - INFO - [assist_09|assist_09_abce_e_rescue_full|lr=0.0003|drop=0.20] [Diag][Graph] Epoch [018] | entropy_ratio=0.1533, diag_mass=0.0000, to_uniform_l2=0.077060, to_identity_l2=0.118888, tau_mean=0.7061, tau_std=0.0042, graph_reg_scale(train/val)=1.0000/1.0000
2026-03-14 14:40:32,391 - WARNING - [assist_09|assist_09_abce_e_rescue_full|lr=0.0003|drop=0.20] [Diag Warning][M3] gate_mean has stayed high for 17 epoch(s): gate_mean=0.9987, gate_std=0.0050
2026-03-14 14:40:32,391 - WARNING - [assist_09|assist_09_abce_e_rescue_full|lr=0.0003|drop=0.20] [Diag Warning][M3] delta_over_irt has stayed high for 16 epoch(s): delta_over_irt=0.5789, delta_abs_mean=0.9530
2026-03-14 14:40:32,391 - INFO - [assist_09|assist_09_abce_e_rescue_full|lr=0.0003|drop=0.20] [Grad Norms] Epoch [018] | mf_u_proj=0.070475, mf_v_proj=0.075603, fusion_gate=0.000027, q_gate_raw=0.001221, skill_latent=0.227618, relation_emb=5.017153e-03, relation_tau=2.622574e-04, relation_wq=3.924678e-04, relation_wk=6.695482e-05, personal_u=0.000000e+00, personal_v=0.000000e+00, personal_alpha_bias=1.772566e-02, personal_gate_emb=0.000000e+00, personal_gate_student_proj=0.000000e+00, personal_gate_context_proj=1.730132e-04, personal_gate_student_direct=0.000000e+00, personal_gate_context_direct=3.234264e-05, personal_gate_out=4.060815e-05, personal_generator_emb=0.000000e+00, personal_generator_context_proj=0.000000e+00, personal_generator_context_hidden=0.000000e+00, personal_generator_context_to_u=0.000000e+00, personal_generator_context_to_v=0.000000e+00
2026-03-14 14:40:32,391 - INFO - [assist_09|assist_09_abce_e_rescue_full|lr=0.0003|drop=0.20] -> No improvement 2 epoch(s) (best AUC=0.7898 @ 16)
2026-03-14 14:41:20,938 - INFO - [assist_09|assist_09_abce_e_rescue_full|lr=0.0003|drop=0.20] Epoch [019/100] | Train: Loss=0.0611, BCE=0.2379, Reg=-0.1767, AUC=0.9750, ACC=0.9186, RMSE=0.2585 | Val: Loss=0.4131, BCE=0.5476, Reg=-0.1344, AUC=0.7894, ACC=0.7497, RMSE=0.4206
2026-03-14 14:41:20,938 - INFO - [assist_09|assist_09_abce_e_rescue_full|lr=0.0003|drop=0.20] [Reg Terms] Epoch [019] | Train: graph_entropy=0.000002, graph_diag=0.000000, graph_uniform=0.000939, graph_reg_scale=1.0000, mf_l2=0.000041, delta_ratio=0.000000, personal_sparse=0.001575, alpha_var=-0.179290, alpha_collapse=0.000000, reg_bce_ratio=-0.7429 | Val: graph_entropy=0.000000, graph_diag=0.000000, graph_uniform=0.000942, graph_reg_scale=1.0000, mf_l2=0.000042, delta_ratio=0.000000, personal_sparse=0.001585, alpha_var=-0.137164, alpha_collapse=0.000165, reg_bce_ratio=-0.2455
2026-03-14 14:41:21,116 - INFO - [assist_09|assist_09_abce_e_rescue_full|lr=0.0003|drop=0.20] [Diag][M3] Epoch [019] | residual_abs_mean=1.0272, residual_std=0.5822, mf_abs_mean=1.0272, mf_std=0.5822, gate_mean=0.9989, gate_std=0.0049, irt_abs_mean=1.6856, irt_std=1.0285, delta_abs_mean=1.0269, delta_std=0.5824, delta_over_irt=0.6092, warmup(mf/personal)=1.00/1.00, graph_row_entropy=0.7681, graph_entropy_ratio=0.1596, alpha_mean=0.0423, alpha_std=0.1311, alpha_bias_std=2.4586, personal_row_entropy=0.7927, personal_matrix_delta=0.0000, personal_matrix_student_std=0.0000
2026-03-14 14:41:21,116 - INFO - [assist_09|assist_09_abce_e_rescue_full|lr=0.0003|drop=0.20] [Diag][Graph] Epoch [019] | entropy_ratio=0.1596, diag_mass=0.0000, to_uniform_l2=0.076460, to_identity_l2=0.118500, tau_mean=0.7034, tau_std=0.0040, graph_reg_scale(train/val)=1.0000/1.0000
2026-03-14 14:41:21,116 - WARNING - [assist_09|assist_09_abce_e_rescue_full|lr=0.0003|drop=0.20] [Diag Warning][M3] gate_mean has stayed high for 18 epoch(s): gate_mean=0.9989, gate_std=0.0049
2026-03-14 14:41:21,116 - WARNING - [assist_09|assist_09_abce_e_rescue_full|lr=0.0003|drop=0.20] [Diag Warning][M3] delta_over_irt has stayed high for 17 epoch(s): delta_over_irt=0.6092, delta_abs_mean=1.0269
2026-03-14 14:41:21,116 - INFO - [assist_09|assist_09_abce_e_rescue_full|lr=0.0003|drop=0.20] [Grad Norms] Epoch [019] | mf_u_proj=0.056277, mf_v_proj=0.065266, fusion_gate=0.000015, q_gate_raw=0.000488, skill_latent=0.200713, relation_emb=7.652380e-03, relation_tau=1.030755e-03, relation_wq=4.797663e-04, relation_wk=2.094077e-04, personal_u=0.000000e+00, personal_v=0.000000e+00, personal_alpha_bias=1.994665e-02, personal_gate_emb=0.000000e+00, personal_gate_student_proj=0.000000e+00, personal_gate_context_proj=7.316925e-05, personal_gate_student_direct=0.000000e+00, personal_gate_context_direct=1.310039e-05, personal_gate_out=2.749699e-05, personal_generator_emb=0.000000e+00, personal_generator_context_proj=0.000000e+00, personal_generator_context_hidden=0.000000e+00, personal_generator_context_to_u=0.000000e+00, personal_generator_context_to_v=0.000000e+00
2026-03-14 14:41:21,116 - INFO - [assist_09|assist_09_abce_e_rescue_full|lr=0.0003|drop=0.20] -> No improvement 3 epoch(s) (best AUC=0.7898 @ 16)
2026-03-14 14:41:21,116 - INFO - [assist_09|assist_09_abce_e_rescue_full|lr=0.0003|drop=0.20] Early stopping at epoch 19 (best AUC=0.7898 @ 16)
2026-03-14 14:41:21,123 - INFO - Epoch-wise metrics saved to checkpoints/abce_diag/v3_e_v3_attr_20260314_141018/assist_09/seed42/e_rescue_full/metrics_history.csv
2026-03-14 14:41:21,125 - INFO - [assist_09|assist_09_abce_e_rescue_full|lr=0.0003|drop=0.20] Training completed! Best Val AUC=0.7898 @ epoch 16
2026-03-14 14:41:21,303 - INFO - 
============================================================
         MODULE ACTIVITY REPORT
============================================================
Dataset: assist_09 | Seed: 42 | Epoch: 19

1. Concept Graph Module:
   - Mean row entropy: 0.768 / 4.812
   - Entropy ratio: 16.0%
   - Status: ACTIVE (learning meaningful structure)

2. Personal Graph Module:
   - Gate alpha mean: 0.159
   - Gate alpha std: 0.215
   - Alpha bias std: 2.974
   - Personal/global delta: 0.0000
   - Inter-student matrix std: 0.0000
   - Status: INACTIVE (alpha or personal graph barely deviates from global)
   -> Consider: strengthen direct student-specific path or personal graph signal

3. Skill/MF Module:
   - MF logit |mean|: 0.9557
   - MF logit std: 1.0422
   - Fusion gate mean: 0.998
   - Status: ACTIVE (contributing to predictions)

------------------------------------------------------------
SUMMARY:
   Active modules: Concept Graph, Skill/MF
   Inactive modules: Personal Graph
============================================================
2026-03-14 14:41:21,303 - INFO - [assist_09|assist_09_abce_e_rescue_full|lr=0.0003|drop=0.20] Module activity saved to checkpoints/abce_diag/v3_e_v3_attr_20260314_141018/assist_09/seed42/e_rescue_full/module_activity.json
2026-03-14 14:41:21,351 - INFO - Using device: cuda:0 (physical gpu 2)
2026-03-14 14:41:21,351 - INFO - Loading model from checkpoints/abce_diag/v3_e_v3_attr_20260314_141018/assist_09/seed42/e_rescue_full/best_model.pth...
2026-03-14 14:41:21,477 - INFO - Inference switches: ablate_module1=False, ablate_module2=False, ablate_module3=False | enable_module1=True, enable_module2=True, enable_module3=True | use_mf_branch=True, use_concept_graph=True, use_q_aligned_residual=True | effective(num_gnn_layers=1)
2026-03-14 14:41:21,509 - INFO - [Inference] Ablation runtime check: args(ablate_module1=False,ablate_module2=False,ablate_module3=False) | model(enable_module1=True,enable_module2=True,enable_module3=True) | physical(has_knowledge_encoder=True,has_mf_branch=True)
2026-03-14 14:41:21,510 - INFO - [Inference] [Module3 Init] fusion_gate_bias=-0.9000, fusion_gate_max=1.0000, implied_gate=0.2891, q_gate=0.5000, mf_scale=0.2500, bias_scale=0.2500, graph_tau_mean=1.0055, graph_tau_std=0.0000, graph_dropout=0.000
2026-03-14 14:41:21,512 - INFO - Model loaded from epoch 16. Start testing...
2026-03-14 14:41:22,824 - INFO - [Test] 200/411 batches done, samples=25600
2026-03-14 14:41:24,047 - INFO - [Test] 400/411 batches done, samples=51200
2026-03-14 14:41:24,172 - INFO - 
==================================================
2026-03-14 14:41:24,172 - INFO - Test Results:
2026-03-14 14:41:24,173 - INFO - AUC: 0.7953
2026-03-14 14:41:24,173 - INFO - ACC: 0.7547
2026-03-14 14:41:24,173 - INFO - RMSE: 0.4140
2026-03-14 14:41:24,173 - INFO - ==================================================
2026-03-14 14:41:24,190 - INFO - Summary appended to /home/zsh/ConceptSkillCDM/results/experiment_results.csv
2026-03-14 14:41:24,195 - INFO - Run completed.
2026-03-14 14:41:24,195 - INFO - Best validation AUC: 0.7898 at epoch 16
2026-03-14 14:41:24,195 - INFO - Test metrics - AUC: 0.7953, ACC: 0.7547, RMSE: 0.4140
