2026-04-13 11:59:22,136 - INFO - Arguments:
2026-04-13 11:59:22,136 - INFO -   ablate_concept_graph: True
2026-04-13 11:59:22,136 - INFO -   ablate_module1: False
2026-04-13 11:59:22,136 - INFO -   allow_self_loop: True
2026-04-13 11:59:22,136 - INFO -   alpha_min_target: 0.05
2026-04-13 11:59:22,136 - INFO -   batch_size: 128
2026-04-13 11:59:22,136 - INFO -   data_dir: ./data/assist_09
2026-04-13 11:59:22,136 - INFO -   dataset_name: assist_09
2026-04-13 11:59:22,136 - INFO -   debug_graph_diag: True
2026-04-13 11:59:22,136 - INFO -   diag_batches: 1
2026-04-13 11:59:22,136 - INFO -   disable_self_loop: False
2026-04-13 11:59:22,136 - INFO -   dropout: 0.2
2026-04-13 11:59:22,136 - INFO -   early_stop_patience: 3
2026-04-13 11:59:22,136 - INFO -   enable_module1: True
2026-04-13 11:59:22,136 - INFO -   epochs: 100
2026-04-13 11:59:22,136 - INFO -   generate_diagnosis: True
2026-04-13 11:59:22,136 - INFO -   gnn_residual_weight: 0.5
2026-04-13 11:59:22,136 - INFO -   gpu_candidates: None
2026-04-13 11:59:22,136 - INFO -   gpu_ids: None
2026-04-13 11:59:22,136 - INFO -   gpu_memory_threshold: 2000
2026-04-13 11:59:22,136 - INFO -   gpus: None
2026-04-13 11:59:22,136 - INFO -   graph_dropout: 0.0
2026-04-13 11:59:22,136 - INFO -   graph_entropy_max: 0.75
2026-04-13 11:59:22,136 - INFO -   graph_entropy_min: 0.25
2026-04-13 11:59:22,136 - INFO -   graph_identity_residual: 0.1
2026-04-13 11:59:22,136 - INFO -   graph_reg_cap_ratio: 6.0
2026-04-13 11:59:22,136 - INFO -   graph_reg_warmup_epochs: 4
2026-04-13 11:59:22,136 - INFO -   graph_tau_init: 0.55
2026-04-13 11:59:22,137 - INFO -   graph_topk: 12
2026-04-13 11:59:22,137 - INFO -   graph_uniform_margin: 0.1
2026-04-13 11:59:22,137 - INFO -   knowledge_dim: 64
2026-04-13 11:59:22,137 - INFO -   lambda_alpha: 0.05
2026-04-13 11:59:22,137 - INFO -   lambda_alpha_min: 0.08
2026-04-13 11:59:22,137 - INFO -   lambda_graph_diag: 0.1
2026-04-13 11:59:22,137 - INFO -   lambda_graph_uniform: 0.04
2026-04-13 11:59:22,137 - INFO -   lambda_sparse: 0.8
2026-04-13 11:59:22,137 - INFO -   lambda_sparse_personal: 0.0005
2026-04-13 11:59:22,137 - INFO -   learning_rate: 0.0003
2026-04-13 11:59:22,137 - INFO -   log_dir: logs/abce_diag/ae_rescue_20260413_823ae3e/assist_09/seed42/best_no_A
2026-04-13 11:59:22,137 - INFO -   min_exer_interactions: 0
2026-04-13 11:59:22,137 - INFO -   min_poison_count: 0
2026-04-13 11:59:22,137 - INFO -   min_stu_interactions: 15
2026-04-13 11:59:22,137 - INFO -   model_variant: assist_09_abce_best_no_A
2026-04-13 11:59:22,137 - INFO -   multi_gpu: False
2026-04-13 11:59:22,137 - INFO -   no_cuda: False
2026-04-13 11:59:22,137 - INFO -   num_gnn_layers: 1
2026-04-13 11:59:22,137 - INFO -   num_gpus: 1
2026-04-13 11:59:22,137 - INFO -   num_relation_heads: 2
2026-04-13 11:59:22,137 - INFO -   num_workers: 4
2026-04-13 11:59:22,137 - INFO -   patience: 5
2026-04-13 11:59:22,137 - INFO -   personal_delta_scale: 6.0
2026-04-13 11:59:22,137 - INFO -   personal_max_alpha: 0.4
2026-04-13 11:59:22,137 - INFO -   personal_rank: 8
2026-04-13 11:59:22,137 - INFO -   personal_student_dim: 32
2026-04-13 11:59:22,137 - INFO -   personal_warmup_epochs: 8
2026-04-13 11:59:22,137 - INFO -   prediction_l2_lambda: 1e-05
2026-04-13 11:59:22,137 - INFO -   save_dir: checkpoints/abce_diag/ae_rescue_20260413_823ae3e/assist_09/seed42/best_no_A
2026-04-13 11:59:22,137 - INFO -   save_interval: 10
2026-04-13 11:59:22,137 - INFO -   seed: 42
2026-04-13 11:59:22,137 - INFO -   use_concept_graph: False
2026-04-13 11:59:22,137 - INFO -   use_exercise_graph: False
2026-04-13 11:59:22,137 - INFO -   use_personal_graph: True
2026-04-13 11:59:22,137 - INFO -   weight_decay: 1e-05
2026-04-13 11:59:22,217 - INFO - Using device: cuda:0 (physical gpu 3)
2026-04-13 11:59:22,217 - INFO - [assist_09|assist_09_abce_best_no_A|lr=0.0003|drop=0.20] Loading datasets...
2026-04-13 11:59:22,218 - INFO - [assist_09|assist_09_abce_best_no_A|lr=0.0003|drop=0.20] Regularization: graph_entropy(lambda_sparse)=0.800000, graph_diag=0.100000, graph_uniform=0.040000, personal_sparse=0.000500, alpha_penalty=0.050000, alpha_min=0.080000, prediction_l2=0.000010
2026-04-13 11:59:22,218 - INFO - [assist_09|assist_09_abce_best_no_A|lr=0.0003|drop=0.20] Graph controls: entropy_band=[0.25, 0.75], uniform_margin=0.10, warmup_epochs=4, cap_ratio=6.00, graph_dropout=0.000, graph_tau_init=0.550
2026-04-13 11:59:22,218 - INFO - [assist_09|assist_09_abce_best_no_A|lr=0.0003|drop=0.20] Personal controls: personal_max_alpha=0.400, personal_delta_scale=6.000, personal_warmup_epochs=8, personal_student_dim=32, alpha_min_target=0.0500
2026-04-13 11:59:22,295 - INFO - [assist_09] [数据清洗] 学生交互次数 < 15 次的学生：共移除 0 个学生（仅统计用户数）
2026-04-13 11:59:22,304 - INFO - [assist_09] [数据清洗] 学生冷启动过滤：在 train/valid/test 中共删除 0 条记录。
2026-04-13 11:59:22,304 - INFO - [assist_09] [数据清洗] 跳过题目冷门过滤（min_exer_interactions <= 0）。
2026-04-13 11:59:22,304 - INFO - [assist_09] [数据清洗] 跳过毒题清洗（min_poison_count <= 0）。
2026-04-13 11:59:22,304 - INFO - [assist_09] 正在构建ID映射...
2026-04-13 11:59:22,463 - INFO - [assist_09] 正在构建Q矩阵...
2026-04-13 11:59:29,715 - INFO - [assist_09] [统计] 开始统计清洗后每道题的概念数量分布...
2026-04-13 11:59:29,721 - INFO - [assist_09] [Train] 概念数统计：题目数=17099, 平均概念数=1.1992, min=1, max=4, 1概念=14168 (82.86%), ≥2概念=2931 (17.14%)
2026-04-13 11:59:29,722 - INFO - [assist_09] [Train] 概念数直方图（概念数: 题目数量）: {1: 14168, 2: 2536, 3: 315, 4: 80}
2026-04-13 11:59:29,725 - INFO - [assist_09] [Valid] 概念数统计：题目数=9274, 平均概念数=1.1993, min=1, max=4, 1概念=7697 (83.00%), ≥2概念=1577 (17.00%)
2026-04-13 11:59:29,725 - INFO - [assist_09] [Valid] 概念数直方图（概念数: 题目数量）: {1: 7697, 2: 1356, 3: 171, 4: 50}
2026-04-13 11:59:29,729 - INFO - [assist_09] [Test] 概念数统计：题目数=13331, 平均概念数=1.1962, min=1, max=4, 1概念=11110 (83.34%), ≥2概念=2221 (16.66%)
2026-04-13 11:59:29,729 - INFO - [assist_09] [Test] 概念数直方图（概念数: 题目数量）: {1: 11110, 2: 1891, 3: 265, 4: 65}
2026-04-13 11:59:29,729 - INFO - [assist_09] [统计] 概念数量统计完成。
2026-04-13 11:59:29,729 - INFO - [assist_09] 正在加载数据集...
2026-04-13 11:59:29,799 - INFO - [assist_09|assist_09_abce_best_no_A|lr=0.0003|drop=0.20] Train samples: 194489, Val samples: 20385
2026-04-13 11:59:29,799 - INFO - [assist_09|assist_09_abce_best_no_A|lr=0.0003|drop=0.20] Number of students: 2493
2026-04-13 11:59:29,799 - INFO - [assist_09|assist_09_abce_best_no_A|lr=0.0003|drop=0.20] Number of exercises: 17676
2026-04-13 11:59:29,799 - INFO - [assist_09|assist_09_abce_best_no_A|lr=0.0003|drop=0.20] Number of concepts: 123
2026-04-13 11:59:29,799 - INFO - [assist_09|assist_09_abce_best_no_A|lr=0.0003|drop=0.20] Creating model...
2026-04-13 11:59:29,799 - INFO - [assist_09|assist_09_abce_best_no_A|lr=0.0003|drop=0.20] Ablation switches: ablate_module1=False | enable_module1=True | use_concept_graph=False | effective(num_gnn_layers=1)
2026-04-13 11:59:29,919 - INFO - [assist_09|assist_09_abce_best_no_A|lr=0.0003|drop=0.20] Ablation runtime check: args(ablate_module1=False) | model(enable_module1=True) | physical(has_knowledge_encoder=True)
2026-04-13 11:59:29,919 - INFO - [assist_09|assist_09_abce_best_no_A|lr=0.0003|drop=0.20] Debug diagnostics enabled: diag_batches=1
2026-04-13 11:59:29,919 - INFO - [assist_09|assist_09_abce_best_no_A|lr=0.0003|drop=0.20] [Graph Init] graph_tau_mean=0.0000, graph_tau_std=0.0000, graph_dropout=0.000, use_personal_graph=True
2026-04-13 11:59:29,920 - INFO - [assist_09|assist_09_abce_best_no_A|lr=0.0003|drop=0.20] Total parameters: 809,790
2026-04-13 11:59:29,920 - INFO - [assist_09|assist_09_abce_best_no_A|lr=0.0003|drop=0.20] Trainable parameters: 809,790
2026-04-13 11:59:30,748 - INFO - [assist_09|assist_09_abce_best_no_A|lr=0.0003|drop=0.20] Starting training...
2026-04-13 12:00:09,438 - INFO - [assist_09|assist_09_abce_best_no_A|lr=0.0003|drop=0.20] Epoch [001/100] | Train: Loss=0.5871, BCE=0.5882, Reg=-0.0011, AUC=0.6896, ACC=0.6926, RMSE=0.4485 | Val: Loss=0.5658, BCE=0.5671, Reg=-0.0013, AUC=0.7303, ACC=0.7115, RMSE=0.4381
2026-04-13 12:00:09,438 - INFO - [assist_09|assist_09_abce_best_no_A|lr=0.0003|drop=0.20] [Reg Terms] Epoch [001] | Train: graph_entropy=0.000000, graph_diag=0.000000, graph_uniform=0.000000, graph_reg_scale=1.0000, prediction_l2=0.000000, personal_sparse=0.000573, alpha_var=-0.002031, alpha_collapse=0.000309, reg_bce_ratio=-0.0020 | Val: graph_entropy=0.000000, graph_diag=0.000000, graph_uniform=0.000000, graph_reg_scale=1.0000, prediction_l2=0.000000, personal_sparse=0.000558, alpha_var=-0.002095, alpha_collapse=0.000274, reg_bce_ratio=-0.0022
2026-04-13 12:00:09,629 - INFO - [assist_09|assist_09_abce_best_no_A|lr=0.0003|drop=0.20] [Diag][AE] Epoch [001] | irt_abs_mean=1.3879, irt_std=0.6471, personal_warmup_scale=0.12, graph_row_entropy=0.0000, graph_entropy_ratio=0.0000, alpha_mean=0.0250, alpha_std=0.0250, alpha_bias_std=0.0594, personal_row_entropy=4.2832, personal_matrix_delta=0.0161, personal_matrix_student_std=0.0017, personal_delta_pre_softmax_norm=2.9349, personal_delta_student_std=0.5042, alpha_head_std=0.0250
2026-04-13 12:00:09,629 - INFO - [assist_09|assist_09_abce_best_no_A|lr=0.0003|drop=0.20] [Diag][Graph] Epoch [001] | entropy_ratio=0.0000, diag_mass=1.0000, to_uniform_l2=0.089800, to_identity_l2=0.000000, tau_mean=0.0000, tau_std=0.0000, graph_reg_scale(train/val)=1.0000/1.0000
2026-04-13 12:00:09,629 - INFO - [assist_09|assist_09_abce_best_no_A|lr=0.0003|drop=0.20] [Grad Norms] Epoch [001] | relation_emb=0.000000e+00, relation_tau=0.000000e+00, relation_wq=0.000000e+00, relation_wk=0.000000e+00, personal_u=5.869809e-02, personal_v=5.875736e-03, personal_alpha_bias=3.202622e-04, personal_gate_emb=3.209940e-07, personal_gate_student_proj=1.387691e-09, personal_gate_context_proj=1.180798e-05, personal_gate_student_direct=1.426587e-09, personal_gate_context_direct=1.823421e-05, personal_gate_out=2.551528e-05, personal_generator_emb=2.004797e-01, personal_generator_context_proj=1.285129e-03, personal_generator_context_hidden=1.394149e-03, personal_generator_context_to_u=1.491585e-02, personal_generator_context_to_v=1.601033e-03, personal_generator_student_row=2.172094e-10, personal_generator_student_col=1.911164e-03, personal_generator_low_rank_scale=5.922970e-03, personal_generator_direct_scale=1.622921e-03
2026-04-13 12:00:09,865 - INFO - [assist_09|assist_09_abce_best_no_A|lr=0.0003|drop=0.20] -> New best AUC=0.7303 at epoch 1
2026-04-13 12:00:50,031 - INFO - [assist_09|assist_09_abce_best_no_A|lr=0.0003|drop=0.20] Epoch [002/100] | Train: Loss=0.5469, BCE=0.5480, Reg=-0.0011, AUC=0.7487, ACC=0.7234, RMSE=0.4292 | Val: Loss=0.5586, BCE=0.5596, Reg=-0.0010, AUC=0.7371, ACC=0.7171, RMSE=0.4347
2026-04-13 12:00:50,031 - INFO - [assist_09|assist_09_abce_best_no_A|lr=0.0003|drop=0.20] [Reg Terms] Epoch [002] | Train: graph_entropy=0.000000, graph_diag=0.000000, graph_uniform=0.000000, graph_reg_scale=1.0000, prediction_l2=0.000000, personal_sparse=0.001074, alpha_var=-0.002167, alpha_collapse=0.000000, reg_bce_ratio=-0.0020 | Val: graph_entropy=0.000000, graph_diag=0.000000, graph_uniform=0.000000, graph_reg_scale=1.0000, prediction_l2=0.000000, personal_sparse=0.001074, alpha_var=-0.002267, alpha_collapse=0.000198, reg_bce_ratio=-0.0018
2026-04-13 12:00:50,210 - INFO - [assist_09|assist_09_abce_best_no_A|lr=0.0003|drop=0.20] [Diag][AE] Epoch [002] | irt_abs_mean=1.3878, irt_std=0.6842, personal_warmup_scale=0.25, graph_row_entropy=0.0000, graph_entropy_ratio=0.0000, alpha_mean=0.0500, alpha_std=0.0500, alpha_bias_std=0.0956, personal_row_entropy=4.0796, personal_matrix_delta=0.0161, personal_matrix_student_std=0.0018, personal_delta_pre_softmax_norm=1.9365, personal_delta_student_std=0.3153, alpha_head_std=0.0500
2026-04-13 12:00:50,211 - INFO - [assist_09|assist_09_abce_best_no_A|lr=0.0003|drop=0.20] [Diag][Graph] Epoch [002] | entropy_ratio=0.0000, diag_mass=1.0000, to_uniform_l2=0.089800, to_identity_l2=0.000000, tau_mean=0.0000, tau_std=0.0000, graph_reg_scale(train/val)=1.0000/1.0000
2026-04-13 12:00:50,211 - INFO - [assist_09|assist_09_abce_best_no_A|lr=0.0003|drop=0.20] [Grad Norms] Epoch [002] | relation_emb=0.000000e+00, relation_tau=0.000000e+00, relation_wq=0.000000e+00, relation_wk=0.000000e+00, personal_u=1.122974e-01, personal_v=1.868353e-02, personal_alpha_bias=5.470641e-04, personal_gate_emb=9.561488e-09, personal_gate_student_proj=6.815284e-11, personal_gate_context_proj=3.077988e-05, personal_gate_student_direct=4.659113e-11, personal_gate_context_direct=1.928976e-05, personal_gate_out=3.637136e-05, personal_generator_emb=3.821730e-01, personal_generator_context_proj=1.091880e-02, personal_generator_context_hidden=9.912600e-03, personal_generator_context_to_u=3.852203e-02, personal_generator_context_to_v=2.953035e-03, personal_generator_student_row=8.254588e-10, personal_generator_student_col=3.856457e-03, personal_generator_low_rank_scale=1.319269e-02, personal_generator_direct_scale=3.114385e-03
2026-04-13 12:00:50,522 - INFO - [assist_09|assist_09_abce_best_no_A|lr=0.0003|drop=0.20] -> New best AUC=0.7371 at epoch 2
2026-04-13 12:01:29,981 - INFO - [assist_09|assist_09_abce_best_no_A|lr=0.0003|drop=0.20] Epoch [003/100] | Train: Loss=0.5304, BCE=0.5315, Reg=-0.0011, AUC=0.7681, ACC=0.7340, RMSE=0.4215 | Val: Loss=0.5563, BCE=0.5579, Reg=-0.0016, AUC=0.7405, ACC=0.7178, RMSE=0.4339
2026-04-13 12:01:29,982 - INFO - [assist_09|assist_09_abce_best_no_A|lr=0.0003|drop=0.20] [Reg Terms] Epoch [003] | Train: graph_entropy=0.000000, graph_diag=0.000000, graph_uniform=0.000000, graph_reg_scale=1.0000, prediction_l2=0.000000, personal_sparse=0.001576, alpha_var=-0.002708, alpha_collapse=0.000000, reg_bce_ratio=-0.0021 | Val: graph_entropy=0.000000, graph_diag=0.000000, graph_uniform=0.000000, graph_reg_scale=1.0000, prediction_l2=0.000000, personal_sparse=0.001576, alpha_var=-0.003273, alpha_collapse=0.000129, reg_bce_ratio=-0.0028
2026-04-13 12:01:30,160 - INFO - [assist_09|assist_09_abce_best_no_A|lr=0.0003|drop=0.20] [Diag][AE] Epoch [003] | irt_abs_mean=1.4666, irt_std=0.7090, personal_warmup_scale=0.38, graph_row_entropy=0.0000, graph_entropy_ratio=0.0000, alpha_mean=0.0750, alpha_std=0.0750, alpha_bias_std=0.2053, personal_row_entropy=3.9589, personal_matrix_delta=0.0161, personal_matrix_student_std=0.0022, personal_delta_pre_softmax_norm=1.5929, personal_delta_student_std=0.3129, alpha_head_std=0.0750
2026-04-13 12:01:30,161 - INFO - [assist_09|assist_09_abce_best_no_A|lr=0.0003|drop=0.20] [Diag][Graph] Epoch [003] | entropy_ratio=0.0000, diag_mass=1.0000, to_uniform_l2=0.089800, to_identity_l2=0.000000, tau_mean=0.0000, tau_std=0.0000, graph_reg_scale(train/val)=1.0000/1.0000
2026-04-13 12:01:30,161 - INFO - [assist_09|assist_09_abce_best_no_A|lr=0.0003|drop=0.20] [Grad Norms] Epoch [003] | relation_emb=0.000000e+00, relation_tau=0.000000e+00, relation_wq=0.000000e+00, relation_wk=0.000000e+00, personal_u=1.215132e-01, personal_v=1.705640e-02, personal_alpha_bias=1.137807e-03, personal_gate_emb=2.104695e-11, personal_gate_student_proj=2.626552e-13, personal_gate_context_proj=1.746133e-05, personal_gate_student_direct=1.379360e-13, personal_gate_context_direct=8.805328e-06, personal_gate_out=1.226082e-05, personal_generator_emb=4.145426e-01, personal_generator_context_proj=8.731201e-03, personal_generator_context_hidden=7.349757e-03, personal_generator_context_to_u=2.369816e-02, personal_generator_context_to_v=1.875430e-03, personal_generator_student_row=7.852769e-10, personal_generator_student_col=5.716369e-03, personal_generator_low_rank_scale=1.265485e-03, personal_generator_direct_scale=3.868933e-03
2026-04-13 12:01:30,435 - INFO - [assist_09|assist_09_abce_best_no_A|lr=0.0003|drop=0.20] -> New best AUC=0.7405 at epoch 3
2026-04-13 12:02:08,073 - INFO - [assist_09|assist_09_abce_best_no_A|lr=0.0003|drop=0.20] Epoch [004/100] | Train: Loss=0.5148, BCE=0.5174, Reg=-0.0025, AUC=0.7841, ACC=0.7416, RMSE=0.4151 | Val: Loss=0.5570, BCE=0.5605, Reg=-0.0035, AUC=0.7410, ACC=0.7205, RMSE=0.4345
2026-04-13 12:02:08,073 - INFO - [assist_09|assist_09_abce_best_no_A|lr=0.0003|drop=0.20] [Reg Terms] Epoch [004] | Train: graph_entropy=0.000000, graph_diag=0.000000, graph_uniform=0.000000, graph_reg_scale=1.0000, prediction_l2=0.000000, personal_sparse=0.002047, alpha_var=-0.004557, alpha_collapse=0.000000, reg_bce_ratio=-0.0049 | Val: graph_entropy=0.000000, graph_diag=0.000000, graph_uniform=0.000000, graph_reg_scale=1.0000, prediction_l2=0.000000, personal_sparse=0.002031, alpha_var=-0.005621, alpha_collapse=0.000076, reg_bce_ratio=-0.0063
2026-04-13 12:02:08,271 - INFO - [assist_09|assist_09_abce_best_no_A|lr=0.0003|drop=0.20] [Diag][AE] Epoch [004] | irt_abs_mean=1.5394, irt_std=0.7847, personal_warmup_scale=0.50, graph_row_entropy=0.0000, graph_entropy_ratio=0.0000, alpha_mean=0.1000, alpha_std=0.0999, alpha_bias_std=0.3513, personal_row_entropy=3.8098, personal_matrix_delta=0.0161, personal_matrix_student_std=0.0027, personal_delta_pre_softmax_norm=1.2960, personal_delta_student_std=0.2796, alpha_head_std=0.0999
2026-04-13 12:02:08,271 - INFO - [assist_09|assist_09_abce_best_no_A|lr=0.0003|drop=0.20] [Diag][Graph] Epoch [004] | entropy_ratio=0.0000, diag_mass=1.0000, to_uniform_l2=0.089800, to_identity_l2=0.000000, tau_mean=0.0000, tau_std=0.0000, graph_reg_scale(train/val)=1.0000/1.0000
2026-04-13 12:02:08,271 - INFO - [assist_09|assist_09_abce_best_no_A|lr=0.0003|drop=0.20] [Grad Norms] Epoch [004] | relation_emb=0.000000e+00, relation_tau=0.000000e+00, relation_wq=0.000000e+00, relation_wk=0.000000e+00, personal_u=1.826845e-01, personal_v=2.336501e-02, personal_alpha_bias=1.924102e-03, personal_gate_emb=2.565978e-17, personal_gate_student_proj=6.529477e-19, personal_gate_context_proj=9.255147e-05, personal_gate_student_direct=3.266279e-19, personal_gate_context_direct=5.109143e-05, personal_gate_out=1.219953e-04, personal_generator_emb=4.229289e-01, personal_generator_context_proj=9.503692e-03, personal_generator_context_hidden=6.444959e-03, personal_generator_context_to_u=1.726047e-02, personal_generator_context_to_v=2.186626e-03, personal_generator_student_row=2.360433e-09, personal_generator_student_col=9.503352e-03, personal_generator_low_rank_scale=8.905886e-03, personal_generator_direct_scale=6.451501e-03
2026-04-13 12:02:08,597 - INFO - [assist_09|assist_09_abce_best_no_A|lr=0.0003|drop=0.20] -> New best AUC=0.7410 at epoch 4
2026-04-13 12:02:46,714 - INFO - [assist_09|assist_09_abce_best_no_A|lr=0.0003|drop=0.20] Epoch [005/100] | Train: Loss=0.5011, BCE=0.5068, Reg=-0.0057, AUC=0.7952, ACC=0.7483, RMSE=0.4103 | Val: Loss=0.5515, BCE=0.5584, Reg=-0.0069, AUC=0.7410, ACC=0.7206, RMSE=0.4337
2026-04-13 12:02:46,714 - INFO - [assist_09|assist_09_abce_best_no_A|lr=0.0003|drop=0.20] [Reg Terms] Epoch [005] | Train: graph_entropy=0.000000, graph_diag=0.000000, graph_uniform=0.000000, graph_reg_scale=1.0000, prediction_l2=0.000000, personal_sparse=0.001995, alpha_var=-0.007658, alpha_collapse=0.000000, reg_bce_ratio=-0.0112 | Val: graph_entropy=0.000000, graph_diag=0.000000, graph_uniform=0.000000, graph_reg_scale=1.0000, prediction_l2=0.000000, personal_sparse=0.002015, alpha_var=-0.008926, alpha_collapse=0.000054, reg_bce_ratio=-0.0123
2026-04-13 12:02:46,910 - INFO - [assist_09|assist_09_abce_best_no_A|lr=0.0003|drop=0.20] [Diag][AE] Epoch [005] | irt_abs_mean=1.5133, irt_std=0.7930, personal_warmup_scale=0.62, graph_row_entropy=0.0000, graph_entropy_ratio=0.0000, alpha_mean=0.1250, alpha_std=0.1249, alpha_bias_std=0.4896, personal_row_entropy=3.8092, personal_matrix_delta=0.0161, personal_matrix_student_std=0.0028, personal_delta_pre_softmax_norm=0.9965, personal_delta_student_std=0.2233, alpha_head_std=0.1249
2026-04-13 12:02:46,910 - INFO - [assist_09|assist_09_abce_best_no_A|lr=0.0003|drop=0.20] [Diag][Graph] Epoch [005] | entropy_ratio=0.0000, diag_mass=1.0000, to_uniform_l2=0.089800, to_identity_l2=0.000000, tau_mean=0.0000, tau_std=0.0000, graph_reg_scale(train/val)=1.0000/1.0000
2026-04-13 12:02:46,910 - INFO - [assist_09|assist_09_abce_best_no_A|lr=0.0003|drop=0.20] [Grad Norms] Epoch [005] | relation_emb=0.000000e+00, relation_tau=0.000000e+00, relation_wq=0.000000e+00, relation_wk=0.000000e+00, personal_u=1.953318e-01, personal_v=3.520607e-02, personal_alpha_bias=3.264600e-03, personal_gate_emb=0.000000e+00, personal_gate_student_proj=0.000000e+00, personal_gate_context_proj=8.412418e-06, personal_gate_student_direct=0.000000e+00, personal_gate_context_direct=6.459335e-06, personal_gate_out=1.122255e-05, personal_generator_emb=5.873143e-01, personal_generator_context_proj=6.233373e-03, personal_generator_context_hidden=3.510592e-03, personal_generator_context_to_u=1.437170e-02, personal_generator_context_to_v=1.784037e-03, personal_generator_student_row=1.624694e-09, personal_generator_student_col=1.177551e-02, personal_generator_low_rank_scale=9.107138e-03, personal_generator_direct_scale=4.497100e-03
2026-04-13 12:02:47,192 - INFO - [assist_09|assist_09_abce_best_no_A|lr=0.0003|drop=0.20] -> New best AUC=0.7410 at epoch 5
2026-04-13 12:03:24,892 - INFO - [assist_09|assist_09_abce_best_no_A|lr=0.0003|drop=0.20] Epoch [006/100] | Train: Loss=0.4887, BCE=0.4984, Reg=-0.0097, AUC=0.8035, ACC=0.7515, RMSE=0.4067 | Val: Loss=0.5484, BCE=0.5594, Reg=-0.0110, AUC=0.7406, ACC=0.7197, RMSE=0.4340
2026-04-13 12:03:24,892 - INFO - [assist_09|assist_09_abce_best_no_A|lr=0.0003|drop=0.20] [Reg Terms] Epoch [006] | Train: graph_entropy=0.000000, graph_diag=0.000000, graph_uniform=0.000000, graph_reg_scale=1.0000, prediction_l2=0.000000, personal_sparse=0.001965, alpha_var=-0.011700, alpha_collapse=0.000000, reg_bce_ratio=-0.0195 | Val: graph_entropy=0.000000, graph_diag=0.000000, graph_uniform=0.000000, graph_reg_scale=1.0000, prediction_l2=0.000000, personal_sparse=0.001983, alpha_var=-0.013052, alpha_collapse=0.000045, reg_bce_ratio=-0.0197
2026-04-13 12:03:25,078 - INFO - [assist_09|assist_09_abce_best_no_A|lr=0.0003|drop=0.20] [Diag][AE] Epoch [006] | irt_abs_mean=1.5687, irt_std=0.8457, personal_warmup_scale=0.75, graph_row_entropy=0.0000, graph_entropy_ratio=0.0000, alpha_mean=0.1500, alpha_std=0.1498, alpha_bias_std=0.6224, personal_row_entropy=3.7387, personal_matrix_delta=0.0161, personal_matrix_student_std=0.0030, personal_delta_pre_softmax_norm=0.8647, personal_delta_student_std=0.2054, alpha_head_std=0.1498
2026-04-13 12:03:25,078 - INFO - [assist_09|assist_09_abce_best_no_A|lr=0.0003|drop=0.20] [Diag][Graph] Epoch [006] | entropy_ratio=0.0000, diag_mass=1.0000, to_uniform_l2=0.089800, to_identity_l2=0.000000, tau_mean=0.0000, tau_std=0.0000, graph_reg_scale(train/val)=1.0000/1.0000
2026-04-13 12:03:25,078 - INFO - [assist_09|assist_09_abce_best_no_A|lr=0.0003|drop=0.20] [Grad Norms] Epoch [006] | relation_emb=0.000000e+00, relation_tau=0.000000e+00, relation_wq=0.000000e+00, relation_wk=0.000000e+00, personal_u=2.420432e-01, personal_v=4.337793e-02, personal_alpha_bias=3.191799e-03, personal_gate_emb=0.000000e+00, personal_gate_student_proj=0.000000e+00, personal_gate_context_proj=1.966830e-04, personal_gate_student_direct=0.000000e+00, personal_gate_context_direct=9.656034e-05, personal_gate_out=2.239008e-04, personal_generator_emb=5.597669e-01, personal_generator_context_proj=5.072461e-03, personal_generator_context_hidden=3.852772e-03, personal_generator_context_to_u=1.330545e-02, personal_generator_context_to_v=3.093279e-03, personal_generator_student_row=2.313443e-09, personal_generator_student_col=2.701818e-02, personal_generator_low_rank_scale=2.542198e-02, personal_generator_direct_scale=1.540653e-02
2026-04-13 12:03:25,078 - INFO - [assist_09|assist_09_abce_best_no_A|lr=0.0003|drop=0.20] -> No improvement 1 epoch(s) (best AUC=0.7410 @ 5)
2026-04-13 12:04:03,528 - INFO - [assist_09|assist_09_abce_best_no_A|lr=0.0003|drop=0.20] Epoch [007/100] | Train: Loss=0.4766, BCE=0.4912, Reg=-0.0147, AUC=0.8102, ACC=0.7553, RMSE=0.4036 | Val: Loss=0.5465, BCE=0.5624, Reg=-0.0160, AUC=0.7404, ACC=0.7199, RMSE=0.4348
2026-04-13 12:04:03,529 - INFO - [assist_09|assist_09_abce_best_no_A|lr=0.0003|drop=0.20] [Reg Terms] Epoch [007] | Train: graph_entropy=0.000000, graph_diag=0.000000, graph_uniform=0.000000, graph_reg_scale=1.0000, prediction_l2=0.000000, personal_sparse=0.001933, alpha_var=-0.016615, alpha_collapse=0.000000, reg_bce_ratio=-0.0299 | Val: graph_entropy=0.000000, graph_diag=0.000000, graph_uniform=0.000000, graph_reg_scale=1.0000, prediction_l2=0.000000, personal_sparse=0.001949, alpha_var=-0.017963, alpha_collapse=0.000040, reg_bce_ratio=-0.0284
2026-04-13 12:04:03,718 - INFO - [assist_09|assist_09_abce_best_no_A|lr=0.0003|drop=0.20] [Diag][AE] Epoch [007] | irt_abs_mean=1.5897, irt_std=0.8919, personal_warmup_scale=0.88, graph_row_entropy=0.0000, graph_entropy_ratio=0.0000, alpha_mean=0.1749, alpha_std=0.1748, alpha_bias_std=0.7484, personal_row_entropy=3.6579, personal_matrix_delta=0.0161, personal_matrix_student_std=0.0032, personal_delta_pre_softmax_norm=0.7732, personal_delta_student_std=0.1884, alpha_head_std=0.1748
2026-04-13 12:04:03,719 - INFO - [assist_09|assist_09_abce_best_no_A|lr=0.0003|drop=0.20] [Diag][Graph] Epoch [007] | entropy_ratio=0.0000, diag_mass=1.0000, to_uniform_l2=0.089800, to_identity_l2=0.000000, tau_mean=0.0000, tau_std=0.0000, graph_reg_scale(train/val)=1.0000/1.0000
2026-04-13 12:04:03,719 - INFO - [assist_09|assist_09_abce_best_no_A|lr=0.0003|drop=0.20] [Grad Norms] Epoch [007] | relation_emb=0.000000e+00, relation_tau=0.000000e+00, relation_wq=0.000000e+00, relation_wk=0.000000e+00, personal_u=1.745852e-01, personal_v=3.527716e-02, personal_alpha_bias=4.035399e-03, personal_gate_emb=0.000000e+00, personal_gate_student_proj=0.000000e+00, personal_gate_context_proj=1.499831e-04, personal_gate_student_direct=0.000000e+00, personal_gate_context_direct=7.493291e-05, personal_gate_out=1.752101e-04, personal_generator_emb=3.525397e-01, personal_generator_context_proj=5.541920e-03, personal_generator_context_hidden=2.465622e-03, personal_generator_context_to_u=5.565294e-03, personal_generator_context_to_v=1.170258e-03, personal_generator_student_row=1.534911e-09, personal_generator_student_col=1.539838e-02, personal_generator_low_rank_scale=1.468121e-02, personal_generator_direct_scale=8.875441e-03
2026-04-13 12:04:03,719 - INFO - [assist_09|assist_09_abce_best_no_A|lr=0.0003|drop=0.20] -> No improvement 2 epoch(s) (best AUC=0.7410 @ 5)
2026-04-13 12:04:44,095 - INFO - [assist_09|assist_09_abce_best_no_A|lr=0.0003|drop=0.20] Epoch [008/100] | Train: Loss=0.4648, BCE=0.4853, Reg=-0.0205, AUC=0.8157, ACC=0.7571, RMSE=0.4011 | Val: Loss=0.5413, BCE=0.5630, Reg=-0.0217, AUC=0.7404, ACC=0.7198, RMSE=0.4347
2026-04-13 12:04:44,095 - INFO - [assist_09|assist_09_abce_best_no_A|lr=0.0003|drop=0.20] [Reg Terms] Epoch [008] | Train: graph_entropy=0.000000, graph_diag=0.000000, graph_uniform=0.000000, graph_reg_scale=1.0000, prediction_l2=0.000000, personal_sparse=0.001912, alpha_var=-0.022366, alpha_collapse=0.000000, reg_bce_ratio=-0.0422 | Val: graph_entropy=0.000000, graph_diag=0.000000, graph_uniform=0.000000, graph_reg_scale=1.0000, prediction_l2=0.000000, personal_sparse=0.001908, alpha_var=-0.023645, alpha_collapse=0.000037, reg_bce_ratio=-0.0385
2026-04-13 12:04:44,354 - INFO - [assist_09|assist_09_abce_best_no_A|lr=0.0003|drop=0.20] [Diag][AE] Epoch [008] | irt_abs_mean=1.6377, irt_std=0.9129, personal_warmup_scale=1.00, graph_row_entropy=0.0000, graph_entropy_ratio=0.0000, alpha_mean=0.2000, alpha_std=0.1999, alpha_bias_std=0.8756, personal_row_entropy=3.5863, personal_matrix_delta=0.0161, personal_matrix_student_std=0.0035, personal_delta_pre_softmax_norm=0.6948, personal_delta_student_std=0.1748, alpha_head_std=0.1999
2026-04-13 12:04:44,355 - INFO - [assist_09|assist_09_abce_best_no_A|lr=0.0003|drop=0.20] [Diag][Graph] Epoch [008] | entropy_ratio=0.0000, diag_mass=1.0000, to_uniform_l2=0.089800, to_identity_l2=0.000000, tau_mean=0.0000, tau_std=0.0000, graph_reg_scale(train/val)=1.0000/1.0000
2026-04-13 12:04:44,355 - INFO - [assist_09|assist_09_abce_best_no_A|lr=0.0003|drop=0.20] [Grad Norms] Epoch [008] | relation_emb=0.000000e+00, relation_tau=0.000000e+00, relation_wq=0.000000e+00, relation_wk=0.000000e+00, personal_u=2.533308e-01, personal_v=3.827162e-02, personal_alpha_bias=5.377785e-03, personal_gate_emb=0.000000e+00, personal_gate_student_proj=0.000000e+00, personal_gate_context_proj=6.814424e-05, personal_gate_student_direct=0.000000e+00, personal_gate_context_direct=3.246209e-05, personal_gate_out=8.011497e-05, personal_generator_emb=4.704242e-01, personal_generator_context_proj=2.918970e-03, personal_generator_context_hidden=4.333777e-04, personal_generator_context_to_u=8.543031e-03, personal_generator_context_to_v=9.648859e-04, personal_generator_student_row=3.037297e-09, personal_generator_student_col=1.812589e-02, personal_generator_low_rank_scale=1.042631e-03, personal_generator_direct_scale=1.391454e-02
2026-04-13 12:04:44,355 - INFO - [assist_09|assist_09_abce_best_no_A|lr=0.0003|drop=0.20] -> No improvement 3 epoch(s) (best AUC=0.7410 @ 5)
2026-04-13 12:04:44,355 - INFO - [assist_09|assist_09_abce_best_no_A|lr=0.0003|drop=0.20] Early stopping at epoch 8 (best AUC=0.7410 @ 5)
2026-04-13 12:04:44,363 - INFO - Epoch-wise metrics saved to checkpoints/abce_diag/ae_rescue_20260413_823ae3e/assist_09/seed42/best_no_A/metrics_history.csv
2026-04-13 12:04:44,364 - INFO - [assist_09|assist_09_abce_best_no_A|lr=0.0003|drop=0.20] Training completed! Best Val AUC=0.7410 @ epoch 5
2026-04-13 12:04:44,551 - INFO - 
============================================================
         MODULE ACTIVITY REPORT
============================================================
Dataset: assist_09 | Seed: 42 | Epoch: 8

1. Concept Graph Module (A):
   - Status: DISABLED (use_concept_graph=False or no_A)

2. Personal Graph Module (E):
   - Alpha mean: 0.200
   - Alpha std: 0.200
   - Alpha bias std: 1.021
   - Personal/global delta: 0.0161
   - Inter-student matrix std: 0.0033
   - Status: ACTIVE (student-specific personalization is visible)

------------------------------------------------------------
SUMMARY:
   Active modules: Personal Graph (E)
   All enabled graph modules are functioning properly.
============================================================
2026-04-13 12:04:44,551 - INFO - [assist_09|assist_09_abce_best_no_A|lr=0.0003|drop=0.20] Module activity saved to checkpoints/abce_diag/ae_rescue_20260413_823ae3e/assist_09/seed42/best_no_A/module_activity.json
2026-04-13 12:04:44,602 - INFO - Using device: cuda:0 (physical gpu 3)
2026-04-13 12:04:44,602 - INFO - Loading model from checkpoints/abce_diag/ae_rescue_20260413_823ae3e/assist_09/seed42/best_no_A/best_model.pth...
2026-04-13 12:04:44,746 - INFO - Inference switches: ablate_module1=False | enable_module1=True | use_concept_graph=False | effective(num_gnn_layers=1)
2026-04-13 12:04:44,765 - INFO - [Inference] Ablation runtime check: args(ablate_module1=False) | model(enable_module1=True) | physical(has_knowledge_encoder=True)
2026-04-13 12:04:44,765 - INFO - [Inference] [Graph Init] graph_tau_mean=0.0000, graph_tau_std=0.0000, graph_dropout=0.000, use_personal_graph=True
2026-04-13 12:04:44,767 - INFO - Model loaded from epoch 5. Start testing...
2026-04-13 12:04:45,683 - INFO - [Test] 200/411 batches done, samples=25600
2026-04-13 12:04:46,532 - INFO - [Test] 400/411 batches done, samples=51200
2026-04-13 12:04:46,639 - INFO - 
==================================================
2026-04-13 12:04:46,639 - INFO - Test Results:
2026-04-13 12:04:46,639 - INFO - AUC: 0.7440
2026-04-13 12:04:46,639 - INFO - ACC: 0.7252
2026-04-13 12:04:46,639 - INFO - RMSE: 0.4311
2026-04-13 12:04:46,639 - INFO - ==================================================
2026-04-13 12:04:46,655 - INFO - Summary appended to /home/zsh/ConceptSkillCDM/results/experiment_results.csv
2026-04-13 12:04:46,655 - INFO - 
Generating student diagnosis reports...
2026-04-13 12:04:46,670 - INFO - Student diagnosis reports saved to checkpoints/abce_diag/ae_rescue_20260413_823ae3e/assist_09/seed42/best_no_A/student_diagnosis.json
2026-04-13 12:04:46,675 - INFO - Run completed.
2026-04-13 12:04:46,675 - INFO - Best validation AUC: 0.7410 at epoch 5
2026-04-13 12:04:46,675 - INFO - Test metrics - AUC: 0.7440, ACC: 0.7252, RMSE: 0.4311
2026-04-13 12:04:46,849 - INFO - [数据清洗] 学生交互次数 < 15 次的学生：共移除 0 个学生（仅统计用户数）
2026-04-13 12:04:46,859 - INFO - [数据清洗] 学生冷启动过滤：在 train/valid/test 中共删除 0 条记录。
2026-04-13 12:04:46,859 - INFO - [数据清洗] 跳过题目冷门过滤（min_exer_interactions <= 0）。
2026-04-13 12:04:46,859 - INFO - [数据清洗] 跳过毒题清洗（min_poison_count <= 0）。
2026-04-13 12:04:46,859 - INFO - 正在构建ID映射...
2026-04-13 12:04:47,102 - INFO - 正在构建Q矩阵...
2026-04-13 12:04:56,977 - INFO - [统计] 开始统计清洗后每道题的概念数量分布...
2026-04-13 12:04:56,986 - INFO - [Train] 概念数统计：题目数=17099, 平均概念数=1.1992, min=1, max=4, 1概念=14168 (82.86%), ≥2概念=2931 (17.14%)
2026-04-13 12:04:56,986 - INFO - [Train] 概念数直方图（概念数: 题目数量）: {1: 14168, 2: 2536, 3: 315, 4: 80}
2026-04-13 12:04:56,989 - INFO - [Valid] 概念数统计：题目数=9274, 平均概念数=1.1993, min=1, max=4, 1概念=7697 (83.00%), ≥2概念=1577 (17.00%)
2026-04-13 12:04:56,989 - INFO - [Valid] 概念数直方图（概念数: 题目数量）: {1: 7697, 2: 1356, 3: 171, 4: 50}
2026-04-13 12:04:56,993 - INFO - [Test] 概念数统计：题目数=13331, 平均概念数=1.1962, min=1, max=4, 1概念=11110 (83.34%), ≥2概念=2221 (16.66%)
2026-04-13 12:04:56,993 - INFO - [Test] 概念数直方图（概念数: 题目数量）: {1: 11110, 2: 1891, 3: 265, 4: 65}
2026-04-13 12:04:56,993 - INFO - [统计] 概念数量统计完成。
2026-04-13 12:04:56,993 - INFO - 正在加载数据集...
2026-04-13 12:04:57,278 - INFO - [Component Analysis] Gate alpha samples: 200
2026-04-13 12:04:57,287 - INFO - [Component Analysis] Personal graph samples: (10, 2, 123, 123)
2026-04-13 12:04:57,313 - INFO - [Component Analysis] Data saved to checkpoints/abce_diag/ae_rescue_20260413_823ae3e/assist_09/seed42/best_no_A/component_analysis_data.npz
2026-04-13 12:04:57,794 - INFO - Generating component analysis visualizations...
2026-04-13 12:04:57,969 - WARNING - Failed to generate visualizations: Invalid shape (2, 123, 123) for image data
