2026-02-12 14:31:30,801 - INFO - Arguments:
2026-02-12 14:31:30,802 - INFO -   ablate_concept_graph: False
2026-02-12 14:31:30,802 - INFO -   ablate_module1: False
2026-02-12 14:31:30,802 - INFO -   ablate_module2: False
2026-02-12 14:31:30,802 - INFO -   ablate_module3: True
2026-02-12 14:31:30,802 - INFO -   ablate_skill_encoder: False
2026-02-12 14:31:30,802 - INFO -   ablate_soft_prototype: True
2026-02-12 14:31:30,802 - INFO -   allow_self_loop: True
2026-02-12 14:31:30,802 - INFO -   batch_size: 128
2026-02-12 14:31:30,802 - INFO -   data_dir: ./data/assist_09
2026-02-12 14:31:30,802 - INFO -   dataset_name: assist_09
2026-02-12 14:31:30,802 - INFO -   debug_module3_diag: True
2026-02-12 14:31:30,802 - INFO -   diag_batches: 1
2026-02-12 14:31:30,802 - INFO -   disable_q_aligned_residual: False
2026-02-12 14:31:30,802 - INFO -   disable_q_conditioning: False
2026-02-12 14:31:30,802 - INFO -   disable_self_loop: False
2026-02-12 14:31:30,802 - INFO -   disable_soft_prototype: True
2026-02-12 14:31:30,802 - INFO -   dropout: 0.2
2026-02-12 14:31:30,802 - INFO -   early_stop_patience: 3
2026-02-12 14:31:30,802 - INFO -   enable_module1: True
2026-02-12 14:31:30,802 - INFO -   enable_module2: True
2026-02-12 14:31:30,802 - INFO -   enable_module3: False
2026-02-12 14:31:30,802 - INFO -   enable_soft_prototype: False
2026-02-12 14:31:30,802 - INFO -   epochs: 50
2026-02-12 14:31:30,802 - INFO -   exercise_dim: 64
2026-02-12 14:31:30,802 - INFO -   exercise_l2_lambda: 5e-05
2026-02-12 14:31:30,803 - INFO -   fusion_gate_bias_init: -1.1
2026-02-12 14:31:30,803 - INFO -   fusion_gate_max: 1.0
2026-02-12 14:31:30,803 - INFO -   generate_diagnosis: False
2026-02-12 14:31:30,803 - INFO -   gnn_residual_weight: 0.5
2026-02-12 14:31:30,803 - INFO -   gpu_candidates: None
2026-02-12 14:31:30,803 - INFO -   gpu_ids: None
2026-02-12 14:31:30,803 - INFO -   gpu_memory_threshold: 2000
2026-02-12 14:31:30,803 - INFO -   gpus: None
2026-02-12 14:31:30,803 - INFO -   graph_dropout: -1.0
2026-02-12 14:31:30,803 - INFO -   graph_entropy_max: 0.8
2026-02-12 14:31:30,803 - INFO -   graph_entropy_min: 0.15
2026-02-12 14:31:30,803 - INFO -   graph_reg_cap_ratio: 6.0
2026-02-12 14:31:30,803 - INFO -   graph_reg_warmup_epochs: 1
2026-02-12 14:31:30,803 - INFO -   graph_tau_init: 1.0
2026-02-12 14:31:30,803 - INFO -   graph_topk: None
2026-02-12 14:31:30,803 - INFO -   graph_uniform_margin: 0.1
2026-02-12 14:31:30,803 - INFO -   knowledge_dim: 64
2026-02-12 14:31:30,803 - INFO -   lambda_alpha: 0.01
2026-02-12 14:31:30,803 - INFO -   lambda_graph_diag: 0.12
2026-02-12 14:31:30,803 - INFO -   lambda_graph_uniform: 0.04
2026-02-12 14:31:30,803 - INFO -   lambda_proto_div: 0.0
2026-02-12 14:31:30,803 - INFO -   lambda_proto_usage: 0.0
2026-02-12 14:31:30,803 - INFO -   lambda_sparse: 1.0
2026-02-12 14:31:30,803 - INFO -   lambda_sparse_personal: 0.005
2026-02-12 14:31:30,803 - INFO -   learning_rate: 0.0003
2026-02-12 14:31:30,804 - INFO -   log_dir: logs/assist_09_m3grid/seed42/prio_gdiag_0p12_no3
2026-02-12 14:31:30,804 - INFO -   min_exer_interactions: 0
2026-02-12 14:31:30,804 - INFO -   min_poison_count: 0
2026-02-12 14:31:30,804 - INFO -   min_stu_interactions: 15
2026-02-12 14:31:30,804 - INFO -   model_variant: assist_09_m3grid_prio_gdiag_0p12_no3
2026-02-12 14:31:30,804 - INFO -   multi_gpu: False
2026-02-12 14:31:30,804 - INFO -   no_cuda: False
2026-02-12 14:31:30,804 - INFO -   num_gnn_layers: 1
2026-02-12 14:31:30,804 - INFO -   num_gpus: 1
2026-02-12 14:31:30,804 - INFO -   num_prototypes: 0
2026-02-12 14:31:30,804 - INFO -   num_relation_heads: 2
2026-02-12 14:31:30,804 - INFO -   num_workers: 4
2026-02-12 14:31:30,804 - INFO -   patience: 5
2026-02-12 14:31:30,804 - INFO -   personal_rank: 4
2026-02-12 14:31:30,804 - INFO -   proto_lambda: 0.0
2026-02-12 14:31:30,804 - INFO -   proto_tau: 1.0
2026-02-12 14:31:30,804 - INFO -   residual_clip_t: 2.0
2026-02-12 14:31:30,804 - INFO -   residual_scale_init: 0.1
2026-02-12 14:31:30,804 - INFO -   save_dir: checkpoints/assist_09_m3grid/seed42/prio_gdiag_0p12_no3
2026-02-12 14:31:30,804 - INFO -   save_interval: 10
2026-02-12 14:31:30,804 - INFO -   seed: 42
2026-02-12 14:31:30,804 - INFO -   skill_dim: 128
2026-02-12 14:31:30,804 - INFO -   use_concept_graph: True
2026-02-12 14:31:30,804 - INFO -   use_exercise_graph: True
2026-02-12 14:31:30,804 - INFO -   use_mf_branch: False
2026-02-12 14:31:30,804 - INFO -   use_personal_graph: True
2026-02-12 14:31:30,804 - INFO -   use_q_aligned_residual: True
2026-02-12 14:31:30,805 - INFO -   use_q_conditioning: True
2026-02-12 14:31:30,805 - INFO -   use_skill_encoder: False
2026-02-12 14:31:30,805 - INFO -   use_soft_prototype: False
2026-02-12 14:31:30,805 - INFO -   use_soft_prototype_main_path: False
2026-02-12 14:31:30,805 - INFO -   weight_decay: 1e-05
2026-02-12 14:31:30,892 - INFO - Using device: cuda:0
2026-02-12 14:31:30,892 - INFO - [assist_09|assist_09_m3grid_prio_gdiag_0p12_no3|lr=0.0003|drop=0.20] Loading datasets...
2026-02-12 14:31:30,893 - INFO - [assist_09|assist_09_m3grid_prio_gdiag_0p12_no3|lr=0.0003|drop=0.20] Regularization: graph_entropy(lambda_sparse)=1.000000, graph_diag=0.120000, graph_uniform=0.040000, proto_div=0.000000, proto_usage=0.000000, personal_sparse=0.005000, alpha_penalty=0.010000, mf_l2(exercise_l2_lambda)=0.000050
2026-02-12 14:31:30,893 - INFO - [assist_09|assist_09_m3grid_prio_gdiag_0p12_no3|lr=0.0003|drop=0.20] Graph controls: entropy_band=[0.15, 0.80], uniform_margin=0.10, warmup_epochs=1, cap_ratio=6.00, graph_dropout=-1.000, graph_tau_init=1.000
2026-02-12 14:31:31,000 - INFO - [数据清洗] 学生交互次数 < 15 次的学生：共移除 0 个学生（仅统计用户数）
2026-02-12 14:31:31,016 - INFO - [数据清洗] 学生冷启动过滤：在 train/valid/test 中共删除 0 条记录。
2026-02-12 14:31:31,017 - INFO - [数据清洗] 跳过题目冷门过滤（min_exer_interactions <= 0）。
2026-02-12 14:31:31,017 - INFO - [数据清洗] 跳过毒题清洗（min_poison_count <= 0）。
2026-02-12 14:31:42,904 - INFO - [assist_09|assist_09_m3grid_prio_gdiag_0p12_no3|lr=0.0003|drop=0.20] Train samples: 194489, Val samples: 20385
2026-02-12 14:31:42,905 - INFO - [assist_09|assist_09_m3grid_prio_gdiag_0p12_no3|lr=0.0003|drop=0.20] Number of students: 2493
2026-02-12 14:31:42,905 - INFO - [assist_09|assist_09_m3grid_prio_gdiag_0p12_no3|lr=0.0003|drop=0.20] Number of exercises: 17676
2026-02-12 14:31:42,905 - INFO - [assist_09|assist_09_m3grid_prio_gdiag_0p12_no3|lr=0.0003|drop=0.20] Number of concepts: 123
2026-02-12 14:31:42,905 - INFO - [assist_09|assist_09_m3grid_prio_gdiag_0p12_no3|lr=0.0003|drop=0.20] Creating model...
2026-02-12 14:31:42,905 - INFO - [assist_09|assist_09_m3grid_prio_gdiag_0p12_no3|lr=0.0003|drop=0.20] Ablation switches: ablate_module1=False, ablate_module2=False, ablate_module3=True | enable_module1=True, enable_module2=True, enable_module3=False | use_soft_prototype=False, use_mf_branch=False, use_concept_graph=True, use_q_aligned_residual=True, use_soft_prototype_main_path=False | effective(num_gnn_layers=1, num_prototypes=0)
2026-02-12 14:31:43,044 - INFO - [assist_09|assist_09_m3grid_prio_gdiag_0p12_no3|lr=0.0003|drop=0.20] Ablation runtime check: args(ablate_module1=False,ablate_module2=False,ablate_module3=True) | model(enable_module1=True,enable_module2=True,enable_module3=False) | physical(has_knowledge_encoder=True,has_mf_branch=False,has_soft_prototype=False)
2026-02-12 14:31:43,044 - INFO - [assist_09|assist_09_m3grid_prio_gdiag_0p12_no3|lr=0.0003|drop=0.20] Debug diagnostics enabled: diag_batches=1
2026-02-12 14:31:43,070 - INFO - [assist_09|assist_09_m3grid_prio_gdiag_0p12_no3|lr=0.0003|drop=0.20] [Module3 Init] fusion_gate_bias=0.0000, fusion_gate_max=0.0000, implied_gate=0.0000, q_gate=0.0000, mf_scale=0.0000, bias_scale=0.0000, graph_tau_mean=1.3133, graph_tau_std=0.0000, graph_dropout=0.200
2026-02-12 14:31:43,070 - INFO - [assist_09|assist_09_m3grid_prio_gdiag_0p12_no3|lr=0.0003|drop=0.20] Total parameters: 292,959
2026-02-12 14:31:43,070 - INFO - [assist_09|assist_09_m3grid_prio_gdiag_0p12_no3|lr=0.0003|drop=0.20] Trainable parameters: 292,959
2026-02-12 14:31:43,998 - INFO - [assist_09|assist_09_m3grid_prio_gdiag_0p12_no3|lr=0.0003|drop=0.20] Starting training...
2026-02-12 14:32:11,958 - INFO - [assist_09|assist_09_m3grid_prio_gdiag_0p12_no3|lr=0.0003|drop=0.20] Epoch [001/50] | Train: Loss=0.7577, BCE=0.5885, Reg=0.1692, AUC=0.6890, ACC=0.6937, RMSE=0.4485 | Val: Loss=0.7766, BCE=0.5677, Reg=0.2089, AUC=0.7287, ACC=0.7086, RMSE=0.4385
2026-02-12 14:32:11,958 - INFO - [assist_09|assist_09_m3grid_prio_gdiag_0p12_no3|lr=0.0003|drop=0.20] [Reg Terms] Epoch [001] | Train: graph_entropy=0.153415, graph_diag=0.000974, graph_uniform=0.003837, graph_reg_scale=1.0000, mf_l2=0.000000, proto_div=0.000000, proto_usage=0.000000, personal_sparse=0.012740, alpha_var=-0.001764, reg_bce_ratio=0.2875 | Val: graph_entropy=0.200000, graph_diag=0.000976, graph_uniform=0.004000, graph_reg_scale=1.0000, mf_l2=0.000000, proto_div=0.000000, proto_usage=0.000000, personal_sparse=0.005294, alpha_var=-0.001388, reg_bce_ratio=0.3679
2026-02-12 14:32:12,165 - INFO - [assist_09|assist_09_m3grid_prio_gdiag_0p12_no3|lr=0.0003|drop=0.20] [Diag][M3] Epoch [001] | residual_abs_mean=0.0000, residual_std=0.0000, mf_abs_mean=0.0000, mf_std=0.0000, gate_mean=0.0000, gate_std=0.0000, irt_abs_mean=1.3928, irt_std=0.6451, delta_abs_mean=0.0000, delta_std=0.0000, delta_over_irt=0.0000, graph_row_entropy=4.8122, graph_entropy_ratio=1.0000, alpha_mean=0.2474, alpha_std=0.4206, personal_row_entropy=1.0849
2026-02-12 14:32:12,165 - INFO - [assist_09|assist_09_m3grid_prio_gdiag_0p12_no3|lr=0.0003|drop=0.20] [Diag][Graph] Epoch [001] | entropy_ratio=1.0000, diag_mass=0.0081, to_uniform_l2=0.000000, to_identity_l2=0.089800, tau_mean=1.0474, tau_std=0.0025, graph_reg_scale(train/val)=1.0000/1.0000
2026-02-12 14:32:12,165 - INFO - [assist_09|assist_09_m3grid_prio_gdiag_0p12_no3|lr=0.0003|drop=0.20] [Grad Norms] Epoch [001] | mf_u_proj=0.000000, mf_v_proj=0.000000, fusion_gate=0.000000, q_gate_raw=0.000000, skill_latent=0.000000, relation_emb=2.350555e-01, relation_tau=3.200765e-08, relation_wq=1.052603e-05, relation_wk=8.692517e-06, personal_u=1.600905e-01, personal_v=6.841154e-02
2026-02-12 14:32:12,383 - INFO - [assist_09|assist_09_m3grid_prio_gdiag_0p12_no3|lr=0.0003|drop=0.20] -> New best AUC=0.7287 at epoch 1
2026-02-12 14:32:38,580 - INFO - [assist_09|assist_09_m3grid_prio_gdiag_0p12_no3|lr=0.0003|drop=0.20] Epoch [002/50] | Train: Loss=0.7093, BCE=0.5492, Reg=0.1601, AUC=0.7474, ACC=0.7246, RMSE=0.4296 | Val: Loss=0.7683, BCE=0.5614, Reg=0.2069, AUC=0.7358, ACC=0.7136, RMSE=0.4357
2026-02-12 14:32:38,580 - INFO - [assist_09|assist_09_m3grid_prio_gdiag_0p12_no3|lr=0.0003|drop=0.20] [Reg Terms] Epoch [002] | Train: graph_entropy=0.153379, graph_diag=0.000975, graph_uniform=0.003836, graph_reg_scale=1.0000, mf_l2=0.000000, proto_div=0.000000, proto_usage=0.000000, personal_sparse=0.004249, alpha_var=-0.002320, reg_bce_ratio=0.2915 | Val: graph_entropy=0.200000, graph_diag=0.000976, graph_uniform=0.004000, graph_reg_scale=1.0000, mf_l2=0.000000, proto_div=0.000000, proto_usage=0.000000, personal_sparse=0.003402, alpha_var=-0.001465, reg_bce_ratio=0.3686
2026-02-12 14:32:38,783 - INFO - [assist_09|assist_09_m3grid_prio_gdiag_0p12_no3|lr=0.0003|drop=0.20] [Diag][M3] Epoch [002] | residual_abs_mean=0.0000, residual_std=0.0000, mf_abs_mean=0.0000, mf_std=0.0000, gate_mean=0.0000, gate_std=0.0000, irt_abs_mean=1.3680, irt_std=0.6935, delta_abs_mean=0.0000, delta_std=0.0000, delta_over_irt=0.0000, graph_row_entropy=4.8122, graph_entropy_ratio=1.0000, alpha_mean=0.2576, alpha_std=0.4352, personal_row_entropy=0.7529
2026-02-12 14:32:38,783 - INFO - [assist_09|assist_09_m3grid_prio_gdiag_0p12_no3|lr=0.0003|drop=0.20] [Diag][Graph] Epoch [002] | entropy_ratio=1.0000, diag_mass=0.0081, to_uniform_l2=0.000000, to_identity_l2=0.089800, tau_mean=0.8570, tau_std=0.0017, graph_reg_scale(train/val)=1.0000/1.0000
2026-02-12 14:32:38,783 - INFO - [assist_09|assist_09_m3grid_prio_gdiag_0p12_no3|lr=0.0003|drop=0.20] [Grad Norms] Epoch [002] | mf_u_proj=0.000000, mf_v_proj=0.000000, fusion_gate=0.000000, q_gate_raw=0.000000, skill_latent=0.000000, relation_emb=1.731058e-01, relation_tau=7.716264e-11, relation_wq=2.375820e-07, relation_wk=1.760639e-07, personal_u=9.219242e-02, personal_v=6.073147e-02
2026-02-12 14:32:39,136 - INFO - [assist_09|assist_09_m3grid_prio_gdiag_0p12_no3|lr=0.0003|drop=0.20] -> New best AUC=0.7358 at epoch 2
2026-02-12 14:33:05,650 - INFO - [assist_09|assist_09_m3grid_prio_gdiag_0p12_no3|lr=0.0003|drop=0.20] Epoch [003/50] | Train: Loss=0.6947, BCE=0.5358, Reg=0.1589, AUC=0.7630, ACC=0.7318, RMSE=0.4235 | Val: Loss=0.7662, BCE=0.5600, Reg=0.2062, AUC=0.7375, ACC=0.7130, RMSE=0.4353
2026-02-12 14:33:05,650 - INFO - [assist_09|assist_09_m3grid_prio_gdiag_0p12_no3|lr=0.0003|drop=0.20] [Reg Terms] Epoch [003] | Train: graph_entropy=0.153429, graph_diag=0.000975, graph_uniform=0.003837, graph_reg_scale=1.0000, mf_l2=0.000000, proto_div=0.000000, proto_usage=0.000000, personal_sparse=0.003008, alpha_var=-0.002355, reg_bce_ratio=0.2966 | Val: graph_entropy=0.200000, graph_diag=0.000976, graph_uniform=0.004000, graph_reg_scale=1.0000, mf_l2=0.000000, proto_div=0.000000, proto_usage=0.000000, personal_sparse=0.002654, alpha_var=-0.001473, reg_bce_ratio=0.3681
2026-02-12 14:33:05,847 - INFO - [assist_09|assist_09_m3grid_prio_gdiag_0p12_no3|lr=0.0003|drop=0.20] [Diag][M3] Epoch [003] | residual_abs_mean=0.0000, residual_std=0.0000, mf_abs_mean=0.0000, mf_std=0.0000, gate_mean=0.0000, gate_std=0.0000, irt_abs_mean=1.3527, irt_std=0.7114, delta_abs_mean=0.0000, delta_std=0.0000, delta_over_irt=0.0000, graph_row_entropy=4.8122, graph_entropy_ratio=1.0000, alpha_mean=0.2681, alpha_std=0.4396, personal_row_entropy=0.6967
2026-02-12 14:33:05,847 - INFO - [assist_09|assist_09_m3grid_prio_gdiag_0p12_no3|lr=0.0003|drop=0.20] [Diag][Graph] Epoch [003] | entropy_ratio=1.0000, diag_mass=0.0081, to_uniform_l2=0.000000, to_identity_l2=0.089800, tau_mean=0.7400, tau_std=0.0009, graph_reg_scale(train/val)=1.0000/1.0000
2026-02-12 14:33:05,847 - WARNING - [assist_09|assist_09_m3grid_prio_gdiag_0p12_no3|lr=0.0003|drop=0.20] [Diag Warning][Graph] graph entropy ratio has stayed too high for 3 epoch(s): entropy_ratio=1.0000, to_uniform_l2=0.000000
2026-02-12 14:33:05,847 - INFO - [assist_09|assist_09_m3grid_prio_gdiag_0p12_no3|lr=0.0003|drop=0.20] [Grad Norms] Epoch [003] | mf_u_proj=0.000000, mf_v_proj=0.000000, fusion_gate=0.000000, q_gate_raw=0.000000, skill_latent=0.000000, relation_emb=2.121677e-01, relation_tau=2.641011e-09, relation_wq=1.174604e-06, relation_wk=5.841194e-07, personal_u=5.469648e-02, personal_v=3.022498e-02
2026-02-12 14:33:06,137 - INFO - [assist_09|assist_09_m3grid_prio_gdiag_0p12_no3|lr=0.0003|drop=0.20] -> New best AUC=0.7375 at epoch 3
2026-02-12 14:33:35,822 - INFO - [assist_09|assist_09_m3grid_prio_gdiag_0p12_no3|lr=0.0003|drop=0.20] Epoch [004/50] | Train: Loss=0.6845, BCE=0.5263, Reg=0.1582, AUC=0.7740, ACC=0.7378, RMSE=0.4192 | Val: Loss=0.7651, BCE=0.5596, Reg=0.2055, AUC=0.7398, ACC=0.7176, RMSE=0.4349
2026-02-12 14:33:35,822 - INFO - [assist_09|assist_09_m3grid_prio_gdiag_0p12_no3|lr=0.0003|drop=0.20] [Reg Terms] Epoch [004] | Train: graph_entropy=0.153396, graph_diag=0.000977, graph_uniform=0.003837, graph_reg_scale=1.0000, mf_l2=0.000000, proto_div=0.000000, proto_usage=0.000000, personal_sparse=0.002378, alpha_var=-0.002370, reg_bce_ratio=0.3006 | Val: graph_entropy=0.200000, graph_diag=0.000976, graph_uniform=0.004000, graph_reg_scale=1.0000, mf_l2=0.000000, proto_div=0.000000, proto_usage=0.000000, personal_sparse=0.001996, alpha_var=-0.001481, reg_bce_ratio=0.3672
2026-02-12 14:33:36,104 - INFO - [assist_09|assist_09_m3grid_prio_gdiag_0p12_no3|lr=0.0003|drop=0.20] [Diag][M3] Epoch [004] | residual_abs_mean=0.0000, residual_std=0.0000, mf_abs_mean=0.0000, mf_std=0.0000, gate_mean=0.0000, gate_std=0.0000, irt_abs_mean=1.4064, irt_std=0.7272, delta_abs_mean=0.0000, delta_std=0.0000, delta_over_irt=0.0000, graph_row_entropy=4.8122, graph_entropy_ratio=1.0000, alpha_mean=0.2668, alpha_std=0.4407, personal_row_entropy=0.5574
2026-02-12 14:33:36,104 - INFO - [assist_09|assist_09_m3grid_prio_gdiag_0p12_no3|lr=0.0003|drop=0.20] [Diag][Graph] Epoch [004] | entropy_ratio=1.0000, diag_mass=0.0081, to_uniform_l2=0.000000, to_identity_l2=0.089800, tau_mean=0.6979, tau_std=0.0002, graph_reg_scale(train/val)=1.0000/1.0000
2026-02-12 14:33:36,104 - WARNING - [assist_09|assist_09_m3grid_prio_gdiag_0p12_no3|lr=0.0003|drop=0.20] [Diag Warning][Graph] graph entropy ratio has stayed too high for 4 epoch(s): entropy_ratio=1.0000, to_uniform_l2=0.000000
2026-02-12 14:33:36,104 - INFO - [assist_09|assist_09_m3grid_prio_gdiag_0p12_no3|lr=0.0003|drop=0.20] [Grad Norms] Epoch [004] | mf_u_proj=0.000000, mf_v_proj=0.000000, fusion_gate=0.000000, q_gate_raw=0.000000, skill_latent=0.000000, relation_emb=2.149475e-01, relation_tau=3.411506e-08, relation_wq=6.562516e-06, relation_wk=2.682870e-06, personal_u=7.803775e-02, personal_v=3.498391e-02
2026-02-12 14:33:36,430 - INFO - [assist_09|assist_09_m3grid_prio_gdiag_0p12_no3|lr=0.0003|drop=0.20] -> New best AUC=0.7398 at epoch 4
2026-02-12 14:34:03,063 - INFO - [assist_09|assist_09_m3grid_prio_gdiag_0p12_no3|lr=0.0003|drop=0.20] Epoch [005/50] | Train: Loss=0.6760, BCE=0.5182, Reg=0.1578, AUC=0.7831, ACC=0.7413, RMSE=0.4157 | Val: Loss=0.7639, BCE=0.5587, Reg=0.2052, AUC=0.7411, ACC=0.7169, RMSE=0.4345
2026-02-12 14:34:03,064 - INFO - [assist_09|assist_09_m3grid_prio_gdiag_0p12_no3|lr=0.0003|drop=0.20] [Reg Terms] Epoch [005] | Train: graph_entropy=0.153424, graph_diag=0.000976, graph_uniform=0.003837, graph_reg_scale=1.0000, mf_l2=0.000000, proto_div=0.000000, proto_usage=0.000000, personal_sparse=0.001921, alpha_var=-0.002382, reg_bce_ratio=0.3044 | Val: graph_entropy=0.200000, graph_diag=0.000976, graph_uniform=0.004000, graph_reg_scale=1.0000, mf_l2=0.000000, proto_div=0.000000, proto_usage=0.000000, personal_sparse=0.001754, alpha_var=-0.001492, reg_bce_ratio=0.3673
2026-02-12 14:34:03,394 - INFO - [assist_09|assist_09_m3grid_prio_gdiag_0p12_no3|lr=0.0003|drop=0.20] [Diag][M3] Epoch [005] | residual_abs_mean=0.0000, residual_std=0.0000, mf_abs_mean=0.0000, mf_std=0.0000, gate_mean=0.0000, gate_std=0.0000, irt_abs_mean=1.4061, irt_std=0.7593, delta_abs_mean=0.0000, delta_std=0.0000, delta_over_irt=0.0000, graph_row_entropy=4.8122, graph_entropy_ratio=1.0000, alpha_mean=0.2713, alpha_std=0.4375, personal_row_entropy=0.4782
2026-02-12 14:34:03,394 - INFO - [assist_09|assist_09_m3grid_prio_gdiag_0p12_no3|lr=0.0003|drop=0.20] [Diag][Graph] Epoch [005] | entropy_ratio=1.0000, diag_mass=0.0081, to_uniform_l2=0.000000, to_identity_l2=0.089800, tau_mean=0.6937, tau_std=0.0002, graph_reg_scale(train/val)=1.0000/1.0000
2026-02-12 14:34:03,394 - WARNING - [assist_09|assist_09_m3grid_prio_gdiag_0p12_no3|lr=0.0003|drop=0.20] [Diag Warning][Graph] graph entropy ratio has stayed too high for 5 epoch(s): entropy_ratio=1.0000, to_uniform_l2=0.000000
2026-02-12 14:34:03,394 - INFO - [assist_09|assist_09_m3grid_prio_gdiag_0p12_no3|lr=0.0003|drop=0.20] [Grad Norms] Epoch [005] | mf_u_proj=0.000000, mf_v_proj=0.000000, fusion_gate=0.000000, q_gate_raw=0.000000, skill_latent=0.000000, relation_emb=2.256593e-01, relation_tau=3.979588e-08, relation_wq=4.192958e-06, relation_wk=4.566026e-06, personal_u=1.432921e-01, personal_v=5.705180e-02
2026-02-12 14:34:03,736 - INFO - [assist_09|assist_09_m3grid_prio_gdiag_0p12_no3|lr=0.0003|drop=0.20] -> New best AUC=0.7411 at epoch 5
2026-02-12 14:34:33,710 - INFO - [assist_09|assist_09_m3grid_prio_gdiag_0p12_no3|lr=0.0003|drop=0.20] Epoch [006/50] | Train: Loss=0.6696, BCE=0.5121, Reg=0.1575, AUC=0.7897, ACC=0.7442, RMSE=0.4131 | Val: Loss=0.7624, BCE=0.5575, Reg=0.2049, AUC=0.7430, ACC=0.7178, RMSE=0.4337
2026-02-12 14:34:33,711 - INFO - [assist_09|assist_09_m3grid_prio_gdiag_0p12_no3|lr=0.0003|drop=0.20] [Reg Terms] Epoch [006] | Train: graph_entropy=0.153402, graph_diag=0.000975, graph_uniform=0.003837, graph_reg_scale=1.0000, mf_l2=0.000001, proto_div=0.000000, proto_usage=0.000000, personal_sparse=0.001650, alpha_var=-0.002376, reg_bce_ratio=0.3075 | Val: graph_entropy=0.200000, graph_diag=0.000976, graph_uniform=0.004000, graph_reg_scale=1.0000, mf_l2=0.000001, proto_div=0.000000, proto_usage=0.000000, personal_sparse=0.001441, alpha_var=-0.001491, reg_bce_ratio=0.3676
2026-02-12 14:34:34,001 - INFO - [assist_09|assist_09_m3grid_prio_gdiag_0p12_no3|lr=0.0003|drop=0.20] [Diag][M3] Epoch [006] | residual_abs_mean=0.0000, residual_std=0.0000, mf_abs_mean=0.0000, mf_std=0.0000, gate_mean=0.0000, gate_std=0.0000, irt_abs_mean=1.4666, irt_std=0.7749, delta_abs_mean=0.0000, delta_std=0.0000, delta_over_irt=0.0000, graph_row_entropy=4.8122, graph_entropy_ratio=1.0000, alpha_mean=0.2684, alpha_std=0.4384, personal_row_entropy=0.3581
2026-02-12 14:34:34,001 - INFO - [assist_09|assist_09_m3grid_prio_gdiag_0p12_no3|lr=0.0003|drop=0.20] [Diag][Graph] Epoch [006] | entropy_ratio=1.0000, diag_mass=0.0081, to_uniform_l2=0.000000, to_identity_l2=0.089800, tau_mean=0.6934, tau_std=0.0003, graph_reg_scale(train/val)=1.0000/1.0000
2026-02-12 14:34:34,001 - WARNING - [assist_09|assist_09_m3grid_prio_gdiag_0p12_no3|lr=0.0003|drop=0.20] [Diag Warning][Graph] graph entropy ratio has stayed too high for 6 epoch(s): entropy_ratio=1.0000, to_uniform_l2=0.000000
2026-02-12 14:34:34,001 - INFO - [assist_09|assist_09_m3grid_prio_gdiag_0p12_no3|lr=0.0003|drop=0.20] [Grad Norms] Epoch [006] | mf_u_proj=0.000000, mf_v_proj=0.000000, fusion_gate=0.000000, q_gate_raw=0.000000, skill_latent=0.000000, relation_emb=2.047574e-01, relation_tau=6.284199e-08, relation_wq=5.285334e-06, relation_wk=3.605751e-06, personal_u=4.196097e-02, personal_v=1.348802e-02
2026-02-12 14:34:34,371 - INFO - [assist_09|assist_09_m3grid_prio_gdiag_0p12_no3|lr=0.0003|drop=0.20] -> New best AUC=0.7430 at epoch 6
2026-02-12 14:35:02,567 - INFO - [assist_09|assist_09_m3grid_prio_gdiag_0p12_no3|lr=0.0003|drop=0.20] Epoch [007/50] | Train: Loss=0.6638, BCE=0.5065, Reg=0.1573, AUC=0.7956, ACC=0.7463, RMSE=0.4107 | Val: Loss=0.7634, BCE=0.5586, Reg=0.2048, AUC=0.7429, ACC=0.7184, RMSE=0.4340
2026-02-12 14:35:02,567 - INFO - [assist_09|assist_09_m3grid_prio_gdiag_0p12_no3|lr=0.0003|drop=0.20] [Reg Terms] Epoch [007] | Train: graph_entropy=0.153430, graph_diag=0.000976, graph_uniform=0.003837, graph_reg_scale=1.0000, mf_l2=0.000001, proto_div=0.000000, proto_usage=0.000000, personal_sparse=0.001408, alpha_var=-0.002388, reg_bce_ratio=0.3105 | Val: graph_entropy=0.200000, graph_diag=0.000976, graph_uniform=0.004000, graph_reg_scale=1.0000, mf_l2=0.000001, proto_div=0.000000, proto_usage=0.000000, personal_sparse=0.001286, alpha_var=-0.001496, reg_bce_ratio=0.3666
2026-02-12 14:35:02,836 - INFO - [assist_09|assist_09_m3grid_prio_gdiag_0p12_no3|lr=0.0003|drop=0.20] [Diag][M3] Epoch [007] | residual_abs_mean=0.0000, residual_std=0.0000, mf_abs_mean=0.0000, mf_std=0.0000, gate_mean=0.0000, gate_std=0.0000, irt_abs_mean=1.5486, irt_std=0.8273, delta_abs_mean=0.0000, delta_std=0.0000, delta_over_irt=0.0000, graph_row_entropy=4.8122, graph_entropy_ratio=1.0000, alpha_mean=0.2706, alpha_std=0.4383, personal_row_entropy=0.3318
2026-02-12 14:35:02,836 - INFO - [assist_09|assist_09_m3grid_prio_gdiag_0p12_no3|lr=0.0003|drop=0.20] [Diag][Graph] Epoch [007] | entropy_ratio=1.0000, diag_mass=0.0081, to_uniform_l2=0.000000, to_identity_l2=0.089800, tau_mean=0.6932, tau_std=0.0001, graph_reg_scale(train/val)=1.0000/1.0000
2026-02-12 14:35:02,836 - WARNING - [assist_09|assist_09_m3grid_prio_gdiag_0p12_no3|lr=0.0003|drop=0.20] [Diag Warning][Graph] graph entropy ratio has stayed too high for 7 epoch(s): entropy_ratio=1.0000, to_uniform_l2=0.000000
2026-02-12 14:35:02,836 - INFO - [assist_09|assist_09_m3grid_prio_gdiag_0p12_no3|lr=0.0003|drop=0.20] [Grad Norms] Epoch [007] | mf_u_proj=0.000000, mf_v_proj=0.000000, fusion_gate=0.000000, q_gate_raw=0.000000, skill_latent=0.000000, relation_emb=2.818220e-01, relation_tau=1.856344e-09, relation_wq=2.157223e-06, relation_wk=1.210947e-06, personal_u=7.744097e-02, personal_v=4.949228e-02
2026-02-12 14:35:02,836 - INFO - [assist_09|assist_09_m3grid_prio_gdiag_0p12_no3|lr=0.0003|drop=0.20] -> No improvement 1 epoch(s) (best AUC=0.7430 @ 6)
2026-02-12 14:35:30,150 - INFO - [assist_09|assist_09_m3grid_prio_gdiag_0p12_no3|lr=0.0003|drop=0.20] Epoch [008/50] | Train: Loss=0.6579, BCE=0.5008, Reg=0.1571, AUC=0.8013, ACC=0.7492, RMSE=0.4082 | Val: Loss=0.7642, BCE=0.5596, Reg=0.2046, AUC=0.7441, ACC=0.7180, RMSE=0.4342
2026-02-12 14:35:30,150 - INFO - [assist_09|assist_09_m3grid_prio_gdiag_0p12_no3|lr=0.0003|drop=0.20] [Reg Terms] Epoch [008] | Train: graph_entropy=0.153415, graph_diag=0.000976, graph_uniform=0.003837, graph_reg_scale=1.0000, mf_l2=0.000001, proto_div=0.000000, proto_usage=0.000000, personal_sparse=0.001236, alpha_var=-0.002394, reg_bce_ratio=0.3136 | Val: graph_entropy=0.200000, graph_diag=0.000976, graph_uniform=0.004000, graph_reg_scale=1.0000, mf_l2=0.000001, proto_div=0.000000, proto_usage=0.000000, personal_sparse=0.001121, alpha_var=-0.001499, reg_bce_ratio=0.3656
2026-02-12 14:35:30,356 - INFO - [assist_09|assist_09_m3grid_prio_gdiag_0p12_no3|lr=0.0003|drop=0.20] [Diag][M3] Epoch [008] | residual_abs_mean=0.0000, residual_std=0.0000, mf_abs_mean=0.0000, mf_std=0.0000, gate_mean=0.0000, gate_std=0.0000, irt_abs_mean=1.5937, irt_std=0.8544, delta_abs_mean=0.0000, delta_std=0.0000, delta_over_irt=0.0000, graph_row_entropy=4.8122, graph_entropy_ratio=1.0000, alpha_mean=0.2733, alpha_std=0.4366, personal_row_entropy=0.3183
2026-02-12 14:35:30,356 - INFO - [assist_09|assist_09_m3grid_prio_gdiag_0p12_no3|lr=0.0003|drop=0.20] [Diag][Graph] Epoch [008] | entropy_ratio=1.0000, diag_mass=0.0081, to_uniform_l2=0.000000, to_identity_l2=0.089800, tau_mean=0.6922, tau_std=0.0002, graph_reg_scale(train/val)=1.0000/1.0000
2026-02-12 14:35:30,356 - WARNING - [assist_09|assist_09_m3grid_prio_gdiag_0p12_no3|lr=0.0003|drop=0.20] [Diag Warning][Graph] graph entropy ratio has stayed too high for 8 epoch(s): entropy_ratio=1.0000, to_uniform_l2=0.000000
2026-02-12 14:35:30,356 - INFO - [assist_09|assist_09_m3grid_prio_gdiag_0p12_no3|lr=0.0003|drop=0.20] [Grad Norms] Epoch [008] | mf_u_proj=0.000000, mf_v_proj=0.000000, fusion_gate=0.000000, q_gate_raw=0.000000, skill_latent=0.000000, relation_emb=2.528435e-01, relation_tau=4.457298e-08, relation_wq=1.205694e-05, relation_wk=2.030493e-06, personal_u=1.502049e-01, personal_v=8.092117e-02
2026-02-12 14:35:30,674 - INFO - [assist_09|assist_09_m3grid_prio_gdiag_0p12_no3|lr=0.0003|drop=0.20] -> New best AUC=0.7441 at epoch 8
2026-02-12 14:35:59,157 - INFO - [assist_09|assist_09_m3grid_prio_gdiag_0p12_no3|lr=0.0003|drop=0.20] Epoch [009/50] | Train: Loss=0.6529, BCE=0.4960, Reg=0.1569, AUC=0.8062, ACC=0.7511, RMSE=0.4061 | Val: Loss=0.7647, BCE=0.5602, Reg=0.2045, AUC=0.7456, ACC=0.7221, RMSE=0.4341
2026-02-12 14:35:59,157 - INFO - [assist_09|assist_09_m3grid_prio_gdiag_0p12_no3|lr=0.0003|drop=0.20] [Reg Terms] Epoch [009] | Train: graph_entropy=0.153427, graph_diag=0.000975, graph_uniform=0.003837, graph_reg_scale=1.0000, mf_l2=0.000001, proto_div=0.000000, proto_usage=0.000000, personal_sparse=0.001103, alpha_var=-0.002393, reg_bce_ratio=0.3164 | Val: graph_entropy=0.200000, graph_diag=0.000976, graph_uniform=0.004000, graph_reg_scale=1.0000, mf_l2=0.000001, proto_div=0.000000, proto_usage=0.000000, personal_sparse=0.001022, alpha_var=-0.001500, reg_bce_ratio=0.3650
2026-02-12 14:35:59,455 - INFO - [assist_09|assist_09_m3grid_prio_gdiag_0p12_no3|lr=0.0003|drop=0.20] [Diag][M3] Epoch [009] | residual_abs_mean=0.0000, residual_std=0.0000, mf_abs_mean=0.0000, mf_std=0.0000, gate_mean=0.0000, gate_std=0.0000, irt_abs_mean=1.6441, irt_std=0.9007, delta_abs_mean=0.0000, delta_std=0.0000, delta_over_irt=0.0000, graph_row_entropy=4.8122, graph_entropy_ratio=1.0000, alpha_mean=0.2718, alpha_std=0.4370, personal_row_entropy=0.2658
2026-02-12 14:35:59,455 - INFO - [assist_09|assist_09_m3grid_prio_gdiag_0p12_no3|lr=0.0003|drop=0.20] [Diag][Graph] Epoch [009] | entropy_ratio=1.0000, diag_mass=0.0081, to_uniform_l2=0.000000, to_identity_l2=0.089800, tau_mean=0.6933, tau_std=0.0001, graph_reg_scale(train/val)=1.0000/1.0000
2026-02-12 14:35:59,456 - WARNING - [assist_09|assist_09_m3grid_prio_gdiag_0p12_no3|lr=0.0003|drop=0.20] [Diag Warning][Graph] graph entropy ratio has stayed too high for 9 epoch(s): entropy_ratio=1.0000, to_uniform_l2=0.000000
2026-02-12 14:35:59,456 - INFO - [assist_09|assist_09_m3grid_prio_gdiag_0p12_no3|lr=0.0003|drop=0.20] [Grad Norms] Epoch [009] | mf_u_proj=0.000000, mf_v_proj=0.000000, fusion_gate=0.000000, q_gate_raw=0.000000, skill_latent=0.000000, relation_emb=2.705897e-01, relation_tau=6.032450e-08, relation_wq=1.142986e-05, relation_wk=2.023569e-06, personal_u=1.780991e-01, personal_v=5.389843e-02
2026-02-12 14:35:59,758 - INFO - [assist_09|assist_09_m3grid_prio_gdiag_0p12_no3|lr=0.0003|drop=0.20] -> New best AUC=0.7456 at epoch 9
2026-02-12 14:36:27,019 - INFO - [assist_09|assist_09_m3grid_prio_gdiag_0p12_no3|lr=0.0003|drop=0.20] Epoch [010/50] | Train: Loss=0.6494, BCE=0.4925, Reg=0.1569, AUC=0.8097, ACC=0.7533, RMSE=0.4047 | Val: Loss=0.7626, BCE=0.5582, Reg=0.2044, AUC=0.7457, ACC=0.7207, RMSE=0.4333
2026-02-12 14:36:27,019 - INFO - [assist_09|assist_09_m3grid_prio_gdiag_0p12_no3|lr=0.0003|drop=0.20] [Reg Terms] Epoch [010] | Train: graph_entropy=0.153422, graph_diag=0.000976, graph_uniform=0.003837, graph_reg_scale=1.0000, mf_l2=0.000001, proto_div=0.000000, proto_usage=0.000000, personal_sparse=0.001024, alpha_var=-0.002404, reg_bce_ratio=0.3185 | Val: graph_entropy=0.200000, graph_diag=0.000976, graph_uniform=0.004000, graph_reg_scale=1.0000, mf_l2=0.000002, proto_div=0.000000, proto_usage=0.000000, personal_sparse=0.000928, alpha_var=-0.001503, reg_bce_ratio=0.3662
2026-02-12 14:36:27,318 - INFO - [assist_09|assist_09_m3grid_prio_gdiag_0p12_no3|lr=0.0003|drop=0.20] [Diag][M3] Epoch [010] | residual_abs_mean=0.0000, residual_std=0.0000, mf_abs_mean=0.0000, mf_std=0.0000, gate_mean=0.0000, gate_std=0.0000, irt_abs_mean=1.6013, irt_std=0.9104, delta_abs_mean=0.0000, delta_std=0.0000, delta_over_irt=0.0000, graph_row_entropy=4.8122, graph_entropy_ratio=1.0000, alpha_mean=0.2706, alpha_std=0.4370, personal_row_entropy=0.2164
2026-02-12 14:36:27,318 - INFO - [assist_09|assist_09_m3grid_prio_gdiag_0p12_no3|lr=0.0003|drop=0.20] [Diag][Graph] Epoch [010] | entropy_ratio=1.0000, diag_mass=0.0081, to_uniform_l2=0.000000, to_identity_l2=0.089800, tau_mean=0.6932, tau_std=0.0000, graph_reg_scale(train/val)=1.0000/1.0000
2026-02-12 14:36:27,319 - WARNING - [assist_09|assist_09_m3grid_prio_gdiag_0p12_no3|lr=0.0003|drop=0.20] [Diag Warning][Graph] graph entropy ratio has stayed too high for 10 epoch(s): entropy_ratio=1.0000, to_uniform_l2=0.000000
2026-02-12 14:36:27,319 - INFO - [assist_09|assist_09_m3grid_prio_gdiag_0p12_no3|lr=0.0003|drop=0.20] [Grad Norms] Epoch [010] | mf_u_proj=0.000000, mf_v_proj=0.000000, fusion_gate=0.000000, q_gate_raw=0.000000, skill_latent=0.000000, relation_emb=2.260163e-01, relation_tau=2.357079e-09, relation_wq=1.393046e-06, relation_wk=5.029734e-07, personal_u=1.702278e-01, personal_v=8.203920e-02
2026-02-12 14:36:27,659 - INFO - [assist_09|assist_09_m3grid_prio_gdiag_0p12_no3|lr=0.0003|drop=0.20] -> New best AUC=0.7457 at epoch 10
2026-02-12 14:36:27,702 - INFO - [assist_09|assist_09_m3grid_prio_gdiag_0p12_no3|lr=0.0003|drop=0.20] Checkpoint saved: checkpoints/assist_09_m3grid/seed42/prio_gdiag_0p12_no3/checkpoint_epoch_10.pth
2026-02-12 14:36:27,971 - INFO - [assist_09|assist_09_m3grid_prio_gdiag_0p12_no3|lr=0.0003|drop=0.20] [Module Activity] Epoch 10: Graph✗ Personal✓ MF✗
2026-02-12 14:36:59,044 - INFO - [assist_09|assist_09_m3grid_prio_gdiag_0p12_no3|lr=0.0003|drop=0.20] Epoch [011/50] | Train: Loss=0.6451, BCE=0.4883, Reg=0.1568, AUC=0.8138, ACC=0.7550, RMSE=0.4028 | Val: Loss=0.7601, BCE=0.5558, Reg=0.2043, AUC=0.7478, ACC=0.7212, RMSE=0.4321
2026-02-12 14:36:59,044 - INFO - [assist_09|assist_09_m3grid_prio_gdiag_0p12_no3|lr=0.0003|drop=0.20] [Reg Terms] Epoch [011] | Train: graph_entropy=0.153434, graph_diag=0.000974, graph_uniform=0.003837, graph_reg_scale=1.0000, mf_l2=0.000002, proto_div=0.000000, proto_usage=0.000000, personal_sparse=0.000927, alpha_var=-0.002409, reg_bce_ratio=0.3210 | Val: graph_entropy=0.200000, graph_diag=0.000976, graph_uniform=0.004000, graph_reg_scale=1.0000, mf_l2=0.000002, proto_div=0.000000, proto_usage=0.000000, personal_sparse=0.000868, alpha_var=-0.001508, reg_bce_ratio=0.3676
2026-02-12 14:36:59,239 - INFO - [assist_09|assist_09_m3grid_prio_gdiag_0p12_no3|lr=0.0003|drop=0.20] [Diag][M3] Epoch [011] | residual_abs_mean=0.0000, residual_std=0.0000, mf_abs_mean=0.0000, mf_std=0.0000, gate_mean=0.0000, gate_std=0.0000, irt_abs_mean=1.6055, irt_std=0.9402, delta_abs_mean=0.0000, delta_std=0.0000, delta_over_irt=0.0000, graph_row_entropy=4.8122, graph_entropy_ratio=1.0000, alpha_mean=0.2725, alpha_std=0.4351, personal_row_entropy=0.2132
2026-02-12 14:36:59,240 - INFO - [assist_09|assist_09_m3grid_prio_gdiag_0p12_no3|lr=0.0003|drop=0.20] [Diag][Graph] Epoch [011] | entropy_ratio=1.0000, diag_mass=0.0081, to_uniform_l2=0.000000, to_identity_l2=0.089800, tau_mean=0.6936, tau_std=0.0002, graph_reg_scale(train/val)=1.0000/1.0000
2026-02-12 14:36:59,240 - WARNING - [assist_09|assist_09_m3grid_prio_gdiag_0p12_no3|lr=0.0003|drop=0.20] [Diag Warning][Graph] graph entropy ratio has stayed too high for 11 epoch(s): entropy_ratio=1.0000, to_uniform_l2=0.000000
2026-02-12 14:36:59,240 - INFO - [assist_09|assist_09_m3grid_prio_gdiag_0p12_no3|lr=0.0003|drop=0.20] [Grad Norms] Epoch [011] | mf_u_proj=0.000000, mf_v_proj=0.000000, fusion_gate=0.000000, q_gate_raw=0.000000, skill_latent=0.000000, relation_emb=2.599302e-01, relation_tau=1.159604e-07, relation_wq=7.823204e-06, relation_wk=4.752361e-06, personal_u=2.153186e-01, personal_v=1.041860e-01
2026-02-12 14:36:59,606 - INFO - [assist_09|assist_09_m3grid_prio_gdiag_0p12_no3|lr=0.0003|drop=0.20] -> New best AUC=0.7478 at epoch 11
2026-02-12 14:37:28,892 - INFO - [assist_09|assist_09_m3grid_prio_gdiag_0p12_no3|lr=0.0003|drop=0.20] Epoch [012/50] | Train: Loss=0.6414, BCE=0.4847, Reg=0.1567, AUC=0.8174, ACC=0.7566, RMSE=0.4013 | Val: Loss=0.7617, BCE=0.5574, Reg=0.2042, AUC=0.7484, ACC=0.7204, RMSE=0.4325
2026-02-12 14:37:28,892 - INFO - [assist_09|assist_09_m3grid_prio_gdiag_0p12_no3|lr=0.0003|drop=0.20] [Reg Terms] Epoch [012] | Train: graph_entropy=0.153452, graph_diag=0.000975, graph_uniform=0.003837, graph_reg_scale=1.0000, mf_l2=0.000002, proto_div=0.000000, proto_usage=0.000000, personal_sparse=0.000851, alpha_var=-0.002410, reg_bce_ratio=0.3233 | Val: graph_entropy=0.200000, graph_diag=0.000976, graph_uniform=0.004000, graph_reg_scale=1.0000, mf_l2=0.000002, proto_div=0.000000, proto_usage=0.000000, personal_sparse=0.000774, alpha_var=-0.001513, reg_bce_ratio=0.3664
2026-02-12 14:37:29,116 - INFO - [assist_09|assist_09_m3grid_prio_gdiag_0p12_no3|lr=0.0003|drop=0.20] [Diag][M3] Epoch [012] | residual_abs_mean=0.0000, residual_std=0.0000, mf_abs_mean=0.0000, mf_std=0.0000, gate_mean=0.0000, gate_std=0.0000, irt_abs_mean=1.6883, irt_std=0.9707, delta_abs_mean=0.0000, delta_std=0.0000, delta_over_irt=0.0000, graph_row_entropy=4.8122, graph_entropy_ratio=1.0000, alpha_mean=0.2683, alpha_std=0.4395, personal_row_entropy=0.2057
2026-02-12 14:37:29,117 - INFO - [assist_09|assist_09_m3grid_prio_gdiag_0p12_no3|lr=0.0003|drop=0.20] [Diag][Graph] Epoch [012] | entropy_ratio=1.0000, diag_mass=0.0081, to_uniform_l2=0.000000, to_identity_l2=0.089800, tau_mean=0.6931, tau_std=0.0001, graph_reg_scale(train/val)=1.0000/1.0000
2026-02-12 14:37:29,117 - WARNING - [assist_09|assist_09_m3grid_prio_gdiag_0p12_no3|lr=0.0003|drop=0.20] [Diag Warning][Graph] graph entropy ratio has stayed too high for 12 epoch(s): entropy_ratio=1.0000, to_uniform_l2=0.000000
2026-02-12 14:37:29,117 - INFO - [assist_09|assist_09_m3grid_prio_gdiag_0p12_no3|lr=0.0003|drop=0.20] [Grad Norms] Epoch [012] | mf_u_proj=0.000000, mf_v_proj=0.000000, fusion_gate=0.000000, q_gate_raw=0.000000, skill_latent=0.000000, relation_emb=2.638737e-01, relation_tau=2.722636e-08, relation_wq=1.410836e-05, relation_wk=2.137281e-06, personal_u=5.680627e-02, personal_v=3.764284e-02
2026-02-12 14:37:29,425 - INFO - [assist_09|assist_09_m3grid_prio_gdiag_0p12_no3|lr=0.0003|drop=0.20] -> New best AUC=0.7484 at epoch 12
2026-02-12 14:38:01,222 - INFO - [assist_09|assist_09_m3grid_prio_gdiag_0p12_no3|lr=0.0003|drop=0.20] Epoch [013/50] | Train: Loss=0.6388, BCE=0.4822, Reg=0.1566, AUC=0.8195, ACC=0.7579, RMSE=0.4002 | Val: Loss=0.7625, BCE=0.5584, Reg=0.2042, AUC=0.7481, ACC=0.7209, RMSE=0.4329
2026-02-12 14:38:01,222 - INFO - [assist_09|assist_09_m3grid_prio_gdiag_0p12_no3|lr=0.0003|drop=0.20] [Reg Terms] Epoch [013] | Train: graph_entropy=0.153412, graph_diag=0.000975, graph_uniform=0.003837, graph_reg_scale=1.0000, mf_l2=0.000002, proto_div=0.000000, proto_usage=0.000000, personal_sparse=0.000784, alpha_var=-0.002417, reg_bce_ratio=0.3248 | Val: graph_entropy=0.200000, graph_diag=0.000976, graph_uniform=0.004000, graph_reg_scale=1.0000, mf_l2=0.000002, proto_div=0.000000, proto_usage=0.000000, personal_sparse=0.000710, alpha_var=-0.001510, reg_bce_ratio=0.3657
2026-02-12 14:38:01,501 - INFO - [assist_09|assist_09_m3grid_prio_gdiag_0p12_no3|lr=0.0003|drop=0.20] [Diag][M3] Epoch [013] | residual_abs_mean=0.0000, residual_std=0.0000, mf_abs_mean=0.0000, mf_std=0.0000, gate_mean=0.0000, gate_std=0.0000, irt_abs_mean=1.7200, irt_std=0.9914, delta_abs_mean=0.0000, delta_std=0.0000, delta_over_irt=0.0000, graph_row_entropy=4.8122, graph_entropy_ratio=1.0000, alpha_mean=0.2710, alpha_std=0.4375, personal_row_entropy=0.1765
2026-02-12 14:38:01,501 - INFO - [assist_09|assist_09_m3grid_prio_gdiag_0p12_no3|lr=0.0003|drop=0.20] [Diag][Graph] Epoch [013] | entropy_ratio=1.0000, diag_mass=0.0081, to_uniform_l2=0.000000, to_identity_l2=0.089800, tau_mean=0.6887, tau_std=0.0054, graph_reg_scale(train/val)=1.0000/1.0000
2026-02-12 14:38:01,501 - WARNING - [assist_09|assist_09_m3grid_prio_gdiag_0p12_no3|lr=0.0003|drop=0.20] [Diag Warning][Graph] graph entropy ratio has stayed too high for 13 epoch(s): entropy_ratio=1.0000, to_uniform_l2=0.000000
2026-02-12 14:38:01,501 - INFO - [assist_09|assist_09_m3grid_prio_gdiag_0p12_no3|lr=0.0003|drop=0.20] [Grad Norms] Epoch [013] | mf_u_proj=0.000000, mf_v_proj=0.000000, fusion_gate=0.000000, q_gate_raw=0.000000, skill_latent=0.000000, relation_emb=3.118739e-01, relation_tau=3.538305e-08, relation_wq=1.197100e-05, relation_wk=4.447124e-06, personal_u=6.113794e-02, personal_v=3.345254e-02
2026-02-12 14:38:01,501 - INFO - [assist_09|assist_09_m3grid_prio_gdiag_0p12_no3|lr=0.0003|drop=0.20] -> No improvement 1 epoch(s) (best AUC=0.7484 @ 12)
2026-02-12 14:38:31,259 - INFO - [assist_09|assist_09_m3grid_prio_gdiag_0p12_no3|lr=0.0003|drop=0.20] Epoch [014/50] | Train: Loss=0.6350, BCE=0.4784, Reg=0.1566, AUC=0.8230, ACC=0.7596, RMSE=0.3985 | Val: Loss=0.7621, BCE=0.5579, Reg=0.2042, AUC=0.7483, ACC=0.7211, RMSE=0.4324
2026-02-12 14:38:31,260 - INFO - [assist_09|assist_09_m3grid_prio_gdiag_0p12_no3|lr=0.0003|drop=0.20] [Reg Terms] Epoch [014] | Train: graph_entropy=0.153439, graph_diag=0.000974, graph_uniform=0.003837, graph_reg_scale=1.0000, mf_l2=0.000002, proto_div=0.000000, proto_usage=0.000000, personal_sparse=0.000734, alpha_var=-0.002419, reg_bce_ratio=0.3273 | Val: graph_entropy=0.200000, graph_diag=0.000976, graph_uniform=0.004000, graph_reg_scale=1.0000, mf_l2=0.000003, proto_div=0.000000, proto_usage=0.000000, personal_sparse=0.000694, alpha_var=-0.001510, reg_bce_ratio=0.3659
2026-02-12 14:38:31,460 - INFO - [assist_09|assist_09_m3grid_prio_gdiag_0p12_no3|lr=0.0003|drop=0.20] [Diag][M3] Epoch [014] | residual_abs_mean=0.0000, residual_std=0.0000, mf_abs_mean=0.0000, mf_std=0.0000, gate_mean=0.0000, gate_std=0.0000, irt_abs_mean=1.7397, irt_std=1.0186, delta_abs_mean=0.0000, delta_std=0.0000, delta_over_irt=0.0000, graph_row_entropy=4.8122, graph_entropy_ratio=1.0000, alpha_mean=0.2746, alpha_std=0.4362, personal_row_entropy=0.2047
2026-02-12 14:38:31,461 - INFO - [assist_09|assist_09_m3grid_prio_gdiag_0p12_no3|lr=0.0003|drop=0.20] [Diag][Graph] Epoch [014] | entropy_ratio=1.0000, diag_mass=0.0081, to_uniform_l2=0.000000, to_identity_l2=0.089800, tau_mean=0.6927, tau_std=0.0005, graph_reg_scale(train/val)=1.0000/1.0000
2026-02-12 14:38:31,461 - WARNING - [assist_09|assist_09_m3grid_prio_gdiag_0p12_no3|lr=0.0003|drop=0.20] [Diag Warning][Graph] graph entropy ratio has stayed too high for 14 epoch(s): entropy_ratio=1.0000, to_uniform_l2=0.000000
2026-02-12 14:38:31,461 - INFO - [assist_09|assist_09_m3grid_prio_gdiag_0p12_no3|lr=0.0003|drop=0.20] [Grad Norms] Epoch [014] | mf_u_proj=0.000000, mf_v_proj=0.000000, fusion_gate=0.000000, q_gate_raw=0.000000, skill_latent=0.000000, relation_emb=3.191904e-01, relation_tau=1.628863e-07, relation_wq=9.150673e-06, relation_wk=6.241410e-06, personal_u=1.919275e-01, personal_v=9.755056e-02
2026-02-12 14:38:31,461 - INFO - [assist_09|assist_09_m3grid_prio_gdiag_0p12_no3|lr=0.0003|drop=0.20] -> No improvement 2 epoch(s) (best AUC=0.7484 @ 12)
2026-02-12 14:39:02,291 - INFO - [assist_09|assist_09_m3grid_prio_gdiag_0p12_no3|lr=0.0003|drop=0.20] Epoch [015/50] | Train: Loss=0.6322, BCE=0.4757, Reg=0.1565, AUC=0.8252, ACC=0.7607, RMSE=0.3974 | Val: Loss=0.7619, BCE=0.5578, Reg=0.2042, AUC=0.7485, ACC=0.7217, RMSE=0.4323
2026-02-12 14:39:02,291 - INFO - [assist_09|assist_09_m3grid_prio_gdiag_0p12_no3|lr=0.0003|drop=0.20] [Reg Terms] Epoch [015] | Train: graph_entropy=0.153395, graph_diag=0.000975, graph_uniform=0.003837, graph_reg_scale=1.0000, mf_l2=0.000003, proto_div=0.000000, proto_usage=0.000000, personal_sparse=0.000714, alpha_var=-0.002415, reg_bce_ratio=0.3290 | Val: graph_entropy=0.200000, graph_diag=0.000976, graph_uniform=0.004000, graph_reg_scale=1.0000, mf_l2=0.000003, proto_div=0.000000, proto_usage=0.000000, personal_sparse=0.000683, alpha_var=-0.001508, reg_bce_ratio=0.3660
2026-02-12 14:39:02,480 - INFO - [assist_09|assist_09_m3grid_prio_gdiag_0p12_no3|lr=0.0003|drop=0.20] [Diag][M3] Epoch [015] | residual_abs_mean=0.0000, residual_std=0.0000, mf_abs_mean=0.0000, mf_std=0.0000, gate_mean=0.0000, gate_std=0.0000, irt_abs_mean=1.7497, irt_std=1.0206, delta_abs_mean=0.0000, delta_std=0.0000, delta_over_irt=0.0000, graph_row_entropy=4.8122, graph_entropy_ratio=1.0000, alpha_mean=0.2691, alpha_std=0.4388, personal_row_entropy=0.1811
2026-02-12 14:39:02,480 - INFO - [assist_09|assist_09_m3grid_prio_gdiag_0p12_no3|lr=0.0003|drop=0.20] [Diag][Graph] Epoch [015] | entropy_ratio=1.0000, diag_mass=0.0081, to_uniform_l2=0.000000, to_identity_l2=0.089800, tau_mean=0.6932, tau_std=0.0000, graph_reg_scale(train/val)=1.0000/1.0000
2026-02-12 14:39:02,480 - WARNING - [assist_09|assist_09_m3grid_prio_gdiag_0p12_no3|lr=0.0003|drop=0.20] [Diag Warning][Graph] graph entropy ratio has stayed too high for 15 epoch(s): entropy_ratio=1.0000, to_uniform_l2=0.000000
2026-02-12 14:39:02,480 - INFO - [assist_09|assist_09_m3grid_prio_gdiag_0p12_no3|lr=0.0003|drop=0.20] [Grad Norms] Epoch [015] | mf_u_proj=0.000000, mf_v_proj=0.000000, fusion_gate=0.000000, q_gate_raw=0.000000, skill_latent=0.000000, relation_emb=2.889516e-01, relation_tau=6.327316e-08, relation_wq=6.027522e-06, relation_wk=2.176700e-06, personal_u=2.234134e-02, personal_v=5.176939e-03
2026-02-12 14:39:02,793 - INFO - [assist_09|assist_09_m3grid_prio_gdiag_0p12_no3|lr=0.0003|drop=0.20] -> New best AUC=0.7485 at epoch 15
2026-02-12 14:39:29,987 - INFO - [assist_09|assist_09_m3grid_prio_gdiag_0p12_no3|lr=0.0003|drop=0.20] Epoch [016/50] | Train: Loss=0.6295, BCE=0.4730, Reg=0.1565, AUC=0.8277, ACC=0.7616, RMSE=0.3962 | Val: Loss=0.7625, BCE=0.5584, Reg=0.2041, AUC=0.7492, ACC=0.7229, RMSE=0.4322
2026-02-12 14:39:29,988 - INFO - [assist_09|assist_09_m3grid_prio_gdiag_0p12_no3|lr=0.0003|drop=0.20] [Reg Terms] Epoch [016] | Train: graph_entropy=0.153431, graph_diag=0.000975, graph_uniform=0.003837, graph_reg_scale=1.0000, mf_l2=0.000003, proto_div=0.000000, proto_usage=0.000000, personal_sparse=0.000688, alpha_var=-0.002419, reg_bce_ratio=0.3309 | Val: graph_entropy=0.200000, graph_diag=0.000976, graph_uniform=0.004000, graph_reg_scale=1.0000, mf_l2=0.000003, proto_div=0.000000, proto_usage=0.000000, personal_sparse=0.000649, alpha_var=-0.001502, reg_bce_ratio=0.3656
2026-02-12 14:39:30,209 - INFO - [assist_09|assist_09_m3grid_prio_gdiag_0p12_no3|lr=0.0003|drop=0.20] [Diag][M3] Epoch [016] | residual_abs_mean=0.0000, residual_std=0.0000, mf_abs_mean=0.0000, mf_std=0.0000, gate_mean=0.0000, gate_std=0.0000, irt_abs_mean=1.7762, irt_std=1.0914, delta_abs_mean=0.0000, delta_std=0.0000, delta_over_irt=0.0000, graph_row_entropy=4.8122, graph_entropy_ratio=1.0000, alpha_mean=0.2733, alpha_std=0.4353, personal_row_entropy=0.1806
2026-02-12 14:39:30,210 - INFO - [assist_09|assist_09_m3grid_prio_gdiag_0p12_no3|lr=0.0003|drop=0.20] [Diag][Graph] Epoch [016] | entropy_ratio=1.0000, diag_mass=0.0081, to_uniform_l2=0.000000, to_identity_l2=0.089800, tau_mean=0.6934, tau_std=0.0002, graph_reg_scale(train/val)=1.0000/1.0000
2026-02-12 14:39:30,210 - WARNING - [assist_09|assist_09_m3grid_prio_gdiag_0p12_no3|lr=0.0003|drop=0.20] [Diag Warning][Graph] graph entropy ratio has stayed too high for 16 epoch(s): entropy_ratio=1.0000, to_uniform_l2=0.000000
2026-02-12 14:39:30,210 - INFO - [assist_09|assist_09_m3grid_prio_gdiag_0p12_no3|lr=0.0003|drop=0.20] [Grad Norms] Epoch [016] | mf_u_proj=0.000000, mf_v_proj=0.000000, fusion_gate=0.000000, q_gate_raw=0.000000, skill_latent=0.000000, relation_emb=2.341540e-01, relation_tau=2.984113e-08, relation_wq=6.960340e-06, relation_wk=1.501508e-06, personal_u=3.857251e-02, personal_v=1.084424e-02
2026-02-12 14:39:30,552 - INFO - [assist_09|assist_09_m3grid_prio_gdiag_0p12_no3|lr=0.0003|drop=0.20] -> New best AUC=0.7492 at epoch 16
2026-02-12 14:39:58,020 - INFO - [assist_09|assist_09_m3grid_prio_gdiag_0p12_no3|lr=0.0003|drop=0.20] Epoch [017/50] | Train: Loss=0.6276, BCE=0.4711, Reg=0.1565, AUC=0.8294, ACC=0.7628, RMSE=0.3954 | Val: Loss=0.7628, BCE=0.5587, Reg=0.2041, AUC=0.7512, ACC=0.7228, RMSE=0.4319
2026-02-12 14:39:58,021 - INFO - [assist_09|assist_09_m3grid_prio_gdiag_0p12_no3|lr=0.0003|drop=0.20] [Reg Terms] Epoch [017] | Train: graph_entropy=0.153410, graph_diag=0.000975, graph_uniform=0.003837, graph_reg_scale=1.0000, mf_l2=0.000003, proto_div=0.000000, proto_usage=0.000000, personal_sparse=0.000654, alpha_var=-0.002422, reg_bce_ratio=0.3321 | Val: graph_entropy=0.200000, graph_diag=0.000976, graph_uniform=0.004000, graph_reg_scale=1.0000, mf_l2=0.000003, proto_div=0.000000, proto_usage=0.000000, personal_sparse=0.000598, alpha_var=-0.001511, reg_bce_ratio=0.3652
2026-02-12 14:39:58,319 - INFO - [assist_09|assist_09_m3grid_prio_gdiag_0p12_no3|lr=0.0003|drop=0.20] [Diag][M3] Epoch [017] | residual_abs_mean=0.0000, residual_std=0.0000, mf_abs_mean=0.0000, mf_std=0.0000, gate_mean=0.0000, gate_std=0.0000, irt_abs_mean=1.8626, irt_std=1.1242, delta_abs_mean=0.0000, delta_std=0.0000, delta_over_irt=0.0000, graph_row_entropy=4.8122, graph_entropy_ratio=1.0000, alpha_mean=0.2781, alpha_std=0.4331, personal_row_entropy=0.1488
2026-02-12 14:39:58,319 - INFO - [assist_09|assist_09_m3grid_prio_gdiag_0p12_no3|lr=0.0003|drop=0.20] [Diag][Graph] Epoch [017] | entropy_ratio=1.0000, diag_mass=0.0081, to_uniform_l2=0.000000, to_identity_l2=0.089800, tau_mean=0.6932, tau_std=0.0002, graph_reg_scale(train/val)=1.0000/1.0000
2026-02-12 14:39:58,319 - WARNING - [assist_09|assist_09_m3grid_prio_gdiag_0p12_no3|lr=0.0003|drop=0.20] [Diag Warning][Graph] graph entropy ratio has stayed too high for 17 epoch(s): entropy_ratio=1.0000, to_uniform_l2=0.000000
2026-02-12 14:39:58,319 - INFO - [assist_09|assist_09_m3grid_prio_gdiag_0p12_no3|lr=0.0003|drop=0.20] [Grad Norms] Epoch [017] | mf_u_proj=0.000000, mf_v_proj=0.000000, fusion_gate=0.000000, q_gate_raw=0.000000, skill_latent=0.000000, relation_emb=3.409216e-01, relation_tau=1.297187e-07, relation_wq=1.350757e-05, relation_wk=5.181781e-06, personal_u=3.547098e-02, personal_v=1.040659e-02
2026-02-12 14:39:58,641 - INFO - [assist_09|assist_09_m3grid_prio_gdiag_0p12_no3|lr=0.0003|drop=0.20] -> New best AUC=0.7512 at epoch 17
2026-02-12 14:40:24,488 - INFO - [assist_09|assist_09_m3grid_prio_gdiag_0p12_no3|lr=0.0003|drop=0.20] Epoch [018/50] | Train: Loss=0.6206, BCE=0.4642, Reg=0.1564, AUC=0.8357, ACC=0.7665, RMSE=0.3922 | Val: Loss=0.7648, BCE=0.5608, Reg=0.2040, AUC=0.7502, ACC=0.7226, RMSE=0.4325
2026-02-12 14:40:24,488 - INFO - [assist_09|assist_09_m3grid_prio_gdiag_0p12_no3|lr=0.0003|drop=0.20] [Reg Terms] Epoch [018] | Train: graph_entropy=0.153421, graph_diag=0.000976, graph_uniform=0.003837, graph_reg_scale=1.0000, mf_l2=0.000003, proto_div=0.000000, proto_usage=0.000000, personal_sparse=0.000587, alpha_var=-0.002429, reg_bce_ratio=0.3369 | Val: graph_entropy=0.200000, graph_diag=0.000976, graph_uniform=0.004000, graph_reg_scale=1.0000, mf_l2=0.000003, proto_div=0.000000, proto_usage=0.000000, personal_sparse=0.000538, alpha_var=-0.001515, reg_bce_ratio=0.3638
2026-02-12 14:40:24,853 - INFO - [assist_09|assist_09_m3grid_prio_gdiag_0p12_no3|lr=0.0003|drop=0.20] [Diag][M3] Epoch [018] | residual_abs_mean=0.0000, residual_std=0.0000, mf_abs_mean=0.0000, mf_std=0.0000, gate_mean=0.0000, gate_std=0.0000, irt_abs_mean=1.8578, irt_std=1.1322, delta_abs_mean=0.0000, delta_std=0.0000, delta_over_irt=0.0000, graph_row_entropy=4.8122, graph_entropy_ratio=1.0000, alpha_mean=0.2778, alpha_std=0.4334, personal_row_entropy=0.1388
2026-02-12 14:40:24,853 - INFO - [assist_09|assist_09_m3grid_prio_gdiag_0p12_no3|lr=0.0003|drop=0.20] [Diag][Graph] Epoch [018] | entropy_ratio=1.0000, diag_mass=0.0081, to_uniform_l2=0.000000, to_identity_l2=0.089800, tau_mean=0.6932, tau_std=0.0000, graph_reg_scale(train/val)=1.0000/1.0000
2026-02-12 14:40:24,854 - WARNING - [assist_09|assist_09_m3grid_prio_gdiag_0p12_no3|lr=0.0003|drop=0.20] [Diag Warning][Graph] graph entropy ratio has stayed too high for 18 epoch(s): entropy_ratio=1.0000, to_uniform_l2=0.000000
2026-02-12 14:40:24,854 - INFO - [assist_09|assist_09_m3grid_prio_gdiag_0p12_no3|lr=0.0003|drop=0.20] [Grad Norms] Epoch [018] | mf_u_proj=0.000000, mf_v_proj=0.000000, fusion_gate=0.000000, q_gate_raw=0.000000, skill_latent=0.000000, relation_emb=3.063489e-01, relation_tau=3.155658e-09, relation_wq=3.341110e-06, relation_wk=7.479207e-07, personal_u=1.068748e-02, personal_v=3.683552e-03
2026-02-12 14:40:24,854 - INFO - [assist_09|assist_09_m3grid_prio_gdiag_0p12_no3|lr=0.0003|drop=0.20] -> No improvement 1 epoch(s) (best AUC=0.7512 @ 17)
2026-02-12 14:40:50,813 - INFO - [assist_09|assist_09_m3grid_prio_gdiag_0p12_no3|lr=0.0003|drop=0.20] Epoch [019/50] | Train: Loss=0.6190, BCE=0.4627, Reg=0.1563, AUC=0.8368, ACC=0.7670, RMSE=0.3916 | Val: Loss=0.7663, BCE=0.5623, Reg=0.2040, AUC=0.7506, ACC=0.7233, RMSE=0.4327
2026-02-12 14:40:50,813 - INFO - [assist_09|assist_09_m3grid_prio_gdiag_0p12_no3|lr=0.0003|drop=0.20] [Reg Terms] Epoch [019] | Train: graph_entropy=0.153401, graph_diag=0.000975, graph_uniform=0.003837, graph_reg_scale=1.0000, mf_l2=0.000004, proto_div=0.000000, proto_usage=0.000000, personal_sparse=0.000542, alpha_var=-0.002428, reg_bce_ratio=0.3379 | Val: graph_entropy=0.200000, graph_diag=0.000976, graph_uniform=0.004000, graph_reg_scale=1.0000, mf_l2=0.000004, proto_div=0.000000, proto_usage=0.000000, personal_sparse=0.000504, alpha_var=-0.001509, reg_bce_ratio=0.3627
2026-02-12 14:40:51,023 - INFO - [assist_09|assist_09_m3grid_prio_gdiag_0p12_no3|lr=0.0003|drop=0.20] [Diag][M3] Epoch [019] | residual_abs_mean=0.0000, residual_std=0.0000, mf_abs_mean=0.0000, mf_std=0.0000, gate_mean=0.0000, gate_std=0.0000, irt_abs_mean=1.8853, irt_std=1.1490, delta_abs_mean=0.0000, delta_std=0.0000, delta_over_irt=0.0000, graph_row_entropy=4.8122, graph_entropy_ratio=1.0000, alpha_mean=0.2853, alpha_std=0.4304, personal_row_entropy=0.1513
2026-02-12 14:40:51,024 - INFO - [assist_09|assist_09_m3grid_prio_gdiag_0p12_no3|lr=0.0003|drop=0.20] [Diag][Graph] Epoch [019] | entropy_ratio=1.0000, diag_mass=0.0081, to_uniform_l2=0.000000, to_identity_l2=0.089800, tau_mean=0.6931, tau_std=0.0000, graph_reg_scale(train/val)=1.0000/1.0000
2026-02-12 14:40:51,024 - WARNING - [assist_09|assist_09_m3grid_prio_gdiag_0p12_no3|lr=0.0003|drop=0.20] [Diag Warning][Graph] graph entropy ratio has stayed too high for 19 epoch(s): entropy_ratio=1.0000, to_uniform_l2=0.000000
2026-02-12 14:40:51,024 - INFO - [assist_09|assist_09_m3grid_prio_gdiag_0p12_no3|lr=0.0003|drop=0.20] [Grad Norms] Epoch [019] | mf_u_proj=0.000000, mf_v_proj=0.000000, fusion_gate=0.000000, q_gate_raw=0.000000, skill_latent=0.000000, relation_emb=3.125318e-01, relation_tau=2.966947e-08, relation_wq=3.777367e-06, relation_wk=2.603745e-06, personal_u=4.628529e-02, personal_v=1.871332e-02
2026-02-12 14:40:51,024 - INFO - [assist_09|assist_09_m3grid_prio_gdiag_0p12_no3|lr=0.0003|drop=0.20] -> No improvement 2 epoch(s) (best AUC=0.7512 @ 17)
2026-02-12 14:41:16,987 - INFO - [assist_09|assist_09_m3grid_prio_gdiag_0p12_no3|lr=0.0003|drop=0.20] Epoch [020/50] | Train: Loss=0.6179, BCE=0.4616, Reg=0.1563, AUC=0.8376, ACC=0.7675, RMSE=0.3911 | Val: Loss=0.7661, BCE=0.5621, Reg=0.2039, AUC=0.7498, ACC=0.7219, RMSE=0.4328
2026-02-12 14:41:16,987 - INFO - [assist_09|assist_09_m3grid_prio_gdiag_0p12_no3|lr=0.0003|drop=0.20] [Reg Terms] Epoch [020] | Train: graph_entropy=0.153408, graph_diag=0.000975, graph_uniform=0.003837, graph_reg_scale=1.0000, mf_l2=0.000004, proto_div=0.000000, proto_usage=0.000000, personal_sparse=0.000510, alpha_var=-0.002423, reg_bce_ratio=0.3386 | Val: graph_entropy=0.200000, graph_diag=0.000976, graph_uniform=0.004000, graph_reg_scale=1.0000, mf_l2=0.000004, proto_div=0.000000, proto_usage=0.000000, personal_sparse=0.000477, alpha_var=-0.001510, reg_bce_ratio=0.3628
2026-02-12 14:41:17,197 - INFO - [assist_09|assist_09_m3grid_prio_gdiag_0p12_no3|lr=0.0003|drop=0.20] [Diag][M3] Epoch [020] | residual_abs_mean=0.0000, residual_std=0.0000, mf_abs_mean=0.0000, mf_std=0.0000, gate_mean=0.0000, gate_std=0.0000, irt_abs_mean=1.8467, irt_std=1.1395, delta_abs_mean=0.0000, delta_std=0.0000, delta_over_irt=0.0000, graph_row_entropy=4.8122, graph_entropy_ratio=1.0000, alpha_mean=0.2889, alpha_std=0.4288, personal_row_entropy=0.1300
2026-02-12 14:41:17,198 - INFO - [assist_09|assist_09_m3grid_prio_gdiag_0p12_no3|lr=0.0003|drop=0.20] [Diag][Graph] Epoch [020] | entropy_ratio=1.0000, diag_mass=0.0081, to_uniform_l2=0.000000, to_identity_l2=0.089800, tau_mean=0.6930, tau_std=0.0001, graph_reg_scale(train/val)=1.0000/1.0000
2026-02-12 14:41:17,198 - WARNING - [assist_09|assist_09_m3grid_prio_gdiag_0p12_no3|lr=0.0003|drop=0.20] [Diag Warning][Graph] graph entropy ratio has stayed too high for 20 epoch(s): entropy_ratio=1.0000, to_uniform_l2=0.000000
2026-02-12 14:41:17,198 - INFO - [assist_09|assist_09_m3grid_prio_gdiag_0p12_no3|lr=0.0003|drop=0.20] [Grad Norms] Epoch [020] | mf_u_proj=0.000000, mf_v_proj=0.000000, fusion_gate=0.000000, q_gate_raw=0.000000, skill_latent=0.000000, relation_emb=2.929721e-01, relation_tau=2.423698e-08, relation_wq=7.586542e-06, relation_wk=2.452309e-06, personal_u=1.555057e-02, personal_v=6.708428e-03
2026-02-12 14:41:17,198 - INFO - [assist_09|assist_09_m3grid_prio_gdiag_0p12_no3|lr=0.0003|drop=0.20] -> No improvement 3 epoch(s) (best AUC=0.7512 @ 17)
2026-02-12 14:41:17,198 - INFO - [assist_09|assist_09_m3grid_prio_gdiag_0p12_no3|lr=0.0003|drop=0.20] Early stopping at epoch 20 (best AUC=0.7512 @ 17)
2026-02-12 14:41:17,204 - INFO - Epoch-wise metrics saved to checkpoints/assist_09_m3grid/seed42/prio_gdiag_0p12_no3/metrics_history.csv
2026-02-12 14:41:17,206 - INFO - [assist_09|assist_09_m3grid_prio_gdiag_0p12_no3|lr=0.0003|drop=0.20] Training completed! Best Val AUC=0.7512 @ epoch 17
2026-02-12 14:41:17,414 - INFO - 
============================================================
         MODULE ACTIVITY REPORT
============================================================
Dataset: assist_09 | Seed: 42 | Epoch: 20

1. Soft Prototype Module:
   - Status: DISABLED (num_prototypes=0 or use_soft_prototype=False)

2. Concept Graph Module:
   - Mean row entropy: 4.812 / 4.812
   - Entropy ratio: 100.0%
   - Status: ✗ TRIVIAL (uniform distribution, not learning)
   → Consider: increase lambda_sparse or training longer

3. Personal Graph Module:
   - Gate alpha mean: 0.280
   - Gate alpha std: 0.440
   - Status: ✓ ACTIVE (using personalization)

4. Skill/MF Module:
   - MF logit |mean|: 0.0000
   - MF logit std: 0.0000
   - Fusion gate mean: 0.000
   - Status: ✗ INACTIVE (near-zero contribution)
   → Consider: check skill_dim or learning_rate

------------------------------------------------------------
SUMMARY:
   Active modules: Personal Graph
   ⚠ Inactive modules: Concept Graph, Skill/MF
============================================================
2026-02-12 14:41:17,415 - INFO - [assist_09|assist_09_m3grid_prio_gdiag_0p12_no3|lr=0.0003|drop=0.20] Module activity saved to checkpoints/assist_09_m3grid/seed42/prio_gdiag_0p12_no3/module_activity.json
2026-02-12 14:41:17,476 - INFO - Using device: cuda:0
2026-02-12 14:41:17,476 - INFO - Loading model from checkpoints/assist_09_m3grid/seed42/prio_gdiag_0p12_no3/best_model.pth...
2026-02-12 14:41:17,988 - INFO - Inference switches: ablate_module1=False, ablate_module2=False, ablate_module3=True | enable_module1=True, enable_module2=True, enable_module3=False | use_soft_prototype=False, use_mf_branch=False, use_concept_graph=True, use_q_aligned_residual=True, use_soft_prototype_main_path=False | effective(num_gnn_layers=1, num_prototypes=0)
2026-02-12 14:41:17,998 - INFO - [Inference] Ablation runtime check: args(ablate_module1=False,ablate_module2=False,ablate_module3=True) | model(enable_module1=True,enable_module2=True,enable_module3=False) | physical(has_knowledge_encoder=True,has_mf_branch=False,has_soft_prototype=False)
2026-02-12 14:41:17,998 - INFO - [Inference] [Module3 Init] fusion_gate_bias=0.0000, fusion_gate_max=0.0000, implied_gate=0.0000, q_gate=0.0000, mf_scale=0.0000, bias_scale=0.0000, graph_tau_mean=1.3133, graph_tau_std=0.0000, graph_dropout=0.200
2026-02-12 14:41:17,999 - INFO - Model loaded from epoch 17. Start testing...
2026-02-12 14:41:18,864 - INFO - [Test] 200/411 batches done, samples=25600
2026-02-12 14:41:19,565 - INFO - [Test] 400/411 batches done, samples=51200
2026-02-12 14:41:19,668 - INFO - 
==================================================
2026-02-12 14:41:19,668 - INFO - Test Results:
2026-02-12 14:41:19,668 - INFO - AUC: 0.7565
2026-02-12 14:41:19,668 - INFO - ACC: 0.7288
2026-02-12 14:41:19,668 - INFO - RMSE: 0.4286
2026-02-12 14:41:19,668 - INFO - ==================================================
2026-02-12 14:41:19,692 - INFO - Summary appended to /home/zsh/ConceptSkillCDM/results/experiment_results.csv
2026-02-12 14:41:19,697 - INFO - Run completed.
2026-02-12 14:41:19,697 - INFO - Best validation AUC: 0.7512 at epoch 17
2026-02-12 14:41:19,698 - INFO - Test metrics - AUC: 0.7565, ACC: 0.7288, RMSE: 0.4286
