2026-03-13 13:26:50,512 - INFO - Arguments:
2026-03-13 13:26:50,513 - INFO -   ablate_concept_graph: False
2026-03-13 13:26:50,513 - INFO -   ablate_module1: False
2026-03-13 13:26:50,513 - INFO -   ablate_module2: False
2026-03-13 13:26:50,513 - INFO -   ablate_module3: False
2026-03-13 13:26:50,513 - INFO -   ablate_skill_encoder: False
2026-03-13 13:26:50,513 - INFO -   ablate_soft_prototype: False
2026-03-13 13:26:50,513 - INFO -   allow_self_loop: True
2026-03-13 13:26:50,513 - INFO -   alpha_min_target: 0.0
2026-03-13 13:26:50,513 - INFO -   batch_size: 256
2026-03-13 13:26:50,513 - INFO -   data_dir: ./data/junyi
2026-03-13 13:26:50,513 - INFO -   dataset_name: junyi
2026-03-13 13:26:50,513 - INFO -   debug_module3_diag: True
2026-03-13 13:26:50,513 - INFO -   delta_ratio_target: 0.15
2026-03-13 13:26:50,513 - INFO -   diag_batches: 1
2026-03-13 13:26:50,513 - INFO -   disable_q_aligned_residual: False
2026-03-13 13:26:50,513 - INFO -   disable_q_conditioning: False
2026-03-13 13:26:50,513 - INFO -   disable_self_loop: False
2026-03-13 13:26:50,513 - INFO -   disable_soft_prototype: False
2026-03-13 13:26:50,513 - INFO -   dropout: 0.4
2026-03-13 13:26:50,513 - INFO -   early_stop_patience: 3
2026-03-13 13:26:50,513 - INFO -   enable_module1: True
2026-03-13 13:26:50,513 - INFO -   enable_module2: True
2026-03-13 13:26:50,513 - INFO -   enable_module3: True
2026-03-13 13:26:50,513 - INFO -   enable_soft_prototype: True
2026-03-13 13:26:50,513 - INFO -   epochs: 100
2026-03-13 13:26:50,514 - INFO -   exercise_dim: 128
2026-03-13 13:26:50,514 - INFO -   exercise_l2_lambda: 1e-05
2026-03-13 13:26:50,514 - INFO -   fusion_gate_bias_init: -1.4
2026-03-13 13:26:50,514 - INFO -   fusion_gate_max: 0.85
2026-03-13 13:26:50,514 - INFO -   generate_diagnosis: False
2026-03-13 13:26:50,514 - INFO -   gnn_residual_weight: 0.5
2026-03-13 13:26:50,514 - INFO -   gpu_candidates: None
2026-03-13 13:26:50,514 - INFO -   gpu_ids: None
2026-03-13 13:26:50,514 - INFO -   gpu_memory_threshold: 2000
2026-03-13 13:26:50,514 - INFO -   gpus: None
2026-03-13 13:26:50,514 - INFO -   graph_dropout: 0.0
2026-03-13 13:26:50,514 - INFO -   graph_entropy_max: 0.7
2026-03-13 13:26:50,514 - INFO -   graph_entropy_min: 0.15
2026-03-13 13:26:50,514 - INFO -   graph_reg_cap_ratio: 6.0
2026-03-13 13:26:50,514 - INFO -   graph_reg_warmup_epochs: 0
2026-03-13 13:26:50,514 - INFO -   graph_tau_init: 0.55
2026-03-13 13:26:50,514 - INFO -   graph_topk: 24
2026-03-13 13:26:50,514 - INFO -   graph_uniform_margin: 0.12
2026-03-13 13:26:50,514 - INFO -   knowledge_dim: 128
2026-03-13 13:26:50,514 - INFO -   lambda_alpha: 0.05
2026-03-13 13:26:50,514 - INFO -   lambda_alpha_min: 0.0
2026-03-13 13:26:50,514 - INFO -   lambda_delta_ratio: 0.02
2026-03-13 13:26:50,514 - INFO -   lambda_graph_diag: 0.12
2026-03-13 13:26:50,514 - INFO -   lambda_graph_uniform: 0.06
2026-03-13 13:26:50,514 - INFO -   lambda_proto_div: 0.0005
2026-03-13 13:26:50,514 - INFO -   lambda_proto_usage: 0.0005
2026-03-13 13:26:50,514 - INFO -   lambda_sparse: 0.6
2026-03-13 13:26:50,514 - INFO -   lambda_sparse_personal: 0.002
2026-03-13 13:26:50,514 - INFO -   learning_rate: 0.003
2026-03-13 13:26:50,514 - INFO -   log_dir: logs/abce_diag/v3_screen_full_20260313_132647/junyi/seed42/b_rescue_full
2026-03-13 13:26:50,514 - INFO -   mf_warmup_epochs: 5
2026-03-13 13:26:50,515 - INFO -   min_exer_interactions: 0
2026-03-13 13:26:50,515 - INFO -   min_poison_count: 0
2026-03-13 13:26:50,515 - INFO -   min_stu_interactions: 15
2026-03-13 13:26:50,515 - INFO -   model_variant: junyi_abce_b_rescue_full
2026-03-13 13:26:50,515 - INFO -   multi_gpu: False
2026-03-13 13:26:50,515 - INFO -   no_cuda: False
2026-03-13 13:26:50,515 - INFO -   num_gnn_layers: 2
2026-03-13 13:26:50,515 - INFO -   num_gpus: 1
2026-03-13 13:26:50,515 - INFO -   num_prototypes: 4
2026-03-13 13:26:50,515 - INFO -   num_relation_heads: 2
2026-03-13 13:26:50,515 - INFO -   num_workers: 4
2026-03-13 13:26:50,515 - INFO -   patience: 1
2026-03-13 13:26:50,515 - INFO -   personal_delta_scale: 1.0
2026-03-13 13:26:50,515 - INFO -   personal_max_alpha: 0.35
2026-03-13 13:26:50,515 - INFO -   personal_rank: 4
2026-03-13 13:26:50,515 - INFO -   personal_warmup_epochs: 0
2026-03-13 13:26:50,515 - INFO -   proto_conf_threshold: 0.0
2026-03-13 13:26:50,515 - INFO -   proto_gate_scale: 1.0
2026-03-13 13:26:50,515 - INFO -   proto_lambda: 0.1
2026-03-13 13:26:50,515 - INFO -   proto_tau: 1.0
2026-03-13 13:26:50,515 - INFO -   proto_warmup_epochs: 0
2026-03-13 13:26:50,515 - INFO -   residual_clip_t: 2.0
2026-03-13 13:26:50,515 - INFO -   residual_scale_init: 0.18
2026-03-13 13:26:50,515 - INFO -   save_dir: checkpoints/abce_diag/v3_screen_full_20260313_132647/junyi/seed42/b_rescue_full
2026-03-13 13:26:50,515 - INFO -   save_interval: 10
2026-03-13 13:26:50,515 - INFO -   seed: 42
2026-03-13 13:26:50,515 - INFO -   skill_dim: 64
2026-03-13 13:26:50,515 - INFO -   use_concept_graph: True
2026-03-13 13:26:50,515 - INFO -   use_exercise_graph: True
2026-03-13 13:26:50,515 - INFO -   use_mf_branch: True
2026-03-13 13:26:50,515 - INFO -   use_personal_graph: True
2026-03-13 13:26:50,516 - INFO -   use_q_aligned_residual: True
2026-03-13 13:26:50,516 - INFO -   use_q_conditioning: True
2026-03-13 13:26:50,516 - INFO -   use_skill_encoder: True
2026-03-13 13:26:50,516 - INFO -   use_soft_prototype: True
2026-03-13 13:26:50,516 - INFO -   use_soft_prototype_main_path: True
2026-03-13 13:26:50,516 - INFO -   weight_decay: 0.001
2026-03-13 13:26:50,605 - INFO - Using device: cuda:0 (physical gpu 3)
2026-03-13 13:26:50,605 - INFO - [junyi|junyi_abce_b_rescue_full|lr=0.003|drop=0.40] Loading datasets...
2026-03-13 13:26:50,605 - INFO - [junyi|junyi_abce_b_rescue_full|lr=0.003|drop=0.40] Regularization: graph_entropy(lambda_sparse)=0.600000, graph_diag=0.120000, graph_uniform=0.060000, proto_div=0.000500, proto_usage=0.000500, personal_sparse=0.002000, alpha_penalty=0.050000, alpha_min=0.000000, delta_ratio=0.020000, mf_l2(exercise_l2_lambda)=0.000010
2026-03-13 13:26:50,606 - INFO - [junyi|junyi_abce_b_rescue_full|lr=0.003|drop=0.40] Graph controls: entropy_band=[0.15, 0.70], uniform_margin=0.12, warmup_epochs=0, cap_ratio=6.00, graph_dropout=0.000, graph_tau_init=0.550
2026-03-13 13:26:50,606 - INFO - [junyi|junyi_abce_b_rescue_full|lr=0.003|drop=0.40] Rescue controls: mf_warmup_epochs=5, delta_ratio_target=0.1500, proto_conf_threshold=0.000, proto_gate_scale=1.000, proto_warmup_epochs=0, personal_max_alpha=0.350, personal_delta_scale=1.000, personal_warmup_epochs=0, alpha_min_target=0.0000
2026-03-13 13:26:50,731 - INFO - [数据清洗] 学生交互次数 < 15 次的学生：共移除 0 个学生（仅统计用户数）
2026-03-13 13:26:50,754 - INFO - [数据清洗] 学生冷启动过滤：在 train/valid/test 中共删除 0 条记录。
2026-03-13 13:26:50,754 - INFO - [数据清洗] 跳过题目冷门过滤（min_exer_interactions <= 0）。
2026-03-13 13:26:50,754 - INFO - [数据清洗] 跳过毒题清洗（min_poison_count <= 0）。
2026-03-13 13:26:59,559 - INFO - [junyi|junyi_abce_b_rescue_full|lr=0.003|drop=0.40] Train samples: 262473, Val samples: 24299
2026-03-13 13:26:59,560 - INFO - [junyi|junyi_abce_b_rescue_full|lr=0.003|drop=0.40] Number of students: 10000
2026-03-13 13:26:59,560 - INFO - [junyi|junyi_abce_b_rescue_full|lr=0.003|drop=0.40] Number of exercises: 706
2026-03-13 13:26:59,560 - INFO - [junyi|junyi_abce_b_rescue_full|lr=0.003|drop=0.40] Number of concepts: 706
2026-03-13 13:26:59,560 - INFO - [junyi|junyi_abce_b_rescue_full|lr=0.003|drop=0.40] Creating model...
2026-03-13 13:26:59,560 - INFO - [junyi|junyi_abce_b_rescue_full|lr=0.003|drop=0.40] Ablation switches: ablate_module1=False, ablate_module2=False, ablate_module3=False | enable_module1=True, enable_module2=True, enable_module3=True | use_soft_prototype=True, use_mf_branch=True, use_concept_graph=True, use_q_aligned_residual=True, use_soft_prototype_main_path=True | effective(num_gnn_layers=2, num_prototypes=4)
2026-03-13 13:26:59,711 - INFO - [junyi|junyi_abce_b_rescue_full|lr=0.003|drop=0.40] Ablation runtime check: args(ablate_module1=False,ablate_module2=False,ablate_module3=False) | model(enable_module1=True,enable_module2=True,enable_module3=True) | physical(has_knowledge_encoder=True,has_mf_branch=True,has_soft_prototype=True)
2026-03-13 13:26:59,711 - INFO - [junyi|junyi_abce_b_rescue_full|lr=0.003|drop=0.40] Debug diagnostics enabled: diag_batches=1
2026-03-13 13:26:59,732 - INFO - [junyi|junyi_abce_b_rescue_full|lr=0.003|drop=0.40] [Module3 Init] fusion_gate_bias=-1.4000, fusion_gate_max=0.8500, implied_gate=0.1681, q_gate=0.5000, mf_scale=0.2000, bias_scale=0.2000, graph_tau_mean=1.0055, graph_tau_std=0.0000, graph_dropout=0.000
2026-03-13 13:26:59,732 - INFO - [junyi|junyi_abce_b_rescue_full|lr=0.003|drop=0.40] Total parameters: 4,741,883
2026-03-13 13:26:59,732 - INFO - [junyi|junyi_abce_b_rescue_full|lr=0.003|drop=0.40] Trainable parameters: 4,741,883
2026-03-13 13:27:00,461 - INFO - [junyi|junyi_abce_b_rescue_full|lr=0.003|drop=0.40] Starting training...
2026-03-13 13:30:10,399 - INFO - [junyi|junyi_abce_b_rescue_full|lr=0.003|drop=0.40] Epoch [001/100] | Train: Loss=0.5374, BCE=0.5209, Reg=0.0166, AUC=0.7871, ACC=0.7430, RMSE=0.4166 | Val: Loss=0.5278, BCE=0.5133, Reg=0.0144, AUC=0.7947, ACC=0.7528, RMSE=0.4114
2026-03-13 13:30:10,400 - INFO - [junyi|junyi_abce_b_rescue_full|lr=0.003|drop=0.40] [Reg Terms] Epoch [001] | Train: graph_entropy=0.000000, graph_diag=0.002195, graph_uniform=0.006746, graph_reg_scale=1.0000, mf_l2=0.000000, delta_ratio=0.000000, proto_div=0.000007, proto_usage=0.000003, personal_sparse=0.007636, alpha_var=-0.000000, alpha_collapse=0.000000, reg_bce_ratio=0.0318 | Val: graph_entropy=0.000000, graph_diag=0.000000, graph_uniform=0.006747, graph_reg_scale=1.0000, mf_l2=0.000000, delta_ratio=0.000000, proto_div=0.000003, proto_usage=0.000000, personal_sparse=0.007667, alpha_var=-0.000000, alpha_collapse=0.000000, reg_bce_ratio=0.0281
2026-03-13 13:30:11,662 - INFO - [junyi|junyi_abce_b_rescue_full|lr=0.003|drop=0.40] [Diag][M3] Epoch [001] | residual_abs_mean=0.0500, residual_std=0.0273, mf_abs_mean=0.0500, mf_std=0.0273, gate_mean=0.4452, gate_std=0.0221, irt_abs_mean=1.6618, irt_std=1.0481, delta_abs_mean=0.0223, delta_std=0.0123, delta_over_irt=0.0134, proto_conf_mean=0.0021, proto_gate_mean=0.0002, warmup(mf/proto/personal)=0.20/1.00/1.00, graph_row_entropy=3.1781, graph_entropy_ratio=0.4845, alpha_mean=0.1751, alpha_std=0.0000, personal_row_entropy=3.8336
2026-03-13 13:30:11,662 - INFO - [junyi|junyi_abce_b_rescue_full|lr=0.003|drop=0.40] [Diag][Graph] Epoch [001] | entropy_ratio=0.4845, diag_mass=0.0000, to_uniform_l2=0.007551, to_identity_l2=0.038412, tau_mean=0.6931, tau_std=0.0000, graph_reg_scale(train/val)=1.0000/1.0000
2026-03-13 13:30:11,662 - INFO - [junyi|junyi_abce_b_rescue_full|lr=0.003|drop=0.40] [Grad Norms] Epoch [001] | mf_u_proj=0.010214, mf_v_proj=0.009162, fusion_gate=0.000407, q_gate_raw=0.000064, skill_latent=1.036807, relation_emb=0.000000e+00, relation_tau=8.947295e-16, relation_wq=0.000000e+00, relation_wk=0.000000e+00, personal_u=6.790437e-16, personal_v=4.698700e-15
2026-03-13 13:30:11,842 - INFO - [junyi|junyi_abce_b_rescue_full|lr=0.003|drop=0.40] -> New best AUC=0.7947 at epoch 1
2026-03-13 13:33:20,904 - INFO - [junyi|junyi_abce_b_rescue_full|lr=0.003|drop=0.40] Epoch [002/100] | Train: Loss=0.5278, BCE=0.5133, Reg=0.0144, AUC=0.7945, ACC=0.7491, RMSE=0.4129 | Val: Loss=0.5214, BCE=0.5069, Reg=0.0145, AUC=0.7998, ACC=0.7585, RMSE=0.4086
2026-03-13 13:33:20,905 - INFO - [junyi|junyi_abce_b_rescue_full|lr=0.003|drop=0.40] [Reg Terms] Epoch [002] | Train: graph_entropy=0.000000, graph_diag=0.000000, graph_uniform=0.006747, graph_reg_scale=1.0000, mf_l2=0.000000, delta_ratio=0.000000, proto_div=0.000015, proto_usage=0.000004, personal_sparse=0.007681, alpha_var=-0.000000, alpha_collapse=0.000000, reg_bce_ratio=0.0281 | Val: graph_entropy=0.000000, graph_diag=0.000000, graph_uniform=0.006747, graph_reg_scale=1.0000, mf_l2=0.000000, delta_ratio=0.000000, proto_div=0.000013, proto_usage=0.000004, personal_sparse=0.007697, alpha_var=-0.000000, alpha_collapse=0.000000, reg_bce_ratio=0.0285
2026-03-13 13:33:22,085 - INFO - [junyi|junyi_abce_b_rescue_full|lr=0.003|drop=0.40] [Diag][M3] Epoch [002] | residual_abs_mean=0.1152, residual_std=0.0429, mf_abs_mean=0.1152, mf_std=0.0429, gate_mean=0.3044, gate_std=0.0544, irt_abs_mean=1.6212, irt_std=1.0086, delta_abs_mean=0.0348, delta_std=0.0146, delta_over_irt=0.0215, proto_conf_mean=0.0510, proto_gate_mean=0.0051, warmup(mf/proto/personal)=0.40/1.00/1.00, graph_row_entropy=3.1781, graph_entropy_ratio=0.4845, alpha_mean=0.1750, alpha_std=0.0000, personal_row_entropy=3.8485
2026-03-13 13:33:22,086 - INFO - [junyi|junyi_abce_b_rescue_full|lr=0.003|drop=0.40] [Diag][Graph] Epoch [002] | entropy_ratio=0.4845, diag_mass=0.0000, to_uniform_l2=0.007551, to_identity_l2=0.038412, tau_mean=0.6931, tau_std=0.0000, graph_reg_scale(train/val)=1.0000/1.0000
2026-03-13 13:33:22,086 - WARNING - [junyi|junyi_abce_b_rescue_full|lr=0.003|drop=0.40] [Diag Warning][Graph] graph-related grad norms are near zero for 2 epoch(s): relation_emb=8.563802e-17, relation_tau=2.360205e-12, relation_wq=7.764178e-17, relation_wk=1.710604e-16, personal_u=6.802031e-13, personal_v=7.908914e-13
2026-03-13 13:33:22,086 - INFO - [junyi|junyi_abce_b_rescue_full|lr=0.003|drop=0.40] [Grad Norms] Epoch [002] | mf_u_proj=0.005520, mf_v_proj=0.011326, fusion_gate=0.001066, q_gate_raw=0.000042, skill_latent=0.042722, relation_emb=8.563802e-17, relation_tau=2.360205e-12, relation_wq=7.764178e-17, relation_wk=1.710604e-16, personal_u=6.802031e-13, personal_v=7.908914e-13
2026-03-13 13:33:22,643 - INFO - [junyi|junyi_abce_b_rescue_full|lr=0.003|drop=0.40] -> New best AUC=0.7998 at epoch 2
2026-03-13 13:36:31,687 - INFO - [junyi|junyi_abce_b_rescue_full|lr=0.003|drop=0.40] Epoch [003/100] | Train: Loss=0.5245, BCE=0.5100, Reg=0.0145, AUC=0.7976, ACC=0.7516, RMSE=0.4113 | Val: Loss=0.5172, BCE=0.5028, Reg=0.0145, AUC=0.8030, ACC=0.7615, RMSE=0.4066
2026-03-13 13:36:31,687 - INFO - [junyi|junyi_abce_b_rescue_full|lr=0.003|drop=0.40] [Reg Terms] Epoch [003] | Train: graph_entropy=0.000000, graph_diag=0.000000, graph_uniform=0.006747, graph_reg_scale=1.0000, mf_l2=0.000000, delta_ratio=0.000000, proto_div=0.000015, proto_usage=0.000004, personal_sparse=0.007695, alpha_var=-0.000000, alpha_collapse=0.000000, reg_bce_ratio=0.0284 | Val: graph_entropy=0.000000, graph_diag=0.000000, graph_uniform=0.006747, graph_reg_scale=1.0000, mf_l2=0.000000, delta_ratio=0.000000, proto_div=0.000019, proto_usage=0.000000, personal_sparse=0.007699, alpha_var=-0.000000, alpha_collapse=0.000000, reg_bce_ratio=0.0288
2026-03-13 13:36:32,725 - INFO - [junyi|junyi_abce_b_rescue_full|lr=0.003|drop=0.40] [Diag][M3] Epoch [003] | residual_abs_mean=0.1147, residual_std=0.0665, mf_abs_mean=0.1147, mf_std=0.0665, gate_mean=0.2709, gate_std=0.0721, irt_abs_mean=1.6240, irt_std=1.0661, delta_abs_mean=0.0310, delta_std=0.0202, delta_over_irt=0.0191, proto_conf_mean=0.0075, proto_gate_mean=0.0007, warmup(mf/proto/personal)=0.60/1.00/1.00, graph_row_entropy=3.1781, graph_entropy_ratio=0.4845, alpha_mean=0.1751, alpha_std=0.0000, personal_row_entropy=3.8497
2026-03-13 13:36:32,725 - INFO - [junyi|junyi_abce_b_rescue_full|lr=0.003|drop=0.40] [Diag][Graph] Epoch [003] | entropy_ratio=0.4845, diag_mass=0.0000, to_uniform_l2=0.007551, to_identity_l2=0.038412, tau_mean=0.6931, tau_std=0.0000, graph_reg_scale(train/val)=1.0000/1.0000
2026-03-13 13:36:32,725 - WARNING - [junyi|junyi_abce_b_rescue_full|lr=0.003|drop=0.40] [Diag Warning] alpha_std has been near zero for 3 epoch(s) (alpha_std=0.000000, personal_row_entropy=3.8497). This indicates personal-graph mixing may be collapsed/trivial.
2026-03-13 13:36:32,725 - WARNING - [junyi|junyi_abce_b_rescue_full|lr=0.003|drop=0.40] [Diag Warning][Graph] graph-related grad norms are near zero for 3 epoch(s): relation_emb=2.362576e-15, relation_tau=2.131044e-12, relation_wq=1.087021e-15, relation_wk=1.240442e-15, personal_u=1.185429e-12, personal_v=3.576367e-13
2026-03-13 13:36:32,726 - INFO - [junyi|junyi_abce_b_rescue_full|lr=0.003|drop=0.40] [Grad Norms] Epoch [003] | mf_u_proj=0.011692, mf_v_proj=0.014568, fusion_gate=0.004575, q_gate_raw=0.000109, skill_latent=0.532517, relation_emb=2.362576e-15, relation_tau=2.131044e-12, relation_wq=1.087021e-15, relation_wk=1.240442e-15, personal_u=1.185429e-12, personal_v=3.576367e-13
2026-03-13 13:36:33,316 - INFO - [junyi|junyi_abce_b_rescue_full|lr=0.003|drop=0.40] -> New best AUC=0.8030 at epoch 3
2026-03-13 13:39:42,414 - INFO - [junyi|junyi_abce_b_rescue_full|lr=0.003|drop=0.40] Epoch [004/100] | Train: Loss=0.5223, BCE=0.5079, Reg=0.0145, AUC=0.7994, ACC=0.7528, RMSE=0.4103 | Val: Loss=0.5198, BCE=0.5053, Reg=0.0145, AUC=0.8020, ACC=0.7623, RMSE=0.4065
2026-03-13 13:39:42,415 - INFO - [junyi|junyi_abce_b_rescue_full|lr=0.003|drop=0.40] [Reg Terms] Epoch [004] | Train: graph_entropy=0.000000, graph_diag=0.000000, graph_uniform=0.006747, graph_reg_scale=1.0000, mf_l2=0.000000, delta_ratio=0.000000, proto_div=0.000014, proto_usage=0.000004, personal_sparse=0.007696, alpha_var=-0.000000, alpha_collapse=0.000000, reg_bce_ratio=0.0285 | Val: graph_entropy=0.000000, graph_diag=0.000000, graph_uniform=0.006747, graph_reg_scale=1.0000, mf_l2=0.000000, delta_ratio=0.000000, proto_div=0.000009, proto_usage=0.000002, personal_sparse=0.007698, alpha_var=-0.000000, alpha_collapse=0.000000, reg_bce_ratio=0.0286
2026-03-13 13:39:43,621 - INFO - [junyi|junyi_abce_b_rescue_full|lr=0.003|drop=0.40] [Diag][M3] Epoch [004] | residual_abs_mean=0.1618, residual_std=0.0854, mf_abs_mean=0.1618, mf_std=0.0854, gate_mean=0.2048, gate_std=0.0840, irt_abs_mean=1.7316, irt_std=1.0980, delta_abs_mean=0.0333, delta_std=0.0239, delta_over_irt=0.0192, proto_conf_mean=0.0225, proto_gate_mean=0.0023, warmup(mf/proto/personal)=0.80/1.00/1.00, graph_row_entropy=3.1781, graph_entropy_ratio=0.4845, alpha_mean=0.1752, alpha_std=0.0000, personal_row_entropy=3.8488
2026-03-13 13:39:43,621 - INFO - [junyi|junyi_abce_b_rescue_full|lr=0.003|drop=0.40] [Diag][Graph] Epoch [004] | entropy_ratio=0.4845, diag_mass=0.0000, to_uniform_l2=0.007551, to_identity_l2=0.038412, tau_mean=0.6931, tau_std=0.0000, graph_reg_scale(train/val)=1.0000/1.0000
2026-03-13 13:39:43,621 - WARNING - [junyi|junyi_abce_b_rescue_full|lr=0.003|drop=0.40] [Diag Warning] alpha_std has been near zero for 4 epoch(s) (alpha_std=0.000000, personal_row_entropy=3.8488). This indicates personal-graph mixing may be collapsed/trivial.
2026-03-13 13:39:43,621 - WARNING - [junyi|junyi_abce_b_rescue_full|lr=0.003|drop=0.40] [Diag Warning][Graph] graph-related grad norms are near zero for 4 epoch(s): relation_emb=1.097817e-14, relation_tau=1.271419e-12, relation_wq=5.573863e-15, relation_wk=7.413893e-15, personal_u=8.350748e-13, personal_v=1.870504e-13
2026-03-13 13:39:43,621 - INFO - [junyi|junyi_abce_b_rescue_full|lr=0.003|drop=0.40] [Grad Norms] Epoch [004] | mf_u_proj=0.012974, mf_v_proj=0.021204, fusion_gate=0.000726, q_gate_raw=0.000111, skill_latent=0.151904, relation_emb=1.097817e-14, relation_tau=1.271419e-12, relation_wq=5.573863e-15, relation_wk=7.413893e-15, personal_u=8.350748e-13, personal_v=1.870504e-13
2026-03-13 13:39:43,621 - INFO - [junyi|junyi_abce_b_rescue_full|lr=0.003|drop=0.40] -> No improvement 1 epoch(s) (best AUC=0.8030 @ 3)
2026-03-13 13:42:52,519 - INFO - [junyi|junyi_abce_b_rescue_full|lr=0.003|drop=0.40] Epoch [005/100] | Train: Loss=0.5209, BCE=0.5064, Reg=0.0145, AUC=0.8008, ACC=0.7543, RMSE=0.4095 | Val: Loss=0.5157, BCE=0.5013, Reg=0.0145, AUC=0.8043, ACC=0.7641, RMSE=0.4053
2026-03-13 13:42:52,519 - INFO - [junyi|junyi_abce_b_rescue_full|lr=0.003|drop=0.40] [Reg Terms] Epoch [005] | Train: graph_entropy=0.000000, graph_diag=0.000002, graph_uniform=0.006747, graph_reg_scale=1.0000, mf_l2=0.000000, delta_ratio=0.000000, proto_div=0.000011, proto_usage=0.000002, personal_sparse=0.007696, alpha_var=-0.000000, alpha_collapse=0.000000, reg_bce_ratio=0.0285 | Val: graph_entropy=0.000000, graph_diag=0.000000, graph_uniform=0.006747, graph_reg_scale=1.0000, mf_l2=0.000000, delta_ratio=0.000000, proto_div=0.000007, proto_usage=0.000002, personal_sparse=0.007695, alpha_var=-0.000000, alpha_collapse=0.000000, reg_bce_ratio=0.0288
2026-03-13 13:42:53,776 - INFO - [junyi|junyi_abce_b_rescue_full|lr=0.003|drop=0.40] [Diag][M3] Epoch [005] | residual_abs_mean=0.2025, residual_std=0.1197, mf_abs_mean=0.2025, mf_std=0.1197, gate_mean=0.1650, gate_std=0.0810, irt_abs_mean=1.7060, irt_std=1.0203, delta_abs_mean=0.0338, delta_std=0.0281, delta_over_irt=0.0198, proto_conf_mean=0.0220, proto_gate_mean=0.0022, warmup(mf/proto/personal)=1.00/1.00/1.00, graph_row_entropy=3.1781, graph_entropy_ratio=0.4845, alpha_mean=0.1752, alpha_std=0.0000, personal_row_entropy=3.8477
2026-03-13 13:42:53,777 - INFO - [junyi|junyi_abce_b_rescue_full|lr=0.003|drop=0.40] [Diag][Graph] Epoch [005] | entropy_ratio=0.4845, diag_mass=0.0000, to_uniform_l2=0.007551, to_identity_l2=0.038412, tau_mean=0.6931, tau_std=0.0000, graph_reg_scale(train/val)=1.0000/1.0000
2026-03-13 13:42:53,777 - WARNING - [junyi|junyi_abce_b_rescue_full|lr=0.003|drop=0.40] [Diag Warning] alpha_std has been near zero for 5 epoch(s) (alpha_std=0.000000, personal_row_entropy=3.8477). This indicates personal-graph mixing may be collapsed/trivial.
2026-03-13 13:42:53,777 - WARNING - [junyi|junyi_abce_b_rescue_full|lr=0.003|drop=0.40] [Diag Warning][Graph] graph-related grad norms are near zero for 5 epoch(s): relation_emb=1.259564e-14, relation_tau=6.931965e-12, relation_wq=6.556121e-15, relation_wk=5.498227e-15, personal_u=1.695753e-12, personal_v=1.080838e-12
2026-03-13 13:42:53,777 - INFO - [junyi|junyi_abce_b_rescue_full|lr=0.003|drop=0.40] [Grad Norms] Epoch [005] | mf_u_proj=0.012859, mf_v_proj=0.014934, fusion_gate=0.001127, q_gate_raw=0.000076, skill_latent=0.154620, relation_emb=1.259564e-14, relation_tau=6.931965e-12, relation_wq=6.556121e-15, relation_wk=5.498227e-15, personal_u=1.695753e-12, personal_v=1.080838e-12
2026-03-13 13:42:54,842 - INFO - [junyi|junyi_abce_b_rescue_full|lr=0.003|drop=0.40] -> New best AUC=0.8043 at epoch 5
2026-03-13 13:46:03,967 - INFO - [junyi|junyi_abce_b_rescue_full|lr=0.003|drop=0.40] Epoch [006/100] | Train: Loss=0.5197, BCE=0.5053, Reg=0.0145, AUC=0.8022, ACC=0.7553, RMSE=0.4089 | Val: Loss=0.5135, BCE=0.4991, Reg=0.0145, AUC=0.8073, ACC=0.7602, RMSE=0.4058
2026-03-13 13:46:03,967 - INFO - [junyi|junyi_abce_b_rescue_full|lr=0.003|drop=0.40] [Reg Terms] Epoch [006] | Train: graph_entropy=0.000000, graph_diag=0.000000, graph_uniform=0.006747, graph_reg_scale=1.0000, mf_l2=0.000000, delta_ratio=0.000000, proto_div=0.000015, proto_usage=0.000003, personal_sparse=0.007695, alpha_var=-0.000000, alpha_collapse=0.000000, reg_bce_ratio=0.0286 | Val: graph_entropy=0.000000, graph_diag=0.000000, graph_uniform=0.006747, graph_reg_scale=1.0000, mf_l2=0.000000, delta_ratio=0.000000, proto_div=0.000007, proto_usage=0.000001, personal_sparse=0.007696, alpha_var=-0.000000, alpha_collapse=0.000000, reg_bce_ratio=0.0290
2026-03-13 13:46:04,991 - INFO - [junyi|junyi_abce_b_rescue_full|lr=0.003|drop=0.40] [Diag][M3] Epoch [006] | residual_abs_mean=0.1884, residual_std=0.1210, mf_abs_mean=0.1884, mf_std=0.1210, gate_mean=0.1784, gate_std=0.0757, irt_abs_mean=1.5821, irt_std=0.9306, delta_abs_mean=0.0323, delta_std=0.0256, delta_over_irt=0.0204, proto_conf_mean=0.0196, proto_gate_mean=0.0020, warmup(mf/proto/personal)=1.00/1.00/1.00, graph_row_entropy=3.1781, graph_entropy_ratio=0.4845, alpha_mean=0.1752, alpha_std=0.0000, personal_row_entropy=3.8481
2026-03-13 13:46:04,991 - INFO - [junyi|junyi_abce_b_rescue_full|lr=0.003|drop=0.40] [Diag][Graph] Epoch [006] | entropy_ratio=0.4845, diag_mass=0.0000, to_uniform_l2=0.007551, to_identity_l2=0.038412, tau_mean=0.6931, tau_std=0.0000, graph_reg_scale(train/val)=1.0000/1.0000
2026-03-13 13:46:04,991 - WARNING - [junyi|junyi_abce_b_rescue_full|lr=0.003|drop=0.40] [Diag Warning] alpha_std has been near zero for 6 epoch(s) (alpha_std=0.000000, personal_row_entropy=3.8481). This indicates personal-graph mixing may be collapsed/trivial.
2026-03-13 13:46:04,991 - WARNING - [junyi|junyi_abce_b_rescue_full|lr=0.003|drop=0.40] [Diag Warning][Graph] graph-related grad norms are near zero for 6 epoch(s): relation_emb=2.401311e-14, relation_tau=1.993387e-12, relation_wq=1.345493e-14, relation_wk=1.534241e-14, personal_u=2.783722e-12, personal_v=2.629242e-12
2026-03-13 13:46:04,991 - INFO - [junyi|junyi_abce_b_rescue_full|lr=0.003|drop=0.40] [Grad Norms] Epoch [006] | mf_u_proj=0.012574, mf_v_proj=0.016175, fusion_gate=0.006911, q_gate_raw=0.000085, skill_latent=0.179125, relation_emb=2.401311e-14, relation_tau=1.993387e-12, relation_wq=1.345493e-14, relation_wk=1.534241e-14, personal_u=2.783722e-12, personal_v=2.629242e-12
2026-03-13 13:46:05,687 - INFO - [junyi|junyi_abce_b_rescue_full|lr=0.003|drop=0.40] -> New best AUC=0.8073 at epoch 6
2026-03-13 13:49:14,874 - INFO - [junyi|junyi_abce_b_rescue_full|lr=0.003|drop=0.40] Epoch [007/100] | Train: Loss=0.5193, BCE=0.5049, Reg=0.0145, AUC=0.8025, ACC=0.7550, RMSE=0.4087 | Val: Loss=0.5120, BCE=0.4976, Reg=0.0145, AUC=0.8074, ACC=0.7660, RMSE=0.4037
2026-03-13 13:49:14,874 - INFO - [junyi|junyi_abce_b_rescue_full|lr=0.003|drop=0.40] [Reg Terms] Epoch [007] | Train: graph_entropy=0.000000, graph_diag=0.000011, graph_uniform=0.006747, graph_reg_scale=1.0000, mf_l2=0.000000, delta_ratio=0.000000, proto_div=0.000019, proto_usage=0.000004, personal_sparse=0.007695, alpha_var=-0.000000, alpha_collapse=0.000000, reg_bce_ratio=0.0287 | Val: graph_entropy=0.000000, graph_diag=0.000000, graph_uniform=0.006747, graph_reg_scale=1.0000, mf_l2=0.000000, delta_ratio=0.000000, proto_div=0.000018, proto_usage=0.000005, personal_sparse=0.007696, alpha_var=-0.000000, alpha_collapse=0.000000, reg_bce_ratio=0.0291
2026-03-13 13:49:16,241 - INFO - [junyi|junyi_abce_b_rescue_full|lr=0.003|drop=0.40] [Diag][M3] Epoch [007] | residual_abs_mean=0.2487, residual_std=0.1449, mf_abs_mean=0.2487, mf_std=0.1449, gate_mean=0.1733, gate_std=0.0765, irt_abs_mean=1.7119, irt_std=1.0112, delta_abs_mean=0.0433, delta_std=0.0337, delta_over_irt=0.0253, proto_conf_mean=0.0597, proto_gate_mean=0.0060, warmup(mf/proto/personal)=1.00/1.00/1.00, graph_row_entropy=3.1781, graph_entropy_ratio=0.4845, alpha_mean=0.1750, alpha_std=0.0000, personal_row_entropy=3.8481
2026-03-13 13:49:16,241 - INFO - [junyi|junyi_abce_b_rescue_full|lr=0.003|drop=0.40] [Diag][Graph] Epoch [007] | entropy_ratio=0.4845, diag_mass=0.0000, to_uniform_l2=0.007551, to_identity_l2=0.038412, tau_mean=0.6931, tau_std=0.0000, graph_reg_scale(train/val)=1.0000/1.0000
2026-03-13 13:49:16,241 - WARNING - [junyi|junyi_abce_b_rescue_full|lr=0.003|drop=0.40] [Diag Warning] alpha_std has been near zero for 7 epoch(s) (alpha_std=0.000000, personal_row_entropy=3.8481). This indicates personal-graph mixing may be collapsed/trivial.
2026-03-13 13:49:16,241 - WARNING - [junyi|junyi_abce_b_rescue_full|lr=0.003|drop=0.40] [Diag Warning][Graph] graph-related grad norms are near zero for 7 epoch(s): relation_emb=3.212174e-14, relation_tau=7.360119e-12, relation_wq=2.168805e-14, relation_wk=1.983678e-14, personal_u=4.240186e-12, personal_v=2.268645e-12
2026-03-13 13:49:16,241 - INFO - [junyi|junyi_abce_b_rescue_full|lr=0.003|drop=0.40] [Grad Norms] Epoch [007] | mf_u_proj=0.007148, mf_v_proj=0.008369, fusion_gate=0.003299, q_gate_raw=0.000033, skill_latent=0.049354, relation_emb=3.212174e-14, relation_tau=7.360119e-12, relation_wq=2.168805e-14, relation_wk=1.983678e-14, personal_u=4.240186e-12, personal_v=2.268645e-12
2026-03-13 13:49:16,754 - INFO - [junyi|junyi_abce_b_rescue_full|lr=0.003|drop=0.40] -> New best AUC=0.8074 at epoch 7
2026-03-13 13:52:25,870 - INFO - [junyi|junyi_abce_b_rescue_full|lr=0.003|drop=0.40] Epoch [008/100] | Train: Loss=0.5181, BCE=0.5036, Reg=0.0145, AUC=0.8038, ACC=0.7561, RMSE=0.4081 | Val: Loss=0.5124, BCE=0.4980, Reg=0.0144, AUC=0.8077, ACC=0.7659, RMSE=0.4036
2026-03-13 13:52:25,871 - INFO - [junyi|junyi_abce_b_rescue_full|lr=0.003|drop=0.40] [Reg Terms] Epoch [008] | Train: graph_entropy=0.000000, graph_diag=0.000010, graph_uniform=0.006747, graph_reg_scale=1.0000, mf_l2=0.000000, delta_ratio=0.000000, proto_div=0.000016, proto_usage=0.000003, personal_sparse=0.007694, alpha_var=-0.000000, alpha_collapse=0.000000, reg_bce_ratio=0.0287 | Val: graph_entropy=0.000000, graph_diag=0.000000, graph_uniform=0.006747, graph_reg_scale=1.0000, mf_l2=0.000000, delta_ratio=0.000000, proto_div=0.000004, proto_usage=0.000002, personal_sparse=0.007695, alpha_var=-0.000000, alpha_collapse=0.000000, reg_bce_ratio=0.0290
2026-03-13 13:52:26,841 - INFO - [junyi|junyi_abce_b_rescue_full|lr=0.003|drop=0.40] [Diag][M3] Epoch [008] | residual_abs_mean=0.2044, residual_std=0.1415, mf_abs_mean=0.2044, mf_std=0.1415, gate_mean=0.1750, gate_std=0.0797, irt_abs_mean=1.7696, irt_std=1.0558, delta_abs_mean=0.0341, delta_std=0.0289, delta_over_irt=0.0193, proto_conf_mean=0.0222, proto_gate_mean=0.0022, warmup(mf/proto/personal)=1.00/1.00/1.00, graph_row_entropy=3.1781, graph_entropy_ratio=0.4845, alpha_mean=0.1753, alpha_std=0.0000, personal_row_entropy=3.8476
2026-03-13 13:52:26,841 - INFO - [junyi|junyi_abce_b_rescue_full|lr=0.003|drop=0.40] [Diag][Graph] Epoch [008] | entropy_ratio=0.4845, diag_mass=0.0000, to_uniform_l2=0.007551, to_identity_l2=0.038412, tau_mean=0.6931, tau_std=0.0000, graph_reg_scale(train/val)=1.0000/1.0000
2026-03-13 13:52:26,841 - WARNING - [junyi|junyi_abce_b_rescue_full|lr=0.003|drop=0.40] [Diag Warning] alpha_std has been near zero for 8 epoch(s) (alpha_std=0.000000, personal_row_entropy=3.8476). This indicates personal-graph mixing may be collapsed/trivial.
2026-03-13 13:52:26,841 - WARNING - [junyi|junyi_abce_b_rescue_full|lr=0.003|drop=0.40] [Diag Warning][Graph] graph-related grad norms are near zero for 8 epoch(s): relation_emb=8.604352e-14, relation_tau=7.373362e-12, relation_wq=5.313846e-14, relation_wk=5.825868e-14, personal_u=5.379437e-12, personal_v=3.193274e-12
2026-03-13 13:52:26,841 - INFO - [junyi|junyi_abce_b_rescue_full|lr=0.003|drop=0.40] [Grad Norms] Epoch [008] | mf_u_proj=0.014476, mf_v_proj=0.017485, fusion_gate=0.003798, q_gate_raw=0.000033, skill_latent=0.170788, relation_emb=8.604352e-14, relation_tau=7.373362e-12, relation_wq=5.313846e-14, relation_wk=5.825868e-14, personal_u=5.379437e-12, personal_v=3.193274e-12
2026-03-13 13:52:27,285 - INFO - [junyi|junyi_abce_b_rescue_full|lr=0.003|drop=0.40] -> New best AUC=0.8077 at epoch 8
2026-03-13 13:55:36,199 - INFO - [junyi|junyi_abce_b_rescue_full|lr=0.003|drop=0.40] Epoch [009/100] | Train: Loss=0.5181, BCE=0.5036, Reg=0.0145, AUC=0.8037, ACC=0.7562, RMSE=0.4081 | Val: Loss=0.5103, BCE=0.4958, Reg=0.0145, AUC=0.8088, ACC=0.7669, RMSE=0.4030
2026-03-13 13:55:36,199 - INFO - [junyi|junyi_abce_b_rescue_full|lr=0.003|drop=0.40] [Reg Terms] Epoch [009] | Train: graph_entropy=0.000000, graph_diag=0.000011, graph_uniform=0.006747, graph_reg_scale=1.0000, mf_l2=0.000000, delta_ratio=0.000000, proto_div=0.000016, proto_usage=0.000005, personal_sparse=0.007694, alpha_var=-0.000000, alpha_collapse=0.000000, reg_bce_ratio=0.0287 | Val: graph_entropy=0.000000, graph_diag=0.000000, graph_uniform=0.006747, graph_reg_scale=1.0000, mf_l2=0.000000, delta_ratio=0.000000, proto_div=0.000003, proto_usage=0.000002, personal_sparse=0.007702, alpha_var=-0.000000, alpha_collapse=0.000000, reg_bce_ratio=0.0292
2026-03-13 13:55:37,209 - INFO - [junyi|junyi_abce_b_rescue_full|lr=0.003|drop=0.40] [Diag][M3] Epoch [009] | residual_abs_mean=0.1933, residual_std=0.1262, mf_abs_mean=0.1933, mf_std=0.1262, gate_mean=0.1626, gate_std=0.0852, irt_abs_mean=1.7786, irt_std=1.0110, delta_abs_mean=0.0306, delta_std=0.0274, delta_over_irt=0.0172, proto_conf_mean=0.0236, proto_gate_mean=0.0024, warmup(mf/proto/personal)=1.00/1.00/1.00, graph_row_entropy=3.1781, graph_entropy_ratio=0.4845, alpha_mean=0.1748, alpha_std=0.0000, personal_row_entropy=3.8509
2026-03-13 13:55:37,209 - INFO - [junyi|junyi_abce_b_rescue_full|lr=0.003|drop=0.40] [Diag][Graph] Epoch [009] | entropy_ratio=0.4845, diag_mass=0.0000, to_uniform_l2=0.007551, to_identity_l2=0.038412, tau_mean=0.6931, tau_std=0.0000, graph_reg_scale(train/val)=1.0000/1.0000
2026-03-13 13:55:37,209 - WARNING - [junyi|junyi_abce_b_rescue_full|lr=0.003|drop=0.40] [Diag Warning] alpha_std has been near zero for 9 epoch(s) (alpha_std=0.000000, personal_row_entropy=3.8509). This indicates personal-graph mixing may be collapsed/trivial.
2026-03-13 13:55:37,209 - WARNING - [junyi|junyi_abce_b_rescue_full|lr=0.003|drop=0.40] [Diag Warning][Graph] graph-related grad norms are near zero for 9 epoch(s): relation_emb=1.702833e-13, relation_tau=2.631225e-11, relation_wq=1.028954e-13, relation_wk=1.055061e-13, personal_u=4.285018e-12, personal_v=4.829805e-12
2026-03-13 13:55:37,209 - INFO - [junyi|junyi_abce_b_rescue_full|lr=0.003|drop=0.40] [Grad Norms] Epoch [009] | mf_u_proj=0.020892, mf_v_proj=0.026889, fusion_gate=0.004855, q_gate_raw=0.000070, skill_latent=0.151706, relation_emb=1.702833e-13, relation_tau=2.631225e-11, relation_wq=1.028954e-13, relation_wk=1.055061e-13, personal_u=4.285018e-12, personal_v=4.829805e-12
2026-03-13 13:55:37,655 - INFO - [junyi|junyi_abce_b_rescue_full|lr=0.003|drop=0.40] -> New best AUC=0.8088 at epoch 9
2026-03-13 13:58:46,581 - INFO - [junyi|junyi_abce_b_rescue_full|lr=0.003|drop=0.40] Epoch [010/100] | Train: Loss=0.5168, BCE=0.5024, Reg=0.0145, AUC=0.8049, ACC=0.7570, RMSE=0.4074 | Val: Loss=0.5078, BCE=0.4934, Reg=0.0144, AUC=0.8101, ACC=0.7655, RMSE=0.4023
2026-03-13 13:58:46,581 - INFO - [junyi|junyi_abce_b_rescue_full|lr=0.003|drop=0.40] [Reg Terms] Epoch [010] | Train: graph_entropy=0.000000, graph_diag=0.000011, graph_uniform=0.006747, graph_reg_scale=1.0000, mf_l2=0.000000, delta_ratio=0.000000, proto_div=0.000012, proto_usage=0.000006, personal_sparse=0.007694, alpha_var=-0.000000, alpha_collapse=0.000000, reg_bce_ratio=0.0288 | Val: graph_entropy=0.000000, graph_diag=0.000000, graph_uniform=0.006747, graph_reg_scale=1.0000, mf_l2=0.000000, delta_ratio=0.000000, proto_div=0.000012, proto_usage=0.000003, personal_sparse=0.007687, alpha_var=-0.000000, alpha_collapse=0.000000, reg_bce_ratio=0.0293
2026-03-13 13:58:47,876 - INFO - [junyi|junyi_abce_b_rescue_full|lr=0.003|drop=0.40] [Diag][M3] Epoch [010] | residual_abs_mean=0.2574, residual_std=0.1493, mf_abs_mean=0.2574, mf_std=0.1493, gate_mean=0.1749, gate_std=0.0834, irt_abs_mean=1.6491, irt_std=1.0145, delta_abs_mean=0.0431, delta_std=0.0344, delta_over_irt=0.0262, proto_conf_mean=0.0427, proto_gate_mean=0.0043, warmup(mf/proto/personal)=1.00/1.00/1.00, graph_row_entropy=3.1781, graph_entropy_ratio=0.4845, alpha_mean=0.1750, alpha_std=0.0000, personal_row_entropy=3.8437
2026-03-13 13:58:47,876 - INFO - [junyi|junyi_abce_b_rescue_full|lr=0.003|drop=0.40] [Diag][Graph] Epoch [010] | entropy_ratio=0.4845, diag_mass=0.0000, to_uniform_l2=0.007551, to_identity_l2=0.038412, tau_mean=0.6931, tau_std=0.0000, graph_reg_scale(train/val)=1.0000/1.0000
2026-03-13 13:58:47,876 - WARNING - [junyi|junyi_abce_b_rescue_full|lr=0.003|drop=0.40] [Diag Warning] alpha_std has been near zero for 10 epoch(s) (alpha_std=0.000000, personal_row_entropy=3.8437). This indicates personal-graph mixing may be collapsed/trivial.
2026-03-13 13:58:47,876 - WARNING - [junyi|junyi_abce_b_rescue_full|lr=0.003|drop=0.40] [Diag Warning][Graph] graph-related grad norms are near zero for 10 epoch(s): relation_emb=8.230227e-14, relation_tau=8.612249e-12, relation_wq=4.188967e-14, relation_wk=4.473312e-14, personal_u=5.802601e-12, personal_v=4.760039e-12
2026-03-13 13:58:47,877 - INFO - [junyi|junyi_abce_b_rescue_full|lr=0.003|drop=0.40] [Grad Norms] Epoch [010] | mf_u_proj=0.006888, mf_v_proj=0.014295, fusion_gate=0.004637, q_gate_raw=0.000065, skill_latent=0.088529, relation_emb=8.230227e-14, relation_tau=8.612249e-12, relation_wq=4.188967e-14, relation_wk=4.473312e-14, personal_u=5.802601e-12, personal_v=4.760039e-12
2026-03-13 13:58:48,382 - INFO - [junyi|junyi_abce_b_rescue_full|lr=0.003|drop=0.40] -> New best AUC=0.8101 at epoch 10
2026-03-13 13:58:48,485 - INFO - [junyi|junyi_abce_b_rescue_full|lr=0.003|drop=0.40] Checkpoint saved: checkpoints/abce_diag/v3_screen_full_20260313_132647/junyi/seed42/b_rescue_full/checkpoint_epoch_10.pth
2026-03-13 13:58:48,875 - INFO - [junyi|junyi_abce_b_rescue_full|lr=0.003|drop=0.40] [Module Activity] Epoch 10: Proto[OK] Graph[OK] Personal[X] MF[OK]
2026-03-13 14:01:58,016 - INFO - [junyi|junyi_abce_b_rescue_full|lr=0.003|drop=0.40] Epoch [011/100] | Train: Loss=0.5167, BCE=0.5023, Reg=0.0145, AUC=0.8051, ACC=0.7570, RMSE=0.4075 | Val: Loss=0.5137, BCE=0.4992, Reg=0.0145, AUC=0.8076, ACC=0.7661, RMSE=0.4042
2026-03-13 14:01:58,016 - INFO - [junyi|junyi_abce_b_rescue_full|lr=0.003|drop=0.40] [Reg Terms] Epoch [011] | Train: graph_entropy=0.000000, graph_diag=0.000012, graph_uniform=0.006747, graph_reg_scale=1.0000, mf_l2=0.000000, delta_ratio=0.000000, proto_div=0.000020, proto_usage=0.000007, personal_sparse=0.007694, alpha_var=-0.000000, alpha_collapse=0.000000, reg_bce_ratio=0.0288 | Val: graph_entropy=0.000000, graph_diag=0.000000, graph_uniform=0.006747, graph_reg_scale=1.0000, mf_l2=0.000000, delta_ratio=0.000000, proto_div=0.000016, proto_usage=0.000005, personal_sparse=0.007696, alpha_var=-0.000000, alpha_collapse=0.000000, reg_bce_ratio=0.0290
2026-03-13 14:01:59,010 - INFO - [junyi|junyi_abce_b_rescue_full|lr=0.003|drop=0.40] [Diag][M3] Epoch [011] | residual_abs_mean=0.2516, residual_std=0.1756, mf_abs_mean=0.2516, mf_std=0.1756, gate_mean=0.1696, gate_std=0.0760, irt_abs_mean=1.7724, irt_std=1.0047, delta_abs_mean=0.0443, delta_std=0.0403, delta_over_irt=0.0250, proto_conf_mean=0.0572, proto_gate_mean=0.0057, warmup(mf/proto/personal)=1.00/1.00/1.00, graph_row_entropy=3.1781, graph_entropy_ratio=0.4845, alpha_mean=0.1749, alpha_std=0.0000, personal_row_entropy=3.8480
2026-03-13 14:01:59,010 - INFO - [junyi|junyi_abce_b_rescue_full|lr=0.003|drop=0.40] [Diag][Graph] Epoch [011] | entropy_ratio=0.4845, diag_mass=0.0000, to_uniform_l2=0.007551, to_identity_l2=0.038412, tau_mean=0.6931, tau_std=0.0000, graph_reg_scale(train/val)=1.0000/1.0000
2026-03-13 14:01:59,010 - WARNING - [junyi|junyi_abce_b_rescue_full|lr=0.003|drop=0.40] [Diag Warning] alpha_std has been near zero for 11 epoch(s) (alpha_std=0.000000, personal_row_entropy=3.8480). This indicates personal-graph mixing may be collapsed/trivial.
2026-03-13 14:01:59,010 - WARNING - [junyi|junyi_abce_b_rescue_full|lr=0.003|drop=0.40] [Diag Warning][Graph] graph-related grad norms are near zero for 11 epoch(s): relation_emb=3.626337e-13, relation_tau=1.363933e-11, relation_wq=1.798959e-13, relation_wk=1.844780e-13, personal_u=6.720114e-12, personal_v=5.346544e-12
2026-03-13 14:01:59,010 - INFO - [junyi|junyi_abce_b_rescue_full|lr=0.003|drop=0.40] [Grad Norms] Epoch [011] | mf_u_proj=0.009872, mf_v_proj=0.020552, fusion_gate=0.004031, q_gate_raw=0.000005, skill_latent=0.160502, relation_emb=3.626337e-13, relation_tau=1.363933e-11, relation_wq=1.798959e-13, relation_wk=1.844780e-13, personal_u=6.720114e-12, personal_v=5.346544e-12
2026-03-13 14:01:59,010 - INFO - [junyi|junyi_abce_b_rescue_full|lr=0.003|drop=0.40] -> No improvement 1 epoch(s) (best AUC=0.8101 @ 10)
2026-03-13 14:05:08,097 - INFO - [junyi|junyi_abce_b_rescue_full|lr=0.003|drop=0.40] Epoch [012/100] | Train: Loss=0.5166, BCE=0.5021, Reg=0.0145, AUC=0.8051, ACC=0.7568, RMSE=0.4075 | Val: Loss=0.5096, BCE=0.4951, Reg=0.0145, AUC=0.8099, ACC=0.7693, RMSE=0.4021
2026-03-13 14:05:08,098 - INFO - [junyi|junyi_abce_b_rescue_full|lr=0.003|drop=0.40] [Reg Terms] Epoch [012] | Train: graph_entropy=0.000000, graph_diag=0.000005, graph_uniform=0.006747, graph_reg_scale=1.0000, mf_l2=0.000000, delta_ratio=0.000000, proto_div=0.000018, proto_usage=0.000005, personal_sparse=0.007694, alpha_var=-0.000000, alpha_collapse=0.000000, reg_bce_ratio=0.0288 | Val: graph_entropy=0.000000, graph_diag=0.000000, graph_uniform=0.006747, graph_reg_scale=1.0000, mf_l2=0.000000, delta_ratio=0.000000, proto_div=0.000024, proto_usage=0.000003, personal_sparse=0.007697, alpha_var=-0.000000, alpha_collapse=0.000000, reg_bce_ratio=0.0292
2026-03-13 14:05:09,300 - INFO - [junyi|junyi_abce_b_rescue_full|lr=0.003|drop=0.40] [Diag][M3] Epoch [012] | residual_abs_mean=0.2462, residual_std=0.1655, mf_abs_mean=0.2462, mf_std=0.1655, gate_mean=0.1565, gate_std=0.0777, irt_abs_mean=1.7303, irt_std=1.0459, delta_abs_mean=0.0377, delta_std=0.0331, delta_over_irt=0.0218, proto_conf_mean=0.0364, proto_gate_mean=0.0036, warmup(mf/proto/personal)=1.00/1.00/1.00, graph_row_entropy=3.1781, graph_entropy_ratio=0.4845, alpha_mean=0.1749, alpha_std=0.0000, personal_row_entropy=3.8486
2026-03-13 14:05:09,300 - INFO - [junyi|junyi_abce_b_rescue_full|lr=0.003|drop=0.40] [Diag][Graph] Epoch [012] | entropy_ratio=0.4845, diag_mass=0.0000, to_uniform_l2=0.007551, to_identity_l2=0.038412, tau_mean=0.6931, tau_std=0.0000, graph_reg_scale(train/val)=1.0000/1.0000
2026-03-13 14:05:09,300 - WARNING - [junyi|junyi_abce_b_rescue_full|lr=0.003|drop=0.40] [Diag Warning] alpha_std has been near zero for 12 epoch(s) (alpha_std=0.000000, personal_row_entropy=3.8486). This indicates personal-graph mixing may be collapsed/trivial.
2026-03-13 14:05:09,300 - WARNING - [junyi|junyi_abce_b_rescue_full|lr=0.003|drop=0.40] [Diag Warning][Graph] graph-related grad norms are near zero for 12 epoch(s): relation_emb=3.990574e-14, relation_tau=8.188854e-12, relation_wq=1.781279e-14, relation_wk=1.695372e-14, personal_u=6.453668e-12, personal_v=6.217505e-12
2026-03-13 14:05:09,300 - INFO - [junyi|junyi_abce_b_rescue_full|lr=0.003|drop=0.40] [Grad Norms] Epoch [012] | mf_u_proj=0.008771, mf_v_proj=0.012918, fusion_gate=0.001524, q_gate_raw=0.000017, skill_latent=0.098875, relation_emb=3.990574e-14, relation_tau=8.188854e-12, relation_wq=1.781279e-14, relation_wk=1.695372e-14, personal_u=6.453668e-12, personal_v=6.217505e-12
2026-03-13 14:05:09,300 - INFO - [junyi|junyi_abce_b_rescue_full|lr=0.003|drop=0.40] -> No improvement 2 epoch(s) (best AUC=0.8101 @ 10)
2026-03-13 14:08:18,291 - INFO - [junyi|junyi_abce_b_rescue_full|lr=0.003|drop=0.40] Epoch [013/100] | Train: Loss=0.5042, BCE=0.4900, Reg=0.0142, AUC=0.8165, ACC=0.7652, RMSE=0.4014 | Val: Loss=0.4989, BCE=0.4857, Reg=0.0131, AUC=0.8167, ACC=0.7730, RMSE=0.3981
2026-03-13 14:08:18,291 - INFO - [junyi|junyi_abce_b_rescue_full|lr=0.003|drop=0.40] [Reg Terms] Epoch [013] | Train: graph_entropy=0.000000, graph_diag=0.000002, graph_uniform=0.006747, graph_reg_scale=1.0000, mf_l2=0.000000, delta_ratio=0.000000, proto_div=0.000012, proto_usage=0.000005, personal_sparse=0.007429, alpha_var=-0.000000, alpha_collapse=0.000000, reg_bce_ratio=0.0290 | Val: graph_entropy=0.000000, graph_diag=0.000000, graph_uniform=0.006747, graph_reg_scale=1.0000, mf_l2=0.000000, delta_ratio=0.000000, proto_div=0.000028, proto_usage=0.000006, personal_sparse=0.006356, alpha_var=-0.000000, alpha_collapse=0.000000, reg_bce_ratio=0.0270
2026-03-13 14:08:19,490 - INFO - [junyi|junyi_abce_b_rescue_full|lr=0.003|drop=0.40] [Diag][M3] Epoch [013] | residual_abs_mean=0.2247, residual_std=0.1787, mf_abs_mean=0.2247, mf_std=0.1787, gate_mean=0.1742, gate_std=0.0743, irt_abs_mean=1.7354, irt_std=1.0275, delta_abs_mean=0.0385, delta_std=0.0361, delta_over_irt=0.0222, proto_conf_mean=0.0753, proto_gate_mean=0.0075, warmup(mf/proto/personal)=1.00/1.00/1.00, graph_row_entropy=3.1781, graph_entropy_ratio=0.4845, alpha_mean=0.1750, alpha_std=0.0000, personal_row_entropy=3.1782
2026-03-13 14:08:19,490 - INFO - [junyi|junyi_abce_b_rescue_full|lr=0.003|drop=0.40] [Diag][Graph] Epoch [013] | entropy_ratio=0.4845, diag_mass=0.0000, to_uniform_l2=0.007551, to_identity_l2=0.038412, tau_mean=0.6931, tau_std=0.0000, graph_reg_scale(train/val)=1.0000/1.0000
2026-03-13 14:08:19,490 - WARNING - [junyi|junyi_abce_b_rescue_full|lr=0.003|drop=0.40] [Diag Warning] alpha_std has been near zero for 13 epoch(s) (alpha_std=0.000000, personal_row_entropy=3.1782). This indicates personal-graph mixing may be collapsed/trivial.
2026-03-13 14:08:19,490 - WARNING - [junyi|junyi_abce_b_rescue_full|lr=0.003|drop=0.40] [Diag Warning][Graph] graph-related grad norms are near zero for 13 epoch(s): relation_emb=0.000000e+00, relation_tau=0.000000e+00, relation_wq=0.000000e+00, relation_wk=0.000000e+00, personal_u=0.000000e+00, personal_v=0.000000e+00
2026-03-13 14:08:19,490 - INFO - [junyi|junyi_abce_b_rescue_full|lr=0.003|drop=0.40] [Grad Norms] Epoch [013] | mf_u_proj=0.007175, mf_v_proj=0.020935, fusion_gate=0.005012, q_gate_raw=0.000036, skill_latent=0.058667, relation_emb=0.000000e+00, relation_tau=0.000000e+00, relation_wq=0.000000e+00, relation_wk=0.000000e+00, personal_u=0.000000e+00, personal_v=0.000000e+00
2026-03-13 14:08:19,969 - INFO - [junyi|junyi_abce_b_rescue_full|lr=0.003|drop=0.40] -> New best AUC=0.8167 at epoch 13
2026-03-13 14:11:29,542 - INFO - [junyi|junyi_abce_b_rescue_full|lr=0.003|drop=0.40] Epoch [014/100] | Train: Loss=0.5004, BCE=0.4869, Reg=0.0134, AUC=0.8188, ACC=0.7676, RMSE=0.3999 | Val: Loss=0.4986, BCE=0.4841, Reg=0.0144, AUC=0.8177, ACC=0.7733, RMSE=0.3975
2026-03-13 14:11:29,542 - INFO - [junyi|junyi_abce_b_rescue_full|lr=0.003|drop=0.40] [Reg Terms] Epoch [014] | Train: graph_entropy=0.000000, graph_diag=0.000002, graph_uniform=0.006747, graph_reg_scale=1.0000, mf_l2=0.000000, delta_ratio=0.000000, proto_div=0.000009, proto_usage=0.000004, personal_sparse=0.006666, alpha_var=-0.000000, alpha_collapse=0.000000, reg_bce_ratio=0.0276 | Val: graph_entropy=0.000000, graph_diag=0.000000, graph_uniform=0.006747, graph_reg_scale=1.0000, mf_l2=0.000000, delta_ratio=0.000000, proto_div=0.000007, proto_usage=0.000002, personal_sparse=0.007685, alpha_var=-0.000000, alpha_collapse=0.000000, reg_bce_ratio=0.0298
2026-03-13 14:11:30,726 - INFO - [junyi|junyi_abce_b_rescue_full|lr=0.003|drop=0.40] [Diag][M3] Epoch [014] | residual_abs_mean=0.2226, residual_std=0.1489, mf_abs_mean=0.2226, mf_std=0.1489, gate_mean=0.1726, gate_std=0.0765, irt_abs_mean=1.7520, irt_std=1.0379, delta_abs_mean=0.0372, delta_std=0.0309, delta_over_irt=0.0212, proto_conf_mean=0.0311, proto_gate_mean=0.0031, warmup(mf/proto/personal)=1.00/1.00/1.00, graph_row_entropy=3.1781, graph_entropy_ratio=0.4845, alpha_mean=0.1747, alpha_std=0.0000, personal_row_entropy=3.8425
2026-03-13 14:11:30,726 - INFO - [junyi|junyi_abce_b_rescue_full|lr=0.003|drop=0.40] [Diag][Graph] Epoch [014] | entropy_ratio=0.4845, diag_mass=0.0000, to_uniform_l2=0.007551, to_identity_l2=0.038412, tau_mean=0.6931, tau_std=0.0000, graph_reg_scale(train/val)=1.0000/1.0000
2026-03-13 14:11:30,726 - WARNING - [junyi|junyi_abce_b_rescue_full|lr=0.003|drop=0.40] [Diag Warning] alpha_std has been near zero for 14 epoch(s) (alpha_std=0.000000, personal_row_entropy=3.8425). This indicates personal-graph mixing may be collapsed/trivial.
2026-03-13 14:11:30,726 - WARNING - [junyi|junyi_abce_b_rescue_full|lr=0.003|drop=0.40] [Diag Warning][Graph] graph-related grad norms are near zero for 14 epoch(s): relation_emb=9.814290e-14, relation_tau=1.415002e-14, relation_wq=5.130783e-14, relation_wk=5.093237e-14, personal_u=6.732270e-15, personal_v=5.193370e-15
2026-03-13 14:11:30,726 - INFO - [junyi|junyi_abce_b_rescue_full|lr=0.003|drop=0.40] [Grad Norms] Epoch [014] | mf_u_proj=0.008810, mf_v_proj=0.017365, fusion_gate=0.002379, q_gate_raw=0.000046, skill_latent=0.193213, relation_emb=9.814290e-14, relation_tau=1.415002e-14, relation_wq=5.130783e-14, relation_wk=5.093237e-14, personal_u=6.732270e-15, personal_v=5.193370e-15
2026-03-13 14:11:31,283 - INFO - [junyi|junyi_abce_b_rescue_full|lr=0.003|drop=0.40] -> New best AUC=0.8177 at epoch 14
2026-03-13 14:14:40,510 - INFO - [junyi|junyi_abce_b_rescue_full|lr=0.003|drop=0.40] Epoch [015/100] | Train: Loss=0.5001, BCE=0.4857, Reg=0.0145, AUC=0.8201, ACC=0.7678, RMSE=0.3993 | Val: Loss=0.5015, BCE=0.4871, Reg=0.0145, AUC=0.8183, ACC=0.7748, RMSE=0.3984
2026-03-13 14:14:40,511 - INFO - [junyi|junyi_abce_b_rescue_full|lr=0.003|drop=0.40] [Reg Terms] Epoch [015] | Train: graph_entropy=0.000000, graph_diag=0.000005, graph_uniform=0.006747, graph_reg_scale=1.0000, mf_l2=0.000000, delta_ratio=0.000000, proto_div=0.000012, proto_usage=0.000006, personal_sparse=0.007682, alpha_var=-0.000000, alpha_collapse=0.000000, reg_bce_ratio=0.0298 | Val: graph_entropy=0.000000, graph_diag=0.000000, graph_uniform=0.006747, graph_reg_scale=1.0000, mf_l2=0.000000, delta_ratio=0.000000, proto_div=0.000001, proto_usage=0.000008, personal_sparse=0.007698, alpha_var=-0.000000, alpha_collapse=0.000000, reg_bce_ratio=0.0297
2026-03-13 14:14:41,527 - INFO - [junyi|junyi_abce_b_rescue_full|lr=0.003|drop=0.40] [Diag][M3] Epoch [015] | residual_abs_mean=0.2389, residual_std=0.1725, mf_abs_mean=0.2389, mf_std=0.1725, gate_mean=0.1615, gate_std=0.0771, irt_abs_mean=1.8855, irt_std=1.0592, delta_abs_mean=0.0375, delta_std=0.0349, delta_over_irt=0.0199, proto_conf_mean=0.0862, proto_gate_mean=0.0086, warmup(mf/proto/personal)=1.00/1.00/1.00, graph_row_entropy=3.1781, graph_entropy_ratio=0.4845, alpha_mean=0.1750, alpha_std=0.0000, personal_row_entropy=3.8488
2026-03-13 14:14:41,527 - INFO - [junyi|junyi_abce_b_rescue_full|lr=0.003|drop=0.40] [Diag][Graph] Epoch [015] | entropy_ratio=0.4845, diag_mass=0.0000, to_uniform_l2=0.007551, to_identity_l2=0.038412, tau_mean=0.6931, tau_std=0.0000, graph_reg_scale(train/val)=1.0000/1.0000
2026-03-13 14:14:41,527 - WARNING - [junyi|junyi_abce_b_rescue_full|lr=0.003|drop=0.40] [Diag Warning] alpha_std has been near zero for 15 epoch(s) (alpha_std=0.000000, personal_row_entropy=3.8488). This indicates personal-graph mixing may be collapsed/trivial.
2026-03-13 14:14:41,527 - WARNING - [junyi|junyi_abce_b_rescue_full|lr=0.003|drop=0.40] [Diag Warning][Graph] graph-related grad norms are near zero for 15 epoch(s): relation_emb=2.538802e-15, relation_tau=5.682382e-13, relation_wq=1.241531e-15, relation_wk=1.282297e-15, personal_u=1.294594e-12, personal_v=9.909260e-13
2026-03-13 14:14:41,527 - INFO - [junyi|junyi_abce_b_rescue_full|lr=0.003|drop=0.40] [Grad Norms] Epoch [015] | mf_u_proj=0.005756, mf_v_proj=0.016174, fusion_gate=0.004324, q_gate_raw=0.000083, skill_latent=0.014673, relation_emb=2.538802e-15, relation_tau=5.682382e-13, relation_wq=1.241531e-15, relation_wk=1.282297e-15, personal_u=1.294594e-12, personal_v=9.909260e-13
2026-03-13 14:14:41,933 - INFO - [junyi|junyi_abce_b_rescue_full|lr=0.003|drop=0.40] -> New best AUC=0.8183 at epoch 15
2026-03-13 14:17:51,177 - INFO - [junyi|junyi_abce_b_rescue_full|lr=0.003|drop=0.40] Epoch [016/100] | Train: Loss=0.4993, BCE=0.4848, Reg=0.0145, AUC=0.8206, ACC=0.7689, RMSE=0.3988 | Val: Loss=0.4977, BCE=0.4832, Reg=0.0145, AUC=0.8187, ACC=0.7725, RMSE=0.3973
2026-03-13 14:17:51,177 - INFO - [junyi|junyi_abce_b_rescue_full|lr=0.003|drop=0.40] [Reg Terms] Epoch [016] | Train: graph_entropy=0.000000, graph_diag=0.000003, graph_uniform=0.006747, graph_reg_scale=1.0000, mf_l2=0.000000, delta_ratio=0.000000, proto_div=0.000011, proto_usage=0.000005, personal_sparse=0.007693, alpha_var=-0.000000, alpha_collapse=0.000000, reg_bce_ratio=0.0298 | Val: graph_entropy=0.000000, graph_diag=0.000000, graph_uniform=0.006747, graph_reg_scale=1.0000, mf_l2=0.000000, delta_ratio=0.000000, proto_div=0.000025, proto_usage=0.000005, personal_sparse=0.007696, alpha_var=-0.000000, alpha_collapse=0.000000, reg_bce_ratio=0.0300
2026-03-13 14:17:52,370 - INFO - [junyi|junyi_abce_b_rescue_full|lr=0.003|drop=0.40] [Diag][M3] Epoch [016] | residual_abs_mean=0.2741, residual_std=0.1820, mf_abs_mean=0.2741, mf_std=0.1820, gate_mean=0.1675, gate_std=0.0802, irt_abs_mean=1.7802, irt_std=1.0557, delta_abs_mean=0.0422, delta_std=0.0330, delta_over_irt=0.0237, proto_conf_mean=0.0581, proto_gate_mean=0.0058, warmup(mf/proto/personal)=1.00/1.00/1.00, graph_row_entropy=3.1781, graph_entropy_ratio=0.4845, alpha_mean=0.1751, alpha_std=0.0000, personal_row_entropy=3.8482
2026-03-13 14:17:52,370 - INFO - [junyi|junyi_abce_b_rescue_full|lr=0.003|drop=0.40] [Diag][Graph] Epoch [016] | entropy_ratio=0.4845, diag_mass=0.0000, to_uniform_l2=0.007551, to_identity_l2=0.038412, tau_mean=0.6931, tau_std=0.0000, graph_reg_scale(train/val)=1.0000/1.0000
2026-03-13 14:17:52,370 - WARNING - [junyi|junyi_abce_b_rescue_full|lr=0.003|drop=0.40] [Diag Warning] alpha_std has been near zero for 16 epoch(s) (alpha_std=0.000000, personal_row_entropy=3.8482). This indicates personal-graph mixing may be collapsed/trivial.
2026-03-13 14:17:52,370 - WARNING - [junyi|junyi_abce_b_rescue_full|lr=0.003|drop=0.40] [Diag Warning][Graph] graph-related grad norms are near zero for 16 epoch(s): relation_emb=2.231765e-16, relation_tau=6.122417e-12, relation_wq=8.497020e-17, relation_wk=5.992655e-17, personal_u=1.811085e-12, personal_v=1.163747e-12
2026-03-13 14:17:52,370 - INFO - [junyi|junyi_abce_b_rescue_full|lr=0.003|drop=0.40] [Grad Norms] Epoch [016] | mf_u_proj=0.006280, mf_v_proj=0.016941, fusion_gate=0.004698, q_gate_raw=0.000078, skill_latent=0.060087, relation_emb=2.231765e-16, relation_tau=6.122417e-12, relation_wq=8.497020e-17, relation_wk=5.992655e-17, personal_u=1.811085e-12, personal_v=1.163747e-12
2026-03-13 14:17:52,893 - INFO - [junyi|junyi_abce_b_rescue_full|lr=0.003|drop=0.40] -> New best AUC=0.8187 at epoch 16
2026-03-13 14:21:02,256 - INFO - [junyi|junyi_abce_b_rescue_full|lr=0.003|drop=0.40] Epoch [017/100] | Train: Loss=0.4986, BCE=0.4841, Reg=0.0145, AUC=0.8211, ACC=0.7694, RMSE=0.3985 | Val: Loss=0.4982, BCE=0.4837, Reg=0.0145, AUC=0.8186, ACC=0.7735, RMSE=0.3971
2026-03-13 14:21:02,257 - INFO - [junyi|junyi_abce_b_rescue_full|lr=0.003|drop=0.40] [Reg Terms] Epoch [017] | Train: graph_entropy=0.000000, graph_diag=0.000005, graph_uniform=0.006747, graph_reg_scale=1.0000, mf_l2=0.000000, delta_ratio=0.000000, proto_div=0.000012, proto_usage=0.000004, personal_sparse=0.007693, alpha_var=-0.000000, alpha_collapse=0.000000, reg_bce_ratio=0.0299 | Val: graph_entropy=0.000000, graph_diag=0.000000, graph_uniform=0.006747, graph_reg_scale=1.0000, mf_l2=0.000000, delta_ratio=0.000000, proto_div=0.000013, proto_usage=0.000005, personal_sparse=0.007697, alpha_var=-0.000000, alpha_collapse=0.000000, reg_bce_ratio=0.0299
2026-03-13 14:21:03,327 - INFO - [junyi|junyi_abce_b_rescue_full|lr=0.003|drop=0.40] [Diag][M3] Epoch [017] | residual_abs_mean=0.2500, residual_std=0.1426, mf_abs_mean=0.2500, mf_std=0.1426, gate_mean=0.1612, gate_std=0.0770, irt_abs_mean=1.8009, irt_std=1.0357, delta_abs_mean=0.0387, delta_std=0.0295, delta_over_irt=0.0215, proto_conf_mean=0.0599, proto_gate_mean=0.0060, warmup(mf/proto/personal)=1.00/1.00/1.00, graph_row_entropy=3.1781, graph_entropy_ratio=0.4845, alpha_mean=0.1750, alpha_std=0.0000, personal_row_entropy=3.8484
2026-03-13 14:21:03,327 - INFO - [junyi|junyi_abce_b_rescue_full|lr=0.003|drop=0.40] [Diag][Graph] Epoch [017] | entropy_ratio=0.4845, diag_mass=0.0000, to_uniform_l2=0.007551, to_identity_l2=0.038412, tau_mean=0.6931, tau_std=0.0000, graph_reg_scale(train/val)=1.0000/1.0000
2026-03-13 14:21:03,327 - WARNING - [junyi|junyi_abce_b_rescue_full|lr=0.003|drop=0.40] [Diag Warning] alpha_std has been near zero for 17 epoch(s) (alpha_std=0.000000, personal_row_entropy=3.8484). This indicates personal-graph mixing may be collapsed/trivial.
2026-03-13 14:21:03,327 - WARNING - [junyi|junyi_abce_b_rescue_full|lr=0.003|drop=0.40] [Diag Warning][Graph] graph-related grad norms are near zero for 17 epoch(s): relation_emb=1.111727e-16, relation_tau=9.746875e-13, relation_wq=8.573659e-17, relation_wk=9.094886e-17, personal_u=1.727183e-12, personal_v=2.761615e-12
2026-03-13 14:21:03,327 - INFO - [junyi|junyi_abce_b_rescue_full|lr=0.003|drop=0.40] [Grad Norms] Epoch [017] | mf_u_proj=0.007777, mf_v_proj=0.020056, fusion_gate=0.002302, q_gate_raw=0.000036, skill_latent=0.043853, relation_emb=1.111727e-16, relation_tau=9.746875e-13, relation_wq=8.573659e-17, relation_wk=9.094886e-17, personal_u=1.727183e-12, personal_v=2.761615e-12
2026-03-13 14:21:03,328 - INFO - [junyi|junyi_abce_b_rescue_full|lr=0.003|drop=0.40] -> No improvement 1 epoch(s) (best AUC=0.8187 @ 16)
2026-03-13 14:24:12,333 - INFO - [junyi|junyi_abce_b_rescue_full|lr=0.003|drop=0.40] Epoch [018/100] | Train: Loss=0.4983, BCE=0.4838, Reg=0.0145, AUC=0.8216, ACC=0.7694, RMSE=0.3983 | Val: Loss=0.5033, BCE=0.4889, Reg=0.0144, AUC=0.8179, ACC=0.7734, RMSE=0.3986
2026-03-13 14:24:12,333 - INFO - [junyi|junyi_abce_b_rescue_full|lr=0.003|drop=0.40] [Reg Terms] Epoch [018] | Train: graph_entropy=0.000000, graph_diag=0.000005, graph_uniform=0.006747, graph_reg_scale=1.0000, mf_l2=0.000000, delta_ratio=0.000000, proto_div=0.000009, proto_usage=0.000004, personal_sparse=0.007692, alpha_var=-0.000000, alpha_collapse=0.000000, reg_bce_ratio=0.0299 | Val: graph_entropy=0.000000, graph_diag=0.000000, graph_uniform=0.006747, graph_reg_scale=1.0000, mf_l2=0.000000, delta_ratio=0.000000, proto_div=0.000006, proto_usage=0.000003, personal_sparse=0.007682, alpha_var=-0.000000, alpha_collapse=0.000000, reg_bce_ratio=0.0295
2026-03-13 14:24:13,366 - INFO - [junyi|junyi_abce_b_rescue_full|lr=0.003|drop=0.40] [Diag][M3] Epoch [018] | residual_abs_mean=0.2296, residual_std=0.1738, mf_abs_mean=0.2296, mf_std=0.1738, gate_mean=0.1446, gate_std=0.0799, irt_abs_mean=1.9143, irt_std=1.0640, delta_abs_mean=0.0331, delta_std=0.0324, delta_over_irt=0.0173, proto_conf_mean=0.0432, proto_gate_mean=0.0043, warmup(mf/proto/personal)=1.00/1.00/1.00, graph_row_entropy=3.1781, graph_entropy_ratio=0.4845, alpha_mean=0.1752, alpha_std=0.0000, personal_row_entropy=3.8410
2026-03-13 14:24:13,366 - INFO - [junyi|junyi_abce_b_rescue_full|lr=0.003|drop=0.40] [Diag][Graph] Epoch [018] | entropy_ratio=0.4845, diag_mass=0.0000, to_uniform_l2=0.007551, to_identity_l2=0.038412, tau_mean=0.6931, tau_std=0.0000, graph_reg_scale(train/val)=1.0000/1.0000
2026-03-13 14:24:13,366 - WARNING - [junyi|junyi_abce_b_rescue_full|lr=0.003|drop=0.40] [Diag Warning] alpha_std has been near zero for 18 epoch(s) (alpha_std=0.000000, personal_row_entropy=3.8410). This indicates personal-graph mixing may be collapsed/trivial.
2026-03-13 14:24:13,366 - WARNING - [junyi|junyi_abce_b_rescue_full|lr=0.003|drop=0.40] [Diag Warning][Graph] graph-related grad norms are near zero for 18 epoch(s): relation_emb=6.565639e-16, relation_tau=5.668062e-12, relation_wq=3.513790e-16, relation_wk=2.707659e-16, personal_u=1.131661e-12, personal_v=1.529053e-12
2026-03-13 14:24:13,366 - INFO - [junyi|junyi_abce_b_rescue_full|lr=0.003|drop=0.40] [Grad Norms] Epoch [018] | mf_u_proj=0.010366, mf_v_proj=0.017833, fusion_gate=0.002453, q_gate_raw=0.000055, skill_latent=0.074130, relation_emb=6.565639e-16, relation_tau=5.668062e-12, relation_wq=3.513790e-16, relation_wk=2.707659e-16, personal_u=1.131661e-12, personal_v=1.529053e-12
2026-03-13 14:24:13,366 - INFO - [junyi|junyi_abce_b_rescue_full|lr=0.003|drop=0.40] -> No improvement 2 epoch(s) (best AUC=0.8187 @ 16)
2026-03-13 14:27:22,519 - INFO - [junyi|junyi_abce_b_rescue_full|lr=0.003|drop=0.40] Epoch [019/100] | Train: Loss=0.4855, BCE=0.4713, Reg=0.0142, AUC=0.8321, ACC=0.7777, RMSE=0.3921 | Val: Loss=0.4934, BCE=0.4803, Reg=0.0131, AUC=0.8229, ACC=0.7776, RMSE=0.3954
2026-03-13 14:27:22,519 - INFO - [junyi|junyi_abce_b_rescue_full|lr=0.003|drop=0.40] [Reg Terms] Epoch [019] | Train: graph_entropy=0.000000, graph_diag=0.000000, graph_uniform=0.006747, graph_reg_scale=1.0000, mf_l2=0.000000, delta_ratio=0.000000, proto_div=0.000005, proto_usage=0.000002, personal_sparse=0.007414, alpha_var=-0.000000, alpha_collapse=0.000000, reg_bce_ratio=0.0301 | Val: graph_entropy=0.000000, graph_diag=0.000000, graph_uniform=0.006747, graph_reg_scale=1.0000, mf_l2=0.000000, delta_ratio=0.000000, proto_div=0.000008, proto_usage=0.000002, personal_sparse=0.006356, alpha_var=-0.000000, alpha_collapse=0.000000, reg_bce_ratio=0.0273
2026-03-13 14:27:23,685 - INFO - [junyi|junyi_abce_b_rescue_full|lr=0.003|drop=0.40] [Diag][M3] Epoch [019] | residual_abs_mean=0.2388, residual_std=0.1540, mf_abs_mean=0.2388, mf_std=0.1540, gate_mean=0.1599, gate_std=0.0785, irt_abs_mean=1.9047, irt_std=1.0628, delta_abs_mean=0.0364, delta_std=0.0287, delta_over_irt=0.0191, proto_conf_mean=0.0262, proto_gate_mean=0.0026, warmup(mf/proto/personal)=1.00/1.00/1.00, graph_row_entropy=3.1781, graph_entropy_ratio=0.4845, alpha_mean=0.1750, alpha_std=0.0000, personal_row_entropy=3.1782
2026-03-13 14:27:23,685 - INFO - [junyi|junyi_abce_b_rescue_full|lr=0.003|drop=0.40] [Diag][Graph] Epoch [019] | entropy_ratio=0.4845, diag_mass=0.0000, to_uniform_l2=0.007551, to_identity_l2=0.038412, tau_mean=0.6931, tau_std=0.0000, graph_reg_scale(train/val)=1.0000/1.0000
2026-03-13 14:27:23,685 - WARNING - [junyi|junyi_abce_b_rescue_full|lr=0.003|drop=0.40] [Diag Warning] alpha_std has been near zero for 19 epoch(s) (alpha_std=0.000000, personal_row_entropy=3.1782). This indicates personal-graph mixing may be collapsed/trivial.
2026-03-13 14:27:23,685 - WARNING - [junyi|junyi_abce_b_rescue_full|lr=0.003|drop=0.40] [Diag Warning][Graph] graph-related grad norms are near zero for 19 epoch(s): relation_emb=0.000000e+00, relation_tau=0.000000e+00, relation_wq=0.000000e+00, relation_wk=0.000000e+00, personal_u=0.000000e+00, personal_v=0.000000e+00
2026-03-13 14:27:23,685 - INFO - [junyi|junyi_abce_b_rescue_full|lr=0.003|drop=0.40] [Grad Norms] Epoch [019] | mf_u_proj=0.016523, mf_v_proj=0.016659, fusion_gate=0.001065, q_gate_raw=0.000028, skill_latent=0.081995, relation_emb=0.000000e+00, relation_tau=0.000000e+00, relation_wq=0.000000e+00, relation_wk=0.000000e+00, personal_u=0.000000e+00, personal_v=0.000000e+00
2026-03-13 14:27:24,215 - INFO - [junyi|junyi_abce_b_rescue_full|lr=0.003|drop=0.40] -> New best AUC=0.8229 at epoch 19
2026-03-13 14:30:35,353 - INFO - [junyi|junyi_abce_b_rescue_full|lr=0.003|drop=0.40] Epoch [020/100] | Train: Loss=0.4812, BCE=0.4681, Reg=0.0131, AUC=0.8345, ACC=0.7794, RMSE=0.3906 | Val: Loss=0.4957, BCE=0.4826, Reg=0.0131, AUC=0.8225, ACC=0.7768, RMSE=0.3966
2026-03-13 14:30:35,353 - INFO - [junyi|junyi_abce_b_rescue_full|lr=0.003|drop=0.40] [Reg Terms] Epoch [020] | Train: graph_entropy=0.000000, graph_diag=0.000002, graph_uniform=0.006747, graph_reg_scale=1.0000, mf_l2=0.000000, delta_ratio=0.000000, proto_div=0.000005, proto_usage=0.000002, personal_sparse=0.006356, alpha_var=-0.000000, alpha_collapse=0.000000, reg_bce_ratio=0.0280 | Val: graph_entropy=0.000000, graph_diag=0.000000, graph_uniform=0.006747, graph_reg_scale=1.0000, mf_l2=0.000000, delta_ratio=0.000000, proto_div=0.000004, proto_usage=0.000001, personal_sparse=0.006356, alpha_var=-0.000000, alpha_collapse=0.000000, reg_bce_ratio=0.0272
2026-03-13 14:30:36,534 - INFO - [junyi|junyi_abce_b_rescue_full|lr=0.003|drop=0.40] [Diag][M3] Epoch [020] | residual_abs_mean=0.2118, residual_std=0.1419, mf_abs_mean=0.2118, mf_std=0.1419, gate_mean=0.1775, gate_std=0.0772, irt_abs_mean=1.8533, irt_std=1.0619, delta_abs_mean=0.0356, delta_std=0.0277, delta_over_irt=0.0192, proto_conf_mean=0.0152, proto_gate_mean=0.0015, warmup(mf/proto/personal)=1.00/1.00/1.00, graph_row_entropy=3.1781, graph_entropy_ratio=0.4845, alpha_mean=0.1750, alpha_std=0.0000, personal_row_entropy=3.1782
2026-03-13 14:30:36,534 - INFO - [junyi|junyi_abce_b_rescue_full|lr=0.003|drop=0.40] [Diag][Graph] Epoch [020] | entropy_ratio=0.4845, diag_mass=0.0000, to_uniform_l2=0.007551, to_identity_l2=0.038412, tau_mean=0.6931, tau_std=0.0000, graph_reg_scale(train/val)=1.0000/1.0000
2026-03-13 14:30:36,534 - WARNING - [junyi|junyi_abce_b_rescue_full|lr=0.003|drop=0.40] [Diag Warning] alpha_std has been near zero for 20 epoch(s) (alpha_std=0.000000, personal_row_entropy=3.1782). This indicates personal-graph mixing may be collapsed/trivial.
2026-03-13 14:30:36,535 - WARNING - [junyi|junyi_abce_b_rescue_full|lr=0.003|drop=0.40] [Diag Warning][Graph] graph-related grad norms are near zero for 20 epoch(s): relation_emb=0.000000e+00, relation_tau=0.000000e+00, relation_wq=0.000000e+00, relation_wk=0.000000e+00, personal_u=0.000000e+00, personal_v=0.000000e+00
2026-03-13 14:30:36,535 - INFO - [junyi|junyi_abce_b_rescue_full|lr=0.003|drop=0.40] [Grad Norms] Epoch [020] | mf_u_proj=0.015420, mf_v_proj=0.021491, fusion_gate=0.001927, q_gate_raw=0.000044, skill_latent=2.172615, relation_emb=0.000000e+00, relation_tau=0.000000e+00, relation_wq=0.000000e+00, relation_wk=0.000000e+00, personal_u=0.000000e+00, personal_v=0.000000e+00
2026-03-13 14:30:36,535 - INFO - [junyi|junyi_abce_b_rescue_full|lr=0.003|drop=0.40] -> No improvement 1 epoch(s) (best AUC=0.8229 @ 19)
2026-03-13 14:30:36,608 - INFO - [junyi|junyi_abce_b_rescue_full|lr=0.003|drop=0.40] Checkpoint saved: checkpoints/abce_diag/v3_screen_full_20260313_132647/junyi/seed42/b_rescue_full/checkpoint_epoch_20.pth
2026-03-13 14:30:37,014 - INFO - [junyi|junyi_abce_b_rescue_full|lr=0.003|drop=0.40] [Module Activity] Epoch 20: Proto[OK] Graph[OK] Personal[X] MF[OK]
2026-03-13 14:33:47,641 - INFO - [junyi|junyi_abce_b_rescue_full|lr=0.003|drop=0.40] Epoch [021/100] | Train: Loss=0.4806, BCE=0.4666, Reg=0.0140, AUC=0.8359, ACC=0.7806, RMSE=0.3898 | Val: Loss=0.4949, BCE=0.4804, Reg=0.0145, AUC=0.8229, ACC=0.7760, RMSE=0.3957
2026-03-13 14:33:47,641 - INFO - [junyi|junyi_abce_b_rescue_full|lr=0.003|drop=0.40] [Reg Terms] Epoch [021] | Train: graph_entropy=0.000000, graph_diag=0.000002, graph_uniform=0.006747, graph_reg_scale=1.0000, mf_l2=0.000000, delta_ratio=0.000000, proto_div=0.000006, proto_usage=0.000001, personal_sparse=0.007267, alpha_var=-0.000000, alpha_collapse=0.000000, reg_bce_ratio=0.0301 | Val: graph_entropy=0.000000, graph_diag=0.000000, graph_uniform=0.006747, graph_reg_scale=1.0000, mf_l2=0.000000, delta_ratio=0.000000, proto_div=0.000014, proto_usage=0.000006, personal_sparse=0.007688, alpha_var=-0.000000, alpha_collapse=0.000000, reg_bce_ratio=0.0301
2026-03-13 14:33:48,823 - INFO - [junyi|junyi_abce_b_rescue_full|lr=0.003|drop=0.40] [Diag][M3] Epoch [021] | residual_abs_mean=0.1608, residual_std=0.1100, mf_abs_mean=0.1608, mf_std=0.1100, gate_mean=0.1766, gate_std=0.0789, irt_abs_mean=1.8697, irt_std=1.0706, delta_abs_mean=0.0296, delta_std=0.0259, delta_over_irt=0.0158, proto_conf_mean=0.0587, proto_gate_mean=0.0059, warmup(mf/proto/personal)=1.00/1.00/1.00, graph_row_entropy=3.1781, graph_entropy_ratio=0.4845, alpha_mean=0.1751, alpha_std=0.0000, personal_row_entropy=3.8439
2026-03-13 14:33:48,823 - INFO - [junyi|junyi_abce_b_rescue_full|lr=0.003|drop=0.40] [Diag][Graph] Epoch [021] | entropy_ratio=0.4845, diag_mass=0.0000, to_uniform_l2=0.007551, to_identity_l2=0.038412, tau_mean=0.6931, tau_std=0.0000, graph_reg_scale(train/val)=1.0000/1.0000
2026-03-13 14:33:48,823 - WARNING - [junyi|junyi_abce_b_rescue_full|lr=0.003|drop=0.40] [Diag Warning] alpha_std has been near zero for 21 epoch(s) (alpha_std=0.000000, personal_row_entropy=3.8439). This indicates personal-graph mixing may be collapsed/trivial.
2026-03-13 14:33:48,823 - WARNING - [junyi|junyi_abce_b_rescue_full|lr=0.003|drop=0.40] [Diag Warning][Graph] graph-related grad norms are near zero for 21 epoch(s): relation_emb=2.069660e-19, relation_tau=2.374456e-13, relation_wq=6.408360e-20, relation_wk=4.599819e-20, personal_u=9.024933e-14, personal_v=3.811466e-14
2026-03-13 14:33:48,823 - INFO - [junyi|junyi_abce_b_rescue_full|lr=0.003|drop=0.40] [Grad Norms] Epoch [021] | mf_u_proj=0.018598, mf_v_proj=0.028467, fusion_gate=0.007707, q_gate_raw=0.000066, skill_latent=0.051153, relation_emb=2.069660e-19, relation_tau=2.374456e-13, relation_wq=6.408360e-20, relation_wk=4.599819e-20, personal_u=9.024933e-14, personal_v=3.811466e-14
2026-03-13 14:33:48,823 - INFO - [junyi|junyi_abce_b_rescue_full|lr=0.003|drop=0.40] -> No improvement 2 epoch(s) (best AUC=0.8229 @ 19)
2026-03-13 14:36:59,451 - INFO - [junyi|junyi_abce_b_rescue_full|lr=0.003|drop=0.40] Epoch [022/100] | Train: Loss=0.4655, BCE=0.4513, Reg=0.0141, AUC=0.8478, ACC=0.7900, RMSE=0.3822 | Val: Loss=0.4956, BCE=0.4825, Reg=0.0131, AUC=0.8238, ACC=0.7762, RMSE=0.3962
2026-03-13 14:36:59,451 - INFO - [junyi|junyi_abce_b_rescue_full|lr=0.003|drop=0.40] [Reg Terms] Epoch [022] | Train: graph_entropy=0.000000, graph_diag=0.000000, graph_uniform=0.006747, graph_reg_scale=1.0000, mf_l2=0.000000, delta_ratio=0.000000, proto_div=0.000001, proto_usage=0.000001, personal_sparse=0.007378, alpha_var=-0.000000, alpha_collapse=0.000000, reg_bce_ratio=0.0313 | Val: graph_entropy=0.000000, graph_diag=0.000000, graph_uniform=0.006747, graph_reg_scale=1.0000, mf_l2=0.000000, delta_ratio=0.000000, proto_div=0.000000, proto_usage=0.000000, personal_sparse=0.006356, alpha_var=-0.000000, alpha_collapse=0.000000, reg_bce_ratio=0.0272
2026-03-13 14:37:00,644 - INFO - [junyi|junyi_abce_b_rescue_full|lr=0.003|drop=0.40] [Diag][M3] Epoch [022] | residual_abs_mean=0.2070, residual_std=0.1320, mf_abs_mean=0.2070, mf_std=0.1320, gate_mean=0.1896, gate_std=0.0805, irt_abs_mean=1.9398, irt_std=1.1051, delta_abs_mean=0.0381, delta_std=0.0300, delta_over_irt=0.0197, proto_conf_mean=0.0066, proto_gate_mean=0.0007, warmup(mf/proto/personal)=1.00/1.00/1.00, graph_row_entropy=3.1781, graph_entropy_ratio=0.4845, alpha_mean=0.1750, alpha_std=0.0000, personal_row_entropy=3.1782
2026-03-13 14:37:00,644 - INFO - [junyi|junyi_abce_b_rescue_full|lr=0.003|drop=0.40] [Diag][Graph] Epoch [022] | entropy_ratio=0.4845, diag_mass=0.0000, to_uniform_l2=0.007551, to_identity_l2=0.038412, tau_mean=0.6931, tau_std=0.0000, graph_reg_scale(train/val)=1.0000/1.0000
2026-03-13 14:37:00,644 - WARNING - [junyi|junyi_abce_b_rescue_full|lr=0.003|drop=0.40] [Diag Warning] alpha_std has been near zero for 22 epoch(s) (alpha_std=0.000000, personal_row_entropy=3.1782). This indicates personal-graph mixing may be collapsed/trivial.
2026-03-13 14:37:00,644 - WARNING - [junyi|junyi_abce_b_rescue_full|lr=0.003|drop=0.40] [Diag Warning][Graph] graph-related grad norms are near zero for 22 epoch(s): relation_emb=0.000000e+00, relation_tau=0.000000e+00, relation_wq=0.000000e+00, relation_wk=0.000000e+00, personal_u=0.000000e+00, personal_v=0.000000e+00
2026-03-13 14:37:00,644 - INFO - [junyi|junyi_abce_b_rescue_full|lr=0.003|drop=0.40] [Grad Norms] Epoch [022] | mf_u_proj=0.029218, mf_v_proj=0.038701, fusion_gate=0.002701, q_gate_raw=0.000073, skill_latent=0.194280, relation_emb=0.000000e+00, relation_tau=0.000000e+00, relation_wq=0.000000e+00, relation_wk=0.000000e+00, personal_u=0.000000e+00, personal_v=0.000000e+00
2026-03-13 14:37:01,134 - INFO - [junyi|junyi_abce_b_rescue_full|lr=0.003|drop=0.40] -> New best AUC=0.8238 at epoch 22
2026-03-13 14:40:12,055 - INFO - [junyi|junyi_abce_b_rescue_full|lr=0.003|drop=0.40] Epoch [023/100] | Train: Loss=0.4585, BCE=0.4454, Reg=0.0131, AUC=0.8521, ACC=0.7932, RMSE=0.3794 | Val: Loss=0.4964, BCE=0.4833, Reg=0.0131, AUC=0.8232, ACC=0.7760, RMSE=0.3967
2026-03-13 14:40:12,055 - INFO - [junyi|junyi_abce_b_rescue_full|lr=0.003|drop=0.40] [Reg Terms] Epoch [023] | Train: graph_entropy=0.000000, graph_diag=0.000000, graph_uniform=0.006747, graph_reg_scale=1.0000, mf_l2=0.000000, delta_ratio=0.000000, proto_div=0.000001, proto_usage=0.000001, personal_sparse=0.006356, alpha_var=-0.000000, alpha_collapse=0.000000, reg_bce_ratio=0.0294 | Val: graph_entropy=0.000000, graph_diag=0.000000, graph_uniform=0.006747, graph_reg_scale=1.0000, mf_l2=0.000000, delta_ratio=0.000000, proto_div=0.000011, proto_usage=0.000004, personal_sparse=0.006356, alpha_var=-0.000000, alpha_collapse=0.000000, reg_bce_ratio=0.0271
2026-03-13 14:40:13,078 - INFO - [junyi|junyi_abce_b_rescue_full|lr=0.003|drop=0.40] [Diag][M3] Epoch [023] | residual_abs_mean=0.2016, residual_std=0.1376, mf_abs_mean=0.2016, mf_std=0.1376, gate_mean=0.2209, gate_std=0.0761, irt_abs_mean=1.9372, irt_std=1.1186, delta_abs_mean=0.0455, delta_std=0.0369, delta_over_irt=0.0235, proto_conf_mean=0.0454, proto_gate_mean=0.0045, warmup(mf/proto/personal)=1.00/1.00/1.00, graph_row_entropy=3.1781, graph_entropy_ratio=0.4845, alpha_mean=0.1750, alpha_std=0.0000, personal_row_entropy=3.1782
2026-03-13 14:40:13,078 - INFO - [junyi|junyi_abce_b_rescue_full|lr=0.003|drop=0.40] [Diag][Graph] Epoch [023] | entropy_ratio=0.4845, diag_mass=0.0000, to_uniform_l2=0.007551, to_identity_l2=0.038412, tau_mean=0.6931, tau_std=0.0000, graph_reg_scale(train/val)=1.0000/1.0000
2026-03-13 14:40:13,078 - WARNING - [junyi|junyi_abce_b_rescue_full|lr=0.003|drop=0.40] [Diag Warning] alpha_std has been near zero for 23 epoch(s) (alpha_std=0.000000, personal_row_entropy=3.1782). This indicates personal-graph mixing may be collapsed/trivial.
2026-03-13 14:40:13,079 - WARNING - [junyi|junyi_abce_b_rescue_full|lr=0.003|drop=0.40] [Diag Warning][Graph] graph-related grad norms are near zero for 23 epoch(s): relation_emb=0.000000e+00, relation_tau=0.000000e+00, relation_wq=0.000000e+00, relation_wk=0.000000e+00, personal_u=0.000000e+00, personal_v=0.000000e+00
2026-03-13 14:40:13,079 - INFO - [junyi|junyi_abce_b_rescue_full|lr=0.003|drop=0.40] [Grad Norms] Epoch [023] | mf_u_proj=0.018477, mf_v_proj=0.038194, fusion_gate=0.008850, q_gate_raw=0.000049, skill_latent=0.094826, relation_emb=0.000000e+00, relation_tau=0.000000e+00, relation_wq=0.000000e+00, relation_wk=0.000000e+00, personal_u=0.000000e+00, personal_v=0.000000e+00
2026-03-13 14:40:13,079 - INFO - [junyi|junyi_abce_b_rescue_full|lr=0.003|drop=0.40] -> No improvement 1 epoch(s) (best AUC=0.8238 @ 22)
2026-03-13 14:43:24,060 - INFO - [junyi|junyi_abce_b_rescue_full|lr=0.003|drop=0.40] Epoch [024/100] | Train: Loss=0.4411, BCE=0.4280, Reg=0.0131, AUC=0.8649, ACC=0.8033, RMSE=0.3707 | Val: Loss=0.5030, BCE=0.4899, Reg=0.0131, AUC=0.8222, ACC=0.7735, RMSE=0.3988
2026-03-13 14:43:24,060 - INFO - [junyi|junyi_abce_b_rescue_full|lr=0.003|drop=0.40] [Reg Terms] Epoch [024] | Train: graph_entropy=0.000000, graph_diag=0.000000, graph_uniform=0.006747, graph_reg_scale=1.0000, mf_l2=0.000000, delta_ratio=0.000000, proto_div=0.000002, proto_usage=0.000001, personal_sparse=0.006356, alpha_var=-0.000000, alpha_collapse=0.000000, reg_bce_ratio=0.0306 | Val: graph_entropy=0.000000, graph_diag=0.000000, graph_uniform=0.006747, graph_reg_scale=1.0000, mf_l2=0.000000, delta_ratio=0.000000, proto_div=0.000000, proto_usage=0.000000, personal_sparse=0.006356, alpha_var=-0.000000, alpha_collapse=0.000000, reg_bce_ratio=0.0267
2026-03-13 14:43:25,419 - INFO - [junyi|junyi_abce_b_rescue_full|lr=0.003|drop=0.40] [Diag][M3] Epoch [024] | residual_abs_mean=0.1911, residual_std=0.1307, mf_abs_mean=0.1911, mf_std=0.1307, gate_mean=0.2605, gate_std=0.0671, irt_abs_mean=2.0362, irt_std=1.1381, delta_abs_mean=0.0488, delta_std=0.0356, delta_over_irt=0.0240, proto_conf_mean=0.0077, proto_gate_mean=0.0008, warmup(mf/proto/personal)=1.00/1.00/1.00, graph_row_entropy=3.1781, graph_entropy_ratio=0.4845, alpha_mean=0.1750, alpha_std=0.0000, personal_row_entropy=3.1782
2026-03-13 14:43:25,419 - INFO - [junyi|junyi_abce_b_rescue_full|lr=0.003|drop=0.40] [Diag][Graph] Epoch [024] | entropy_ratio=0.4845, diag_mass=0.0000, to_uniform_l2=0.007551, to_identity_l2=0.038412, tau_mean=0.6931, tau_std=0.0000, graph_reg_scale(train/val)=1.0000/1.0000
2026-03-13 14:43:25,419 - WARNING - [junyi|junyi_abce_b_rescue_full|lr=0.003|drop=0.40] [Diag Warning] alpha_std has been near zero for 24 epoch(s) (alpha_std=0.000000, personal_row_entropy=3.1782). This indicates personal-graph mixing may be collapsed/trivial.
2026-03-13 14:43:25,419 - WARNING - [junyi|junyi_abce_b_rescue_full|lr=0.003|drop=0.40] [Diag Warning][Graph] graph-related grad norms are near zero for 24 epoch(s): relation_emb=0.000000e+00, relation_tau=0.000000e+00, relation_wq=0.000000e+00, relation_wk=0.000000e+00, personal_u=0.000000e+00, personal_v=0.000000e+00
2026-03-13 14:43:25,420 - INFO - [junyi|junyi_abce_b_rescue_full|lr=0.003|drop=0.40] [Grad Norms] Epoch [024] | mf_u_proj=0.049246, mf_v_proj=0.050340, fusion_gate=0.004409, q_gate_raw=0.000061, skill_latent=0.275939, relation_emb=0.000000e+00, relation_tau=0.000000e+00, relation_wq=0.000000e+00, relation_wk=0.000000e+00, personal_u=0.000000e+00, personal_v=0.000000e+00
2026-03-13 14:43:25,420 - INFO - [junyi|junyi_abce_b_rescue_full|lr=0.003|drop=0.40] -> No improvement 2 epoch(s) (best AUC=0.8238 @ 22)
2026-03-13 14:46:36,358 - INFO - [junyi|junyi_abce_b_rescue_full|lr=0.003|drop=0.40] Epoch [025/100] | Train: Loss=0.4327, BCE=0.4196, Reg=0.0131, AUC=0.8707, ACC=0.8082, RMSE=0.3665 | Val: Loss=0.5050, BCE=0.4919, Reg=0.0131, AUC=0.8214, ACC=0.7738, RMSE=0.3994
2026-03-13 14:46:36,358 - INFO - [junyi|junyi_abce_b_rescue_full|lr=0.003|drop=0.40] [Reg Terms] Epoch [025] | Train: graph_entropy=0.000000, graph_diag=0.000002, graph_uniform=0.006747, graph_reg_scale=1.0000, mf_l2=0.000000, delta_ratio=0.000000, proto_div=0.000001, proto_usage=0.000000, personal_sparse=0.006356, alpha_var=-0.000000, alpha_collapse=0.000000, reg_bce_ratio=0.0312 | Val: graph_entropy=0.000000, graph_diag=0.000000, graph_uniform=0.006747, graph_reg_scale=1.0000, mf_l2=0.000000, delta_ratio=0.000000, proto_div=0.000000, proto_usage=0.000000, personal_sparse=0.006356, alpha_var=-0.000000, alpha_collapse=0.000000, reg_bce_ratio=0.0266
2026-03-13 14:46:37,479 - INFO - [junyi|junyi_abce_b_rescue_full|lr=0.003|drop=0.40] [Diag][M3] Epoch [025] | residual_abs_mean=0.2465, residual_std=0.1449, mf_abs_mean=0.2465, mf_std=0.1449, gate_mean=0.3883, gate_std=0.0190, irt_abs_mean=2.0288, irt_std=1.1545, delta_abs_mean=0.0960, delta_std=0.0572, delta_over_irt=0.0473, proto_conf_mean=0.0056, proto_gate_mean=0.0006, warmup(mf/proto/personal)=1.00/1.00/1.00, graph_row_entropy=3.1781, graph_entropy_ratio=0.4845, alpha_mean=0.1750, alpha_std=0.0000, personal_row_entropy=3.1782
2026-03-13 14:46:37,479 - INFO - [junyi|junyi_abce_b_rescue_full|lr=0.003|drop=0.40] [Diag][Graph] Epoch [025] | entropy_ratio=0.4845, diag_mass=0.0000, to_uniform_l2=0.007551, to_identity_l2=0.038412, tau_mean=0.6931, tau_std=0.0000, graph_reg_scale(train/val)=1.0000/1.0000
2026-03-13 14:46:37,479 - WARNING - [junyi|junyi_abce_b_rescue_full|lr=0.003|drop=0.40] [Diag Warning] alpha_std has been near zero for 25 epoch(s) (alpha_std=0.000000, personal_row_entropy=3.1782). This indicates personal-graph mixing may be collapsed/trivial.
2026-03-13 14:46:37,480 - WARNING - [junyi|junyi_abce_b_rescue_full|lr=0.003|drop=0.40] [Diag Warning][Graph] graph-related grad norms are near zero for 25 epoch(s): relation_emb=0.000000e+00, relation_tau=0.000000e+00, relation_wq=0.000000e+00, relation_wk=0.000000e+00, personal_u=0.000000e+00, personal_v=0.000000e+00
2026-03-13 14:46:37,480 - INFO - [junyi|junyi_abce_b_rescue_full|lr=0.003|drop=0.40] [Grad Norms] Epoch [025] | mf_u_proj=0.077206, mf_v_proj=0.076033, fusion_gate=0.002401, q_gate_raw=0.000076, skill_latent=0.449602, relation_emb=0.000000e+00, relation_tau=0.000000e+00, relation_wq=0.000000e+00, relation_wk=0.000000e+00, personal_u=0.000000e+00, personal_v=0.000000e+00
2026-03-13 14:46:37,480 - INFO - [junyi|junyi_abce_b_rescue_full|lr=0.003|drop=0.40] -> No improvement 3 epoch(s) (best AUC=0.8238 @ 22)
2026-03-13 14:46:37,480 - INFO - [junyi|junyi_abce_b_rescue_full|lr=0.003|drop=0.40] Early stopping at epoch 25 (best AUC=0.8238 @ 22)
2026-03-13 14:46:37,487 - INFO - Epoch-wise metrics saved to checkpoints/abce_diag/v3_screen_full_20260313_132647/junyi/seed42/b_rescue_full/metrics_history.csv
2026-03-13 14:46:37,489 - INFO - [junyi|junyi_abce_b_rescue_full|lr=0.003|drop=0.40] Training completed! Best Val AUC=0.8238 @ epoch 22
2026-03-13 14:46:37,880 - INFO - 
============================================================
         MODULE ACTIVITY REPORT
============================================================
Dataset: junyi | Seed: 42 | Epoch: 25

1. Soft Prototype Module:
   - Usage entropy: 1.384 / 1.386
   - Usage ratio: 99.8%
   - Prototype distribution: ['0.26', '0.23', '0.27', '0.24']
   - Status: ACTIVE

2. Concept Graph Module:
   - Mean row entropy: 3.178 / 6.560
   - Entropy ratio: 48.4%
   - Status: ACTIVE (learning meaningful structure)

3. Personal Graph Module:
   - Gate alpha mean: 0.175
   - Gate alpha std: 0.000
   - Status: MARGINAL (low alpha values)

4. Skill/MF Module:
   - MF logit |mean|: 0.2490
   - MF logit std: 0.2705
   - Fusion gate mean: 0.388
   - Status: ACTIVE (contributing to predictions)

------------------------------------------------------------
SUMMARY:
   Active modules: Soft Prototype, Concept Graph, Skill/MF
   Inactive modules: Personal Graph
============================================================
2026-03-13 14:46:37,880 - INFO - [junyi|junyi_abce_b_rescue_full|lr=0.003|drop=0.40] Module activity saved to checkpoints/abce_diag/v3_screen_full_20260313_132647/junyi/seed42/b_rescue_full/module_activity.json
2026-03-13 14:46:37,994 - INFO - Using device: cuda:0 (physical gpu 3)
2026-03-13 14:46:37,995 - INFO - Loading model from checkpoints/abce_diag/v3_screen_full_20260313_132647/junyi/seed42/b_rescue_full/best_model.pth...
2026-03-13 14:46:38,387 - INFO - Inference switches: ablate_module1=False, ablate_module2=False, ablate_module3=False | enable_module1=True, enable_module2=True, enable_module3=True | use_soft_prototype=True, use_mf_branch=True, use_concept_graph=True, use_q_aligned_residual=True, use_soft_prototype_main_path=True | effective(num_gnn_layers=2, num_prototypes=4)
2026-03-13 14:46:38,438 - INFO - [Inference] Ablation runtime check: args(ablate_module1=False,ablate_module2=False,ablate_module3=False) | model(enable_module1=True,enable_module2=True,enable_module3=True) | physical(has_knowledge_encoder=True,has_mf_branch=True,has_soft_prototype=True)
2026-03-13 14:46:38,438 - INFO - [Inference] [Module3 Init] fusion_gate_bias=-1.4000, fusion_gate_max=0.8500, implied_gate=0.1681, q_gate=0.5000, mf_scale=0.2000, bias_scale=0.2000, graph_tau_mean=1.0055, graph_tau_std=0.0000, graph_dropout=0.000
2026-03-13 14:46:38,440 - INFO - Model loaded from epoch 22. Start testing...
2026-03-13 14:46:48,153 - INFO - [Test] 200/262 batches done, samples=51200
2026-03-13 14:46:51,218 - INFO - 
==================================================
2026-03-13 14:46:51,218 - INFO - Test Results:
2026-03-13 14:46:51,218 - INFO - AUC: 0.8286
2026-03-13 14:46:51,218 - INFO - ACC: 0.7704
2026-03-13 14:46:51,218 - INFO - RMSE: 0.4009
2026-03-13 14:46:51,218 - INFO - ==================================================
2026-03-13 14:46:51,232 - INFO - Summary appended to /home/zsh/ConceptSkillCDM/results/experiment_results.csv
2026-03-13 14:46:51,247 - INFO - Run completed.
2026-03-13 14:46:51,247 - INFO - Best validation AUC: 0.8238 at epoch 22
2026-03-13 14:46:51,247 - INFO - Test metrics - AUC: 0.8286, ACC: 0.7704, RMSE: 0.4009
