2026-02-11 05:49:08,012 - INFO - Arguments:
2026-02-11 05:49:08,013 - INFO -   ablate_concept_graph: False
2026-02-11 05:49:08,013 - INFO -   ablate_module1: False
2026-02-11 05:49:08,013 - INFO -   ablate_module2: False
2026-02-11 05:49:08,013 - INFO -   ablate_module3: True
2026-02-11 05:49:08,013 - INFO -   ablate_skill_encoder: False
2026-02-11 05:49:08,013 - INFO -   ablate_soft_prototype: True
2026-02-11 05:49:08,013 - INFO -   allow_self_loop: True
2026-02-11 05:49:08,013 - INFO -   batch_size: 128
2026-02-11 05:49:08,013 - INFO -   data_dir: ./data/assist_09
2026-02-11 05:49:08,013 - INFO -   dataset_name: assist_09
2026-02-11 05:49:08,013 - INFO -   debug_module3_diag: True
2026-02-11 05:49:08,013 - INFO -   diag_batches: 2
2026-02-11 05:49:08,013 - INFO -   disable_q_aligned_residual: False
2026-02-11 05:49:08,013 - INFO -   disable_q_conditioning: False
2026-02-11 05:49:08,013 - INFO -   disable_self_loop: False
2026-02-11 05:49:08,013 - INFO -   disable_soft_prototype: True
2026-02-11 05:49:08,013 - INFO -   dropout: 0.1
2026-02-11 05:49:08,013 - INFO -   early_stop_patience: 3
2026-02-11 05:49:08,013 - INFO -   enable_module1: True
2026-02-11 05:49:08,013 - INFO -   enable_module2: True
2026-02-11 05:49:08,013 - INFO -   enable_module3: False
2026-02-11 05:49:08,013 - INFO -   enable_soft_prototype: False
2026-02-11 05:49:08,013 - INFO -   epochs: 30
2026-02-11 05:49:08,014 - INFO -   exercise_dim: 64
2026-02-11 05:49:08,014 - INFO -   exercise_l2_lambda: 5e-05
2026-02-11 05:49:08,014 - INFO -   fusion_gate_bias_init: -2.5
2026-02-11 05:49:08,014 - INFO -   fusion_gate_max: 0.4
2026-02-11 05:49:08,014 - INFO -   generate_diagnosis: False
2026-02-11 05:49:08,014 - INFO -   gnn_residual_weight: 0.5
2026-02-11 05:49:08,014 - INFO -   gpu_candidates: None
2026-02-11 05:49:08,014 - INFO -   gpu_ids: None
2026-02-11 05:49:08,014 - INFO -   gpu_memory_threshold: 2000
2026-02-11 05:49:08,014 - INFO -   gpus: None
2026-02-11 05:49:08,014 - INFO -   graph_topk: None
2026-02-11 05:49:08,014 - INFO -   knowledge_dim: 64
2026-02-11 05:49:08,014 - INFO -   lambda_alpha: 0.01
2026-02-11 05:49:08,014 - INFO -   lambda_proto_div: 0.0
2026-02-11 05:49:08,014 - INFO -   lambda_proto_usage: 0.0
2026-02-11 05:49:08,014 - INFO -   lambda_sparse: 0.01
2026-02-11 05:49:08,014 - INFO -   lambda_sparse_personal: 0.005
2026-02-11 05:49:08,014 - INFO -   learning_rate: 0.0003
2026-02-11 05:49:08,014 - INFO -   log_dir: logs/assist_09_m3grid/seed42/s0p01_d0p1_no3
2026-02-11 05:49:08,014 - INFO -   min_exer_interactions: 0
2026-02-11 05:49:08,014 - INFO -   min_poison_count: 0
2026-02-11 05:49:08,014 - INFO -   min_stu_interactions: 15
2026-02-11 05:49:08,014 - INFO -   model_variant: assist_09_m3grid_s0p01_d0p1_no3
2026-02-11 05:49:08,014 - INFO -   multi_gpu: False
2026-02-11 05:49:08,014 - INFO -   no_cuda: False
2026-02-11 05:49:08,014 - INFO -   num_gnn_layers: 1
2026-02-11 05:49:08,014 - INFO -   num_gpus: 1
2026-02-11 05:49:08,014 - INFO -   num_prototypes: 0
2026-02-11 05:49:08,014 - INFO -   num_relation_heads: 2
2026-02-11 05:49:08,015 - INFO -   num_workers: 4
2026-02-11 05:49:08,015 - INFO -   patience: 5
2026-02-11 05:49:08,015 - INFO -   personal_rank: 4
2026-02-11 05:49:08,015 - INFO -   proto_lambda: 0.0
2026-02-11 05:49:08,015 - INFO -   proto_tau: 1.0
2026-02-11 05:49:08,015 - INFO -   residual_clip_t: 2.0
2026-02-11 05:49:08,015 - INFO -   save_dir: checkpoints/assist_09_m3grid/seed42/s0p01_d0p1_no3
2026-02-11 05:49:08,015 - INFO -   save_interval: 10
2026-02-11 05:49:08,015 - INFO -   seed: 42
2026-02-11 05:49:08,015 - INFO -   skill_dim: 128
2026-02-11 05:49:08,015 - INFO -   use_concept_graph: True
2026-02-11 05:49:08,015 - INFO -   use_exercise_graph: True
2026-02-11 05:49:08,015 - INFO -   use_mf_branch: False
2026-02-11 05:49:08,015 - INFO -   use_personal_graph: True
2026-02-11 05:49:08,015 - INFO -   use_q_aligned_residual: True
2026-02-11 05:49:08,015 - INFO -   use_q_conditioning: True
2026-02-11 05:49:08,015 - INFO -   use_skill_encoder: False
2026-02-11 05:49:08,015 - INFO -   use_soft_prototype: False
2026-02-11 05:49:08,015 - INFO -   use_soft_prototype_main_path: False
2026-02-11 05:49:08,015 - INFO -   weight_decay: 1e-05
2026-02-11 05:49:08,102 - INFO - Using device: cuda:0
2026-02-11 05:49:08,102 - INFO - [assist_09|assist_09_m3grid_s0p01_d0p1_no3|lr=0.0003|drop=0.10] Loading datasets...
2026-02-11 05:49:08,102 - INFO - [assist_09|assist_09_m3grid_s0p01_d0p1_no3|lr=0.0003|drop=0.10] Regularization: graph_entropy(lambda_sparse)=0.010000, proto_div=0.000000, proto_usage=0.000000, personal_sparse=0.005000, alpha_penalty=0.010000, mf_l2(exercise_l2_lambda)=0.000050
2026-02-11 05:49:08,213 - INFO - [数据清洗] 学生交互次数 < 15 次的学生：共移除 0 个学生（仅统计用户数）
2026-02-11 05:49:08,226 - INFO - [数据清洗] 学生冷启动过滤：在 train/valid/test 中共删除 0 条记录。
2026-02-11 05:49:08,226 - INFO - [数据清洗] 跳过题目冷门过滤（min_exer_interactions <= 0）。
2026-02-11 05:49:08,226 - INFO - [数据清洗] 跳过毒题清洗（min_poison_count <= 0）。
2026-02-11 05:49:18,773 - INFO - [assist_09|assist_09_m3grid_s0p01_d0p1_no3|lr=0.0003|drop=0.10] Train samples: 194489, Val samples: 20385
2026-02-11 05:49:18,773 - INFO - [assist_09|assist_09_m3grid_s0p01_d0p1_no3|lr=0.0003|drop=0.10] Number of students: 2493
2026-02-11 05:49:18,773 - INFO - [assist_09|assist_09_m3grid_s0p01_d0p1_no3|lr=0.0003|drop=0.10] Number of exercises: 17676
2026-02-11 05:49:18,773 - INFO - [assist_09|assist_09_m3grid_s0p01_d0p1_no3|lr=0.0003|drop=0.10] Number of concepts: 123
2026-02-11 05:49:18,773 - INFO - [assist_09|assist_09_m3grid_s0p01_d0p1_no3|lr=0.0003|drop=0.10] Creating model...
2026-02-11 05:49:18,773 - INFO - [assist_09|assist_09_m3grid_s0p01_d0p1_no3|lr=0.0003|drop=0.10] Ablation switches: ablate_module1=False, ablate_module2=False, ablate_module3=True | enable_module1=True, enable_module2=True, enable_module3=False | use_soft_prototype=False, use_mf_branch=False, use_concept_graph=True, use_q_aligned_residual=True, use_soft_prototype_main_path=False | effective(num_gnn_layers=1, num_prototypes=0)
2026-02-11 05:49:18,909 - INFO - [assist_09|assist_09_m3grid_s0p01_d0p1_no3|lr=0.0003|drop=0.10] Ablation runtime check: args(ablate_module1=False,ablate_module2=False,ablate_module3=True) | model(enable_module1=True,enable_module2=True,enable_module3=False) | physical(has_knowledge_encoder=True,has_mf_branch=False,has_soft_prototype=False)
2026-02-11 05:49:18,909 - INFO - [assist_09|assist_09_m3grid_s0p01_d0p1_no3|lr=0.0003|drop=0.10] Debug diagnostics enabled: diag_batches=2
2026-02-11 05:49:18,909 - INFO - [assist_09|assist_09_m3grid_s0p01_d0p1_no3|lr=0.0003|drop=0.10] Total parameters: 292,959
2026-02-11 05:49:18,909 - INFO - [assist_09|assist_09_m3grid_s0p01_d0p1_no3|lr=0.0003|drop=0.10] Trainable parameters: 292,959
2026-02-11 05:49:19,879 - INFO - [assist_09|assist_09_m3grid_s0p01_d0p1_no3|lr=0.0003|drop=0.10] Starting training...
2026-02-11 05:49:44,217 - INFO - [assist_09|assist_09_m3grid_s0p01_d0p1_no3|lr=0.0003|drop=0.10] Epoch [001/30] | Train: Loss=0.6439, BCE=0.5858, Reg=0.0581, AUC=0.6932, ACC=0.6955, RMSE=0.4473 | Val: Loss=0.6178, BCE=0.5657, Reg=0.0521, AUC=0.7302, ACC=0.7112, RMSE=0.4376
2026-02-11 05:49:44,217 - INFO - [assist_09|assist_09_m3grid_s0p01_d0p1_no3|lr=0.0003|drop=0.10] [Reg Terms] Epoch [001] | Train: graph_entropy=0.047064, mf_l2=0.000000, proto_div=0.000000, proto_usage=0.000000, personal_sparse=0.012866, alpha_var=-0.001858, reg_bce_ratio=0.0991 | Val: graph_entropy=0.048122, mf_l2=0.000000, proto_div=0.000000, proto_usage=0.000000, personal_sparse=0.005479, alpha_var=-0.001522, reg_bce_ratio=0.0921
2026-02-11 05:49:44,504 - INFO - [assist_09|assist_09_m3grid_s0p01_d0p1_no3|lr=0.0003|drop=0.10] [Diag][M3] Epoch [001] | residual_abs_mean=0.0000, residual_std=0.0000, mf_abs_mean=0.0000, mf_std=0.0000, gate_mean=0.0000, gate_std=0.0000, irt_abs_mean=1.3305, irt_std=0.5746, delta_abs_mean=0.0000, delta_std=0.0000, delta_over_irt=0.0000, graph_row_entropy=4.8122, graph_entropy_ratio=1.0000, alpha_mean=0.2103, alpha_std=0.4064, personal_row_entropy=0.8536
2026-02-11 05:49:44,504 - INFO - [assist_09|assist_09_m3grid_s0p01_d0p1_no3|lr=0.0003|drop=0.10] [Grad Norms] Epoch [001] | mf_u_proj=0.000000, mf_v_proj=0.000000, fusion_gate=0.000000, q_gate_raw=0.000000, skill_latent=0.000000
2026-02-11 05:49:44,754 - INFO - [assist_09|assist_09_m3grid_s0p01_d0p1_no3|lr=0.0003|drop=0.10] -> New best AUC=0.7302 at epoch 1
2026-02-11 05:50:10,731 - INFO - [assist_09|assist_09_m3grid_s0p01_d0p1_no3|lr=0.0003|drop=0.10] Epoch [002/30] | Train: Loss=0.5959, BCE=0.5469, Reg=0.0490, AUC=0.7497, ACC=0.7249, RMSE=0.4286 | Val: Loss=0.6092, BCE=0.5592, Reg=0.0500, AUC=0.7369, ACC=0.7168, RMSE=0.4346
2026-02-11 05:50:10,731 - INFO - [assist_09|assist_09_m3grid_s0p01_d0p1_no3|lr=0.0003|drop=0.10] [Reg Terms] Epoch [002] | Train: graph_entropy=0.047064, mf_l2=0.000000, proto_div=0.000000, proto_usage=0.000000, personal_sparse=0.004309, alpha_var=-0.002393, reg_bce_ratio=0.0896 | Val: graph_entropy=0.048122, mf_l2=0.000000, proto_div=0.000000, proto_usage=0.000000, personal_sparse=0.003396, alpha_var=-0.001523, reg_bce_ratio=0.0894
2026-02-11 05:50:10,926 - INFO - [assist_09|assist_09_m3grid_s0p01_d0p1_no3|lr=0.0003|drop=0.10] [Diag][M3] Epoch [002] | residual_abs_mean=0.0000, residual_std=0.0000, mf_abs_mean=0.0000, mf_std=0.0000, gate_mean=0.0000, gate_std=0.0000, irt_abs_mean=1.3079, irt_std=0.6046, delta_abs_mean=0.0000, delta_std=0.0000, delta_over_irt=0.0000, graph_row_entropy=4.8122, graph_entropy_ratio=1.0000, alpha_mean=0.2118, alpha_std=0.4070, personal_row_entropy=0.6733
2026-02-11 05:50:10,927 - INFO - [assist_09|assist_09_m3grid_s0p01_d0p1_no3|lr=0.0003|drop=0.10] [Grad Norms] Epoch [002] | mf_u_proj=0.000000, mf_v_proj=0.000000, fusion_gate=0.000000, q_gate_raw=0.000000, skill_latent=0.000000
2026-02-11 05:50:11,257 - INFO - [assist_09|assist_09_m3grid_s0p01_d0p1_no3|lr=0.0003|drop=0.10] -> New best AUC=0.7369 at epoch 2
2026-02-11 05:50:38,527 - INFO - [assist_09|assist_09_m3grid_s0p01_d0p1_no3|lr=0.0003|drop=0.10] Epoch [003/30] | Train: Loss=0.5805, BCE=0.5329, Reg=0.0476, AUC=0.7659, ACC=0.7329, RMSE=0.4223 | Val: Loss=0.6064, BCE=0.5573, Reg=0.0491, AUC=0.7393, ACC=0.7161, RMSE=0.4339
2026-02-11 05:50:38,527 - INFO - [assist_09|assist_09_m3grid_s0p01_d0p1_no3|lr=0.0003|drop=0.10] [Reg Terms] Epoch [003] | Train: graph_entropy=0.047064, mf_l2=0.000000, proto_div=0.000000, proto_usage=0.000000, personal_sparse=0.002971, alpha_var=-0.002428, reg_bce_ratio=0.0893 | Val: graph_entropy=0.048122, mf_l2=0.000000, proto_div=0.000000, proto_usage=0.000000, personal_sparse=0.002506, alpha_var=-0.001555, reg_bce_ratio=0.0880
2026-02-11 05:50:38,809 - INFO - [assist_09|assist_09_m3grid_s0p01_d0p1_no3|lr=0.0003|drop=0.10] [Diag][M3] Epoch [003] | residual_abs_mean=0.0000, residual_std=0.0000, mf_abs_mean=0.0000, mf_std=0.0000, gate_mean=0.0000, gate_std=0.0000, irt_abs_mean=1.2862, irt_std=0.6370, delta_abs_mean=0.0000, delta_std=0.0000, delta_over_irt=0.0000, graph_row_entropy=4.8122, graph_entropy_ratio=1.0000, alpha_mean=0.2113, alpha_std=0.4068, personal_row_entropy=0.5552
2026-02-11 05:50:38,810 - INFO - [assist_09|assist_09_m3grid_s0p01_d0p1_no3|lr=0.0003|drop=0.10] [Grad Norms] Epoch [003] | mf_u_proj=0.000000, mf_v_proj=0.000000, fusion_gate=0.000000, q_gate_raw=0.000000, skill_latent=0.000000
2026-02-11 05:50:39,147 - INFO - [assist_09|assist_09_m3grid_s0p01_d0p1_no3|lr=0.0003|drop=0.10] -> New best AUC=0.7393 at epoch 3
2026-02-11 05:51:08,054 - INFO - [assist_09|assist_09_m3grid_s0p01_d0p1_no3|lr=0.0003|drop=0.10] Epoch [004/30] | Train: Loss=0.5698, BCE=0.5229, Reg=0.0469, AUC=0.7772, ACC=0.7383, RMSE=0.4178 | Val: Loss=0.6036, BCE=0.5551, Reg=0.0486, AUC=0.7419, ACC=0.7197, RMSE=0.4328
2026-02-11 05:51:08,054 - INFO - [assist_09|assist_09_m3grid_s0p01_d0p1_no3|lr=0.0003|drop=0.10] [Reg Terms] Epoch [004] | Train: graph_entropy=0.047063, mf_l2=0.000000, proto_div=0.000000, proto_usage=0.000000, personal_sparse=0.002310, alpha_var=-0.002441, reg_bce_ratio=0.0898 | Val: graph_entropy=0.048122, mf_l2=0.000000, proto_div=0.000000, proto_usage=0.000000, personal_sparse=0.002007, alpha_var=-0.001560, reg_bce_ratio=0.0875
2026-02-11 05:51:08,357 - INFO - [assist_09|assist_09_m3grid_s0p01_d0p1_no3|lr=0.0003|drop=0.10] [Diag][M3] Epoch [004] | residual_abs_mean=0.0000, residual_std=0.0000, mf_abs_mean=0.0000, mf_std=0.0000, gate_mean=0.0000, gate_std=0.0000, irt_abs_mean=1.3503, irt_std=0.6774, delta_abs_mean=0.0000, delta_std=0.0000, delta_over_irt=0.0000, graph_row_entropy=4.8122, graph_entropy_ratio=1.0000, alpha_mean=0.2113, alpha_std=0.4071, personal_row_entropy=0.3870
2026-02-11 05:51:08,357 - INFO - [assist_09|assist_09_m3grid_s0p01_d0p1_no3|lr=0.0003|drop=0.10] [Grad Norms] Epoch [004] | mf_u_proj=0.000000, mf_v_proj=0.000000, fusion_gate=0.000000, q_gate_raw=0.000000, skill_latent=0.000000
2026-02-11 05:51:08,694 - INFO - [assist_09|assist_09_m3grid_s0p01_d0p1_no3|lr=0.0003|drop=0.10] -> New best AUC=0.7419 at epoch 4
2026-02-11 05:51:36,926 - INFO - [assist_09|assist_09_m3grid_s0p01_d0p1_no3|lr=0.0003|drop=0.10] Epoch [005/30] | Train: Loss=0.5612, BCE=0.5147, Reg=0.0465, AUC=0.7862, ACC=0.7426, RMSE=0.4142 | Val: Loss=0.6024, BCE=0.5541, Reg=0.0483, AUC=0.7434, ACC=0.7191, RMSE=0.4323
2026-02-11 05:51:36,926 - INFO - [assist_09|assist_09_m3grid_s0p01_d0p1_no3|lr=0.0003|drop=0.10] [Reg Terms] Epoch [005] | Train: graph_entropy=0.047064, mf_l2=0.000000, proto_div=0.000000, proto_usage=0.000000, personal_sparse=0.001909, alpha_var=-0.002441, reg_bce_ratio=0.0904 | Val: graph_entropy=0.048122, mf_l2=0.000000, proto_div=0.000000, proto_usage=0.000000, personal_sparse=0.001710, alpha_var=-0.001558, reg_bce_ratio=0.0871
2026-02-11 05:51:37,256 - INFO - [assist_09|assist_09_m3grid_s0p01_d0p1_no3|lr=0.0003|drop=0.10] [Diag][M3] Epoch [005] | residual_abs_mean=0.0000, residual_std=0.0000, mf_abs_mean=0.0000, mf_std=0.0000, gate_mean=0.0000, gate_std=0.0000, irt_abs_mean=1.3212, irt_std=0.7148, delta_abs_mean=0.0000, delta_std=0.0000, delta_over_irt=0.0000, graph_row_entropy=4.8122, graph_entropy_ratio=1.0000, alpha_mean=0.2121, alpha_std=0.4041, personal_row_entropy=0.2828
2026-02-11 05:51:37,256 - INFO - [assist_09|assist_09_m3grid_s0p01_d0p1_no3|lr=0.0003|drop=0.10] [Grad Norms] Epoch [005] | mf_u_proj=0.000000, mf_v_proj=0.000000, fusion_gate=0.000000, q_gate_raw=0.000000, skill_latent=0.000000
2026-02-11 05:51:37,586 - INFO - [assist_09|assist_09_m3grid_s0p01_d0p1_no3|lr=0.0003|drop=0.10] -> New best AUC=0.7434 at epoch 5
2026-02-11 05:52:04,759 - INFO - [assist_09|assist_09_m3grid_s0p01_d0p1_no3|lr=0.0003|drop=0.10] Epoch [006/30] | Train: Loss=0.5540, BCE=0.5077, Reg=0.0463, AUC=0.7936, ACC=0.7459, RMSE=0.4113 | Val: Loss=0.6024, BCE=0.5544, Reg=0.0480, AUC=0.7447, ACC=0.7217, RMSE=0.4322
2026-02-11 05:52:04,759 - INFO - [assist_09|assist_09_m3grid_s0p01_d0p1_no3|lr=0.0003|drop=0.10] [Reg Terms] Epoch [006] | Train: graph_entropy=0.047063, mf_l2=0.000001, proto_div=0.000000, proto_usage=0.000000, personal_sparse=0.001640, alpha_var=-0.002448, reg_bce_ratio=0.0911 | Val: graph_entropy=0.048122, mf_l2=0.000001, proto_div=0.000000, proto_usage=0.000000, personal_sparse=0.001444, alpha_var=-0.001565, reg_bce_ratio=0.0866
2026-02-11 05:52:04,978 - INFO - [assist_09|assist_09_m3grid_s0p01_d0p1_no3|lr=0.0003|drop=0.10] [Diag][M3] Epoch [006] | residual_abs_mean=0.0000, residual_std=0.0000, mf_abs_mean=0.0000, mf_std=0.0000, gate_mean=0.0000, gate_std=0.0000, irt_abs_mean=1.3683, irt_std=0.7011, delta_abs_mean=0.0000, delta_std=0.0000, delta_over_irt=0.0000, graph_row_entropy=4.8122, graph_entropy_ratio=1.0000, alpha_mean=0.2102, alpha_std=0.4035, personal_row_entropy=0.3027
2026-02-11 05:52:04,979 - INFO - [assist_09|assist_09_m3grid_s0p01_d0p1_no3|lr=0.0003|drop=0.10] [Grad Norms] Epoch [006] | mf_u_proj=0.000000, mf_v_proj=0.000000, fusion_gate=0.000000, q_gate_raw=0.000000, skill_latent=0.000000
2026-02-11 05:52:05,275 - INFO - [assist_09|assist_09_m3grid_s0p01_d0p1_no3|lr=0.0003|drop=0.10] -> New best AUC=0.7447 at epoch 6
2026-02-11 05:52:33,171 - INFO - [assist_09|assist_09_m3grid_s0p01_d0p1_no3|lr=0.0003|drop=0.10] Epoch [007/30] | Train: Loss=0.5478, BCE=0.5018, Reg=0.0461, AUC=0.8000, ACC=0.7480, RMSE=0.4087 | Val: Loss=0.6027, BCE=0.5548, Reg=0.0479, AUC=0.7455, ACC=0.7223, RMSE=0.4321
2026-02-11 05:52:33,172 - INFO - [assist_09|assist_09_m3grid_s0p01_d0p1_no3|lr=0.0003|drop=0.10] [Reg Terms] Epoch [007] | Train: graph_entropy=0.047064, mf_l2=0.000001, proto_div=0.000000, proto_usage=0.000000, personal_sparse=0.001438, alpha_var=-0.002452, reg_bce_ratio=0.0918 | Val: graph_entropy=0.048122, mf_l2=0.000001, proto_div=0.000000, proto_usage=0.000000, personal_sparse=0.001322, alpha_var=-0.001583, reg_bce_ratio=0.0863
2026-02-11 05:52:33,453 - INFO - [assist_09|assist_09_m3grid_s0p01_d0p1_no3|lr=0.0003|drop=0.10] [Diag][M3] Epoch [007] | residual_abs_mean=0.0000, residual_std=0.0000, mf_abs_mean=0.0000, mf_std=0.0000, gate_mean=0.0000, gate_std=0.0000, irt_abs_mean=1.4449, irt_std=0.7582, delta_abs_mean=0.0000, delta_std=0.0000, delta_over_irt=0.0000, graph_row_entropy=4.8122, graph_entropy_ratio=1.0000, alpha_mean=0.2133, alpha_std=0.4064, personal_row_entropy=0.3285
2026-02-11 05:52:33,454 - INFO - [assist_09|assist_09_m3grid_s0p01_d0p1_no3|lr=0.0003|drop=0.10] [Grad Norms] Epoch [007] | mf_u_proj=0.000000, mf_v_proj=0.000000, fusion_gate=0.000000, q_gate_raw=0.000000, skill_latent=0.000000
2026-02-11 05:52:33,788 - INFO - [assist_09|assist_09_m3grid_s0p01_d0p1_no3|lr=0.0003|drop=0.10] -> New best AUC=0.7455 at epoch 7
2026-02-11 05:53:00,348 - INFO - [assist_09|assist_09_m3grid_s0p01_d0p1_no3|lr=0.0003|drop=0.10] Epoch [008/30] | Train: Loss=0.5420, BCE=0.4961, Reg=0.0459, AUC=0.8054, ACC=0.7517, RMSE=0.4063 | Val: Loss=0.6026, BCE=0.5549, Reg=0.0477, AUC=0.7462, ACC=0.7210, RMSE=0.4322
2026-02-11 05:53:00,349 - INFO - [assist_09|assist_09_m3grid_s0p01_d0p1_no3|lr=0.0003|drop=0.10] [Reg Terms] Epoch [008] | Train: graph_entropy=0.047064, mf_l2=0.000001, proto_div=0.000000, proto_usage=0.000000, personal_sparse=0.001276, alpha_var=-0.002453, reg_bce_ratio=0.0925 | Val: graph_entropy=0.048122, mf_l2=0.000001, proto_div=0.000000, proto_usage=0.000000, personal_sparse=0.001127, alpha_var=-0.001582, reg_bce_ratio=0.0859
2026-02-11 05:53:00,640 - INFO - [assist_09|assist_09_m3grid_s0p01_d0p1_no3|lr=0.0003|drop=0.10] [Diag][M3] Epoch [008] | residual_abs_mean=0.0000, residual_std=0.0000, mf_abs_mean=0.0000, mf_std=0.0000, gate_mean=0.0000, gate_std=0.0000, irt_abs_mean=1.4748, irt_std=0.7893, delta_abs_mean=0.0000, delta_std=0.0000, delta_over_irt=0.0000, graph_row_entropy=4.8122, graph_entropy_ratio=1.0000, alpha_mean=0.2130, alpha_std=0.4060, personal_row_entropy=0.2687
2026-02-11 05:53:00,641 - INFO - [assist_09|assist_09_m3grid_s0p01_d0p1_no3|lr=0.0003|drop=0.10] [Grad Norms] Epoch [008] | mf_u_proj=0.000000, mf_v_proj=0.000000, fusion_gate=0.000000, q_gate_raw=0.000000, skill_latent=0.000000
2026-02-11 05:53:01,012 - INFO - [assist_09|assist_09_m3grid_s0p01_d0p1_no3|lr=0.0003|drop=0.10] -> New best AUC=0.7462 at epoch 8
2026-02-11 05:53:27,705 - INFO - [assist_09|assist_09_m3grid_s0p01_d0p1_no3|lr=0.0003|drop=0.10] Epoch [009/30] | Train: Loss=0.5374, BCE=0.4916, Reg=0.0458, AUC=0.8101, ACC=0.7531, RMSE=0.4043 | Val: Loss=0.6032, BCE=0.5555, Reg=0.0476, AUC=0.7480, ACC=0.7236, RMSE=0.4320
2026-02-11 05:53:27,706 - INFO - [assist_09|assist_09_m3grid_s0p01_d0p1_no3|lr=0.0003|drop=0.10] [Reg Terms] Epoch [009] | Train: graph_entropy=0.047063, mf_l2=0.000001, proto_div=0.000000, proto_usage=0.000000, personal_sparse=0.001172, alpha_var=-0.002456, reg_bce_ratio=0.0931 | Val: graph_entropy=0.048122, mf_l2=0.000001, proto_div=0.000000, proto_usage=0.000000, personal_sparse=0.001110, alpha_var=-0.001596, reg_bce_ratio=0.0858
2026-02-11 05:53:28,012 - INFO - [assist_09|assist_09_m3grid_s0p01_d0p1_no3|lr=0.0003|drop=0.10] [Diag][M3] Epoch [009] | residual_abs_mean=0.0000, residual_std=0.0000, mf_abs_mean=0.0000, mf_std=0.0000, gate_mean=0.0000, gate_std=0.0000, irt_abs_mean=1.5200, irt_std=0.8338, delta_abs_mean=0.0000, delta_std=0.0000, delta_over_irt=0.0000, graph_row_entropy=4.8122, graph_entropy_ratio=1.0000, alpha_mean=0.2877, alpha_std=0.4500, personal_row_entropy=0.2609
2026-02-11 05:53:28,012 - INFO - [assist_09|assist_09_m3grid_s0p01_d0p1_no3|lr=0.0003|drop=0.10] [Grad Norms] Epoch [009] | mf_u_proj=0.000000, mf_v_proj=0.000000, fusion_gate=0.000000, q_gate_raw=0.000000, skill_latent=0.000000
2026-02-11 05:53:28,368 - INFO - [assist_09|assist_09_m3grid_s0p01_d0p1_no3|lr=0.0003|drop=0.10] -> New best AUC=0.7480 at epoch 9
2026-02-11 05:53:55,843 - INFO - [assist_09|assist_09_m3grid_s0p01_d0p1_no3|lr=0.0003|drop=0.10] Epoch [010/30] | Train: Loss=0.5331, BCE=0.4874, Reg=0.0457, AUC=0.8139, ACC=0.7552, RMSE=0.4026 | Val: Loss=0.6025, BCE=0.5550, Reg=0.0475, AUC=0.7477, ACC=0.7226, RMSE=0.4317
2026-02-11 05:53:55,844 - INFO - [assist_09|assist_09_m3grid_s0p01_d0p1_no3|lr=0.0003|drop=0.10] [Reg Terms] Epoch [010] | Train: graph_entropy=0.047064, mf_l2=0.000001, proto_div=0.000000, proto_usage=0.000000, personal_sparse=0.001085, alpha_var=-0.002456, reg_bce_ratio=0.0937 | Val: graph_entropy=0.048122, mf_l2=0.000002, proto_div=0.000000, proto_usage=0.000000, personal_sparse=0.000972, alpha_var=-0.001599, reg_bce_ratio=0.0856
2026-02-11 05:53:56,131 - INFO - [assist_09|assist_09_m3grid_s0p01_d0p1_no3|lr=0.0003|drop=0.10] [Diag][M3] Epoch [010] | residual_abs_mean=0.0000, residual_std=0.0000, mf_abs_mean=0.0000, mf_std=0.0000, gate_mean=0.0000, gate_std=0.0000, irt_abs_mean=1.4790, irt_std=0.8521, delta_abs_mean=0.0000, delta_std=0.0000, delta_over_irt=0.0000, graph_row_entropy=4.8122, graph_entropy_ratio=1.0000, alpha_mean=0.2903, alpha_std=0.4510, personal_row_entropy=0.2339
2026-02-11 05:53:56,131 - INFO - [assist_09|assist_09_m3grid_s0p01_d0p1_no3|lr=0.0003|drop=0.10] [Grad Norms] Epoch [010] | mf_u_proj=0.000000, mf_v_proj=0.000000, fusion_gate=0.000000, q_gate_raw=0.000000, skill_latent=0.000000
2026-02-11 05:53:56,131 - INFO - [assist_09|assist_09_m3grid_s0p01_d0p1_no3|lr=0.0003|drop=0.10] -> No improvement 1 epoch(s) (best AUC=0.7480 @ 9)
2026-02-11 05:53:56,171 - INFO - [assist_09|assist_09_m3grid_s0p01_d0p1_no3|lr=0.0003|drop=0.10] Checkpoint saved: checkpoints/assist_09_m3grid/seed42/s0p01_d0p1_no3/checkpoint_epoch_10.pth
2026-02-11 05:53:56,425 - INFO - [assist_09|assist_09_m3grid_s0p01_d0p1_no3|lr=0.0003|drop=0.10] [Module Activity] Epoch 10: Graph✗ Personal✓ MF✗
2026-02-11 05:54:21,594 - INFO - [assist_09|assist_09_m3grid_s0p01_d0p1_no3|lr=0.0003|drop=0.10] Epoch [011/30] | Train: Loss=0.5288, BCE=0.4832, Reg=0.0456, AUC=0.8179, ACC=0.7570, RMSE=0.4008 | Val: Loss=0.6028, BCE=0.5554, Reg=0.0475, AUC=0.7477, ACC=0.7220, RMSE=0.4317
2026-02-11 05:54:21,594 - INFO - [assist_09|assist_09_m3grid_s0p01_d0p1_no3|lr=0.0003|drop=0.10] [Reg Terms] Epoch [011] | Train: graph_entropy=0.047064, mf_l2=0.000002, proto_div=0.000000, proto_usage=0.000000, personal_sparse=0.000993, alpha_var=-0.002454, reg_bce_ratio=0.0944 | Val: graph_entropy=0.048122, mf_l2=0.000002, proto_div=0.000000, proto_usage=0.000000, personal_sparse=0.000913, alpha_var=-0.001579, reg_bce_ratio=0.0855
2026-02-11 05:54:21,801 - INFO - [assist_09|assist_09_m3grid_s0p01_d0p1_no3|lr=0.0003|drop=0.10] [Diag][M3] Epoch [011] | residual_abs_mean=0.0000, residual_std=0.0000, mf_abs_mean=0.0000, mf_std=0.0000, gate_mean=0.0000, gate_std=0.0000, irt_abs_mean=1.5216, irt_std=0.8851, delta_abs_mean=0.0000, delta_std=0.0000, delta_over_irt=0.0000, graph_row_entropy=4.8122, graph_entropy_ratio=1.0000, alpha_mean=0.2874, alpha_std=0.4493, personal_row_entropy=0.2068
2026-02-11 05:54:21,801 - INFO - [assist_09|assist_09_m3grid_s0p01_d0p1_no3|lr=0.0003|drop=0.10] [Grad Norms] Epoch [011] | mf_u_proj=0.000000, mf_v_proj=0.000000, fusion_gate=0.000000, q_gate_raw=0.000000, skill_latent=0.000000
2026-02-11 05:54:21,801 - INFO - [assist_09|assist_09_m3grid_s0p01_d0p1_no3|lr=0.0003|drop=0.10] -> No improvement 2 epoch(s) (best AUC=0.7480 @ 9)
2026-02-11 05:54:47,309 - INFO - [assist_09|assist_09_m3grid_s0p01_d0p1_no3|lr=0.0003|drop=0.10] Epoch [012/30] | Train: Loss=0.5207, BCE=0.4752, Reg=0.0455, AUC=0.8257, ACC=0.7614, RMSE=0.3971 | Val: Loss=0.6048, BCE=0.5575, Reg=0.0473, AUC=0.7483, ACC=0.7224, RMSE=0.4321
2026-02-11 05:54:47,310 - INFO - [assist_09|assist_09_m3grid_s0p01_d0p1_no3|lr=0.0003|drop=0.10] [Reg Terms] Epoch [012] | Train: graph_entropy=0.047064, mf_l2=0.000002, proto_div=0.000000, proto_usage=0.000000, personal_sparse=0.000892, alpha_var=-0.002459, reg_bce_ratio=0.0957 | Val: graph_entropy=0.048122, mf_l2=0.000002, proto_div=0.000000, proto_usage=0.000000, personal_sparse=0.000811, alpha_var=-0.001593, reg_bce_ratio=0.0849
2026-02-11 05:54:47,603 - INFO - [assist_09|assist_09_m3grid_s0p01_d0p1_no3|lr=0.0003|drop=0.10] [Diag][M3] Epoch [012] | residual_abs_mean=0.0000, residual_std=0.0000, mf_abs_mean=0.0000, mf_std=0.0000, gate_mean=0.0000, gate_std=0.0000, irt_abs_mean=1.5950, irt_std=0.9247, delta_abs_mean=0.0000, delta_std=0.0000, delta_over_irt=0.0000, graph_row_entropy=4.8122, graph_entropy_ratio=1.0000, alpha_mean=0.2894, alpha_std=0.4518, personal_row_entropy=0.2065
2026-02-11 05:54:47,603 - INFO - [assist_09|assist_09_m3grid_s0p01_d0p1_no3|lr=0.0003|drop=0.10] [Grad Norms] Epoch [012] | mf_u_proj=0.000000, mf_v_proj=0.000000, fusion_gate=0.000000, q_gate_raw=0.000000, skill_latent=0.000000
2026-02-11 05:54:47,940 - INFO - [assist_09|assist_09_m3grid_s0p01_d0p1_no3|lr=0.0003|drop=0.10] -> New best AUC=0.7483 at epoch 12
2026-02-11 05:55:14,136 - INFO - [assist_09|assist_09_m3grid_s0p01_d0p1_no3|lr=0.0003|drop=0.10] Epoch [013/30] | Train: Loss=0.5181, BCE=0.4727, Reg=0.0454, AUC=0.8276, ACC=0.7628, RMSE=0.3960 | Val: Loss=0.6051, BCE=0.5578, Reg=0.0473, AUC=0.7476, ACC=0.7212, RMSE=0.4322
2026-02-11 05:55:14,137 - INFO - [assist_09|assist_09_m3grid_s0p01_d0p1_no3|lr=0.0003|drop=0.10] [Reg Terms] Epoch [013] | Train: graph_entropy=0.047063, mf_l2=0.000002, proto_div=0.000000, proto_usage=0.000000, personal_sparse=0.000811, alpha_var=-0.002456, reg_bce_ratio=0.0961 | Val: graph_entropy=0.048122, mf_l2=0.000002, proto_div=0.000000, proto_usage=0.000000, personal_sparse=0.000768, alpha_var=-0.001591, reg_bce_ratio=0.0848
2026-02-11 05:55:14,386 - INFO - [assist_09|assist_09_m3grid_s0p01_d0p1_no3|lr=0.0003|drop=0.10] [Diag][M3] Epoch [013] | residual_abs_mean=0.0000, residual_std=0.0000, mf_abs_mean=0.0000, mf_std=0.0000, gate_mean=0.0000, gate_std=0.0000, irt_abs_mean=1.5639, irt_std=0.9382, delta_abs_mean=0.0000, delta_std=0.0000, delta_over_irt=0.0000, graph_row_entropy=4.8122, graph_entropy_ratio=1.0000, alpha_mean=0.2890, alpha_std=0.4518, personal_row_entropy=0.1983
2026-02-11 05:55:14,387 - INFO - [assist_09|assist_09_m3grid_s0p01_d0p1_no3|lr=0.0003|drop=0.10] [Grad Norms] Epoch [013] | mf_u_proj=0.000000, mf_v_proj=0.000000, fusion_gate=0.000000, q_gate_raw=0.000000, skill_latent=0.000000
2026-02-11 05:55:14,387 - INFO - [assist_09|assist_09_m3grid_s0p01_d0p1_no3|lr=0.0003|drop=0.10] -> No improvement 1 epoch(s) (best AUC=0.7483 @ 12)
2026-02-11 05:55:40,489 - INFO - [assist_09|assist_09_m3grid_s0p01_d0p1_no3|lr=0.0003|drop=0.10] Epoch [014/30] | Train: Loss=0.5158, BCE=0.4704, Reg=0.0454, AUC=0.8297, ACC=0.7632, RMSE=0.3950 | Val: Loss=0.6062, BCE=0.5590, Reg=0.0473, AUC=0.7478, ACC=0.7227, RMSE=0.4323
2026-02-11 05:55:40,490 - INFO - [assist_09|assist_09_m3grid_s0p01_d0p1_no3|lr=0.0003|drop=0.10] [Reg Terms] Epoch [014] | Train: graph_entropy=0.047064, mf_l2=0.000002, proto_div=0.000000, proto_usage=0.000000, personal_sparse=0.000776, alpha_var=-0.002459, reg_bce_ratio=0.0965 | Val: graph_entropy=0.048122, mf_l2=0.000002, proto_div=0.000000, proto_usage=0.000000, personal_sparse=0.000724, alpha_var=-0.001592, reg_bce_ratio=0.0845
2026-02-11 05:55:40,690 - INFO - [assist_09|assist_09_m3grid_s0p01_d0p1_no3|lr=0.0003|drop=0.10] [Diag][M3] Epoch [014] | residual_abs_mean=0.0000, residual_std=0.0000, mf_abs_mean=0.0000, mf_std=0.0000, gate_mean=0.0000, gate_std=0.0000, irt_abs_mean=1.5984, irt_std=0.9645, delta_abs_mean=0.0000, delta_std=0.0000, delta_over_irt=0.0000, graph_row_entropy=4.8122, graph_entropy_ratio=1.0000, alpha_mean=0.2892, alpha_std=0.4519, personal_row_entropy=0.1865
2026-02-11 05:55:40,690 - INFO - [assist_09|assist_09_m3grid_s0p01_d0p1_no3|lr=0.0003|drop=0.10] [Grad Norms] Epoch [014] | mf_u_proj=0.000000, mf_v_proj=0.000000, fusion_gate=0.000000, q_gate_raw=0.000000, skill_latent=0.000000
2026-02-11 05:55:40,690 - INFO - [assist_09|assist_09_m3grid_s0p01_d0p1_no3|lr=0.0003|drop=0.10] -> No improvement 2 epoch(s) (best AUC=0.7483 @ 12)
2026-02-11 05:56:07,077 - INFO - [assist_09|assist_09_m3grid_s0p01_d0p1_no3|lr=0.0003|drop=0.10] Epoch [015/30] | Train: Loss=0.5138, BCE=0.4684, Reg=0.0453, AUC=0.8312, ACC=0.7645, RMSE=0.3942 | Val: Loss=0.6061, BCE=0.5589, Reg=0.0472, AUC=0.7478, ACC=0.7223, RMSE=0.4323
2026-02-11 05:56:07,077 - INFO - [assist_09|assist_09_m3grid_s0p01_d0p1_no3|lr=0.0003|drop=0.10] [Reg Terms] Epoch [015] | Train: graph_entropy=0.047063, mf_l2=0.000002, proto_div=0.000000, proto_usage=0.000000, personal_sparse=0.000737, alpha_var=-0.002461, reg_bce_ratio=0.0968 | Val: graph_entropy=0.048122, mf_l2=0.000002, proto_div=0.000000, proto_usage=0.000000, personal_sparse=0.000691, alpha_var=-0.001592, reg_bce_ratio=0.0845
2026-02-11 05:56:07,359 - INFO - [assist_09|assist_09_m3grid_s0p01_d0p1_no3|lr=0.0003|drop=0.10] [Diag][M3] Epoch [015] | residual_abs_mean=0.0000, residual_std=0.0000, mf_abs_mean=0.0000, mf_std=0.0000, gate_mean=0.0000, gate_std=0.0000, irt_abs_mean=1.5988, irt_std=0.9749, delta_abs_mean=0.0000, delta_std=0.0000, delta_over_irt=0.0000, graph_row_entropy=4.8122, graph_entropy_ratio=1.0000, alpha_mean=0.2892, alpha_std=0.4522, personal_row_entropy=0.1800
2026-02-11 05:56:07,359 - INFO - [assist_09|assist_09_m3grid_s0p01_d0p1_no3|lr=0.0003|drop=0.10] [Grad Norms] Epoch [015] | mf_u_proj=0.000000, mf_v_proj=0.000000, fusion_gate=0.000000, q_gate_raw=0.000000, skill_latent=0.000000
2026-02-11 05:56:07,360 - INFO - [assist_09|assist_09_m3grid_s0p01_d0p1_no3|lr=0.0003|drop=0.10] -> No improvement 3 epoch(s) (best AUC=0.7483 @ 12)
2026-02-11 05:56:07,360 - INFO - [assist_09|assist_09_m3grid_s0p01_d0p1_no3|lr=0.0003|drop=0.10] Early stopping at epoch 15 (best AUC=0.7483 @ 12)
2026-02-11 05:56:07,367 - INFO - Epoch-wise metrics saved to checkpoints/assist_09_m3grid/seed42/s0p01_d0p1_no3/metrics_history.csv
2026-02-11 05:56:07,369 - INFO - [assist_09|assist_09_m3grid_s0p01_d0p1_no3|lr=0.0003|drop=0.10] Training completed! Best Val AUC=0.7483 @ epoch 12
2026-02-11 05:56:07,636 - INFO - 
============================================================
         MODULE ACTIVITY REPORT
============================================================
Dataset: assist_09 | Seed: 42 | Epoch: 15

1. Soft Prototype Module:
   - Status: DISABLED (num_prototypes=0 or use_soft_prototype=False)

2. Concept Graph Module:
   - Mean row entropy: 4.812 / 4.812
   - Entropy ratio: 100.0%
   - Status: ✗ TRIVIAL (uniform distribution, not learning)
   → Consider: increase lambda_sparse or training longer

3. Personal Graph Module:
   - Gate alpha mean: 0.382
   - Gate alpha std: 0.484
   - Status: ✓ ACTIVE (using personalization)

4. Skill/MF Module:
   - MF logit |mean|: 0.0000
   - MF logit std: 0.0000
   - Fusion gate mean: 0.000
   - Status: ✗ INACTIVE (near-zero contribution)
   → Consider: check skill_dim or learning_rate

------------------------------------------------------------
SUMMARY:
   Active modules: Personal Graph
   ⚠ Inactive modules: Concept Graph, Skill/MF
============================================================
2026-02-11 05:56:07,637 - INFO - [assist_09|assist_09_m3grid_s0p01_d0p1_no3|lr=0.0003|drop=0.10] Module activity saved to checkpoints/assist_09_m3grid/seed42/s0p01_d0p1_no3/module_activity.json
2026-02-11 05:56:07,708 - INFO - Using device: cuda:0
2026-02-11 05:56:07,709 - INFO - Loading model from checkpoints/assist_09_m3grid/seed42/s0p01_d0p1_no3/best_model.pth...
2026-02-11 05:56:08,230 - INFO - Inference switches: ablate_module1=False, ablate_module2=False, ablate_module3=True | enable_module1=True, enable_module2=True, enable_module3=False | use_soft_prototype=False, use_mf_branch=False, use_concept_graph=True, use_q_aligned_residual=True, use_soft_prototype_main_path=False | effective(num_gnn_layers=1, num_prototypes=0)
2026-02-11 05:56:08,243 - INFO - [Inference] Ablation runtime check: args(ablate_module1=False,ablate_module2=False,ablate_module3=True) | model(enable_module1=True,enable_module2=True,enable_module3=False) | physical(has_knowledge_encoder=True,has_mf_branch=False,has_soft_prototype=False)
2026-02-11 05:56:08,244 - INFO - Model loaded from epoch 12. Start testing...
2026-02-11 05:56:09,461 - INFO - [Test] 200/411 batches done, samples=25600
2026-02-11 05:56:10,463 - INFO - [Test] 400/411 batches done, samples=51200
2026-02-11 05:56:10,602 - INFO - 
==================================================
2026-02-11 05:56:10,602 - INFO - Test Results:
2026-02-11 05:56:10,602 - INFO - AUC: 0.7521
2026-02-11 05:56:10,602 - INFO - ACC: 0.7279
2026-02-11 05:56:10,602 - INFO - RMSE: 0.4293
2026-02-11 05:56:10,602 - INFO - ==================================================
2026-02-11 05:56:10,620 - INFO - Summary appended to /home/zsh/ConceptSkillCDM/results/experiment_results.csv
2026-02-11 05:56:10,626 - INFO - Run completed.
2026-02-11 05:56:10,626 - INFO - Best validation AUC: 0.7483 at epoch 12
2026-02-11 05:56:10,626 - INFO - Test metrics - AUC: 0.7521, ACC: 0.7279, RMSE: 0.4293
