2026-04-11 06:37:46,653 - INFO - Arguments:
2026-04-11 06:37:46,653 - INFO -   ablate_concept_graph: False
2026-04-11 06:37:46,653 - INFO -   ablate_module1: False
2026-04-11 06:37:46,653 - INFO -   ablate_module2: False
2026-04-11 06:37:46,653 - INFO -   ablate_module3: False
2026-04-11 06:37:46,653 - INFO -   ablate_skill_encoder: False
2026-04-11 06:37:46,653 - INFO -   allow_self_loop: True
2026-04-11 06:37:46,653 - INFO -   alpha_min_target: 0.0
2026-04-11 06:37:46,653 - INFO -   b_id_budget_target: 0.18
2026-04-11 06:37:46,653 - INFO -   batch_size: 256
2026-04-11 06:37:46,653 - INFO -   data_dir: ./data/junyi
2026-04-11 06:37:46,653 - INFO -   dataset_name: junyi
2026-04-11 06:37:46,653 - INFO -   debug_module3_diag: True
2026-04-11 06:37:46,653 - INFO -   delta_ratio_target: 0.08
2026-04-11 06:37:46,654 - INFO -   diag_batches: 1
2026-04-11 06:37:46,654 - INFO -   disable_b_bias: False
2026-04-11 06:37:46,654 - INFO -   disable_b_id_adapter: False
2026-04-11 06:37:46,654 - INFO -   disable_q_aligned_residual: False
2026-04-11 06:37:46,654 - INFO -   disable_q_conditioning: True
2026-04-11 06:37:46,654 - INFO -   disable_self_loop: False
2026-04-11 06:37:46,654 - INFO -   dropout: 0.4
2026-04-11 06:37:46,654 - INFO -   early_stop_patience: 3
2026-04-11 06:37:46,654 - INFO -   enable_module1: True
2026-04-11 06:37:46,654 - INFO -   enable_module2: True
2026-04-11 06:37:46,654 - INFO -   enable_module3: True
2026-04-11 06:37:46,654 - INFO -   epochs: 100
2026-04-11 06:37:46,654 - INFO -   exercise_dim: 128
2026-04-11 06:37:46,654 - INFO -   exercise_l2_lambda: 1e-05
2026-04-11 06:37:46,654 - INFO -   fusion_gate_bias_init: -0.6
2026-04-11 06:37:46,654 - INFO -   fusion_gate_max: 1.0
2026-04-11 06:37:46,654 - INFO -   generate_diagnosis: False
2026-04-11 06:37:46,654 - INFO -   gnn_residual_weight: 0.5
2026-04-11 06:37:46,654 - INFO -   gpu_candidates: None
2026-04-11 06:37:46,654 - INFO -   gpu_ids: None
2026-04-11 06:37:46,654 - INFO -   gpu_memory_threshold: 2000
2026-04-11 06:37:46,654 - INFO -   gpus: None
2026-04-11 06:37:46,654 - INFO -   graph_dropout: 0.0
2026-04-11 06:37:46,654 - INFO -   graph_entropy_max: 0.7
2026-04-11 06:37:46,654 - INFO -   graph_entropy_min: 0.15
2026-04-11 06:37:46,654 - INFO -   graph_identity_residual: 0.1
2026-04-11 06:37:46,654 - INFO -   graph_reg_cap_ratio: 6.0
2026-04-11 06:37:46,654 - INFO -   graph_reg_warmup_epochs: 0
2026-04-11 06:37:46,654 - INFO -   graph_tau_init: 0.55
2026-04-11 06:37:46,654 - INFO -   graph_topk: 24
2026-04-11 06:37:46,654 - INFO -   graph_uniform_margin: 0.12
2026-04-11 06:37:46,654 - INFO -   knowledge_dim: 128
2026-04-11 06:37:46,654 - INFO -   lambda_alpha: 0.05
2026-04-11 06:37:46,654 - INFO -   lambda_alpha_min: 0.0
2026-04-11 06:37:46,654 - INFO -   lambda_b_id_budget: 0.06
2026-04-11 06:37:46,654 - INFO -   lambda_delta_ratio: 0.08
2026-04-11 06:37:46,654 - INFO -   lambda_graph_diag: 0.12
2026-04-11 06:37:46,654 - INFO -   lambda_graph_uniform: 0.06
2026-04-11 06:37:46,654 - INFO -   lambda_sparse: 0.6
2026-04-11 06:37:46,654 - INFO -   lambda_sparse_personal: 0.002
2026-04-11 06:37:46,654 - INFO -   learning_rate: 0.003
2026-04-11 06:37:46,654 - INFO -   log_dir: logs/abce_diag/20260411_master_best_ae/junyi/seed42/best_B_no_q
2026-04-11 06:37:46,654 - INFO -   mf_warmup_epochs: 0
2026-04-11 06:37:46,655 - INFO -   min_exer_interactions: 0
2026-04-11 06:37:46,655 - INFO -   min_poison_count: 0
2026-04-11 06:37:46,655 - INFO -   min_stu_interactions: 15
2026-04-11 06:37:46,655 - INFO -   model_variant: junyi_abce_best_B_no_q
2026-04-11 06:37:46,655 - INFO -   multi_gpu: False
2026-04-11 06:37:46,655 - INFO -   no_cuda: False
2026-04-11 06:37:46,655 - INFO -   num_gnn_layers: 2
2026-04-11 06:37:46,655 - INFO -   num_gpus: 1
2026-04-11 06:37:46,655 - INFO -   num_relation_heads: 2
2026-04-11 06:37:46,655 - INFO -   num_workers: 4
2026-04-11 06:37:46,655 - INFO -   patience: 1
2026-04-11 06:37:46,655 - INFO -   personal_delta_scale: 1.0
2026-04-11 06:37:46,655 - INFO -   personal_max_alpha: 0.35
2026-04-11 06:37:46,655 - INFO -   personal_rank: 4
2026-04-11 06:37:46,655 - INFO -   personal_student_dim: None
2026-04-11 06:37:46,655 - INFO -   personal_warmup_epochs: 0
2026-04-11 06:37:46,655 - INFO -   residual_clip_t: 2.0
2026-04-11 06:37:46,655 - INFO -   residual_scale_init: 0.25
2026-04-11 06:37:46,655 - INFO -   save_dir: checkpoints/abce_diag/20260411_master_best_ae/junyi/seed42/best_B_no_q
2026-04-11 06:37:46,655 - INFO -   save_interval: 10
2026-04-11 06:37:46,655 - INFO -   seed: 42
2026-04-11 06:37:46,655 - INFO -   skill_dim: 64
2026-04-11 06:37:46,655 - INFO -   use_concept_graph: True
2026-04-11 06:37:46,655 - INFO -   use_exercise_graph: True
2026-04-11 06:37:46,655 - INFO -   use_mf_branch: True
2026-04-11 06:37:46,655 - INFO -   use_personal_graph: True
2026-04-11 06:37:46,655 - INFO -   use_q_aligned_residual: True
2026-04-11 06:37:46,655 - INFO -   use_q_conditioning: False
2026-04-11 06:37:46,655 - INFO -   use_skill_encoder: True
2026-04-11 06:37:46,655 - INFO -   weight_decay: 0.001
2026-04-11 06:37:46,742 - INFO - Using device: cuda:0 (physical gpu 1)
2026-04-11 06:37:46,742 - INFO - [junyi|junyi_abce_best_B_no_q|lr=0.003|drop=0.40] Loading datasets...
2026-04-11 06:37:46,742 - INFO - [junyi|junyi_abce_best_B_no_q|lr=0.003|drop=0.40] Regularization: graph_entropy(lambda_sparse)=0.600000, graph_diag=0.120000, graph_uniform=0.060000, personal_sparse=0.002000, alpha_penalty=0.050000, alpha_min=0.000000, delta_ratio=0.080000, mf_l2(exercise_l2_lambda)=0.000010
2026-04-11 06:37:46,742 - INFO - [junyi|junyi_abce_best_B_no_q|lr=0.003|drop=0.40] Graph controls: entropy_band=[0.15, 0.70], uniform_margin=0.12, warmup_epochs=0, cap_ratio=6.00, graph_dropout=0.000, graph_tau_init=0.550
2026-04-11 06:37:46,742 - INFO - [junyi|junyi_abce_best_B_no_q|lr=0.003|drop=0.40] Rescue controls: mf_warmup_epochs=0, delta_ratio_target=0.0800, personal_max_alpha=0.350, personal_delta_scale=1.000, personal_warmup_epochs=0, personal_student_dim=None, alpha_min_target=0.0000
2026-04-11 06:37:46,833 - INFO - [junyi] [数据清洗] 学生交互次数 < 15 次的学生：共移除 0 个学生（仅统计用户数）
2026-04-11 06:37:46,844 - INFO - [junyi] [数据清洗] 学生冷启动过滤：在 train/valid/test 中共删除 0 条记录。
2026-04-11 06:37:46,844 - INFO - [junyi] [数据清洗] 跳过题目冷门过滤（min_exer_interactions <= 0）。
2026-04-11 06:37:46,844 - INFO - [junyi] [数据清洗] 跳过毒题清洗（min_poison_count <= 0）。
2026-04-11 06:37:46,844 - INFO - [junyi] 正在构建ID映射...
2026-04-11 06:37:47,021 - INFO - [junyi] 正在构建Q矩阵...
2026-04-11 06:37:54,533 - INFO - [junyi] [统计] 开始统计清洗后每道题的概念数量分布...
2026-04-11 06:37:54,537 - INFO - [junyi] [Train] 概念数统计：题目数=702, 平均概念数=1.0000, min=1, max=1, 1概念=702 (100.00%), ≥2概念=0 (0.00%)
2026-04-11 06:37:54,537 - INFO - [junyi] [Train] 概念数直方图（概念数: 题目数量）: {1: 702}
2026-04-11 06:37:54,538 - INFO - [junyi] [Valid] 概念数统计：题目数=623, 平均概念数=1.0000, min=1, max=1, 1概念=623 (100.00%), ≥2概念=0 (0.00%)
2026-04-11 06:37:54,538 - INFO - [junyi] [Valid] 概念数直方图（概念数: 题目数量）: {1: 623}
2026-04-11 06:37:54,539 - INFO - [junyi] [Test] 概念数统计：题目数=673, 平均概念数=1.0000, min=1, max=1, 1概念=673 (100.00%), ≥2概念=0 (0.00%)
2026-04-11 06:37:54,539 - INFO - [junyi] [Test] 概念数直方图（概念数: 题目数量）: {1: 673}
2026-04-11 06:37:54,539 - INFO - [junyi] [统计] 概念数量统计完成。
2026-04-11 06:37:54,539 - INFO - [junyi] 正在加载数据集...
2026-04-11 06:37:54,633 - INFO - [junyi|junyi_abce_best_B_no_q|lr=0.003|drop=0.40] Train samples: 262473, Val samples: 24299
2026-04-11 06:37:54,633 - INFO - [junyi|junyi_abce_best_B_no_q|lr=0.003|drop=0.40] Number of students: 10000
2026-04-11 06:37:54,633 - INFO - [junyi|junyi_abce_best_B_no_q|lr=0.003|drop=0.40] Number of exercises: 706
2026-04-11 06:37:54,633 - INFO - [junyi|junyi_abce_best_B_no_q|lr=0.003|drop=0.40] Number of concepts: 706
2026-04-11 06:37:54,633 - INFO - [junyi|junyi_abce_best_B_no_q|lr=0.003|drop=0.40] Creating model...
2026-04-11 06:37:54,633 - INFO - [junyi|junyi_abce_best_B_no_q|lr=0.003|drop=0.40] Ablation switches: ablate_module1=False, ablate_module2=False, ablate_module3=False | enable_module1=True, enable_module2=True, enable_module3=True | use_mf_branch=True, use_concept_graph=True, use_q_aligned_residual=True | effective(num_gnn_layers=2)
2026-04-11 06:37:54,844 - INFO - [junyi|junyi_abce_best_B_no_q|lr=0.003|drop=0.40] Ablation runtime check: args(ablate_module1=False,ablate_module2=False,ablate_module3=False) | model(enable_module1=True,enable_module2=True,enable_module3=True) | physical(has_knowledge_encoder=True,has_mf_branch=True)
2026-04-11 06:37:54,844 - INFO - [junyi|junyi_abce_best_B_no_q|lr=0.003|drop=0.40] Debug diagnostics enabled: diag_batches=1
2026-04-11 06:37:54,865 - INFO - [junyi|junyi_abce_best_B_no_q|lr=0.003|drop=0.40] [Module3 Init] fusion_gate_bias=-0.6000, fusion_gate_max=1.0000, implied_gate=0.3543, q_gate=0.5000, mf_scale=0.0000, bias_scale=0.4272, graph_tau_mean=1.0055, graph_tau_std=0.0000, graph_dropout=0.000
2026-04-11 06:37:54,866 - INFO - [junyi|junyi_abce_best_B_no_q|lr=0.003|drop=0.40] Total parameters: 8,793,777
2026-04-11 06:37:54,866 - INFO - [junyi|junyi_abce_best_B_no_q|lr=0.003|drop=0.40] Trainable parameters: 8,793,777
2026-04-11 06:37:55,847 - INFO - [junyi|junyi_abce_best_B_no_q|lr=0.003|drop=0.40] Starting training...
2026-04-11 06:42:34,629 - INFO - [junyi|junyi_abce_best_B_no_q|lr=0.003|drop=0.40] Epoch [001/100] | Train: Loss=0.5565, BCE=0.5278, Reg=0.0287, AUC=0.7804, ACC=0.7384, RMSE=0.4199 | Val: Loss=0.5411, BCE=0.5172, Reg=0.0238, AUC=0.7931, ACC=0.7546, RMSE=0.4130
2026-04-11 06:42:34,630 - INFO - [junyi|junyi_abce_best_B_no_q|lr=0.003|drop=0.40] [Reg Terms] Epoch [001] | Train: graph_entropy=0.000000, graph_diag=0.015040, graph_uniform=0.006708, graph_reg_scale=1.0000, mf_l2=0.000000, delta_ratio=0.000001, personal_sparse=0.006273, alpha_var=-0.000818, alpha_collapse=0.000000, reg_bce_ratio=0.0544 | Val: graph_entropy=0.000000, graph_diag=0.012000, graph_uniform=0.006735, graph_reg_scale=1.0000, mf_l2=0.000000, delta_ratio=0.000000, personal_sparse=0.006371, alpha_var=-0.001275, alpha_collapse=0.000000, reg_bce_ratio=0.0461
2026-04-11 06:42:36,996 - INFO - [junyi|junyi_abce_best_B_no_q|lr=0.003|drop=0.40] [Diag][M3] Epoch [001] | residual_abs_mean=0.3002, residual_std=0.0644, mf_abs_mean=0.3002, mf_std=0.0644, gate_mean=0.2478, gate_std=0.1139, q_interaction_abs_mean=0.0000, id_adapter_abs_mean=0.0507, bias_abs_mean=0.3052, B_q_share=0.0000, B_id_share=0.1689, B_bias_share=1.0166, student_q_norm=0.0000, student_id_adapter_norm=0.1060, item_q_norm=0.0000, item_id_adapter_norm=0.1367, irt_abs_mean=1.6704, irt_std=1.0742, delta_abs_mean=0.0747, delta_std=0.0396, delta_over_irt=0.0447, warmup(mf/personal)=1.00/1.00, graph_row_entropy=3.1853, graph_entropy_ratio=0.4856, alpha_mean=0.1750, alpha_std=0.1588, alpha_bias_std=0.0002, personal_row_entropy=3.1854, personal_matrix_delta=0.0000, personal_matrix_student_std=0.0000, personal_delta_pre_softmax_norm=0.0000, personal_delta_student_std=0.0000, alpha_head_std=0.1574
2026-04-11 06:42:36,996 - INFO - [junyi|junyi_abce_best_B_no_q|lr=0.003|drop=0.40] [Diag][Graph] Epoch [001] | entropy_ratio=0.4856, diag_mass=0.1000, to_uniform_l2=0.007744, to_identity_l2=0.034570, tau_mean=0.6931, tau_std=0.0000, graph_reg_scale(train/val)=1.0000/1.0000
2026-04-11 06:42:36,997 - WARNING - [junyi|junyi_abce_best_B_no_q|lr=0.003|drop=0.40] [Diag Warning][B] B_q_share is low: B_q_share=0.0000, B_id_share=0.1689, B_bias_share=1.0166
2026-04-11 06:42:36,997 - WARNING - [junyi|junyi_abce_best_B_no_q|lr=0.003|drop=0.40] [Diag Warning][E] personal_delta_student_std is near zero: personal_delta_student_std=0.000000, personal_delta_pre_softmax_norm=0.000000
2026-04-11 06:42:36,997 - INFO - [junyi|junyi_abce_best_B_no_q|lr=0.003|drop=0.40] [Grad Norms] Epoch [001] | mf_u_proj=0.000000, mf_v_proj=0.000000, b_id_student_proj=0.024123, b_id_item_proj=0.021704, b_bias_scale=0.000359, fusion_gate=0.011449, q_gate_raw=0.000000, skill_latent=0.154656, student_q_proj=0.000000, item_id_adapter=0.047536, relation_emb=0.000000e+00, relation_tau=4.907500e-16, relation_wq=0.000000e+00, relation_wk=0.000000e+00, personal_u=0.000000e+00, personal_v=0.000000e+00, personal_alpha_bias=1.985012e-05, personal_gate_emb=0.000000e+00, personal_gate_student_proj=0.000000e+00, personal_gate_context_proj=7.287607e-22, personal_gate_student_direct=0.000000e+00, personal_gate_context_direct=7.377813e-04, personal_gate_out=4.503746e-09, personal_generator_emb=0.000000e+00, personal_generator_context_proj=0.000000e+00, personal_generator_context_hidden=0.000000e+00, personal_generator_context_to_u=0.000000e+00, personal_generator_context_to_v=0.000000e+00
2026-04-11 06:42:37,175 - INFO - [junyi|junyi_abce_best_B_no_q|lr=0.003|drop=0.40] -> New best AUC=0.7931 at epoch 1
2026-04-11 06:47:15,933 - INFO - [junyi|junyi_abce_best_B_no_q|lr=0.003|drop=0.40] Epoch [002/100] | Train: Loss=0.5379, BCE=0.5141, Reg=0.0238, AUC=0.7938, ACC=0.7481, RMSE=0.4133 | Val: Loss=0.5320, BCE=0.5080, Reg=0.0240, AUC=0.7999, ACC=0.7627, RMSE=0.4081
2026-04-11 06:47:15,933 - INFO - [junyi|junyi_abce_best_B_no_q|lr=0.003|drop=0.40] [Reg Terms] Epoch [002] | Train: graph_entropy=0.000000, graph_diag=0.012000, graph_uniform=0.006735, graph_reg_scale=1.0000, mf_l2=0.000000, delta_ratio=0.000004, personal_sparse=0.006371, alpha_var=-0.001321, alpha_collapse=0.000000, reg_bce_ratio=0.0463 | Val: graph_entropy=0.000000, graph_diag=0.012000, graph_uniform=0.006735, graph_reg_scale=1.0000, mf_l2=0.000000, delta_ratio=0.000000, personal_sparse=0.006371, alpha_var=-0.001302, alpha_collapse=0.000000, reg_bce_ratio=0.0472
2026-04-11 06:47:17,899 - INFO - [junyi|junyi_abce_best_B_no_q|lr=0.003|drop=0.40] [Diag][M3] Epoch [002] | residual_abs_mean=0.3920, residual_std=0.0829, mf_abs_mean=0.3920, mf_std=0.0829, gate_mean=0.1779, gate_std=0.1056, q_interaction_abs_mean=0.0000, id_adapter_abs_mean=0.0725, bias_abs_mean=0.3962, B_q_share=0.0000, B_id_share=0.1849, B_bias_share=1.0108, student_q_norm=0.0012, student_id_adapter_norm=0.0973, item_q_norm=0.0000, item_id_adapter_norm=0.1224, irt_abs_mean=1.7519, irt_std=1.0623, delta_abs_mean=0.0682, delta_std=0.0422, delta_over_irt=0.0389, warmup(mf/personal)=1.00/1.00, graph_row_entropy=3.1853, graph_entropy_ratio=0.4856, alpha_mean=0.1750, alpha_std=0.1576, alpha_bias_std=0.0002, personal_row_entropy=3.1854, personal_matrix_delta=0.0000, personal_matrix_student_std=0.0000, personal_delta_pre_softmax_norm=0.0000, personal_delta_student_std=0.0000, alpha_head_std=0.1565
2026-04-11 06:47:17,899 - INFO - [junyi|junyi_abce_best_B_no_q|lr=0.003|drop=0.40] [Diag][Graph] Epoch [002] | entropy_ratio=0.4856, diag_mass=0.1000, to_uniform_l2=0.007744, to_identity_l2=0.034570, tau_mean=0.6931, tau_std=0.0000, graph_reg_scale(train/val)=1.0000/1.0000
2026-04-11 06:47:17,899 - WARNING - [junyi|junyi_abce_best_B_no_q|lr=0.003|drop=0.40] [Diag Warning][B] B_q_share is low: B_q_share=0.0000, B_id_share=0.1849, B_bias_share=1.0108
2026-04-11 06:47:17,900 - WARNING - [junyi|junyi_abce_best_B_no_q|lr=0.003|drop=0.40] [Diag Warning][E] personal_delta_student_std is near zero: personal_delta_student_std=0.000000, personal_delta_pre_softmax_norm=0.000000
2026-04-11 06:47:17,900 - INFO - [junyi|junyi_abce_best_B_no_q|lr=0.003|drop=0.40] [Grad Norms] Epoch [002] | mf_u_proj=0.000000, mf_v_proj=0.000000, b_id_student_proj=0.016993, b_id_item_proj=0.014589, b_bias_scale=0.000120, fusion_gate=0.010588, q_gate_raw=0.000000, skill_latent=0.130474, student_q_proj=0.000000, item_id_adapter=0.035595, relation_emb=4.919625e-17, relation_tau=2.202468e-12, relation_wq=4.128474e-16, relation_wk=1.008390e-16, personal_u=0.000000e+00, personal_v=0.000000e+00, personal_alpha_bias=1.776335e-05, personal_gate_emb=6.460266e-10, personal_gate_student_proj=1.348962e-20, personal_gate_context_proj=3.410591e-15, personal_gate_student_direct=3.183346e-09, personal_gate_context_direct=8.048172e-04, personal_gate_out=1.963287e-08, personal_generator_emb=0.000000e+00, personal_generator_context_proj=0.000000e+00, personal_generator_context_hidden=0.000000e+00, personal_generator_context_to_u=0.000000e+00, personal_generator_context_to_v=0.000000e+00
2026-04-11 06:47:18,722 - INFO - [junyi|junyi_abce_best_B_no_q|lr=0.003|drop=0.40] -> New best AUC=0.7999 at epoch 2
2026-04-11 06:51:56,999 - INFO - [junyi|junyi_abce_best_B_no_q|lr=0.003|drop=0.40] Epoch [003/100] | Train: Loss=0.5339, BCE=0.5101, Reg=0.0238, AUC=0.7976, ACC=0.7509, RMSE=0.4113 | Val: Loss=0.5262, BCE=0.5024, Reg=0.0238, AUC=0.8026, ACC=0.7609, RMSE=0.4063
2026-04-11 06:51:57,000 - INFO - [junyi|junyi_abce_best_B_no_q|lr=0.003|drop=0.40] [Reg Terms] Epoch [003] | Train: graph_entropy=0.000000, graph_diag=0.012000, graph_uniform=0.006735, graph_reg_scale=1.0000, mf_l2=0.000000, delta_ratio=0.000008, personal_sparse=0.006371, alpha_var=-0.001340, alpha_collapse=0.000000, reg_bce_ratio=0.0467 | Val: graph_entropy=0.000000, graph_diag=0.012000, graph_uniform=0.006735, graph_reg_scale=1.0000, mf_l2=0.000000, delta_ratio=0.000000, personal_sparse=0.006371, alpha_var=-0.001335, alpha_collapse=0.000000, reg_bce_ratio=0.0474
2026-04-11 06:51:58,899 - INFO - [junyi|junyi_abce_best_B_no_q|lr=0.003|drop=0.40] [Diag][M3] Epoch [003] | residual_abs_mean=0.4564, residual_std=0.0790, mf_abs_mean=0.4564, mf_std=0.0790, gate_mean=0.1683, gate_std=0.0946, q_interaction_abs_mean=0.0000, id_adapter_abs_mean=0.0681, bias_abs_mean=0.4745, B_q_share=0.0000, B_id_share=0.1491, B_bias_share=1.0397, student_q_norm=0.0003, student_id_adapter_norm=0.1022, item_q_norm=0.0000, item_id_adapter_norm=0.1223, irt_abs_mean=1.6788, irt_std=0.9887, delta_abs_mean=0.0766, delta_std=0.0455, delta_over_irt=0.0456, warmup(mf/personal)=1.00/1.00, graph_row_entropy=3.1853, graph_entropy_ratio=0.4856, alpha_mean=0.1750, alpha_std=0.1605, alpha_bias_std=0.0002, personal_row_entropy=3.1854, personal_matrix_delta=0.0000, personal_matrix_student_std=0.0000, personal_delta_pre_softmax_norm=0.0000, personal_delta_student_std=0.0000, alpha_head_std=0.1597
2026-04-11 06:51:58,900 - INFO - [junyi|junyi_abce_best_B_no_q|lr=0.003|drop=0.40] [Diag][Graph] Epoch [003] | entropy_ratio=0.4856, diag_mass=0.1000, to_uniform_l2=0.007744, to_identity_l2=0.034570, tau_mean=0.6931, tau_std=0.0000, graph_reg_scale(train/val)=1.0000/1.0000
2026-04-11 06:51:58,900 - WARNING - [junyi|junyi_abce_best_B_no_q|lr=0.003|drop=0.40] [Diag Warning][B] B_q_share is low: B_q_share=0.0000, B_id_share=0.1491, B_bias_share=1.0397
2026-04-11 06:51:58,900 - WARNING - [junyi|junyi_abce_best_B_no_q|lr=0.003|drop=0.40] [Diag Warning][E] personal_delta_student_std is near zero: personal_delta_student_std=0.000000, personal_delta_pre_softmax_norm=0.000000
2026-04-11 06:51:58,900 - INFO - [junyi|junyi_abce_best_B_no_q|lr=0.003|drop=0.40] [Grad Norms] Epoch [003] | mf_u_proj=0.000000, mf_v_proj=0.000000, b_id_student_proj=0.015181, b_id_item_proj=0.014462, b_bias_scale=0.000077, fusion_gate=0.002153, q_gate_raw=0.000000, skill_latent=0.163295, student_q_proj=0.000000, item_id_adapter=0.461353, relation_emb=1.633419e-15, relation_tau=3.645554e-12, relation_wq=1.555449e-15, relation_wk=1.766394e-15, personal_u=0.000000e+00, personal_v=0.000000e+00, personal_alpha_bias=1.573198e-05, personal_gate_emb=2.318030e-09, personal_gate_student_proj=7.837237e-18, personal_gate_context_proj=1.523557e-12, personal_gate_student_direct=4.038012e-09, personal_gate_context_direct=7.850048e-04, personal_gate_out=1.658041e-08, personal_generator_emb=0.000000e+00, personal_generator_context_proj=0.000000e+00, personal_generator_context_hidden=0.000000e+00, personal_generator_context_to_u=0.000000e+00, personal_generator_context_to_v=0.000000e+00
2026-04-11 06:51:59,697 - INFO - [junyi|junyi_abce_best_B_no_q|lr=0.003|drop=0.40] -> New best AUC=0.8026 at epoch 3
2026-04-11 06:56:38,260 - INFO - [junyi|junyi_abce_best_B_no_q|lr=0.003|drop=0.40] Epoch [004/100] | Train: Loss=0.5321, BCE=0.5083, Reg=0.0238, AUC=0.7992, ACC=0.7522, RMSE=0.4105 | Val: Loss=0.5233, BCE=0.4995, Reg=0.0238, AUC=0.8064, ACC=0.7651, RMSE=0.4043
2026-04-11 06:56:38,260 - INFO - [junyi|junyi_abce_best_B_no_q|lr=0.003|drop=0.40] [Reg Terms] Epoch [004] | Train: graph_entropy=0.000000, graph_diag=0.012000, graph_uniform=0.006735, graph_reg_scale=1.0000, mf_l2=0.000000, delta_ratio=0.000007, personal_sparse=0.006371, alpha_var=-0.001342, alpha_collapse=0.000000, reg_bce_ratio=0.0468 | Val: graph_entropy=0.000000, graph_diag=0.012000, graph_uniform=0.006735, graph_reg_scale=1.0000, mf_l2=0.000000, delta_ratio=0.000000, personal_sparse=0.006371, alpha_var=-0.001342, alpha_collapse=0.000000, reg_bce_ratio=0.0477
2026-04-11 06:56:41,774 - INFO - [junyi|junyi_abce_best_B_no_q|lr=0.003|drop=0.40] [Diag][M3] Epoch [004] | residual_abs_mean=0.5386, residual_std=0.1052, mf_abs_mean=0.5386, mf_std=0.1052, gate_mean=0.1383, gate_std=0.0929, q_interaction_abs_mean=0.0000, id_adapter_abs_mean=0.0952, bias_abs_mean=0.5358, B_q_share=0.0000, B_id_share=0.1767, B_bias_share=0.9948, student_q_norm=0.0014, student_id_adapter_norm=0.1133, item_q_norm=0.0000, item_id_adapter_norm=0.1238, irt_abs_mean=1.7389, irt_std=1.0709, delta_abs_mean=0.0723, delta_std=0.0488, delta_over_irt=0.0416, warmup(mf/personal)=1.00/1.00, graph_row_entropy=3.1853, graph_entropy_ratio=0.4856, alpha_mean=0.1750, alpha_std=0.1641, alpha_bias_std=0.0002, personal_row_entropy=3.1854, personal_matrix_delta=0.0000, personal_matrix_student_std=0.0000, personal_delta_pre_softmax_norm=0.0000, personal_delta_student_std=0.0000, alpha_head_std=0.1639
2026-04-11 06:56:41,774 - INFO - [junyi|junyi_abce_best_B_no_q|lr=0.003|drop=0.40] [Diag][Graph] Epoch [004] | entropy_ratio=0.4856, diag_mass=0.1000, to_uniform_l2=0.007744, to_identity_l2=0.034570, tau_mean=0.6931, tau_std=0.0000, graph_reg_scale(train/val)=1.0000/1.0000
2026-04-11 06:56:41,774 - WARNING - [junyi|junyi_abce_best_B_no_q|lr=0.003|drop=0.40] [Diag Warning][B] B_q_share is low: B_q_share=0.0000, B_id_share=0.1767, B_bias_share=0.9948
2026-04-11 06:56:41,774 - WARNING - [junyi|junyi_abce_best_B_no_q|lr=0.003|drop=0.40] [Diag Warning][E] personal_delta_student_std is near zero: personal_delta_student_std=0.000000, personal_delta_pre_softmax_norm=0.000000
2026-04-11 06:56:41,774 - INFO - [junyi|junyi_abce_best_B_no_q|lr=0.003|drop=0.40] [Grad Norms] Epoch [004] | mf_u_proj=0.000000, mf_v_proj=0.000000, b_id_student_proj=0.010479, b_id_item_proj=0.008518, b_bias_scale=0.000057, fusion_gate=0.011878, q_gate_raw=0.000000, skill_latent=0.470210, student_q_proj=0.000000, item_id_adapter=0.026817, relation_emb=4.516718e-15, relation_tau=2.683995e-12, relation_wq=3.508598e-15, relation_wk=2.829111e-15, personal_u=0.000000e+00, personal_v=0.000000e+00, personal_alpha_bias=1.479641e-05, personal_gate_emb=4.199730e-09, personal_gate_student_proj=8.286060e-19, personal_gate_context_proj=1.286904e-13, personal_gate_student_direct=4.529209e-09, personal_gate_context_direct=7.034208e-04, personal_gate_out=1.710871e-08, personal_generator_emb=0.000000e+00, personal_generator_context_proj=0.000000e+00, personal_generator_context_hidden=0.000000e+00, personal_generator_context_to_u=0.000000e+00, personal_generator_context_to_v=0.000000e+00
2026-04-11 06:56:42,599 - INFO - [junyi|junyi_abce_best_B_no_q|lr=0.003|drop=0.40] -> New best AUC=0.8064 at epoch 4
2026-04-11 07:01:21,005 - INFO - [junyi|junyi_abce_best_B_no_q|lr=0.003|drop=0.40] Epoch [005/100] | Train: Loss=0.5306, BCE=0.5068, Reg=0.0238, AUC=0.8008, ACC=0.7540, RMSE=0.4096 | Val: Loss=0.5250, BCE=0.5012, Reg=0.0238, AUC=0.8059, ACC=0.7637, RMSE=0.4055
2026-04-11 07:01:21,006 - INFO - [junyi|junyi_abce_best_B_no_q|lr=0.003|drop=0.40] [Reg Terms] Epoch [005] | Train: graph_entropy=0.000000, graph_diag=0.012000, graph_uniform=0.006735, graph_reg_scale=1.0000, mf_l2=0.000000, delta_ratio=0.000005, personal_sparse=0.006371, alpha_var=-0.001336, alpha_collapse=0.000000, reg_bce_ratio=0.0469 | Val: graph_entropy=0.000000, graph_diag=0.012000, graph_uniform=0.006735, graph_reg_scale=1.0000, mf_l2=0.000000, delta_ratio=0.000000, personal_sparse=0.006371, alpha_var=-0.001316, alpha_collapse=0.000000, reg_bce_ratio=0.0475
2026-04-11 07:01:22,922 - INFO - [junyi|junyi_abce_best_B_no_q|lr=0.003|drop=0.40] [Diag][M3] Epoch [005] | residual_abs_mean=0.5598, residual_std=0.1021, mf_abs_mean=0.5598, mf_std=0.1021, gate_mean=0.1235, gate_std=0.0828, q_interaction_abs_mean=0.0000, id_adapter_abs_mean=0.0924, bias_abs_mean=0.5799, B_q_share=0.0000, B_id_share=0.1651, B_bias_share=1.0358, student_q_norm=0.0011, student_id_adapter_norm=0.1068, item_q_norm=0.0000, item_id_adapter_norm=0.1067, irt_abs_mean=1.7900, irt_std=1.0282, delta_abs_mean=0.0676, delta_std=0.0451, delta_over_irt=0.0378, warmup(mf/personal)=1.00/1.00, graph_row_entropy=3.1853, graph_entropy_ratio=0.4856, alpha_mean=0.1750, alpha_std=0.1596, alpha_bias_std=0.0002, personal_row_entropy=3.1854, personal_matrix_delta=0.0000, personal_matrix_student_std=0.0000, personal_delta_pre_softmax_norm=0.0000, personal_delta_student_std=0.0000, alpha_head_std=0.1588
2026-04-11 07:01:22,922 - INFO - [junyi|junyi_abce_best_B_no_q|lr=0.003|drop=0.40] [Diag][Graph] Epoch [005] | entropy_ratio=0.4856, diag_mass=0.1000, to_uniform_l2=0.007744, to_identity_l2=0.034570, tau_mean=0.6931, tau_std=0.0000, graph_reg_scale(train/val)=1.0000/1.0000
2026-04-11 07:01:22,922 - WARNING - [junyi|junyi_abce_best_B_no_q|lr=0.003|drop=0.40] [Diag Warning][B] B_q_share is low: B_q_share=0.0000, B_id_share=0.1651, B_bias_share=1.0358
2026-04-11 07:01:22,922 - WARNING - [junyi|junyi_abce_best_B_no_q|lr=0.003|drop=0.40] [Diag Warning][E] personal_delta_student_std is near zero: personal_delta_student_std=0.000000, personal_delta_pre_softmax_norm=0.000000
2026-04-11 07:01:22,923 - INFO - [junyi|junyi_abce_best_B_no_q|lr=0.003|drop=0.40] [Grad Norms] Epoch [005] | mf_u_proj=0.000000, mf_v_proj=0.000000, b_id_student_proj=0.018626, b_id_item_proj=0.014540, b_bias_scale=0.000042, fusion_gate=0.015172, q_gate_raw=0.000000, skill_latent=1.390224, student_q_proj=0.000000, item_id_adapter=0.050186, relation_emb=2.434535e-14, relation_tau=4.496575e-12, relation_wq=1.348494e-14, relation_wk=1.734329e-14, personal_u=0.000000e+00, personal_v=0.000000e+00, personal_alpha_bias=1.624885e-05, personal_gate_emb=8.005588e-09, personal_gate_student_proj=1.412568e-17, personal_gate_context_proj=1.432592e-12, personal_gate_student_direct=7.157827e-09, personal_gate_context_direct=7.259259e-04, personal_gate_out=1.726899e-08, personal_generator_emb=0.000000e+00, personal_generator_context_proj=0.000000e+00, personal_generator_context_hidden=0.000000e+00, personal_generator_context_to_u=0.000000e+00, personal_generator_context_to_v=0.000000e+00
2026-04-11 07:01:22,923 - INFO - [junyi|junyi_abce_best_B_no_q|lr=0.003|drop=0.40] -> No improvement 1 epoch(s) (best AUC=0.8064 @ 4)
2026-04-11 07:06:01,897 - INFO - [junyi|junyi_abce_best_B_no_q|lr=0.003|drop=0.40] Epoch [006/100] | Train: Loss=0.5278, BCE=0.5040, Reg=0.0238, AUC=0.8035, ACC=0.7553, RMSE=0.4083 | Val: Loss=0.5217, BCE=0.4976, Reg=0.0241, AUC=0.8084, ACC=0.7676, RMSE=0.4035
2026-04-11 07:06:01,898 - INFO - [junyi|junyi_abce_best_B_no_q|lr=0.003|drop=0.40] [Reg Terms] Epoch [006] | Train: graph_entropy=0.000000, graph_diag=0.012009, graph_uniform=0.006735, graph_reg_scale=1.0000, mf_l2=0.000000, delta_ratio=0.000006, personal_sparse=0.006371, alpha_var=-0.001337, alpha_collapse=0.000000, reg_bce_ratio=0.0472 | Val: graph_entropy=0.000000, graph_diag=0.012000, graph_uniform=0.006735, graph_reg_scale=1.0000, mf_l2=0.000000, delta_ratio=0.000000, personal_sparse=0.006371, alpha_var=-0.001328, alpha_collapse=0.000000, reg_bce_ratio=0.0484
2026-04-11 07:06:03,897 - INFO - [junyi|junyi_abce_best_B_no_q|lr=0.003|drop=0.40] [Diag][M3] Epoch [006] | residual_abs_mean=0.5868, residual_std=0.1210, mf_abs_mean=0.5868, mf_std=0.1210, gate_mean=0.1415, gate_std=0.0882, q_interaction_abs_mean=0.0000, id_adapter_abs_mean=0.1112, bias_abs_mean=0.6167, B_q_share=0.0000, B_id_share=0.1895, B_bias_share=1.0510, student_q_norm=0.0013, student_id_adapter_norm=0.0801, item_q_norm=0.0000, item_id_adapter_norm=0.1419, irt_abs_mean=1.7956, irt_std=1.0788, delta_abs_mean=0.0816, delta_std=0.0532, delta_over_irt=0.0455, warmup(mf/personal)=1.00/1.00, graph_row_entropy=3.1853, graph_entropy_ratio=0.4856, alpha_mean=0.1750, alpha_std=0.1620, alpha_bias_std=0.0002, personal_row_entropy=3.1854, personal_matrix_delta=0.0000, personal_matrix_student_std=0.0000, personal_delta_pre_softmax_norm=0.0000, personal_delta_student_std=0.0000, alpha_head_std=0.1616
2026-04-11 07:06:03,897 - INFO - [junyi|junyi_abce_best_B_no_q|lr=0.003|drop=0.40] [Diag][Graph] Epoch [006] | entropy_ratio=0.4856, diag_mass=0.1000, to_uniform_l2=0.007744, to_identity_l2=0.034570, tau_mean=0.6931, tau_std=0.0000, graph_reg_scale(train/val)=1.0000/1.0000
2026-04-11 07:06:03,897 - WARNING - [junyi|junyi_abce_best_B_no_q|lr=0.003|drop=0.40] [Diag Warning][B] B_q_share is low: B_q_share=0.0000, B_id_share=0.1895, B_bias_share=1.0510
2026-04-11 07:06:03,897 - WARNING - [junyi|junyi_abce_best_B_no_q|lr=0.003|drop=0.40] [Diag Warning][E] personal_delta_student_std is near zero: personal_delta_student_std=0.000000, personal_delta_pre_softmax_norm=0.000000
2026-04-11 07:06:03,897 - INFO - [junyi|junyi_abce_best_B_no_q|lr=0.003|drop=0.40] [Grad Norms] Epoch [006] | mf_u_proj=0.000000, mf_v_proj=0.000000, b_id_student_proj=0.036560, b_id_item_proj=0.025180, b_bias_scale=0.000041, fusion_gate=0.010565, q_gate_raw=0.000000, skill_latent=2.020160, student_q_proj=0.000000, item_id_adapter=0.101901, relation_emb=3.269825e-14, relation_tau=8.057683e-13, relation_wq=1.797738e-14, relation_wk=1.645652e-14, personal_u=0.000000e+00, personal_v=0.000000e+00, personal_alpha_bias=1.649765e-05, personal_gate_emb=7.642291e-09, personal_gate_student_proj=2.635872e-16, personal_gate_context_proj=2.466002e-11, personal_gate_student_direct=7.970977e-09, personal_gate_context_direct=7.457312e-04, personal_gate_out=4.283003e-08, personal_generator_emb=0.000000e+00, personal_generator_context_proj=0.000000e+00, personal_generator_context_hidden=0.000000e+00, personal_generator_context_to_u=0.000000e+00, personal_generator_context_to_v=0.000000e+00
2026-04-11 07:06:04,715 - INFO - [junyi|junyi_abce_best_B_no_q|lr=0.003|drop=0.40] -> New best AUC=0.8084 at epoch 6
2026-04-11 07:10:43,504 - INFO - [junyi|junyi_abce_best_B_no_q|lr=0.003|drop=0.40] Epoch [007/100] | Train: Loss=0.5268, BCE=0.5031, Reg=0.0238, AUC=0.8046, ACC=0.7550, RMSE=0.4079 | Val: Loss=0.5167, BCE=0.4929, Reg=0.0238, AUC=0.8112, ACC=0.7694, RMSE=0.4015
2026-04-11 07:10:43,504 - INFO - [junyi|junyi_abce_best_B_no_q|lr=0.003|drop=0.40] [Reg Terms] Epoch [007] | Train: graph_entropy=0.000000, graph_diag=0.012010, graph_uniform=0.006735, graph_reg_scale=1.0000, mf_l2=0.000000, delta_ratio=0.000005, personal_sparse=0.006371, alpha_var=-0.001343, alpha_collapse=0.000000, reg_bce_ratio=0.0473 | Val: graph_entropy=0.000000, graph_diag=0.012000, graph_uniform=0.006735, graph_reg_scale=1.0000, mf_l2=0.000000, delta_ratio=0.000000, personal_sparse=0.006371, alpha_var=-0.001325, alpha_collapse=0.000000, reg_bce_ratio=0.0483
2026-04-11 07:10:45,530 - INFO - [junyi|junyi_abce_best_B_no_q|lr=0.003|drop=0.40] [Diag][M3] Epoch [007] | residual_abs_mean=0.6109, residual_std=0.1117, mf_abs_mean=0.6109, mf_std=0.1117, gate_mean=0.1355, gate_std=0.0821, q_interaction_abs_mean=0.0000, id_adapter_abs_mean=0.1012, bias_abs_mean=0.6270, B_q_share=0.0000, B_id_share=0.1657, B_bias_share=1.0264, student_q_norm=0.0015, student_id_adapter_norm=0.1263, item_q_norm=0.0000, item_id_adapter_norm=0.1136, irt_abs_mean=1.6999, irt_std=1.0903, delta_abs_mean=0.0825, delta_std=0.0523, delta_over_irt=0.0485, warmup(mf/personal)=1.00/1.00, graph_row_entropy=3.1853, graph_entropy_ratio=0.4856, alpha_mean=0.1750, alpha_std=0.1638, alpha_bias_std=0.0002, personal_row_entropy=3.1854, personal_matrix_delta=0.0000, personal_matrix_student_std=0.0000, personal_delta_pre_softmax_norm=0.0000, personal_delta_student_std=0.0000, alpha_head_std=0.1637
2026-04-11 07:10:45,530 - INFO - [junyi|junyi_abce_best_B_no_q|lr=0.003|drop=0.40] [Diag][Graph] Epoch [007] | entropy_ratio=0.4856, diag_mass=0.1000, to_uniform_l2=0.007744, to_identity_l2=0.034570, tau_mean=0.6931, tau_std=0.0000, graph_reg_scale(train/val)=1.0000/1.0000
2026-04-11 07:10:45,530 - WARNING - [junyi|junyi_abce_best_B_no_q|lr=0.003|drop=0.40] [Diag Warning][B] B_q_share is low: B_q_share=0.0000, B_id_share=0.1657, B_bias_share=1.0264
2026-04-11 07:10:45,531 - WARNING - [junyi|junyi_abce_best_B_no_q|lr=0.003|drop=0.40] [Diag Warning][E] personal_delta_student_std is near zero: personal_delta_student_std=0.000000, personal_delta_pre_softmax_norm=0.000000
2026-04-11 07:10:45,531 - INFO - [junyi|junyi_abce_best_B_no_q|lr=0.003|drop=0.40] [Grad Norms] Epoch [007] | mf_u_proj=0.000000, mf_v_proj=0.000000, b_id_student_proj=0.012922, b_id_item_proj=0.011374, b_bias_scale=0.000024, fusion_gate=0.002077, q_gate_raw=0.000000, skill_latent=0.509984, student_q_proj=0.000000, item_id_adapter=0.038785, relation_emb=5.314295e-14, relation_tau=6.320642e-12, relation_wq=2.983906e-14, relation_wk=2.924619e-14, personal_u=0.000000e+00, personal_v=0.000000e+00, personal_alpha_bias=1.647480e-05, personal_gate_emb=1.036897e-08, personal_gate_student_proj=4.812701e-16, personal_gate_context_proj=3.689266e-11, personal_gate_student_direct=9.887372e-09, personal_gate_context_direct=7.579320e-04, personal_gate_out=5.653096e-08, personal_generator_emb=0.000000e+00, personal_generator_context_proj=0.000000e+00, personal_generator_context_hidden=0.000000e+00, personal_generator_context_to_u=0.000000e+00, personal_generator_context_to_v=0.000000e+00
2026-04-11 07:10:46,351 - INFO - [junyi|junyi_abce_best_B_no_q|lr=0.003|drop=0.40] -> New best AUC=0.8112 at epoch 7
2026-04-11 07:15:25,684 - INFO - [junyi|junyi_abce_best_B_no_q|lr=0.003|drop=0.40] Epoch [008/100] | Train: Loss=0.5257, BCE=0.5019, Reg=0.0238, AUC=0.8058, ACC=0.7567, RMSE=0.4073 | Val: Loss=0.5245, BCE=0.5008, Reg=0.0238, AUC=0.8079, ACC=0.7650, RMSE=0.4047
2026-04-11 07:15:25,684 - INFO - [junyi|junyi_abce_best_B_no_q|lr=0.003|drop=0.40] [Reg Terms] Epoch [008] | Train: graph_entropy=0.000000, graph_diag=0.012011, graph_uniform=0.006735, graph_reg_scale=1.0000, mf_l2=0.000000, delta_ratio=0.000004, personal_sparse=0.006370, alpha_var=-0.001344, alpha_collapse=0.000000, reg_bce_ratio=0.0474 | Val: graph_entropy=0.000000, graph_diag=0.012003, graph_uniform=0.006735, graph_reg_scale=1.0000, mf_l2=0.000000, delta_ratio=0.000000, personal_sparse=0.006371, alpha_var=-0.001329, alpha_collapse=0.000000, reg_bce_ratio=0.0475
2026-04-11 07:15:27,338 - INFO - [junyi|junyi_abce_best_B_no_q|lr=0.003|drop=0.40] [Diag][M3] Epoch [008] | residual_abs_mean=0.6124, residual_std=0.0971, mf_abs_mean=0.6124, mf_std=0.0971, gate_mean=0.1241, gate_std=0.0802, q_interaction_abs_mean=0.0000, id_adapter_abs_mean=0.0864, bias_abs_mean=0.6302, B_q_share=0.0000, B_id_share=0.1411, B_bias_share=1.0291, student_q_norm=0.0015, student_id_adapter_norm=0.1460, item_q_norm=0.0000, item_id_adapter_norm=0.1376, irt_abs_mean=1.8202, irt_std=1.1066, delta_abs_mean=0.0753, delta_std=0.0494, delta_over_irt=0.0414, warmup(mf/personal)=1.00/1.00, graph_row_entropy=3.1853, graph_entropy_ratio=0.4856, alpha_mean=0.1750, alpha_std=0.1635, alpha_bias_std=0.0001, personal_row_entropy=3.1854, personal_matrix_delta=0.0000, personal_matrix_student_std=0.0000, personal_delta_pre_softmax_norm=0.0000, personal_delta_student_std=0.0000, alpha_head_std=0.1633
2026-04-11 07:15:27,338 - INFO - [junyi|junyi_abce_best_B_no_q|lr=0.003|drop=0.40] [Diag][Graph] Epoch [008] | entropy_ratio=0.4856, diag_mass=0.1000, to_uniform_l2=0.007744, to_identity_l2=0.034569, tau_mean=0.6931, tau_std=0.0000, graph_reg_scale(train/val)=1.0000/1.0000
2026-04-11 07:15:27,338 - WARNING - [junyi|junyi_abce_best_B_no_q|lr=0.003|drop=0.40] [Diag Warning][B] B_q_share is low: B_q_share=0.0000, B_id_share=0.1411, B_bias_share=1.0291
2026-04-11 07:15:27,338 - WARNING - [junyi|junyi_abce_best_B_no_q|lr=0.003|drop=0.40] [Diag Warning][E] personal_delta_student_std is near zero: personal_delta_student_std=0.000000, personal_delta_pre_softmax_norm=0.000000
2026-04-11 07:15:27,338 - INFO - [junyi|junyi_abce_best_B_no_q|lr=0.003|drop=0.40] [Grad Norms] Epoch [008] | mf_u_proj=0.000000, mf_v_proj=0.000000, b_id_student_proj=0.013128, b_id_item_proj=0.008194, b_bias_scale=0.000039, fusion_gate=0.004276, q_gate_raw=0.000000, skill_latent=0.336786, student_q_proj=0.000000, item_id_adapter=0.023707, relation_emb=1.516114e-13, relation_tau=5.120542e-11, relation_wq=1.025456e-13, relation_wk=1.002213e-13, personal_u=0.000000e+00, personal_v=0.000000e+00, personal_alpha_bias=1.592988e-05, personal_gate_emb=1.314118e-08, personal_gate_student_proj=9.600966e-16, personal_gate_context_proj=6.554418e-11, personal_gate_student_direct=1.101765e-08, personal_gate_context_direct=7.521571e-04, personal_gate_out=4.647737e-08, personal_generator_emb=0.000000e+00, personal_generator_context_proj=0.000000e+00, personal_generator_context_hidden=0.000000e+00, personal_generator_context_to_u=0.000000e+00, personal_generator_context_to_v=0.000000e+00
2026-04-11 07:15:27,339 - INFO - [junyi|junyi_abce_best_B_no_q|lr=0.003|drop=0.40] -> No improvement 1 epoch(s) (best AUC=0.8112 @ 7)
2026-04-11 07:20:06,605 - INFO - [junyi|junyi_abce_best_B_no_q|lr=0.003|drop=0.40] Epoch [009/100] | Train: Loss=0.5249, BCE=0.5011, Reg=0.0238, AUC=0.8064, ACC=0.7574, RMSE=0.4069 | Val: Loss=0.5203, BCE=0.4965, Reg=0.0238, AUC=0.8091, ACC=0.7682, RMSE=0.4032
2026-04-11 07:20:06,605 - INFO - [junyi|junyi_abce_best_B_no_q|lr=0.003|drop=0.40] [Reg Terms] Epoch [009] | Train: graph_entropy=0.000000, graph_diag=0.012010, graph_uniform=0.006735, graph_reg_scale=1.0000, mf_l2=0.000000, delta_ratio=0.000005, personal_sparse=0.006371, alpha_var=-0.001343, alpha_collapse=0.000000, reg_bce_ratio=0.0475 | Val: graph_entropy=0.000000, graph_diag=0.012000, graph_uniform=0.006735, graph_reg_scale=1.0000, mf_l2=0.000000, delta_ratio=0.000000, personal_sparse=0.006371, alpha_var=-0.001318, alpha_collapse=0.000000, reg_bce_ratio=0.0480
2026-04-11 07:20:08,412 - INFO - [junyi|junyi_abce_best_B_no_q|lr=0.003|drop=0.40] [Diag][M3] Epoch [009] | residual_abs_mean=0.6339, residual_std=0.1145, mf_abs_mean=0.6339, mf_std=0.1145, gate_mean=0.1278, gate_std=0.0808, q_interaction_abs_mean=0.0000, id_adapter_abs_mean=0.1069, bias_abs_mean=0.6491, B_q_share=0.0000, B_id_share=0.1687, B_bias_share=1.0240, student_q_norm=0.0014, student_id_adapter_norm=0.1060, item_q_norm=0.0000, item_id_adapter_norm=0.1131, irt_abs_mean=1.7417, irt_std=1.0674, delta_abs_mean=0.0799, delta_std=0.0518, delta_over_irt=0.0458, warmup(mf/personal)=1.00/1.00, graph_row_entropy=3.1853, graph_entropy_ratio=0.4856, alpha_mean=0.1750, alpha_std=0.1628, alpha_bias_std=0.0002, personal_row_entropy=3.1854, personal_matrix_delta=0.0000, personal_matrix_student_std=0.0000, personal_delta_pre_softmax_norm=0.0000, personal_delta_student_std=0.0000, alpha_head_std=0.1626
2026-04-11 07:20:08,412 - INFO - [junyi|junyi_abce_best_B_no_q|lr=0.003|drop=0.40] [Diag][Graph] Epoch [009] | entropy_ratio=0.4856, diag_mass=0.1000, to_uniform_l2=0.007744, to_identity_l2=0.034570, tau_mean=0.6931, tau_std=0.0000, graph_reg_scale(train/val)=1.0000/1.0000
2026-04-11 07:20:08,412 - WARNING - [junyi|junyi_abce_best_B_no_q|lr=0.003|drop=0.40] [Diag Warning][B] B_q_share is low: B_q_share=0.0000, B_id_share=0.1687, B_bias_share=1.0240
2026-04-11 07:20:08,413 - WARNING - [junyi|junyi_abce_best_B_no_q|lr=0.003|drop=0.40] [Diag Warning][E] personal_delta_student_std is near zero: personal_delta_student_std=0.000000, personal_delta_pre_softmax_norm=0.000000
2026-04-11 07:20:08,413 - INFO - [junyi|junyi_abce_best_B_no_q|lr=0.003|drop=0.40] [Grad Norms] Epoch [009] | mf_u_proj=0.000000, mf_v_proj=0.000000, b_id_student_proj=0.013068, b_id_item_proj=0.007771, b_bias_scale=0.000030, fusion_gate=0.009078, q_gate_raw=0.000000, skill_latent=0.075214, student_q_proj=0.000000, item_id_adapter=0.053753, relation_emb=1.072932e-13, relation_tau=1.254109e-11, relation_wq=6.398363e-14, relation_wk=6.688920e-14, personal_u=0.000000e+00, personal_v=0.000000e+00, personal_alpha_bias=1.621373e-05, personal_gate_emb=1.406627e-08, personal_gate_student_proj=2.118416e-15, personal_gate_context_proj=1.110353e-10, personal_gate_student_direct=1.512045e-08, personal_gate_context_direct=7.925287e-04, personal_gate_out=6.411703e-08, personal_generator_emb=0.000000e+00, personal_generator_context_proj=0.000000e+00, personal_generator_context_hidden=0.000000e+00, personal_generator_context_to_u=0.000000e+00, personal_generator_context_to_v=0.000000e+00
2026-04-11 07:20:08,413 - INFO - [junyi|junyi_abce_best_B_no_q|lr=0.003|drop=0.40] -> No improvement 2 epoch(s) (best AUC=0.8112 @ 7)
2026-04-11 07:24:47,500 - INFO - [junyi|junyi_abce_best_B_no_q|lr=0.003|drop=0.40] Epoch [010/100] | Train: Loss=0.5136, BCE=0.4898, Reg=0.0238, AUC=0.8168, ACC=0.7662, RMSE=0.4012 | Val: Loss=0.5115, BCE=0.4875, Reg=0.0240, AUC=0.8161, ACC=0.7728, RMSE=0.3989
2026-04-11 07:24:47,500 - INFO - [junyi|junyi_abce_best_B_no_q|lr=0.003|drop=0.40] [Reg Terms] Epoch [010] | Train: graph_entropy=0.000000, graph_diag=0.012000, graph_uniform=0.006735, graph_reg_scale=1.0000, mf_l2=0.000000, delta_ratio=0.000001, personal_sparse=0.006371, alpha_var=-0.001356, alpha_collapse=0.000000, reg_bce_ratio=0.0485 | Val: graph_entropy=0.000000, graph_diag=0.012000, graph_uniform=0.006735, graph_reg_scale=1.0000, mf_l2=0.000000, delta_ratio=0.000000, personal_sparse=0.006371, alpha_var=-0.001317, alpha_collapse=0.000000, reg_bce_ratio=0.0493
2026-04-11 07:24:49,494 - INFO - [junyi|junyi_abce_best_B_no_q|lr=0.003|drop=0.40] [Diag][M3] Epoch [010] | residual_abs_mean=0.6170, residual_std=0.1194, mf_abs_mean=0.6170, mf_std=0.1194, gate_mean=0.1456, gate_std=0.0852, q_interaction_abs_mean=0.0000, id_adapter_abs_mean=0.1078, bias_abs_mean=0.6316, B_q_share=0.0000, B_id_share=0.1747, B_bias_share=1.0237, student_q_norm=0.0000, student_id_adapter_norm=0.0783, item_q_norm=0.0000, item_id_adapter_norm=0.0987, irt_abs_mean=1.7604, irt_std=1.1085, delta_abs_mean=0.0899, delta_std=0.0564, delta_over_irt=0.0511, warmup(mf/personal)=1.00/1.00, graph_row_entropy=3.1853, graph_entropy_ratio=0.4856, alpha_mean=0.1750, alpha_std=0.1621, alpha_bias_std=0.0001, personal_row_entropy=3.1854, personal_matrix_delta=0.0000, personal_matrix_student_std=0.0000, personal_delta_pre_softmax_norm=0.0000, personal_delta_student_std=0.0000, alpha_head_std=0.1620
2026-04-11 07:24:49,495 - INFO - [junyi|junyi_abce_best_B_no_q|lr=0.003|drop=0.40] [Diag][Graph] Epoch [010] | entropy_ratio=0.4856, diag_mass=0.1000, to_uniform_l2=0.007744, to_identity_l2=0.034570, tau_mean=0.6931, tau_std=0.0000, graph_reg_scale(train/val)=1.0000/1.0000
2026-04-11 07:24:49,495 - WARNING - [junyi|junyi_abce_best_B_no_q|lr=0.003|drop=0.40] [Diag Warning][B] B_q_share is low: B_q_share=0.0000, B_id_share=0.1747, B_bias_share=1.0237
2026-04-11 07:24:49,495 - WARNING - [junyi|junyi_abce_best_B_no_q|lr=0.003|drop=0.40] [Diag Warning][E] personal_delta_student_std is near zero: personal_delta_student_std=0.000000, personal_delta_pre_softmax_norm=0.000000
2026-04-11 07:24:49,495 - INFO - [junyi|junyi_abce_best_B_no_q|lr=0.003|drop=0.40] [Grad Norms] Epoch [010] | mf_u_proj=0.000000, mf_v_proj=0.000000, b_id_student_proj=0.017570, b_id_item_proj=0.012099, b_bias_scale=0.000056, fusion_gate=0.001838, q_gate_raw=0.000000, skill_latent=0.825638, student_q_proj=0.000000, item_id_adapter=0.036888, relation_emb=0.000000e+00, relation_tau=0.000000e+00, relation_wq=0.000000e+00, relation_wk=0.000000e+00, personal_u=0.000000e+00, personal_v=0.000000e+00, personal_alpha_bias=1.540744e-05, personal_gate_emb=0.000000e+00, personal_gate_student_proj=0.000000e+00, personal_gate_context_proj=0.000000e+00, personal_gate_student_direct=0.000000e+00, personal_gate_context_direct=7.935535e-04, personal_gate_out=0.000000e+00, personal_generator_emb=0.000000e+00, personal_generator_context_proj=0.000000e+00, personal_generator_context_hidden=0.000000e+00, personal_generator_context_to_u=0.000000e+00, personal_generator_context_to_v=0.000000e+00
2026-04-11 07:24:50,400 - INFO - [junyi|junyi_abce_best_B_no_q|lr=0.003|drop=0.40] -> New best AUC=0.8161 at epoch 10
2026-04-11 07:24:50,573 - INFO - [junyi|junyi_abce_best_B_no_q|lr=0.003|drop=0.40] Checkpoint saved: checkpoints/abce_diag/20260411_master_best_ae/junyi/seed42/best_B_no_q/checkpoint_epoch_10.pth
2026-04-11 07:24:50,875 - INFO - [junyi|junyi_abce_best_B_no_q|lr=0.003|drop=0.40] [Module Activity] Epoch 10: Graph[OK] Personal[X] MF[OK]
2026-04-11 07:29:30,364 - INFO - [junyi|junyi_abce_best_B_no_q|lr=0.003|drop=0.40] Epoch [011/100] | Train: Loss=0.5107, BCE=0.4869, Reg=0.0238, AUC=0.8192, ACC=0.7677, RMSE=0.3998 | Val: Loss=0.5102, BCE=0.4863, Reg=0.0239, AUC=0.8175, ACC=0.7697, RMSE=0.3989
2026-04-11 07:29:30,364 - INFO - [junyi|junyi_abce_best_B_no_q|lr=0.003|drop=0.40] [Reg Terms] Epoch [011] | Train: graph_entropy=0.000000, graph_diag=0.012004, graph_uniform=0.006735, graph_reg_scale=1.0000, mf_l2=0.000000, delta_ratio=0.000002, personal_sparse=0.006371, alpha_var=-0.001359, alpha_collapse=0.000000, reg_bce_ratio=0.0488 | Val: graph_entropy=0.000000, graph_diag=0.012000, graph_uniform=0.006735, graph_reg_scale=1.0000, mf_l2=0.000000, delta_ratio=0.000000, personal_sparse=0.006371, alpha_var=-0.001320, alpha_collapse=0.000000, reg_bce_ratio=0.0491
2026-04-11 07:29:32,508 - INFO - [junyi|junyi_abce_best_B_no_q|lr=0.003|drop=0.40] [Diag][M3] Epoch [011] | residual_abs_mean=0.5857, residual_std=0.1159, mf_abs_mean=0.5857, mf_std=0.1159, gate_mean=0.1462, gate_std=0.0829, q_interaction_abs_mean=0.0000, id_adapter_abs_mean=0.1067, bias_abs_mean=0.6201, B_q_share=0.0000, B_id_share=0.1822, B_bias_share=1.0587, student_q_norm=0.0007, student_id_adapter_norm=0.0599, item_q_norm=0.0000, item_id_adapter_norm=0.0999, irt_abs_mean=1.7908, irt_std=1.0752, delta_abs_mean=0.0847, delta_std=0.0502, delta_over_irt=0.0473, warmup(mf/personal)=1.00/1.00, graph_row_entropy=3.1853, graph_entropy_ratio=0.4856, alpha_mean=0.1750, alpha_std=0.1628, alpha_bias_std=0.0002, personal_row_entropy=3.1854, personal_matrix_delta=0.0000, personal_matrix_student_std=0.0000, personal_delta_pre_softmax_norm=0.0000, personal_delta_student_std=0.0000, alpha_head_std=0.1626
2026-04-11 07:29:32,508 - INFO - [junyi|junyi_abce_best_B_no_q|lr=0.003|drop=0.40] [Diag][Graph] Epoch [011] | entropy_ratio=0.4856, diag_mass=0.1000, to_uniform_l2=0.007744, to_identity_l2=0.034570, tau_mean=0.6931, tau_std=0.0000, graph_reg_scale(train/val)=1.0000/1.0000
2026-04-11 07:29:32,508 - WARNING - [junyi|junyi_abce_best_B_no_q|lr=0.003|drop=0.40] [Diag Warning][B] B_q_share is low: B_q_share=0.0000, B_id_share=0.1822, B_bias_share=1.0587
2026-04-11 07:29:32,508 - WARNING - [junyi|junyi_abce_best_B_no_q|lr=0.003|drop=0.40] [Diag Warning][E] personal_delta_student_std is near zero: personal_delta_student_std=0.000000, personal_delta_pre_softmax_norm=0.000000
2026-04-11 07:29:32,508 - INFO - [junyi|junyi_abce_best_B_no_q|lr=0.003|drop=0.40] [Grad Norms] Epoch [011] | mf_u_proj=0.000000, mf_v_proj=0.000000, b_id_student_proj=0.015575, b_id_item_proj=0.011244, b_bias_scale=0.000035, fusion_gate=0.006074, q_gate_raw=0.000000, skill_latent=0.534587, student_q_proj=0.000000, item_id_adapter=0.030640, relation_emb=2.287873e-14, relation_tau=1.389544e-13, relation_wq=1.359339e-14, relation_wk=1.241832e-14, personal_u=0.000000e+00, personal_v=0.000000e+00, personal_alpha_bias=1.530756e-05, personal_gate_emb=1.038178e-09, personal_gate_student_proj=2.219905e-17, personal_gate_context_proj=6.610235e-12, personal_gate_student_direct=2.557887e-09, personal_gate_context_direct=7.616624e-04, personal_gate_out=4.504736e-09, personal_generator_emb=0.000000e+00, personal_generator_context_proj=0.000000e+00, personal_generator_context_hidden=0.000000e+00, personal_generator_context_to_u=0.000000e+00, personal_generator_context_to_v=0.000000e+00
2026-04-11 07:29:33,438 - INFO - [junyi|junyi_abce_best_B_no_q|lr=0.003|drop=0.40] -> New best AUC=0.8175 at epoch 11
2026-04-11 07:34:14,471 - INFO - [junyi|junyi_abce_best_B_no_q|lr=0.003|drop=0.40] Epoch [012/100] | Train: Loss=0.5095, BCE=0.4857, Reg=0.0238, AUC=0.8202, ACC=0.7677, RMSE=0.3994 | Val: Loss=0.5128, BCE=0.4890, Reg=0.0238, AUC=0.8182, ACC=0.7719, RMSE=0.3986
2026-04-11 07:34:14,471 - INFO - [junyi|junyi_abce_best_B_no_q|lr=0.003|drop=0.40] [Reg Terms] Epoch [012] | Train: graph_entropy=0.000000, graph_diag=0.012004, graph_uniform=0.006735, graph_reg_scale=1.0000, mf_l2=0.000000, delta_ratio=0.000000, personal_sparse=0.006371, alpha_var=-0.001359, alpha_collapse=0.000000, reg_bce_ratio=0.0489 | Val: graph_entropy=0.000000, graph_diag=0.012000, graph_uniform=0.006735, graph_reg_scale=1.0000, mf_l2=0.000000, delta_ratio=0.000000, personal_sparse=0.006371, alpha_var=-0.001333, alpha_collapse=0.000000, reg_bce_ratio=0.0486
2026-04-11 07:34:16,607 - INFO - [junyi|junyi_abce_best_B_no_q|lr=0.003|drop=0.40] [Diag][M3] Epoch [012] | residual_abs_mean=0.5905, residual_std=0.1090, mf_abs_mean=0.5905, mf_std=0.1090, gate_mean=0.1273, gate_std=0.0870, q_interaction_abs_mean=0.0000, id_adapter_abs_mean=0.0977, bias_abs_mean=0.6057, B_q_share=0.0000, B_id_share=0.1655, B_bias_share=1.0256, student_q_norm=0.0006, student_id_adapter_norm=0.0576, item_q_norm=0.0000, item_id_adapter_norm=0.0978, irt_abs_mean=1.9649, irt_std=1.1349, delta_abs_mean=0.0737, delta_std=0.0505, delta_over_irt=0.0375, warmup(mf/personal)=1.00/1.00, graph_row_entropy=3.1853, graph_entropy_ratio=0.4856, alpha_mean=0.1750, alpha_std=0.1614, alpha_bias_std=0.0002, personal_row_entropy=3.1854, personal_matrix_delta=0.0000, personal_matrix_student_std=0.0000, personal_delta_pre_softmax_norm=0.0000, personal_delta_student_std=0.0000, alpha_head_std=0.1610
2026-04-11 07:34:16,607 - INFO - [junyi|junyi_abce_best_B_no_q|lr=0.003|drop=0.40] [Diag][Graph] Epoch [012] | entropy_ratio=0.4856, diag_mass=0.1000, to_uniform_l2=0.007744, to_identity_l2=0.034570, tau_mean=0.6931, tau_std=0.0000, graph_reg_scale(train/val)=1.0000/1.0000
2026-04-11 07:34:16,607 - WARNING - [junyi|junyi_abce_best_B_no_q|lr=0.003|drop=0.40] [Diag Warning][B] B_q_share is low: B_q_share=0.0000, B_id_share=0.1655, B_bias_share=1.0256
2026-04-11 07:34:16,607 - WARNING - [junyi|junyi_abce_best_B_no_q|lr=0.003|drop=0.40] [Diag Warning][E] personal_delta_student_std is near zero: personal_delta_student_std=0.000000, personal_delta_pre_softmax_norm=0.000000
2026-04-11 07:34:16,607 - INFO - [junyi|junyi_abce_best_B_no_q|lr=0.003|drop=0.40] [Grad Norms] Epoch [012] | mf_u_proj=0.000000, mf_v_proj=0.000000, b_id_student_proj=0.009161, b_id_item_proj=0.006949, b_bias_scale=0.000011, fusion_gate=0.005176, q_gate_raw=0.000000, skill_latent=0.136060, student_q_proj=0.000000, item_id_adapter=0.024023, relation_emb=1.201635e-14, relation_tau=3.452496e-12, relation_wq=6.625469e-15, relation_wk=7.514261e-15, personal_u=0.000000e+00, personal_v=0.000000e+00, personal_alpha_bias=1.402578e-05, personal_gate_emb=6.365732e-09, personal_gate_student_proj=2.090086e-16, personal_gate_context_proj=2.014006e-11, personal_gate_student_direct=7.740650e-09, personal_gate_context_direct=7.458906e-04, personal_gate_out=1.870792e-08, personal_generator_emb=0.000000e+00, personal_generator_context_proj=0.000000e+00, personal_generator_context_hidden=0.000000e+00, personal_generator_context_to_u=0.000000e+00, personal_generator_context_to_v=0.000000e+00
2026-04-11 07:34:17,528 - INFO - [junyi|junyi_abce_best_B_no_q|lr=0.003|drop=0.40] -> New best AUC=0.8182 at epoch 12
2026-04-11 07:38:57,780 - INFO - [junyi|junyi_abce_best_B_no_q|lr=0.003|drop=0.40] Epoch [013/100] | Train: Loss=0.5088, BCE=0.4850, Reg=0.0238, AUC=0.8207, ACC=0.7696, RMSE=0.3989 | Val: Loss=0.5109, BCE=0.4871, Reg=0.0238, AUC=0.8176, ACC=0.7673, RMSE=0.3994
2026-04-11 07:38:57,780 - INFO - [junyi|junyi_abce_best_B_no_q|lr=0.003|drop=0.40] [Reg Terms] Epoch [013] | Train: graph_entropy=0.000000, graph_diag=0.012004, graph_uniform=0.006735, graph_reg_scale=1.0000, mf_l2=0.000000, delta_ratio=0.000001, personal_sparse=0.006371, alpha_var=-0.001359, alpha_collapse=0.000000, reg_bce_ratio=0.0490 | Val: graph_entropy=0.000000, graph_diag=0.012000, graph_uniform=0.006735, graph_reg_scale=1.0000, mf_l2=0.000000, delta_ratio=0.000000, personal_sparse=0.006371, alpha_var=-0.001333, alpha_collapse=0.000000, reg_bce_ratio=0.0488
2026-04-11 07:38:59,610 - INFO - [junyi|junyi_abce_best_B_no_q|lr=0.003|drop=0.40] [Diag][M3] Epoch [013] | residual_abs_mean=0.5839, residual_std=0.1009, mf_abs_mean=0.5839, mf_std=0.1009, gate_mean=0.1504, gate_std=0.0898, q_interaction_abs_mean=0.0000, id_adapter_abs_mean=0.0913, bias_abs_mean=0.6175, B_q_share=0.0000, B_id_share=0.1564, B_bias_share=1.0575, student_q_norm=0.0003, student_id_adapter_norm=0.0658, item_q_norm=0.0000, item_id_adapter_norm=0.0971, irt_abs_mean=1.7023, irt_std=1.1070, delta_abs_mean=0.0865, delta_std=0.0523, delta_over_irt=0.0508, warmup(mf/personal)=1.00/1.00, graph_row_entropy=3.1853, graph_entropy_ratio=0.4856, alpha_mean=0.1750, alpha_std=0.1639, alpha_bias_std=0.0001, personal_row_entropy=3.1854, personal_matrix_delta=0.0000, personal_matrix_student_std=0.0000, personal_delta_pre_softmax_norm=0.0000, personal_delta_student_std=0.0000, alpha_head_std=0.1638
2026-04-11 07:38:59,610 - INFO - [junyi|junyi_abce_best_B_no_q|lr=0.003|drop=0.40] [Diag][Graph] Epoch [013] | entropy_ratio=0.4856, diag_mass=0.1000, to_uniform_l2=0.007744, to_identity_l2=0.034570, tau_mean=0.6931, tau_std=0.0000, graph_reg_scale(train/val)=1.0000/1.0000
2026-04-11 07:38:59,610 - WARNING - [junyi|junyi_abce_best_B_no_q|lr=0.003|drop=0.40] [Diag Warning][B] B_q_share is low: B_q_share=0.0000, B_id_share=0.1564, B_bias_share=1.0575
2026-04-11 07:38:59,610 - WARNING - [junyi|junyi_abce_best_B_no_q|lr=0.003|drop=0.40] [Diag Warning][E] personal_delta_student_std is near zero: personal_delta_student_std=0.000000, personal_delta_pre_softmax_norm=0.000000
2026-04-11 07:38:59,610 - INFO - [junyi|junyi_abce_best_B_no_q|lr=0.003|drop=0.40] [Grad Norms] Epoch [013] | mf_u_proj=0.000000, mf_v_proj=0.000000, b_id_student_proj=0.010049, b_id_item_proj=0.010875, b_bias_scale=0.000035, fusion_gate=0.006505, q_gate_raw=0.000000, skill_latent=0.123344, student_q_proj=0.000000, item_id_adapter=0.027974, relation_emb=2.723852e-15, relation_tau=7.927864e-13, relation_wq=1.163715e-15, relation_wk=1.174853e-15, personal_u=0.000000e+00, personal_v=0.000000e+00, personal_alpha_bias=1.417623e-05, personal_gate_emb=6.609634e-09, personal_gate_student_proj=1.311064e-16, personal_gate_context_proj=1.614293e-11, personal_gate_student_direct=6.210617e-09, personal_gate_context_direct=7.647026e-04, personal_gate_out=1.106538e-08, personal_generator_emb=0.000000e+00, personal_generator_context_proj=0.000000e+00, personal_generator_context_hidden=0.000000e+00, personal_generator_context_to_u=1.907549e-19, personal_generator_context_to_v=1.737547e-19
2026-04-11 07:38:59,610 - INFO - [junyi|junyi_abce_best_B_no_q|lr=0.003|drop=0.40] -> No improvement 1 epoch(s) (best AUC=0.8182 @ 12)
2026-04-11 07:43:39,671 - INFO - [junyi|junyi_abce_best_B_no_q|lr=0.003|drop=0.40] Epoch [014/100] | Train: Loss=0.4965, BCE=0.4727, Reg=0.0238, AUC=0.8314, ACC=0.7774, RMSE=0.3927 | Val: Loss=0.5080, BCE=0.4842, Reg=0.0238, AUC=0.8221, ACC=0.7753, RMSE=0.3967
2026-04-11 07:43:39,671 - INFO - [junyi|junyi_abce_best_B_no_q|lr=0.003|drop=0.40] [Reg Terms] Epoch [014] | Train: graph_entropy=0.000000, graph_diag=0.012000, graph_uniform=0.006735, graph_reg_scale=1.0000, mf_l2=0.000000, delta_ratio=0.000000, personal_sparse=0.006371, alpha_var=-0.001357, alpha_collapse=0.000000, reg_bce_ratio=0.0503 | Val: graph_entropy=0.000000, graph_diag=0.012000, graph_uniform=0.006735, graph_reg_scale=1.0000, mf_l2=0.000000, delta_ratio=0.000000, personal_sparse=0.006371, alpha_var=-0.001326, alpha_collapse=0.000000, reg_bce_ratio=0.0491
2026-04-11 07:43:41,879 - INFO - [junyi|junyi_abce_best_B_no_q|lr=0.003|drop=0.40] [Diag][M3] Epoch [014] | residual_abs_mean=0.5884, residual_std=0.0976, mf_abs_mean=0.5884, mf_std=0.0976, gate_mean=0.1493, gate_std=0.0883, q_interaction_abs_mean=0.0000, id_adapter_abs_mean=0.0882, bias_abs_mean=0.5967, B_q_share=0.0000, B_id_share=0.1499, B_bias_share=1.0140, student_q_norm=0.0000, student_id_adapter_norm=0.0478, item_q_norm=0.0000, item_id_adapter_norm=0.0798, irt_abs_mean=1.9280, irt_std=1.1601, delta_abs_mean=0.0869, delta_std=0.0531, delta_over_irt=0.0451, warmup(mf/personal)=1.00/1.00, graph_row_entropy=3.1853, graph_entropy_ratio=0.4856, alpha_mean=0.1750, alpha_std=0.1633, alpha_bias_std=0.0001, personal_row_entropy=3.1854, personal_matrix_delta=0.0000, personal_matrix_student_std=0.0000, personal_delta_pre_softmax_norm=0.0000, personal_delta_student_std=0.0000, alpha_head_std=0.1632
2026-04-11 07:43:41,879 - INFO - [junyi|junyi_abce_best_B_no_q|lr=0.003|drop=0.40] [Diag][Graph] Epoch [014] | entropy_ratio=0.4856, diag_mass=0.1000, to_uniform_l2=0.007744, to_identity_l2=0.034570, tau_mean=0.6931, tau_std=0.0000, graph_reg_scale(train/val)=1.0000/1.0000
2026-04-11 07:43:41,879 - WARNING - [junyi|junyi_abce_best_B_no_q|lr=0.003|drop=0.40] [Diag Warning][B] B_q_share is low: B_q_share=0.0000, B_id_share=0.1499, B_bias_share=1.0140
2026-04-11 07:43:41,880 - WARNING - [junyi|junyi_abce_best_B_no_q|lr=0.003|drop=0.40] [Diag Warning][E] personal_delta_student_std is near zero: personal_delta_student_std=0.000000, personal_delta_pre_softmax_norm=0.000000
2026-04-11 07:43:41,880 - INFO - [junyi|junyi_abce_best_B_no_q|lr=0.003|drop=0.40] [Grad Norms] Epoch [014] | mf_u_proj=0.000000, mf_v_proj=0.000000, b_id_student_proj=0.027826, b_id_item_proj=0.022552, b_bias_scale=0.000039, fusion_gate=0.012283, q_gate_raw=0.000000, skill_latent=0.217142, student_q_proj=0.000000, item_id_adapter=0.059088, relation_emb=0.000000e+00, relation_tau=0.000000e+00, relation_wq=0.000000e+00, relation_wk=0.000000e+00, personal_u=0.000000e+00, personal_v=0.000000e+00, personal_alpha_bias=1.358924e-05, personal_gate_emb=0.000000e+00, personal_gate_student_proj=0.000000e+00, personal_gate_context_proj=0.000000e+00, personal_gate_student_direct=0.000000e+00, personal_gate_context_direct=7.292688e-04, personal_gate_out=0.000000e+00, personal_generator_emb=0.000000e+00, personal_generator_context_proj=0.000000e+00, personal_generator_context_hidden=0.000000e+00, personal_generator_context_to_u=0.000000e+00, personal_generator_context_to_v=0.000000e+00
2026-04-11 07:43:42,721 - INFO - [junyi|junyi_abce_best_B_no_q|lr=0.003|drop=0.40] -> New best AUC=0.8221 at epoch 14
2026-04-11 07:48:22,081 - INFO - [junyi|junyi_abce_best_B_no_q|lr=0.003|drop=0.40] Epoch [015/100] | Train: Loss=0.4927, BCE=0.4689, Reg=0.0238, AUC=0.8342, ACC=0.7800, RMSE=0.3908 | Val: Loss=0.5074, BCE=0.4836, Reg=0.0238, AUC=0.8227, ACC=0.7739, RMSE=0.3969
2026-04-11 07:48:22,081 - INFO - [junyi|junyi_abce_best_B_no_q|lr=0.003|drop=0.40] [Reg Terms] Epoch [015] | Train: graph_entropy=0.000000, graph_diag=0.012004, graph_uniform=0.006735, graph_reg_scale=1.0000, mf_l2=0.000000, delta_ratio=0.000001, personal_sparse=0.006371, alpha_var=-0.001360, alpha_collapse=0.000000, reg_bce_ratio=0.0507 | Val: graph_entropy=0.000000, graph_diag=0.012000, graph_uniform=0.006735, graph_reg_scale=1.0000, mf_l2=0.000000, delta_ratio=0.000000, personal_sparse=0.006371, alpha_var=-0.001328, alpha_collapse=0.000000, reg_bce_ratio=0.0492
2026-04-11 07:48:24,403 - INFO - [junyi|junyi_abce_best_B_no_q|lr=0.003|drop=0.40] [Diag][M3] Epoch [015] | residual_abs_mean=0.5540, residual_std=0.0995, mf_abs_mean=0.5540, mf_std=0.0995, gate_mean=0.1614, gate_std=0.0879, q_interaction_abs_mean=0.0000, id_adapter_abs_mean=0.0914, bias_abs_mean=0.5750, B_q_share=0.0000, B_id_share=0.1649, B_bias_share=1.0378, student_q_norm=0.0000, student_id_adapter_norm=0.0507, item_q_norm=0.0000, item_id_adapter_norm=0.0833, irt_abs_mean=1.9032, irt_std=1.1282, delta_abs_mean=0.0891, delta_std=0.0513, delta_over_irt=0.0468, warmup(mf/personal)=1.00/1.00, graph_row_entropy=3.1853, graph_entropy_ratio=0.4856, alpha_mean=0.1750, alpha_std=0.1637, alpha_bias_std=0.0001, personal_row_entropy=3.1854, personal_matrix_delta=0.0000, personal_matrix_student_std=0.0000, personal_delta_pre_softmax_norm=0.0000, personal_delta_student_std=0.0000, alpha_head_std=0.1636
2026-04-11 07:48:24,403 - INFO - [junyi|junyi_abce_best_B_no_q|lr=0.003|drop=0.40] [Diag][Graph] Epoch [015] | entropy_ratio=0.4856, diag_mass=0.1000, to_uniform_l2=0.007744, to_identity_l2=0.034570, tau_mean=0.6931, tau_std=0.0000, graph_reg_scale(train/val)=1.0000/1.0000
2026-04-11 07:48:24,403 - WARNING - [junyi|junyi_abce_best_B_no_q|lr=0.003|drop=0.40] [Diag Warning][B] B_q_share is low: B_q_share=0.0000, B_id_share=0.1649, B_bias_share=1.0378
2026-04-11 07:48:24,403 - WARNING - [junyi|junyi_abce_best_B_no_q|lr=0.003|drop=0.40] [Diag Warning][E] personal_delta_student_std is near zero: personal_delta_student_std=0.000000, personal_delta_pre_softmax_norm=0.000000
2026-04-11 07:48:24,404 - INFO - [junyi|junyi_abce_best_B_no_q|lr=0.003|drop=0.40] [Grad Norms] Epoch [015] | mf_u_proj=0.000000, mf_v_proj=0.000000, b_id_student_proj=0.015005, b_id_item_proj=0.016042, b_bias_scale=0.000008, fusion_gate=0.008834, q_gate_raw=0.000000, skill_latent=0.099183, student_q_proj=0.000000, item_id_adapter=0.044314, relation_emb=0.000000e+00, relation_tau=0.000000e+00, relation_wq=0.000000e+00, relation_wk=0.000000e+00, personal_u=0.000000e+00, personal_v=0.000000e+00, personal_alpha_bias=1.303790e-05, personal_gate_emb=0.000000e+00, personal_gate_student_proj=0.000000e+00, personal_gate_context_proj=0.000000e+00, personal_gate_student_direct=0.000000e+00, personal_gate_context_direct=7.081270e-04, personal_gate_out=0.000000e+00, personal_generator_emb=0.000000e+00, personal_generator_context_proj=0.000000e+00, personal_generator_context_hidden=0.000000e+00, personal_generator_context_to_u=0.000000e+00, personal_generator_context_to_v=0.000000e+00
2026-04-11 07:48:25,590 - INFO - [junyi|junyi_abce_best_B_no_q|lr=0.003|drop=0.40] -> New best AUC=0.8227 at epoch 15
2026-04-11 07:53:04,978 - INFO - [junyi|junyi_abce_best_B_no_q|lr=0.003|drop=0.40] Epoch [016/100] | Train: Loss=0.4914, BCE=0.4677, Reg=0.0238, AUC=0.8354, ACC=0.7814, RMSE=0.3901 | Val: Loss=0.5089, BCE=0.4851, Reg=0.0238, AUC=0.8213, ACC=0.7721, RMSE=0.3979
2026-04-11 07:53:04,979 - INFO - [junyi|junyi_abce_best_B_no_q|lr=0.003|drop=0.40] [Reg Terms] Epoch [016] | Train: graph_entropy=0.000000, graph_diag=0.012000, graph_uniform=0.006735, graph_reg_scale=1.0000, mf_l2=0.000000, delta_ratio=0.000000, personal_sparse=0.006371, alpha_var=-0.001357, alpha_collapse=0.000000, reg_bce_ratio=0.0508 | Val: graph_entropy=0.000000, graph_diag=0.012000, graph_uniform=0.006735, graph_reg_scale=1.0000, mf_l2=0.000000, delta_ratio=0.000000, personal_sparse=0.006371, alpha_var=-0.001334, alpha_collapse=0.000000, reg_bce_ratio=0.0490
2026-04-11 07:53:07,324 - INFO - [junyi|junyi_abce_best_B_no_q|lr=0.003|drop=0.40] [Diag][M3] Epoch [016] | residual_abs_mean=0.5257, residual_std=0.0847, mf_abs_mean=0.5257, mf_std=0.0847, gate_mean=0.1666, gate_std=0.0907, q_interaction_abs_mean=0.0000, id_adapter_abs_mean=0.0721, bias_abs_mean=0.5424, B_q_share=0.0000, B_id_share=0.1371, B_bias_share=1.0317, student_q_norm=0.0002, student_id_adapter_norm=0.0456, item_q_norm=0.0000, item_id_adapter_norm=0.0776, irt_abs_mean=1.8450, irt_std=1.1117, delta_abs_mean=0.0872, delta_std=0.0497, delta_over_irt=0.0473, warmup(mf/personal)=1.00/1.00, graph_row_entropy=3.1853, graph_entropy_ratio=0.4856, alpha_mean=0.1750, alpha_std=0.1632, alpha_bias_std=0.0001, personal_row_entropy=3.1854, personal_matrix_delta=0.0000, personal_matrix_student_std=0.0000, personal_delta_pre_softmax_norm=0.0000, personal_delta_student_std=0.0000, alpha_head_std=0.1631
2026-04-11 07:53:07,325 - INFO - [junyi|junyi_abce_best_B_no_q|lr=0.003|drop=0.40] [Diag][Graph] Epoch [016] | entropy_ratio=0.4856, diag_mass=0.1000, to_uniform_l2=0.007744, to_identity_l2=0.034570, tau_mean=0.6931, tau_std=0.0000, graph_reg_scale(train/val)=1.0000/1.0000
2026-04-11 07:53:07,325 - WARNING - [junyi|junyi_abce_best_B_no_q|lr=0.003|drop=0.40] [Diag Warning][B] B_q_share is low: B_q_share=0.0000, B_id_share=0.1371, B_bias_share=1.0317
2026-04-11 07:53:07,325 - WARNING - [junyi|junyi_abce_best_B_no_q|lr=0.003|drop=0.40] [Diag Warning][E] personal_delta_student_std is near zero: personal_delta_student_std=0.000000, personal_delta_pre_softmax_norm=0.000000
2026-04-11 07:53:07,325 - INFO - [junyi|junyi_abce_best_B_no_q|lr=0.003|drop=0.40] [Grad Norms] Epoch [016] | mf_u_proj=0.000000, mf_v_proj=0.000000, b_id_student_proj=0.020443, b_id_item_proj=0.021162, b_bias_scale=0.000027, fusion_gate=0.009335, q_gate_raw=0.000000, skill_latent=0.381569, student_q_proj=0.000000, item_id_adapter=0.046067, relation_emb=1.696755e-15, relation_tau=2.791807e-13, relation_wq=9.650794e-16, relation_wk=1.051088e-15, personal_u=0.000000e+00, personal_v=0.000000e+00, personal_alpha_bias=1.320085e-05, personal_gate_emb=5.786070e-10, personal_gate_student_proj=2.530452e-18, personal_gate_context_proj=1.498101e-12, personal_gate_student_direct=1.168620e-09, personal_gate_context_direct=6.918573e-04, personal_gate_out=3.623443e-09, personal_generator_emb=0.000000e+00, personal_generator_context_proj=0.000000e+00, personal_generator_context_hidden=0.000000e+00, personal_generator_context_to_u=0.000000e+00, personal_generator_context_to_v=0.000000e+00
2026-04-11 07:53:07,325 - INFO - [junyi|junyi_abce_best_B_no_q|lr=0.003|drop=0.40] -> No improvement 1 epoch(s) (best AUC=0.8227 @ 15)
2026-04-11 07:57:47,441 - INFO - [junyi|junyi_abce_best_B_no_q|lr=0.003|drop=0.40] Epoch [017/100] | Train: Loss=0.4889, BCE=0.4651, Reg=0.0238, AUC=0.8372, ACC=0.7828, RMSE=0.3889 | Val: Loss=0.5076, BCE=0.4837, Reg=0.0239, AUC=0.8225, ACC=0.7731, RMSE=0.3972
2026-04-11 07:57:47,441 - INFO - [junyi|junyi_abce_best_B_no_q|lr=0.003|drop=0.40] [Reg Terms] Epoch [017] | Train: graph_entropy=0.000000, graph_diag=0.012002, graph_uniform=0.006735, graph_reg_scale=1.0000, mf_l2=0.000000, delta_ratio=0.000000, personal_sparse=0.006371, alpha_var=-0.001360, alpha_collapse=0.000000, reg_bce_ratio=0.0511 | Val: graph_entropy=0.000000, graph_diag=0.012000, graph_uniform=0.006735, graph_reg_scale=1.0000, mf_l2=0.000000, delta_ratio=0.000000, personal_sparse=0.006371, alpha_var=-0.001323, alpha_collapse=0.000000, reg_bce_ratio=0.0493
2026-04-11 07:57:49,840 - INFO - [junyi|junyi_abce_best_B_no_q|lr=0.003|drop=0.40] [Diag][M3] Epoch [017] | residual_abs_mean=0.5043, residual_std=0.1034, mf_abs_mean=0.5043, mf_std=0.1034, gate_mean=0.1739, gate_std=0.0940, q_interaction_abs_mean=0.0000, id_adapter_abs_mean=0.0888, bias_abs_mean=0.5162, B_q_share=0.0000, B_id_share=0.1760, B_bias_share=1.0236, student_q_norm=0.0002, student_id_adapter_norm=0.0517, item_q_norm=0.0000, item_id_adapter_norm=0.0799, irt_abs_mean=1.8758, irt_std=1.1070, delta_abs_mean=0.0860, delta_std=0.0482, delta_over_irt=0.0458, warmup(mf/personal)=1.00/1.00, graph_row_entropy=3.1853, graph_entropy_ratio=0.4856, alpha_mean=0.1750, alpha_std=0.1617, alpha_bias_std=0.0001, personal_row_entropy=3.1854, personal_matrix_delta=0.0000, personal_matrix_student_std=0.0000, personal_delta_pre_softmax_norm=0.0000, personal_delta_student_std=0.0000, alpha_head_std=0.1614
2026-04-11 07:57:49,840 - INFO - [junyi|junyi_abce_best_B_no_q|lr=0.003|drop=0.40] [Diag][Graph] Epoch [017] | entropy_ratio=0.4856, diag_mass=0.1000, to_uniform_l2=0.007744, to_identity_l2=0.034570, tau_mean=0.6931, tau_std=0.0000, graph_reg_scale(train/val)=1.0000/1.0000
2026-04-11 07:57:49,841 - WARNING - [junyi|junyi_abce_best_B_no_q|lr=0.003|drop=0.40] [Diag Warning][B] B_q_share is low: B_q_share=0.0000, B_id_share=0.1760, B_bias_share=1.0236
2026-04-11 07:57:49,841 - WARNING - [junyi|junyi_abce_best_B_no_q|lr=0.003|drop=0.40] [Diag Warning][E] personal_delta_student_std is near zero: personal_delta_student_std=0.000000, personal_delta_pre_softmax_norm=0.000000
2026-04-11 07:57:49,841 - INFO - [junyi|junyi_abce_best_B_no_q|lr=0.003|drop=0.40] [Grad Norms] Epoch [017] | mf_u_proj=0.000000, mf_v_proj=0.000000, b_id_student_proj=0.055468, b_id_item_proj=0.053856, b_bias_scale=0.000003, fusion_gate=0.010020, q_gate_raw=0.000000, skill_latent=0.992056, student_q_proj=0.000000, item_id_adapter=0.146766, relation_emb=7.322178e-16, relation_tau=2.337784e-13, relation_wq=3.360505e-16, relation_wk=3.828113e-16, personal_u=0.000000e+00, personal_v=0.000000e+00, personal_alpha_bias=1.399448e-05, personal_gate_emb=2.218248e-09, personal_gate_student_proj=1.652223e-17, personal_gate_context_proj=5.081254e-12, personal_gate_student_direct=2.355668e-09, personal_gate_context_direct=7.244629e-04, personal_gate_out=9.320399e-09, personal_generator_emb=0.000000e+00, personal_generator_context_proj=0.000000e+00, personal_generator_context_hidden=0.000000e+00, personal_generator_context_to_u=0.000000e+00, personal_generator_context_to_v=0.000000e+00
2026-04-11 07:57:49,841 - INFO - [junyi|junyi_abce_best_B_no_q|lr=0.003|drop=0.40] -> No improvement 2 epoch(s) (best AUC=0.8227 @ 15)
2026-04-11 08:02:30,153 - INFO - [junyi|junyi_abce_best_B_no_q|lr=0.003|drop=0.40] Epoch [018/100] | Train: Loss=0.4744, BCE=0.4507, Reg=0.0238, AUC=0.8482, ACC=0.7912, RMSE=0.3818 | Val: Loss=0.5080, BCE=0.4842, Reg=0.0238, AUC=0.8242, ACC=0.7750, RMSE=0.3966
2026-04-11 08:02:30,153 - INFO - [junyi|junyi_abce_best_B_no_q|lr=0.003|drop=0.40] [Reg Terms] Epoch [018] | Train: graph_entropy=0.000000, graph_diag=0.012000, graph_uniform=0.006735, graph_reg_scale=1.0000, mf_l2=0.000000, delta_ratio=0.000000, personal_sparse=0.006371, alpha_var=-0.001349, alpha_collapse=0.000000, reg_bce_ratio=0.0527 | Val: graph_entropy=0.000000, graph_diag=0.012000, graph_uniform=0.006735, graph_reg_scale=1.0000, mf_l2=0.000000, delta_ratio=0.000000, personal_sparse=0.006371, alpha_var=-0.001301, alpha_collapse=0.000000, reg_bce_ratio=0.0492
2026-04-11 08:02:32,230 - INFO - [junyi|junyi_abce_best_B_no_q|lr=0.003|drop=0.40] [Diag][M3] Epoch [018] | residual_abs_mean=0.4650, residual_std=0.0948, mf_abs_mean=0.4650, mf_std=0.0948, gate_mean=0.1767, gate_std=0.0977, q_interaction_abs_mean=0.0000, id_adapter_abs_mean=0.0747, bias_abs_mean=0.4799, B_q_share=0.0000, B_id_share=0.1607, B_bias_share=1.0320, student_q_norm=0.0000, student_id_adapter_norm=0.0356, item_q_norm=0.0000, item_id_adapter_norm=0.0642, irt_abs_mean=1.9670, irt_std=1.1373, delta_abs_mean=0.0815, delta_std=0.0480, delta_over_irt=0.0414, warmup(mf/personal)=1.00/1.00, graph_row_entropy=3.1853, graph_entropy_ratio=0.4856, alpha_mean=0.1750, alpha_std=0.1601, alpha_bias_std=0.0001, personal_row_entropy=3.1854, personal_matrix_delta=0.0000, personal_matrix_student_std=0.0000, personal_delta_pre_softmax_norm=0.0000, personal_delta_student_std=0.0000, alpha_head_std=0.1598
2026-04-11 08:02:32,231 - INFO - [junyi|junyi_abce_best_B_no_q|lr=0.003|drop=0.40] [Diag][Graph] Epoch [018] | entropy_ratio=0.4856, diag_mass=0.1000, to_uniform_l2=0.007744, to_identity_l2=0.034570, tau_mean=0.6931, tau_std=0.0000, graph_reg_scale(train/val)=1.0000/1.0000
2026-04-11 08:02:32,231 - WARNING - [junyi|junyi_abce_best_B_no_q|lr=0.003|drop=0.40] [Diag Warning][B] B_q_share is low: B_q_share=0.0000, B_id_share=0.1607, B_bias_share=1.0320
2026-04-11 08:02:32,231 - WARNING - [junyi|junyi_abce_best_B_no_q|lr=0.003|drop=0.40] [Diag Warning][E] personal_delta_student_std is near zero: personal_delta_student_std=0.000000, personal_delta_pre_softmax_norm=0.000000
2026-04-11 08:02:32,231 - INFO - [junyi|junyi_abce_best_B_no_q|lr=0.003|drop=0.40] [Grad Norms] Epoch [018] | mf_u_proj=0.000000, mf_v_proj=0.000000, b_id_student_proj=0.064847, b_id_item_proj=0.054660, b_bias_scale=0.000034, fusion_gate=0.007569, q_gate_raw=0.000000, skill_latent=0.363683, student_q_proj=0.000000, item_id_adapter=0.131317, relation_emb=0.000000e+00, relation_tau=0.000000e+00, relation_wq=0.000000e+00, relation_wk=0.000000e+00, personal_u=0.000000e+00, personal_v=0.000000e+00, personal_alpha_bias=1.519466e-05, personal_gate_emb=0.000000e+00, personal_gate_student_proj=0.000000e+00, personal_gate_context_proj=0.000000e+00, personal_gate_student_direct=0.000000e+00, personal_gate_context_direct=7.562182e-04, personal_gate_out=0.000000e+00, personal_generator_emb=0.000000e+00, personal_generator_context_proj=0.000000e+00, personal_generator_context_hidden=0.000000e+00, personal_generator_context_to_u=0.000000e+00, personal_generator_context_to_v=0.000000e+00
2026-04-11 08:02:33,125 - INFO - [junyi|junyi_abce_best_B_no_q|lr=0.003|drop=0.40] -> New best AUC=0.8242 at epoch 18
2026-04-11 08:07:13,904 - INFO - [junyi|junyi_abce_best_B_no_q|lr=0.003|drop=0.40] Epoch [019/100] | Train: Loss=0.4682, BCE=0.4444, Reg=0.0238, AUC=0.8530, ACC=0.7950, RMSE=0.3786 | Val: Loss=0.5110, BCE=0.4872, Reg=0.0238, AUC=0.8227, ACC=0.7727, RMSE=0.3980
2026-04-11 08:07:13,904 - INFO - [junyi|junyi_abce_best_B_no_q|lr=0.003|drop=0.40] [Reg Terms] Epoch [019] | Train: graph_entropy=0.000000, graph_diag=0.012002, graph_uniform=0.006735, graph_reg_scale=1.0000, mf_l2=0.000000, delta_ratio=0.000000, personal_sparse=0.006371, alpha_var=-0.001334, alpha_collapse=0.000000, reg_bce_ratio=0.0535 | Val: graph_entropy=0.000000, graph_diag=0.012000, graph_uniform=0.006735, graph_reg_scale=1.0000, mf_l2=0.000000, delta_ratio=0.000000, personal_sparse=0.006371, alpha_var=-0.001284, alpha_collapse=0.000000, reg_bce_ratio=0.0489
2026-04-11 08:07:15,662 - INFO - [junyi|junyi_abce_best_B_no_q|lr=0.003|drop=0.40] [Diag][M3] Epoch [019] | residual_abs_mean=0.4413, residual_std=0.0766, mf_abs_mean=0.4413, mf_std=0.0766, gate_mean=0.1889, gate_std=0.1002, q_interaction_abs_mean=0.0000, id_adapter_abs_mean=0.0627, bias_abs_mean=0.4500, B_q_share=0.0000, B_id_share=0.1421, B_bias_share=1.0196, student_q_norm=0.0000, student_id_adapter_norm=0.0323, item_q_norm=0.0000, item_id_adapter_norm=0.0645, irt_abs_mean=1.9789, irt_std=1.1444, delta_abs_mean=0.0826, delta_std=0.0449, delta_over_irt=0.0417, warmup(mf/personal)=1.00/1.00, graph_row_entropy=3.1853, graph_entropy_ratio=0.4856, alpha_mean=0.1750, alpha_std=0.1593, alpha_bias_std=0.0001, personal_row_entropy=3.1854, personal_matrix_delta=0.0000, personal_matrix_student_std=0.0000, personal_delta_pre_softmax_norm=0.0000, personal_delta_student_std=0.0000, alpha_head_std=0.1591
2026-04-11 08:07:15,662 - INFO - [junyi|junyi_abce_best_B_no_q|lr=0.003|drop=0.40] [Diag][Graph] Epoch [019] | entropy_ratio=0.4856, diag_mass=0.1000, to_uniform_l2=0.007744, to_identity_l2=0.034570, tau_mean=0.6931, tau_std=0.0000, graph_reg_scale(train/val)=1.0000/1.0000
2026-04-11 08:07:15,662 - WARNING - [junyi|junyi_abce_best_B_no_q|lr=0.003|drop=0.40] [Diag Warning][B] B_q_share is low: B_q_share=0.0000, B_id_share=0.1421, B_bias_share=1.0196
2026-04-11 08:07:15,662 - WARNING - [junyi|junyi_abce_best_B_no_q|lr=0.003|drop=0.40] [Diag Warning][E] personal_delta_student_std is near zero: personal_delta_student_std=0.000000, personal_delta_pre_softmax_norm=0.000000
2026-04-11 08:07:15,662 - INFO - [junyi|junyi_abce_best_B_no_q|lr=0.003|drop=0.40] [Grad Norms] Epoch [019] | mf_u_proj=0.000000, mf_v_proj=0.000000, b_id_student_proj=0.104244, b_id_item_proj=0.097788, b_bias_scale=0.000043, fusion_gate=0.011351, q_gate_raw=0.000000, skill_latent=0.451133, student_q_proj=0.000000, item_id_adapter=0.185581, relation_emb=0.000000e+00, relation_tau=0.000000e+00, relation_wq=0.000000e+00, relation_wk=0.000000e+00, personal_u=0.000000e+00, personal_v=0.000000e+00, personal_alpha_bias=1.615680e-05, personal_gate_emb=0.000000e+00, personal_gate_student_proj=0.000000e+00, personal_gate_context_proj=0.000000e+00, personal_gate_student_direct=0.000000e+00, personal_gate_context_direct=7.700242e-04, personal_gate_out=0.000000e+00, personal_generator_emb=0.000000e+00, personal_generator_context_proj=0.000000e+00, personal_generator_context_hidden=0.000000e+00, personal_generator_context_to_u=0.000000e+00, personal_generator_context_to_v=0.000000e+00
2026-04-11 08:07:15,663 - INFO - [junyi|junyi_abce_best_B_no_q|lr=0.003|drop=0.40] -> No improvement 1 epoch(s) (best AUC=0.8242 @ 18)
2026-04-11 08:11:56,255 - INFO - [junyi|junyi_abce_best_B_no_q|lr=0.003|drop=0.40] Epoch [020/100] | Train: Loss=0.4522, BCE=0.4284, Reg=0.0238, AUC=0.8645, ACC=0.8046, RMSE=0.3705 | Val: Loss=0.5201, BCE=0.4962, Reg=0.0239, AUC=0.8225, ACC=0.7739, RMSE=0.4006
2026-04-11 08:11:56,256 - INFO - [junyi|junyi_abce_best_B_no_q|lr=0.003|drop=0.40] [Reg Terms] Epoch [020] | Train: graph_entropy=0.000000, graph_diag=0.012000, graph_uniform=0.006735, graph_reg_scale=1.0000, mf_l2=0.000000, delta_ratio=0.000000, personal_sparse=0.006371, alpha_var=-0.001317, alpha_collapse=0.000000, reg_bce_ratio=0.0556 | Val: graph_entropy=0.000000, graph_diag=0.012000, graph_uniform=0.006735, graph_reg_scale=1.0000, mf_l2=0.000000, delta_ratio=0.000000, personal_sparse=0.006371, alpha_var=-0.001220, alpha_collapse=0.000000, reg_bce_ratio=0.0481
2026-04-11 08:12:03,766 - INFO - [junyi|junyi_abce_best_B_no_q|lr=0.003|drop=0.40] [Diag][M3] Epoch [020] | residual_abs_mean=0.4283, residual_std=0.0755, mf_abs_mean=0.4283, mf_std=0.0755, gate_mean=0.1916, gate_std=0.1080, q_interaction_abs_mean=0.0000, id_adapter_abs_mean=0.0596, bias_abs_mean=0.4356, B_q_share=0.0000, B_id_share=0.1391, B_bias_share=1.0171, student_q_norm=0.0000, student_id_adapter_norm=0.0241, item_q_norm=0.0000, item_id_adapter_norm=0.0527, irt_abs_mean=2.1157, irt_std=1.1939, delta_abs_mean=0.0817, delta_std=0.0490, delta_over_irt=0.0386, warmup(mf/personal)=1.00/1.00, graph_row_entropy=3.1853, graph_entropy_ratio=0.4856, alpha_mean=0.1750, alpha_std=0.1545, alpha_bias_std=0.0001, personal_row_entropy=3.1854, personal_matrix_delta=0.0000, personal_matrix_student_std=0.0000, personal_delta_pre_softmax_norm=0.0000, personal_delta_student_std=0.0000, alpha_head_std=0.1540
2026-04-11 08:12:03,766 - INFO - [junyi|junyi_abce_best_B_no_q|lr=0.003|drop=0.40] [Diag][Graph] Epoch [020] | entropy_ratio=0.4856, diag_mass=0.1000, to_uniform_l2=0.007744, to_identity_l2=0.034570, tau_mean=0.6931, tau_std=0.0000, graph_reg_scale(train/val)=1.0000/1.0000
2026-04-11 08:12:03,766 - WARNING - [junyi|junyi_abce_best_B_no_q|lr=0.003|drop=0.40] [Diag Warning][B] B_q_share is low: B_q_share=0.0000, B_id_share=0.1391, B_bias_share=1.0171
2026-04-11 08:12:03,766 - WARNING - [junyi|junyi_abce_best_B_no_q|lr=0.003|drop=0.40] [Diag Warning][E] personal_delta_student_std is near zero: personal_delta_student_std=0.000000, personal_delta_pre_softmax_norm=0.000000
2026-04-11 08:12:03,766 - INFO - [junyi|junyi_abce_best_B_no_q|lr=0.003|drop=0.40] [Grad Norms] Epoch [020] | mf_u_proj=0.000000, mf_v_proj=0.000000, b_id_student_proj=0.033861, b_id_item_proj=0.034699, b_bias_scale=0.000065, fusion_gate=0.007229, q_gate_raw=0.000000, skill_latent=0.101381, student_q_proj=0.000000, item_id_adapter=0.059727, relation_emb=0.000000e+00, relation_tau=0.000000e+00, relation_wq=0.000000e+00, relation_wk=0.000000e+00, personal_u=0.000000e+00, personal_v=0.000000e+00, personal_alpha_bias=1.732886e-05, personal_gate_emb=0.000000e+00, personal_gate_student_proj=0.000000e+00, personal_gate_context_proj=0.000000e+00, personal_gate_student_direct=0.000000e+00, personal_gate_context_direct=7.424284e-04, personal_gate_out=0.000000e+00, personal_generator_emb=0.000000e+00, personal_generator_context_proj=0.000000e+00, personal_generator_context_hidden=0.000000e+00, personal_generator_context_to_u=0.000000e+00, personal_generator_context_to_v=0.000000e+00
2026-04-11 08:12:03,767 - INFO - [junyi|junyi_abce_best_B_no_q|lr=0.003|drop=0.40] -> No improvement 2 epoch(s) (best AUC=0.8242 @ 18)
2026-04-11 08:12:03,894 - INFO - [junyi|junyi_abce_best_B_no_q|lr=0.003|drop=0.40] Checkpoint saved: checkpoints/abce_diag/20260411_master_best_ae/junyi/seed42/best_B_no_q/checkpoint_epoch_20.pth
2026-04-11 08:12:04,226 - INFO - [junyi|junyi_abce_best_B_no_q|lr=0.003|drop=0.40] [Module Activity] Epoch 20: Graph[OK] Personal[X] MF[OK]
2026-04-11 08:16:44,360 - INFO - [junyi|junyi_abce_best_B_no_q|lr=0.003|drop=0.40] Epoch [021/100] | Train: Loss=0.4445, BCE=0.4207, Reg=0.0238, AUC=0.8697, ACC=0.8093, RMSE=0.3665 | Val: Loss=0.5251, BCE=0.5012, Reg=0.0239, AUC=0.8206, ACC=0.7696, RMSE=0.4027
2026-04-11 08:16:44,361 - INFO - [junyi|junyi_abce_best_B_no_q|lr=0.003|drop=0.40] [Reg Terms] Epoch [021] | Train: graph_entropy=0.000000, graph_diag=0.012002, graph_uniform=0.006735, graph_reg_scale=1.0000, mf_l2=0.000000, delta_ratio=0.000000, personal_sparse=0.006371, alpha_var=-0.001293, alpha_collapse=0.000000, reg_bce_ratio=0.0566 | Val: graph_entropy=0.000000, graph_diag=0.012000, graph_uniform=0.006735, graph_reg_scale=1.0000, mf_l2=0.000000, delta_ratio=0.000000, personal_sparse=0.006371, alpha_var=-0.001192, alpha_collapse=0.000000, reg_bce_ratio=0.0477
2026-04-11 08:16:50,339 - INFO - [junyi|junyi_abce_best_B_no_q|lr=0.003|drop=0.40] [Diag][M3] Epoch [021] | residual_abs_mean=0.4215, residual_std=0.0812, mf_abs_mean=0.4215, mf_std=0.0812, gate_mean=0.2167, gate_std=0.1179, q_interaction_abs_mean=0.0000, id_adapter_abs_mean=0.0597, bias_abs_mean=0.4275, B_q_share=0.0000, B_id_share=0.1417, B_bias_share=1.0142, student_q_norm=0.0000, student_id_adapter_norm=0.0268, item_q_norm=0.0000, item_id_adapter_norm=0.0539, irt_abs_mean=2.1237, irt_std=1.2238, delta_abs_mean=0.0909, delta_std=0.0548, delta_over_irt=0.0428, warmup(mf/personal)=1.00/1.00, graph_row_entropy=3.1853, graph_entropy_ratio=0.4856, alpha_mean=0.1750, alpha_std=0.1531, alpha_bias_std=0.0001, personal_row_entropy=3.1854, personal_matrix_delta=0.0000, personal_matrix_student_std=0.0000, personal_delta_pre_softmax_norm=0.0000, personal_delta_student_std=0.0000, alpha_head_std=0.1527
2026-04-11 08:16:50,340 - INFO - [junyi|junyi_abce_best_B_no_q|lr=0.003|drop=0.40] [Diag][Graph] Epoch [021] | entropy_ratio=0.4856, diag_mass=0.1000, to_uniform_l2=0.007744, to_identity_l2=0.034570, tau_mean=0.6931, tau_std=0.0000, graph_reg_scale(train/val)=1.0000/1.0000
2026-04-11 08:16:50,340 - WARNING - [junyi|junyi_abce_best_B_no_q|lr=0.003|drop=0.40] [Diag Warning][B] B_q_share is low: B_q_share=0.0000, B_id_share=0.1417, B_bias_share=1.0142
2026-04-11 08:16:50,340 - WARNING - [junyi|junyi_abce_best_B_no_q|lr=0.003|drop=0.40] [Diag Warning][E] personal_delta_student_std is near zero: personal_delta_student_std=0.000000, personal_delta_pre_softmax_norm=0.000000
2026-04-11 08:16:50,340 - INFO - [junyi|junyi_abce_best_B_no_q|lr=0.003|drop=0.40] [Grad Norms] Epoch [021] | mf_u_proj=0.000000, mf_v_proj=0.000000, b_id_student_proj=0.038512, b_id_item_proj=0.041338, b_bias_scale=0.000019, fusion_gate=0.004310, q_gate_raw=0.000000, skill_latent=0.133573, student_q_proj=0.000000, item_id_adapter=0.083402, relation_emb=0.000000e+00, relation_tau=0.000000e+00, relation_wq=0.000000e+00, relation_wk=0.000000e+00, personal_u=0.000000e+00, personal_v=0.000000e+00, personal_alpha_bias=2.032738e-05, personal_gate_emb=0.000000e+00, personal_gate_student_proj=0.000000e+00, personal_gate_context_proj=0.000000e+00, personal_gate_student_direct=0.000000e+00, personal_gate_context_direct=7.845788e-04, personal_gate_out=0.000000e+00, personal_generator_emb=0.000000e+00, personal_generator_context_proj=0.000000e+00, personal_generator_context_hidden=0.000000e+00, personal_generator_context_to_u=0.000000e+00, personal_generator_context_to_v=0.000000e+00
2026-04-11 08:16:50,340 - INFO - [junyi|junyi_abce_best_B_no_q|lr=0.003|drop=0.40] -> No improvement 3 epoch(s) (best AUC=0.8242 @ 18)
2026-04-11 08:16:50,340 - INFO - [junyi|junyi_abce_best_B_no_q|lr=0.003|drop=0.40] Early stopping at epoch 21 (best AUC=0.8242 @ 18)
2026-04-11 08:16:50,349 - INFO - Epoch-wise metrics saved to checkpoints/abce_diag/20260411_master_best_ae/junyi/seed42/best_B_no_q/metrics_history.csv
2026-04-11 08:16:50,353 - INFO - [junyi|junyi_abce_best_B_no_q|lr=0.003|drop=0.40] Training completed! Best Val AUC=0.8242 @ epoch 18
2026-04-11 08:16:50,666 - INFO - 
============================================================
         MODULE ACTIVITY REPORT
============================================================
Dataset: junyi | Seed: 42 | Epoch: 21

1. Concept Graph Module:
   - Mean row entropy: 3.185 / 6.560
   - Entropy ratio: 48.6%
   - Status: ACTIVE (learning meaningful structure)

2. Personal Graph Module:
   - Gate alpha mean: 0.175
   - Gate alpha std: 0.154
   - Alpha bias std: 0.000
   - Personal/global delta: 0.0000
   - Inter-student matrix std: 0.0000
   - Status: INACTIVE (alpha or personal graph barely deviates from global)
   -> Consider: strengthen direct student-specific path or personal graph signal

3. Skill/MF Module:
   - MF logit |mean|: 0.4238
   - MF logit std: 0.0802
   - Fusion gate mean: 0.217
   - Status: ACTIVE (contributing to predictions)

------------------------------------------------------------
SUMMARY:
   Active modules: Concept Graph, Skill/MF
   Inactive modules: Personal Graph
============================================================
2026-04-11 08:16:50,667 - INFO - [junyi|junyi_abce_best_B_no_q|lr=0.003|drop=0.40] Module activity saved to checkpoints/abce_diag/20260411_master_best_ae/junyi/seed42/best_B_no_q/module_activity.json
2026-04-11 08:16:50,714 - INFO - Using device: cuda:0 (physical gpu 1)
2026-04-11 08:16:50,714 - INFO - Loading model from checkpoints/abce_diag/20260411_master_best_ae/junyi/seed42/best_B_no_q/best_model.pth...
2026-04-11 08:16:50,818 - INFO - Inference switches: ablate_module1=False, ablate_module2=False, ablate_module3=False | enable_module1=True, enable_module2=True, enable_module3=True | use_mf_branch=True, use_concept_graph=True, use_q_aligned_residual=True | effective(num_gnn_layers=2)
2026-04-11 08:16:50,916 - INFO - [Inference] Ablation runtime check: args(ablate_module1=False,ablate_module2=False,ablate_module3=False) | model(enable_module1=True,enable_module2=True,enable_module3=True) | physical(has_knowledge_encoder=True,has_mf_branch=True)
2026-04-11 08:16:50,916 - INFO - [Inference] [Module3 Init] fusion_gate_bias=-0.6000, fusion_gate_max=1.0000, implied_gate=0.3543, q_gate=0.5000, mf_scale=0.0000, bias_scale=0.4272, graph_tau_mean=1.0055, graph_tau_std=0.0000, graph_dropout=0.000
2026-04-11 08:16:50,918 - INFO - Model loaded from epoch 18. Start testing...
2026-04-11 08:17:04,331 - INFO - [Test] 200/262 batches done, samples=51200
2026-04-11 08:17:08,566 - INFO - 
==================================================
2026-04-11 08:17:08,566 - INFO - Test Results:
2026-04-11 08:17:08,567 - INFO - AUC: 0.8287
2026-04-11 08:17:08,567 - INFO - ACC: 0.7703
2026-04-11 08:17:08,567 - INFO - RMSE: 0.4013
2026-04-11 08:17:08,567 - INFO - ==================================================
2026-04-11 08:17:08,588 - INFO - Summary appended to /home/zsh/ConceptSkillCDM/results/experiment_results.csv
2026-04-11 08:17:08,593 - INFO - Run completed.
2026-04-11 08:17:08,593 - INFO - Best validation AUC: 0.8242 at epoch 18
2026-04-11 08:17:08,593 - INFO - Test metrics - AUC: 0.8287, ACC: 0.7703, RMSE: 0.4013
