2026-02-10 13:29:39,799 - INFO - Arguments:
2026-02-10 13:29:39,799 - INFO -   ablate_concept_graph: False
2026-02-10 13:29:39,799 - INFO -   ablate_module1: False
2026-02-10 13:29:39,799 - INFO -   ablate_module2: False
2026-02-10 13:29:39,799 - INFO -   ablate_module3: False
2026-02-10 13:29:39,799 - INFO -   ablate_skill_encoder: False
2026-02-10 13:29:39,799 - INFO -   ablate_soft_prototype: True
2026-02-10 13:29:39,799 - INFO -   allow_self_loop: True
2026-02-10 13:29:39,800 - INFO -   batch_size: 128
2026-02-10 13:29:39,800 - INFO -   data_dir: ./data/assist_09
2026-02-10 13:29:39,800 - INFO -   dataset_name: assist_09
2026-02-10 13:29:39,800 - INFO -   debug_module3_diag: True
2026-02-10 13:29:39,800 - INFO -   diag_batches: 2
2026-02-10 13:29:39,800 - INFO -   disable_q_aligned_residual: False
2026-02-10 13:29:39,800 - INFO -   disable_q_conditioning: False
2026-02-10 13:29:39,800 - INFO -   disable_self_loop: False
2026-02-10 13:29:39,800 - INFO -   disable_soft_prototype: True
2026-02-10 13:29:39,800 - INFO -   dropout: 0.2
2026-02-10 13:29:39,800 - INFO -   early_stop_patience: 3
2026-02-10 13:29:39,800 - INFO -   enable_module1: True
2026-02-10 13:29:39,800 - INFO -   enable_module2: True
2026-02-10 13:29:39,800 - INFO -   enable_module3: True
2026-02-10 13:29:39,800 - INFO -   enable_soft_prototype: False
2026-02-10 13:29:39,800 - INFO -   epochs: 15
2026-02-10 13:29:39,800 - INFO -   exercise_dim: 64
2026-02-10 13:29:39,800 - INFO -   exercise_l2_lambda: 5e-05
2026-02-10 13:29:39,800 - INFO -   fusion_gate_bias_init: -3.0
2026-02-10 13:29:39,800 - INFO -   fusion_gate_max: 0.3
2026-02-10 13:29:39,800 - INFO -   generate_diagnosis: False
2026-02-10 13:29:39,800 - INFO -   gnn_residual_weight: 0.5
2026-02-10 13:29:39,800 - INFO -   gpu_candidates: None
2026-02-10 13:29:39,800 - INFO -   gpu_ids: None
2026-02-10 13:29:39,800 - INFO -   gpu_memory_threshold: 2000
2026-02-10 13:29:39,800 - INFO -   gpus: None
2026-02-10 13:29:39,800 - INFO -   graph_topk: None
2026-02-10 13:29:39,800 - INFO -   knowledge_dim: 64
2026-02-10 13:29:39,800 - INFO -   lambda_alpha: 0.01
2026-02-10 13:29:39,801 - INFO -   lambda_proto_div: 0.0
2026-02-10 13:29:39,801 - INFO -   lambda_proto_usage: 0.0
2026-02-10 13:29:39,801 - INFO -   lambda_sparse: 0.01
2026-02-10 13:29:39,801 - INFO -   lambda_sparse_personal: 0.005
2026-02-10 13:29:39,801 - INFO -   learning_rate: 0.0003
2026-02-10 13:29:39,801 - INFO -   log_dir: logs/assist_09_m3grid/seed42/sparse_gate_clip_full
2026-02-10 13:29:39,801 - INFO -   min_exer_interactions: 0
2026-02-10 13:29:39,801 - INFO -   min_poison_count: 0
2026-02-10 13:29:39,801 - INFO -   min_stu_interactions: 15
2026-02-10 13:29:39,801 - INFO -   model_variant: assist_09_m3grid_sparse_gate_clip_full
2026-02-10 13:29:39,801 - INFO -   multi_gpu: False
2026-02-10 13:29:39,801 - INFO -   no_cuda: False
2026-02-10 13:29:39,801 - INFO -   num_gnn_layers: 1
2026-02-10 13:29:39,801 - INFO -   num_gpus: 1
2026-02-10 13:29:39,801 - INFO -   num_prototypes: 0
2026-02-10 13:29:39,801 - INFO -   num_relation_heads: 2
2026-02-10 13:29:39,801 - INFO -   num_workers: 4
2026-02-10 13:29:39,801 - INFO -   patience: 5
2026-02-10 13:29:39,801 - INFO -   personal_rank: 4
2026-02-10 13:29:39,801 - INFO -   proto_lambda: 0.0
2026-02-10 13:29:39,801 - INFO -   proto_tau: 1.0
2026-02-10 13:29:39,801 - INFO -   residual_clip_t: 1.5
2026-02-10 13:29:39,801 - INFO -   save_dir: checkpoints/assist_09_m3grid/seed42/sparse_gate_clip_full
2026-02-10 13:29:39,801 - INFO -   save_interval: 10
2026-02-10 13:29:39,801 - INFO -   seed: 42
2026-02-10 13:29:39,801 - INFO -   skill_dim: 128
2026-02-10 13:29:39,801 - INFO -   use_concept_graph: True
2026-02-10 13:29:39,801 - INFO -   use_exercise_graph: True
2026-02-10 13:29:39,801 - INFO -   use_mf_branch: True
2026-02-10 13:29:39,802 - INFO -   use_personal_graph: True
2026-02-10 13:29:39,802 - INFO -   use_q_aligned_residual: True
2026-02-10 13:29:39,802 - INFO -   use_q_conditioning: True
2026-02-10 13:29:39,802 - INFO -   use_skill_encoder: True
2026-02-10 13:29:39,802 - INFO -   use_soft_prototype: False
2026-02-10 13:29:39,802 - INFO -   use_soft_prototype_main_path: False
2026-02-10 13:29:39,802 - INFO -   weight_decay: 1e-05
2026-02-10 13:29:39,898 - INFO - Using device: cuda:0 (physical gpu 3)
2026-02-10 13:29:39,898 - INFO - [assist_09|assist_09_m3grid_sparse_gate_clip_full|lr=0.0003|drop=0.20] Loading datasets...
2026-02-10 13:29:39,898 - INFO - [assist_09|assist_09_m3grid_sparse_gate_clip_full|lr=0.0003|drop=0.20] Regularization: graph_entropy(lambda_sparse)=0.010000, proto_div=0.000000, proto_usage=0.000000, personal_sparse=0.005000, alpha_penalty=0.010000, mf_l2(exercise_l2_lambda)=0.000050
2026-02-10 13:29:40,022 - INFO - [数据清洗] 学生交互次数 < 15 次的学生：共移除 0 个学生（仅统计用户数）
2026-02-10 13:29:40,037 - INFO - [数据清洗] 学生冷启动过滤：在 train/valid/test 中共删除 0 条记录。
2026-02-10 13:29:40,037 - INFO - [数据清洗] 跳过题目冷门过滤（min_exer_interactions <= 0）。
2026-02-10 13:29:40,037 - INFO - [数据清洗] 跳过毒题清洗（min_poison_count <= 0）。
2026-02-10 13:29:52,036 - INFO - [assist_09|assist_09_m3grid_sparse_gate_clip_full|lr=0.0003|drop=0.20] Train samples: 194489, Val samples: 20385
2026-02-10 13:29:52,036 - INFO - [assist_09|assist_09_m3grid_sparse_gate_clip_full|lr=0.0003|drop=0.20] Number of students: 2493
2026-02-10 13:29:52,036 - INFO - [assist_09|assist_09_m3grid_sparse_gate_clip_full|lr=0.0003|drop=0.20] Number of exercises: 17676
2026-02-10 13:29:52,037 - INFO - [assist_09|assist_09_m3grid_sparse_gate_clip_full|lr=0.0003|drop=0.20] Number of concepts: 123
2026-02-10 13:29:52,037 - INFO - [assist_09|assist_09_m3grid_sparse_gate_clip_full|lr=0.0003|drop=0.20] Creating model...
2026-02-10 13:29:52,037 - INFO - [assist_09|assist_09_m3grid_sparse_gate_clip_full|lr=0.0003|drop=0.20] Ablation switches: ablate_module1=False, ablate_module2=False, ablate_module3=False | enable_module1=True, enable_module2=True, enable_module3=True | use_soft_prototype=False, use_mf_branch=True, use_concept_graph=True, use_q_aligned_residual=True, use_soft_prototype_main_path=False | effective(num_gnn_layers=1, num_prototypes=0)
2026-02-10 13:29:52,201 - INFO - [assist_09|assist_09_m3grid_sparse_gate_clip_full|lr=0.0003|drop=0.20] Ablation runtime check: args(ablate_module1=False,ablate_module2=False,ablate_module3=False) | model(enable_module1=True,enable_module2=True,enable_module3=True) | physical(has_knowledge_encoder=True,has_mf_branch=True,has_soft_prototype=False)
2026-02-10 13:29:52,202 - INFO - [assist_09|assist_09_m3grid_sparse_gate_clip_full|lr=0.0003|drop=0.20] Debug diagnostics enabled: diag_batches=2
2026-02-10 13:29:52,202 - INFO - [assist_09|assist_09_m3grid_sparse_gate_clip_full|lr=0.0003|drop=0.20] Total parameters: 652,399
2026-02-10 13:29:52,202 - INFO - [assist_09|assist_09_m3grid_sparse_gate_clip_full|lr=0.0003|drop=0.20] Trainable parameters: 652,399
2026-02-10 13:29:53,148 - INFO - [assist_09|assist_09_m3grid_sparse_gate_clip_full|lr=0.0003|drop=0.20] Starting training...
2026-02-10 13:30:33,156 - INFO - [assist_09|assist_09_m3grid_sparse_gate_clip_full|lr=0.0003|drop=0.20] Epoch [001/15] | Train: Loss=0.6450, BCE=0.5881, Reg=0.0569, AUC=0.6891, ACC=0.6947, RMSE=0.4483 | Val: Loss=0.6168, BCE=0.5652, Reg=0.0516, AUC=0.7298, ACC=0.7127, RMSE=0.4373
2026-02-10 13:30:33,156 - INFO - [assist_09|assist_09_m3grid_sparse_gate_clip_full|lr=0.0003|drop=0.20] [Reg Terms] Epoch [001] | Train: graph_entropy=0.045881, mf_l2=0.000000, proto_div=0.000000, proto_usage=0.000000, personal_sparse=0.012747, alpha_var=-0.001773, reg_bce_ratio=0.0967 | Val: graph_entropy=0.048122, mf_l2=0.000000, proto_div=0.000000, proto_usage=0.000000, personal_sparse=0.005012, alpha_var=-0.001533, reg_bce_ratio=0.0913
2026-02-10 13:30:33,443 - INFO - [assist_09|assist_09_m3grid_sparse_gate_clip_full|lr=0.0003|drop=0.20] [Diag][M3] Epoch [001] | residual_abs_mean=0.3036, residual_std=0.1860, mf_abs_mean=0.3036, mf_std=0.1860, gate_mean=0.0275, gate_std=0.0039, irt_abs_mean=1.3109, irt_std=0.5781, delta_abs_mean=0.0084, delta_std=0.0055, delta_over_irt=0.0064, graph_row_entropy=4.8122, graph_entropy_ratio=1.0000, alpha_mean=0.1607, alpha_std=0.3661, personal_row_entropy=0.6625
2026-02-10 13:30:33,443 - INFO - [assist_09|assist_09_m3grid_sparse_gate_clip_full|lr=0.0003|drop=0.20] [Grad Norms] Epoch [001] | mf_u_proj=0.001492, mf_v_proj=0.001528, fusion_gate=0.000530, q_gate_raw=0.000000, skill_latent=0.008352
2026-02-10 13:30:33,683 - INFO - [assist_09|assist_09_m3grid_sparse_gate_clip_full|lr=0.0003|drop=0.20] -> New best AUC=0.7298 at epoch 1
2026-02-10 13:31:13,453 - INFO - [assist_09|assist_09_m3grid_sparse_gate_clip_full|lr=0.0003|drop=0.20] Epoch [002/15] | Train: Loss=0.5958, BCE=0.5484, Reg=0.0474, AUC=0.7476, ACC=0.7246, RMSE=0.4292 | Val: Loss=0.6108, BCE=0.5611, Reg=0.0496, AUC=0.7356, ACC=0.7134, RMSE=0.4355
2026-02-10 13:31:13,453 - INFO - [assist_09|assist_09_m3grid_sparse_gate_clip_full|lr=0.0003|drop=0.20] [Reg Terms] Epoch [002] | Train: graph_entropy=0.045880, mf_l2=0.000000, proto_div=0.000000, proto_usage=0.000000, personal_sparse=0.003878, alpha_var=-0.002337, reg_bce_ratio=0.0865 | Val: graph_entropy=0.048122, mf_l2=0.000000, proto_div=0.000000, proto_usage=0.000000, personal_sparse=0.003100, alpha_var=-0.001607, reg_bce_ratio=0.0884
2026-02-10 13:31:13,718 - INFO - [assist_09|assist_09_m3grid_sparse_gate_clip_full|lr=0.0003|drop=0.20] [Diag][M3] Epoch [002] | residual_abs_mean=0.3961, residual_std=0.2351, mf_abs_mean=0.3961, mf_std=0.2351, gate_mean=0.0573, gate_std=0.0163, irt_abs_mean=1.3308, irt_std=0.5991, delta_abs_mean=0.0231, delta_std=0.0162, delta_over_irt=0.0174, graph_row_entropy=4.8122, graph_entropy_ratio=1.0000, alpha_mean=0.1735, alpha_std=0.3760, personal_row_entropy=0.5657
2026-02-10 13:31:13,718 - INFO - [assist_09|assist_09_m3grid_sparse_gate_clip_full|lr=0.0003|drop=0.20] [Grad Norms] Epoch [002] | mf_u_proj=0.003208, mf_v_proj=0.003419, fusion_gate=0.002118, q_gate_raw=0.000000, skill_latent=0.015520
2026-02-10 13:31:14,074 - INFO - [assist_09|assist_09_m3grid_sparse_gate_clip_full|lr=0.0003|drop=0.20] -> New best AUC=0.7356 at epoch 2
2026-02-10 13:31:54,408 - INFO - [assist_09|assist_09_m3grid_sparse_gate_clip_full|lr=0.0003|drop=0.20] Epoch [003/15] | Train: Loss=0.5810, BCE=0.5349, Reg=0.0461, AUC=0.7639, ACC=0.7320, RMSE=0.4232 | Val: Loss=0.6088, BCE=0.5602, Reg=0.0486, AUC=0.7396, ACC=0.7169, RMSE=0.4349
2026-02-10 13:31:54,408 - INFO - [assist_09|assist_09_m3grid_sparse_gate_clip_full|lr=0.0003|drop=0.20] [Reg Terms] Epoch [003] | Train: graph_entropy=0.045879, mf_l2=0.000000, proto_div=0.000000, proto_usage=0.000000, personal_sparse=0.002588, alpha_var=-0.002362, reg_bce_ratio=0.0862 | Val: graph_entropy=0.048122, mf_l2=0.000000, proto_div=0.000000, proto_usage=0.000000, personal_sparse=0.002064, alpha_var=-0.001605, reg_bce_ratio=0.0867
2026-02-10 13:31:54,674 - INFO - [assist_09|assist_09_m3grid_sparse_gate_clip_full|lr=0.0003|drop=0.20] [Diag][M3] Epoch [003] | residual_abs_mean=0.4885, residual_std=0.2516, mf_abs_mean=0.4885, mf_std=0.2516, gate_mean=0.1211, gate_std=0.0413, irt_abs_mean=1.4526, irt_std=0.6246, delta_abs_mean=0.0607, delta_std=0.0423, delta_over_irt=0.0418, graph_row_entropy=4.8122, graph_entropy_ratio=1.0000, alpha_mean=0.1958, alpha_std=0.3933, personal_row_entropy=0.5838
2026-02-10 13:31:54,674 - INFO - [assist_09|assist_09_m3grid_sparse_gate_clip_full|lr=0.0003|drop=0.20] [Grad Norms] Epoch [003] | mf_u_proj=0.007378, mf_v_proj=0.006943, fusion_gate=0.002579, q_gate_raw=0.000000, skill_latent=0.027471
2026-02-10 13:31:55,032 - INFO - [assist_09|assist_09_m3grid_sparse_gate_clip_full|lr=0.0003|drop=0.20] -> New best AUC=0.7396 at epoch 3
2026-02-10 13:32:31,246 - INFO - [assist_09|assist_09_m3grid_sparse_gate_clip_full|lr=0.0003|drop=0.20] Epoch [004/15] | Train: Loss=0.5689, BCE=0.5235, Reg=0.0454, AUC=0.7777, ACC=0.7375, RMSE=0.4181 | Val: Loss=0.6042, BCE=0.5560, Reg=0.0482, AUC=0.7438, ACC=0.7193, RMSE=0.4329
2026-02-10 13:32:31,247 - INFO - [assist_09|assist_09_m3grid_sparse_gate_clip_full|lr=0.0003|drop=0.20] [Reg Terms] Epoch [004] | Train: graph_entropy=0.045879, mf_l2=0.000000, proto_div=0.000000, proto_usage=0.000000, personal_sparse=0.001917, alpha_var=-0.002386, reg_bce_ratio=0.0867 | Val: graph_entropy=0.048122, mf_l2=0.000001, proto_div=0.000000, proto_usage=0.000000, personal_sparse=0.001678, alpha_var=-0.001607, reg_bce_ratio=0.0867
2026-02-10 13:32:31,528 - INFO - [assist_09|assist_09_m3grid_sparse_gate_clip_full|lr=0.0003|drop=0.20] [Diag][M3] Epoch [004] | residual_abs_mean=0.5105, residual_std=0.3037, mf_abs_mean=0.5105, mf_std=0.3037, gate_mean=0.1868, gate_std=0.0602, irt_abs_mean=1.4658, irt_std=0.6509, delta_abs_mean=0.0969, delta_std=0.0709, delta_over_irt=0.0661, graph_row_entropy=4.8122, graph_entropy_ratio=1.0000, alpha_mean=0.1946, alpha_std=0.3926, personal_row_entropy=0.5172
2026-02-10 13:32:31,529 - INFO - [assist_09|assist_09_m3grid_sparse_gate_clip_full|lr=0.0003|drop=0.20] [Grad Norms] Epoch [004] | mf_u_proj=0.015533, mf_v_proj=0.014415, fusion_gate=0.002896, q_gate_raw=0.000000, skill_latent=0.059167
2026-02-10 13:32:31,890 - INFO - [assist_09|assist_09_m3grid_sparse_gate_clip_full|lr=0.0003|drop=0.20] -> New best AUC=0.7438 at epoch 4
2026-02-10 13:33:11,363 - INFO - [assist_09|assist_09_m3grid_sparse_gate_clip_full|lr=0.0003|drop=0.20] Epoch [005/15] | Train: Loss=0.5572, BCE=0.5122, Reg=0.0451, AUC=0.7908, ACC=0.7430, RMSE=0.4131 | Val: Loss=0.6009, BCE=0.5530, Reg=0.0479, AUC=0.7478, ACC=0.7199, RMSE=0.4314
2026-02-10 13:33:11,363 - INFO - [assist_09|assist_09_m3grid_sparse_gate_clip_full|lr=0.0003|drop=0.20] [Reg Terms] Epoch [005] | Train: graph_entropy=0.045880, mf_l2=0.000001, proto_div=0.000000, proto_usage=0.000000, personal_sparse=0.001584, alpha_var=-0.002394, reg_bce_ratio=0.0880 | Val: graph_entropy=0.048122, mf_l2=0.000001, proto_div=0.000000, proto_usage=0.000000, personal_sparse=0.001367, alpha_var=-0.001606, reg_bce_ratio=0.0866
2026-02-10 13:33:11,624 - INFO - [assist_09|assist_09_m3grid_sparse_gate_clip_full|lr=0.0003|drop=0.20] [Diag][M3] Epoch [005] | residual_abs_mean=0.5502, residual_std=0.3312, mf_abs_mean=0.5502, mf_std=0.3312, gate_mean=0.2269, gate_std=0.0642, irt_abs_mean=1.4707, irt_std=0.6621, delta_abs_mean=0.1274, delta_std=0.0893, delta_over_irt=0.0866, graph_row_entropy=4.8122, graph_entropy_ratio=1.0000, alpha_mean=0.1951, alpha_std=0.3931, personal_row_entropy=0.2623
2026-02-10 13:33:11,624 - INFO - [assist_09|assist_09_m3grid_sparse_gate_clip_full|lr=0.0003|drop=0.20] [Grad Norms] Epoch [005] | mf_u_proj=0.025792, mf_v_proj=0.024199, fusion_gate=0.003858, q_gate_raw=0.000000, skill_latent=0.080956
2026-02-10 13:33:11,972 - INFO - [assist_09|assist_09_m3grid_sparse_gate_clip_full|lr=0.0003|drop=0.20] -> New best AUC=0.7478 at epoch 5
2026-02-10 13:33:52,381 - INFO - [assist_09|assist_09_m3grid_sparse_gate_clip_full|lr=0.0003|drop=0.20] Epoch [006/15] | Train: Loss=0.5472, BCE=0.5024, Reg=0.0448, AUC=0.8017, ACC=0.7489, RMSE=0.4087 | Val: Loss=0.5993, BCE=0.5516, Reg=0.0476, AUC=0.7510, ACC=0.7249, RMSE=0.4305
2026-02-10 13:33:52,381 - INFO - [assist_09|assist_09_m3grid_sparse_gate_clip_full|lr=0.0003|drop=0.20] [Reg Terms] Epoch [006] | Train: graph_entropy=0.045880, mf_l2=0.000001, proto_div=0.000000, proto_usage=0.000000, personal_sparse=0.001287, alpha_var=-0.002397, reg_bce_ratio=0.0891 | Val: graph_entropy=0.048122, mf_l2=0.000001, proto_div=0.000000, proto_usage=0.000000, personal_sparse=0.001123, alpha_var=-0.001599, reg_bce_ratio=0.0864
2026-02-10 13:33:52,649 - INFO - [assist_09|assist_09_m3grid_sparse_gate_clip_full|lr=0.0003|drop=0.20] [Diag][M3] Epoch [006] | residual_abs_mean=0.5679, residual_std=0.3519, mf_abs_mean=0.5679, mf_std=0.3519, gate_mean=0.2516, gate_std=0.0606, irt_abs_mean=1.5197, irt_std=0.6782, delta_abs_mean=0.1458, delta_std=0.1016, delta_over_irt=0.0959, graph_row_entropy=4.8122, graph_entropy_ratio=1.0000, alpha_mean=0.1961, alpha_std=0.3958, personal_row_entropy=0.2070
2026-02-10 13:33:52,649 - INFO - [assist_09|assist_09_m3grid_sparse_gate_clip_full|lr=0.0003|drop=0.20] [Grad Norms] Epoch [006] | mf_u_proj=0.023616, mf_v_proj=0.023655, fusion_gate=0.005353, q_gate_raw=0.000000, skill_latent=0.069372
2026-02-10 13:33:52,986 - INFO - [assist_09|assist_09_m3grid_sparse_gate_clip_full|lr=0.0003|drop=0.20] -> New best AUC=0.7510 at epoch 6
2026-02-10 13:34:30,603 - INFO - [assist_09|assist_09_m3grid_sparse_gate_clip_full|lr=0.0003|drop=0.20] Epoch [007/15] | Train: Loss=0.5392, BCE=0.4946, Reg=0.0446, AUC=0.8101, ACC=0.7531, RMSE=0.4052 | Val: Loss=0.5997, BCE=0.5522, Reg=0.0475, AUC=0.7527, ACC=0.7235, RMSE=0.4305
2026-02-10 13:34:30,604 - INFO - [assist_09|assist_09_m3grid_sparse_gate_clip_full|lr=0.0003|drop=0.20] [Reg Terms] Epoch [007] | Train: graph_entropy=0.045880, mf_l2=0.000001, proto_div=0.000000, proto_usage=0.000000, personal_sparse=0.001111, alpha_var=-0.002403, reg_bce_ratio=0.0902 | Val: graph_entropy=0.048122, mf_l2=0.000001, proto_div=0.000000, proto_usage=0.000000, personal_sparse=0.001032, alpha_var=-0.001610, reg_bce_ratio=0.0861
2026-02-10 13:34:30,916 - INFO - [assist_09|assist_09_m3grid_sparse_gate_clip_full|lr=0.0003|drop=0.20] [Diag][M3] Epoch [007] | residual_abs_mean=0.5546, residual_std=0.3614, mf_abs_mean=0.5546, mf_std=0.3614, gate_mean=0.2626, gate_std=0.0603, irt_abs_mean=1.5789, irt_std=0.7195, delta_abs_mean=0.1471, delta_std=0.1065, delta_over_irt=0.0932, graph_row_entropy=4.8122, graph_entropy_ratio=1.0000, alpha_mean=0.1968, alpha_std=0.3954, personal_row_entropy=0.1669
2026-02-10 13:34:30,917 - INFO - [assist_09|assist_09_m3grid_sparse_gate_clip_full|lr=0.0003|drop=0.20] [Grad Norms] Epoch [007] | mf_u_proj=0.032735, mf_v_proj=0.030899, fusion_gate=0.004115, q_gate_raw=0.000000, skill_latent=0.080704
2026-02-10 13:34:31,272 - INFO - [assist_09|assist_09_m3grid_sparse_gate_clip_full|lr=0.0003|drop=0.20] -> New best AUC=0.7527 at epoch 7
2026-02-10 13:35:11,058 - INFO - [assist_09|assist_09_m3grid_sparse_gate_clip_full|lr=0.0003|drop=0.20] Epoch [008/15] | Train: Loss=0.5320, BCE=0.4876, Reg=0.0445, AUC=0.8175, ACC=0.7560, RMSE=0.4020 | Val: Loss=0.5962, BCE=0.5487, Reg=0.0475, AUC=0.7556, ACC=0.7280, RMSE=0.4290
2026-02-10 13:35:11,059 - INFO - [assist_09|assist_09_m3grid_sparse_gate_clip_full|lr=0.0003|drop=0.20] [Reg Terms] Epoch [008] | Train: graph_entropy=0.045880, mf_l2=0.000001, proto_div=0.000000, proto_usage=0.000000, personal_sparse=0.000991, alpha_var=-0.002412, reg_bce_ratio=0.0912 | Val: graph_entropy=0.048122, mf_l2=0.000002, proto_div=0.000000, proto_usage=0.000000, personal_sparse=0.001005, alpha_var=-0.001602, reg_bce_ratio=0.0866
2026-02-10 13:35:11,324 - INFO - [assist_09|assist_09_m3grid_sparse_gate_clip_full|lr=0.0003|drop=0.20] [Diag][M3] Epoch [008] | residual_abs_mean=0.6096, residual_std=0.3522, mf_abs_mean=0.6096, mf_std=0.3522, gate_mean=0.2692, gate_std=0.0583, irt_abs_mean=1.5524, irt_std=0.7410, delta_abs_mean=0.1658, delta_std=0.1060, delta_over_irt=0.1068, graph_row_entropy=4.8122, graph_entropy_ratio=1.0000, alpha_mean=0.1963, alpha_std=0.3959, personal_row_entropy=0.1634
2026-02-10 13:35:11,325 - INFO - [assist_09|assist_09_m3grid_sparse_gate_clip_full|lr=0.0003|drop=0.20] [Grad Norms] Epoch [008] | mf_u_proj=0.030101, mf_v_proj=0.032936, fusion_gate=0.000949, q_gate_raw=0.000000, skill_latent=0.080746
2026-02-10 13:35:11,682 - INFO - [assist_09|assist_09_m3grid_sparse_gate_clip_full|lr=0.0003|drop=0.20] -> New best AUC=0.7556 at epoch 8
2026-02-10 13:35:48,748 - INFO - [assist_09|assist_09_m3grid_sparse_gate_clip_full|lr=0.0003|drop=0.20] Epoch [009/15] | Train: Loss=0.5253, BCE=0.4809, Reg=0.0444, AUC=0.8240, ACC=0.7604, RMSE=0.3990 | Val: Loss=0.5975, BCE=0.5501, Reg=0.0473, AUC=0.7562, ACC=0.7262, RMSE=0.4294
2026-02-10 13:35:48,749 - INFO - [assist_09|assist_09_m3grid_sparse_gate_clip_full|lr=0.0003|drop=0.20] [Reg Terms] Epoch [009] | Train: graph_entropy=0.045880, mf_l2=0.000002, proto_div=0.000000, proto_usage=0.000000, personal_sparse=0.000907, alpha_var=-0.002414, reg_bce_ratio=0.0923 | Val: graph_entropy=0.048122, mf_l2=0.000002, proto_div=0.000000, proto_usage=0.000000, personal_sparse=0.000817, alpha_var=-0.001610, reg_bce_ratio=0.0860
2026-02-10 13:35:49,020 - INFO - [assist_09|assist_09_m3grid_sparse_gate_clip_full|lr=0.0003|drop=0.20] [Diag][M3] Epoch [009] | residual_abs_mean=0.6222, residual_std=0.3813, mf_abs_mean=0.6222, mf_std=0.3813, gate_mean=0.2756, gate_std=0.0552, irt_abs_mean=1.5706, irt_std=0.7450, delta_abs_mean=0.1728, delta_std=0.1131, delta_over_irt=0.1100, graph_row_entropy=4.8122, graph_entropy_ratio=1.0000, alpha_mean=0.1967, alpha_std=0.3956, personal_row_entropy=0.1218
2026-02-10 13:35:49,021 - INFO - [assist_09|assist_09_m3grid_sparse_gate_clip_full|lr=0.0003|drop=0.20] [Grad Norms] Epoch [009] | mf_u_proj=0.029514, mf_v_proj=0.029511, fusion_gate=0.000557, q_gate_raw=0.000000, skill_latent=0.070275
2026-02-10 13:35:49,409 - INFO - [assist_09|assist_09_m3grid_sparse_gate_clip_full|lr=0.0003|drop=0.20] -> New best AUC=0.7562 at epoch 9
2026-02-10 13:36:28,273 - INFO - [assist_09|assist_09_m3grid_sparse_gate_clip_full|lr=0.0003|drop=0.20] Epoch [010/15] | Train: Loss=0.5195, BCE=0.4752, Reg=0.0443, AUC=0.8296, ACC=0.7632, RMSE=0.3963 | Val: Loss=0.5975, BCE=0.5503, Reg=0.0473, AUC=0.7585, ACC=0.7283, RMSE=0.4289
2026-02-10 13:36:28,273 - INFO - [assist_09|assist_09_m3grid_sparse_gate_clip_full|lr=0.0003|drop=0.20] [Reg Terms] Epoch [010] | Train: graph_entropy=0.045881, mf_l2=0.000002, proto_div=0.000000, proto_usage=0.000000, personal_sparse=0.000819, alpha_var=-0.002418, reg_bce_ratio=0.0932 | Val: graph_entropy=0.048122, mf_l2=0.000002, proto_div=0.000000, proto_usage=0.000000, personal_sparse=0.000759, alpha_var=-0.001601, reg_bce_ratio=0.0859
2026-02-10 13:36:28,546 - INFO - [assist_09|assist_09_m3grid_sparse_gate_clip_full|lr=0.0003|drop=0.20] [Diag][M3] Epoch [010] | residual_abs_mean=0.6783, residual_std=0.3749, mf_abs_mean=0.6783, mf_std=0.3749, gate_mean=0.2803, gate_std=0.0528, irt_abs_mean=1.6794, irt_std=0.7712, delta_abs_mean=0.1917, delta_std=0.1136, delta_over_irt=0.1142, graph_row_entropy=4.8122, graph_entropy_ratio=1.0000, alpha_mean=0.1966, alpha_std=0.3956, personal_row_entropy=0.1616
2026-02-10 13:36:28,547 - INFO - [assist_09|assist_09_m3grid_sparse_gate_clip_full|lr=0.0003|drop=0.20] [Grad Norms] Epoch [010] | mf_u_proj=0.032277, mf_v_proj=0.035027, fusion_gate=0.002747, q_gate_raw=0.000000, skill_latent=0.079592
2026-02-10 13:36:28,890 - INFO - [assist_09|assist_09_m3grid_sparse_gate_clip_full|lr=0.0003|drop=0.20] -> New best AUC=0.7585 at epoch 10
2026-02-10 13:36:28,946 - INFO - [assist_09|assist_09_m3grid_sparse_gate_clip_full|lr=0.0003|drop=0.20] Checkpoint saved: checkpoints/assist_09_m3grid/seed42/sparse_gate_clip_full/checkpoint_epoch_10.pth
2026-02-10 13:36:29,194 - INFO - [assist_09|assist_09_m3grid_sparse_gate_clip_full|lr=0.0003|drop=0.20] [Module Activity] Epoch 10: Graph✗ Personal✓ MF✓
2026-02-10 13:37:09,307 - INFO - [assist_09|assist_09_m3grid_sparse_gate_clip_full|lr=0.0003|drop=0.20] Epoch [011/15] | Train: Loss=0.5144, BCE=0.4702, Reg=0.0442, AUC=0.8340, ACC=0.7650, RMSE=0.3941 | Val: Loss=0.5937, BCE=0.5464, Reg=0.0473, AUC=0.7599, ACC=0.7281, RMSE=0.4272
2026-02-10 13:37:09,307 - INFO - [assist_09|assist_09_m3grid_sparse_gate_clip_full|lr=0.0003|drop=0.20] [Reg Terms] Epoch [011] | Train: graph_entropy=0.045879, mf_l2=0.000002, proto_div=0.000000, proto_usage=0.000000, personal_sparse=0.000770, alpha_var=-0.002426, reg_bce_ratio=0.0941 | Val: graph_entropy=0.048122, mf_l2=0.000003, proto_div=0.000000, proto_usage=0.000000, personal_sparse=0.000720, alpha_var=-0.001587, reg_bce_ratio=0.0865
2026-02-10 13:37:09,582 - INFO - [assist_09|assist_09_m3grid_sparse_gate_clip_full|lr=0.0003|drop=0.20] [Diag][M3] Epoch [011] | residual_abs_mean=0.6980, residual_std=0.3996, mf_abs_mean=0.6980, mf_std=0.3996, gate_mean=0.2797, gate_std=0.0543, irt_abs_mean=1.5392, irt_std=0.7686, delta_abs_mean=0.1964, delta_std=0.1206, delta_over_irt=0.1276, graph_row_entropy=4.8122, graph_entropy_ratio=1.0000, alpha_mean=0.1965, alpha_std=0.3956, personal_row_entropy=0.1002
2026-02-10 13:37:09,582 - INFO - [assist_09|assist_09_m3grid_sparse_gate_clip_full|lr=0.0003|drop=0.20] [Grad Norms] Epoch [011] | mf_u_proj=0.026925, mf_v_proj=0.027132, fusion_gate=0.000799, q_gate_raw=0.000000, skill_latent=0.076276
2026-02-10 13:37:09,936 - INFO - [assist_09|assist_09_m3grid_sparse_gate_clip_full|lr=0.0003|drop=0.20] -> New best AUC=0.7599 at epoch 11
2026-02-10 13:37:50,002 - INFO - [assist_09|assist_09_m3grid_sparse_gate_clip_full|lr=0.0003|drop=0.20] Epoch [012/15] | Train: Loss=0.5104, BCE=0.4662, Reg=0.0442, AUC=0.8378, ACC=0.7682, RMSE=0.3921 | Val: Loss=0.5933, BCE=0.5461, Reg=0.0472, AUC=0.7616, ACC=0.7312, RMSE=0.4269
2026-02-10 13:37:50,002 - INFO - [assist_09|assist_09_m3grid_sparse_gate_clip_full|lr=0.0003|drop=0.20] [Reg Terms] Epoch [012] | Train: graph_entropy=0.045880, mf_l2=0.000003, proto_div=0.000000, proto_usage=0.000000, personal_sparse=0.000715, alpha_var=-0.002426, reg_bce_ratio=0.0947 | Val: graph_entropy=0.048122, mf_l2=0.000003, proto_div=0.000000, proto_usage=0.000000, personal_sparse=0.000682, alpha_var=-0.001587, reg_bce_ratio=0.0865
2026-02-10 13:37:50,282 - INFO - [assist_09|assist_09_m3grid_sparse_gate_clip_full|lr=0.0003|drop=0.20] [Diag][M3] Epoch [012] | residual_abs_mean=0.7292, residual_std=0.4032, mf_abs_mean=0.7292, mf_std=0.4032, gate_mean=0.2833, gate_std=0.0517, irt_abs_mean=1.5829, irt_std=0.8020, delta_abs_mean=0.2074, delta_std=0.1222, delta_over_irt=0.1310, graph_row_entropy=4.8122, graph_entropy_ratio=1.0000, alpha_mean=0.1977, alpha_std=0.3952, personal_row_entropy=0.1305
2026-02-10 13:37:50,282 - INFO - [assist_09|assist_09_m3grid_sparse_gate_clip_full|lr=0.0003|drop=0.20] [Grad Norms] Epoch [012] | mf_u_proj=0.040794, mf_v_proj=0.043334, fusion_gate=0.000907, q_gate_raw=0.000000, skill_latent=0.105545
2026-02-10 13:37:50,621 - INFO - [assist_09|assist_09_m3grid_sparse_gate_clip_full|lr=0.0003|drop=0.20] -> New best AUC=0.7616 at epoch 12
2026-02-10 13:38:28,035 - INFO - [assist_09|assist_09_m3grid_sparse_gate_clip_full|lr=0.0003|drop=0.20] Epoch [013/15] | Train: Loss=0.5060, BCE=0.4618, Reg=0.0441, AUC=0.8414, ACC=0.7707, RMSE=0.3901 | Val: Loss=0.5922, BCE=0.5450, Reg=0.0472, AUC=0.7622, ACC=0.7295, RMSE=0.4266
2026-02-10 13:38:28,035 - INFO - [assist_09|assist_09_m3grid_sparse_gate_clip_full|lr=0.0003|drop=0.20] [Reg Terms] Epoch [013] | Train: graph_entropy=0.045880, mf_l2=0.000003, proto_div=0.000000, proto_usage=0.000000, personal_sparse=0.000669, alpha_var=-0.002422, reg_bce_ratio=0.0956 | Val: graph_entropy=0.048122, mf_l2=0.000003, proto_div=0.000000, proto_usage=0.000000, personal_sparse=0.000637, alpha_var=-0.001582, reg_bce_ratio=0.0866
2026-02-10 13:38:28,307 - INFO - [assist_09|assist_09_m3grid_sparse_gate_clip_full|lr=0.0003|drop=0.20] [Diag][M3] Epoch [013] | residual_abs_mean=0.7560, residual_std=0.4006, mf_abs_mean=0.7560, mf_std=0.4006, gate_mean=0.2838, gate_std=0.0520, irt_abs_mean=1.5612, irt_std=0.8163, delta_abs_mean=0.2158, delta_std=0.1233, delta_over_irt=0.1382, graph_row_entropy=4.8122, graph_entropy_ratio=1.0000, alpha_mean=0.1991, alpha_std=0.3943, personal_row_entropy=0.1117
2026-02-10 13:38:28,307 - INFO - [assist_09|assist_09_m3grid_sparse_gate_clip_full|lr=0.0003|drop=0.20] [Grad Norms] Epoch [013] | mf_u_proj=0.035959, mf_v_proj=0.037201, fusion_gate=0.000023, q_gate_raw=0.000000, skill_latent=0.085273
2026-02-10 13:38:28,653 - INFO - [assist_09|assist_09_m3grid_sparse_gate_clip_full|lr=0.0003|drop=0.20] -> New best AUC=0.7622 at epoch 13
2026-02-10 13:39:08,870 - INFO - [assist_09|assist_09_m3grid_sparse_gate_clip_full|lr=0.0003|drop=0.20] Epoch [014/15] | Train: Loss=0.5025, BCE=0.4584, Reg=0.0441, AUC=0.8444, ACC=0.7724, RMSE=0.3885 | Val: Loss=0.5956, BCE=0.5485, Reg=0.0471, AUC=0.7616, ACC=0.7275, RMSE=0.4276
2026-02-10 13:39:08,871 - INFO - [assist_09|assist_09_m3grid_sparse_gate_clip_full|lr=0.0003|drop=0.20] [Reg Terms] Epoch [014] | Train: graph_entropy=0.045881, mf_l2=0.000003, proto_div=0.000000, proto_usage=0.000000, personal_sparse=0.000640, alpha_var=-0.002427, reg_bce_ratio=0.0962 | Val: graph_entropy=0.048122, mf_l2=0.000003, proto_div=0.000000, proto_usage=0.000000, personal_sparse=0.000602, alpha_var=-0.001589, reg_bce_ratio=0.0859
2026-02-10 13:39:09,165 - INFO - [assist_09|assist_09_m3grid_sparse_gate_clip_full|lr=0.0003|drop=0.20] [Diag][M3] Epoch [014] | residual_abs_mean=0.7951, residual_std=0.3970, mf_abs_mean=0.7951, mf_std=0.3970, gate_mean=0.2839, gate_std=0.0548, irt_abs_mean=1.6305, irt_std=0.8341, delta_abs_mean=0.2254, delta_std=0.1244, delta_over_irt=0.1382, graph_row_entropy=4.8122, graph_entropy_ratio=1.0000, alpha_mean=0.1976, alpha_std=0.3951, personal_row_entropy=0.0856
2026-02-10 13:39:09,165 - INFO - [assist_09|assist_09_m3grid_sparse_gate_clip_full|lr=0.0003|drop=0.20] [Grad Norms] Epoch [014] | mf_u_proj=0.036988, mf_v_proj=0.040317, fusion_gate=0.000555, q_gate_raw=0.000000, skill_latent=0.098871
2026-02-10 13:39:09,165 - INFO - [assist_09|assist_09_m3grid_sparse_gate_clip_full|lr=0.0003|drop=0.20] -> No improvement 1 epoch(s) (best AUC=0.7622 @ 13)
2026-02-10 13:39:48,546 - INFO - [assist_09|assist_09_m3grid_sparse_gate_clip_full|lr=0.0003|drop=0.20] Epoch [015/15] | Train: Loss=0.4988, BCE=0.4547, Reg=0.0441, AUC=0.8478, ACC=0.7743, RMSE=0.3868 | Val: Loss=0.5944, BCE=0.5473, Reg=0.0471, AUC=0.7619, ACC=0.7307, RMSE=0.4269
2026-02-10 13:39:48,547 - INFO - [assist_09|assist_09_m3grid_sparse_gate_clip_full|lr=0.0003|drop=0.20] [Reg Terms] Epoch [015] | Train: graph_entropy=0.045880, mf_l2=0.000003, proto_div=0.000000, proto_usage=0.000000, personal_sparse=0.000603, alpha_var=-0.002429, reg_bce_ratio=0.0969 | Val: graph_entropy=0.048122, mf_l2=0.000004, proto_div=0.000000, proto_usage=0.000000, personal_sparse=0.000568, alpha_var=-0.001589, reg_bce_ratio=0.0861
2026-02-10 13:39:48,840 - INFO - [assist_09|assist_09_m3grid_sparse_gate_clip_full|lr=0.0003|drop=0.20] [Diag][M3] Epoch [015] | residual_abs_mean=0.8087, residual_std=0.4260, mf_abs_mean=0.8087, mf_std=0.4260, gate_mean=0.2855, gate_std=0.0525, irt_abs_mean=1.6161, irt_std=0.8650, delta_abs_mean=0.2306, delta_std=0.1323, delta_over_irt=0.1427, graph_row_entropy=4.8122, graph_entropy_ratio=1.0000, alpha_mean=0.1973, alpha_std=0.3954, personal_row_entropy=0.0860
2026-02-10 13:39:48,841 - INFO - [assist_09|assist_09_m3grid_sparse_gate_clip_full|lr=0.0003|drop=0.20] [Grad Norms] Epoch [015] | mf_u_proj=0.041041, mf_v_proj=0.045273, fusion_gate=0.001276, q_gate_raw=0.000000, skill_latent=0.103666
2026-02-10 13:39:48,841 - INFO - [assist_09|assist_09_m3grid_sparse_gate_clip_full|lr=0.0003|drop=0.20] -> No improvement 2 epoch(s) (best AUC=0.7622 @ 13)
2026-02-10 13:39:48,848 - INFO - Epoch-wise metrics saved to checkpoints/assist_09_m3grid/seed42/sparse_gate_clip_full/metrics_history.csv
2026-02-10 13:39:48,849 - INFO - [assist_09|assist_09_m3grid_sparse_gate_clip_full|lr=0.0003|drop=0.20] Training completed! Best Val AUC=0.7622 @ epoch 13
2026-02-10 13:39:49,094 - INFO - 
============================================================
         MODULE ACTIVITY REPORT
============================================================
Dataset: assist_09 | Seed: 42 | Epoch: 15

1. Soft Prototype Module:
   - Status: DISABLED (num_prototypes=0 or use_soft_prototype=False)

2. Concept Graph Module:
   - Mean row entropy: 4.812 / 4.812
   - Entropy ratio: 100.0%
   - Status: ✗ TRIVIAL (uniform distribution, not learning)
   → Consider: increase lambda_sparse or training longer

3. Personal Graph Module:
   - Gate alpha mean: 0.274
   - Gate alpha std: 0.443
   - Status: ✓ ACTIVE (using personalization)

4. Skill/MF Module:
   - MF logit |mean|: 0.7949
   - MF logit std: 0.8945
   - Fusion gate mean: 0.289
   - Status: ✓ ACTIVE (contributing to predictions)

------------------------------------------------------------
SUMMARY:
   Active modules: Personal Graph, Skill/MF
   ⚠ Inactive modules: Concept Graph
============================================================
2026-02-10 13:39:49,095 - INFO - [assist_09|assist_09_m3grid_sparse_gate_clip_full|lr=0.0003|drop=0.20] Module activity saved to checkpoints/assist_09_m3grid/seed42/sparse_gate_clip_full/module_activity.json
2026-02-10 13:39:49,167 - INFO - Using device: cuda:0 (physical gpu 3)
2026-02-10 13:39:49,167 - INFO - Loading model from checkpoints/assist_09_m3grid/seed42/sparse_gate_clip_full/best_model.pth...
2026-02-10 13:39:49,706 - INFO - Inference switches: ablate_module1=False, ablate_module2=False, ablate_module3=False | enable_module1=True, enable_module2=True, enable_module3=True | use_soft_prototype=False, use_mf_branch=True, use_concept_graph=True, use_q_aligned_residual=True, use_soft_prototype_main_path=False | effective(num_gnn_layers=1, num_prototypes=0)
2026-02-10 13:39:49,721 - INFO - [Inference] Ablation runtime check: args(ablate_module1=False,ablate_module2=False,ablate_module3=False) | model(enable_module1=True,enable_module2=True,enable_module3=True) | physical(has_knowledge_encoder=True,has_mf_branch=True,has_soft_prototype=False)
2026-02-10 13:39:49,723 - INFO - Model loaded from epoch 13. Start testing...
2026-02-10 13:39:50,902 - INFO - [Test] 200/411 batches done, samples=25600
2026-02-10 13:39:51,907 - INFO - [Test] 400/411 batches done, samples=51200
2026-02-10 13:39:52,029 - INFO - 
==================================================
2026-02-10 13:39:52,030 - INFO - Test Results:
2026-02-10 13:39:52,030 - INFO - AUC: 0.7655
2026-02-10 13:39:52,030 - INFO - ACC: 0.7337
2026-02-10 13:39:52,030 - INFO - RMSE: 0.4240
2026-02-10 13:39:52,030 - INFO - ==================================================
2026-02-10 13:39:52,043 - INFO - Summary appended to /home/zsh/ConceptSkillCDM/results/experiment_results.csv
2026-02-10 13:39:52,050 - INFO - Run completed.
2026-02-10 13:39:52,050 - INFO - Best validation AUC: 0.7622 at epoch 13
2026-02-10 13:39:52,050 - INFO - Test metrics - AUC: 0.7655, ACC: 0.7337, RMSE: 0.4240
