2026-03-10 08:23:00,805 - INFO - Arguments:
2026-03-10 08:23:00,805 - INFO -   ablate_concept_graph: False
2026-03-10 08:23:00,805 - INFO -   ablate_module1: True
2026-03-10 08:23:00,805 - INFO -   ablate_module2: False
2026-03-10 08:23:00,805 - INFO -   ablate_module3: False
2026-03-10 08:23:00,805 - INFO -   ablate_skill_encoder: False
2026-03-10 08:23:00,805 - INFO -   ablate_soft_prototype: False
2026-03-10 08:23:00,805 - INFO -   allow_self_loop: True
2026-03-10 08:23:00,805 - INFO -   batch_size: 256
2026-03-10 08:23:00,805 - INFO -   data_dir: ./data/junyi
2026-03-10 08:23:00,805 - INFO -   dataset_name: junyi
2026-03-10 08:23:00,805 - INFO -   debug_module3_diag: True
2026-03-10 08:23:00,805 - INFO -   diag_batches: 1
2026-03-10 08:23:00,805 - INFO -   disable_q_aligned_residual: False
2026-03-10 08:23:00,805 - INFO -   disable_q_conditioning: False
2026-03-10 08:23:00,805 - INFO -   disable_self_loop: False
2026-03-10 08:23:00,805 - INFO -   disable_soft_prototype: False
2026-03-10 08:23:00,805 - INFO -   dropout: 0.4
2026-03-10 08:23:00,805 - INFO -   early_stop_patience: 3
2026-03-10 08:23:00,805 - INFO -   enable_module1: False
2026-03-10 08:23:00,806 - INFO -   enable_module2: True
2026-03-10 08:23:00,806 - INFO -   enable_module3: True
2026-03-10 08:23:00,806 - INFO -   enable_soft_prototype: False
2026-03-10 08:23:00,806 - INFO -   epochs: 100
2026-03-10 08:23:00,806 - INFO -   exercise_dim: 128
2026-03-10 08:23:00,806 - INFO -   exercise_l2_lambda: 5e-05
2026-03-10 08:23:00,806 - INFO -   fusion_gate_bias_init: -1.1
2026-03-10 08:23:00,806 - INFO -   fusion_gate_max: 1.0
2026-03-10 08:23:00,806 - INFO -   generate_diagnosis: False
2026-03-10 08:23:00,806 - INFO -   gnn_residual_weight: 0.5
2026-03-10 08:23:00,806 - INFO -   gpu_candidates: None
2026-03-10 08:23:00,806 - INFO -   gpu_ids: None
2026-03-10 08:23:00,806 - INFO -   gpu_memory_threshold: 2000
2026-03-10 08:23:00,806 - INFO -   gpus: None
2026-03-10 08:23:00,806 - INFO -   graph_dropout: -1.0
2026-03-10 08:23:00,806 - INFO -   graph_entropy_max: 0.7
2026-03-10 08:23:00,806 - INFO -   graph_entropy_min: 0.15
2026-03-10 08:23:00,806 - INFO -   graph_reg_cap_ratio: 6.0
2026-03-10 08:23:00,806 - INFO -   graph_reg_warmup_epochs: 1
2026-03-10 08:23:00,806 - INFO -   graph_tau_init: 1.0
2026-03-10 08:23:00,806 - INFO -   graph_topk: None
2026-03-10 08:23:00,806 - INFO -   graph_uniform_margin: 0.12
2026-03-10 08:23:00,806 - INFO -   knowledge_dim: 128
2026-03-10 08:23:00,806 - INFO -   lambda_alpha: 0.0
2026-03-10 08:23:00,806 - INFO -   lambda_graph_diag: 0.12
2026-03-10 08:23:00,806 - INFO -   lambda_graph_uniform: 0.06
2026-03-10 08:23:00,806 - INFO -   lambda_proto_div: 0.0
2026-03-10 08:23:00,806 - INFO -   lambda_proto_usage: 0.0
2026-03-10 08:23:00,806 - INFO -   lambda_sparse: 0.0
2026-03-10 08:23:00,806 - INFO -   lambda_sparse_personal: 0.0
2026-03-10 08:23:00,807 - INFO -   learning_rate: 0.003
2026-03-10 08:23:00,807 - INFO -   log_dir: logs/m13_diag/m13_rerun_20260310/junyi/seed42/baseline_no_module1
2026-03-10 08:23:00,807 - INFO -   min_exer_interactions: 0
2026-03-10 08:23:00,807 - INFO -   min_poison_count: 0
2026-03-10 08:23:00,807 - INFO -   min_stu_interactions: 15
2026-03-10 08:23:00,807 - INFO -   model_variant: junyi_m13diag_baseline_no_module1
2026-03-10 08:23:00,807 - INFO -   multi_gpu: False
2026-03-10 08:23:00,807 - INFO -   no_cuda: False
2026-03-10 08:23:00,807 - INFO -   num_gnn_layers: 0
2026-03-10 08:23:00,807 - INFO -   num_gpus: 1
2026-03-10 08:23:00,807 - INFO -   num_prototypes: 0
2026-03-10 08:23:00,807 - INFO -   num_relation_heads: 2
2026-03-10 08:23:00,807 - INFO -   num_workers: 4
2026-03-10 08:23:00,807 - INFO -   patience: 1
2026-03-10 08:23:00,807 - INFO -   personal_rank: 4
2026-03-10 08:23:00,807 - INFO -   proto_lambda: 0.0
2026-03-10 08:23:00,807 - INFO -   proto_tau: 1.0
2026-03-10 08:23:00,807 - INFO -   residual_clip_t: 2.0
2026-03-10 08:23:00,807 - INFO -   residual_scale_init: 0.1
2026-03-10 08:23:00,807 - INFO -   save_dir: checkpoints/m13_diag/m13_rerun_20260310/junyi/seed42/baseline_no_module1
2026-03-10 08:23:00,807 - INFO -   save_interval: 10
2026-03-10 08:23:00,807 - INFO -   seed: 42
2026-03-10 08:23:00,807 - INFO -   skill_dim: 64
2026-03-10 08:23:00,807 - INFO -   use_concept_graph: False
2026-03-10 08:23:00,807 - INFO -   use_exercise_graph: False
2026-03-10 08:23:00,807 - INFO -   use_mf_branch: True
2026-03-10 08:23:00,807 - INFO -   use_personal_graph: False
2026-03-10 08:23:00,807 - INFO -   use_q_aligned_residual: True
2026-03-10 08:23:00,807 - INFO -   use_q_conditioning: True
2026-03-10 08:23:00,807 - INFO -   use_skill_encoder: True
2026-03-10 08:23:00,808 - INFO -   use_soft_prototype: False
2026-03-10 08:23:00,808 - INFO -   use_soft_prototype_main_path: False
2026-03-10 08:23:00,808 - INFO -   weight_decay: 0.001
2026-03-10 08:23:00,915 - INFO - Using device: cuda:0
2026-03-10 08:23:00,915 - INFO - [junyi|junyi_m13diag_baseline_no_module1|lr=0.003|drop=0.40] Loading datasets...
2026-03-10 08:23:00,916 - INFO - [junyi|junyi_m13diag_baseline_no_module1|lr=0.003|drop=0.40] Regularization: graph_entropy(lambda_sparse)=0.000000, graph_diag=0.120000, graph_uniform=0.060000, proto_div=0.000000, proto_usage=0.000000, personal_sparse=0.000000, alpha_penalty=0.000000, mf_l2(exercise_l2_lambda)=0.000050
2026-03-10 08:23:00,916 - INFO - [junyi|junyi_m13diag_baseline_no_module1|lr=0.003|drop=0.40] Graph controls: entropy_band=[0.15, 0.70], uniform_margin=0.12, warmup_epochs=1, cap_ratio=6.00, graph_dropout=-1.000, graph_tau_init=1.000
2026-03-10 08:23:01,032 - INFO - [数据清洗] 学生交互次数 < 15 次的学生：共移除 0 个学生（仅统计用户数）
2026-03-10 08:23:01,044 - INFO - [数据清洗] 学生冷启动过滤：在 train/valid/test 中共删除 0 条记录。
2026-03-10 08:23:01,045 - INFO - [数据清洗] 跳过题目冷门过滤（min_exer_interactions <= 0）。
2026-03-10 08:23:01,045 - INFO - [数据清洗] 跳过毒题清洗（min_poison_count <= 0）。
2026-03-10 08:23:14,676 - INFO - [junyi|junyi_m13diag_baseline_no_module1|lr=0.003|drop=0.40] Train samples: 262473, Val samples: 24299
2026-03-10 08:23:14,676 - INFO - [junyi|junyi_m13diag_baseline_no_module1|lr=0.003|drop=0.40] Number of students: 10000
2026-03-10 08:23:14,676 - INFO - [junyi|junyi_m13diag_baseline_no_module1|lr=0.003|drop=0.40] Number of exercises: 706
2026-03-10 08:23:14,676 - INFO - [junyi|junyi_m13diag_baseline_no_module1|lr=0.003|drop=0.40] Number of concepts: 706
2026-03-10 08:23:14,677 - INFO - [junyi|junyi_m13diag_baseline_no_module1|lr=0.003|drop=0.40] Creating model...
2026-03-10 08:23:14,677 - INFO - [junyi|junyi_m13diag_baseline_no_module1|lr=0.003|drop=0.40] Ablation switches: ablate_module1=True, ablate_module2=False, ablate_module3=False | enable_module1=False, enable_module2=True, enable_module3=True | use_soft_prototype=False, use_mf_branch=True, use_concept_graph=False, use_q_aligned_residual=True, use_soft_prototype_main_path=False | effective(num_gnn_layers=0, num_prototypes=0)
2026-03-10 08:23:14,828 - INFO - [junyi|junyi_m13diag_baseline_no_module1|lr=0.003|drop=0.40] Ablation runtime check: args(ablate_module1=True,ablate_module2=False,ablate_module3=False) | model(enable_module1=False,enable_module2=True,enable_module3=True) | physical(has_knowledge_encoder=False,has_mf_branch=True,has_soft_prototype=False)
2026-03-10 08:23:14,828 - INFO - [junyi|junyi_m13diag_baseline_no_module1|lr=0.003|drop=0.40] Debug diagnostics enabled: diag_batches=1
2026-03-10 08:23:14,844 - INFO - [junyi|junyi_m13diag_baseline_no_module1|lr=0.003|drop=0.40] [Module3 Init] fusion_gate_bias=-1.1000, fusion_gate_max=1.0000, implied_gate=0.2497, q_gate=0.5000, mf_scale=0.1000, bias_scale=0.1000, graph_tau_mean=0.0000, graph_tau_std=0.0000, graph_dropout=0.000
2026-03-10 08:23:14,845 - INFO - [junyi|junyi_m13diag_baseline_no_module1|lr=0.003|drop=0.40] Total parameters: 845,278
2026-03-10 08:23:14,845 - INFO - [junyi|junyi_m13diag_baseline_no_module1|lr=0.003|drop=0.40] Trainable parameters: 845,278
2026-03-10 08:23:15,464 - INFO - [junyi|junyi_m13diag_baseline_no_module1|lr=0.003|drop=0.40] Starting training...
2026-03-10 08:23:29,290 - INFO - [junyi|junyi_m13diag_baseline_no_module1|lr=0.003|drop=0.40] Epoch [001/100] | Train: Loss=0.6402, BCE=0.6402, Reg=0.0000, AUC=0.6138, ACC=0.6541, RMSE=0.4734 | Val: Loss=0.6385, BCE=0.6385, Reg=0.0000, AUC=0.5905, ACC=0.6647, RMSE=0.4724
2026-03-10 08:23:29,290 - INFO - [junyi|junyi_m13diag_baseline_no_module1|lr=0.003|drop=0.40] [Reg Terms] Epoch [001] | Train: graph_entropy=0.000000, graph_diag=0.000000, graph_uniform=0.000000, graph_reg_scale=1.0000, mf_l2=0.000000, proto_div=0.000000, proto_usage=0.000000, personal_sparse=0.000000, alpha_var=0.000000, reg_bce_ratio=0.0000 | Val: graph_entropy=0.000000, graph_diag=0.000000, graph_uniform=0.000000, graph_reg_scale=1.0000, mf_l2=0.000000, proto_div=0.000000, proto_usage=0.000000, personal_sparse=0.000000, alpha_var=0.000000, reg_bce_ratio=0.0000
2026-03-10 08:23:29,575 - INFO - [junyi|junyi_m13diag_baseline_no_module1|lr=0.003|drop=0.40] [Diag][M3] Epoch [001] | residual_abs_mean=0.3019, residual_std=0.1790, mf_abs_mean=0.3019, mf_std=0.1790, gate_mean=0.4895, gate_std=0.0027, irt_abs_mean=0.2906, irt_std=0.0428, delta_abs_mean=0.1482, delta_std=0.0885, delta_over_irt=0.5101, graph_row_entropy=0.0000, graph_entropy_ratio=0.0000, alpha_mean=0.0000, alpha_std=0.0000, personal_row_entropy=0.0000
2026-03-10 08:23:29,575 - INFO - [junyi|junyi_m13diag_baseline_no_module1|lr=0.003|drop=0.40] [Diag][Graph] Epoch [001] | entropy_ratio=0.0000, diag_mass=1.0000, to_uniform_l2=0.037609, to_identity_l2=0.000000, tau_mean=0.0000, tau_std=0.0000, graph_reg_scale(train/val)=1.0000/1.0000
2026-03-10 08:23:29,575 - INFO - [junyi|junyi_m13diag_baseline_no_module1|lr=0.003|drop=0.40] [Grad Norms] Epoch [001] | mf_u_proj=0.000008, mf_v_proj=0.000012, fusion_gate=0.000000, q_gate_raw=0.000000, skill_latent=0.007960, relation_emb=0.000000e+00, relation_tau=0.000000e+00, relation_wq=0.000000e+00, relation_wk=0.000000e+00, personal_u=0.000000e+00, personal_v=0.000000e+00
2026-03-10 08:23:29,715 - INFO - [junyi|junyi_m13diag_baseline_no_module1|lr=0.003|drop=0.40] -> New best AUC=0.5905 at epoch 1
2026-03-10 08:23:42,234 - INFO - [junyi|junyi_m13diag_baseline_no_module1|lr=0.003|drop=0.40] Epoch [002/100] | Train: Loss=0.5822, BCE=0.5822, Reg=0.0000, AUC=0.7200, ACC=0.6819, RMSE=0.4468 | Val: Loss=0.5269, BCE=0.5269, Reg=0.0000, AUC=0.7902, ACC=0.7402, RMSE=0.4194
2026-03-10 08:23:42,235 - INFO - [junyi|junyi_m13diag_baseline_no_module1|lr=0.003|drop=0.40] [Reg Terms] Epoch [002] | Train: graph_entropy=0.000000, graph_diag=0.000000, graph_uniform=0.000000, graph_reg_scale=1.0000, mf_l2=0.000002, proto_div=0.000000, proto_usage=0.000000, personal_sparse=0.000000, alpha_var=0.000000, reg_bce_ratio=0.0000 | Val: graph_entropy=0.000000, graph_diag=0.000000, graph_uniform=0.000000, graph_reg_scale=1.0000, mf_l2=0.000003, proto_div=0.000000, proto_usage=0.000000, personal_sparse=0.000000, alpha_var=0.000000, reg_bce_ratio=0.0000
2026-03-10 08:23:42,522 - INFO - [junyi|junyi_m13diag_baseline_no_module1|lr=0.003|drop=0.40] [Diag][M3] Epoch [002] | residual_abs_mean=0.4409, residual_std=0.2865, mf_abs_mean=0.4409, mf_std=0.2865, gate_mean=0.8615, gate_std=0.0318, irt_abs_mean=0.7975, irt_std=0.4799, delta_abs_mean=0.3826, delta_std=0.2519, delta_over_irt=0.4798, graph_row_entropy=0.0000, graph_entropy_ratio=0.0000, alpha_mean=0.0000, alpha_std=0.0000, personal_row_entropy=0.0000
2026-03-10 08:23:42,523 - INFO - [junyi|junyi_m13diag_baseline_no_module1|lr=0.003|drop=0.40] [Diag][Graph] Epoch [002] | entropy_ratio=0.0000, diag_mass=1.0000, to_uniform_l2=0.037609, to_identity_l2=0.000000, tau_mean=0.0000, tau_std=0.0000, graph_reg_scale(train/val)=1.0000/1.0000
2026-03-10 08:23:42,523 - WARNING - [junyi|junyi_m13diag_baseline_no_module1|lr=0.003|drop=0.40] [Diag Warning][M3] delta_over_irt has stayed high for 2 epoch(s): delta_over_irt=0.4798, delta_abs_mean=0.3826
2026-03-10 08:23:42,523 - INFO - [junyi|junyi_m13diag_baseline_no_module1|lr=0.003|drop=0.40] [Grad Norms] Epoch [002] | mf_u_proj=0.033909, mf_v_proj=0.024244, fusion_gate=0.003764, q_gate_raw=0.000026, skill_latent=0.218538, relation_emb=0.000000e+00, relation_tau=0.000000e+00, relation_wq=0.000000e+00, relation_wk=0.000000e+00, personal_u=0.000000e+00, personal_v=0.000000e+00
2026-03-10 08:23:42,765 - INFO - [junyi|junyi_m13diag_baseline_no_module1|lr=0.003|drop=0.40] -> New best AUC=0.7902 at epoch 2
2026-03-10 08:23:56,219 - INFO - [junyi|junyi_m13diag_baseline_no_module1|lr=0.003|drop=0.40] Epoch [003/100] | Train: Loss=0.5401, BCE=0.5401, Reg=0.0000, AUC=0.7783, ACC=0.7128, RMSE=0.4267 | Val: Loss=0.5213, BCE=0.5213, Reg=0.0000, AUC=0.7980, ACC=0.7524, RMSE=0.4164
2026-03-10 08:23:56,220 - INFO - [junyi|junyi_m13diag_baseline_no_module1|lr=0.003|drop=0.40] [Reg Terms] Epoch [003] | Train: graph_entropy=0.000000, graph_diag=0.000000, graph_uniform=0.000000, graph_reg_scale=1.0000, mf_l2=0.000003, proto_div=0.000000, proto_usage=0.000000, personal_sparse=0.000000, alpha_var=0.000000, reg_bce_ratio=0.0000 | Val: graph_entropy=0.000000, graph_diag=0.000000, graph_uniform=0.000000, graph_reg_scale=1.0000, mf_l2=0.000002, proto_div=0.000000, proto_usage=0.000000, personal_sparse=0.000000, alpha_var=0.000000, reg_bce_ratio=0.0000
2026-03-10 08:23:56,509 - INFO - [junyi|junyi_m13diag_baseline_no_module1|lr=0.003|drop=0.40] [Diag][M3] Epoch [003] | residual_abs_mean=0.4550, residual_std=0.3169, mf_abs_mean=0.4550, mf_std=0.3169, gate_mean=0.8733, gate_std=0.0288, irt_abs_mean=0.7633, irt_std=0.4847, delta_abs_mean=0.4001, delta_std=0.2831, delta_over_irt=0.5242, graph_row_entropy=0.0000, graph_entropy_ratio=0.0000, alpha_mean=0.0000, alpha_std=0.0000, personal_row_entropy=0.0000
2026-03-10 08:23:56,509 - INFO - [junyi|junyi_m13diag_baseline_no_module1|lr=0.003|drop=0.40] [Diag][Graph] Epoch [003] | entropy_ratio=0.0000, diag_mass=1.0000, to_uniform_l2=0.037609, to_identity_l2=0.000000, tau_mean=0.0000, tau_std=0.0000, graph_reg_scale(train/val)=1.0000/1.0000
2026-03-10 08:23:56,509 - WARNING - [junyi|junyi_m13diag_baseline_no_module1|lr=0.003|drop=0.40] [Diag Warning][M3] gate_mean has stayed high for 2 epoch(s): gate_mean=0.8733, gate_std=0.0288
2026-03-10 08:23:56,509 - WARNING - [junyi|junyi_m13diag_baseline_no_module1|lr=0.003|drop=0.40] [Diag Warning][M3] delta_over_irt has stayed high for 3 epoch(s): delta_over_irt=0.5242, delta_abs_mean=0.4001
2026-03-10 08:23:56,509 - INFO - [junyi|junyi_m13diag_baseline_no_module1|lr=0.003|drop=0.40] [Grad Norms] Epoch [003] | mf_u_proj=0.030394, mf_v_proj=0.029469, fusion_gate=0.003568, q_gate_raw=0.000221, skill_latent=0.217001, relation_emb=0.000000e+00, relation_tau=0.000000e+00, relation_wq=0.000000e+00, relation_wk=0.000000e+00, personal_u=0.000000e+00, personal_v=0.000000e+00
2026-03-10 08:23:56,761 - INFO - [junyi|junyi_m13diag_baseline_no_module1|lr=0.003|drop=0.40] -> New best AUC=0.7980 at epoch 3
2026-03-10 08:24:09,703 - INFO - [junyi|junyi_m13diag_baseline_no_module1|lr=0.003|drop=0.40] Epoch [004/100] | Train: Loss=0.5371, BCE=0.5371, Reg=0.0000, AUC=0.7814, ACC=0.7149, RMSE=0.4252 | Val: Loss=0.5180, BCE=0.5180, Reg=0.0000, AUC=0.7992, ACC=0.7532, RMSE=0.4147
2026-03-10 08:24:09,704 - INFO - [junyi|junyi_m13diag_baseline_no_module1|lr=0.003|drop=0.40] [Reg Terms] Epoch [004] | Train: graph_entropy=0.000000, graph_diag=0.000000, graph_uniform=0.000000, graph_reg_scale=1.0000, mf_l2=0.000002, proto_div=0.000000, proto_usage=0.000000, personal_sparse=0.000000, alpha_var=0.000000, reg_bce_ratio=0.0000 | Val: graph_entropy=0.000000, graph_diag=0.000000, graph_uniform=0.000000, graph_reg_scale=1.0000, mf_l2=0.000002, proto_div=0.000000, proto_usage=0.000000, personal_sparse=0.000000, alpha_var=0.000000, reg_bce_ratio=0.0000
2026-03-10 08:24:09,990 - INFO - [junyi|junyi_m13diag_baseline_no_module1|lr=0.003|drop=0.40] [Diag][M3] Epoch [004] | residual_abs_mean=0.4834, residual_std=0.3181, mf_abs_mean=0.4834, mf_std=0.3181, gate_mean=0.8839, gate_std=0.0273, irt_abs_mean=0.7602, irt_std=0.4837, delta_abs_mean=0.4296, delta_std=0.2856, delta_over_irt=0.5651, graph_row_entropy=0.0000, graph_entropy_ratio=0.0000, alpha_mean=0.0000, alpha_std=0.0000, personal_row_entropy=0.0000
2026-03-10 08:24:09,990 - INFO - [junyi|junyi_m13diag_baseline_no_module1|lr=0.003|drop=0.40] [Diag][Graph] Epoch [004] | entropy_ratio=0.0000, diag_mass=1.0000, to_uniform_l2=0.037609, to_identity_l2=0.000000, tau_mean=0.0000, tau_std=0.0000, graph_reg_scale(train/val)=1.0000/1.0000
2026-03-10 08:24:09,990 - WARNING - [junyi|junyi_m13diag_baseline_no_module1|lr=0.003|drop=0.40] [Diag Warning][M3] gate_mean has stayed high for 3 epoch(s): gate_mean=0.8839, gate_std=0.0273
2026-03-10 08:24:09,991 - WARNING - [junyi|junyi_m13diag_baseline_no_module1|lr=0.003|drop=0.40] [Diag Warning][M3] delta_over_irt has stayed high for 4 epoch(s): delta_over_irt=0.5651, delta_abs_mean=0.4296
2026-03-10 08:24:09,991 - INFO - [junyi|junyi_m13diag_baseline_no_module1|lr=0.003|drop=0.40] [Grad Norms] Epoch [004] | mf_u_proj=0.040582, mf_v_proj=0.033491, fusion_gate=0.001033, q_gate_raw=0.000139, skill_latent=0.841342, relation_emb=0.000000e+00, relation_tau=0.000000e+00, relation_wq=0.000000e+00, relation_wk=0.000000e+00, personal_u=0.000000e+00, personal_v=0.000000e+00
2026-03-10 08:24:10,212 - INFO - [junyi|junyi_m13diag_baseline_no_module1|lr=0.003|drop=0.40] -> New best AUC=0.7992 at epoch 4
2026-03-10 08:24:23,459 - INFO - [junyi|junyi_m13diag_baseline_no_module1|lr=0.003|drop=0.40] Epoch [005/100] | Train: Loss=0.5357, BCE=0.5357, Reg=0.0000, AUC=0.7825, ACC=0.7165, RMSE=0.4245 | Val: Loss=0.5181, BCE=0.5181, Reg=0.0000, AUC=0.8009, ACC=0.7576, RMSE=0.4146
2026-03-10 08:24:23,460 - INFO - [junyi|junyi_m13diag_baseline_no_module1|lr=0.003|drop=0.40] [Reg Terms] Epoch [005] | Train: graph_entropy=0.000000, graph_diag=0.000000, graph_uniform=0.000000, graph_reg_scale=1.0000, mf_l2=0.000002, proto_div=0.000000, proto_usage=0.000000, personal_sparse=0.000000, alpha_var=0.000000, reg_bce_ratio=0.0000 | Val: graph_entropy=0.000000, graph_diag=0.000000, graph_uniform=0.000000, graph_reg_scale=1.0000, mf_l2=0.000002, proto_div=0.000000, proto_usage=0.000000, personal_sparse=0.000000, alpha_var=0.000000, reg_bce_ratio=0.0000
2026-03-10 08:24:23,736 - INFO - [junyi|junyi_m13diag_baseline_no_module1|lr=0.003|drop=0.40] [Diag][M3] Epoch [005] | residual_abs_mean=0.4665, residual_std=0.3313, mf_abs_mean=0.4665, mf_std=0.3313, gate_mean=0.8781, gate_std=0.0283, irt_abs_mean=0.7710, irt_std=0.4877, delta_abs_mean=0.4119, delta_std=0.2960, delta_over_irt=0.5343, graph_row_entropy=0.0000, graph_entropy_ratio=0.0000, alpha_mean=0.0000, alpha_std=0.0000, personal_row_entropy=0.0000
2026-03-10 08:24:23,736 - INFO - [junyi|junyi_m13diag_baseline_no_module1|lr=0.003|drop=0.40] [Diag][Graph] Epoch [005] | entropy_ratio=0.0000, diag_mass=1.0000, to_uniform_l2=0.037609, to_identity_l2=0.000000, tau_mean=0.0000, tau_std=0.0000, graph_reg_scale(train/val)=1.0000/1.0000
2026-03-10 08:24:23,736 - WARNING - [junyi|junyi_m13diag_baseline_no_module1|lr=0.003|drop=0.40] [Diag Warning][M3] gate_mean has stayed high for 4 epoch(s): gate_mean=0.8781, gate_std=0.0283
2026-03-10 08:24:23,736 - WARNING - [junyi|junyi_m13diag_baseline_no_module1|lr=0.003|drop=0.40] [Diag Warning][M3] delta_over_irt has stayed high for 5 epoch(s): delta_over_irt=0.5343, delta_abs_mean=0.4119
2026-03-10 08:24:23,737 - INFO - [junyi|junyi_m13diag_baseline_no_module1|lr=0.003|drop=0.40] [Grad Norms] Epoch [005] | mf_u_proj=0.022373, mf_v_proj=0.023964, fusion_gate=0.003605, q_gate_raw=0.000255, skill_latent=0.399459, relation_emb=0.000000e+00, relation_tau=0.000000e+00, relation_wq=0.000000e+00, relation_wk=0.000000e+00, personal_u=0.000000e+00, personal_v=0.000000e+00
2026-03-10 08:24:23,955 - INFO - [junyi|junyi_m13diag_baseline_no_module1|lr=0.003|drop=0.40] -> New best AUC=0.8009 at epoch 5
2026-03-10 08:24:36,694 - INFO - [junyi|junyi_m13diag_baseline_no_module1|lr=0.003|drop=0.40] Epoch [006/100] | Train: Loss=0.5353, BCE=0.5353, Reg=0.0000, AUC=0.7834, ACC=0.7165, RMSE=0.4243 | Val: Loss=0.5178, BCE=0.5178, Reg=0.0000, AUC=0.8008, ACC=0.7529, RMSE=0.4147
2026-03-10 08:24:36,695 - INFO - [junyi|junyi_m13diag_baseline_no_module1|lr=0.003|drop=0.40] [Reg Terms] Epoch [006] | Train: graph_entropy=0.000000, graph_diag=0.000000, graph_uniform=0.000000, graph_reg_scale=1.0000, mf_l2=0.000002, proto_div=0.000000, proto_usage=0.000000, personal_sparse=0.000000, alpha_var=0.000000, reg_bce_ratio=0.0000 | Val: graph_entropy=0.000000, graph_diag=0.000000, graph_uniform=0.000000, graph_reg_scale=1.0000, mf_l2=0.000002, proto_div=0.000000, proto_usage=0.000000, personal_sparse=0.000000, alpha_var=0.000000, reg_bce_ratio=0.0000
2026-03-10 08:24:37,001 - INFO - [junyi|junyi_m13diag_baseline_no_module1|lr=0.003|drop=0.40] [Diag][M3] Epoch [006] | residual_abs_mean=0.4752, residual_std=0.3115, mf_abs_mean=0.4752, mf_std=0.3115, gate_mean=0.8834, gate_std=0.0273, irt_abs_mean=0.7904, irt_std=0.4953, delta_abs_mean=0.4222, delta_std=0.2794, delta_over_irt=0.5342, graph_row_entropy=0.0000, graph_entropy_ratio=0.0000, alpha_mean=0.0000, alpha_std=0.0000, personal_row_entropy=0.0000
2026-03-10 08:24:37,002 - INFO - [junyi|junyi_m13diag_baseline_no_module1|lr=0.003|drop=0.40] [Diag][Graph] Epoch [006] | entropy_ratio=0.0000, diag_mass=1.0000, to_uniform_l2=0.037609, to_identity_l2=0.000000, tau_mean=0.0000, tau_std=0.0000, graph_reg_scale(train/val)=1.0000/1.0000
2026-03-10 08:24:37,002 - WARNING - [junyi|junyi_m13diag_baseline_no_module1|lr=0.003|drop=0.40] [Diag Warning][M3] gate_mean has stayed high for 5 epoch(s): gate_mean=0.8834, gate_std=0.0273
2026-03-10 08:24:37,002 - WARNING - [junyi|junyi_m13diag_baseline_no_module1|lr=0.003|drop=0.40] [Diag Warning][M3] delta_over_irt has stayed high for 6 epoch(s): delta_over_irt=0.5342, delta_abs_mean=0.4222
2026-03-10 08:24:37,002 - INFO - [junyi|junyi_m13diag_baseline_no_module1|lr=0.003|drop=0.40] [Grad Norms] Epoch [006] | mf_u_proj=0.026879, mf_v_proj=0.025961, fusion_gate=0.002668, q_gate_raw=0.000014, skill_latent=0.361916, relation_emb=0.000000e+00, relation_tau=0.000000e+00, relation_wq=0.000000e+00, relation_wk=0.000000e+00, personal_u=0.000000e+00, personal_v=0.000000e+00
2026-03-10 08:24:37,002 - INFO - [junyi|junyi_m13diag_baseline_no_module1|lr=0.003|drop=0.40] -> No improvement 1 epoch(s) (best AUC=0.8009 @ 5)
2026-03-10 08:24:49,582 - INFO - [junyi|junyi_m13diag_baseline_no_module1|lr=0.003|drop=0.40] Epoch [007/100] | Train: Loss=0.5356, BCE=0.5356, Reg=0.0000, AUC=0.7830, ACC=0.7165, RMSE=0.4245 | Val: Loss=0.5163, BCE=0.5163, Reg=0.0000, AUC=0.8015, ACC=0.7554, RMSE=0.4139
2026-03-10 08:24:49,582 - INFO - [junyi|junyi_m13diag_baseline_no_module1|lr=0.003|drop=0.40] [Reg Terms] Epoch [007] | Train: graph_entropy=0.000000, graph_diag=0.000000, graph_uniform=0.000000, graph_reg_scale=1.0000, mf_l2=0.000002, proto_div=0.000000, proto_usage=0.000000, personal_sparse=0.000000, alpha_var=0.000000, reg_bce_ratio=0.0000 | Val: graph_entropy=0.000000, graph_diag=0.000000, graph_uniform=0.000000, graph_reg_scale=1.0000, mf_l2=0.000002, proto_div=0.000000, proto_usage=0.000000, personal_sparse=0.000000, alpha_var=0.000000, reg_bce_ratio=0.0000
2026-03-10 08:24:49,864 - INFO - [junyi|junyi_m13diag_baseline_no_module1|lr=0.003|drop=0.40] [Diag][M3] Epoch [007] | residual_abs_mean=0.4750, residual_std=0.3106, mf_abs_mean=0.4750, mf_std=0.3106, gate_mean=0.8854, gate_std=0.0272, irt_abs_mean=0.7989, irt_std=0.4845, delta_abs_mean=0.4225, delta_std=0.2777, delta_over_irt=0.5288, graph_row_entropy=0.0000, graph_entropy_ratio=0.0000, alpha_mean=0.0000, alpha_std=0.0000, personal_row_entropy=0.0000
2026-03-10 08:24:49,865 - INFO - [junyi|junyi_m13diag_baseline_no_module1|lr=0.003|drop=0.40] [Diag][Graph] Epoch [007] | entropy_ratio=0.0000, diag_mass=1.0000, to_uniform_l2=0.037609, to_identity_l2=0.000000, tau_mean=0.0000, tau_std=0.0000, graph_reg_scale(train/val)=1.0000/1.0000
2026-03-10 08:24:49,865 - WARNING - [junyi|junyi_m13diag_baseline_no_module1|lr=0.003|drop=0.40] [Diag Warning][M3] gate_mean has stayed high for 6 epoch(s): gate_mean=0.8854, gate_std=0.0272
2026-03-10 08:24:49,865 - WARNING - [junyi|junyi_m13diag_baseline_no_module1|lr=0.003|drop=0.40] [Diag Warning][M3] delta_over_irt has stayed high for 7 epoch(s): delta_over_irt=0.5288, delta_abs_mean=0.4225
2026-03-10 08:24:49,865 - INFO - [junyi|junyi_m13diag_baseline_no_module1|lr=0.003|drop=0.40] [Grad Norms] Epoch [007] | mf_u_proj=0.019720, mf_v_proj=0.022184, fusion_gate=0.004153, q_gate_raw=0.000014, skill_latent=0.425743, relation_emb=0.000000e+00, relation_tau=0.000000e+00, relation_wq=0.000000e+00, relation_wk=0.000000e+00, personal_u=0.000000e+00, personal_v=0.000000e+00
2026-03-10 08:24:50,090 - INFO - [junyi|junyi_m13diag_baseline_no_module1|lr=0.003|drop=0.40] -> New best AUC=0.8015 at epoch 7
2026-03-10 08:25:02,638 - INFO - [junyi|junyi_m13diag_baseline_no_module1|lr=0.003|drop=0.40] Epoch [008/100] | Train: Loss=0.5353, BCE=0.5353, Reg=0.0000, AUC=0.7833, ACC=0.7166, RMSE=0.4244 | Val: Loss=0.5173, BCE=0.5173, Reg=0.0000, AUC=0.8008, ACC=0.7556, RMSE=0.4143
2026-03-10 08:25:02,638 - INFO - [junyi|junyi_m13diag_baseline_no_module1|lr=0.003|drop=0.40] [Reg Terms] Epoch [008] | Train: graph_entropy=0.000000, graph_diag=0.000000, graph_uniform=0.000000, graph_reg_scale=1.0000, mf_l2=0.000002, proto_div=0.000000, proto_usage=0.000000, personal_sparse=0.000000, alpha_var=0.000000, reg_bce_ratio=0.0000 | Val: graph_entropy=0.000000, graph_diag=0.000000, graph_uniform=0.000000, graph_reg_scale=1.0000, mf_l2=0.000002, proto_div=0.000000, proto_usage=0.000000, personal_sparse=0.000000, alpha_var=0.000000, reg_bce_ratio=0.0000
2026-03-10 08:25:02,928 - INFO - [junyi|junyi_m13diag_baseline_no_module1|lr=0.003|drop=0.40] [Diag][M3] Epoch [008] | residual_abs_mean=0.4885, residual_std=0.3177, mf_abs_mean=0.4885, mf_std=0.3177, gate_mean=0.8858, gate_std=0.0273, irt_abs_mean=0.7858, irt_std=0.4769, delta_abs_mean=0.4342, delta_std=0.2841, delta_over_irt=0.5525, graph_row_entropy=0.0000, graph_entropy_ratio=0.0000, alpha_mean=0.0000, alpha_std=0.0000, personal_row_entropy=0.0000
2026-03-10 08:25:02,929 - INFO - [junyi|junyi_m13diag_baseline_no_module1|lr=0.003|drop=0.40] [Diag][Graph] Epoch [008] | entropy_ratio=0.0000, diag_mass=1.0000, to_uniform_l2=0.037609, to_identity_l2=0.000000, tau_mean=0.0000, tau_std=0.0000, graph_reg_scale(train/val)=1.0000/1.0000
2026-03-10 08:25:02,929 - WARNING - [junyi|junyi_m13diag_baseline_no_module1|lr=0.003|drop=0.40] [Diag Warning][M3] gate_mean has stayed high for 7 epoch(s): gate_mean=0.8858, gate_std=0.0273
2026-03-10 08:25:02,929 - WARNING - [junyi|junyi_m13diag_baseline_no_module1|lr=0.003|drop=0.40] [Diag Warning][M3] delta_over_irt has stayed high for 8 epoch(s): delta_over_irt=0.5525, delta_abs_mean=0.4342
2026-03-10 08:25:02,929 - INFO - [junyi|junyi_m13diag_baseline_no_module1|lr=0.003|drop=0.40] [Grad Norms] Epoch [008] | mf_u_proj=0.031609, mf_v_proj=0.033884, fusion_gate=0.004527, q_gate_raw=0.000087, skill_latent=0.388538, relation_emb=0.000000e+00, relation_tau=0.000000e+00, relation_wq=0.000000e+00, relation_wk=0.000000e+00, personal_u=0.000000e+00, personal_v=0.000000e+00
2026-03-10 08:25:02,929 - INFO - [junyi|junyi_m13diag_baseline_no_module1|lr=0.003|drop=0.40] -> No improvement 1 epoch(s) (best AUC=0.8015 @ 7)
2026-03-10 08:25:16,250 - INFO - [junyi|junyi_m13diag_baseline_no_module1|lr=0.003|drop=0.40] Epoch [009/100] | Train: Loss=0.5355, BCE=0.5355, Reg=0.0000, AUC=0.7831, ACC=0.7160, RMSE=0.4244 | Val: Loss=0.5166, BCE=0.5166, Reg=0.0000, AUC=0.8013, ACC=0.7560, RMSE=0.4138
2026-03-10 08:25:16,250 - INFO - [junyi|junyi_m13diag_baseline_no_module1|lr=0.003|drop=0.40] [Reg Terms] Epoch [009] | Train: graph_entropy=0.000000, graph_diag=0.000000, graph_uniform=0.000000, graph_reg_scale=1.0000, mf_l2=0.000002, proto_div=0.000000, proto_usage=0.000000, personal_sparse=0.000000, alpha_var=0.000000, reg_bce_ratio=0.0000 | Val: graph_entropy=0.000000, graph_diag=0.000000, graph_uniform=0.000000, graph_reg_scale=1.0000, mf_l2=0.000002, proto_div=0.000000, proto_usage=0.000000, personal_sparse=0.000000, alpha_var=0.000000, reg_bce_ratio=0.0000
2026-03-10 08:25:16,517 - INFO - [junyi|junyi_m13diag_baseline_no_module1|lr=0.003|drop=0.40] [Diag][M3] Epoch [009] | residual_abs_mean=0.4743, residual_std=0.3182, mf_abs_mean=0.4743, mf_std=0.3182, gate_mean=0.8853, gate_std=0.0264, irt_abs_mean=0.7879, irt_std=0.4799, delta_abs_mean=0.4223, delta_std=0.2864, delta_over_irt=0.5360, graph_row_entropy=0.0000, graph_entropy_ratio=0.0000, alpha_mean=0.0000, alpha_std=0.0000, personal_row_entropy=0.0000
2026-03-10 08:25:16,517 - INFO - [junyi|junyi_m13diag_baseline_no_module1|lr=0.003|drop=0.40] [Diag][Graph] Epoch [009] | entropy_ratio=0.0000, diag_mass=1.0000, to_uniform_l2=0.037609, to_identity_l2=0.000000, tau_mean=0.0000, tau_std=0.0000, graph_reg_scale(train/val)=1.0000/1.0000
2026-03-10 08:25:16,517 - WARNING - [junyi|junyi_m13diag_baseline_no_module1|lr=0.003|drop=0.40] [Diag Warning][M3] gate_mean has stayed high for 8 epoch(s): gate_mean=0.8853, gate_std=0.0264
2026-03-10 08:25:16,517 - WARNING - [junyi|junyi_m13diag_baseline_no_module1|lr=0.003|drop=0.40] [Diag Warning][M3] delta_over_irt has stayed high for 9 epoch(s): delta_over_irt=0.5360, delta_abs_mean=0.4223
2026-03-10 08:25:16,517 - INFO - [junyi|junyi_m13diag_baseline_no_module1|lr=0.003|drop=0.40] [Grad Norms] Epoch [009] | mf_u_proj=0.020670, mf_v_proj=0.023595, fusion_gate=0.005419, q_gate_raw=0.000242, skill_latent=0.229940, relation_emb=0.000000e+00, relation_tau=0.000000e+00, relation_wq=0.000000e+00, relation_wk=0.000000e+00, personal_u=0.000000e+00, personal_v=0.000000e+00
2026-03-10 08:25:16,517 - INFO - [junyi|junyi_m13diag_baseline_no_module1|lr=0.003|drop=0.40] -> No improvement 2 epoch(s) (best AUC=0.8015 @ 7)
2026-03-10 08:25:29,377 - INFO - [junyi|junyi_m13diag_baseline_no_module1|lr=0.003|drop=0.40] Epoch [010/100] | Train: Loss=0.5332, BCE=0.5332, Reg=0.0000, AUC=0.7861, ACC=0.7181, RMSE=0.4233 | Val: Loss=0.5158, BCE=0.5158, Reg=0.0000, AUC=0.8038, ACC=0.7602, RMSE=0.4134
2026-03-10 08:25:29,377 - INFO - [junyi|junyi_m13diag_baseline_no_module1|lr=0.003|drop=0.40] [Reg Terms] Epoch [010] | Train: graph_entropy=0.000000, graph_diag=0.000000, graph_uniform=0.000000, graph_reg_scale=1.0000, mf_l2=0.000002, proto_div=0.000000, proto_usage=0.000000, personal_sparse=0.000000, alpha_var=0.000000, reg_bce_ratio=0.0000 | Val: graph_entropy=0.000000, graph_diag=0.000000, graph_uniform=0.000000, graph_reg_scale=1.0000, mf_l2=0.000002, proto_div=0.000000, proto_usage=0.000000, personal_sparse=0.000000, alpha_var=0.000000, reg_bce_ratio=0.0000
2026-03-10 08:25:29,652 - INFO - [junyi|junyi_m13diag_baseline_no_module1|lr=0.003|drop=0.40] [Diag][M3] Epoch [010] | residual_abs_mean=0.4681, residual_std=0.3199, mf_abs_mean=0.4681, mf_std=0.3199, gate_mean=0.8939, gate_std=0.0261, irt_abs_mean=0.7712, irt_std=0.4753, delta_abs_mean=0.4205, delta_std=0.2899, delta_over_irt=0.5452, graph_row_entropy=0.0000, graph_entropy_ratio=0.0000, alpha_mean=0.0000, alpha_std=0.0000, personal_row_entropy=0.0000
2026-03-10 08:25:29,653 - INFO - [junyi|junyi_m13diag_baseline_no_module1|lr=0.003|drop=0.40] [Diag][Graph] Epoch [010] | entropy_ratio=0.0000, diag_mass=1.0000, to_uniform_l2=0.037609, to_identity_l2=0.000000, tau_mean=0.0000, tau_std=0.0000, graph_reg_scale(train/val)=1.0000/1.0000
2026-03-10 08:25:29,653 - WARNING - [junyi|junyi_m13diag_baseline_no_module1|lr=0.003|drop=0.40] [Diag Warning][M3] gate_mean has stayed high for 9 epoch(s): gate_mean=0.8939, gate_std=0.0261
2026-03-10 08:25:29,653 - WARNING - [junyi|junyi_m13diag_baseline_no_module1|lr=0.003|drop=0.40] [Diag Warning][M3] delta_over_irt has stayed high for 10 epoch(s): delta_over_irt=0.5452, delta_abs_mean=0.4205
2026-03-10 08:25:29,653 - INFO - [junyi|junyi_m13diag_baseline_no_module1|lr=0.003|drop=0.40] [Grad Norms] Epoch [010] | mf_u_proj=0.033541, mf_v_proj=0.033530, fusion_gate=0.000770, q_gate_raw=0.000256, skill_latent=0.219343, relation_emb=0.000000e+00, relation_tau=0.000000e+00, relation_wq=0.000000e+00, relation_wk=0.000000e+00, personal_u=0.000000e+00, personal_v=0.000000e+00
2026-03-10 08:25:29,837 - INFO - [junyi|junyi_m13diag_baseline_no_module1|lr=0.003|drop=0.40] -> New best AUC=0.8038 at epoch 10
2026-03-10 08:25:29,864 - INFO - [junyi|junyi_m13diag_baseline_no_module1|lr=0.003|drop=0.40] Checkpoint saved: checkpoints/m13_diag/m13_rerun_20260310/junyi/seed42/baseline_no_module1/checkpoint_epoch_10.pth
2026-03-10 08:25:30,139 - INFO - [junyi|junyi_m13diag_baseline_no_module1|lr=0.003|drop=0.40] [Module Activity] Epoch 10: MF✓
2026-03-10 08:25:43,642 - INFO - [junyi|junyi_m13diag_baseline_no_module1|lr=0.003|drop=0.40] Epoch [011/100] | Train: Loss=0.5317, BCE=0.5317, Reg=0.0000, AUC=0.7879, ACC=0.7195, RMSE=0.4226 | Val: Loss=0.5142, BCE=0.5142, Reg=0.0000, AUC=0.8052, ACC=0.7612, RMSE=0.4124
2026-03-10 08:25:43,643 - INFO - [junyi|junyi_m13diag_baseline_no_module1|lr=0.003|drop=0.40] [Reg Terms] Epoch [011] | Train: graph_entropy=0.000000, graph_diag=0.000000, graph_uniform=0.000000, graph_reg_scale=1.0000, mf_l2=0.000002, proto_div=0.000000, proto_usage=0.000000, personal_sparse=0.000000, alpha_var=0.000000, reg_bce_ratio=0.0000 | Val: graph_entropy=0.000000, graph_diag=0.000000, graph_uniform=0.000000, graph_reg_scale=1.0000, mf_l2=0.000002, proto_div=0.000000, proto_usage=0.000000, personal_sparse=0.000000, alpha_var=0.000000, reg_bce_ratio=0.0000
2026-03-10 08:25:43,927 - INFO - [junyi|junyi_m13diag_baseline_no_module1|lr=0.003|drop=0.40] [Diag][M3] Epoch [011] | residual_abs_mean=0.4706, residual_std=0.3245, mf_abs_mean=0.4706, mf_std=0.3245, gate_mean=0.8987, gate_std=0.0258, irt_abs_mean=0.7731, irt_std=0.4786, delta_abs_mean=0.4244, delta_std=0.2944, delta_over_irt=0.5489, graph_row_entropy=0.0000, graph_entropy_ratio=0.0000, alpha_mean=0.0000, alpha_std=0.0000, personal_row_entropy=0.0000
2026-03-10 08:25:43,927 - INFO - [junyi|junyi_m13diag_baseline_no_module1|lr=0.003|drop=0.40] [Diag][Graph] Epoch [011] | entropy_ratio=0.0000, diag_mass=1.0000, to_uniform_l2=0.037609, to_identity_l2=0.000000, tau_mean=0.0000, tau_std=0.0000, graph_reg_scale(train/val)=1.0000/1.0000
2026-03-10 08:25:43,927 - WARNING - [junyi|junyi_m13diag_baseline_no_module1|lr=0.003|drop=0.40] [Diag Warning][M3] gate_mean has stayed high for 10 epoch(s): gate_mean=0.8987, gate_std=0.0258
2026-03-10 08:25:43,927 - WARNING - [junyi|junyi_m13diag_baseline_no_module1|lr=0.003|drop=0.40] [Diag Warning][M3] delta_over_irt has stayed high for 11 epoch(s): delta_over_irt=0.5489, delta_abs_mean=0.4244
2026-03-10 08:25:43,927 - INFO - [junyi|junyi_m13diag_baseline_no_module1|lr=0.003|drop=0.40] [Grad Norms] Epoch [011] | mf_u_proj=0.021130, mf_v_proj=0.030433, fusion_gate=0.002389, q_gate_raw=0.000052, skill_latent=0.251383, relation_emb=0.000000e+00, relation_tau=0.000000e+00, relation_wq=0.000000e+00, relation_wk=0.000000e+00, personal_u=0.000000e+00, personal_v=0.000000e+00
2026-03-10 08:25:44,095 - INFO - [junyi|junyi_m13diag_baseline_no_module1|lr=0.003|drop=0.40] -> New best AUC=0.8052 at epoch 11
2026-03-10 08:25:57,240 - INFO - [junyi|junyi_m13diag_baseline_no_module1|lr=0.003|drop=0.40] Epoch [012/100] | Train: Loss=0.5311, BCE=0.5311, Reg=0.0000, AUC=0.7881, ACC=0.7200, RMSE=0.4222 | Val: Loss=0.5133, BCE=0.5133, Reg=0.0000, AUC=0.8056, ACC=0.7606, RMSE=0.4122
2026-03-10 08:25:57,240 - INFO - [junyi|junyi_m13diag_baseline_no_module1|lr=0.003|drop=0.40] [Reg Terms] Epoch [012] | Train: graph_entropy=0.000000, graph_diag=0.000000, graph_uniform=0.000000, graph_reg_scale=1.0000, mf_l2=0.000002, proto_div=0.000000, proto_usage=0.000000, personal_sparse=0.000000, alpha_var=0.000000, reg_bce_ratio=0.0000 | Val: graph_entropy=0.000000, graph_diag=0.000000, graph_uniform=0.000000, graph_reg_scale=1.0000, mf_l2=0.000002, proto_div=0.000000, proto_usage=0.000000, personal_sparse=0.000000, alpha_var=0.000000, reg_bce_ratio=0.0000
2026-03-10 08:25:57,514 - INFO - [junyi|junyi_m13diag_baseline_no_module1|lr=0.003|drop=0.40] [Diag][M3] Epoch [012] | residual_abs_mean=0.4914, residual_std=0.3284, mf_abs_mean=0.4914, mf_std=0.3284, gate_mean=0.9011, gate_std=0.0260, irt_abs_mean=0.7876, irt_std=0.4823, delta_abs_mean=0.4444, delta_std=0.2986, delta_over_irt=0.5643, graph_row_entropy=0.0000, graph_entropy_ratio=0.0000, alpha_mean=0.0000, alpha_std=0.0000, personal_row_entropy=0.0000
2026-03-10 08:25:57,515 - INFO - [junyi|junyi_m13diag_baseline_no_module1|lr=0.003|drop=0.40] [Diag][Graph] Epoch [012] | entropy_ratio=0.0000, diag_mass=1.0000, to_uniform_l2=0.037609, to_identity_l2=0.000000, tau_mean=0.0000, tau_std=0.0000, graph_reg_scale(train/val)=1.0000/1.0000
2026-03-10 08:25:57,515 - WARNING - [junyi|junyi_m13diag_baseline_no_module1|lr=0.003|drop=0.40] [Diag Warning][M3] gate_mean has stayed high for 11 epoch(s): gate_mean=0.9011, gate_std=0.0260
2026-03-10 08:25:57,515 - WARNING - [junyi|junyi_m13diag_baseline_no_module1|lr=0.003|drop=0.40] [Diag Warning][M3] delta_over_irt has stayed high for 12 epoch(s): delta_over_irt=0.5643, delta_abs_mean=0.4444
2026-03-10 08:25:57,515 - INFO - [junyi|junyi_m13diag_baseline_no_module1|lr=0.003|drop=0.40] [Grad Norms] Epoch [012] | mf_u_proj=0.029533, mf_v_proj=0.034457, fusion_gate=0.004121, q_gate_raw=0.000071, skill_latent=0.313340, relation_emb=0.000000e+00, relation_tau=0.000000e+00, relation_wq=0.000000e+00, relation_wk=0.000000e+00, personal_u=0.000000e+00, personal_v=0.000000e+00
2026-03-10 08:25:57,697 - INFO - [junyi|junyi_m13diag_baseline_no_module1|lr=0.003|drop=0.40] -> New best AUC=0.8056 at epoch 12
2026-03-10 08:26:09,912 - INFO - [junyi|junyi_m13diag_baseline_no_module1|lr=0.003|drop=0.40] Epoch [013/100] | Train: Loss=0.5312, BCE=0.5312, Reg=0.0000, AUC=0.7881, ACC=0.7201, RMSE=0.4224 | Val: Loss=0.5141, BCE=0.5141, Reg=0.0000, AUC=0.8063, ACC=0.7608, RMSE=0.4125
2026-03-10 08:26:09,912 - INFO - [junyi|junyi_m13diag_baseline_no_module1|lr=0.003|drop=0.40] [Reg Terms] Epoch [013] | Train: graph_entropy=0.000000, graph_diag=0.000000, graph_uniform=0.000000, graph_reg_scale=1.0000, mf_l2=0.000002, proto_div=0.000000, proto_usage=0.000000, personal_sparse=0.000000, alpha_var=0.000000, reg_bce_ratio=0.0000 | Val: graph_entropy=0.000000, graph_diag=0.000000, graph_uniform=0.000000, graph_reg_scale=1.0000, mf_l2=0.000002, proto_div=0.000000, proto_usage=0.000000, personal_sparse=0.000000, alpha_var=0.000000, reg_bce_ratio=0.0000
2026-03-10 08:26:10,190 - INFO - [junyi|junyi_m13diag_baseline_no_module1|lr=0.003|drop=0.40] [Diag][M3] Epoch [013] | residual_abs_mean=0.4734, residual_std=0.3213, mf_abs_mean=0.4734, mf_std=0.3213, gate_mean=0.8977, gate_std=0.0259, irt_abs_mean=0.7756, irt_std=0.4779, delta_abs_mean=0.4268, delta_std=0.2925, delta_over_irt=0.5503, graph_row_entropy=0.0000, graph_entropy_ratio=0.0000, alpha_mean=0.0000, alpha_std=0.0000, personal_row_entropy=0.0000
2026-03-10 08:26:10,191 - INFO - [junyi|junyi_m13diag_baseline_no_module1|lr=0.003|drop=0.40] [Diag][Graph] Epoch [013] | entropy_ratio=0.0000, diag_mass=1.0000, to_uniform_l2=0.037609, to_identity_l2=0.000000, tau_mean=0.0000, tau_std=0.0000, graph_reg_scale(train/val)=1.0000/1.0000
2026-03-10 08:26:10,191 - WARNING - [junyi|junyi_m13diag_baseline_no_module1|lr=0.003|drop=0.40] [Diag Warning][M3] gate_mean has stayed high for 12 epoch(s): gate_mean=0.8977, gate_std=0.0259
2026-03-10 08:26:10,191 - WARNING - [junyi|junyi_m13diag_baseline_no_module1|lr=0.003|drop=0.40] [Diag Warning][M3] delta_over_irt has stayed high for 13 epoch(s): delta_over_irt=0.5503, delta_abs_mean=0.4268
2026-03-10 08:26:10,191 - INFO - [junyi|junyi_m13diag_baseline_no_module1|lr=0.003|drop=0.40] [Grad Norms] Epoch [013] | mf_u_proj=0.032521, mf_v_proj=0.044047, fusion_gate=0.001704, q_gate_raw=0.000222, skill_latent=0.259158, relation_emb=0.000000e+00, relation_tau=0.000000e+00, relation_wq=0.000000e+00, relation_wk=0.000000e+00, personal_u=0.000000e+00, personal_v=0.000000e+00
2026-03-10 08:26:10,417 - INFO - [junyi|junyi_m13diag_baseline_no_module1|lr=0.003|drop=0.40] -> New best AUC=0.8063 at epoch 13
2026-03-10 08:26:23,001 - INFO - [junyi|junyi_m13diag_baseline_no_module1|lr=0.003|drop=0.40] Epoch [014/100] | Train: Loss=0.5316, BCE=0.5316, Reg=0.0000, AUC=0.7885, ACC=0.7194, RMSE=0.4224 | Val: Loss=0.5140, BCE=0.5140, Reg=0.0000, AUC=0.8061, ACC=0.7604, RMSE=0.4124
2026-03-10 08:26:23,001 - INFO - [junyi|junyi_m13diag_baseline_no_module1|lr=0.003|drop=0.40] [Reg Terms] Epoch [014] | Train: graph_entropy=0.000000, graph_diag=0.000000, graph_uniform=0.000000, graph_reg_scale=1.0000, mf_l2=0.000002, proto_div=0.000000, proto_usage=0.000000, personal_sparse=0.000000, alpha_var=0.000000, reg_bce_ratio=0.0000 | Val: graph_entropy=0.000000, graph_diag=0.000000, graph_uniform=0.000000, graph_reg_scale=1.0000, mf_l2=0.000002, proto_div=0.000000, proto_usage=0.000000, personal_sparse=0.000000, alpha_var=0.000000, reg_bce_ratio=0.0000
2026-03-10 08:26:23,288 - INFO - [junyi|junyi_m13diag_baseline_no_module1|lr=0.003|drop=0.40] [Diag][M3] Epoch [014] | residual_abs_mean=0.4681, residual_std=0.3212, mf_abs_mean=0.4681, mf_std=0.3212, gate_mean=0.8977, gate_std=0.0262, irt_abs_mean=0.7703, irt_std=0.4778, delta_abs_mean=0.4219, delta_std=0.2909, delta_over_irt=0.5477, graph_row_entropy=0.0000, graph_entropy_ratio=0.0000, alpha_mean=0.0000, alpha_std=0.0000, personal_row_entropy=0.0000
2026-03-10 08:26:23,289 - INFO - [junyi|junyi_m13diag_baseline_no_module1|lr=0.003|drop=0.40] [Diag][Graph] Epoch [014] | entropy_ratio=0.0000, diag_mass=1.0000, to_uniform_l2=0.037609, to_identity_l2=0.000000, tau_mean=0.0000, tau_std=0.0000, graph_reg_scale(train/val)=1.0000/1.0000
2026-03-10 08:26:23,289 - WARNING - [junyi|junyi_m13diag_baseline_no_module1|lr=0.003|drop=0.40] [Diag Warning][M3] gate_mean has stayed high for 13 epoch(s): gate_mean=0.8977, gate_std=0.0262
2026-03-10 08:26:23,289 - WARNING - [junyi|junyi_m13diag_baseline_no_module1|lr=0.003|drop=0.40] [Diag Warning][M3] delta_over_irt has stayed high for 14 epoch(s): delta_over_irt=0.5477, delta_abs_mean=0.4219
2026-03-10 08:26:23,289 - INFO - [junyi|junyi_m13diag_baseline_no_module1|lr=0.003|drop=0.40] [Grad Norms] Epoch [014] | mf_u_proj=0.036135, mf_v_proj=0.046773, fusion_gate=0.001953, q_gate_raw=0.000019, skill_latent=0.224881, relation_emb=0.000000e+00, relation_tau=0.000000e+00, relation_wq=0.000000e+00, relation_wk=0.000000e+00, personal_u=0.000000e+00, personal_v=0.000000e+00
2026-03-10 08:26:23,290 - INFO - [junyi|junyi_m13diag_baseline_no_module1|lr=0.003|drop=0.40] -> No improvement 1 epoch(s) (best AUC=0.8063 @ 13)
2026-03-10 08:26:35,799 - INFO - [junyi|junyi_m13diag_baseline_no_module1|lr=0.003|drop=0.40] Epoch [015/100] | Train: Loss=0.5281, BCE=0.5281, Reg=0.0000, AUC=0.7919, ACC=0.7222, RMSE=0.4208 | Val: Loss=0.5124, BCE=0.5124, Reg=0.0000, AUC=0.8071, ACC=0.7617, RMSE=0.4116
2026-03-10 08:26:35,799 - INFO - [junyi|junyi_m13diag_baseline_no_module1|lr=0.003|drop=0.40] [Reg Terms] Epoch [015] | Train: graph_entropy=0.000000, graph_diag=0.000000, graph_uniform=0.000000, graph_reg_scale=1.0000, mf_l2=0.000002, proto_div=0.000000, proto_usage=0.000000, personal_sparse=0.000000, alpha_var=0.000000, reg_bce_ratio=0.0000 | Val: graph_entropy=0.000000, graph_diag=0.000000, graph_uniform=0.000000, graph_reg_scale=1.0000, mf_l2=0.000002, proto_div=0.000000, proto_usage=0.000000, personal_sparse=0.000000, alpha_var=0.000000, reg_bce_ratio=0.0000
2026-03-10 08:26:36,104 - INFO - [junyi|junyi_m13diag_baseline_no_module1|lr=0.003|drop=0.40] [Diag][M3] Epoch [015] | residual_abs_mean=0.4746, residual_std=0.3376, mf_abs_mean=0.4746, mf_std=0.3376, gate_mean=0.9089, gate_std=0.0247, irt_abs_mean=0.7748, irt_std=0.4794, delta_abs_mean=0.4330, delta_std=0.3092, delta_over_irt=0.5589, graph_row_entropy=0.0000, graph_entropy_ratio=0.0000, alpha_mean=0.0000, alpha_std=0.0000, personal_row_entropy=0.0000
2026-03-10 08:26:36,105 - INFO - [junyi|junyi_m13diag_baseline_no_module1|lr=0.003|drop=0.40] [Diag][Graph] Epoch [015] | entropy_ratio=0.0000, diag_mass=1.0000, to_uniform_l2=0.037609, to_identity_l2=0.000000, tau_mean=0.0000, tau_std=0.0000, graph_reg_scale(train/val)=1.0000/1.0000
2026-03-10 08:26:36,105 - WARNING - [junyi|junyi_m13diag_baseline_no_module1|lr=0.003|drop=0.40] [Diag Warning][M3] gate_mean has stayed high for 14 epoch(s): gate_mean=0.9089, gate_std=0.0247
2026-03-10 08:26:36,105 - WARNING - [junyi|junyi_m13diag_baseline_no_module1|lr=0.003|drop=0.40] [Diag Warning][M3] delta_over_irt has stayed high for 15 epoch(s): delta_over_irt=0.5589, delta_abs_mean=0.4330
2026-03-10 08:26:36,105 - INFO - [junyi|junyi_m13diag_baseline_no_module1|lr=0.003|drop=0.40] [Grad Norms] Epoch [015] | mf_u_proj=0.038045, mf_v_proj=0.051333, fusion_gate=0.003174, q_gate_raw=0.000026, skill_latent=0.201979, relation_emb=0.000000e+00, relation_tau=0.000000e+00, relation_wq=0.000000e+00, relation_wk=0.000000e+00, personal_u=0.000000e+00, personal_v=0.000000e+00
2026-03-10 08:26:36,327 - INFO - [junyi|junyi_m13diag_baseline_no_module1|lr=0.003|drop=0.40] -> New best AUC=0.8071 at epoch 15
2026-03-10 08:26:49,769 - INFO - [junyi|junyi_m13diag_baseline_no_module1|lr=0.003|drop=0.40] Epoch [016/100] | Train: Loss=0.5282, BCE=0.5282, Reg=0.0000, AUC=0.7919, ACC=0.7226, RMSE=0.4208 | Val: Loss=0.5121, BCE=0.5121, Reg=0.0000, AUC=0.8079, ACC=0.7629, RMSE=0.4115
2026-03-10 08:26:49,769 - INFO - [junyi|junyi_m13diag_baseline_no_module1|lr=0.003|drop=0.40] [Reg Terms] Epoch [016] | Train: graph_entropy=0.000000, graph_diag=0.000000, graph_uniform=0.000000, graph_reg_scale=1.0000, mf_l2=0.000002, proto_div=0.000000, proto_usage=0.000000, personal_sparse=0.000000, alpha_var=0.000000, reg_bce_ratio=0.0000 | Val: graph_entropy=0.000000, graph_diag=0.000000, graph_uniform=0.000000, graph_reg_scale=1.0000, mf_l2=0.000002, proto_div=0.000000, proto_usage=0.000000, personal_sparse=0.000000, alpha_var=0.000000, reg_bce_ratio=0.0000
2026-03-10 08:26:50,042 - INFO - [junyi|junyi_m13diag_baseline_no_module1|lr=0.003|drop=0.40] [Diag][M3] Epoch [016] | residual_abs_mean=0.4833, residual_std=0.3256, mf_abs_mean=0.4833, mf_std=0.3256, gate_mean=0.9098, gate_std=0.0244, irt_abs_mean=0.7865, irt_std=0.4808, delta_abs_mean=0.4411, delta_std=0.2985, delta_over_irt=0.5608, graph_row_entropy=0.0000, graph_entropy_ratio=0.0000, alpha_mean=0.0000, alpha_std=0.0000, personal_row_entropy=0.0000
2026-03-10 08:26:50,042 - INFO - [junyi|junyi_m13diag_baseline_no_module1|lr=0.003|drop=0.40] [Diag][Graph] Epoch [016] | entropy_ratio=0.0000, diag_mass=1.0000, to_uniform_l2=0.037609, to_identity_l2=0.000000, tau_mean=0.0000, tau_std=0.0000, graph_reg_scale(train/val)=1.0000/1.0000
2026-03-10 08:26:50,042 - WARNING - [junyi|junyi_m13diag_baseline_no_module1|lr=0.003|drop=0.40] [Diag Warning][M3] gate_mean has stayed high for 15 epoch(s): gate_mean=0.9098, gate_std=0.0244
2026-03-10 08:26:50,042 - WARNING - [junyi|junyi_m13diag_baseline_no_module1|lr=0.003|drop=0.40] [Diag Warning][M3] delta_over_irt has stayed high for 16 epoch(s): delta_over_irt=0.5608, delta_abs_mean=0.4411
2026-03-10 08:26:50,042 - INFO - [junyi|junyi_m13diag_baseline_no_module1|lr=0.003|drop=0.40] [Grad Norms] Epoch [016] | mf_u_proj=0.041091, mf_v_proj=0.066564, fusion_gate=0.002709, q_gate_raw=0.000080, skill_latent=0.166577, relation_emb=0.000000e+00, relation_tau=0.000000e+00, relation_wq=0.000000e+00, relation_wk=0.000000e+00, personal_u=0.000000e+00, personal_v=0.000000e+00
2026-03-10 08:26:50,271 - INFO - [junyi|junyi_m13diag_baseline_no_module1|lr=0.003|drop=0.40] -> New best AUC=0.8079 at epoch 16
2026-03-10 08:27:02,594 - INFO - [junyi|junyi_m13diag_baseline_no_module1|lr=0.003|drop=0.40] Epoch [017/100] | Train: Loss=0.5275, BCE=0.5275, Reg=0.0000, AUC=0.7928, ACC=0.7227, RMSE=0.4205 | Val: Loss=0.5123, BCE=0.5123, Reg=0.0000, AUC=0.8071, ACC=0.7616, RMSE=0.4117
2026-03-10 08:27:02,594 - INFO - [junyi|junyi_m13diag_baseline_no_module1|lr=0.003|drop=0.40] [Reg Terms] Epoch [017] | Train: graph_entropy=0.000000, graph_diag=0.000000, graph_uniform=0.000000, graph_reg_scale=1.0000, mf_l2=0.000002, proto_div=0.000000, proto_usage=0.000000, personal_sparse=0.000000, alpha_var=0.000000, reg_bce_ratio=0.0000 | Val: graph_entropy=0.000000, graph_diag=0.000000, graph_uniform=0.000000, graph_reg_scale=1.0000, mf_l2=0.000002, proto_div=0.000000, proto_usage=0.000000, personal_sparse=0.000000, alpha_var=0.000000, reg_bce_ratio=0.0000
2026-03-10 08:27:02,874 - INFO - [junyi|junyi_m13diag_baseline_no_module1|lr=0.003|drop=0.40] [Diag][M3] Epoch [017] | residual_abs_mean=0.4770, residual_std=0.3320, mf_abs_mean=0.4770, mf_std=0.3320, gate_mean=0.9110, gate_std=0.0243, irt_abs_mean=0.7891, irt_std=0.4864, delta_abs_mean=0.4361, delta_std=0.3052, delta_over_irt=0.5526, graph_row_entropy=0.0000, graph_entropy_ratio=0.0000, alpha_mean=0.0000, alpha_std=0.0000, personal_row_entropy=0.0000
2026-03-10 08:27:02,875 - INFO - [junyi|junyi_m13diag_baseline_no_module1|lr=0.003|drop=0.40] [Diag][Graph] Epoch [017] | entropy_ratio=0.0000, diag_mass=1.0000, to_uniform_l2=0.037609, to_identity_l2=0.000000, tau_mean=0.0000, tau_std=0.0000, graph_reg_scale(train/val)=1.0000/1.0000
2026-03-10 08:27:02,875 - WARNING - [junyi|junyi_m13diag_baseline_no_module1|lr=0.003|drop=0.40] [Diag Warning][M3] gate_mean has stayed high for 16 epoch(s): gate_mean=0.9110, gate_std=0.0243
2026-03-10 08:27:02,875 - WARNING - [junyi|junyi_m13diag_baseline_no_module1|lr=0.003|drop=0.40] [Diag Warning][M3] delta_over_irt has stayed high for 17 epoch(s): delta_over_irt=0.5526, delta_abs_mean=0.4361
2026-03-10 08:27:02,875 - INFO - [junyi|junyi_m13diag_baseline_no_module1|lr=0.003|drop=0.40] [Grad Norms] Epoch [017] | mf_u_proj=0.054257, mf_v_proj=0.070813, fusion_gate=0.002558, q_gate_raw=0.000027, skill_latent=0.327409, relation_emb=0.000000e+00, relation_tau=0.000000e+00, relation_wq=0.000000e+00, relation_wk=0.000000e+00, personal_u=0.000000e+00, personal_v=0.000000e+00
2026-03-10 08:27:02,875 - INFO - [junyi|junyi_m13diag_baseline_no_module1|lr=0.003|drop=0.40] -> No improvement 1 epoch(s) (best AUC=0.8079 @ 16)
2026-03-10 08:27:15,232 - INFO - [junyi|junyi_m13diag_baseline_no_module1|lr=0.003|drop=0.40] Epoch [018/100] | Train: Loss=0.5279, BCE=0.5279, Reg=0.0000, AUC=0.7920, ACC=0.7222, RMSE=0.4207 | Val: Loss=0.5116, BCE=0.5116, Reg=0.0000, AUC=0.8088, ACC=0.7625, RMSE=0.4112
2026-03-10 08:27:15,232 - INFO - [junyi|junyi_m13diag_baseline_no_module1|lr=0.003|drop=0.40] [Reg Terms] Epoch [018] | Train: graph_entropy=0.000000, graph_diag=0.000000, graph_uniform=0.000000, graph_reg_scale=1.0000, mf_l2=0.000002, proto_div=0.000000, proto_usage=0.000000, personal_sparse=0.000000, alpha_var=0.000000, reg_bce_ratio=0.0000 | Val: graph_entropy=0.000000, graph_diag=0.000000, graph_uniform=0.000000, graph_reg_scale=1.0000, mf_l2=0.000002, proto_div=0.000000, proto_usage=0.000000, personal_sparse=0.000000, alpha_var=0.000000, reg_bce_ratio=0.0000
2026-03-10 08:27:15,568 - INFO - [junyi|junyi_m13diag_baseline_no_module1|lr=0.003|drop=0.40] [Diag][M3] Epoch [018] | residual_abs_mean=0.4831, residual_std=0.3279, mf_abs_mean=0.4831, mf_std=0.3279, gate_mean=0.9086, gate_std=0.0249, irt_abs_mean=0.7876, irt_std=0.4839, delta_abs_mean=0.4407, delta_std=0.3013, delta_over_irt=0.5596, graph_row_entropy=0.0000, graph_entropy_ratio=0.0000, alpha_mean=0.0000, alpha_std=0.0000, personal_row_entropy=0.0000
2026-03-10 08:27:15,568 - INFO - [junyi|junyi_m13diag_baseline_no_module1|lr=0.003|drop=0.40] [Diag][Graph] Epoch [018] | entropy_ratio=0.0000, diag_mass=1.0000, to_uniform_l2=0.037609, to_identity_l2=0.000000, tau_mean=0.0000, tau_std=0.0000, graph_reg_scale(train/val)=1.0000/1.0000
2026-03-10 08:27:15,568 - WARNING - [junyi|junyi_m13diag_baseline_no_module1|lr=0.003|drop=0.40] [Diag Warning][M3] gate_mean has stayed high for 17 epoch(s): gate_mean=0.9086, gate_std=0.0249
2026-03-10 08:27:15,568 - WARNING - [junyi|junyi_m13diag_baseline_no_module1|lr=0.003|drop=0.40] [Diag Warning][M3] delta_over_irt has stayed high for 18 epoch(s): delta_over_irt=0.5596, delta_abs_mean=0.4407
2026-03-10 08:27:15,568 - INFO - [junyi|junyi_m13diag_baseline_no_module1|lr=0.003|drop=0.40] [Grad Norms] Epoch [018] | mf_u_proj=0.039294, mf_v_proj=0.060182, fusion_gate=0.002804, q_gate_raw=0.000064, skill_latent=0.219569, relation_emb=0.000000e+00, relation_tau=0.000000e+00, relation_wq=0.000000e+00, relation_wk=0.000000e+00, personal_u=0.000000e+00, personal_v=0.000000e+00
2026-03-10 08:27:15,794 - INFO - [junyi|junyi_m13diag_baseline_no_module1|lr=0.003|drop=0.40] -> New best AUC=0.8088 at epoch 18
2026-03-10 08:27:28,086 - INFO - [junyi|junyi_m13diag_baseline_no_module1|lr=0.003|drop=0.40] Epoch [019/100] | Train: Loss=0.5278, BCE=0.5278, Reg=0.0000, AUC=0.7928, ACC=0.7228, RMSE=0.4207 | Val: Loss=0.5116, BCE=0.5116, Reg=0.0000, AUC=0.8072, ACC=0.7643, RMSE=0.4112
2026-03-10 08:27:28,086 - INFO - [junyi|junyi_m13diag_baseline_no_module1|lr=0.003|drop=0.40] [Reg Terms] Epoch [019] | Train: graph_entropy=0.000000, graph_diag=0.000000, graph_uniform=0.000000, graph_reg_scale=1.0000, mf_l2=0.000002, proto_div=0.000000, proto_usage=0.000000, personal_sparse=0.000000, alpha_var=0.000000, reg_bce_ratio=0.0000 | Val: graph_entropy=0.000000, graph_diag=0.000000, graph_uniform=0.000000, graph_reg_scale=1.0000, mf_l2=0.000002, proto_div=0.000000, proto_usage=0.000000, personal_sparse=0.000000, alpha_var=0.000000, reg_bce_ratio=0.0000
2026-03-10 08:27:28,375 - INFO - [junyi|junyi_m13diag_baseline_no_module1|lr=0.003|drop=0.40] [Diag][M3] Epoch [019] | residual_abs_mean=0.4868, residual_std=0.3274, mf_abs_mean=0.4868, mf_std=0.3274, gate_mean=0.9112, gate_std=0.0244, irt_abs_mean=0.7834, irt_std=0.4824, delta_abs_mean=0.4452, delta_std=0.3006, delta_over_irt=0.5683, graph_row_entropy=0.0000, graph_entropy_ratio=0.0000, alpha_mean=0.0000, alpha_std=0.0000, personal_row_entropy=0.0000
2026-03-10 08:27:28,375 - INFO - [junyi|junyi_m13diag_baseline_no_module1|lr=0.003|drop=0.40] [Diag][Graph] Epoch [019] | entropy_ratio=0.0000, diag_mass=1.0000, to_uniform_l2=0.037609, to_identity_l2=0.000000, tau_mean=0.0000, tau_std=0.0000, graph_reg_scale(train/val)=1.0000/1.0000
2026-03-10 08:27:28,375 - WARNING - [junyi|junyi_m13diag_baseline_no_module1|lr=0.003|drop=0.40] [Diag Warning][M3] gate_mean has stayed high for 18 epoch(s): gate_mean=0.9112, gate_std=0.0244
2026-03-10 08:27:28,375 - WARNING - [junyi|junyi_m13diag_baseline_no_module1|lr=0.003|drop=0.40] [Diag Warning][M3] delta_over_irt has stayed high for 19 epoch(s): delta_over_irt=0.5683, delta_abs_mean=0.4452
2026-03-10 08:27:28,375 - INFO - [junyi|junyi_m13diag_baseline_no_module1|lr=0.003|drop=0.40] [Grad Norms] Epoch [019] | mf_u_proj=0.072082, mf_v_proj=0.083147, fusion_gate=0.003184, q_gate_raw=0.000099, skill_latent=0.276262, relation_emb=0.000000e+00, relation_tau=0.000000e+00, relation_wq=0.000000e+00, relation_wk=0.000000e+00, personal_u=0.000000e+00, personal_v=0.000000e+00
2026-03-10 08:27:28,375 - INFO - [junyi|junyi_m13diag_baseline_no_module1|lr=0.003|drop=0.40] -> No improvement 1 epoch(s) (best AUC=0.8088 @ 18)
2026-03-10 08:27:41,429 - INFO - [junyi|junyi_m13diag_baseline_no_module1|lr=0.003|drop=0.40] Epoch [020/100] | Train: Loss=0.5279, BCE=0.5279, Reg=0.0000, AUC=0.7928, ACC=0.7218, RMSE=0.4207 | Val: Loss=0.5119, BCE=0.5119, Reg=0.0000, AUC=0.8078, ACC=0.7617, RMSE=0.4114
2026-03-10 08:27:41,430 - INFO - [junyi|junyi_m13diag_baseline_no_module1|lr=0.003|drop=0.40] [Reg Terms] Epoch [020] | Train: graph_entropy=0.000000, graph_diag=0.000000, graph_uniform=0.000000, graph_reg_scale=1.0000, mf_l2=0.000002, proto_div=0.000000, proto_usage=0.000000, personal_sparse=0.000000, alpha_var=0.000000, reg_bce_ratio=0.0000 | Val: graph_entropy=0.000000, graph_diag=0.000000, graph_uniform=0.000000, graph_reg_scale=1.0000, mf_l2=0.000002, proto_div=0.000000, proto_usage=0.000000, personal_sparse=0.000000, alpha_var=0.000000, reg_bce_ratio=0.0000
2026-03-10 08:27:41,691 - INFO - [junyi|junyi_m13diag_baseline_no_module1|lr=0.003|drop=0.40] [Diag][M3] Epoch [020] | residual_abs_mean=0.4811, residual_std=0.3215, mf_abs_mean=0.4811, mf_std=0.3215, gate_mean=0.9096, gate_std=0.0246, irt_abs_mean=0.7790, irt_std=0.4789, delta_abs_mean=0.4390, delta_std=0.2944, delta_over_irt=0.5636, graph_row_entropy=0.0000, graph_entropy_ratio=0.0000, alpha_mean=0.0000, alpha_std=0.0000, personal_row_entropy=0.0000
2026-03-10 08:27:41,692 - INFO - [junyi|junyi_m13diag_baseline_no_module1|lr=0.003|drop=0.40] [Diag][Graph] Epoch [020] | entropy_ratio=0.0000, diag_mass=1.0000, to_uniform_l2=0.037609, to_identity_l2=0.000000, tau_mean=0.0000, tau_std=0.0000, graph_reg_scale(train/val)=1.0000/1.0000
2026-03-10 08:27:41,692 - WARNING - [junyi|junyi_m13diag_baseline_no_module1|lr=0.003|drop=0.40] [Diag Warning][M3] gate_mean has stayed high for 19 epoch(s): gate_mean=0.9096, gate_std=0.0246
2026-03-10 08:27:41,692 - WARNING - [junyi|junyi_m13diag_baseline_no_module1|lr=0.003|drop=0.40] [Diag Warning][M3] delta_over_irt has stayed high for 20 epoch(s): delta_over_irt=0.5636, delta_abs_mean=0.4390
2026-03-10 08:27:41,692 - INFO - [junyi|junyi_m13diag_baseline_no_module1|lr=0.003|drop=0.40] [Grad Norms] Epoch [020] | mf_u_proj=0.054859, mf_v_proj=0.074580, fusion_gate=0.004090, q_gate_raw=0.000039, skill_latent=0.340096, relation_emb=0.000000e+00, relation_tau=0.000000e+00, relation_wq=0.000000e+00, relation_wk=0.000000e+00, personal_u=0.000000e+00, personal_v=0.000000e+00
2026-03-10 08:27:41,692 - INFO - [junyi|junyi_m13diag_baseline_no_module1|lr=0.003|drop=0.40] -> No improvement 2 epoch(s) (best AUC=0.8088 @ 18)
2026-03-10 08:27:41,713 - INFO - [junyi|junyi_m13diag_baseline_no_module1|lr=0.003|drop=0.40] Checkpoint saved: checkpoints/m13_diag/m13_rerun_20260310/junyi/seed42/baseline_no_module1/checkpoint_epoch_20.pth
2026-03-10 08:27:41,962 - INFO - [junyi|junyi_m13diag_baseline_no_module1|lr=0.003|drop=0.40] [Module Activity] Epoch 20: MF✓
2026-03-10 08:27:55,019 - INFO - [junyi|junyi_m13diag_baseline_no_module1|lr=0.003|drop=0.40] Epoch [021/100] | Train: Loss=0.5258, BCE=0.5258, Reg=0.0000, AUC=0.7952, ACC=0.7229, RMSE=0.4197 | Val: Loss=0.5098, BCE=0.5098, Reg=0.0000, AUC=0.8100, ACC=0.7634, RMSE=0.4104
2026-03-10 08:27:55,019 - INFO - [junyi|junyi_m13diag_baseline_no_module1|lr=0.003|drop=0.40] [Reg Terms] Epoch [021] | Train: graph_entropy=0.000000, graph_diag=0.000000, graph_uniform=0.000000, graph_reg_scale=1.0000, mf_l2=0.000002, proto_div=0.000000, proto_usage=0.000000, personal_sparse=0.000000, alpha_var=0.000000, reg_bce_ratio=0.0000 | Val: graph_entropy=0.000000, graph_diag=0.000000, graph_uniform=0.000000, graph_reg_scale=1.0000, mf_l2=0.000002, proto_div=0.000000, proto_usage=0.000000, personal_sparse=0.000000, alpha_var=0.000000, reg_bce_ratio=0.0000
2026-03-10 08:27:55,307 - INFO - [junyi|junyi_m13diag_baseline_no_module1|lr=0.003|drop=0.40] [Diag][M3] Epoch [021] | residual_abs_mean=0.4895, residual_std=0.3262, mf_abs_mean=0.4895, mf_std=0.3262, gate_mean=0.9127, gate_std=0.0245, irt_abs_mean=0.7816, irt_std=0.4841, delta_abs_mean=0.4482, delta_std=0.3001, delta_over_irt=0.5735, graph_row_entropy=0.0000, graph_entropy_ratio=0.0000, alpha_mean=0.0000, alpha_std=0.0000, personal_row_entropy=0.0000
2026-03-10 08:27:55,308 - INFO - [junyi|junyi_m13diag_baseline_no_module1|lr=0.003|drop=0.40] [Diag][Graph] Epoch [021] | entropy_ratio=0.0000, diag_mass=1.0000, to_uniform_l2=0.037609, to_identity_l2=0.000000, tau_mean=0.0000, tau_std=0.0000, graph_reg_scale(train/val)=1.0000/1.0000
2026-03-10 08:27:55,308 - WARNING - [junyi|junyi_m13diag_baseline_no_module1|lr=0.003|drop=0.40] [Diag Warning][M3] gate_mean has stayed high for 20 epoch(s): gate_mean=0.9127, gate_std=0.0245
2026-03-10 08:27:55,308 - WARNING - [junyi|junyi_m13diag_baseline_no_module1|lr=0.003|drop=0.40] [Diag Warning][M3] delta_over_irt has stayed high for 21 epoch(s): delta_over_irt=0.5735, delta_abs_mean=0.4482
2026-03-10 08:27:55,308 - INFO - [junyi|junyi_m13diag_baseline_no_module1|lr=0.003|drop=0.40] [Grad Norms] Epoch [021] | mf_u_proj=0.037956, mf_v_proj=0.066757, fusion_gate=0.004786, q_gate_raw=0.000210, skill_latent=0.202502, relation_emb=0.000000e+00, relation_tau=0.000000e+00, relation_wq=0.000000e+00, relation_wk=0.000000e+00, personal_u=0.000000e+00, personal_v=0.000000e+00
2026-03-10 08:27:55,507 - INFO - [junyi|junyi_m13diag_baseline_no_module1|lr=0.003|drop=0.40] -> New best AUC=0.8100 at epoch 21
2026-03-10 08:28:08,321 - INFO - [junyi|junyi_m13diag_baseline_no_module1|lr=0.003|drop=0.40] Epoch [022/100] | Train: Loss=0.5220, BCE=0.5220, Reg=0.0000, AUC=0.7994, ACC=0.7266, RMSE=0.4178 | Val: Loss=0.5072, BCE=0.5072, Reg=0.0000, AUC=0.8123, ACC=0.7653, RMSE=0.4091
2026-03-10 08:28:08,321 - INFO - [junyi|junyi_m13diag_baseline_no_module1|lr=0.003|drop=0.40] [Reg Terms] Epoch [022] | Train: graph_entropy=0.000000, graph_diag=0.000000, graph_uniform=0.000000, graph_reg_scale=1.0000, mf_l2=0.000002, proto_div=0.000000, proto_usage=0.000000, personal_sparse=0.000000, alpha_var=0.000000, reg_bce_ratio=0.0000 | Val: graph_entropy=0.000000, graph_diag=0.000000, graph_uniform=0.000000, graph_reg_scale=1.0000, mf_l2=0.000002, proto_div=0.000000, proto_usage=0.000000, personal_sparse=0.000000, alpha_var=0.000000, reg_bce_ratio=0.0000
2026-03-10 08:28:08,607 - INFO - [junyi|junyi_m13diag_baseline_no_module1|lr=0.003|drop=0.40] [Diag][M3] Epoch [022] | residual_abs_mean=0.5185, residual_std=0.3370, mf_abs_mean=0.5185, mf_std=0.3370, gate_mean=0.9151, gate_std=0.0251, irt_abs_mean=0.7862, irt_std=0.4890, delta_abs_mean=0.4755, delta_std=0.3106, delta_over_irt=0.6048, graph_row_entropy=0.0000, graph_entropy_ratio=0.0000, alpha_mean=0.0000, alpha_std=0.0000, personal_row_entropy=0.0000
2026-03-10 08:28:08,607 - INFO - [junyi|junyi_m13diag_baseline_no_module1|lr=0.003|drop=0.40] [Diag][Graph] Epoch [022] | entropy_ratio=0.0000, diag_mass=1.0000, to_uniform_l2=0.037609, to_identity_l2=0.000000, tau_mean=0.0000, tau_std=0.0000, graph_reg_scale(train/val)=1.0000/1.0000
2026-03-10 08:28:08,607 - WARNING - [junyi|junyi_m13diag_baseline_no_module1|lr=0.003|drop=0.40] [Diag Warning][M3] gate_mean has stayed high for 21 epoch(s): gate_mean=0.9151, gate_std=0.0251
2026-03-10 08:28:08,607 - WARNING - [junyi|junyi_m13diag_baseline_no_module1|lr=0.003|drop=0.40] [Diag Warning][M3] delta_over_irt has stayed high for 22 epoch(s): delta_over_irt=0.6048, delta_abs_mean=0.4755
2026-03-10 08:28:08,607 - INFO - [junyi|junyi_m13diag_baseline_no_module1|lr=0.003|drop=0.40] [Grad Norms] Epoch [022] | mf_u_proj=0.087915, mf_v_proj=0.098159, fusion_gate=0.008582, q_gate_raw=0.000051, skill_latent=0.429657, relation_emb=0.000000e+00, relation_tau=0.000000e+00, relation_wq=0.000000e+00, relation_wk=0.000000e+00, personal_u=0.000000e+00, personal_v=0.000000e+00
2026-03-10 08:28:08,834 - INFO - [junyi|junyi_m13diag_baseline_no_module1|lr=0.003|drop=0.40] -> New best AUC=0.8123 at epoch 22
2026-03-10 08:28:22,145 - INFO - [junyi|junyi_m13diag_baseline_no_module1|lr=0.003|drop=0.40] Epoch [023/100] | Train: Loss=0.5178, BCE=0.5178, Reg=0.0000, AUC=0.8036, ACC=0.7287, RMSE=0.4159 | Val: Loss=0.5058, BCE=0.5058, Reg=0.0000, AUC=0.8127, ACC=0.7659, RMSE=0.4083
2026-03-10 08:28:22,145 - INFO - [junyi|junyi_m13diag_baseline_no_module1|lr=0.003|drop=0.40] [Reg Terms] Epoch [023] | Train: graph_entropy=0.000000, graph_diag=0.000000, graph_uniform=0.000000, graph_reg_scale=1.0000, mf_l2=0.000003, proto_div=0.000000, proto_usage=0.000000, personal_sparse=0.000000, alpha_var=0.000000, reg_bce_ratio=0.0000 | Val: graph_entropy=0.000000, graph_diag=0.000000, graph_uniform=0.000000, graph_reg_scale=1.0000, mf_l2=0.000003, proto_div=0.000000, proto_usage=0.000000, personal_sparse=0.000000, alpha_var=0.000000, reg_bce_ratio=0.0000
2026-03-10 08:28:22,401 - INFO - [junyi|junyi_m13diag_baseline_no_module1|lr=0.003|drop=0.40] [Diag][M3] Epoch [023] | residual_abs_mean=0.5338, residual_std=0.3594, mf_abs_mean=0.5338, mf_std=0.3594, gate_mean=0.9172, gate_std=0.0252, irt_abs_mean=0.7863, irt_std=0.4913, delta_abs_mean=0.4908, delta_std=0.3326, delta_over_irt=0.6242, graph_row_entropy=0.0000, graph_entropy_ratio=0.0000, alpha_mean=0.0000, alpha_std=0.0000, personal_row_entropy=0.0000
2026-03-10 08:28:22,401 - INFO - [junyi|junyi_m13diag_baseline_no_module1|lr=0.003|drop=0.40] [Diag][Graph] Epoch [023] | entropy_ratio=0.0000, diag_mass=1.0000, to_uniform_l2=0.037609, to_identity_l2=0.000000, tau_mean=0.0000, tau_std=0.0000, graph_reg_scale(train/val)=1.0000/1.0000
2026-03-10 08:28:22,401 - WARNING - [junyi|junyi_m13diag_baseline_no_module1|lr=0.003|drop=0.40] [Diag Warning][M3] gate_mean has stayed high for 22 epoch(s): gate_mean=0.9172, gate_std=0.0252
2026-03-10 08:28:22,401 - WARNING - [junyi|junyi_m13diag_baseline_no_module1|lr=0.003|drop=0.40] [Diag Warning][M3] delta_over_irt has stayed high for 23 epoch(s): delta_over_irt=0.6242, delta_abs_mean=0.4908
2026-03-10 08:28:22,401 - INFO - [junyi|junyi_m13diag_baseline_no_module1|lr=0.003|drop=0.40] [Grad Norms] Epoch [023] | mf_u_proj=0.092171, mf_v_proj=0.111226, fusion_gate=0.001889, q_gate_raw=0.000185, skill_latent=0.486656, relation_emb=0.000000e+00, relation_tau=0.000000e+00, relation_wq=0.000000e+00, relation_wk=0.000000e+00, personal_u=0.000000e+00, personal_v=0.000000e+00
2026-03-10 08:28:22,591 - INFO - [junyi|junyi_m13diag_baseline_no_module1|lr=0.003|drop=0.40] -> New best AUC=0.8127 at epoch 23
2026-03-10 08:28:35,734 - INFO - [junyi|junyi_m13diag_baseline_no_module1|lr=0.003|drop=0.40] Epoch [024/100] | Train: Loss=0.5148, BCE=0.5148, Reg=0.0000, AUC=0.8073, ACC=0.7308, RMSE=0.4144 | Val: Loss=0.5046, BCE=0.5046, Reg=0.0000, AUC=0.8127, ACC=0.7679, RMSE=0.4077
2026-03-10 08:28:35,734 - INFO - [junyi|junyi_m13diag_baseline_no_module1|lr=0.003|drop=0.40] [Reg Terms] Epoch [024] | Train: graph_entropy=0.000000, graph_diag=0.000000, graph_uniform=0.000000, graph_reg_scale=1.0000, mf_l2=0.000003, proto_div=0.000000, proto_usage=0.000000, personal_sparse=0.000000, alpha_var=0.000000, reg_bce_ratio=0.0000 | Val: graph_entropy=0.000000, graph_diag=0.000000, graph_uniform=0.000000, graph_reg_scale=1.0000, mf_l2=0.000003, proto_div=0.000000, proto_usage=0.000000, personal_sparse=0.000000, alpha_var=0.000000, reg_bce_ratio=0.0000
2026-03-10 08:28:36,047 - INFO - [junyi|junyi_m13diag_baseline_no_module1|lr=0.003|drop=0.40] [Diag][M3] Epoch [024] | residual_abs_mean=0.5447, residual_std=0.3581, mf_abs_mean=0.5447, mf_std=0.3581, gate_mean=0.9193, gate_std=0.0253, irt_abs_mean=0.7860, irt_std=0.4925, delta_abs_mean=0.5018, delta_std=0.3319, delta_over_irt=0.6384, graph_row_entropy=0.0000, graph_entropy_ratio=0.0000, alpha_mean=0.0000, alpha_std=0.0000, personal_row_entropy=0.0000
2026-03-10 08:28:36,047 - INFO - [junyi|junyi_m13diag_baseline_no_module1|lr=0.003|drop=0.40] [Diag][Graph] Epoch [024] | entropy_ratio=0.0000, diag_mass=1.0000, to_uniform_l2=0.037609, to_identity_l2=0.000000, tau_mean=0.0000, tau_std=0.0000, graph_reg_scale(train/val)=1.0000/1.0000
2026-03-10 08:28:36,047 - WARNING - [junyi|junyi_m13diag_baseline_no_module1|lr=0.003|drop=0.40] [Diag Warning][M3] gate_mean has stayed high for 23 epoch(s): gate_mean=0.9193, gate_std=0.0253
2026-03-10 08:28:36,047 - WARNING - [junyi|junyi_m13diag_baseline_no_module1|lr=0.003|drop=0.40] [Diag Warning][M3] delta_over_irt has stayed high for 24 epoch(s): delta_over_irt=0.6384, delta_abs_mean=0.5018
2026-03-10 08:28:36,047 - INFO - [junyi|junyi_m13diag_baseline_no_module1|lr=0.003|drop=0.40] [Grad Norms] Epoch [024] | mf_u_proj=0.174417, mf_v_proj=0.158868, fusion_gate=0.001100, q_gate_raw=0.000813, skill_latent=0.834314, relation_emb=0.000000e+00, relation_tau=0.000000e+00, relation_wq=0.000000e+00, relation_wk=0.000000e+00, personal_u=0.000000e+00, personal_v=0.000000e+00
2026-03-10 08:28:36,048 - INFO - [junyi|junyi_m13diag_baseline_no_module1|lr=0.003|drop=0.40] -> No improvement 1 epoch(s) (best AUC=0.8127 @ 23)
2026-03-10 08:28:49,890 - INFO - [junyi|junyi_m13diag_baseline_no_module1|lr=0.003|drop=0.40] Epoch [025/100] | Train: Loss=0.5101, BCE=0.5101, Reg=0.0000, AUC=0.8116, ACC=0.7333, RMSE=0.4122 | Val: Loss=0.5041, BCE=0.5041, Reg=0.0000, AUC=0.8124, ACC=0.7660, RMSE=0.4076
2026-03-10 08:28:49,890 - INFO - [junyi|junyi_m13diag_baseline_no_module1|lr=0.003|drop=0.40] [Reg Terms] Epoch [025] | Train: graph_entropy=0.000000, graph_diag=0.000000, graph_uniform=0.000000, graph_reg_scale=1.0000, mf_l2=0.000004, proto_div=0.000000, proto_usage=0.000000, personal_sparse=0.000000, alpha_var=0.000000, reg_bce_ratio=0.0000 | Val: graph_entropy=0.000000, graph_diag=0.000000, graph_uniform=0.000000, graph_reg_scale=1.0000, mf_l2=0.000004, proto_div=0.000000, proto_usage=0.000000, personal_sparse=0.000000, alpha_var=0.000000, reg_bce_ratio=0.0000
2026-03-10 08:28:50,187 - INFO - [junyi|junyi_m13diag_baseline_no_module1|lr=0.003|drop=0.40] [Diag][M3] Epoch [025] | residual_abs_mean=0.5829, residual_std=0.3599, mf_abs_mean=0.5829, mf_std=0.3599, gate_mean=0.9227, gate_std=0.0248, irt_abs_mean=0.7918, irt_std=0.4941, delta_abs_mean=0.5385, delta_std=0.3345, delta_over_irt=0.6801, graph_row_entropy=0.0000, graph_entropy_ratio=0.0000, alpha_mean=0.0000, alpha_std=0.0000, personal_row_entropy=0.0000
2026-03-10 08:28:50,187 - INFO - [junyi|junyi_m13diag_baseline_no_module1|lr=0.003|drop=0.40] [Diag][Graph] Epoch [025] | entropy_ratio=0.0000, diag_mass=1.0000, to_uniform_l2=0.037609, to_identity_l2=0.000000, tau_mean=0.0000, tau_std=0.0000, graph_reg_scale(train/val)=1.0000/1.0000
2026-03-10 08:28:50,187 - WARNING - [junyi|junyi_m13diag_baseline_no_module1|lr=0.003|drop=0.40] [Diag Warning][M3] gate_mean has stayed high for 24 epoch(s): gate_mean=0.9227, gate_std=0.0248
2026-03-10 08:28:50,187 - WARNING - [junyi|junyi_m13diag_baseline_no_module1|lr=0.003|drop=0.40] [Diag Warning][M3] delta_over_irt has stayed high for 25 epoch(s): delta_over_irt=0.6801, delta_abs_mean=0.5385
2026-03-10 08:28:50,187 - INFO - [junyi|junyi_m13diag_baseline_no_module1|lr=0.003|drop=0.40] [Grad Norms] Epoch [025] | mf_u_proj=0.137463, mf_v_proj=0.121392, fusion_gate=0.003462, q_gate_raw=0.000153, skill_latent=0.662824, relation_emb=0.000000e+00, relation_tau=0.000000e+00, relation_wq=0.000000e+00, relation_wk=0.000000e+00, personal_u=0.000000e+00, personal_v=0.000000e+00
2026-03-10 08:28:50,187 - INFO - [junyi|junyi_m13diag_baseline_no_module1|lr=0.003|drop=0.40] -> No improvement 2 epoch(s) (best AUC=0.8127 @ 23)
2026-03-10 08:29:04,355 - INFO - [junyi|junyi_m13diag_baseline_no_module1|lr=0.003|drop=0.40] Epoch [026/100] | Train: Loss=0.5055, BCE=0.5055, Reg=0.0000, AUC=0.8167, ACC=0.7376, RMSE=0.4098 | Val: Loss=0.5046, BCE=0.5046, Reg=0.0000, AUC=0.8106, ACC=0.7619, RMSE=0.4078
2026-03-10 08:29:04,355 - INFO - [junyi|junyi_m13diag_baseline_no_module1|lr=0.003|drop=0.40] [Reg Terms] Epoch [026] | Train: graph_entropy=0.000000, graph_diag=0.000000, graph_uniform=0.000000, graph_reg_scale=1.0000, mf_l2=0.000005, proto_div=0.000000, proto_usage=0.000000, personal_sparse=0.000000, alpha_var=0.000000, reg_bce_ratio=0.0000 | Val: graph_entropy=0.000000, graph_diag=0.000000, graph_uniform=0.000000, graph_reg_scale=1.0000, mf_l2=0.000005, proto_div=0.000000, proto_usage=0.000000, personal_sparse=0.000000, alpha_var=0.000000, reg_bce_ratio=0.0000
2026-03-10 08:29:04,634 - INFO - [junyi|junyi_m13diag_baseline_no_module1|lr=0.003|drop=0.40] [Diag][M3] Epoch [026] | residual_abs_mean=0.5473, residual_std=0.3839, mf_abs_mean=0.5473, mf_std=0.3839, gate_mean=0.9252, gate_std=0.0246, irt_abs_mean=0.7961, irt_std=0.4979, delta_abs_mean=0.5072, delta_std=0.3572, delta_over_irt=0.6371, graph_row_entropy=0.0000, graph_entropy_ratio=0.0000, alpha_mean=0.0000, alpha_std=0.0000, personal_row_entropy=0.0000
2026-03-10 08:29:04,634 - INFO - [junyi|junyi_m13diag_baseline_no_module1|lr=0.003|drop=0.40] [Diag][Graph] Epoch [026] | entropy_ratio=0.0000, diag_mass=1.0000, to_uniform_l2=0.037609, to_identity_l2=0.000000, tau_mean=0.0000, tau_std=0.0000, graph_reg_scale(train/val)=1.0000/1.0000
2026-03-10 08:29:04,634 - WARNING - [junyi|junyi_m13diag_baseline_no_module1|lr=0.003|drop=0.40] [Diag Warning][M3] gate_mean has stayed high for 25 epoch(s): gate_mean=0.9252, gate_std=0.0246
2026-03-10 08:29:04,635 - WARNING - [junyi|junyi_m13diag_baseline_no_module1|lr=0.003|drop=0.40] [Diag Warning][M3] delta_over_irt has stayed high for 26 epoch(s): delta_over_irt=0.6371, delta_abs_mean=0.5072
2026-03-10 08:29:04,635 - INFO - [junyi|junyi_m13diag_baseline_no_module1|lr=0.003|drop=0.40] [Grad Norms] Epoch [026] | mf_u_proj=0.162313, mf_v_proj=0.173165, fusion_gate=0.000732, q_gate_raw=0.000440, skill_latent=0.853580, relation_emb=0.000000e+00, relation_tau=0.000000e+00, relation_wq=0.000000e+00, relation_wk=0.000000e+00, personal_u=0.000000e+00, personal_v=0.000000e+00
2026-03-10 08:29:04,635 - INFO - [junyi|junyi_m13diag_baseline_no_module1|lr=0.003|drop=0.40] -> No improvement 3 epoch(s) (best AUC=0.8127 @ 23)
2026-03-10 08:29:04,635 - INFO - [junyi|junyi_m13diag_baseline_no_module1|lr=0.003|drop=0.40] Early stopping at epoch 26 (best AUC=0.8127 @ 23)
2026-03-10 08:29:04,649 - INFO - Epoch-wise metrics saved to checkpoints/m13_diag/m13_rerun_20260310/junyi/seed42/baseline_no_module1/metrics_history.csv
2026-03-10 08:29:04,653 - INFO - [junyi|junyi_m13diag_baseline_no_module1|lr=0.003|drop=0.40] Training completed! Best Val AUC=0.8127 @ epoch 23
2026-03-10 08:29:04,928 - INFO - 
============================================================
         MODULE ACTIVITY REPORT
============================================================
Dataset: junyi | Seed: 42 | Epoch: 26

1. Soft Prototype Module:
   - Status: DISABLED (num_prototypes=0 or use_soft_prototype=False)

2. Concept Graph Module:
   - Status: DISABLED (use_concept_graph=False or ablate_concept_graph=True)

3. Personal Graph Module:
   - Status: DISABLED (use_personal_graph=False)

4. Skill/MF Module:
   - MF logit |mean|: 0.5608
   - MF logit std: 0.6546
   - Fusion gate mean: 0.926
   - Status: ✓ ACTIVE (contributing to predictions)

------------------------------------------------------------
SUMMARY:
   Active modules: Skill/MF
   All enabled modules are functioning properly!
============================================================
2026-03-10 08:29:04,929 - INFO - [junyi|junyi_m13diag_baseline_no_module1|lr=0.003|drop=0.40] Module activity saved to checkpoints/m13_diag/m13_rerun_20260310/junyi/seed42/baseline_no_module1/module_activity.json
2026-03-10 08:29:05,109 - INFO - Using device: cuda:0
2026-03-10 08:29:05,110 - INFO - Loading model from checkpoints/m13_diag/m13_rerun_20260310/junyi/seed42/baseline_no_module1/best_model.pth...
2026-03-10 08:29:05,658 - INFO - Inference switches: ablate_module1=True, ablate_module2=False, ablate_module3=False | enable_module1=False, enable_module2=True, enable_module3=True | use_soft_prototype=False, use_mf_branch=True, use_concept_graph=False, use_q_aligned_residual=True, use_soft_prototype_main_path=False | effective(num_gnn_layers=0, num_prototypes=0)
2026-03-10 08:29:05,676 - INFO - [Inference] Ablation runtime check: args(ablate_module1=True,ablate_module2=False,ablate_module3=False) | model(enable_module1=False,enable_module2=True,enable_module3=True) | physical(has_knowledge_encoder=False,has_mf_branch=True,has_soft_prototype=False)
2026-03-10 08:29:05,676 - INFO - [Inference] [Module3 Init] fusion_gate_bias=-1.1000, fusion_gate_max=1.0000, implied_gate=0.2497, q_gate=0.5000, mf_scale=0.1000, bias_scale=0.1000, graph_tau_mean=0.0000, graph_tau_std=0.0000, graph_dropout=0.000
2026-03-10 08:29:05,677 - INFO - Model loaded from epoch 23. Start testing...
2026-03-10 08:29:06,352 - INFO - [Test] 200/262 batches done, samples=51200
2026-03-10 08:29:06,625 - INFO - 
==================================================
2026-03-10 08:29:06,625 - INFO - Test Results:
2026-03-10 08:29:06,625 - INFO - AUC: 0.8203
2026-03-10 08:29:06,625 - INFO - ACC: 0.7555
2026-03-10 08:29:06,625 - INFO - RMSE: 0.4140
2026-03-10 08:29:06,625 - INFO - ==================================================
2026-03-10 08:29:06,693 - INFO - Summary appended to /home/zsh/ConceptSkillCDM/results/experiment_results.csv
2026-03-10 08:29:06,714 - INFO - Run completed.
2026-03-10 08:29:06,714 - INFO - Best validation AUC: 0.8127 at epoch 23
2026-03-10 08:29:06,714 - INFO - Test metrics - AUC: 0.8203, ACC: 0.7555, RMSE: 0.4140
