2026-04-14 17:23:29,253 - INFO - Arguments:
2026-04-14 17:23:29,253 - INFO -   ablate_concept_graph: False
2026-04-14 17:23:29,254 - INFO -   ablate_module1: False
2026-04-14 17:23:29,254 - INFO -   allow_self_loop: True
2026-04-14 17:23:29,254 - INFO -   alpha_min_target: 0.0
2026-04-14 17:23:29,254 - INFO -   batch_size: 256
2026-04-14 17:23:29,254 - INFO -   data_dir: ./data/junyi
2026-04-14 17:23:29,254 - INFO -   dataset_name: junyi
2026-04-14 17:23:29,254 - INFO -   debug_graph_diag: True
2026-04-14 17:23:29,254 - INFO -   diag_batches: 1
2026-04-14 17:23:29,254 - INFO -   disable_self_loop: False
2026-04-14 17:23:29,254 - INFO -   dropout: 0.4
2026-04-14 17:23:29,254 - INFO -   early_stop_patience: 3
2026-04-14 17:23:29,254 - INFO -   enable_module1: True
2026-04-14 17:23:29,254 - INFO -   epochs: 100
2026-04-14 17:23:29,254 - INFO -   generate_diagnosis: True
2026-04-14 17:23:29,254 - INFO -   gnn_residual_weight: 0.5
2026-04-14 17:23:29,254 - INFO -   gpu_candidates: None
2026-04-14 17:23:29,254 - INFO -   gpu_ids: None
2026-04-14 17:23:29,254 - INFO -   gpu_memory_threshold: 2000
2026-04-14 17:23:29,254 - INFO -   gpus: None
2026-04-14 17:23:29,254 - INFO -   graph_dropout: 0.0
2026-04-14 17:23:29,254 - INFO -   graph_entropy_max: 0.7
2026-04-14 17:23:29,254 - INFO -   graph_entropy_min: 0.15
2026-04-14 17:23:29,254 - INFO -   graph_identity_residual: 0.05
2026-04-14 17:23:29,254 - INFO -   graph_propagation_alpha: 0.28
2026-04-14 17:23:29,254 - INFO -   graph_readout_1hop_scale: 0.34
2026-04-14 17:23:29,254 - INFO -   graph_readout_2hop_scale: 0.12
2026-04-14 17:23:29,254 - INFO -   graph_reg_cap_ratio: 6.0
2026-04-14 17:23:29,254 - INFO -   graph_reg_warmup_epochs: 2
2026-04-14 17:23:29,254 - INFO -   graph_tau_init: 0.55
2026-04-14 17:23:29,254 - INFO -   graph_topk: 24
2026-04-14 17:23:29,254 - INFO -   graph_uniform_margin: 0.12
2026-04-14 17:23:29,254 - INFO -   knowledge_dim: 128
2026-04-14 17:23:29,254 - INFO -   lambda_alpha: 0.0
2026-04-14 17:23:29,254 - INFO -   lambda_alpha_min: 0.0
2026-04-14 17:23:29,254 - INFO -   lambda_graph_diag: 0.12
2026-04-14 17:23:29,254 - INFO -   lambda_graph_uniform: 0.06
2026-04-14 17:23:29,254 - INFO -   lambda_sparse: 0.6
2026-04-14 17:23:29,254 - INFO -   lambda_sparse_personal: 0.0
2026-04-14 17:23:29,254 - INFO -   learning_rate: 0.003
2026-04-14 17:23:29,254 - INFO -   log_dir: logs/abce_diag/remote_ae_cleanrerun2_20260415_4118a85/junyi/seed42/ae_dominant_no_E
2026-04-14 17:23:29,254 - INFO -   max_test_batches: None
2026-04-14 17:23:29,254 - INFO -   max_train_batches: None
2026-04-14 17:23:29,254 - INFO -   max_val_batches: None
2026-04-14 17:23:29,254 - INFO -   min_exer_interactions: 0
2026-04-14 17:23:29,255 - INFO -   min_poison_count: 0
2026-04-14 17:23:29,255 - INFO -   min_stu_interactions: 15
2026-04-14 17:23:29,255 - INFO -   model_variant: junyi_abce_ae_dominant_no_E
2026-04-14 17:23:29,255 - INFO -   multi_gpu: False
2026-04-14 17:23:29,255 - INFO -   no_cuda: False
2026-04-14 17:23:29,255 - INFO -   num_gnn_layers: 2
2026-04-14 17:23:29,255 - INFO -   num_gpus: 1
2026-04-14 17:23:29,255 - INFO -   num_relation_heads: 2
2026-04-14 17:23:29,255 - INFO -   num_workers: 4
2026-04-14 17:23:29,255 - INFO -   patience: 1
2026-04-14 17:23:29,255 - INFO -   personal_alpha_bias_scale: 0.015
2026-04-14 17:23:29,255 - INFO -   personal_delta_scale: 5.0
2026-04-14 17:23:29,255 - INFO -   personal_disable_student_global_context: True
2026-04-14 17:23:29,255 - INFO -   personal_local_hops: 1
2026-04-14 17:23:29,255 - INFO -   personal_max_alpha: 0.4
2026-04-14 17:23:29,255 - INFO -   personal_rank: 8
2026-04-14 17:23:29,255 - INFO -   personal_reg_warmup_epochs: 4
2026-04-14 17:23:29,255 - INFO -   personal_student_dim: 64
2026-04-14 17:23:29,255 - INFO -   personal_support_only: True
2026-04-14 17:23:29,255 - INFO -   personal_warmup_epochs: 4
2026-04-14 17:23:29,255 - INFO -   prediction_l2_lambda: 1e-05
2026-04-14 17:23:29,255 - INFO -   save_dir: checkpoints/abce_diag/remote_ae_cleanrerun2_20260415_4118a85/junyi/seed42/ae_dominant_no_E
2026-04-14 17:23:29,255 - INFO -   save_interval: 10
2026-04-14 17:23:29,255 - INFO -   seed: 42
2026-04-14 17:23:29,255 - INFO -   share_concept_embeddings: True
2026-04-14 17:23:29,255 - INFO -   use_concept_graph: True
2026-04-14 17:23:29,255 - INFO -   use_exercise_graph: True
2026-04-14 17:23:29,255 - INFO -   use_personal_graph: False
2026-04-14 17:23:29,255 - INFO -   weight_decay: 0.001
2026-04-14 17:23:29,342 - INFO - Using device: cuda:0 (physical gpu 1)
2026-04-14 17:23:29,343 - INFO - [junyi|junyi_abce_ae_dominant_no_E|lr=0.003|drop=0.40] Loading datasets...
2026-04-14 17:23:29,343 - INFO - [junyi|junyi_abce_ae_dominant_no_E|lr=0.003|drop=0.40] Regularization: graph_entropy(lambda_sparse)=0.600000, graph_diag=0.120000, graph_uniform=0.060000, personal_sparse=0.000000, alpha_penalty=0.000000, alpha_min=0.000000, prediction_l2=0.000010
2026-04-14 17:23:29,343 - INFO - [junyi|junyi_abce_ae_dominant_no_E|lr=0.003|drop=0.40] Graph controls: entropy_band=[0.15, 0.70], uniform_margin=0.12, warmup_epochs=2, cap_ratio=6.00, graph_dropout=0.000, graph_tau_init=0.550
2026-04-14 17:23:29,343 - INFO - [junyi|junyi_abce_ae_dominant_no_E|lr=0.003|drop=0.40] Personal controls: personal_max_alpha=0.400, personal_delta_scale=5.000, personal_warmup_epochs=4, personal_student_dim=64, alpha_min_target=0.0000, personal_local_hops=1, personal_support_only=True, graph_propagation_alpha=0.280, graph_readout_1hop_scale=0.340, graph_readout_2hop_scale=0.120
2026-04-14 17:23:29,459 - INFO - [junyi] [数据清洗] 学生交互次数 < 15 次的学生：共移除 2188 个学生（仅统计用户数）
2026-04-14 17:23:29,475 - INFO - [junyi] [数据清洗] 学生冷启动过滤：在 train/valid/test 中共删除 35779 条记录。
2026-04-14 17:23:29,475 - INFO - [junyi] [数据清洗] 跳过题目冷门过滤（min_exer_interactions <= 0）。
2026-04-14 17:23:29,476 - INFO - [junyi] [数据清洗] 跳过毒题清洗（min_poison_count <= 0）。
2026-04-14 17:23:29,476 - INFO - [junyi] 正在构建ID映射...
2026-04-14 17:23:29,713 - INFO - [junyi] 正在构建Q矩阵...
2026-04-14 17:23:36,319 - INFO - [junyi] [数据清洗] Valid train-seen 过滤：before=22111, after=22111, dropped=0, coverage=100.00%
2026-04-14 17:23:36,328 - INFO - [junyi] [数据清洗] Test train-seen 过滤：before=60499, after=60494, dropped=5, coverage=99.99%
2026-04-14 17:23:36,329 - INFO - [junyi] [统计] 开始统计清洗后每道题的概念数量分布...
2026-04-14 17:23:36,331 - INFO - [junyi] [Train] 概念数统计：题目数=697, 平均概念数=1.0000, min=1, max=1, 1概念=697 (100.00%), ≥2概念=0 (0.00%)
2026-04-14 17:23:36,331 - INFO - [junyi] [Train] 概念数直方图（概念数: 题目数量）: {1: 697}
2026-04-14 17:23:36,331 - INFO - [junyi] [Valid] 概念数统计：题目数=614, 平均概念数=1.0000, min=1, max=1, 1概念=614 (100.00%), ≥2概念=0 (0.00%)
2026-04-14 17:23:36,332 - INFO - [junyi] [Valid] 概念数直方图（概念数: 题目数量）: {1: 614}
2026-04-14 17:23:36,332 - INFO - [junyi] [Test] 概念数统计：题目数=663, 平均概念数=1.0000, min=1, max=1, 1概念=663 (100.00%), ≥2概念=0 (0.00%)
2026-04-14 17:23:36,332 - INFO - [junyi] [Test] 概念数直方图（概念数: 题目数量）: {1: 663}
2026-04-14 17:23:36,332 - INFO - [junyi] [统计] 概念数量统计完成。
2026-04-14 17:23:36,332 - INFO - [junyi] 正在加载数据集...
2026-04-14 17:23:36,416 - INFO - [junyi|junyi_abce_ae_dominant_no_E|lr=0.003|drop=0.40] Train samples: 235446, Val samples: 22111
2026-04-14 17:23:36,416 - INFO - [junyi|junyi_abce_ae_dominant_no_E|lr=0.003|drop=0.40] Number of students: 7812
2026-04-14 17:23:36,416 - INFO - [junyi|junyi_abce_ae_dominant_no_E|lr=0.003|drop=0.40] Number of exercises: 697
2026-04-14 17:23:36,416 - INFO - [junyi|junyi_abce_ae_dominant_no_E|lr=0.003|drop=0.40] Number of concepts: 697
2026-04-14 17:23:36,416 - INFO - [junyi|junyi_abce_ae_dominant_no_E|lr=0.003|drop=0.40] Creating model...
2026-04-14 17:23:36,416 - INFO - [junyi|junyi_abce_ae_dominant_no_E|lr=0.003|drop=0.40] Ablation switches: ablate_module1=False | enable_module1=True | use_concept_graph=True | effective(num_gnn_layers=2)
2026-04-14 17:23:36,556 - INFO - [junyi|junyi_abce_ae_dominant_no_E|lr=0.003|drop=0.40] Ablation runtime check: args(ablate_module1=False) | expect(use_concept_graph=True,use_personal_graph=False) | model(enable_module1=True,use_concept_graph=True,use_personal_graph=False) | physical(has_knowledge_encoder=True,has_relation_learning=True,has_adaptive_gate=False,has_personal_generator=False)
2026-04-14 17:23:36,557 - INFO - [junyi|junyi_abce_ae_dominant_no_E|lr=0.003|drop=0.40] Debug diagnostics enabled: diag_batches=1
2026-04-14 17:23:36,577 - INFO - [junyi|junyi_abce_ae_dominant_no_E|lr=0.003|drop=0.40] [Graph Init] graph_tau_mean=1.0055, graph_tau_std=0.0000, graph_dropout=0.000, use_personal_graph=False
2026-04-14 17:23:36,577 - INFO - [junyi|junyi_abce_ae_dominant_no_E|lr=0.003|drop=0.40] Total parameters: 1,267,135
2026-04-14 17:23:36,577 - INFO - [junyi|junyi_abce_ae_dominant_no_E|lr=0.003|drop=0.40] Trainable parameters: 1,267,135
2026-04-14 17:23:37,501 - INFO - [junyi|junyi_abce_ae_dominant_no_E|lr=0.003|drop=0.40] Monitor config: scheduler=val_auc(max), best_checkpoint=val_auc(max), early_stop=val_auc(max)
2026-04-14 17:23:37,501 - INFO - [junyi|junyi_abce_ae_dominant_no_E|lr=0.003|drop=0.40] Starting training...
2026-04-14 17:24:33,189 - INFO - [junyi|junyi_abce_ae_dominant_no_E|lr=0.003|drop=0.40] Epoch [001/100] | Train: Loss=0.5279, BCE=0.5204, Reg=0.0075, AUC=0.7878, ACC=0.7447, RMSE=0.4162 | Val: Loss=0.5090, BCE=0.5026, Reg=0.0064, AUC=0.8012, ACC=0.7622, RMSE=0.4067
2026-04-14 17:24:33,189 - INFO - [junyi|junyi_abce_ae_dominant_no_E|lr=0.003|drop=0.40] [Reg Terms] Epoch [001] | Train: graph_entropy=0.000000, graph_diag=0.004126, graph_uniform=0.003371, graph_reg_scale=1.0000, prediction_l2=0.000000, personal_sparse=0.000000, alpha_var=0.000000, alpha_collapse=0.000000, reg_bce_ratio=0.0144 | Val: graph_entropy=0.000000, graph_diag=0.003000, graph_uniform=0.003377, graph_reg_scale=1.0000, prediction_l2=0.000000, personal_sparse=0.000000, alpha_var=0.000000, alpha_collapse=0.000000, reg_bce_ratio=0.0127
2026-04-14 17:24:33,381 - INFO - [junyi|junyi_abce_ae_dominant_no_E|lr=0.003|drop=0.40] [Diag][AE] Epoch [001] | irt_abs_mean=1.6565, irt_std=1.0421, personal_warmup_scale=1.00, graph_row_entropy=3.2177, graph_entropy_ratio=0.4915, alpha_mean=0.0000, alpha_std=0.0000, alpha_bias_std=0.0000, alpha_state_path=0.0000, alpha_id_path=0.0000, alpha_bias_path=0.0000, head_bias_path=0.0000, personal_row_entropy=0.0000, personal_matrix_delta=0.0000, personal_matrix_student_std=0.0000, personal_delta_pre_softmax_norm=0.0000, personal_delta_student_std=0.0000, alpha_head_std=0.0000, personal_student_mix=0.0000, personal_student_adapter=0.0000, local_row_ratio=0.0000, support_density=0.0000, readout_query_delta=0.0000, personal_bad_rows=0.00, personal_fallback_rows=0.00, personal_logits_absmax=0.0000
2026-04-14 17:24:33,382 - INFO - [junyi|junyi_abce_ae_dominant_no_E|lr=0.003|drop=0.40] [Diag][A] Epoch [001] | entropy_ratio=0.4915, diag_mass=0.0500, to_uniform_l2=0.007448, to_identity_l2=0.036726, relation_identity_delta=0.000000, knowledge_state_graph_delta=0.000000, knowledge_state_personal_delta=0.000000, share_concept_embeddings=True, tau_mean=0.6931, tau_std=0.0000, graph_reg_scale(train/val)=1.0000/1.0000
2026-04-14 17:24:33,382 - INFO - [junyi|junyi_abce_ae_dominant_no_E|lr=0.003|drop=0.40] [Grad Norms] Epoch [001] | relation_emb=1.948433e-01, relation_tau=0.000000e+00, relation_wq=1.843407e-22, relation_wk=0.000000e+00, personal_u=0.000000e+00, personal_v=0.000000e+00, personal_alpha_bias=0.000000e+00, personal_gate_emb=0.000000e+00, personal_gate_state_proj=0.000000e+00, personal_gate_context_proj=0.000000e+00, personal_gate_state_direct=0.000000e+00, personal_gate_id_direct=0.000000e+00, personal_gate_context_direct=0.000000e+00, personal_gate_out=0.000000e+00, personal_generator_emb=0.000000e+00, personal_generator_context_proj=0.000000e+00, personal_generator_context_hidden=0.000000e+00, personal_generator_context_to_u=0.000000e+00, personal_generator_context_to_v=0.000000e+00, personal_generator_state_row=0.000000e+00, personal_generator_state_col=0.000000e+00, personal_generator_id_row=0.000000e+00, personal_generator_id_col=0.000000e+00, personal_generator_state_adapter=0.000000e+00, personal_generator_id_adapter=0.000000e+00, personal_generator_context_adapter=0.000000e+00, personal_generator_direct_scale=0.000000e+00
2026-04-14 17:24:33,465 - INFO - [junyi|junyi_abce_ae_dominant_no_E|lr=0.003|drop=0.40] -> New best AUC=0.8012 at epoch 1
2026-04-14 17:25:29,307 - INFO - [junyi|junyi_abce_ae_dominant_no_E|lr=0.003|drop=0.40] Epoch [002/100] | Train: Loss=0.5210, BCE=0.5083, Reg=0.0128, AUC=0.7994, ACC=0.7527, RMSE=0.4104 | Val: Loss=0.5124, BCE=0.4996, Reg=0.0128, AUC=0.8081, ACC=0.7657, RMSE=0.4053
2026-04-14 17:25:29,307 - INFO - [junyi|junyi_abce_ae_dominant_no_E|lr=0.003|drop=0.40] [Reg Terms] Epoch [002] | Train: graph_entropy=0.000000, graph_diag=0.006000, graph_uniform=0.006753, graph_reg_scale=1.0000, prediction_l2=0.000000, personal_sparse=0.000000, alpha_var=0.000000, alpha_collapse=0.000000, reg_bce_ratio=0.0251 | Val: graph_entropy=0.000000, graph_diag=0.006000, graph_uniform=0.006753, graph_reg_scale=1.0000, prediction_l2=0.000000, personal_sparse=0.000000, alpha_var=0.000000, alpha_collapse=0.000000, reg_bce_ratio=0.0255
2026-04-14 17:25:29,495 - INFO - [junyi|junyi_abce_ae_dominant_no_E|lr=0.003|drop=0.40] [Diag][AE] Epoch [002] | irt_abs_mean=1.7601, irt_std=1.0013, personal_warmup_scale=1.00, graph_row_entropy=3.2177, graph_entropy_ratio=0.4915, alpha_mean=0.0000, alpha_std=0.0000, alpha_bias_std=0.0000, alpha_state_path=0.0000, alpha_id_path=0.0000, alpha_bias_path=0.0000, head_bias_path=0.0000, personal_row_entropy=0.0000, personal_matrix_delta=0.0000, personal_matrix_student_std=0.0000, personal_delta_pre_softmax_norm=0.0000, personal_delta_student_std=0.0000, alpha_head_std=0.0000, personal_student_mix=0.0000, personal_student_adapter=0.0000, local_row_ratio=0.0000, support_density=0.0000, readout_query_delta=0.0000, personal_bad_rows=0.00, personal_fallback_rows=0.00, personal_logits_absmax=0.0000
2026-04-14 17:25:29,496 - INFO - [junyi|junyi_abce_ae_dominant_no_E|lr=0.003|drop=0.40] [Diag][A] Epoch [002] | entropy_ratio=0.4915, diag_mass=0.0500, to_uniform_l2=0.007448, to_identity_l2=0.036726, relation_identity_delta=0.000000, knowledge_state_graph_delta=0.000000, knowledge_state_personal_delta=0.000000, share_concept_embeddings=True, tau_mean=0.6931, tau_std=0.0000, graph_reg_scale(train/val)=1.0000/1.0000
2026-04-14 17:25:29,496 - INFO - [junyi|junyi_abce_ae_dominant_no_E|lr=0.003|drop=0.40] [Grad Norms] Epoch [002] | relation_emb=2.471263e-01, relation_tau=2.368728e-12, relation_wq=2.659087e-09, relation_wk=3.226256e-09, personal_u=0.000000e+00, personal_v=0.000000e+00, personal_alpha_bias=0.000000e+00, personal_gate_emb=0.000000e+00, personal_gate_state_proj=0.000000e+00, personal_gate_context_proj=0.000000e+00, personal_gate_state_direct=0.000000e+00, personal_gate_id_direct=0.000000e+00, personal_gate_context_direct=0.000000e+00, personal_gate_out=0.000000e+00, personal_generator_emb=0.000000e+00, personal_generator_context_proj=0.000000e+00, personal_generator_context_hidden=0.000000e+00, personal_generator_context_to_u=0.000000e+00, personal_generator_context_to_v=0.000000e+00, personal_generator_state_row=0.000000e+00, personal_generator_state_col=0.000000e+00, personal_generator_id_row=0.000000e+00, personal_generator_id_col=0.000000e+00, personal_generator_state_adapter=0.000000e+00, personal_generator_id_adapter=0.000000e+00, personal_generator_context_adapter=0.000000e+00, personal_generator_direct_scale=0.000000e+00
2026-04-14 17:25:29,710 - INFO - [junyi|junyi_abce_ae_dominant_no_E|lr=0.003|drop=0.40] -> New best AUC=0.8081 at epoch 2
2026-04-14 17:26:24,881 - INFO - [junyi|junyi_abce_ae_dominant_no_E|lr=0.003|drop=0.40] Epoch [003/100] | Train: Loss=0.5179, BCE=0.5051, Reg=0.0128, AUC=0.8021, ACC=0.7558, RMSE=0.4088 | Val: Loss=0.5138, BCE=0.5011, Reg=0.0128, AUC=0.8065, ACC=0.7632, RMSE=0.4061
2026-04-14 17:26:24,881 - INFO - [junyi|junyi_abce_ae_dominant_no_E|lr=0.003|drop=0.40] [Reg Terms] Epoch [003] | Train: graph_entropy=0.000000, graph_diag=0.006000, graph_uniform=0.006753, graph_reg_scale=1.0000, prediction_l2=0.000000, personal_sparse=0.000000, alpha_var=0.000000, alpha_collapse=0.000000, reg_bce_ratio=0.0252 | Val: graph_entropy=0.000000, graph_diag=0.006000, graph_uniform=0.006753, graph_reg_scale=1.0000, prediction_l2=0.000000, personal_sparse=0.000000, alpha_var=0.000000, alpha_collapse=0.000000, reg_bce_ratio=0.0255
2026-04-14 17:26:25,058 - INFO - [junyi|junyi_abce_ae_dominant_no_E|lr=0.003|drop=0.40] [Diag][AE] Epoch [003] | irt_abs_mean=1.8606, irt_std=0.9976, personal_warmup_scale=1.00, graph_row_entropy=3.2177, graph_entropy_ratio=0.4915, alpha_mean=0.0000, alpha_std=0.0000, alpha_bias_std=0.0000, alpha_state_path=0.0000, alpha_id_path=0.0000, alpha_bias_path=0.0000, head_bias_path=0.0000, personal_row_entropy=0.0000, personal_matrix_delta=0.0000, personal_matrix_student_std=0.0000, personal_delta_pre_softmax_norm=0.0000, personal_delta_student_std=0.0000, alpha_head_std=0.0000, personal_student_mix=0.0000, personal_student_adapter=0.0000, local_row_ratio=0.0000, support_density=0.0000, readout_query_delta=0.0000, personal_bad_rows=0.00, personal_fallback_rows=0.00, personal_logits_absmax=0.0000
2026-04-14 17:26:25,058 - INFO - [junyi|junyi_abce_ae_dominant_no_E|lr=0.003|drop=0.40] [Diag][A] Epoch [003] | entropy_ratio=0.4915, diag_mass=0.0500, to_uniform_l2=0.007448, to_identity_l2=0.036726, relation_identity_delta=0.000000, knowledge_state_graph_delta=0.000000, knowledge_state_personal_delta=0.000000, share_concept_embeddings=True, tau_mean=0.6931, tau_std=0.0000, graph_reg_scale(train/val)=1.0000/1.0000
2026-04-14 17:26:25,059 - INFO - [junyi|junyi_abce_ae_dominant_no_E|lr=0.003|drop=0.40] [Grad Norms] Epoch [003] | relation_emb=2.245943e-01, relation_tau=1.743575e-12, relation_wq=3.436379e-09, relation_wk=3.233294e-09, personal_u=0.000000e+00, personal_v=0.000000e+00, personal_alpha_bias=0.000000e+00, personal_gate_emb=0.000000e+00, personal_gate_state_proj=0.000000e+00, personal_gate_context_proj=0.000000e+00, personal_gate_state_direct=0.000000e+00, personal_gate_id_direct=0.000000e+00, personal_gate_context_direct=0.000000e+00, personal_gate_out=0.000000e+00, personal_generator_emb=0.000000e+00, personal_generator_context_proj=0.000000e+00, personal_generator_context_hidden=0.000000e+00, personal_generator_context_to_u=0.000000e+00, personal_generator_context_to_v=0.000000e+00, personal_generator_state_row=0.000000e+00, personal_generator_state_col=0.000000e+00, personal_generator_id_row=0.000000e+00, personal_generator_id_col=0.000000e+00, personal_generator_state_adapter=0.000000e+00, personal_generator_id_adapter=0.000000e+00, personal_generator_context_adapter=0.000000e+00, personal_generator_direct_scale=0.000000e+00
2026-04-14 17:26:25,059 - INFO - [junyi|junyi_abce_ae_dominant_no_E|lr=0.003|drop=0.40] -> No improvement 1 epoch(s) (best AUC=0.8081 @ 2)
2026-04-14 17:27:20,101 - INFO - [junyi|junyi_abce_ae_dominant_no_E|lr=0.003|drop=0.40] Epoch [004/100] | Train: Loss=0.5161, BCE=0.5033, Reg=0.0128, AUC=0.8039, ACC=0.7561, RMSE=0.4080 | Val: Loss=0.5125, BCE=0.4998, Reg=0.0128, AUC=0.8081, ACC=0.7649, RMSE=0.4045
2026-04-14 17:27:20,101 - INFO - [junyi|junyi_abce_ae_dominant_no_E|lr=0.003|drop=0.40] [Reg Terms] Epoch [004] | Train: graph_entropy=0.000000, graph_diag=0.006000, graph_uniform=0.006753, graph_reg_scale=1.0000, prediction_l2=0.000000, personal_sparse=0.000000, alpha_var=0.000000, alpha_collapse=0.000000, reg_bce_ratio=0.0253 | Val: graph_entropy=0.000000, graph_diag=0.006000, graph_uniform=0.006753, graph_reg_scale=1.0000, prediction_l2=0.000000, personal_sparse=0.000000, alpha_var=0.000000, alpha_collapse=0.000000, reg_bce_ratio=0.0255
2026-04-14 17:27:20,280 - INFO - [junyi|junyi_abce_ae_dominant_no_E|lr=0.003|drop=0.40] [Diag][AE] Epoch [004] | irt_abs_mean=1.8573, irt_std=1.1572, personal_warmup_scale=1.00, graph_row_entropy=3.2177, graph_entropy_ratio=0.4915, alpha_mean=0.0000, alpha_std=0.0000, alpha_bias_std=0.0000, alpha_state_path=0.0000, alpha_id_path=0.0000, alpha_bias_path=0.0000, head_bias_path=0.0000, personal_row_entropy=0.0000, personal_matrix_delta=0.0000, personal_matrix_student_std=0.0000, personal_delta_pre_softmax_norm=0.0000, personal_delta_student_std=0.0000, alpha_head_std=0.0000, personal_student_mix=0.0000, personal_student_adapter=0.0000, local_row_ratio=0.0000, support_density=0.0000, readout_query_delta=0.0000, personal_bad_rows=0.00, personal_fallback_rows=0.00, personal_logits_absmax=0.0000
2026-04-14 17:27:20,280 - INFO - [junyi|junyi_abce_ae_dominant_no_E|lr=0.003|drop=0.40] [Diag][A] Epoch [004] | entropy_ratio=0.4915, diag_mass=0.0500, to_uniform_l2=0.007448, to_identity_l2=0.036726, relation_identity_delta=0.000000, knowledge_state_graph_delta=0.000000, knowledge_state_personal_delta=0.000000, share_concept_embeddings=True, tau_mean=0.6931, tau_std=0.0000, graph_reg_scale(train/val)=1.0000/1.0000
2026-04-14 17:27:20,280 - INFO - [junyi|junyi_abce_ae_dominant_no_E|lr=0.003|drop=0.40] [Grad Norms] Epoch [004] | relation_emb=2.191644e-01, relation_tau=3.670375e-12, relation_wq=4.352454e-09, relation_wk=5.800311e-09, personal_u=0.000000e+00, personal_v=0.000000e+00, personal_alpha_bias=0.000000e+00, personal_gate_emb=0.000000e+00, personal_gate_state_proj=0.000000e+00, personal_gate_context_proj=0.000000e+00, personal_gate_state_direct=0.000000e+00, personal_gate_id_direct=0.000000e+00, personal_gate_context_direct=0.000000e+00, personal_gate_out=0.000000e+00, personal_generator_emb=0.000000e+00, personal_generator_context_proj=0.000000e+00, personal_generator_context_hidden=0.000000e+00, personal_generator_context_to_u=0.000000e+00, personal_generator_context_to_v=0.000000e+00, personal_generator_state_row=0.000000e+00, personal_generator_state_col=0.000000e+00, personal_generator_id_row=0.000000e+00, personal_generator_id_col=0.000000e+00, personal_generator_state_adapter=0.000000e+00, personal_generator_id_adapter=0.000000e+00, personal_generator_context_adapter=0.000000e+00, personal_generator_direct_scale=0.000000e+00
2026-04-14 17:27:20,280 - INFO - [junyi|junyi_abce_ae_dominant_no_E|lr=0.003|drop=0.40] -> No improvement 2 epoch(s) (best AUC=0.8081 @ 2)
2026-04-14 17:28:15,272 - INFO - [junyi|junyi_abce_ae_dominant_no_E|lr=0.003|drop=0.40] Epoch [005/100] | Train: Loss=0.5033, BCE=0.4906, Reg=0.0128, AUC=0.8155, ACC=0.7659, RMSE=0.4015 | Val: Loss=0.4992, BCE=0.4865, Reg=0.0128, AUC=0.8181, ACC=0.7718, RMSE=0.3989
2026-04-14 17:28:15,272 - INFO - [junyi|junyi_abce_ae_dominant_no_E|lr=0.003|drop=0.40] [Reg Terms] Epoch [005] | Train: graph_entropy=0.000000, graph_diag=0.006000, graph_uniform=0.006753, graph_reg_scale=1.0000, prediction_l2=0.000000, personal_sparse=0.000000, alpha_var=0.000000, alpha_collapse=0.000000, reg_bce_ratio=0.0260 | Val: graph_entropy=0.000000, graph_diag=0.006000, graph_uniform=0.006753, graph_reg_scale=1.0000, prediction_l2=0.000000, personal_sparse=0.000000, alpha_var=0.000000, alpha_collapse=0.000000, reg_bce_ratio=0.0262
2026-04-14 17:28:15,445 - INFO - [junyi|junyi_abce_ae_dominant_no_E|lr=0.003|drop=0.40] [Diag][AE] Epoch [005] | irt_abs_mean=1.8862, irt_std=1.0719, personal_warmup_scale=1.00, graph_row_entropy=3.2177, graph_entropy_ratio=0.4915, alpha_mean=0.0000, alpha_std=0.0000, alpha_bias_std=0.0000, alpha_state_path=0.0000, alpha_id_path=0.0000, alpha_bias_path=0.0000, head_bias_path=0.0000, personal_row_entropy=0.0000, personal_matrix_delta=0.0000, personal_matrix_student_std=0.0000, personal_delta_pre_softmax_norm=0.0000, personal_delta_student_std=0.0000, alpha_head_std=0.0000, personal_student_mix=0.0000, personal_student_adapter=0.0000, local_row_ratio=0.0000, support_density=0.0000, readout_query_delta=0.0000, personal_bad_rows=0.00, personal_fallback_rows=0.00, personal_logits_absmax=0.0000
2026-04-14 17:28:15,446 - INFO - [junyi|junyi_abce_ae_dominant_no_E|lr=0.003|drop=0.40] [Diag][A] Epoch [005] | entropy_ratio=0.4915, diag_mass=0.0500, to_uniform_l2=0.007448, to_identity_l2=0.036726, relation_identity_delta=0.000000, knowledge_state_graph_delta=0.000000, knowledge_state_personal_delta=0.000000, share_concept_embeddings=True, tau_mean=0.6931, tau_std=0.0000, graph_reg_scale(train/val)=1.0000/1.0000
2026-04-14 17:28:15,446 - INFO - [junyi|junyi_abce_ae_dominant_no_E|lr=0.003|drop=0.40] [Grad Norms] Epoch [005] | relation_emb=2.897705e-01, relation_tau=0.000000e+00, relation_wq=0.000000e+00, relation_wk=0.000000e+00, personal_u=0.000000e+00, personal_v=0.000000e+00, personal_alpha_bias=0.000000e+00, personal_gate_emb=0.000000e+00, personal_gate_state_proj=0.000000e+00, personal_gate_context_proj=0.000000e+00, personal_gate_state_direct=0.000000e+00, personal_gate_id_direct=0.000000e+00, personal_gate_context_direct=0.000000e+00, personal_gate_out=0.000000e+00, personal_generator_emb=0.000000e+00, personal_generator_context_proj=0.000000e+00, personal_generator_context_hidden=0.000000e+00, personal_generator_context_to_u=0.000000e+00, personal_generator_context_to_v=0.000000e+00, personal_generator_state_row=0.000000e+00, personal_generator_state_col=0.000000e+00, personal_generator_id_row=0.000000e+00, personal_generator_id_col=0.000000e+00, personal_generator_state_adapter=0.000000e+00, personal_generator_id_adapter=0.000000e+00, personal_generator_context_adapter=0.000000e+00, personal_generator_direct_scale=0.000000e+00
2026-04-14 17:28:15,609 - INFO - [junyi|junyi_abce_ae_dominant_no_E|lr=0.003|drop=0.40] -> New best AUC=0.8181 at epoch 5
2026-04-14 17:29:10,954 - INFO - [junyi|junyi_abce_ae_dominant_no_E|lr=0.003|drop=0.40] Epoch [006/100] | Train: Loss=0.4996, BCE=0.4869, Reg=0.0128, AUC=0.8186, ACC=0.7682, RMSE=0.3997 | Val: Loss=0.4964, BCE=0.4837, Reg=0.0128, AUC=0.8191, ACC=0.7726, RMSE=0.3980
2026-04-14 17:29:10,954 - INFO - [junyi|junyi_abce_ae_dominant_no_E|lr=0.003|drop=0.40] [Reg Terms] Epoch [006] | Train: graph_entropy=0.000000, graph_diag=0.006000, graph_uniform=0.006753, graph_reg_scale=1.0000, prediction_l2=0.000000, personal_sparse=0.000000, alpha_var=0.000000, alpha_collapse=0.000000, reg_bce_ratio=0.0262 | Val: graph_entropy=0.000000, graph_diag=0.006003, graph_uniform=0.006753, graph_reg_scale=1.0000, prediction_l2=0.000000, personal_sparse=0.000000, alpha_var=0.000000, alpha_collapse=0.000000, reg_bce_ratio=0.0264
2026-04-14 17:29:11,126 - INFO - [junyi|junyi_abce_ae_dominant_no_E|lr=0.003|drop=0.40] [Diag][AE] Epoch [006] | irt_abs_mean=1.7930, irt_std=1.0549, personal_warmup_scale=1.00, graph_row_entropy=3.2176, graph_entropy_ratio=0.4915, alpha_mean=0.0000, alpha_std=0.0000, alpha_bias_std=0.0000, alpha_state_path=0.0000, alpha_id_path=0.0000, alpha_bias_path=0.0000, head_bias_path=0.0000, personal_row_entropy=0.0000, personal_matrix_delta=0.0000, personal_matrix_student_std=0.0000, personal_delta_pre_softmax_norm=0.0000, personal_delta_student_std=0.0000, alpha_head_std=0.0000, personal_student_mix=0.0000, personal_student_adapter=0.0000, local_row_ratio=0.0000, support_density=0.0000, readout_query_delta=0.0000, personal_bad_rows=0.00, personal_fallback_rows=0.00, personal_logits_absmax=0.0000
2026-04-14 17:29:11,127 - INFO - [junyi|junyi_abce_ae_dominant_no_E|lr=0.003|drop=0.40] [Diag][A] Epoch [006] | entropy_ratio=0.4915, diag_mass=0.0500, to_uniform_l2=0.007449, to_identity_l2=0.036725, relation_identity_delta=0.000000, knowledge_state_graph_delta=0.000000, knowledge_state_personal_delta=0.000000, share_concept_embeddings=True, tau_mean=0.6931, tau_std=0.0000, graph_reg_scale(train/val)=1.0000/1.0000
2026-04-14 17:29:11,127 - INFO - [junyi|junyi_abce_ae_dominant_no_E|lr=0.003|drop=0.40] [Grad Norms] Epoch [006] | relation_emb=3.076296e-01, relation_tau=3.194330e-18, relation_wq=1.619150e-14, relation_wk=6.786480e-16, personal_u=0.000000e+00, personal_v=0.000000e+00, personal_alpha_bias=0.000000e+00, personal_gate_emb=0.000000e+00, personal_gate_state_proj=0.000000e+00, personal_gate_context_proj=0.000000e+00, personal_gate_state_direct=0.000000e+00, personal_gate_id_direct=0.000000e+00, personal_gate_context_direct=0.000000e+00, personal_gate_out=0.000000e+00, personal_generator_emb=0.000000e+00, personal_generator_context_proj=0.000000e+00, personal_generator_context_hidden=0.000000e+00, personal_generator_context_to_u=0.000000e+00, personal_generator_context_to_v=0.000000e+00, personal_generator_state_row=0.000000e+00, personal_generator_state_col=0.000000e+00, personal_generator_id_row=0.000000e+00, personal_generator_id_col=0.000000e+00, personal_generator_state_adapter=0.000000e+00, personal_generator_id_adapter=0.000000e+00, personal_generator_context_adapter=0.000000e+00, personal_generator_direct_scale=0.000000e+00
2026-04-14 17:29:11,299 - INFO - [junyi|junyi_abce_ae_dominant_no_E|lr=0.003|drop=0.40] -> New best AUC=0.8191 at epoch 6
2026-04-14 17:30:06,414 - INFO - [junyi|junyi_abce_ae_dominant_no_E|lr=0.003|drop=0.40] Epoch [007/100] | Train: Loss=0.4977, BCE=0.4850, Reg=0.0128, AUC=0.8204, ACC=0.7699, RMSE=0.3988 | Val: Loss=0.4985, BCE=0.4858, Reg=0.0128, AUC=0.8183, ACC=0.7731, RMSE=0.3989
2026-04-14 17:30:06,414 - INFO - [junyi|junyi_abce_ae_dominant_no_E|lr=0.003|drop=0.40] [Reg Terms] Epoch [007] | Train: graph_entropy=0.000000, graph_diag=0.006005, graph_uniform=0.006753, graph_reg_scale=1.0000, prediction_l2=0.000000, personal_sparse=0.000000, alpha_var=0.000000, alpha_collapse=0.000000, reg_bce_ratio=0.0263 | Val: graph_entropy=0.000000, graph_diag=0.006000, graph_uniform=0.006753, graph_reg_scale=1.0000, prediction_l2=0.000000, personal_sparse=0.000000, alpha_var=0.000000, alpha_collapse=0.000000, reg_bce_ratio=0.0263
2026-04-14 17:30:06,577 - INFO - [junyi|junyi_abce_ae_dominant_no_E|lr=0.003|drop=0.40] [Diag][AE] Epoch [007] | irt_abs_mean=1.8200, irt_std=1.0579, personal_warmup_scale=1.00, graph_row_entropy=3.2177, graph_entropy_ratio=0.4915, alpha_mean=0.0000, alpha_std=0.0000, alpha_bias_std=0.0000, alpha_state_path=0.0000, alpha_id_path=0.0000, alpha_bias_path=0.0000, head_bias_path=0.0000, personal_row_entropy=0.0000, personal_matrix_delta=0.0000, personal_matrix_student_std=0.0000, personal_delta_pre_softmax_norm=0.0000, personal_delta_student_std=0.0000, alpha_head_std=0.0000, personal_student_mix=0.0000, personal_student_adapter=0.0000, local_row_ratio=0.0000, support_density=0.0000, readout_query_delta=0.0000, personal_bad_rows=0.00, personal_fallback_rows=0.00, personal_logits_absmax=0.0000
2026-04-14 17:30:06,578 - INFO - [junyi|junyi_abce_ae_dominant_no_E|lr=0.003|drop=0.40] [Diag][A] Epoch [007] | entropy_ratio=0.4915, diag_mass=0.0500, to_uniform_l2=0.007448, to_identity_l2=0.036726, relation_identity_delta=0.000000, knowledge_state_graph_delta=0.000000, knowledge_state_personal_delta=0.000000, share_concept_embeddings=True, tau_mean=0.6931, tau_std=0.0000, graph_reg_scale(train/val)=1.0000/1.0000
2026-04-14 17:30:06,578 - INFO - [junyi|junyi_abce_ae_dominant_no_E|lr=0.003|drop=0.40] [Grad Norms] Epoch [007] | relation_emb=3.398451e-01, relation_tau=1.294836e-12, relation_wq=1.199172e-09, relation_wk=1.297493e-09, personal_u=0.000000e+00, personal_v=0.000000e+00, personal_alpha_bias=0.000000e+00, personal_gate_emb=0.000000e+00, personal_gate_state_proj=0.000000e+00, personal_gate_context_proj=0.000000e+00, personal_gate_state_direct=0.000000e+00, personal_gate_id_direct=0.000000e+00, personal_gate_context_direct=0.000000e+00, personal_gate_out=0.000000e+00, personal_generator_emb=0.000000e+00, personal_generator_context_proj=0.000000e+00, personal_generator_context_hidden=0.000000e+00, personal_generator_context_to_u=0.000000e+00, personal_generator_context_to_v=0.000000e+00, personal_generator_state_row=0.000000e+00, personal_generator_state_col=0.000000e+00, personal_generator_id_row=0.000000e+00, personal_generator_id_col=0.000000e+00, personal_generator_state_adapter=0.000000e+00, personal_generator_id_adapter=0.000000e+00, personal_generator_context_adapter=0.000000e+00, personal_generator_direct_scale=0.000000e+00
2026-04-14 17:30:06,578 - INFO - [junyi|junyi_abce_ae_dominant_no_E|lr=0.003|drop=0.40] -> No improvement 1 epoch(s) (best AUC=0.8191 @ 6)
2026-04-14 17:31:02,095 - INFO - [junyi|junyi_abce_ae_dominant_no_E|lr=0.003|drop=0.40] Epoch [008/100] | Train: Loss=0.4961, BCE=0.4834, Reg=0.0128, AUC=0.8219, ACC=0.7701, RMSE=0.3980 | Val: Loss=0.4934, BCE=0.4807, Reg=0.0128, AUC=0.8209, ACC=0.7748, RMSE=0.3966
2026-04-14 17:31:02,096 - INFO - [junyi|junyi_abce_ae_dominant_no_E|lr=0.003|drop=0.40] [Reg Terms] Epoch [008] | Train: graph_entropy=0.000000, graph_diag=0.006003, graph_uniform=0.006753, graph_reg_scale=1.0000, prediction_l2=0.000000, personal_sparse=0.000000, alpha_var=0.000000, alpha_collapse=0.000000, reg_bce_ratio=0.0264 | Val: graph_entropy=0.000000, graph_diag=0.006000, graph_uniform=0.006753, graph_reg_scale=1.0000, prediction_l2=0.000000, personal_sparse=0.000000, alpha_var=0.000000, alpha_collapse=0.000000, reg_bce_ratio=0.0265
2026-04-14 17:31:02,282 - INFO - [junyi|junyi_abce_ae_dominant_no_E|lr=0.003|drop=0.40] [Diag][AE] Epoch [008] | irt_abs_mean=1.8011, irt_std=1.0450, personal_warmup_scale=1.00, graph_row_entropy=3.2177, graph_entropy_ratio=0.4915, alpha_mean=0.0000, alpha_std=0.0000, alpha_bias_std=0.0000, alpha_state_path=0.0000, alpha_id_path=0.0000, alpha_bias_path=0.0000, head_bias_path=0.0000, personal_row_entropy=0.0000, personal_matrix_delta=0.0000, personal_matrix_student_std=0.0000, personal_delta_pre_softmax_norm=0.0000, personal_delta_student_std=0.0000, alpha_head_std=0.0000, personal_student_mix=0.0000, personal_student_adapter=0.0000, local_row_ratio=0.0000, support_density=0.0000, readout_query_delta=0.0000, personal_bad_rows=0.00, personal_fallback_rows=0.00, personal_logits_absmax=0.0000
2026-04-14 17:31:02,282 - INFO - [junyi|junyi_abce_ae_dominant_no_E|lr=0.003|drop=0.40] [Diag][A] Epoch [008] | entropy_ratio=0.4915, diag_mass=0.0500, to_uniform_l2=0.007448, to_identity_l2=0.036726, relation_identity_delta=0.000000, knowledge_state_graph_delta=0.000000, knowledge_state_personal_delta=0.000000, share_concept_embeddings=True, tau_mean=0.6931, tau_std=0.0000, graph_reg_scale(train/val)=1.0000/1.0000
2026-04-14 17:31:02,282 - INFO - [junyi|junyi_abce_ae_dominant_no_E|lr=0.003|drop=0.40] [Grad Norms] Epoch [008] | relation_emb=3.262496e-01, relation_tau=5.831675e-13, relation_wq=1.942679e-09, relation_wk=2.055675e-09, personal_u=0.000000e+00, personal_v=0.000000e+00, personal_alpha_bias=0.000000e+00, personal_gate_emb=0.000000e+00, personal_gate_state_proj=0.000000e+00, personal_gate_context_proj=0.000000e+00, personal_gate_state_direct=0.000000e+00, personal_gate_id_direct=0.000000e+00, personal_gate_context_direct=0.000000e+00, personal_gate_out=0.000000e+00, personal_generator_emb=0.000000e+00, personal_generator_context_proj=0.000000e+00, personal_generator_context_hidden=0.000000e+00, personal_generator_context_to_u=0.000000e+00, personal_generator_context_to_v=0.000000e+00, personal_generator_state_row=0.000000e+00, personal_generator_state_col=0.000000e+00, personal_generator_id_row=0.000000e+00, personal_generator_id_col=0.000000e+00, personal_generator_state_adapter=0.000000e+00, personal_generator_id_adapter=0.000000e+00, personal_generator_context_adapter=0.000000e+00, personal_generator_direct_scale=0.000000e+00
2026-04-14 17:31:02,432 - INFO - [junyi|junyi_abce_ae_dominant_no_E|lr=0.003|drop=0.40] -> New best AUC=0.8209 at epoch 8
2026-04-14 17:31:57,852 - INFO - [junyi|junyi_abce_ae_dominant_no_E|lr=0.003|drop=0.40] Epoch [009/100] | Train: Loss=0.4959, BCE=0.4832, Reg=0.0128, AUC=0.8219, ACC=0.7702, RMSE=0.3980 | Val: Loss=0.4966, BCE=0.4839, Reg=0.0128, AUC=0.8195, ACC=0.7710, RMSE=0.3982
2026-04-14 17:31:57,852 - INFO - [junyi|junyi_abce_ae_dominant_no_E|lr=0.003|drop=0.40] [Reg Terms] Epoch [009] | Train: graph_entropy=0.000000, graph_diag=0.006004, graph_uniform=0.006753, graph_reg_scale=1.0000, prediction_l2=0.000000, personal_sparse=0.000000, alpha_var=0.000000, alpha_collapse=0.000000, reg_bce_ratio=0.0264 | Val: graph_entropy=0.000000, graph_diag=0.006000, graph_uniform=0.006753, graph_reg_scale=1.0000, prediction_l2=0.000000, personal_sparse=0.000000, alpha_var=0.000000, alpha_collapse=0.000000, reg_bce_ratio=0.0264
2026-04-14 17:31:58,049 - INFO - [junyi|junyi_abce_ae_dominant_no_E|lr=0.003|drop=0.40] [Diag][AE] Epoch [009] | irt_abs_mean=1.7497, irt_std=1.0787, personal_warmup_scale=1.00, graph_row_entropy=3.2177, graph_entropy_ratio=0.4915, alpha_mean=0.0000, alpha_std=0.0000, alpha_bias_std=0.0000, alpha_state_path=0.0000, alpha_id_path=0.0000, alpha_bias_path=0.0000, head_bias_path=0.0000, personal_row_entropy=0.0000, personal_matrix_delta=0.0000, personal_matrix_student_std=0.0000, personal_delta_pre_softmax_norm=0.0000, personal_delta_student_std=0.0000, alpha_head_std=0.0000, personal_student_mix=0.0000, personal_student_adapter=0.0000, local_row_ratio=0.0000, support_density=0.0000, readout_query_delta=0.0000, personal_bad_rows=0.00, personal_fallback_rows=0.00, personal_logits_absmax=0.0000
2026-04-14 17:31:58,049 - INFO - [junyi|junyi_abce_ae_dominant_no_E|lr=0.003|drop=0.40] [Diag][A] Epoch [009] | entropy_ratio=0.4915, diag_mass=0.0500, to_uniform_l2=0.007448, to_identity_l2=0.036726, relation_identity_delta=0.000000, knowledge_state_graph_delta=0.000000, knowledge_state_personal_delta=0.000000, share_concept_embeddings=True, tau_mean=0.6931, tau_std=0.0000, graph_reg_scale(train/val)=1.0000/1.0000
2026-04-14 17:31:58,049 - INFO - [junyi|junyi_abce_ae_dominant_no_E|lr=0.003|drop=0.40] [Grad Norms] Epoch [009] | relation_emb=3.116215e-01, relation_tau=1.957120e-12, relation_wq=2.448412e-09, relation_wk=2.211976e-09, personal_u=0.000000e+00, personal_v=0.000000e+00, personal_alpha_bias=0.000000e+00, personal_gate_emb=0.000000e+00, personal_gate_state_proj=0.000000e+00, personal_gate_context_proj=0.000000e+00, personal_gate_state_direct=0.000000e+00, personal_gate_id_direct=0.000000e+00, personal_gate_context_direct=0.000000e+00, personal_gate_out=0.000000e+00, personal_generator_emb=0.000000e+00, personal_generator_context_proj=0.000000e+00, personal_generator_context_hidden=0.000000e+00, personal_generator_context_to_u=0.000000e+00, personal_generator_context_to_v=0.000000e+00, personal_generator_state_row=0.000000e+00, personal_generator_state_col=0.000000e+00, personal_generator_id_row=0.000000e+00, personal_generator_id_col=0.000000e+00, personal_generator_state_adapter=0.000000e+00, personal_generator_id_adapter=0.000000e+00, personal_generator_context_adapter=0.000000e+00, personal_generator_direct_scale=0.000000e+00
2026-04-14 17:31:58,050 - INFO - [junyi|junyi_abce_ae_dominant_no_E|lr=0.003|drop=0.40] -> No improvement 1 epoch(s) (best AUC=0.8209 @ 8)
2026-04-14 17:32:53,155 - INFO - [junyi|junyi_abce_ae_dominant_no_E|lr=0.003|drop=0.40] Epoch [010/100] | Train: Loss=0.4948, BCE=0.4820, Reg=0.0128, AUC=0.8229, ACC=0.7714, RMSE=0.3974 | Val: Loss=0.4951, BCE=0.4824, Reg=0.0128, AUC=0.8195, ACC=0.7740, RMSE=0.3973
2026-04-14 17:32:53,155 - INFO - [junyi|junyi_abce_ae_dominant_no_E|lr=0.003|drop=0.40] [Reg Terms] Epoch [010] | Train: graph_entropy=0.000000, graph_diag=0.006003, graph_uniform=0.006753, graph_reg_scale=1.0000, prediction_l2=0.000000, personal_sparse=0.000000, alpha_var=0.000000, alpha_collapse=0.000000, reg_bce_ratio=0.0265 | Val: graph_entropy=0.000000, graph_diag=0.006000, graph_uniform=0.006753, graph_reg_scale=1.0000, prediction_l2=0.000000, personal_sparse=0.000000, alpha_var=0.000000, alpha_collapse=0.000000, reg_bce_ratio=0.0264
2026-04-14 17:32:53,332 - INFO - [junyi|junyi_abce_ae_dominant_no_E|lr=0.003|drop=0.40] [Diag][AE] Epoch [010] | irt_abs_mean=1.7985, irt_std=1.0910, personal_warmup_scale=1.00, graph_row_entropy=3.2177, graph_entropy_ratio=0.4915, alpha_mean=0.0000, alpha_std=0.0000, alpha_bias_std=0.0000, alpha_state_path=0.0000, alpha_id_path=0.0000, alpha_bias_path=0.0000, head_bias_path=0.0000, personal_row_entropy=0.0000, personal_matrix_delta=0.0000, personal_matrix_student_std=0.0000, personal_delta_pre_softmax_norm=0.0000, personal_delta_student_std=0.0000, alpha_head_std=0.0000, personal_student_mix=0.0000, personal_student_adapter=0.0000, local_row_ratio=0.0000, support_density=0.0000, readout_query_delta=0.0000, personal_bad_rows=0.00, personal_fallback_rows=0.00, personal_logits_absmax=0.0000
2026-04-14 17:32:53,333 - INFO - [junyi|junyi_abce_ae_dominant_no_E|lr=0.003|drop=0.40] [Diag][A] Epoch [010] | entropy_ratio=0.4915, diag_mass=0.0500, to_uniform_l2=0.007448, to_identity_l2=0.036726, relation_identity_delta=0.000000, knowledge_state_graph_delta=0.000000, knowledge_state_personal_delta=0.000000, share_concept_embeddings=True, tau_mean=0.6931, tau_std=0.0000, graph_reg_scale(train/val)=1.0000/1.0000
2026-04-14 17:32:53,333 - INFO - [junyi|junyi_abce_ae_dominant_no_E|lr=0.003|drop=0.40] [Grad Norms] Epoch [010] | relation_emb=3.084606e-01, relation_tau=2.211674e-12, relation_wq=2.724013e-09, relation_wk=2.659505e-09, personal_u=0.000000e+00, personal_v=0.000000e+00, personal_alpha_bias=0.000000e+00, personal_gate_emb=0.000000e+00, personal_gate_state_proj=0.000000e+00, personal_gate_context_proj=0.000000e+00, personal_gate_state_direct=0.000000e+00, personal_gate_id_direct=0.000000e+00, personal_gate_context_direct=0.000000e+00, personal_gate_out=0.000000e+00, personal_generator_emb=0.000000e+00, personal_generator_context_proj=0.000000e+00, personal_generator_context_hidden=0.000000e+00, personal_generator_context_to_u=0.000000e+00, personal_generator_context_to_v=0.000000e+00, personal_generator_state_row=0.000000e+00, personal_generator_state_col=0.000000e+00, personal_generator_id_row=0.000000e+00, personal_generator_id_col=0.000000e+00, personal_generator_state_adapter=0.000000e+00, personal_generator_id_adapter=0.000000e+00, personal_generator_context_adapter=0.000000e+00, personal_generator_direct_scale=0.000000e+00
2026-04-14 17:32:53,333 - INFO - [junyi|junyi_abce_ae_dominant_no_E|lr=0.003|drop=0.40] -> No improvement 2 epoch(s) (best AUC=0.8209 @ 8)
2026-04-14 17:32:53,359 - INFO - [junyi|junyi_abce_ae_dominant_no_E|lr=0.003|drop=0.40] Checkpoint saved: checkpoints/abce_diag/remote_ae_cleanrerun2_20260415_4118a85/junyi/seed42/ae_dominant_no_E/checkpoint_epoch_10.pth
2026-04-14 17:32:53,544 - INFO - [junyi|junyi_abce_ae_dominant_no_E|lr=0.003|drop=0.40] [Module Activity] Epoch 10: Graph[OK]
2026-04-14 17:33:48,788 - INFO - [junyi|junyi_abce_ae_dominant_no_E|lr=0.003|drop=0.40] Epoch [011/100] | Train: Loss=0.4825, BCE=0.4697, Reg=0.0128, AUC=0.8333, ACC=0.7795, RMSE=0.3912 | Val: Loss=0.4956, BCE=0.4829, Reg=0.0128, AUC=0.8223, ACC=0.7750, RMSE=0.3966
2026-04-14 17:33:48,788 - INFO - [junyi|junyi_abce_ae_dominant_no_E|lr=0.003|drop=0.40] [Reg Terms] Epoch [011] | Train: graph_entropy=0.000000, graph_diag=0.006000, graph_uniform=0.006753, graph_reg_scale=1.0000, prediction_l2=0.000000, personal_sparse=0.000000, alpha_var=0.000000, alpha_collapse=0.000000, reg_bce_ratio=0.0272 | Val: graph_entropy=0.000000, graph_diag=0.006000, graph_uniform=0.006753, graph_reg_scale=1.0000, prediction_l2=0.000000, personal_sparse=0.000000, alpha_var=0.000000, alpha_collapse=0.000000, reg_bce_ratio=0.0264
2026-04-14 17:33:48,955 - INFO - [junyi|junyi_abce_ae_dominant_no_E|lr=0.003|drop=0.40] [Diag][AE] Epoch [011] | irt_abs_mean=1.9485, irt_std=1.1760, personal_warmup_scale=1.00, graph_row_entropy=3.2177, graph_entropy_ratio=0.4915, alpha_mean=0.0000, alpha_std=0.0000, alpha_bias_std=0.0000, alpha_state_path=0.0000, alpha_id_path=0.0000, alpha_bias_path=0.0000, head_bias_path=0.0000, personal_row_entropy=0.0000, personal_matrix_delta=0.0000, personal_matrix_student_std=0.0000, personal_delta_pre_softmax_norm=0.0000, personal_delta_student_std=0.0000, alpha_head_std=0.0000, personal_student_mix=0.0000, personal_student_adapter=0.0000, local_row_ratio=0.0000, support_density=0.0000, readout_query_delta=0.0000, personal_bad_rows=0.00, personal_fallback_rows=0.00, personal_logits_absmax=0.0000
2026-04-14 17:33:48,955 - INFO - [junyi|junyi_abce_ae_dominant_no_E|lr=0.003|drop=0.40] [Diag][A] Epoch [011] | entropy_ratio=0.4915, diag_mass=0.0500, to_uniform_l2=0.007448, to_identity_l2=0.036726, relation_identity_delta=0.000000, knowledge_state_graph_delta=0.000000, knowledge_state_personal_delta=0.000000, share_concept_embeddings=True, tau_mean=0.6931, tau_std=0.0000, graph_reg_scale(train/val)=1.0000/1.0000
2026-04-14 17:33:48,955 - INFO - [junyi|junyi_abce_ae_dominant_no_E|lr=0.003|drop=0.40] [Grad Norms] Epoch [011] | relation_emb=4.477629e-01, relation_tau=0.000000e+00, relation_wq=0.000000e+00, relation_wk=0.000000e+00, personal_u=0.000000e+00, personal_v=0.000000e+00, personal_alpha_bias=0.000000e+00, personal_gate_emb=0.000000e+00, personal_gate_state_proj=0.000000e+00, personal_gate_context_proj=0.000000e+00, personal_gate_state_direct=0.000000e+00, personal_gate_id_direct=0.000000e+00, personal_gate_context_direct=0.000000e+00, personal_gate_out=0.000000e+00, personal_generator_emb=0.000000e+00, personal_generator_context_proj=0.000000e+00, personal_generator_context_hidden=0.000000e+00, personal_generator_context_to_u=0.000000e+00, personal_generator_context_to_v=0.000000e+00, personal_generator_state_row=0.000000e+00, personal_generator_state_col=0.000000e+00, personal_generator_id_row=0.000000e+00, personal_generator_id_col=0.000000e+00, personal_generator_state_adapter=0.000000e+00, personal_generator_id_adapter=0.000000e+00, personal_generator_context_adapter=0.000000e+00, personal_generator_direct_scale=0.000000e+00
2026-04-14 17:33:49,110 - INFO - [junyi|junyi_abce_ae_dominant_no_E|lr=0.003|drop=0.40] -> New best AUC=0.8223 at epoch 11
2026-04-14 17:34:44,630 - INFO - [junyi|junyi_abce_ae_dominant_no_E|lr=0.003|drop=0.40] Epoch [012/100] | Train: Loss=0.4797, BCE=0.4669, Reg=0.0128, AUC=0.8354, ACC=0.7814, RMSE=0.3898 | Val: Loss=0.4951, BCE=0.4823, Reg=0.0128, AUC=0.8234, ACC=0.7728, RMSE=0.3973
2026-04-14 17:34:44,630 - INFO - [junyi|junyi_abce_ae_dominant_no_E|lr=0.003|drop=0.40] [Reg Terms] Epoch [012] | Train: graph_entropy=0.000000, graph_diag=0.006005, graph_uniform=0.006753, graph_reg_scale=1.0000, prediction_l2=0.000000, personal_sparse=0.000000, alpha_var=0.000000, alpha_collapse=0.000000, reg_bce_ratio=0.0273 | Val: graph_entropy=0.000000, graph_diag=0.006000, graph_uniform=0.006753, graph_reg_scale=1.0000, prediction_l2=0.000000, personal_sparse=0.000000, alpha_var=0.000000, alpha_collapse=0.000000, reg_bce_ratio=0.0264
2026-04-14 17:34:44,800 - INFO - [junyi|junyi_abce_ae_dominant_no_E|lr=0.003|drop=0.40] [Diag][AE] Epoch [012] | irt_abs_mean=1.8858, irt_std=1.1560, personal_warmup_scale=1.00, graph_row_entropy=3.2177, graph_entropy_ratio=0.4915, alpha_mean=0.0000, alpha_std=0.0000, alpha_bias_std=0.0000, alpha_state_path=0.0000, alpha_id_path=0.0000, alpha_bias_path=0.0000, head_bias_path=0.0000, personal_row_entropy=0.0000, personal_matrix_delta=0.0000, personal_matrix_student_std=0.0000, personal_delta_pre_softmax_norm=0.0000, personal_delta_student_std=0.0000, alpha_head_std=0.0000, personal_student_mix=0.0000, personal_student_adapter=0.0000, local_row_ratio=0.0000, support_density=0.0000, readout_query_delta=0.0000, personal_bad_rows=0.00, personal_fallback_rows=0.00, personal_logits_absmax=0.0000
2026-04-14 17:34:44,800 - INFO - [junyi|junyi_abce_ae_dominant_no_E|lr=0.003|drop=0.40] [Diag][A] Epoch [012] | entropy_ratio=0.4915, diag_mass=0.0500, to_uniform_l2=0.007448, to_identity_l2=0.036726, relation_identity_delta=0.000000, knowledge_state_graph_delta=0.000000, knowledge_state_personal_delta=0.000000, share_concept_embeddings=True, tau_mean=0.6931, tau_std=0.0000, graph_reg_scale(train/val)=1.0000/1.0000
2026-04-14 17:34:44,800 - INFO - [junyi|junyi_abce_ae_dominant_no_E|lr=0.003|drop=0.40] [Grad Norms] Epoch [012] | relation_emb=4.723428e-01, relation_tau=0.000000e+00, relation_wq=0.000000e+00, relation_wk=0.000000e+00, personal_u=0.000000e+00, personal_v=0.000000e+00, personal_alpha_bias=0.000000e+00, personal_gate_emb=0.000000e+00, personal_gate_state_proj=0.000000e+00, personal_gate_context_proj=0.000000e+00, personal_gate_state_direct=0.000000e+00, personal_gate_id_direct=0.000000e+00, personal_gate_context_direct=0.000000e+00, personal_gate_out=0.000000e+00, personal_generator_emb=0.000000e+00, personal_generator_context_proj=0.000000e+00, personal_generator_context_hidden=0.000000e+00, personal_generator_context_to_u=0.000000e+00, personal_generator_context_to_v=0.000000e+00, personal_generator_state_row=0.000000e+00, personal_generator_state_col=0.000000e+00, personal_generator_id_row=0.000000e+00, personal_generator_id_col=0.000000e+00, personal_generator_state_adapter=0.000000e+00, personal_generator_id_adapter=0.000000e+00, personal_generator_context_adapter=0.000000e+00, personal_generator_direct_scale=0.000000e+00
2026-04-14 17:34:44,992 - INFO - [junyi|junyi_abce_ae_dominant_no_E|lr=0.003|drop=0.40] -> New best AUC=0.8234 at epoch 12
2026-04-14 17:35:40,871 - INFO - [junyi|junyi_abce_ae_dominant_no_E|lr=0.003|drop=0.40] Epoch [013/100] | Train: Loss=0.4787, BCE=0.4660, Reg=0.0128, AUC=0.8363, ACC=0.7819, RMSE=0.3893 | Val: Loss=0.4931, BCE=0.4804, Reg=0.0128, AUC=0.8227, ACC=0.7754, RMSE=0.3964
2026-04-14 17:35:40,872 - INFO - [junyi|junyi_abce_ae_dominant_no_E|lr=0.003|drop=0.40] [Reg Terms] Epoch [013] | Train: graph_entropy=0.000000, graph_diag=0.006000, graph_uniform=0.006753, graph_reg_scale=1.0000, prediction_l2=0.000000, personal_sparse=0.000000, alpha_var=0.000000, alpha_collapse=0.000000, reg_bce_ratio=0.0274 | Val: graph_entropy=0.000000, graph_diag=0.006000, graph_uniform=0.006753, graph_reg_scale=1.0000, prediction_l2=0.000000, personal_sparse=0.000000, alpha_var=0.000000, alpha_collapse=0.000000, reg_bce_ratio=0.0265
2026-04-14 17:35:41,064 - INFO - [junyi|junyi_abce_ae_dominant_no_E|lr=0.003|drop=0.40] [Diag][AE] Epoch [013] | irt_abs_mean=1.8650, irt_std=1.0496, personal_warmup_scale=1.00, graph_row_entropy=3.2177, graph_entropy_ratio=0.4915, alpha_mean=0.0000, alpha_std=0.0000, alpha_bias_std=0.0000, alpha_state_path=0.0000, alpha_id_path=0.0000, alpha_bias_path=0.0000, head_bias_path=0.0000, personal_row_entropy=0.0000, personal_matrix_delta=0.0000, personal_matrix_student_std=0.0000, personal_delta_pre_softmax_norm=0.0000, personal_delta_student_std=0.0000, alpha_head_std=0.0000, personal_student_mix=0.0000, personal_student_adapter=0.0000, local_row_ratio=0.0000, support_density=0.0000, readout_query_delta=0.0000, personal_bad_rows=0.00, personal_fallback_rows=0.00, personal_logits_absmax=0.0000
2026-04-14 17:35:41,064 - INFO - [junyi|junyi_abce_ae_dominant_no_E|lr=0.003|drop=0.40] [Diag][A] Epoch [013] | entropy_ratio=0.4915, diag_mass=0.0500, to_uniform_l2=0.007448, to_identity_l2=0.036726, relation_identity_delta=0.000000, knowledge_state_graph_delta=0.000000, knowledge_state_personal_delta=0.000000, share_concept_embeddings=True, tau_mean=0.6931, tau_std=0.0000, graph_reg_scale(train/val)=1.0000/1.0000
2026-04-14 17:35:41,065 - INFO - [junyi|junyi_abce_ae_dominant_no_E|lr=0.003|drop=0.40] [Grad Norms] Epoch [013] | relation_emb=5.728621e-01, relation_tau=4.237800e-14, relation_wq=3.283448e-10, relation_wk=2.968787e-10, personal_u=0.000000e+00, personal_v=0.000000e+00, personal_alpha_bias=0.000000e+00, personal_gate_emb=0.000000e+00, personal_gate_state_proj=0.000000e+00, personal_gate_context_proj=0.000000e+00, personal_gate_state_direct=0.000000e+00, personal_gate_id_direct=0.000000e+00, personal_gate_context_direct=0.000000e+00, personal_gate_out=0.000000e+00, personal_generator_emb=0.000000e+00, personal_generator_context_proj=0.000000e+00, personal_generator_context_hidden=0.000000e+00, personal_generator_context_to_u=0.000000e+00, personal_generator_context_to_v=0.000000e+00, personal_generator_state_row=0.000000e+00, personal_generator_state_col=0.000000e+00, personal_generator_id_row=0.000000e+00, personal_generator_id_col=0.000000e+00, personal_generator_state_adapter=0.000000e+00, personal_generator_id_adapter=0.000000e+00, personal_generator_context_adapter=0.000000e+00, personal_generator_direct_scale=0.000000e+00
2026-04-14 17:35:41,065 - INFO - [junyi|junyi_abce_ae_dominant_no_E|lr=0.003|drop=0.40] -> No improvement 1 epoch(s) (best AUC=0.8234 @ 12)
2026-04-14 17:36:37,031 - INFO - [junyi|junyi_abce_ae_dominant_no_E|lr=0.003|drop=0.40] Epoch [014/100] | Train: Loss=0.4762, BCE=0.4634, Reg=0.0128, AUC=0.8382, ACC=0.7840, RMSE=0.3882 | Val: Loss=0.4961, BCE=0.4833, Reg=0.0128, AUC=0.8202, ACC=0.7736, RMSE=0.3974
2026-04-14 17:36:37,031 - INFO - [junyi|junyi_abce_ae_dominant_no_E|lr=0.003|drop=0.40] [Reg Terms] Epoch [014] | Train: graph_entropy=0.000000, graph_diag=0.006003, graph_uniform=0.006753, graph_reg_scale=1.0000, prediction_l2=0.000000, personal_sparse=0.000000, alpha_var=0.000000, alpha_collapse=0.000000, reg_bce_ratio=0.0275 | Val: graph_entropy=0.000000, graph_diag=0.006000, graph_uniform=0.006753, graph_reg_scale=1.0000, prediction_l2=0.000000, personal_sparse=0.000000, alpha_var=0.000000, alpha_collapse=0.000000, reg_bce_ratio=0.0264
2026-04-14 17:36:37,200 - INFO - [junyi|junyi_abce_ae_dominant_no_E|lr=0.003|drop=0.40] [Diag][AE] Epoch [014] | irt_abs_mean=1.8412, irt_std=1.0831, personal_warmup_scale=1.00, graph_row_entropy=3.2177, graph_entropy_ratio=0.4915, alpha_mean=0.0000, alpha_std=0.0000, alpha_bias_std=0.0000, alpha_state_path=0.0000, alpha_id_path=0.0000, alpha_bias_path=0.0000, head_bias_path=0.0000, personal_row_entropy=0.0000, personal_matrix_delta=0.0000, personal_matrix_student_std=0.0000, personal_delta_pre_softmax_norm=0.0000, personal_delta_student_std=0.0000, alpha_head_std=0.0000, personal_student_mix=0.0000, personal_student_adapter=0.0000, local_row_ratio=0.0000, support_density=0.0000, readout_query_delta=0.0000, personal_bad_rows=0.00, personal_fallback_rows=0.00, personal_logits_absmax=0.0000
2026-04-14 17:36:37,201 - INFO - [junyi|junyi_abce_ae_dominant_no_E|lr=0.003|drop=0.40] [Diag][A] Epoch [014] | entropy_ratio=0.4915, diag_mass=0.0500, to_uniform_l2=0.007448, to_identity_l2=0.036726, relation_identity_delta=0.000000, knowledge_state_graph_delta=0.000000, knowledge_state_personal_delta=0.000000, share_concept_embeddings=True, tau_mean=0.6931, tau_std=0.0000, graph_reg_scale(train/val)=1.0000/1.0000
2026-04-14 17:36:37,201 - INFO - [junyi|junyi_abce_ae_dominant_no_E|lr=0.003|drop=0.40] [Grad Norms] Epoch [014] | relation_emb=4.844576e-01, relation_tau=2.462193e-13, relation_wq=1.018771e-09, relation_wk=1.024920e-09, personal_u=0.000000e+00, personal_v=0.000000e+00, personal_alpha_bias=0.000000e+00, personal_gate_emb=0.000000e+00, personal_gate_state_proj=0.000000e+00, personal_gate_context_proj=0.000000e+00, personal_gate_state_direct=0.000000e+00, personal_gate_id_direct=0.000000e+00, personal_gate_context_direct=0.000000e+00, personal_gate_out=0.000000e+00, personal_generator_emb=0.000000e+00, personal_generator_context_proj=0.000000e+00, personal_generator_context_hidden=0.000000e+00, personal_generator_context_to_u=0.000000e+00, personal_generator_context_to_v=0.000000e+00, personal_generator_state_row=0.000000e+00, personal_generator_state_col=0.000000e+00, personal_generator_id_row=0.000000e+00, personal_generator_id_col=0.000000e+00, personal_generator_state_adapter=0.000000e+00, personal_generator_id_adapter=0.000000e+00, personal_generator_context_adapter=0.000000e+00, personal_generator_direct_scale=0.000000e+00
2026-04-14 17:36:37,201 - INFO - [junyi|junyi_abce_ae_dominant_no_E|lr=0.003|drop=0.40] -> No improvement 2 epoch(s) (best AUC=0.8234 @ 12)
2026-04-14 17:37:32,529 - INFO - [junyi|junyi_abce_ae_dominant_no_E|lr=0.003|drop=0.40] Epoch [015/100] | Train: Loss=0.4620, BCE=0.4492, Reg=0.0128, AUC=0.8494, ACC=0.7925, RMSE=0.3809 | Val: Loss=0.4977, BCE=0.4850, Reg=0.0128, AUC=0.8228, ACC=0.7741, RMSE=0.3976
2026-04-14 17:37:32,530 - INFO - [junyi|junyi_abce_ae_dominant_no_E|lr=0.003|drop=0.40] [Reg Terms] Epoch [015] | Train: graph_entropy=0.000000, graph_diag=0.006000, graph_uniform=0.006753, graph_reg_scale=1.0000, prediction_l2=0.000000, personal_sparse=0.000000, alpha_var=0.000000, alpha_collapse=0.000000, reg_bce_ratio=0.0284 | Val: graph_entropy=0.000000, graph_diag=0.006000, graph_uniform=0.006753, graph_reg_scale=1.0000, prediction_l2=0.000000, personal_sparse=0.000000, alpha_var=0.000000, alpha_collapse=0.000000, reg_bce_ratio=0.0263
2026-04-14 17:37:32,739 - INFO - [junyi|junyi_abce_ae_dominant_no_E|lr=0.003|drop=0.40] [Diag][AE] Epoch [015] | irt_abs_mean=1.9876, irt_std=1.1905, personal_warmup_scale=1.00, graph_row_entropy=3.2177, graph_entropy_ratio=0.4915, alpha_mean=0.0000, alpha_std=0.0000, alpha_bias_std=0.0000, alpha_state_path=0.0000, alpha_id_path=0.0000, alpha_bias_path=0.0000, head_bias_path=0.0000, personal_row_entropy=0.0000, personal_matrix_delta=0.0000, personal_matrix_student_std=0.0000, personal_delta_pre_softmax_norm=0.0000, personal_delta_student_std=0.0000, alpha_head_std=0.0000, personal_student_mix=0.0000, personal_student_adapter=0.0000, local_row_ratio=0.0000, support_density=0.0000, readout_query_delta=0.0000, personal_bad_rows=0.00, personal_fallback_rows=0.00, personal_logits_absmax=0.0000
2026-04-14 17:37:32,739 - INFO - [junyi|junyi_abce_ae_dominant_no_E|lr=0.003|drop=0.40] [Diag][A] Epoch [015] | entropy_ratio=0.4915, diag_mass=0.0500, to_uniform_l2=0.007448, to_identity_l2=0.036726, relation_identity_delta=0.000000, knowledge_state_graph_delta=0.000000, knowledge_state_personal_delta=0.000000, share_concept_embeddings=True, tau_mean=0.6931, tau_std=0.0000, graph_reg_scale(train/val)=1.0000/1.0000
2026-04-14 17:37:32,739 - INFO - [junyi|junyi_abce_ae_dominant_no_E|lr=0.003|drop=0.40] [Grad Norms] Epoch [015] | relation_emb=7.016723e-01, relation_tau=0.000000e+00, relation_wq=0.000000e+00, relation_wk=0.000000e+00, personal_u=0.000000e+00, personal_v=0.000000e+00, personal_alpha_bias=0.000000e+00, personal_gate_emb=0.000000e+00, personal_gate_state_proj=0.000000e+00, personal_gate_context_proj=0.000000e+00, personal_gate_state_direct=0.000000e+00, personal_gate_id_direct=0.000000e+00, personal_gate_context_direct=0.000000e+00, personal_gate_out=0.000000e+00, personal_generator_emb=0.000000e+00, personal_generator_context_proj=0.000000e+00, personal_generator_context_hidden=0.000000e+00, personal_generator_context_to_u=0.000000e+00, personal_generator_context_to_v=0.000000e+00, personal_generator_state_row=0.000000e+00, personal_generator_state_col=0.000000e+00, personal_generator_id_row=0.000000e+00, personal_generator_id_col=0.000000e+00, personal_generator_state_adapter=0.000000e+00, personal_generator_id_adapter=0.000000e+00, personal_generator_context_adapter=0.000000e+00, personal_generator_direct_scale=0.000000e+00
2026-04-14 17:37:32,740 - INFO - [junyi|junyi_abce_ae_dominant_no_E|lr=0.003|drop=0.40] -> No improvement 3 epoch(s) (best AUC=0.8234 @ 12)
2026-04-14 17:37:32,740 - INFO - [junyi|junyi_abce_ae_dominant_no_E|lr=0.003|drop=0.40] Early stopping at epoch 15 (best AUC=0.8234 @ 12)
2026-04-14 17:37:32,745 - INFO - Epoch-wise metrics saved to checkpoints/abce_diag/remote_ae_cleanrerun2_20260415_4118a85/junyi/seed42/ae_dominant_no_E/metrics_history.csv
2026-04-14 17:37:32,747 - INFO - [junyi|junyi_abce_ae_dominant_no_E|lr=0.003|drop=0.40] Training completed! Best Val AUC=0.8234 @ epoch 12
2026-04-14 17:37:32,972 - INFO - 
============================================================
         MODULE ACTIVITY REPORT
============================================================
Dataset: junyi | Seed: 42 | Epoch: 15

1. Concept Graph Module (A):
   - Mean row entropy: 3.218 / 6.547
   - Entropy ratio: 49.1%
   - Status: ACTIVE (learning meaningful structure)

2. Personal Graph Module (E):
   - Status: DISABLED (use_personal_graph=False or no_E)

------------------------------------------------------------
SUMMARY:
   Active modules: Concept Graph (A)
   All enabled graph modules are functioning properly.
============================================================
2026-04-14 17:37:32,972 - INFO - [junyi|junyi_abce_ae_dominant_no_E|lr=0.003|drop=0.40] Module activity saved to checkpoints/abce_diag/remote_ae_cleanrerun2_20260415_4118a85/junyi/seed42/ae_dominant_no_E/module_activity.json
2026-04-14 17:37:33,019 - INFO - Using device: cuda:0 (physical gpu 1)
2026-04-14 17:37:33,019 - INFO - Loading model from checkpoints/abce_diag/remote_ae_cleanrerun2_20260415_4118a85/junyi/seed42/ae_dominant_no_E/best_model.pth...
2026-04-14 17:37:33,085 - INFO - [Inference Filter] before=67063, after=60494, dropped=6569, coverage=90.20% (train-only seen student/item support)
2026-04-14 17:37:33,098 - INFO - Inference switches: ablate_module1=False | enable_module1=True | use_concept_graph=True | effective(num_gnn_layers=2)
2026-04-14 17:37:33,122 - INFO - [Inference] Ablation runtime check: args(ablate_module1=False) | expect(use_concept_graph=True,use_personal_graph=False) | model(enable_module1=True,use_concept_graph=True,use_personal_graph=False) | physical(has_knowledge_encoder=True,has_relation_learning=True,has_adaptive_gate=False,has_personal_generator=False)
2026-04-14 17:37:33,122 - INFO - [Inference] [Graph Init] graph_tau_mean=1.0055, graph_tau_std=0.0000, graph_dropout=0.000, use_personal_graph=False
2026-04-14 17:37:33,123 - INFO - Model loaded from epoch 12. Start testing...
2026-04-14 17:37:36,906 - INFO - [Test] 200/237 batches done, samples=51200
2026-04-14 17:37:37,651 - INFO - 
==================================================
2026-04-14 17:37:37,651 - INFO - Test Results:
2026-04-14 17:37:37,651 - INFO - AUC: 0.8289
2026-04-14 17:37:37,651 - INFO - ACC: 0.7692
2026-04-14 17:37:37,651 - INFO - RMSE: 0.4004
2026-04-14 17:37:37,651 - INFO - ==================================================
2026-04-14 17:37:37,668 - INFO - Summary appended to /home/zsh/ConceptSkillCDM/results/experiment_results.csv
2026-04-14 17:37:37,668 - INFO - 
Generating student diagnosis reports...
2026-04-14 17:37:37,691 - INFO - Student diagnosis reports saved to checkpoints/abce_diag/remote_ae_cleanrerun2_20260415_4118a85/junyi/seed42/ae_dominant_no_E/student_diagnosis.json
2026-04-14 17:37:37,694 - INFO - Run completed.
2026-04-14 17:37:37,694 - INFO - Best validation AUC: 0.8234 at epoch 12
2026-04-14 17:37:37,694 - INFO - Test metrics - AUC: 0.8289, ACC: 0.7692, RMSE: 0.4004
2026-04-14 17:37:37,841 - INFO - [数据清洗] 学生交互次数 < 15 次的学生：共移除 2188 个学生（仅统计用户数）
2026-04-14 17:37:37,857 - INFO - [数据清洗] 学生冷启动过滤：在 train/valid/test 中共删除 35779 条记录。
2026-04-14 17:37:37,857 - INFO - [数据清洗] 跳过题目冷门过滤（min_exer_interactions <= 0）。
2026-04-14 17:37:37,857 - INFO - [数据清洗] 跳过毒题清洗（min_poison_count <= 0）。
2026-04-14 17:37:37,857 - INFO - 正在构建ID映射...
2026-04-14 17:37:38,076 - INFO - 正在构建Q矩阵...
2026-04-14 17:37:44,666 - INFO - [数据清洗] Valid train-seen 过滤：before=22111, after=22111, dropped=0, coverage=100.00%
2026-04-14 17:37:44,670 - INFO - [数据清洗] Test train-seen 过滤：before=60499, after=60494, dropped=5, coverage=99.99%
2026-04-14 17:37:44,670 - INFO - [统计] 开始统计清洗后每道题的概念数量分布...
2026-04-14 17:37:44,674 - INFO - [Train] 概念数统计：题目数=697, 平均概念数=1.0000, min=1, max=1, 1概念=697 (100.00%), ≥2概念=0 (0.00%)
2026-04-14 17:37:44,674 - INFO - [Train] 概念数直方图（概念数: 题目数量）: {1: 697}
2026-04-14 17:37:44,675 - INFO - [Valid] 概念数统计：题目数=614, 平均概念数=1.0000, min=1, max=1, 1概念=614 (100.00%), ≥2概念=0 (0.00%)
2026-04-14 17:37:44,675 - INFO - [Valid] 概念数直方图（概念数: 题目数量）: {1: 614}
2026-04-14 17:37:44,676 - INFO - [Test] 概念数统计：题目数=663, 平均概念数=1.0000, min=1, max=1, 1概念=663 (100.00%), ≥2概念=0 (0.00%)
2026-04-14 17:37:44,676 - INFO - [Test] 概念数直方图（概念数: 题目数量）: {1: 663}
2026-04-14 17:37:44,676 - INFO - [统计] 概念数量统计完成。
2026-04-14 17:37:44,676 - INFO - 正在加载数据集...
2026-04-14 17:37:44,786 - INFO - [Component Analysis] Global graph: torch.Size([2, 697, 697])
2026-04-14 17:37:44,805 - INFO - [Component Analysis] Data saved to checkpoints/abce_diag/remote_ae_cleanrerun2_20260415_4118a85/junyi/seed42/ae_dominant_no_E/component_analysis_data.npz
2026-04-14 17:37:45,051 - INFO - Generating component analysis visualizations...
2026-04-14 17:37:45,305 - INFO - Visualizations saved to checkpoints/abce_diag/remote_ae_cleanrerun2_20260415_4118a85/junyi/seed42/ae_dominant_no_E
