2026-04-14 10:50:12,668 - INFO - Arguments:
2026-04-14 10:50:12,668 - INFO -   ablate_concept_graph: False
2026-04-14 10:50:12,668 - INFO -   ablate_module1: False
2026-04-14 10:50:12,668 - INFO -   allow_self_loop: True
2026-04-14 10:50:12,668 - INFO -   alpha_min_target: 0.0
2026-04-14 10:50:12,668 - INFO -   batch_size: 256
2026-04-14 10:50:12,668 - INFO -   data_dir: ./data/junyi
2026-04-14 10:50:12,668 - INFO -   dataset_name: junyi
2026-04-14 10:50:12,668 - INFO -   debug_graph_diag: True
2026-04-14 10:50:12,668 - INFO -   diag_batches: 1
2026-04-14 10:50:12,668 - INFO -   disable_self_loop: False
2026-04-14 10:50:12,668 - INFO -   dropout: 0.4
2026-04-14 10:50:12,668 - INFO -   early_stop_patience: 3
2026-04-14 10:50:12,668 - INFO -   enable_module1: True
2026-04-14 10:50:12,668 - INFO -   epochs: 100
2026-04-14 10:50:12,668 - INFO -   generate_diagnosis: True
2026-04-14 10:50:12,668 - INFO -   gnn_residual_weight: 0.5
2026-04-14 10:50:12,668 - INFO -   gpu_candidates: None
2026-04-14 10:50:12,668 - INFO -   gpu_ids: None
2026-04-14 10:50:12,668 - INFO -   gpu_memory_threshold: 2000
2026-04-14 10:50:12,668 - INFO -   gpus: None
2026-04-14 10:50:12,669 - INFO -   graph_dropout: 0.0
2026-04-14 10:50:12,669 - INFO -   graph_entropy_max: 0.7
2026-04-14 10:50:12,669 - INFO -   graph_entropy_min: 0.15
2026-04-14 10:50:12,669 - INFO -   graph_identity_residual: 0.05
2026-04-14 10:50:12,669 - INFO -   graph_reg_cap_ratio: 6.0
2026-04-14 10:50:12,669 - INFO -   graph_reg_warmup_epochs: 2
2026-04-14 10:50:12,669 - INFO -   graph_tau_init: 0.55
2026-04-14 10:50:12,669 - INFO -   graph_topk: 24
2026-04-14 10:50:12,669 - INFO -   graph_uniform_margin: 0.12
2026-04-14 10:50:12,669 - INFO -   knowledge_dim: 128
2026-04-14 10:50:12,669 - INFO -   lambda_alpha: 0.0
2026-04-14 10:50:12,669 - INFO -   lambda_alpha_min: 0.0
2026-04-14 10:50:12,669 - INFO -   lambda_graph_diag: 0.12
2026-04-14 10:50:12,669 - INFO -   lambda_graph_uniform: 0.06
2026-04-14 10:50:12,669 - INFO -   lambda_sparse: 0.6
2026-04-14 10:50:12,669 - INFO -   lambda_sparse_personal: 0.0
2026-04-14 10:50:12,669 - INFO -   learning_rate: 0.003
2026-04-14 10:50:12,669 - INFO -   log_dir: logs/abce_diag/remote_ae_verify_20260414_f28ff9d/junyi/seed42/ae_dominant_no_E
2026-04-14 10:50:12,669 - INFO -   min_exer_interactions: 0
2026-04-14 10:50:12,669 - INFO -   min_poison_count: 0
2026-04-14 10:50:12,669 - INFO -   min_stu_interactions: 15
2026-04-14 10:50:12,669 - INFO -   model_variant: junyi_abce_ae_dominant_no_E
2026-04-14 10:50:12,669 - INFO -   multi_gpu: False
2026-04-14 10:50:12,669 - INFO -   no_cuda: False
2026-04-14 10:50:12,669 - INFO -   num_gnn_layers: 2
2026-04-14 10:50:12,669 - INFO -   num_gpus: 1
2026-04-14 10:50:12,669 - INFO -   num_relation_heads: 2
2026-04-14 10:50:12,669 - INFO -   num_workers: 4
2026-04-14 10:50:12,669 - INFO -   patience: 1
2026-04-14 10:50:12,670 - INFO -   personal_alpha_bias_scale: 0.015
2026-04-14 10:50:12,670 - INFO -   personal_delta_scale: 5.0
2026-04-14 10:50:12,670 - INFO -   personal_direct_bias_scale: 0.0
2026-04-14 10:50:12,670 - INFO -   personal_disable_direct_bias: True
2026-04-14 10:50:12,670 - INFO -   personal_disable_student_global_context: True
2026-04-14 10:50:12,670 - INFO -   personal_max_alpha: 0.4
2026-04-14 10:50:12,670 - INFO -   personal_rank: 8
2026-04-14 10:50:12,670 - INFO -   personal_reg_warmup_epochs: 4
2026-04-14 10:50:12,670 - INFO -   personal_student_dim: 64
2026-04-14 10:50:12,670 - INFO -   personal_warmup_epochs: 4
2026-04-14 10:50:12,670 - INFO -   prediction_l2_lambda: 1e-05
2026-04-14 10:50:12,670 - INFO -   save_dir: checkpoints/abce_diag/remote_ae_verify_20260414_f28ff9d/junyi/seed42/ae_dominant_no_E
2026-04-14 10:50:12,670 - INFO -   save_interval: 10
2026-04-14 10:50:12,670 - INFO -   seed: 42
2026-04-14 10:50:12,670 - INFO -   share_concept_embeddings: True
2026-04-14 10:50:12,670 - INFO -   use_concept_graph: True
2026-04-14 10:50:12,670 - INFO -   use_exercise_graph: True
2026-04-14 10:50:12,670 - INFO -   use_personal_graph: False
2026-04-14 10:50:12,670 - INFO -   weight_decay: 0.001
2026-04-14 10:50:12,758 - INFO - Using device: cuda:0 (physical gpu 3)
2026-04-14 10:50:12,758 - INFO - [junyi|junyi_abce_ae_dominant_no_E|lr=0.003|drop=0.40] Loading datasets...
2026-04-14 10:50:12,759 - INFO - [junyi|junyi_abce_ae_dominant_no_E|lr=0.003|drop=0.40] Regularization: graph_entropy(lambda_sparse)=0.600000, graph_diag=0.120000, graph_uniform=0.060000, personal_sparse=0.000000, alpha_penalty=0.000000, alpha_min=0.000000, prediction_l2=0.000010
2026-04-14 10:50:12,759 - INFO - [junyi|junyi_abce_ae_dominant_no_E|lr=0.003|drop=0.40] Graph controls: entropy_band=[0.15, 0.70], uniform_margin=0.12, warmup_epochs=2, cap_ratio=6.00, graph_dropout=0.000, graph_tau_init=0.550
2026-04-14 10:50:12,759 - INFO - [junyi|junyi_abce_ae_dominant_no_E|lr=0.003|drop=0.40] Personal controls: personal_max_alpha=0.400, personal_delta_scale=5.000, personal_warmup_epochs=4, personal_student_dim=64, alpha_min_target=0.0000
2026-04-14 10:50:12,839 - INFO - [junyi] [数据清洗] 学生交互次数 < 15 次的学生：共移除 2188 个学生（仅统计用户数）
2026-04-14 10:50:12,852 - INFO - [junyi] [数据清洗] 学生冷启动过滤：在 train/valid/test 中共删除 35779 条记录。
2026-04-14 10:50:12,852 - INFO - [junyi] [数据清洗] 跳过题目冷门过滤（min_exer_interactions <= 0）。
2026-04-14 10:50:12,852 - INFO - [junyi] [数据清洗] 跳过毒题清洗（min_poison_count <= 0）。
2026-04-14 10:50:12,852 - INFO - [junyi] 正在构建ID映射...
2026-04-14 10:50:13,016 - INFO - [junyi] 正在构建Q矩阵...
2026-04-14 10:50:18,419 - INFO - [junyi] [数据清洗] Valid train-seen 过滤：before=22111, after=22111, dropped=0, coverage=100.00%
2026-04-14 10:50:18,426 - INFO - [junyi] [数据清洗] Test train-seen 过滤：before=60499, after=60494, dropped=5, coverage=99.99%
2026-04-14 10:50:18,429 - INFO - [junyi] [统计] 开始统计清洗后每道题的概念数量分布...
2026-04-14 10:50:18,432 - INFO - [junyi] [Train] 概念数统计：题目数=697, 平均概念数=1.0000, min=1, max=1, 1概念=697 (100.00%), ≥2概念=0 (0.00%)
2026-04-14 10:50:18,432 - INFO - [junyi] [Train] 概念数直方图（概念数: 题目数量）: {1: 697}
2026-04-14 10:50:18,433 - INFO - [junyi] [Valid] 概念数统计：题目数=614, 平均概念数=1.0000, min=1, max=1, 1概念=614 (100.00%), ≥2概念=0 (0.00%)
2026-04-14 10:50:18,433 - INFO - [junyi] [Valid] 概念数直方图（概念数: 题目数量）: {1: 614}
2026-04-14 10:50:18,434 - INFO - [junyi] [Test] 概念数统计：题目数=663, 平均概念数=1.0000, min=1, max=1, 1概念=663 (100.00%), ≥2概念=0 (0.00%)
2026-04-14 10:50:18,434 - INFO - [junyi] [Test] 概念数直方图（概念数: 题目数量）: {1: 663}
2026-04-14 10:50:18,434 - INFO - [junyi] [统计] 概念数量统计完成。
2026-04-14 10:50:18,434 - INFO - [junyi] 正在加载数据集...
2026-04-14 10:50:18,526 - INFO - [junyi|junyi_abce_ae_dominant_no_E|lr=0.003|drop=0.40] Train samples: 235446, Val samples: 22111
2026-04-14 10:50:18,526 - INFO - [junyi|junyi_abce_ae_dominant_no_E|lr=0.003|drop=0.40] Number of students: 7812
2026-04-14 10:50:18,526 - INFO - [junyi|junyi_abce_ae_dominant_no_E|lr=0.003|drop=0.40] Number of exercises: 697
2026-04-14 10:50:18,526 - INFO - [junyi|junyi_abce_ae_dominant_no_E|lr=0.003|drop=0.40] Number of concepts: 697
2026-04-14 10:50:18,526 - INFO - [junyi|junyi_abce_ae_dominant_no_E|lr=0.003|drop=0.40] Creating model...
2026-04-14 10:50:18,526 - INFO - [junyi|junyi_abce_ae_dominant_no_E|lr=0.003|drop=0.40] Ablation switches: ablate_module1=False | enable_module1=True | use_concept_graph=True | effective(num_gnn_layers=2)
2026-04-14 10:50:18,691 - INFO - [junyi|junyi_abce_ae_dominant_no_E|lr=0.003|drop=0.40] Ablation runtime check: args(ablate_module1=False) | expect(use_concept_graph=True,use_personal_graph=False) | model(enable_module1=True,use_concept_graph=True,use_personal_graph=False) | physical(has_knowledge_encoder=True,has_relation_learning=True,has_adaptive_gate=False,has_personal_generator=False)
2026-04-14 10:50:18,692 - INFO - [junyi|junyi_abce_ae_dominant_no_E|lr=0.003|drop=0.40] Debug diagnostics enabled: diag_batches=1
2026-04-14 10:50:18,714 - INFO - [junyi|junyi_abce_ae_dominant_no_E|lr=0.003|drop=0.40] [Graph Init] graph_tau_mean=1.0055, graph_tau_std=0.0000, graph_dropout=0.000, use_personal_graph=False
2026-04-14 10:50:18,715 - INFO - [junyi|junyi_abce_ae_dominant_no_E|lr=0.003|drop=0.40] Total parameters: 1,267,132
2026-04-14 10:50:18,715 - INFO - [junyi|junyi_abce_ae_dominant_no_E|lr=0.003|drop=0.40] Trainable parameters: 1,267,132
2026-04-14 10:50:19,655 - INFO - [junyi|junyi_abce_ae_dominant_no_E|lr=0.003|drop=0.40] Monitor config: scheduler=val_auc(max), best_checkpoint=val_auc(max), early_stop=val_auc(max)
2026-04-14 10:50:19,656 - INFO - [junyi|junyi_abce_ae_dominant_no_E|lr=0.003|drop=0.40] Starting training...
2026-04-14 10:50:57,399 - INFO - [junyi|junyi_abce_ae_dominant_no_E|lr=0.003|drop=0.40] Epoch [001/100] | Train: Loss=0.5262, BCE=0.5187, Reg=0.0075, AUC=0.7887, ACC=0.7451, RMSE=0.4155 | Val: Loss=0.5097, BCE=0.5034, Reg=0.0064, AUC=0.8000, ACC=0.7587, RMSE=0.4073
2026-04-14 10:50:57,399 - INFO - [junyi|junyi_abce_ae_dominant_no_E|lr=0.003|drop=0.40] [Reg Terms] Epoch [001] | Train: graph_entropy=0.000000, graph_diag=0.004135, graph_uniform=0.003371, graph_reg_scale=1.0000, prediction_l2=0.000000, personal_sparse=0.000000, alpha_var=0.000000, alpha_collapse=0.000000, reg_bce_ratio=0.0145 | Val: graph_entropy=0.000000, graph_diag=0.003000, graph_uniform=0.003377, graph_reg_scale=1.0000, prediction_l2=0.000000, personal_sparse=0.000000, alpha_var=0.000000, alpha_collapse=0.000000, reg_bce_ratio=0.0127
2026-04-14 10:50:57,616 - INFO - [junyi|junyi_abce_ae_dominant_no_E|lr=0.003|drop=0.40] [Diag][AE] Epoch [001] | irt_abs_mean=1.6042, irt_std=1.0139, personal_warmup_scale=1.00, graph_row_entropy=3.2177, graph_entropy_ratio=0.4915, alpha_mean=0.0000, alpha_std=0.0000, alpha_bias_std=0.0000, alpha_state_path=0.0000, alpha_id_path=0.0000, alpha_bias_path=0.0000, personal_row_entropy=0.0000, personal_matrix_delta=0.0000, personal_matrix_student_std=0.0000, personal_delta_pre_softmax_norm=0.0000, personal_delta_student_std=0.0000, alpha_head_std=0.0000, personal_student_mix=0.0000, personal_student_adapter=0.0000, personal_bad_rows=0.00, personal_fallback_rows=0.00, personal_logits_absmax=0.0000
2026-04-14 10:50:57,617 - INFO - [junyi|junyi_abce_ae_dominant_no_E|lr=0.003|drop=0.40] [Diag][A] Epoch [001] | entropy_ratio=0.4915, diag_mass=0.0500, to_uniform_l2=0.007448, to_identity_l2=0.036726, relation_identity_delta=0.000000, knowledge_state_graph_delta=0.000000, knowledge_state_personal_delta=0.000000, share_concept_embeddings=True, tau_mean=0.6931, tau_std=0.0000, graph_reg_scale(train/val)=1.0000/1.0000
2026-04-14 10:50:57,617 - INFO - [junyi|junyi_abce_ae_dominant_no_E|lr=0.003|drop=0.40] [Grad Norms] Epoch [001] | relation_emb=2.172798e-01, relation_tau=2.462559e-19, relation_wq=3.912084e-12, relation_wk=2.266383e-15, personal_u=0.000000e+00, personal_v=0.000000e+00, personal_alpha_bias=0.000000e+00, personal_gate_emb=0.000000e+00, personal_gate_state_proj=0.000000e+00, personal_gate_context_proj=0.000000e+00, personal_gate_state_direct=0.000000e+00, personal_gate_id_direct=0.000000e+00, personal_gate_context_direct=0.000000e+00, personal_gate_out=0.000000e+00, personal_generator_emb=0.000000e+00, personal_generator_context_proj=0.000000e+00, personal_generator_context_hidden=0.000000e+00, personal_generator_context_to_u=0.000000e+00, personal_generator_context_to_v=0.000000e+00, personal_generator_student_row=0.000000e+00, personal_generator_student_col=0.000000e+00, personal_generator_student_adapter=0.000000e+00, personal_generator_context_adapter=0.000000e+00, personal_generator_direct_scale=0.000000e+00
2026-04-14 10:50:57,736 - INFO - [junyi|junyi_abce_ae_dominant_no_E|lr=0.003|drop=0.40] -> New best AUC=0.8000 at epoch 1
2026-04-14 10:51:34,858 - INFO - [junyi|junyi_abce_ae_dominant_no_E|lr=0.003|drop=0.40] Epoch [002/100] | Train: Loss=0.5220, BCE=0.5093, Reg=0.0128, AUC=0.7980, ACC=0.7521, RMSE=0.4110 | Val: Loss=0.5142, BCE=0.5014, Reg=0.0128, AUC=0.8059, ACC=0.7622, RMSE=0.4059
2026-04-14 10:51:34,858 - INFO - [junyi|junyi_abce_ae_dominant_no_E|lr=0.003|drop=0.40] [Reg Terms] Epoch [002] | Train: graph_entropy=0.000000, graph_diag=0.006000, graph_uniform=0.006753, graph_reg_scale=1.0000, prediction_l2=0.000000, personal_sparse=0.000000, alpha_var=0.000000, alpha_collapse=0.000000, reg_bce_ratio=0.0250 | Val: graph_entropy=0.000000, graph_diag=0.006000, graph_uniform=0.006753, graph_reg_scale=1.0000, prediction_l2=0.000000, personal_sparse=0.000000, alpha_var=0.000000, alpha_collapse=0.000000, reg_bce_ratio=0.0254
2026-04-14 10:51:35,015 - INFO - [junyi|junyi_abce_ae_dominant_no_E|lr=0.003|drop=0.40] [Diag][AE] Epoch [002] | irt_abs_mean=1.7927, irt_std=1.0309, personal_warmup_scale=1.00, graph_row_entropy=3.2177, graph_entropy_ratio=0.4915, alpha_mean=0.0000, alpha_std=0.0000, alpha_bias_std=0.0000, alpha_state_path=0.0000, alpha_id_path=0.0000, alpha_bias_path=0.0000, personal_row_entropy=0.0000, personal_matrix_delta=0.0000, personal_matrix_student_std=0.0000, personal_delta_pre_softmax_norm=0.0000, personal_delta_student_std=0.0000, alpha_head_std=0.0000, personal_student_mix=0.0000, personal_student_adapter=0.0000, personal_bad_rows=0.00, personal_fallback_rows=0.00, personal_logits_absmax=0.0000
2026-04-14 10:51:35,015 - INFO - [junyi|junyi_abce_ae_dominant_no_E|lr=0.003|drop=0.40] [Diag][A] Epoch [002] | entropy_ratio=0.4915, diag_mass=0.0500, to_uniform_l2=0.007448, to_identity_l2=0.036726, relation_identity_delta=0.000000, knowledge_state_graph_delta=0.000000, knowledge_state_personal_delta=0.000000, share_concept_embeddings=True, tau_mean=0.6931, tau_std=0.0000, graph_reg_scale(train/val)=1.0000/1.0000
2026-04-14 10:51:35,015 - INFO - [junyi|junyi_abce_ae_dominant_no_E|lr=0.003|drop=0.40] [Grad Norms] Epoch [002] | relation_emb=2.461872e-01, relation_tau=6.364048e-12, relation_wq=1.506715e-09, relation_wk=1.593649e-09, personal_u=0.000000e+00, personal_v=0.000000e+00, personal_alpha_bias=0.000000e+00, personal_gate_emb=0.000000e+00, personal_gate_state_proj=0.000000e+00, personal_gate_context_proj=0.000000e+00, personal_gate_state_direct=0.000000e+00, personal_gate_id_direct=0.000000e+00, personal_gate_context_direct=0.000000e+00, personal_gate_out=0.000000e+00, personal_generator_emb=0.000000e+00, personal_generator_context_proj=0.000000e+00, personal_generator_context_hidden=0.000000e+00, personal_generator_context_to_u=0.000000e+00, personal_generator_context_to_v=0.000000e+00, personal_generator_student_row=0.000000e+00, personal_generator_student_col=0.000000e+00, personal_generator_student_adapter=0.000000e+00, personal_generator_context_adapter=0.000000e+00, personal_generator_direct_scale=0.000000e+00
2026-04-14 10:51:35,186 - INFO - [junyi|junyi_abce_ae_dominant_no_E|lr=0.003|drop=0.40] -> New best AUC=0.8059 at epoch 2
2026-04-14 10:52:12,294 - INFO - [junyi|junyi_abce_ae_dominant_no_E|lr=0.003|drop=0.40] Epoch [003/100] | Train: Loss=0.5193, BCE=0.5065, Reg=0.0128, AUC=0.8005, ACC=0.7541, RMSE=0.4095 | Val: Loss=0.5154, BCE=0.5027, Reg=0.0128, AUC=0.8052, ACC=0.7641, RMSE=0.4064
2026-04-14 10:52:12,294 - INFO - [junyi|junyi_abce_ae_dominant_no_E|lr=0.003|drop=0.40] [Reg Terms] Epoch [003] | Train: graph_entropy=0.000000, graph_diag=0.006000, graph_uniform=0.006753, graph_reg_scale=1.0000, prediction_l2=0.000000, personal_sparse=0.000000, alpha_var=0.000000, alpha_collapse=0.000000, reg_bce_ratio=0.0252 | Val: graph_entropy=0.000000, graph_diag=0.006000, graph_uniform=0.006753, graph_reg_scale=1.0000, prediction_l2=0.000000, personal_sparse=0.000000, alpha_var=0.000000, alpha_collapse=0.000000, reg_bce_ratio=0.0254
2026-04-14 10:52:12,472 - INFO - [junyi|junyi_abce_ae_dominant_no_E|lr=0.003|drop=0.40] [Diag][AE] Epoch [003] | irt_abs_mean=1.8387, irt_std=1.0764, personal_warmup_scale=1.00, graph_row_entropy=3.2177, graph_entropy_ratio=0.4915, alpha_mean=0.0000, alpha_std=0.0000, alpha_bias_std=0.0000, alpha_state_path=0.0000, alpha_id_path=0.0000, alpha_bias_path=0.0000, personal_row_entropy=0.0000, personal_matrix_delta=0.0000, personal_matrix_student_std=0.0000, personal_delta_pre_softmax_norm=0.0000, personal_delta_student_std=0.0000, alpha_head_std=0.0000, personal_student_mix=0.0000, personal_student_adapter=0.0000, personal_bad_rows=0.00, personal_fallback_rows=0.00, personal_logits_absmax=0.0000
2026-04-14 10:52:12,472 - INFO - [junyi|junyi_abce_ae_dominant_no_E|lr=0.003|drop=0.40] [Diag][A] Epoch [003] | entropy_ratio=0.4915, diag_mass=0.0500, to_uniform_l2=0.007448, to_identity_l2=0.036726, relation_identity_delta=0.000000, knowledge_state_graph_delta=0.000000, knowledge_state_personal_delta=0.000000, share_concept_embeddings=True, tau_mean=0.6931, tau_std=0.0000, graph_reg_scale(train/val)=1.0000/1.0000
2026-04-14 10:52:12,472 - INFO - [junyi|junyi_abce_ae_dominant_no_E|lr=0.003|drop=0.40] [Grad Norms] Epoch [003] | relation_emb=2.539821e-01, relation_tau=1.362442e-12, relation_wq=2.233046e-09, relation_wk=1.905472e-09, personal_u=0.000000e+00, personal_v=0.000000e+00, personal_alpha_bias=0.000000e+00, personal_gate_emb=0.000000e+00, personal_gate_state_proj=0.000000e+00, personal_gate_context_proj=0.000000e+00, personal_gate_state_direct=0.000000e+00, personal_gate_id_direct=0.000000e+00, personal_gate_context_direct=0.000000e+00, personal_gate_out=0.000000e+00, personal_generator_emb=0.000000e+00, personal_generator_context_proj=0.000000e+00, personal_generator_context_hidden=0.000000e+00, personal_generator_context_to_u=0.000000e+00, personal_generator_context_to_v=0.000000e+00, personal_generator_student_row=0.000000e+00, personal_generator_student_col=0.000000e+00, personal_generator_student_adapter=0.000000e+00, personal_generator_context_adapter=0.000000e+00, personal_generator_direct_scale=0.000000e+00
2026-04-14 10:52:12,472 - INFO - [junyi|junyi_abce_ae_dominant_no_E|lr=0.003|drop=0.40] -> No improvement 1 epoch(s) (best AUC=0.8059 @ 2)
2026-04-14 10:52:49,712 - INFO - [junyi|junyi_abce_ae_dominant_no_E|lr=0.003|drop=0.40] Epoch [004/100] | Train: Loss=0.5163, BCE=0.5036, Reg=0.0128, AUC=0.8033, ACC=0.7562, RMSE=0.4081 | Val: Loss=0.5138, BCE=0.5010, Reg=0.0128, AUC=0.8086, ACC=0.7683, RMSE=0.4041
2026-04-14 10:52:49,712 - INFO - [junyi|junyi_abce_ae_dominant_no_E|lr=0.003|drop=0.40] [Reg Terms] Epoch [004] | Train: graph_entropy=0.000000, graph_diag=0.006000, graph_uniform=0.006753, graph_reg_scale=1.0000, prediction_l2=0.000000, personal_sparse=0.000000, alpha_var=0.000000, alpha_collapse=0.000000, reg_bce_ratio=0.0253 | Val: graph_entropy=0.000000, graph_diag=0.006000, graph_uniform=0.006753, graph_reg_scale=1.0000, prediction_l2=0.000000, personal_sparse=0.000000, alpha_var=0.000000, alpha_collapse=0.000000, reg_bce_ratio=0.0255
2026-04-14 10:52:49,872 - INFO - [junyi|junyi_abce_ae_dominant_no_E|lr=0.003|drop=0.40] [Diag][AE] Epoch [004] | irt_abs_mean=1.9329, irt_std=1.2241, personal_warmup_scale=1.00, graph_row_entropy=3.2177, graph_entropy_ratio=0.4915, alpha_mean=0.0000, alpha_std=0.0000, alpha_bias_std=0.0000, alpha_state_path=0.0000, alpha_id_path=0.0000, alpha_bias_path=0.0000, personal_row_entropy=0.0000, personal_matrix_delta=0.0000, personal_matrix_student_std=0.0000, personal_delta_pre_softmax_norm=0.0000, personal_delta_student_std=0.0000, alpha_head_std=0.0000, personal_student_mix=0.0000, personal_student_adapter=0.0000, personal_bad_rows=0.00, personal_fallback_rows=0.00, personal_logits_absmax=0.0000
2026-04-14 10:52:49,872 - INFO - [junyi|junyi_abce_ae_dominant_no_E|lr=0.003|drop=0.40] [Diag][A] Epoch [004] | entropy_ratio=0.4915, diag_mass=0.0500, to_uniform_l2=0.007448, to_identity_l2=0.036726, relation_identity_delta=0.000000, knowledge_state_graph_delta=0.000000, knowledge_state_personal_delta=0.000000, share_concept_embeddings=True, tau_mean=0.6931, tau_std=0.0000, graph_reg_scale(train/val)=1.0000/1.0000
2026-04-14 10:52:49,872 - INFO - [junyi|junyi_abce_ae_dominant_no_E|lr=0.003|drop=0.40] [Grad Norms] Epoch [004] | relation_emb=2.341795e-01, relation_tau=4.827770e-12, relation_wq=2.843825e-09, relation_wk=2.948878e-09, personal_u=0.000000e+00, personal_v=0.000000e+00, personal_alpha_bias=0.000000e+00, personal_gate_emb=0.000000e+00, personal_gate_state_proj=0.000000e+00, personal_gate_context_proj=0.000000e+00, personal_gate_state_direct=0.000000e+00, personal_gate_id_direct=0.000000e+00, personal_gate_context_direct=0.000000e+00, personal_gate_out=0.000000e+00, personal_generator_emb=0.000000e+00, personal_generator_context_proj=0.000000e+00, personal_generator_context_hidden=0.000000e+00, personal_generator_context_to_u=0.000000e+00, personal_generator_context_to_v=0.000000e+00, personal_generator_student_row=0.000000e+00, personal_generator_student_col=0.000000e+00, personal_generator_student_adapter=0.000000e+00, personal_generator_context_adapter=0.000000e+00, personal_generator_direct_scale=0.000000e+00
2026-04-14 10:52:50,055 - INFO - [junyi|junyi_abce_ae_dominant_no_E|lr=0.003|drop=0.40] -> New best AUC=0.8086 at epoch 4
2026-04-14 10:53:27,018 - INFO - [junyi|junyi_abce_ae_dominant_no_E|lr=0.003|drop=0.40] Epoch [005/100] | Train: Loss=0.5136, BCE=0.5008, Reg=0.0128, AUC=0.8062, ACC=0.7579, RMSE=0.4067 | Val: Loss=0.5081, BCE=0.4953, Reg=0.0128, AUC=0.8103, ACC=0.7643, RMSE=0.4030
2026-04-14 10:53:27,019 - INFO - [junyi|junyi_abce_ae_dominant_no_E|lr=0.003|drop=0.40] [Reg Terms] Epoch [005] | Train: graph_entropy=0.000000, graph_diag=0.006000, graph_uniform=0.006753, graph_reg_scale=1.0000, prediction_l2=0.000000, personal_sparse=0.000000, alpha_var=0.000000, alpha_collapse=0.000000, reg_bce_ratio=0.0255 | Val: graph_entropy=0.000000, graph_diag=0.006000, graph_uniform=0.006753, graph_reg_scale=1.0000, prediction_l2=0.000000, personal_sparse=0.000000, alpha_var=0.000000, alpha_collapse=0.000000, reg_bce_ratio=0.0257
2026-04-14 10:53:27,220 - INFO - [junyi|junyi_abce_ae_dominant_no_E|lr=0.003|drop=0.40] [Diag][AE] Epoch [005] | irt_abs_mean=1.8263, irt_std=1.1160, personal_warmup_scale=1.00, graph_row_entropy=3.2177, graph_entropy_ratio=0.4915, alpha_mean=0.0000, alpha_std=0.0000, alpha_bias_std=0.0000, alpha_state_path=0.0000, alpha_id_path=0.0000, alpha_bias_path=0.0000, personal_row_entropy=0.0000, personal_matrix_delta=0.0000, personal_matrix_student_std=0.0000, personal_delta_pre_softmax_norm=0.0000, personal_delta_student_std=0.0000, alpha_head_std=0.0000, personal_student_mix=0.0000, personal_student_adapter=0.0000, personal_bad_rows=0.00, personal_fallback_rows=0.00, personal_logits_absmax=0.0000
2026-04-14 10:53:27,220 - INFO - [junyi|junyi_abce_ae_dominant_no_E|lr=0.003|drop=0.40] [Diag][A] Epoch [005] | entropy_ratio=0.4915, diag_mass=0.0500, to_uniform_l2=0.007448, to_identity_l2=0.036726, relation_identity_delta=0.000000, knowledge_state_graph_delta=0.000000, knowledge_state_personal_delta=0.000000, share_concept_embeddings=True, tau_mean=0.6931, tau_std=0.0000, graph_reg_scale(train/val)=1.0000/1.0000
2026-04-14 10:53:27,220 - INFO - [junyi|junyi_abce_ae_dominant_no_E|lr=0.003|drop=0.40] [Grad Norms] Epoch [005] | relation_emb=2.291102e-01, relation_tau=5.178368e-12, relation_wq=3.677269e-09, relation_wk=4.052254e-09, personal_u=0.000000e+00, personal_v=0.000000e+00, personal_alpha_bias=0.000000e+00, personal_gate_emb=0.000000e+00, personal_gate_state_proj=0.000000e+00, personal_gate_context_proj=0.000000e+00, personal_gate_state_direct=0.000000e+00, personal_gate_id_direct=0.000000e+00, personal_gate_context_direct=0.000000e+00, personal_gate_out=0.000000e+00, personal_generator_emb=0.000000e+00, personal_generator_context_proj=0.000000e+00, personal_generator_context_hidden=0.000000e+00, personal_generator_context_to_u=0.000000e+00, personal_generator_context_to_v=0.000000e+00, personal_generator_student_row=0.000000e+00, personal_generator_student_col=0.000000e+00, personal_generator_student_adapter=0.000000e+00, personal_generator_context_adapter=0.000000e+00, personal_generator_direct_scale=0.000000e+00
2026-04-14 10:53:27,445 - INFO - [junyi|junyi_abce_ae_dominant_no_E|lr=0.003|drop=0.40] -> New best AUC=0.8103 at epoch 5
2026-04-14 10:54:04,742 - INFO - [junyi|junyi_abce_ae_dominant_no_E|lr=0.003|drop=0.40] Epoch [006/100] | Train: Loss=0.5123, BCE=0.4995, Reg=0.0128, AUC=0.8074, ACC=0.7585, RMSE=0.4061 | Val: Loss=0.5027, BCE=0.4900, Reg=0.0128, AUC=0.8118, ACC=0.7688, RMSE=0.4009
2026-04-14 10:54:04,742 - INFO - [junyi|junyi_abce_ae_dominant_no_E|lr=0.003|drop=0.40] [Reg Terms] Epoch [006] | Train: graph_entropy=0.000000, graph_diag=0.006008, graph_uniform=0.006753, graph_reg_scale=1.0000, prediction_l2=0.000000, personal_sparse=0.000000, alpha_var=0.000000, alpha_collapse=0.000000, reg_bce_ratio=0.0255 | Val: graph_entropy=0.000000, graph_diag=0.006000, graph_uniform=0.006753, graph_reg_scale=1.0000, prediction_l2=0.000000, personal_sparse=0.000000, alpha_var=0.000000, alpha_collapse=0.000000, reg_bce_ratio=0.0260
2026-04-14 10:54:04,930 - INFO - [junyi|junyi_abce_ae_dominant_no_E|lr=0.003|drop=0.40] [Diag][AE] Epoch [006] | irt_abs_mean=1.6861, irt_std=1.0628, personal_warmup_scale=1.00, graph_row_entropy=3.2177, graph_entropy_ratio=0.4915, alpha_mean=0.0000, alpha_std=0.0000, alpha_bias_std=0.0000, alpha_state_path=0.0000, alpha_id_path=0.0000, alpha_bias_path=0.0000, personal_row_entropy=0.0000, personal_matrix_delta=0.0000, personal_matrix_student_std=0.0000, personal_delta_pre_softmax_norm=0.0000, personal_delta_student_std=0.0000, alpha_head_std=0.0000, personal_student_mix=0.0000, personal_student_adapter=0.0000, personal_bad_rows=0.00, personal_fallback_rows=0.00, personal_logits_absmax=0.0000
2026-04-14 10:54:04,930 - INFO - [junyi|junyi_abce_ae_dominant_no_E|lr=0.003|drop=0.40] [Diag][A] Epoch [006] | entropy_ratio=0.4915, diag_mass=0.0500, to_uniform_l2=0.007448, to_identity_l2=0.036726, relation_identity_delta=0.000000, knowledge_state_graph_delta=0.000000, knowledge_state_personal_delta=0.000000, share_concept_embeddings=True, tau_mean=0.6931, tau_std=0.0000, graph_reg_scale(train/val)=1.0000/1.0000
2026-04-14 10:54:04,930 - INFO - [junyi|junyi_abce_ae_dominant_no_E|lr=0.003|drop=0.40] [Grad Norms] Epoch [006] | relation_emb=2.136625e-01, relation_tau=2.951872e-11, relation_wq=5.713148e-09, relation_wk=5.603333e-09, personal_u=0.000000e+00, personal_v=0.000000e+00, personal_alpha_bias=0.000000e+00, personal_gate_emb=0.000000e+00, personal_gate_state_proj=0.000000e+00, personal_gate_context_proj=0.000000e+00, personal_gate_state_direct=0.000000e+00, personal_gate_id_direct=0.000000e+00, personal_gate_context_direct=0.000000e+00, personal_gate_out=0.000000e+00, personal_generator_emb=0.000000e+00, personal_generator_context_proj=0.000000e+00, personal_generator_context_hidden=0.000000e+00, personal_generator_context_to_u=0.000000e+00, personal_generator_context_to_v=0.000000e+00, personal_generator_student_row=0.000000e+00, personal_generator_student_col=0.000000e+00, personal_generator_student_adapter=0.000000e+00, personal_generator_context_adapter=0.000000e+00, personal_generator_direct_scale=0.000000e+00
2026-04-14 10:54:05,076 - INFO - [junyi|junyi_abce_ae_dominant_no_E|lr=0.003|drop=0.40] -> New best AUC=0.8118 at epoch 6
2026-04-14 10:54:42,139 - INFO - [junyi|junyi_abce_ae_dominant_no_E|lr=0.003|drop=0.40] Epoch [007/100] | Train: Loss=0.5117, BCE=0.4990, Reg=0.0128, AUC=0.8078, ACC=0.7588, RMSE=0.4059 | Val: Loss=0.5083, BCE=0.4955, Reg=0.0128, AUC=0.8109, ACC=0.7663, RMSE=0.4027
2026-04-14 10:54:42,140 - INFO - [junyi|junyi_abce_ae_dominant_no_E|lr=0.003|drop=0.40] [Reg Terms] Epoch [007] | Train: graph_entropy=0.000000, graph_diag=0.006009, graph_uniform=0.006753, graph_reg_scale=1.0000, prediction_l2=0.000000, personal_sparse=0.000000, alpha_var=0.000000, alpha_collapse=0.000000, reg_bce_ratio=0.0256 | Val: graph_entropy=0.000000, graph_diag=0.006000, graph_uniform=0.006753, graph_reg_scale=1.0000, prediction_l2=0.000000, personal_sparse=0.000000, alpha_var=0.000000, alpha_collapse=0.000000, reg_bce_ratio=0.0257
2026-04-14 10:54:42,319 - INFO - [junyi|junyi_abce_ae_dominant_no_E|lr=0.003|drop=0.40] [Diag][AE] Epoch [007] | irt_abs_mean=1.7740, irt_std=1.1472, personal_warmup_scale=1.00, graph_row_entropy=3.2177, graph_entropy_ratio=0.4915, alpha_mean=0.0000, alpha_std=0.0000, alpha_bias_std=0.0000, alpha_state_path=0.0000, alpha_id_path=0.0000, alpha_bias_path=0.0000, personal_row_entropy=0.0000, personal_matrix_delta=0.0000, personal_matrix_student_std=0.0000, personal_delta_pre_softmax_norm=0.0000, personal_delta_student_std=0.0000, alpha_head_std=0.0000, personal_student_mix=0.0000, personal_student_adapter=0.0000, personal_bad_rows=0.00, personal_fallback_rows=0.00, personal_logits_absmax=0.0000
2026-04-14 10:54:42,319 - INFO - [junyi|junyi_abce_ae_dominant_no_E|lr=0.003|drop=0.40] [Diag][A] Epoch [007] | entropy_ratio=0.4915, diag_mass=0.0500, to_uniform_l2=0.007448, to_identity_l2=0.036726, relation_identity_delta=0.000000, knowledge_state_graph_delta=0.000000, knowledge_state_personal_delta=0.000000, share_concept_embeddings=True, tau_mean=0.6931, tau_std=0.0000, graph_reg_scale(train/val)=1.0000/1.0000
2026-04-14 10:54:42,319 - INFO - [junyi|junyi_abce_ae_dominant_no_E|lr=0.003|drop=0.40] [Grad Norms] Epoch [007] | relation_emb=2.804631e-01, relation_tau=8.909076e-12, relation_wq=6.948174e-09, relation_wk=6.589255e-09, personal_u=0.000000e+00, personal_v=0.000000e+00, personal_alpha_bias=0.000000e+00, personal_gate_emb=0.000000e+00, personal_gate_state_proj=0.000000e+00, personal_gate_context_proj=0.000000e+00, personal_gate_state_direct=0.000000e+00, personal_gate_id_direct=0.000000e+00, personal_gate_context_direct=0.000000e+00, personal_gate_out=0.000000e+00, personal_generator_emb=0.000000e+00, personal_generator_context_proj=0.000000e+00, personal_generator_context_hidden=0.000000e+00, personal_generator_context_to_u=0.000000e+00, personal_generator_context_to_v=0.000000e+00, personal_generator_student_row=0.000000e+00, personal_generator_student_col=0.000000e+00, personal_generator_student_adapter=0.000000e+00, personal_generator_context_adapter=0.000000e+00, personal_generator_direct_scale=0.000000e+00
2026-04-14 10:54:42,319 - INFO - [junyi|junyi_abce_ae_dominant_no_E|lr=0.003|drop=0.40] -> No improvement 1 epoch(s) (best AUC=0.8118 @ 6)
2026-04-14 10:55:19,279 - INFO - [junyi|junyi_abce_ae_dominant_no_E|lr=0.003|drop=0.40] Epoch [008/100] | Train: Loss=0.5106, BCE=0.4978, Reg=0.0128, AUC=0.8089, ACC=0.7597, RMSE=0.4053 | Val: Loss=0.5029, BCE=0.4902, Reg=0.0128, AUC=0.8135, ACC=0.7672, RMSE=0.4010
2026-04-14 10:55:19,280 - INFO - [junyi|junyi_abce_ae_dominant_no_E|lr=0.003|drop=0.40] [Reg Terms] Epoch [008] | Train: graph_entropy=0.000000, graph_diag=0.006008, graph_uniform=0.006753, graph_reg_scale=1.0000, prediction_l2=0.000000, personal_sparse=0.000000, alpha_var=0.000000, alpha_collapse=0.000000, reg_bce_ratio=0.0256 | Val: graph_entropy=0.000000, graph_diag=0.006000, graph_uniform=0.006753, graph_reg_scale=1.0000, prediction_l2=0.000000, personal_sparse=0.000000, alpha_var=0.000000, alpha_collapse=0.000000, reg_bce_ratio=0.0260
2026-04-14 10:55:19,463 - INFO - [junyi|junyi_abce_ae_dominant_no_E|lr=0.003|drop=0.40] [Diag][AE] Epoch [008] | irt_abs_mean=1.7383, irt_std=1.0341, personal_warmup_scale=1.00, graph_row_entropy=3.2177, graph_entropy_ratio=0.4915, alpha_mean=0.0000, alpha_std=0.0000, alpha_bias_std=0.0000, alpha_state_path=0.0000, alpha_id_path=0.0000, alpha_bias_path=0.0000, personal_row_entropy=0.0000, personal_matrix_delta=0.0000, personal_matrix_student_std=0.0000, personal_delta_pre_softmax_norm=0.0000, personal_delta_student_std=0.0000, alpha_head_std=0.0000, personal_student_mix=0.0000, personal_student_adapter=0.0000, personal_bad_rows=0.00, personal_fallback_rows=0.00, personal_logits_absmax=0.0000
2026-04-14 10:55:19,463 - INFO - [junyi|junyi_abce_ae_dominant_no_E|lr=0.003|drop=0.40] [Diag][A] Epoch [008] | entropy_ratio=0.4915, diag_mass=0.0500, to_uniform_l2=0.007448, to_identity_l2=0.036726, relation_identity_delta=0.000000, knowledge_state_graph_delta=0.000000, knowledge_state_personal_delta=0.000000, share_concept_embeddings=True, tau_mean=0.6931, tau_std=0.0000, graph_reg_scale(train/val)=1.0000/1.0000
2026-04-14 10:55:19,463 - INFO - [junyi|junyi_abce_ae_dominant_no_E|lr=0.003|drop=0.40] [Grad Norms] Epoch [008] | relation_emb=2.398622e-01, relation_tau=1.212816e-11, relation_wq=6.496487e-09, relation_wk=6.626551e-09, personal_u=0.000000e+00, personal_v=0.000000e+00, personal_alpha_bias=0.000000e+00, personal_gate_emb=0.000000e+00, personal_gate_state_proj=0.000000e+00, personal_gate_context_proj=0.000000e+00, personal_gate_state_direct=0.000000e+00, personal_gate_id_direct=0.000000e+00, personal_gate_context_direct=0.000000e+00, personal_gate_out=0.000000e+00, personal_generator_emb=0.000000e+00, personal_generator_context_proj=0.000000e+00, personal_generator_context_hidden=0.000000e+00, personal_generator_context_to_u=0.000000e+00, personal_generator_context_to_v=0.000000e+00, personal_generator_student_row=0.000000e+00, personal_generator_student_col=0.000000e+00, personal_generator_student_adapter=0.000000e+00, personal_generator_context_adapter=0.000000e+00, personal_generator_direct_scale=0.000000e+00
2026-04-14 10:55:19,630 - INFO - [junyi|junyi_abce_ae_dominant_no_E|lr=0.003|drop=0.40] -> New best AUC=0.8135 at epoch 8
2026-04-14 10:55:56,633 - INFO - [junyi|junyi_abce_ae_dominant_no_E|lr=0.003|drop=0.40] Epoch [009/100] | Train: Loss=0.5104, BCE=0.4976, Reg=0.0128, AUC=0.8093, ACC=0.7602, RMSE=0.4052 | Val: Loss=0.5065, BCE=0.4938, Reg=0.0128, AUC=0.8116, ACC=0.7682, RMSE=0.4021
2026-04-14 10:55:56,633 - INFO - [junyi|junyi_abce_ae_dominant_no_E|lr=0.003|drop=0.40] [Reg Terms] Epoch [009] | Train: graph_entropy=0.000000, graph_diag=0.006011, graph_uniform=0.006753, graph_reg_scale=1.0000, prediction_l2=0.000000, personal_sparse=0.000000, alpha_var=0.000000, alpha_collapse=0.000000, reg_bce_ratio=0.0257 | Val: graph_entropy=0.000000, graph_diag=0.006000, graph_uniform=0.006753, graph_reg_scale=1.0000, prediction_l2=0.000000, personal_sparse=0.000000, alpha_var=0.000000, alpha_collapse=0.000000, reg_bce_ratio=0.0258
2026-04-14 10:55:56,795 - INFO - [junyi|junyi_abce_ae_dominant_no_E|lr=0.003|drop=0.40] [Diag][AE] Epoch [009] | irt_abs_mean=1.8069, irt_std=1.1455, personal_warmup_scale=1.00, graph_row_entropy=3.2177, graph_entropy_ratio=0.4915, alpha_mean=0.0000, alpha_std=0.0000, alpha_bias_std=0.0000, alpha_state_path=0.0000, alpha_id_path=0.0000, alpha_bias_path=0.0000, personal_row_entropy=0.0000, personal_matrix_delta=0.0000, personal_matrix_student_std=0.0000, personal_delta_pre_softmax_norm=0.0000, personal_delta_student_std=0.0000, alpha_head_std=0.0000, personal_student_mix=0.0000, personal_student_adapter=0.0000, personal_bad_rows=0.00, personal_fallback_rows=0.00, personal_logits_absmax=0.0000
2026-04-14 10:55:56,796 - INFO - [junyi|junyi_abce_ae_dominant_no_E|lr=0.003|drop=0.40] [Diag][A] Epoch [009] | entropy_ratio=0.4915, diag_mass=0.0500, to_uniform_l2=0.007448, to_identity_l2=0.036726, relation_identity_delta=0.000000, knowledge_state_graph_delta=0.000000, knowledge_state_personal_delta=0.000000, share_concept_embeddings=True, tau_mean=0.6931, tau_std=0.0000, graph_reg_scale(train/val)=1.0000/1.0000
2026-04-14 10:55:56,796 - INFO - [junyi|junyi_abce_ae_dominant_no_E|lr=0.003|drop=0.40] [Grad Norms] Epoch [009] | relation_emb=2.287272e-01, relation_tau=1.426221e-11, relation_wq=6.787038e-09, relation_wk=7.417890e-09, personal_u=0.000000e+00, personal_v=0.000000e+00, personal_alpha_bias=0.000000e+00, personal_gate_emb=0.000000e+00, personal_gate_state_proj=0.000000e+00, personal_gate_context_proj=0.000000e+00, personal_gate_state_direct=0.000000e+00, personal_gate_id_direct=0.000000e+00, personal_gate_context_direct=0.000000e+00, personal_gate_out=0.000000e+00, personal_generator_emb=0.000000e+00, personal_generator_context_proj=0.000000e+00, personal_generator_context_hidden=0.000000e+00, personal_generator_context_to_u=0.000000e+00, personal_generator_context_to_v=0.000000e+00, personal_generator_student_row=0.000000e+00, personal_generator_student_col=0.000000e+00, personal_generator_student_adapter=0.000000e+00, personal_generator_context_adapter=0.000000e+00, personal_generator_direct_scale=0.000000e+00
2026-04-14 10:55:56,796 - INFO - [junyi|junyi_abce_ae_dominant_no_E|lr=0.003|drop=0.40] -> No improvement 1 epoch(s) (best AUC=0.8135 @ 8)
2026-04-14 10:56:34,029 - INFO - [junyi|junyi_abce_ae_dominant_no_E|lr=0.003|drop=0.40] Epoch [010/100] | Train: Loss=0.5099, BCE=0.4971, Reg=0.0128, AUC=0.8096, ACC=0.7604, RMSE=0.4049 | Val: Loss=0.5016, BCE=0.4888, Reg=0.0128, AUC=0.8145, ACC=0.7662, RMSE=0.4001
2026-04-14 10:56:34,029 - INFO - [junyi|junyi_abce_ae_dominant_no_E|lr=0.003|drop=0.40] [Reg Terms] Epoch [010] | Train: graph_entropy=0.000000, graph_diag=0.006005, graph_uniform=0.006753, graph_reg_scale=1.0000, prediction_l2=0.000000, personal_sparse=0.000000, alpha_var=0.000000, alpha_collapse=0.000000, reg_bce_ratio=0.0257 | Val: graph_entropy=0.000000, graph_diag=0.006000, graph_uniform=0.006753, graph_reg_scale=1.0000, prediction_l2=0.000000, personal_sparse=0.000000, alpha_var=0.000000, alpha_collapse=0.000000, reg_bce_ratio=0.0261
2026-04-14 10:56:34,222 - INFO - [junyi|junyi_abce_ae_dominant_no_E|lr=0.003|drop=0.40] [Diag][AE] Epoch [010] | irt_abs_mean=1.7928, irt_std=1.1283, personal_warmup_scale=1.00, graph_row_entropy=3.2177, graph_entropy_ratio=0.4915, alpha_mean=0.0000, alpha_std=0.0000, alpha_bias_std=0.0000, alpha_state_path=0.0000, alpha_id_path=0.0000, alpha_bias_path=0.0000, personal_row_entropy=0.0000, personal_matrix_delta=0.0000, personal_matrix_student_std=0.0000, personal_delta_pre_softmax_norm=0.0000, personal_delta_student_std=0.0000, alpha_head_std=0.0000, personal_student_mix=0.0000, personal_student_adapter=0.0000, personal_bad_rows=0.00, personal_fallback_rows=0.00, personal_logits_absmax=0.0000
2026-04-14 10:56:34,222 - INFO - [junyi|junyi_abce_ae_dominant_no_E|lr=0.003|drop=0.40] [Diag][A] Epoch [010] | entropy_ratio=0.4915, diag_mass=0.0500, to_uniform_l2=0.007448, to_identity_l2=0.036726, relation_identity_delta=0.000000, knowledge_state_graph_delta=0.000000, knowledge_state_personal_delta=0.000000, share_concept_embeddings=True, tau_mean=0.6931, tau_std=0.0000, graph_reg_scale(train/val)=1.0000/1.0000
2026-04-14 10:56:34,223 - INFO - [junyi|junyi_abce_ae_dominant_no_E|lr=0.003|drop=0.40] [Grad Norms] Epoch [010] | relation_emb=2.507319e-01, relation_tau=1.848610e-11, relation_wq=1.158366e-08, relation_wk=1.128875e-08, personal_u=0.000000e+00, personal_v=0.000000e+00, personal_alpha_bias=0.000000e+00, personal_gate_emb=0.000000e+00, personal_gate_state_proj=0.000000e+00, personal_gate_context_proj=0.000000e+00, personal_gate_state_direct=0.000000e+00, personal_gate_id_direct=0.000000e+00, personal_gate_context_direct=0.000000e+00, personal_gate_out=0.000000e+00, personal_generator_emb=0.000000e+00, personal_generator_context_proj=0.000000e+00, personal_generator_context_hidden=0.000000e+00, personal_generator_context_to_u=0.000000e+00, personal_generator_context_to_v=0.000000e+00, personal_generator_student_row=0.000000e+00, personal_generator_student_col=0.000000e+00, personal_generator_student_adapter=0.000000e+00, personal_generator_context_adapter=0.000000e+00, personal_generator_direct_scale=0.000000e+00
2026-04-14 10:56:34,403 - INFO - [junyi|junyi_abce_ae_dominant_no_E|lr=0.003|drop=0.40] -> New best AUC=0.8145 at epoch 10
2026-04-14 10:56:34,429 - INFO - [junyi|junyi_abce_ae_dominant_no_E|lr=0.003|drop=0.40] Checkpoint saved: checkpoints/abce_diag/remote_ae_verify_20260414_f28ff9d/junyi/seed42/ae_dominant_no_E/checkpoint_epoch_10.pth
2026-04-14 10:56:34,609 - INFO - [junyi|junyi_abce_ae_dominant_no_E|lr=0.003|drop=0.40] [Module Activity] Epoch 10: Graph[OK]
2026-04-14 10:57:11,841 - INFO - [junyi|junyi_abce_ae_dominant_no_E|lr=0.003|drop=0.40] Epoch [011/100] | Train: Loss=0.5103, BCE=0.4976, Reg=0.0128, AUC=0.8094, ACC=0.7605, RMSE=0.4051 | Val: Loss=0.5068, BCE=0.4941, Reg=0.0128, AUC=0.8127, ACC=0.7666, RMSE=0.4026
2026-04-14 10:57:11,841 - INFO - [junyi|junyi_abce_ae_dominant_no_E|lr=0.003|drop=0.40] [Reg Terms] Epoch [011] | Train: graph_entropy=0.000000, graph_diag=0.006008, graph_uniform=0.006753, graph_reg_scale=1.0000, prediction_l2=0.000000, personal_sparse=0.000000, alpha_var=0.000000, alpha_collapse=0.000000, reg_bce_ratio=0.0256 | Val: graph_entropy=0.000000, graph_diag=0.006000, graph_uniform=0.006753, graph_reg_scale=1.0000, prediction_l2=0.000000, personal_sparse=0.000000, alpha_var=0.000000, alpha_collapse=0.000000, reg_bce_ratio=0.0258
2026-04-14 10:57:12,007 - INFO - [junyi|junyi_abce_ae_dominant_no_E|lr=0.003|drop=0.40] [Diag][AE] Epoch [011] | irt_abs_mean=1.8319, irt_std=1.1111, personal_warmup_scale=1.00, graph_row_entropy=3.2177, graph_entropy_ratio=0.4915, alpha_mean=0.0000, alpha_std=0.0000, alpha_bias_std=0.0000, alpha_state_path=0.0000, alpha_id_path=0.0000, alpha_bias_path=0.0000, personal_row_entropy=0.0000, personal_matrix_delta=0.0000, personal_matrix_student_std=0.0000, personal_delta_pre_softmax_norm=0.0000, personal_delta_student_std=0.0000, alpha_head_std=0.0000, personal_student_mix=0.0000, personal_student_adapter=0.0000, personal_bad_rows=0.00, personal_fallback_rows=0.00, personal_logits_absmax=0.0000
2026-04-14 10:57:12,007 - INFO - [junyi|junyi_abce_ae_dominant_no_E|lr=0.003|drop=0.40] [Diag][A] Epoch [011] | entropy_ratio=0.4915, diag_mass=0.0500, to_uniform_l2=0.007448, to_identity_l2=0.036726, relation_identity_delta=0.000000, knowledge_state_graph_delta=0.000000, knowledge_state_personal_delta=0.000000, share_concept_embeddings=True, tau_mean=0.6931, tau_std=0.0000, graph_reg_scale(train/val)=1.0000/1.0000
2026-04-14 10:57:12,007 - INFO - [junyi|junyi_abce_ae_dominant_no_E|lr=0.003|drop=0.40] [Grad Norms] Epoch [011] | relation_emb=2.209207e-01, relation_tau=7.238912e-12, relation_wq=8.665754e-09, relation_wk=9.401175e-09, personal_u=0.000000e+00, personal_v=0.000000e+00, personal_alpha_bias=0.000000e+00, personal_gate_emb=0.000000e+00, personal_gate_state_proj=0.000000e+00, personal_gate_context_proj=0.000000e+00, personal_gate_state_direct=0.000000e+00, personal_gate_id_direct=0.000000e+00, personal_gate_context_direct=0.000000e+00, personal_gate_out=0.000000e+00, personal_generator_emb=0.000000e+00, personal_generator_context_proj=0.000000e+00, personal_generator_context_hidden=0.000000e+00, personal_generator_context_to_u=0.000000e+00, personal_generator_context_to_v=0.000000e+00, personal_generator_student_row=0.000000e+00, personal_generator_student_col=0.000000e+00, personal_generator_student_adapter=0.000000e+00, personal_generator_context_adapter=0.000000e+00, personal_generator_direct_scale=0.000000e+00
2026-04-14 10:57:12,007 - INFO - [junyi|junyi_abce_ae_dominant_no_E|lr=0.003|drop=0.40] -> No improvement 1 epoch(s) (best AUC=0.8145 @ 10)
2026-04-14 10:57:49,039 - INFO - [junyi|junyi_abce_ae_dominant_no_E|lr=0.003|drop=0.40] Epoch [012/100] | Train: Loss=0.5105, BCE=0.4977, Reg=0.0128, AUC=0.8092, ACC=0.7596, RMSE=0.4053 | Val: Loss=0.5071, BCE=0.4944, Reg=0.0128, AUC=0.8123, ACC=0.7660, RMSE=0.4019
2026-04-14 10:57:49,039 - INFO - [junyi|junyi_abce_ae_dominant_no_E|lr=0.003|drop=0.40] [Reg Terms] Epoch [012] | Train: graph_entropy=0.000000, graph_diag=0.006012, graph_uniform=0.006753, graph_reg_scale=1.0000, prediction_l2=0.000000, personal_sparse=0.000000, alpha_var=0.000000, alpha_collapse=0.000000, reg_bce_ratio=0.0256 | Val: graph_entropy=0.000000, graph_diag=0.006000, graph_uniform=0.006753, graph_reg_scale=1.0000, prediction_l2=0.000000, personal_sparse=0.000000, alpha_var=0.000000, alpha_collapse=0.000000, reg_bce_ratio=0.0258
2026-04-14 10:57:49,268 - INFO - [junyi|junyi_abce_ae_dominant_no_E|lr=0.003|drop=0.40] [Diag][AE] Epoch [012] | irt_abs_mean=1.8642, irt_std=1.2217, personal_warmup_scale=1.00, graph_row_entropy=3.2177, graph_entropy_ratio=0.4915, alpha_mean=0.0000, alpha_std=0.0000, alpha_bias_std=0.0000, alpha_state_path=0.0000, alpha_id_path=0.0000, alpha_bias_path=0.0000, personal_row_entropy=0.0000, personal_matrix_delta=0.0000, personal_matrix_student_std=0.0000, personal_delta_pre_softmax_norm=0.0000, personal_delta_student_std=0.0000, alpha_head_std=0.0000, personal_student_mix=0.0000, personal_student_adapter=0.0000, personal_bad_rows=0.00, personal_fallback_rows=0.00, personal_logits_absmax=0.0000
2026-04-14 10:57:49,268 - INFO - [junyi|junyi_abce_ae_dominant_no_E|lr=0.003|drop=0.40] [Diag][A] Epoch [012] | entropy_ratio=0.4915, diag_mass=0.0500, to_uniform_l2=0.007448, to_identity_l2=0.036726, relation_identity_delta=0.000000, knowledge_state_graph_delta=0.000000, knowledge_state_personal_delta=0.000000, share_concept_embeddings=True, tau_mean=0.6931, tau_std=0.0000, graph_reg_scale(train/val)=1.0000/1.0000
2026-04-14 10:57:49,268 - INFO - [junyi|junyi_abce_ae_dominant_no_E|lr=0.003|drop=0.40] [Grad Norms] Epoch [012] | relation_emb=2.306086e-01, relation_tau=1.151316e-11, relation_wq=1.236486e-08, relation_wk=1.308638e-08, personal_u=0.000000e+00, personal_v=0.000000e+00, personal_alpha_bias=0.000000e+00, personal_gate_emb=0.000000e+00, personal_gate_state_proj=0.000000e+00, personal_gate_context_proj=0.000000e+00, personal_gate_state_direct=0.000000e+00, personal_gate_id_direct=0.000000e+00, personal_gate_context_direct=0.000000e+00, personal_gate_out=0.000000e+00, personal_generator_emb=0.000000e+00, personal_generator_context_proj=0.000000e+00, personal_generator_context_hidden=0.000000e+00, personal_generator_context_to_u=0.000000e+00, personal_generator_context_to_v=0.000000e+00, personal_generator_student_row=0.000000e+00, personal_generator_student_col=0.000000e+00, personal_generator_student_adapter=0.000000e+00, personal_generator_context_adapter=0.000000e+00, personal_generator_direct_scale=0.000000e+00
2026-04-14 10:57:49,269 - INFO - [junyi|junyi_abce_ae_dominant_no_E|lr=0.003|drop=0.40] -> No improvement 2 epoch(s) (best AUC=0.8145 @ 10)
2026-04-14 10:58:26,087 - INFO - [junyi|junyi_abce_ae_dominant_no_E|lr=0.003|drop=0.40] Epoch [013/100] | Train: Loss=0.4981, BCE=0.4854, Reg=0.0128, AUC=0.8201, ACC=0.7684, RMSE=0.3991 | Val: Loss=0.4986, BCE=0.4859, Reg=0.0128, AUC=0.8186, ACC=0.7728, RMSE=0.3984
2026-04-14 10:58:26,087 - INFO - [junyi|junyi_abce_ae_dominant_no_E|lr=0.003|drop=0.40] [Reg Terms] Epoch [013] | Train: graph_entropy=0.000000, graph_diag=0.006000, graph_uniform=0.006753, graph_reg_scale=1.0000, prediction_l2=0.000000, personal_sparse=0.000000, alpha_var=0.000000, alpha_collapse=0.000000, reg_bce_ratio=0.0263 | Val: graph_entropy=0.000000, graph_diag=0.006000, graph_uniform=0.006753, graph_reg_scale=1.0000, prediction_l2=0.000000, personal_sparse=0.000000, alpha_var=0.000000, alpha_collapse=0.000000, reg_bce_ratio=0.0262
2026-04-14 10:58:26,253 - INFO - [junyi|junyi_abce_ae_dominant_no_E|lr=0.003|drop=0.40] [Diag][AE] Epoch [013] | irt_abs_mean=1.8514, irt_std=1.1193, personal_warmup_scale=1.00, graph_row_entropy=3.2177, graph_entropy_ratio=0.4915, alpha_mean=0.0000, alpha_std=0.0000, alpha_bias_std=0.0000, alpha_state_path=0.0000, alpha_id_path=0.0000, alpha_bias_path=0.0000, personal_row_entropy=0.0000, personal_matrix_delta=0.0000, personal_matrix_student_std=0.0000, personal_delta_pre_softmax_norm=0.0000, personal_delta_student_std=0.0000, alpha_head_std=0.0000, personal_student_mix=0.0000, personal_student_adapter=0.0000, personal_bad_rows=0.00, personal_fallback_rows=0.00, personal_logits_absmax=0.0000
2026-04-14 10:58:26,253 - INFO - [junyi|junyi_abce_ae_dominant_no_E|lr=0.003|drop=0.40] [Diag][A] Epoch [013] | entropy_ratio=0.4915, diag_mass=0.0500, to_uniform_l2=0.007448, to_identity_l2=0.036726, relation_identity_delta=0.000000, knowledge_state_graph_delta=0.000000, knowledge_state_personal_delta=0.000000, share_concept_embeddings=True, tau_mean=0.6931, tau_std=0.0000, graph_reg_scale(train/val)=1.0000/1.0000
2026-04-14 10:58:26,253 - INFO - [junyi|junyi_abce_ae_dominant_no_E|lr=0.003|drop=0.40] [Grad Norms] Epoch [013] | relation_emb=3.464294e-01, relation_tau=0.000000e+00, relation_wq=0.000000e+00, relation_wk=0.000000e+00, personal_u=0.000000e+00, personal_v=0.000000e+00, personal_alpha_bias=0.000000e+00, personal_gate_emb=0.000000e+00, personal_gate_state_proj=0.000000e+00, personal_gate_context_proj=0.000000e+00, personal_gate_state_direct=0.000000e+00, personal_gate_id_direct=0.000000e+00, personal_gate_context_direct=0.000000e+00, personal_gate_out=0.000000e+00, personal_generator_emb=0.000000e+00, personal_generator_context_proj=0.000000e+00, personal_generator_context_hidden=0.000000e+00, personal_generator_context_to_u=0.000000e+00, personal_generator_context_to_v=0.000000e+00, personal_generator_student_row=0.000000e+00, personal_generator_student_col=0.000000e+00, personal_generator_student_adapter=0.000000e+00, personal_generator_context_adapter=0.000000e+00, personal_generator_direct_scale=0.000000e+00
2026-04-14 10:58:26,439 - INFO - [junyi|junyi_abce_ae_dominant_no_E|lr=0.003|drop=0.40] -> New best AUC=0.8186 at epoch 13
2026-04-14 10:59:03,859 - INFO - [junyi|junyi_abce_ae_dominant_no_E|lr=0.003|drop=0.40] Epoch [014/100] | Train: Loss=0.4966, BCE=0.4838, Reg=0.0128, AUC=0.8215, ACC=0.7696, RMSE=0.3984 | Val: Loss=0.4997, BCE=0.4870, Reg=0.0128, AUC=0.8168, ACC=0.7721, RMSE=0.3985
2026-04-14 10:59:03,859 - INFO - [junyi|junyi_abce_ae_dominant_no_E|lr=0.003|drop=0.40] [Reg Terms] Epoch [014] | Train: graph_entropy=0.000000, graph_diag=0.006005, graph_uniform=0.006753, graph_reg_scale=1.0000, prediction_l2=0.000000, personal_sparse=0.000000, alpha_var=0.000000, alpha_collapse=0.000000, reg_bce_ratio=0.0264 | Val: graph_entropy=0.000000, graph_diag=0.006000, graph_uniform=0.006753, graph_reg_scale=1.0000, prediction_l2=0.000000, personal_sparse=0.000000, alpha_var=0.000000, alpha_collapse=0.000000, reg_bce_ratio=0.0262
2026-04-14 10:59:04,059 - INFO - [junyi|junyi_abce_ae_dominant_no_E|lr=0.003|drop=0.40] [Diag][AE] Epoch [014] | irt_abs_mean=1.8272, irt_std=1.1883, personal_warmup_scale=1.00, graph_row_entropy=3.2177, graph_entropy_ratio=0.4915, alpha_mean=0.0000, alpha_std=0.0000, alpha_bias_std=0.0000, alpha_state_path=0.0000, alpha_id_path=0.0000, alpha_bias_path=0.0000, personal_row_entropy=0.0000, personal_matrix_delta=0.0000, personal_matrix_student_std=0.0000, personal_delta_pre_softmax_norm=0.0000, personal_delta_student_std=0.0000, alpha_head_std=0.0000, personal_student_mix=0.0000, personal_student_adapter=0.0000, personal_bad_rows=0.00, personal_fallback_rows=0.00, personal_logits_absmax=0.0000
2026-04-14 10:59:04,059 - INFO - [junyi|junyi_abce_ae_dominant_no_E|lr=0.003|drop=0.40] [Diag][A] Epoch [014] | entropy_ratio=0.4915, diag_mass=0.0500, to_uniform_l2=0.007448, to_identity_l2=0.036726, relation_identity_delta=0.000000, knowledge_state_graph_delta=0.000000, knowledge_state_personal_delta=0.000000, share_concept_embeddings=True, tau_mean=0.6931, tau_std=0.0000, graph_reg_scale(train/val)=1.0000/1.0000
2026-04-14 10:59:04,059 - INFO - [junyi|junyi_abce_ae_dominant_no_E|lr=0.003|drop=0.40] [Grad Norms] Epoch [014] | relation_emb=3.473391e-01, relation_tau=0.000000e+00, relation_wq=5.905107e-21, relation_wk=1.682723e-20, personal_u=0.000000e+00, personal_v=0.000000e+00, personal_alpha_bias=0.000000e+00, personal_gate_emb=0.000000e+00, personal_gate_state_proj=0.000000e+00, personal_gate_context_proj=0.000000e+00, personal_gate_state_direct=0.000000e+00, personal_gate_id_direct=0.000000e+00, personal_gate_context_direct=0.000000e+00, personal_gate_out=0.000000e+00, personal_generator_emb=0.000000e+00, personal_generator_context_proj=0.000000e+00, personal_generator_context_hidden=0.000000e+00, personal_generator_context_to_u=0.000000e+00, personal_generator_context_to_v=0.000000e+00, personal_generator_student_row=0.000000e+00, personal_generator_student_col=0.000000e+00, personal_generator_student_adapter=0.000000e+00, personal_generator_context_adapter=0.000000e+00, personal_generator_direct_scale=0.000000e+00
2026-04-14 10:59:04,060 - INFO - [junyi|junyi_abce_ae_dominant_no_E|lr=0.003|drop=0.40] -> No improvement 1 epoch(s) (best AUC=0.8186 @ 13)
2026-04-14 10:59:41,066 - INFO - [junyi|junyi_abce_ae_dominant_no_E|lr=0.003|drop=0.40] Epoch [015/100] | Train: Loss=0.4959, BCE=0.4831, Reg=0.0128, AUC=0.8220, ACC=0.7713, RMSE=0.3980 | Val: Loss=0.4977, BCE=0.4849, Reg=0.0128, AUC=0.8200, ACC=0.7761, RMSE=0.3966
2026-04-14 10:59:41,066 - INFO - [junyi|junyi_abce_ae_dominant_no_E|lr=0.003|drop=0.40] [Reg Terms] Epoch [015] | Train: graph_entropy=0.000000, graph_diag=0.006001, graph_uniform=0.006753, graph_reg_scale=1.0000, prediction_l2=0.000000, personal_sparse=0.000000, alpha_var=0.000000, alpha_collapse=0.000000, reg_bce_ratio=0.0264 | Val: graph_entropy=0.000000, graph_diag=0.006000, graph_uniform=0.006753, graph_reg_scale=1.0000, prediction_l2=0.000000, personal_sparse=0.000000, alpha_var=0.000000, alpha_collapse=0.000000, reg_bce_ratio=0.0263
2026-04-14 10:59:41,228 - INFO - [junyi|junyi_abce_ae_dominant_no_E|lr=0.003|drop=0.40] [Diag][AE] Epoch [015] | irt_abs_mean=1.8969, irt_std=1.2350, personal_warmup_scale=1.00, graph_row_entropy=3.2177, graph_entropy_ratio=0.4915, alpha_mean=0.0000, alpha_std=0.0000, alpha_bias_std=0.0000, alpha_state_path=0.0000, alpha_id_path=0.0000, alpha_bias_path=0.0000, personal_row_entropy=0.0000, personal_matrix_delta=0.0000, personal_matrix_student_std=0.0000, personal_delta_pre_softmax_norm=0.0000, personal_delta_student_std=0.0000, alpha_head_std=0.0000, personal_student_mix=0.0000, personal_student_adapter=0.0000, personal_bad_rows=0.00, personal_fallback_rows=0.00, personal_logits_absmax=0.0000
2026-04-14 10:59:41,228 - INFO - [junyi|junyi_abce_ae_dominant_no_E|lr=0.003|drop=0.40] [Diag][A] Epoch [015] | entropy_ratio=0.4915, diag_mass=0.0500, to_uniform_l2=0.007448, to_identity_l2=0.036726, relation_identity_delta=0.000000, knowledge_state_graph_delta=0.000000, knowledge_state_personal_delta=0.000000, share_concept_embeddings=True, tau_mean=0.6931, tau_std=0.0000, graph_reg_scale(train/val)=1.0000/1.0000
2026-04-14 10:59:41,228 - INFO - [junyi|junyi_abce_ae_dominant_no_E|lr=0.003|drop=0.40] [Grad Norms] Epoch [015] | relation_emb=3.267582e-01, relation_tau=2.109901e-12, relation_wq=3.451347e-09, relation_wk=3.452420e-09, personal_u=0.000000e+00, personal_v=0.000000e+00, personal_alpha_bias=0.000000e+00, personal_gate_emb=0.000000e+00, personal_gate_state_proj=0.000000e+00, personal_gate_context_proj=0.000000e+00, personal_gate_state_direct=0.000000e+00, personal_gate_id_direct=0.000000e+00, personal_gate_context_direct=0.000000e+00, personal_gate_out=0.000000e+00, personal_generator_emb=0.000000e+00, personal_generator_context_proj=0.000000e+00, personal_generator_context_hidden=0.000000e+00, personal_generator_context_to_u=0.000000e+00, personal_generator_context_to_v=0.000000e+00, personal_generator_student_row=0.000000e+00, personal_generator_student_col=0.000000e+00, personal_generator_student_adapter=0.000000e+00, personal_generator_context_adapter=0.000000e+00, personal_generator_direct_scale=0.000000e+00
2026-04-14 10:59:41,407 - INFO - [junyi|junyi_abce_ae_dominant_no_E|lr=0.003|drop=0.40] -> New best AUC=0.8200 at epoch 15
2026-04-14 11:00:18,587 - INFO - [junyi|junyi_abce_ae_dominant_no_E|lr=0.003|drop=0.40] Epoch [016/100] | Train: Loss=0.4957, BCE=0.4829, Reg=0.0128, AUC=0.8221, ACC=0.7707, RMSE=0.3978 | Val: Loss=0.5033, BCE=0.4906, Reg=0.0128, AUC=0.8194, ACC=0.7744, RMSE=0.3988
2026-04-14 11:00:18,587 - INFO - [junyi|junyi_abce_ae_dominant_no_E|lr=0.003|drop=0.40] [Reg Terms] Epoch [016] | Train: graph_entropy=0.000000, graph_diag=0.006006, graph_uniform=0.006753, graph_reg_scale=1.0000, prediction_l2=0.000000, personal_sparse=0.000000, alpha_var=0.000000, alpha_collapse=0.000000, reg_bce_ratio=0.0264 | Val: graph_entropy=0.000000, graph_diag=0.006000, graph_uniform=0.006753, graph_reg_scale=1.0000, prediction_l2=0.000000, personal_sparse=0.000000, alpha_var=0.000000, alpha_collapse=0.000000, reg_bce_ratio=0.0260
2026-04-14 11:00:18,756 - INFO - [junyi|junyi_abce_ae_dominant_no_E|lr=0.003|drop=0.40] [Diag][AE] Epoch [016] | irt_abs_mean=2.0205, irt_std=1.2001, personal_warmup_scale=1.00, graph_row_entropy=3.2177, graph_entropy_ratio=0.4915, alpha_mean=0.0000, alpha_std=0.0000, alpha_bias_std=0.0000, alpha_state_path=0.0000, alpha_id_path=0.0000, alpha_bias_path=0.0000, personal_row_entropy=0.0000, personal_matrix_delta=0.0000, personal_matrix_student_std=0.0000, personal_delta_pre_softmax_norm=0.0000, personal_delta_student_std=0.0000, alpha_head_std=0.0000, personal_student_mix=0.0000, personal_student_adapter=0.0000, personal_bad_rows=0.00, personal_fallback_rows=0.00, personal_logits_absmax=0.0000
2026-04-14 11:00:18,756 - INFO - [junyi|junyi_abce_ae_dominant_no_E|lr=0.003|drop=0.40] [Diag][A] Epoch [016] | entropy_ratio=0.4915, diag_mass=0.0500, to_uniform_l2=0.007448, to_identity_l2=0.036726, relation_identity_delta=0.000000, knowledge_state_graph_delta=0.000000, knowledge_state_personal_delta=0.000000, share_concept_embeddings=True, tau_mean=0.6931, tau_std=0.0000, graph_reg_scale(train/val)=1.0000/1.0000
2026-04-14 11:00:18,756 - INFO - [junyi|junyi_abce_ae_dominant_no_E|lr=0.003|drop=0.40] [Grad Norms] Epoch [016] | relation_emb=3.214095e-01, relation_tau=2.488952e-12, relation_wq=4.925182e-09, relation_wk=4.771686e-09, personal_u=0.000000e+00, personal_v=0.000000e+00, personal_alpha_bias=0.000000e+00, personal_gate_emb=0.000000e+00, personal_gate_state_proj=0.000000e+00, personal_gate_context_proj=0.000000e+00, personal_gate_state_direct=0.000000e+00, personal_gate_id_direct=0.000000e+00, personal_gate_context_direct=0.000000e+00, personal_gate_out=0.000000e+00, personal_generator_emb=0.000000e+00, personal_generator_context_proj=0.000000e+00, personal_generator_context_hidden=0.000000e+00, personal_generator_context_to_u=0.000000e+00, personal_generator_context_to_v=0.000000e+00, personal_generator_student_row=0.000000e+00, personal_generator_student_col=0.000000e+00, personal_generator_student_adapter=0.000000e+00, personal_generator_context_adapter=0.000000e+00, personal_generator_direct_scale=0.000000e+00
2026-04-14 11:00:18,756 - INFO - [junyi|junyi_abce_ae_dominant_no_E|lr=0.003|drop=0.40] -> No improvement 1 epoch(s) (best AUC=0.8200 @ 15)
2026-04-14 11:00:56,004 - INFO - [junyi|junyi_abce_ae_dominant_no_E|lr=0.003|drop=0.40] Epoch [017/100] | Train: Loss=0.4946, BCE=0.4818, Reg=0.0128, AUC=0.8231, ACC=0.7708, RMSE=0.3974 | Val: Loss=0.4960, BCE=0.4833, Reg=0.0128, AUC=0.8208, ACC=0.7745, RMSE=0.3967
2026-04-14 11:00:56,004 - INFO - [junyi|junyi_abce_ae_dominant_no_E|lr=0.003|drop=0.40] [Reg Terms] Epoch [017] | Train: graph_entropy=0.000000, graph_diag=0.006005, graph_uniform=0.006753, graph_reg_scale=1.0000, prediction_l2=0.000000, personal_sparse=0.000000, alpha_var=0.000000, alpha_collapse=0.000000, reg_bce_ratio=0.0265 | Val: graph_entropy=0.000000, graph_diag=0.006000, graph_uniform=0.006753, graph_reg_scale=1.0000, prediction_l2=0.000000, personal_sparse=0.000000, alpha_var=0.000000, alpha_collapse=0.000000, reg_bce_ratio=0.0264
2026-04-14 11:00:56,175 - INFO - [junyi|junyi_abce_ae_dominant_no_E|lr=0.003|drop=0.40] [Diag][AE] Epoch [017] | irt_abs_mean=1.8877, irt_std=1.2158, personal_warmup_scale=1.00, graph_row_entropy=3.2177, graph_entropy_ratio=0.4915, alpha_mean=0.0000, alpha_std=0.0000, alpha_bias_std=0.0000, alpha_state_path=0.0000, alpha_id_path=0.0000, alpha_bias_path=0.0000, personal_row_entropy=0.0000, personal_matrix_delta=0.0000, personal_matrix_student_std=0.0000, personal_delta_pre_softmax_norm=0.0000, personal_delta_student_std=0.0000, alpha_head_std=0.0000, personal_student_mix=0.0000, personal_student_adapter=0.0000, personal_bad_rows=0.00, personal_fallback_rows=0.00, personal_logits_absmax=0.0000
2026-04-14 11:00:56,175 - INFO - [junyi|junyi_abce_ae_dominant_no_E|lr=0.003|drop=0.40] [Diag][A] Epoch [017] | entropy_ratio=0.4915, diag_mass=0.0500, to_uniform_l2=0.007448, to_identity_l2=0.036726, relation_identity_delta=0.000000, knowledge_state_graph_delta=0.000000, knowledge_state_personal_delta=0.000000, share_concept_embeddings=True, tau_mean=0.6931, tau_std=0.0000, graph_reg_scale(train/val)=1.0000/1.0000
2026-04-14 11:00:56,176 - INFO - [junyi|junyi_abce_ae_dominant_no_E|lr=0.003|drop=0.40] [Grad Norms] Epoch [017] | relation_emb=3.715441e-01, relation_tau=1.805624e-12, relation_wq=3.178763e-09, relation_wk=3.262653e-09, personal_u=0.000000e+00, personal_v=0.000000e+00, personal_alpha_bias=0.000000e+00, personal_gate_emb=0.000000e+00, personal_gate_state_proj=0.000000e+00, personal_gate_context_proj=0.000000e+00, personal_gate_state_direct=0.000000e+00, personal_gate_id_direct=0.000000e+00, personal_gate_context_direct=0.000000e+00, personal_gate_out=0.000000e+00, personal_generator_emb=0.000000e+00, personal_generator_context_proj=0.000000e+00, personal_generator_context_hidden=0.000000e+00, personal_generator_context_to_u=0.000000e+00, personal_generator_context_to_v=0.000000e+00, personal_generator_student_row=0.000000e+00, personal_generator_student_col=0.000000e+00, personal_generator_student_adapter=0.000000e+00, personal_generator_context_adapter=0.000000e+00, personal_generator_direct_scale=0.000000e+00
2026-04-14 11:00:56,368 - INFO - [junyi|junyi_abce_ae_dominant_no_E|lr=0.003|drop=0.40] -> New best AUC=0.8208 at epoch 17
2026-04-14 11:01:33,370 - INFO - [junyi|junyi_abce_ae_dominant_no_E|lr=0.003|drop=0.40] Epoch [018/100] | Train: Loss=0.4949, BCE=0.4821, Reg=0.0128, AUC=0.8229, ACC=0.7705, RMSE=0.3975 | Val: Loss=0.4993, BCE=0.4866, Reg=0.0128, AUC=0.8206, ACC=0.7753, RMSE=0.3982
2026-04-14 11:01:33,371 - INFO - [junyi|junyi_abce_ae_dominant_no_E|lr=0.003|drop=0.40] [Reg Terms] Epoch [018] | Train: graph_entropy=0.000000, graph_diag=0.006003, graph_uniform=0.006753, graph_reg_scale=1.0000, prediction_l2=0.000000, personal_sparse=0.000000, alpha_var=0.000000, alpha_collapse=0.000000, reg_bce_ratio=0.0265 | Val: graph_entropy=0.000000, graph_diag=0.006000, graph_uniform=0.006753, graph_reg_scale=1.0000, prediction_l2=0.000000, personal_sparse=0.000000, alpha_var=0.000000, alpha_collapse=0.000000, reg_bce_ratio=0.0262
2026-04-14 11:01:33,556 - INFO - [junyi|junyi_abce_ae_dominant_no_E|lr=0.003|drop=0.40] [Diag][AE] Epoch [018] | irt_abs_mean=1.9741, irt_std=1.1658, personal_warmup_scale=1.00, graph_row_entropy=3.2177, graph_entropy_ratio=0.4915, alpha_mean=0.0000, alpha_std=0.0000, alpha_bias_std=0.0000, alpha_state_path=0.0000, alpha_id_path=0.0000, alpha_bias_path=0.0000, personal_row_entropy=0.0000, personal_matrix_delta=0.0000, personal_matrix_student_std=0.0000, personal_delta_pre_softmax_norm=0.0000, personal_delta_student_std=0.0000, alpha_head_std=0.0000, personal_student_mix=0.0000, personal_student_adapter=0.0000, personal_bad_rows=0.00, personal_fallback_rows=0.00, personal_logits_absmax=0.0000
2026-04-14 11:01:33,556 - INFO - [junyi|junyi_abce_ae_dominant_no_E|lr=0.003|drop=0.40] [Diag][A] Epoch [018] | entropy_ratio=0.4915, diag_mass=0.0500, to_uniform_l2=0.007448, to_identity_l2=0.036726, relation_identity_delta=0.000000, knowledge_state_graph_delta=0.000000, knowledge_state_personal_delta=0.000000, share_concept_embeddings=True, tau_mean=0.6931, tau_std=0.0000, graph_reg_scale(train/val)=1.0000/1.0000
2026-04-14 11:01:33,556 - INFO - [junyi|junyi_abce_ae_dominant_no_E|lr=0.003|drop=0.40] [Grad Norms] Epoch [018] | relation_emb=3.543768e-01, relation_tau=2.559913e-12, relation_wq=6.270714e-09, relation_wk=6.760657e-09, personal_u=0.000000e+00, personal_v=0.000000e+00, personal_alpha_bias=0.000000e+00, personal_gate_emb=0.000000e+00, personal_gate_state_proj=0.000000e+00, personal_gate_context_proj=0.000000e+00, personal_gate_state_direct=0.000000e+00, personal_gate_id_direct=0.000000e+00, personal_gate_context_direct=0.000000e+00, personal_gate_out=0.000000e+00, personal_generator_emb=0.000000e+00, personal_generator_context_proj=0.000000e+00, personal_generator_context_hidden=0.000000e+00, personal_generator_context_to_u=0.000000e+00, personal_generator_context_to_v=0.000000e+00, personal_generator_student_row=0.000000e+00, personal_generator_student_col=0.000000e+00, personal_generator_student_adapter=0.000000e+00, personal_generator_context_adapter=0.000000e+00, personal_generator_direct_scale=0.000000e+00
2026-04-14 11:01:33,557 - INFO - [junyi|junyi_abce_ae_dominant_no_E|lr=0.003|drop=0.40] -> No improvement 1 epoch(s) (best AUC=0.8208 @ 17)
2026-04-14 11:02:11,103 - INFO - [junyi|junyi_abce_ae_dominant_no_E|lr=0.003|drop=0.40] Epoch [019/100] | Train: Loss=0.4950, BCE=0.4822, Reg=0.0128, AUC=0.8227, ACC=0.7712, RMSE=0.3975 | Val: Loss=0.4933, BCE=0.4806, Reg=0.0128, AUC=0.8204, ACC=0.7748, RMSE=0.3963
2026-04-14 11:02:11,104 - INFO - [junyi|junyi_abce_ae_dominant_no_E|lr=0.003|drop=0.40] [Reg Terms] Epoch [019] | Train: graph_entropy=0.000000, graph_diag=0.006003, graph_uniform=0.006753, graph_reg_scale=1.0000, prediction_l2=0.000000, personal_sparse=0.000000, alpha_var=0.000000, alpha_collapse=0.000000, reg_bce_ratio=0.0265 | Val: graph_entropy=0.000000, graph_diag=0.006000, graph_uniform=0.006753, graph_reg_scale=1.0000, prediction_l2=0.000000, personal_sparse=0.000000, alpha_var=0.000000, alpha_collapse=0.000000, reg_bce_ratio=0.0265
2026-04-14 11:02:11,311 - INFO - [junyi|junyi_abce_ae_dominant_no_E|lr=0.003|drop=0.40] [Diag][AE] Epoch [019] | irt_abs_mean=1.7940, irt_std=1.1506, personal_warmup_scale=1.00, graph_row_entropy=3.2177, graph_entropy_ratio=0.4915, alpha_mean=0.0000, alpha_std=0.0000, alpha_bias_std=0.0000, alpha_state_path=0.0000, alpha_id_path=0.0000, alpha_bias_path=0.0000, personal_row_entropy=0.0000, personal_matrix_delta=0.0000, personal_matrix_student_std=0.0000, personal_delta_pre_softmax_norm=0.0000, personal_delta_student_std=0.0000, alpha_head_std=0.0000, personal_student_mix=0.0000, personal_student_adapter=0.0000, personal_bad_rows=0.00, personal_fallback_rows=0.00, personal_logits_absmax=0.0000
2026-04-14 11:02:11,312 - INFO - [junyi|junyi_abce_ae_dominant_no_E|lr=0.003|drop=0.40] [Diag][A] Epoch [019] | entropy_ratio=0.4915, diag_mass=0.0500, to_uniform_l2=0.007448, to_identity_l2=0.036726, relation_identity_delta=0.000000, knowledge_state_graph_delta=0.000000, knowledge_state_personal_delta=0.000000, share_concept_embeddings=True, tau_mean=0.6931, tau_std=0.0000, graph_reg_scale(train/val)=1.0000/1.0000
2026-04-14 11:02:11,312 - INFO - [junyi|junyi_abce_ae_dominant_no_E|lr=0.003|drop=0.40] [Grad Norms] Epoch [019] | relation_emb=2.957822e-01, relation_tau=9.763450e-13, relation_wq=4.331759e-09, relation_wk=4.410244e-09, personal_u=0.000000e+00, personal_v=0.000000e+00, personal_alpha_bias=0.000000e+00, personal_gate_emb=0.000000e+00, personal_gate_state_proj=0.000000e+00, personal_gate_context_proj=0.000000e+00, personal_gate_state_direct=0.000000e+00, personal_gate_id_direct=0.000000e+00, personal_gate_context_direct=0.000000e+00, personal_gate_out=0.000000e+00, personal_generator_emb=0.000000e+00, personal_generator_context_proj=0.000000e+00, personal_generator_context_hidden=0.000000e+00, personal_generator_context_to_u=0.000000e+00, personal_generator_context_to_v=0.000000e+00, personal_generator_student_row=0.000000e+00, personal_generator_student_col=0.000000e+00, personal_generator_student_adapter=0.000000e+00, personal_generator_context_adapter=0.000000e+00, personal_generator_direct_scale=0.000000e+00
2026-04-14 11:02:11,312 - INFO - [junyi|junyi_abce_ae_dominant_no_E|lr=0.003|drop=0.40] -> No improvement 2 epoch(s) (best AUC=0.8208 @ 17)
2026-04-14 11:02:48,644 - INFO - [junyi|junyi_abce_ae_dominant_no_E|lr=0.003|drop=0.40] Epoch [020/100] | Train: Loss=0.4815, BCE=0.4687, Reg=0.0128, AUC=0.8340, ACC=0.7798, RMSE=0.3908 | Val: Loss=0.4955, BCE=0.4827, Reg=0.0128, AUC=0.8229, ACC=0.7734, RMSE=0.3969
2026-04-14 11:02:48,644 - INFO - [junyi|junyi_abce_ae_dominant_no_E|lr=0.003|drop=0.40] [Reg Terms] Epoch [020] | Train: graph_entropy=0.000000, graph_diag=0.006000, graph_uniform=0.006753, graph_reg_scale=1.0000, prediction_l2=0.000000, personal_sparse=0.000000, alpha_var=0.000000, alpha_collapse=0.000000, reg_bce_ratio=0.0272 | Val: graph_entropy=0.000000, graph_diag=0.006000, graph_uniform=0.006753, graph_reg_scale=1.0000, prediction_l2=0.000000, personal_sparse=0.000000, alpha_var=0.000000, alpha_collapse=0.000000, reg_bce_ratio=0.0264
2026-04-14 11:02:48,835 - INFO - [junyi|junyi_abce_ae_dominant_no_E|lr=0.003|drop=0.40] [Diag][AE] Epoch [020] | irt_abs_mean=1.9038, irt_std=1.1608, personal_warmup_scale=1.00, graph_row_entropy=3.2177, graph_entropy_ratio=0.4915, alpha_mean=0.0000, alpha_std=0.0000, alpha_bias_std=0.0000, alpha_state_path=0.0000, alpha_id_path=0.0000, alpha_bias_path=0.0000, personal_row_entropy=0.0000, personal_matrix_delta=0.0000, personal_matrix_student_std=0.0000, personal_delta_pre_softmax_norm=0.0000, personal_delta_student_std=0.0000, alpha_head_std=0.0000, personal_student_mix=0.0000, personal_student_adapter=0.0000, personal_bad_rows=0.00, personal_fallback_rows=0.00, personal_logits_absmax=0.0000
2026-04-14 11:02:48,836 - INFO - [junyi|junyi_abce_ae_dominant_no_E|lr=0.003|drop=0.40] [Diag][A] Epoch [020] | entropy_ratio=0.4915, diag_mass=0.0500, to_uniform_l2=0.007448, to_identity_l2=0.036726, relation_identity_delta=0.000000, knowledge_state_graph_delta=0.000000, knowledge_state_personal_delta=0.000000, share_concept_embeddings=True, tau_mean=0.6931, tau_std=0.0000, graph_reg_scale(train/val)=1.0000/1.0000
2026-04-14 11:02:48,836 - INFO - [junyi|junyi_abce_ae_dominant_no_E|lr=0.003|drop=0.40] [Grad Norms] Epoch [020] | relation_emb=3.901841e-01, relation_tau=0.000000e+00, relation_wq=0.000000e+00, relation_wk=0.000000e+00, personal_u=0.000000e+00, personal_v=0.000000e+00, personal_alpha_bias=0.000000e+00, personal_gate_emb=0.000000e+00, personal_gate_state_proj=0.000000e+00, personal_gate_context_proj=0.000000e+00, personal_gate_state_direct=0.000000e+00, personal_gate_id_direct=0.000000e+00, personal_gate_context_direct=0.000000e+00, personal_gate_out=0.000000e+00, personal_generator_emb=0.000000e+00, personal_generator_context_proj=0.000000e+00, personal_generator_context_hidden=0.000000e+00, personal_generator_context_to_u=0.000000e+00, personal_generator_context_to_v=0.000000e+00, personal_generator_student_row=0.000000e+00, personal_generator_student_col=0.000000e+00, personal_generator_student_adapter=0.000000e+00, personal_generator_context_adapter=0.000000e+00, personal_generator_direct_scale=0.000000e+00
2026-04-14 11:02:49,015 - INFO - [junyi|junyi_abce_ae_dominant_no_E|lr=0.003|drop=0.40] -> New best AUC=0.8229 at epoch 20
2026-04-14 11:02:49,047 - INFO - [junyi|junyi_abce_ae_dominant_no_E|lr=0.003|drop=0.40] Checkpoint saved: checkpoints/abce_diag/remote_ae_verify_20260414_f28ff9d/junyi/seed42/ae_dominant_no_E/checkpoint_epoch_20.pth
2026-04-14 11:02:49,272 - INFO - [junyi|junyi_abce_ae_dominant_no_E|lr=0.003|drop=0.40] [Module Activity] Epoch 20: Graph[OK]
2026-04-14 11:03:26,442 - INFO - [junyi|junyi_abce_ae_dominant_no_E|lr=0.003|drop=0.40] Epoch [021/100] | Train: Loss=0.4792, BCE=0.4665, Reg=0.0128, AUC=0.8359, ACC=0.7811, RMSE=0.3896 | Val: Loss=0.4936, BCE=0.4808, Reg=0.0128, AUC=0.8240, ACC=0.7754, RMSE=0.3962
2026-04-14 11:03:26,443 - INFO - [junyi|junyi_abce_ae_dominant_no_E|lr=0.003|drop=0.40] [Reg Terms] Epoch [021] | Train: graph_entropy=0.000000, graph_diag=0.006005, graph_uniform=0.006753, graph_reg_scale=1.0000, prediction_l2=0.000000, personal_sparse=0.000000, alpha_var=0.000000, alpha_collapse=0.000000, reg_bce_ratio=0.0274 | Val: graph_entropy=0.000000, graph_diag=0.006000, graph_uniform=0.006753, graph_reg_scale=1.0000, prediction_l2=0.000000, personal_sparse=0.000000, alpha_var=0.000000, alpha_collapse=0.000000, reg_bce_ratio=0.0265
2026-04-14 11:03:26,623 - INFO - [junyi|junyi_abce_ae_dominant_no_E|lr=0.003|drop=0.40] [Diag][AE] Epoch [021] | irt_abs_mean=1.8387, irt_std=1.1605, personal_warmup_scale=1.00, graph_row_entropy=3.2177, graph_entropy_ratio=0.4915, alpha_mean=0.0000, alpha_std=0.0000, alpha_bias_std=0.0000, alpha_state_path=0.0000, alpha_id_path=0.0000, alpha_bias_path=0.0000, personal_row_entropy=0.0000, personal_matrix_delta=0.0000, personal_matrix_student_std=0.0000, personal_delta_pre_softmax_norm=0.0000, personal_delta_student_std=0.0000, alpha_head_std=0.0000, personal_student_mix=0.0000, personal_student_adapter=0.0000, personal_bad_rows=0.00, personal_fallback_rows=0.00, personal_logits_absmax=0.0000
2026-04-14 11:03:26,623 - INFO - [junyi|junyi_abce_ae_dominant_no_E|lr=0.003|drop=0.40] [Diag][A] Epoch [021] | entropy_ratio=0.4915, diag_mass=0.0500, to_uniform_l2=0.007448, to_identity_l2=0.036726, relation_identity_delta=0.000000, knowledge_state_graph_delta=0.000000, knowledge_state_personal_delta=0.000000, share_concept_embeddings=True, tau_mean=0.6931, tau_std=0.0000, graph_reg_scale(train/val)=1.0000/1.0000
2026-04-14 11:03:26,623 - INFO - [junyi|junyi_abce_ae_dominant_no_E|lr=0.003|drop=0.40] [Grad Norms] Epoch [021] | relation_emb=5.355975e-01, relation_tau=0.000000e+00, relation_wq=0.000000e+00, relation_wk=0.000000e+00, personal_u=0.000000e+00, personal_v=0.000000e+00, personal_alpha_bias=0.000000e+00, personal_gate_emb=0.000000e+00, personal_gate_state_proj=0.000000e+00, personal_gate_context_proj=0.000000e+00, personal_gate_state_direct=0.000000e+00, personal_gate_id_direct=0.000000e+00, personal_gate_context_direct=0.000000e+00, personal_gate_out=0.000000e+00, personal_generator_emb=0.000000e+00, personal_generator_context_proj=0.000000e+00, personal_generator_context_hidden=0.000000e+00, personal_generator_context_to_u=0.000000e+00, personal_generator_context_to_v=0.000000e+00, personal_generator_student_row=0.000000e+00, personal_generator_student_col=0.000000e+00, personal_generator_student_adapter=0.000000e+00, personal_generator_context_adapter=0.000000e+00, personal_generator_direct_scale=0.000000e+00
2026-04-14 11:03:26,762 - INFO - [junyi|junyi_abce_ae_dominant_no_E|lr=0.003|drop=0.40] -> New best AUC=0.8240 at epoch 21
2026-04-14 11:04:04,068 - INFO - [junyi|junyi_abce_ae_dominant_no_E|lr=0.003|drop=0.40] Epoch [022/100] | Train: Loss=0.4766, BCE=0.4639, Reg=0.0128, AUC=0.8380, ACC=0.7830, RMSE=0.3884 | Val: Loss=0.4968, BCE=0.4840, Reg=0.0128, AUC=0.8217, ACC=0.7755, RMSE=0.3968
2026-04-14 11:04:04,068 - INFO - [junyi|junyi_abce_ae_dominant_no_E|lr=0.003|drop=0.40] [Reg Terms] Epoch [022] | Train: graph_entropy=0.000000, graph_diag=0.006000, graph_uniform=0.006753, graph_reg_scale=1.0000, prediction_l2=0.000000, personal_sparse=0.000000, alpha_var=0.000000, alpha_collapse=0.000000, reg_bce_ratio=0.0275 | Val: graph_entropy=0.000000, graph_diag=0.006000, graph_uniform=0.006753, graph_reg_scale=1.0000, prediction_l2=0.000000, personal_sparse=0.000000, alpha_var=0.000000, alpha_collapse=0.000000, reg_bce_ratio=0.0263
2026-04-14 11:04:04,280 - INFO - [junyi|junyi_abce_ae_dominant_no_E|lr=0.003|drop=0.40] [Diag][AE] Epoch [022] | irt_abs_mean=1.9553, irt_std=1.1859, personal_warmup_scale=1.00, graph_row_entropy=3.2177, graph_entropy_ratio=0.4915, alpha_mean=0.0000, alpha_std=0.0000, alpha_bias_std=0.0000, alpha_state_path=0.0000, alpha_id_path=0.0000, alpha_bias_path=0.0000, personal_row_entropy=0.0000, personal_matrix_delta=0.0000, personal_matrix_student_std=0.0000, personal_delta_pre_softmax_norm=0.0000, personal_delta_student_std=0.0000, alpha_head_std=0.0000, personal_student_mix=0.0000, personal_student_adapter=0.0000, personal_bad_rows=0.00, personal_fallback_rows=0.00, personal_logits_absmax=0.0000
2026-04-14 11:04:04,280 - INFO - [junyi|junyi_abce_ae_dominant_no_E|lr=0.003|drop=0.40] [Diag][A] Epoch [022] | entropy_ratio=0.4915, diag_mass=0.0500, to_uniform_l2=0.007448, to_identity_l2=0.036726, relation_identity_delta=0.000000, knowledge_state_graph_delta=0.000000, knowledge_state_personal_delta=0.000000, share_concept_embeddings=True, tau_mean=0.6931, tau_std=0.0000, graph_reg_scale(train/val)=1.0000/1.0000
2026-04-14 11:04:04,280 - INFO - [junyi|junyi_abce_ae_dominant_no_E|lr=0.003|drop=0.40] [Grad Norms] Epoch [022] | relation_emb=4.716667e-01, relation_tau=1.714815e-14, relation_wq=3.361232e-11, relation_wk=3.075775e-11, personal_u=0.000000e+00, personal_v=0.000000e+00, personal_alpha_bias=0.000000e+00, personal_gate_emb=0.000000e+00, personal_gate_state_proj=0.000000e+00, personal_gate_context_proj=0.000000e+00, personal_gate_state_direct=0.000000e+00, personal_gate_id_direct=0.000000e+00, personal_gate_context_direct=0.000000e+00, personal_gate_out=0.000000e+00, personal_generator_emb=0.000000e+00, personal_generator_context_proj=0.000000e+00, personal_generator_context_hidden=0.000000e+00, personal_generator_context_to_u=0.000000e+00, personal_generator_context_to_v=0.000000e+00, personal_generator_student_row=0.000000e+00, personal_generator_student_col=0.000000e+00, personal_generator_student_adapter=0.000000e+00, personal_generator_context_adapter=0.000000e+00, personal_generator_direct_scale=0.000000e+00
2026-04-14 11:04:04,280 - INFO - [junyi|junyi_abce_ae_dominant_no_E|lr=0.003|drop=0.40] -> No improvement 1 epoch(s) (best AUC=0.8240 @ 21)
2026-04-14 11:04:41,468 - INFO - [junyi|junyi_abce_ae_dominant_no_E|lr=0.003|drop=0.40] Epoch [023/100] | Train: Loss=0.4741, BCE=0.4614, Reg=0.0128, AUC=0.8399, ACC=0.7843, RMSE=0.3873 | Val: Loss=0.5003, BCE=0.4875, Reg=0.0128, AUC=0.8217, ACC=0.7709, RMSE=0.3987
2026-04-14 11:04:41,468 - INFO - [junyi|junyi_abce_ae_dominant_no_E|lr=0.003|drop=0.40] [Reg Terms] Epoch [023] | Train: graph_entropy=0.000000, graph_diag=0.006000, graph_uniform=0.006753, graph_reg_scale=1.0000, prediction_l2=0.000000, personal_sparse=0.000000, alpha_var=0.000000, alpha_collapse=0.000000, reg_bce_ratio=0.0276 | Val: graph_entropy=0.000000, graph_diag=0.006000, graph_uniform=0.006753, graph_reg_scale=1.0000, prediction_l2=0.000000, personal_sparse=0.000000, alpha_var=0.000000, alpha_collapse=0.000000, reg_bce_ratio=0.0262
2026-04-14 11:04:41,627 - INFO - [junyi|junyi_abce_ae_dominant_no_E|lr=0.003|drop=0.40] [Diag][AE] Epoch [023] | irt_abs_mean=1.9598, irt_std=1.2157, personal_warmup_scale=1.00, graph_row_entropy=3.2177, graph_entropy_ratio=0.4915, alpha_mean=0.0000, alpha_std=0.0000, alpha_bias_std=0.0000, alpha_state_path=0.0000, alpha_id_path=0.0000, alpha_bias_path=0.0000, personal_row_entropy=0.0000, personal_matrix_delta=0.0000, personal_matrix_student_std=0.0000, personal_delta_pre_softmax_norm=0.0000, personal_delta_student_std=0.0000, alpha_head_std=0.0000, personal_student_mix=0.0000, personal_student_adapter=0.0000, personal_bad_rows=0.00, personal_fallback_rows=0.00, personal_logits_absmax=0.0000
2026-04-14 11:04:41,628 - INFO - [junyi|junyi_abce_ae_dominant_no_E|lr=0.003|drop=0.40] [Diag][A] Epoch [023] | entropy_ratio=0.4915, diag_mass=0.0500, to_uniform_l2=0.007448, to_identity_l2=0.036726, relation_identity_delta=0.000000, knowledge_state_graph_delta=0.000000, knowledge_state_personal_delta=0.000000, share_concept_embeddings=True, tau_mean=0.6931, tau_std=0.0000, graph_reg_scale(train/val)=1.0000/1.0000
2026-04-14 11:04:41,628 - INFO - [junyi|junyi_abce_ae_dominant_no_E|lr=0.003|drop=0.40] [Grad Norms] Epoch [023] | relation_emb=5.589373e-01, relation_tau=2.756129e-13, relation_wq=1.102461e-09, relation_wk=1.058038e-09, personal_u=0.000000e+00, personal_v=0.000000e+00, personal_alpha_bias=0.000000e+00, personal_gate_emb=0.000000e+00, personal_gate_state_proj=0.000000e+00, personal_gate_context_proj=0.000000e+00, personal_gate_state_direct=0.000000e+00, personal_gate_id_direct=0.000000e+00, personal_gate_context_direct=0.000000e+00, personal_gate_out=0.000000e+00, personal_generator_emb=0.000000e+00, personal_generator_context_proj=0.000000e+00, personal_generator_context_hidden=0.000000e+00, personal_generator_context_to_u=0.000000e+00, personal_generator_context_to_v=0.000000e+00, personal_generator_student_row=0.000000e+00, personal_generator_student_col=0.000000e+00, personal_generator_student_adapter=0.000000e+00, personal_generator_context_adapter=0.000000e+00, personal_generator_direct_scale=0.000000e+00
2026-04-14 11:04:41,628 - INFO - [junyi|junyi_abce_ae_dominant_no_E|lr=0.003|drop=0.40] -> No improvement 2 epoch(s) (best AUC=0.8240 @ 21)
2026-04-14 11:05:18,921 - INFO - [junyi|junyi_abce_ae_dominant_no_E|lr=0.003|drop=0.40] Epoch [024/100] | Train: Loss=0.4586, BCE=0.4459, Reg=0.0128, AUC=0.8518, ACC=0.7939, RMSE=0.3795 | Val: Loss=0.5006, BCE=0.4879, Reg=0.0128, AUC=0.8222, ACC=0.7754, RMSE=0.3976
2026-04-14 11:05:18,922 - INFO - [junyi|junyi_abce_ae_dominant_no_E|lr=0.003|drop=0.40] [Reg Terms] Epoch [024] | Train: graph_entropy=0.000000, graph_diag=0.006000, graph_uniform=0.006753, graph_reg_scale=1.0000, prediction_l2=0.000000, personal_sparse=0.000000, alpha_var=0.000000, alpha_collapse=0.000000, reg_bce_ratio=0.0286 | Val: graph_entropy=0.000000, graph_diag=0.006000, graph_uniform=0.006753, graph_reg_scale=1.0000, prediction_l2=0.000000, personal_sparse=0.000000, alpha_var=0.000000, alpha_collapse=0.000000, reg_bce_ratio=0.0261
2026-04-14 11:05:19,089 - INFO - [junyi|junyi_abce_ae_dominant_no_E|lr=0.003|drop=0.40] [Diag][AE] Epoch [024] | irt_abs_mean=2.0629, irt_std=1.1958, personal_warmup_scale=1.00, graph_row_entropy=3.2177, graph_entropy_ratio=0.4915, alpha_mean=0.0000, alpha_std=0.0000, alpha_bias_std=0.0000, alpha_state_path=0.0000, alpha_id_path=0.0000, alpha_bias_path=0.0000, personal_row_entropy=0.0000, personal_matrix_delta=0.0000, personal_matrix_student_std=0.0000, personal_delta_pre_softmax_norm=0.0000, personal_delta_student_std=0.0000, alpha_head_std=0.0000, personal_student_mix=0.0000, personal_student_adapter=0.0000, personal_bad_rows=0.00, personal_fallback_rows=0.00, personal_logits_absmax=0.0000
2026-04-14 11:05:19,089 - INFO - [junyi|junyi_abce_ae_dominant_no_E|lr=0.003|drop=0.40] [Diag][A] Epoch [024] | entropy_ratio=0.4915, diag_mass=0.0500, to_uniform_l2=0.007448, to_identity_l2=0.036726, relation_identity_delta=0.000000, knowledge_state_graph_delta=0.000000, knowledge_state_personal_delta=0.000000, share_concept_embeddings=True, tau_mean=0.6931, tau_std=0.0000, graph_reg_scale(train/val)=1.0000/1.0000
2026-04-14 11:05:19,090 - INFO - [junyi|junyi_abce_ae_dominant_no_E|lr=0.003|drop=0.40] [Grad Norms] Epoch [024] | relation_emb=6.720401e-01, relation_tau=0.000000e+00, relation_wq=0.000000e+00, relation_wk=0.000000e+00, personal_u=0.000000e+00, personal_v=0.000000e+00, personal_alpha_bias=0.000000e+00, personal_gate_emb=0.000000e+00, personal_gate_state_proj=0.000000e+00, personal_gate_context_proj=0.000000e+00, personal_gate_state_direct=0.000000e+00, personal_gate_id_direct=0.000000e+00, personal_gate_context_direct=0.000000e+00, personal_gate_out=0.000000e+00, personal_generator_emb=0.000000e+00, personal_generator_context_proj=0.000000e+00, personal_generator_context_hidden=0.000000e+00, personal_generator_context_to_u=0.000000e+00, personal_generator_context_to_v=0.000000e+00, personal_generator_student_row=0.000000e+00, personal_generator_student_col=0.000000e+00, personal_generator_student_adapter=0.000000e+00, personal_generator_context_adapter=0.000000e+00, personal_generator_direct_scale=0.000000e+00
2026-04-14 11:05:19,090 - INFO - [junyi|junyi_abce_ae_dominant_no_E|lr=0.003|drop=0.40] -> No improvement 3 epoch(s) (best AUC=0.8240 @ 21)
2026-04-14 11:05:19,090 - INFO - [junyi|junyi_abce_ae_dominant_no_E|lr=0.003|drop=0.40] Early stopping at epoch 24 (best AUC=0.8240 @ 21)
2026-04-14 11:05:19,094 - INFO - Epoch-wise metrics saved to checkpoints/abce_diag/remote_ae_verify_20260414_f28ff9d/junyi/seed42/ae_dominant_no_E/metrics_history.csv
2026-04-14 11:05:19,096 - INFO - [junyi|junyi_abce_ae_dominant_no_E|lr=0.003|drop=0.40] Training completed! Best Val AUC=0.8240 @ epoch 21
2026-04-14 11:05:19,263 - INFO - 
============================================================
         MODULE ACTIVITY REPORT
============================================================
Dataset: junyi | Seed: 42 | Epoch: 24

1. Concept Graph Module (A):
   - Mean row entropy: 3.218 / 6.547
   - Entropy ratio: 49.1%
   - Status: ACTIVE (learning meaningful structure)

2. Personal Graph Module (E):
   - Status: DISABLED (use_personal_graph=False or no_E)

------------------------------------------------------------
SUMMARY:
   Active modules: Concept Graph (A)
   All enabled graph modules are functioning properly.
============================================================
2026-04-14 11:05:19,264 - INFO - [junyi|junyi_abce_ae_dominant_no_E|lr=0.003|drop=0.40] Module activity saved to checkpoints/abce_diag/remote_ae_verify_20260414_f28ff9d/junyi/seed42/ae_dominant_no_E/module_activity.json
2026-04-14 11:05:19,309 - INFO - Using device: cuda:0 (physical gpu 3)
2026-04-14 11:05:19,309 - INFO - Loading model from checkpoints/abce_diag/remote_ae_verify_20260414_f28ff9d/junyi/seed42/ae_dominant_no_E/best_model.pth...
2026-04-14 11:05:19,378 - INFO - [Inference Filter] before=67063, after=60494, dropped=6569, coverage=90.20% (train-only seen student/item support)
2026-04-14 11:05:19,404 - INFO - Inference switches: ablate_module1=False | enable_module1=True | use_concept_graph=True | effective(num_gnn_layers=2)
2026-04-14 11:05:19,438 - INFO - [Inference] Ablation runtime check: args(ablate_module1=False) | expect(use_concept_graph=True,use_personal_graph=False) | model(enable_module1=True,use_concept_graph=True,use_personal_graph=False) | physical(has_knowledge_encoder=True,has_relation_learning=True,has_adaptive_gate=False,has_personal_generator=False)
2026-04-14 11:05:19,438 - INFO - [Inference] [Graph Init] graph_tau_mean=1.0055, graph_tau_std=0.0000, graph_dropout=0.000, use_personal_graph=False
2026-04-14 11:05:19,439 - INFO - Model loaded from epoch 21. Start testing...
2026-04-14 11:05:21,837 - INFO - [Test] 200/237 batches done, samples=51200
2026-04-14 11:05:22,304 - INFO - 
==================================================
2026-04-14 11:05:22,304 - INFO - Test Results:
2026-04-14 11:05:22,304 - INFO - AUC: 0.8295
2026-04-14 11:05:22,304 - INFO - ACC: 0.7688
2026-04-14 11:05:22,305 - INFO - RMSE: 0.3994
2026-04-14 11:05:22,305 - INFO - ==================================================
2026-04-14 11:05:22,316 - INFO - Summary appended to /home/zsh/ConceptSkillCDM/results/experiment_results.csv
2026-04-14 11:05:22,316 - INFO - 
Generating student diagnosis reports...
2026-04-14 11:05:22,332 - INFO - Student diagnosis reports saved to checkpoints/abce_diag/remote_ae_verify_20260414_f28ff9d/junyi/seed42/ae_dominant_no_E/student_diagnosis.json
2026-04-14 11:05:22,335 - INFO - Run completed.
2026-04-14 11:05:22,335 - INFO - Best validation AUC: 0.8240 at epoch 21
2026-04-14 11:05:22,335 - INFO - Test metrics - AUC: 0.8295, ACC: 0.7688, RMSE: 0.3994
2026-04-14 11:05:22,465 - INFO - [数据清洗] 学生交互次数 < 15 次的学生：共移除 2188 个学生（仅统计用户数）
2026-04-14 11:05:22,477 - INFO - [数据清洗] 学生冷启动过滤：在 train/valid/test 中共删除 35779 条记录。
2026-04-14 11:05:22,477 - INFO - [数据清洗] 跳过题目冷门过滤（min_exer_interactions <= 0）。
2026-04-14 11:05:22,477 - INFO - [数据清洗] 跳过毒题清洗（min_poison_count <= 0）。
2026-04-14 11:05:22,477 - INFO - 正在构建ID映射...
2026-04-14 11:05:22,628 - INFO - 正在构建Q矩阵...
2026-04-14 11:05:28,256 - INFO - [数据清洗] Valid train-seen 过滤：before=22111, after=22111, dropped=0, coverage=100.00%
2026-04-14 11:05:28,263 - INFO - [数据清洗] Test train-seen 过滤：before=60499, after=60494, dropped=5, coverage=99.99%
2026-04-14 11:05:28,267 - INFO - [统计] 开始统计清洗后每道题的概念数量分布...
2026-04-14 11:05:28,270 - INFO - [Train] 概念数统计：题目数=697, 平均概念数=1.0000, min=1, max=1, 1概念=697 (100.00%), ≥2概念=0 (0.00%)
2026-04-14 11:05:28,270 - INFO - [Train] 概念数直方图（概念数: 题目数量）: {1: 697}
2026-04-14 11:05:28,271 - INFO - [Valid] 概念数统计：题目数=614, 平均概念数=1.0000, min=1, max=1, 1概念=614 (100.00%), ≥2概念=0 (0.00%)
2026-04-14 11:05:28,271 - INFO - [Valid] 概念数直方图（概念数: 题目数量）: {1: 614}
2026-04-14 11:05:28,272 - INFO - [Test] 概念数统计：题目数=663, 平均概念数=1.0000, min=1, max=1, 1概念=663 (100.00%), ≥2概念=0 (0.00%)
2026-04-14 11:05:28,272 - INFO - [Test] 概念数直方图（概念数: 题目数量）: {1: 663}
2026-04-14 11:05:28,272 - INFO - [统计] 概念数量统计完成。
2026-04-14 11:05:28,272 - INFO - 正在加载数据集...
2026-04-14 11:05:28,385 - INFO - [Component Analysis] Global graph: torch.Size([2, 697, 697])
2026-04-14 11:05:28,405 - INFO - [Component Analysis] Data saved to checkpoints/abce_diag/remote_ae_verify_20260414_f28ff9d/junyi/seed42/ae_dominant_no_E/component_analysis_data.npz
2026-04-14 11:05:28,669 - INFO - Generating component analysis visualizations...
2026-04-14 11:05:28,951 - INFO - Visualizations saved to checkpoints/abce_diag/remote_ae_verify_20260414_f28ff9d/junyi/seed42/ae_dominant_no_E
