2026-04-10 08:21:57,249 - INFO - Arguments:
2026-04-10 08:21:57,249 - INFO -   ablate_concept_graph: False
2026-04-10 08:21:57,250 - INFO -   ablate_module1: False
2026-04-10 08:21:57,250 - INFO -   ablate_module2: False
2026-04-10 08:21:57,250 - INFO -   ablate_module3: False
2026-04-10 08:21:57,250 - INFO -   ablate_skill_encoder: False
2026-04-10 08:21:57,250 - INFO -   allow_self_loop: True
2026-04-10 08:21:57,250 - INFO -   alpha_min_target: 0.02
2026-04-10 08:21:57,250 - INFO -   b_id_budget_target: 0.2
2026-04-10 08:21:57,250 - INFO -   batch_size: 128
2026-04-10 08:21:57,250 - INFO -   data_dir: ./data/assist_09
2026-04-10 08:21:57,250 - INFO -   dataset_name: assist_09
2026-04-10 08:21:57,250 - INFO -   debug_module3_diag: True
2026-04-10 08:21:57,250 - INFO -   delta_ratio_target: 0.12
2026-04-10 08:21:57,250 - INFO -   diag_batches: 1
2026-04-10 08:21:57,250 - INFO -   disable_b_bias: False
2026-04-10 08:21:57,250 - INFO -   disable_b_id_adapter: False
2026-04-10 08:21:57,250 - INFO -   disable_q_aligned_residual: False
2026-04-10 08:21:57,250 - INFO -   disable_q_conditioning: True
2026-04-10 08:21:57,250 - INFO -   disable_self_loop: False
2026-04-10 08:21:57,250 - INFO -   dropout: 0.2
2026-04-10 08:21:57,250 - INFO -   early_stop_patience: 3
2026-04-10 08:21:57,250 - INFO -   enable_module1: True
2026-04-10 08:21:57,250 - INFO -   enable_module2: True
2026-04-10 08:21:57,250 - INFO -   enable_module3: True
2026-04-10 08:21:57,250 - INFO -   epochs: 100
2026-04-10 08:21:57,250 - INFO -   exercise_dim: 64
2026-04-10 08:21:57,250 - INFO -   exercise_l2_lambda: 1e-05
2026-04-10 08:21:57,250 - INFO -   fusion_gate_bias_init: -2.2
2026-04-10 08:21:57,250 - INFO -   fusion_gate_max: 0.35
2026-04-10 08:21:57,250 - INFO -   generate_diagnosis: True
2026-04-10 08:21:57,250 - INFO -   gnn_residual_weight: 0.5
2026-04-10 08:21:57,250 - INFO -   gpu_candidates: None
2026-04-10 08:21:57,250 - INFO -   gpu_ids: None
2026-04-10 08:21:57,250 - INFO -   gpu_memory_threshold: 2000
2026-04-10 08:21:57,250 - INFO -   gpus: None
2026-04-10 08:21:57,250 - INFO -   graph_dropout: 0.0
2026-04-10 08:21:57,250 - INFO -   graph_entropy_max: 0.8
2026-04-10 08:21:57,250 - INFO -   graph_entropy_min: 0.15
2026-04-10 08:21:57,250 - INFO -   graph_reg_cap_ratio: 6.0
2026-04-10 08:21:57,250 - INFO -   graph_reg_warmup_epochs: 0
2026-04-10 08:21:57,250 - INFO -   graph_tau_init: 0.55
2026-04-10 08:21:57,250 - INFO -   graph_topk: 12
2026-04-10 08:21:57,250 - INFO -   graph_uniform_margin: 0.1
2026-04-10 08:21:57,250 - INFO -   knowledge_dim: 64
2026-04-10 08:21:57,250 - INFO -   lambda_alpha: 0.05
2026-04-10 08:21:57,250 - INFO -   lambda_alpha_min: 0.05
2026-04-10 08:21:57,251 - INFO -   lambda_b_id_budget: 0.06
2026-04-10 08:21:57,251 - INFO -   lambda_delta_ratio: 0.08
2026-04-10 08:21:57,251 - INFO -   lambda_graph_diag: 0.1
2026-04-10 08:21:57,251 - INFO -   lambda_graph_uniform: 0.04
2026-04-10 08:21:57,251 - INFO -   lambda_sparse: 1.0
2026-04-10 08:21:57,251 - INFO -   lambda_sparse_personal: 0.002
2026-04-10 08:21:57,251 - INFO -   learning_rate: 0.0003
2026-04-10 08:21:57,251 - INFO -   log_dir: logs/abce_diag/20260410_072301/assist_09/seed42/ae_dominant_B_no_q
2026-04-10 08:21:57,251 - INFO -   mf_warmup_epochs: 5
2026-04-10 08:21:57,251 - INFO -   min_exer_interactions: 0
2026-04-10 08:21:57,251 - INFO -   min_poison_count: 0
2026-04-10 08:21:57,251 - INFO -   min_stu_interactions: 15
2026-04-10 08:21:57,251 - INFO -   model_variant: assist_09_abce_ae_dominant_B_no_q
2026-04-10 08:21:57,251 - INFO -   multi_gpu: False
2026-04-10 08:21:57,251 - INFO -   no_cuda: False
2026-04-10 08:21:57,251 - INFO -   num_gnn_layers: 1
2026-04-10 08:21:57,251 - INFO -   num_gpus: 1
2026-04-10 08:21:57,251 - INFO -   num_relation_heads: 2
2026-04-10 08:21:57,251 - INFO -   num_workers: 4
2026-04-10 08:21:57,251 - INFO -   patience: 5
2026-04-10 08:21:57,251 - INFO -   personal_delta_scale: 1.0
2026-04-10 08:21:57,251 - INFO -   personal_max_alpha: 0.35
2026-04-10 08:21:57,251 - INFO -   personal_rank: 4
2026-04-10 08:21:57,251 - INFO -   personal_student_dim: None
2026-04-10 08:21:57,251 - INFO -   personal_warmup_epochs: 0
2026-04-10 08:21:57,251 - INFO -   residual_clip_t: 2.0
2026-04-10 08:21:57,251 - INFO -   residual_scale_init: 0.08
2026-04-10 08:21:57,251 - INFO -   save_dir: checkpoints/abce_diag/20260410_072301/assist_09/seed42/ae_dominant_B_no_q
2026-04-10 08:21:57,251 - INFO -   save_interval: 10
2026-04-10 08:21:57,251 - INFO -   seed: 42
2026-04-10 08:21:57,251 - INFO -   skill_dim: 128
2026-04-10 08:21:57,251 - INFO -   use_concept_graph: True
2026-04-10 08:21:57,251 - INFO -   use_exercise_graph: True
2026-04-10 08:21:57,251 - INFO -   use_mf_branch: True
2026-04-10 08:21:57,251 - INFO -   use_personal_graph: True
2026-04-10 08:21:57,251 - INFO -   use_q_aligned_residual: True
2026-04-10 08:21:57,251 - INFO -   use_q_conditioning: False
2026-04-10 08:21:57,251 - INFO -   use_skill_encoder: True
2026-04-10 08:21:57,251 - INFO -   weight_decay: 1e-05
2026-04-10 08:21:57,336 - INFO - Using device: cuda:0 (physical gpu 1)
2026-04-10 08:21:57,336 - INFO - [assist_09|assist_09_abce_ae_dominant_B_no_q|lr=0.0003|drop=0.20] Loading datasets...
2026-04-10 08:21:57,336 - INFO - [assist_09|assist_09_abce_ae_dominant_B_no_q|lr=0.0003|drop=0.20] Regularization: graph_entropy(lambda_sparse)=1.000000, graph_diag=0.100000, graph_uniform=0.040000, personal_sparse=0.002000, alpha_penalty=0.050000, alpha_min=0.050000, delta_ratio=0.080000, mf_l2(exercise_l2_lambda)=0.000010
2026-04-10 08:21:57,336 - INFO - [assist_09|assist_09_abce_ae_dominant_B_no_q|lr=0.0003|drop=0.20] Graph controls: entropy_band=[0.15, 0.80], uniform_margin=0.10, warmup_epochs=0, cap_ratio=6.00, graph_dropout=0.000, graph_tau_init=0.550
2026-04-10 08:21:57,336 - INFO - [assist_09|assist_09_abce_ae_dominant_B_no_q|lr=0.0003|drop=0.20] Rescue controls: mf_warmup_epochs=5, delta_ratio_target=0.1200, personal_max_alpha=0.350, personal_delta_scale=1.000, personal_warmup_epochs=0, personal_student_dim=None, alpha_min_target=0.0200
2026-04-10 08:21:57,444 - INFO - [assist_09] [数据清洗] 学生交互次数 < 15 次的学生：共移除 0 个学生（仅统计用户数）
2026-04-10 08:21:57,458 - INFO - [assist_09] [数据清洗] 学生冷启动过滤：在 train/valid/test 中共删除 0 条记录。
2026-04-10 08:21:57,458 - INFO - [assist_09] [数据清洗] 跳过题目冷门过滤（min_exer_interactions <= 0）。
2026-04-10 08:21:57,458 - INFO - [assist_09] [数据清洗] 跳过毒题清洗（min_poison_count <= 0）。
2026-04-10 08:21:57,458 - INFO - [assist_09] 正在构建ID映射...
2026-04-10 08:21:57,728 - INFO - [assist_09] 正在构建Q矩阵...
2026-04-10 08:22:05,736 - INFO - [assist_09] [统计] 开始统计清洗后每道题的概念数量分布...
2026-04-10 08:22:05,744 - INFO - [assist_09] [Train] 概念数统计：题目数=17099, 平均概念数=1.1992, min=1, max=4, 1概念=14168 (82.86%), ≥2概念=2931 (17.14%)
2026-04-10 08:22:05,744 - INFO - [assist_09] [Train] 概念数直方图（概念数: 题目数量）: {1: 14168, 2: 2536, 3: 315, 4: 80}
2026-04-10 08:22:05,748 - INFO - [assist_09] [Valid] 概念数统计：题目数=9274, 平均概念数=1.1993, min=1, max=4, 1概念=7697 (83.00%), ≥2概念=1577 (17.00%)
2026-04-10 08:22:05,748 - INFO - [assist_09] [Valid] 概念数直方图（概念数: 题目数量）: {1: 7697, 2: 1356, 3: 171, 4: 50}
2026-04-10 08:22:05,752 - INFO - [assist_09] [Test] 概念数统计：题目数=13331, 平均概念数=1.1962, min=1, max=4, 1概念=11110 (83.34%), ≥2概念=2221 (16.66%)
2026-04-10 08:22:05,752 - INFO - [assist_09] [Test] 概念数直方图（概念数: 题目数量）: {1: 11110, 2: 1891, 3: 265, 4: 65}
2026-04-10 08:22:05,753 - INFO - [assist_09] [统计] 概念数量统计完成。
2026-04-10 08:22:05,753 - INFO - [assist_09] 正在加载数据集...
2026-04-10 08:22:05,830 - INFO - [assist_09|assist_09_abce_ae_dominant_B_no_q|lr=0.0003|drop=0.20] Train samples: 194489, Val samples: 20385
2026-04-10 08:22:05,830 - INFO - [assist_09|assist_09_abce_ae_dominant_B_no_q|lr=0.0003|drop=0.20] Number of students: 2493
2026-04-10 08:22:05,830 - INFO - [assist_09|assist_09_abce_ae_dominant_B_no_q|lr=0.0003|drop=0.20] Number of exercises: 17676
2026-04-10 08:22:05,830 - INFO - [assist_09|assist_09_abce_ae_dominant_B_no_q|lr=0.0003|drop=0.20] Number of concepts: 123
2026-04-10 08:22:05,830 - INFO - [assist_09|assist_09_abce_ae_dominant_B_no_q|lr=0.0003|drop=0.20] Creating model...
2026-04-10 08:22:05,830 - INFO - [assist_09|assist_09_abce_ae_dominant_B_no_q|lr=0.0003|drop=0.20] Ablation switches: ablate_module1=False, ablate_module2=False, ablate_module3=False | enable_module1=True, enable_module2=True, enable_module3=True | use_mf_branch=True, use_concept_graph=True, use_q_aligned_residual=True | effective(num_gnn_layers=1)
2026-04-10 08:22:05,963 - INFO - [assist_09|assist_09_abce_ae_dominant_B_no_q|lr=0.0003|drop=0.20] Ablation runtime check: args(ablate_module1=False,ablate_module2=False,ablate_module3=False) | model(enable_module1=True,enable_module2=True,enable_module3=True) | physical(has_knowledge_encoder=True,has_mf_branch=True)
2026-04-10 08:22:05,963 - INFO - [assist_09|assist_09_abce_ae_dominant_B_no_q|lr=0.0003|drop=0.20] Debug diagnostics enabled: diag_batches=1
2026-04-10 08:22:05,987 - INFO - [assist_09|assist_09_abce_ae_dominant_B_no_q|lr=0.0003|drop=0.20] [Module3 Init] fusion_gate_bias=-2.2000, fusion_gate_max=0.3500, implied_gate=0.0349, q_gate=0.5000, mf_scale=0.0000, bias_scale=0.2536, graph_tau_mean=1.0055, graph_tau_std=0.0000, graph_dropout=0.000
2026-04-10 08:22:05,988 - INFO - [assist_09|assist_09_abce_ae_dominant_B_no_q|lr=0.0003|drop=0.20] Total parameters: 2,069,453
2026-04-10 08:22:05,988 - INFO - [assist_09|assist_09_abce_ae_dominant_B_no_q|lr=0.0003|drop=0.20] Trainable parameters: 2,069,453
2026-04-10 08:22:06,877 - INFO - [assist_09|assist_09_abce_ae_dominant_B_no_q|lr=0.0003|drop=0.20] Starting training...
2026-04-10 08:22:58,082 - INFO - [assist_09|assist_09_abce_ae_dominant_B_no_q|lr=0.0003|drop=0.20] Epoch [001/100] | Train: Loss=0.6893, BCE=0.6426, Reg=0.0467, AUC=0.5574, ACC=0.6492, RMSE=0.4748 | Val: Loss=0.6274, BCE=0.6047, Reg=0.0227, AUC=0.6758, ACC=0.6761, RMSE=0.4564
2026-04-10 08:22:58,083 - INFO - [assist_09|assist_09_abce_ae_dominant_B_no_q|lr=0.0003|drop=0.20] [Reg Terms] Epoch [001] | Train: graph_entropy=0.000000, graph_diag=0.015471, graph_uniform=0.002975, graph_reg_scale=1.0000, mf_l2=0.000000, delta_ratio=0.000000, personal_sparse=0.005938, alpha_var=-0.000058, alpha_collapse=0.000273, reg_bce_ratio=0.0727 | Val: graph_entropy=0.000000, graph_diag=0.014108, graph_uniform=0.002987, graph_reg_scale=1.0000, mf_l2=0.000000, delta_ratio=0.000000, personal_sparse=0.005950, alpha_var=-0.000526, alpha_collapse=0.000176, reg_bce_ratio=0.0376
2026-04-10 08:22:58,263 - INFO - [assist_09|assist_09_abce_ae_dominant_B_no_q|lr=0.0003|drop=0.20] [Diag][M3] Epoch [001] | residual_abs_mean=0.0146, residual_std=0.0033, mf_abs_mean=0.0146, mf_std=0.0033, gate_mean=0.0577, gate_std=0.0026, q_interaction_abs_mean=0.0000, id_adapter_abs_mean=0.0125, bias_abs_mean=0.0722, B_q_share=0.0000, B_id_share=0.1721, B_bias_share=0.9921, student_q_norm=0.3799, student_id_adapter_norm=0.0647, item_q_norm=0.0000, item_id_adapter_norm=0.0324, irt_abs_mean=1.0433, irt_std=0.3704, delta_abs_mean=0.0008, delta_std=0.0002, delta_over_irt=0.0008, warmup(mf/personal)=0.20/1.00, graph_row_entropy=2.4665, graph_entropy_ratio=0.5126, alpha_mean=0.0779, alpha_std=0.0963, alpha_bias_std=0.0158, personal_row_entropy=2.9748, personal_matrix_delta=0.0000, personal_matrix_student_std=0.0000
2026-04-10 08:22:58,263 - INFO - [assist_09|assist_09_abce_ae_dominant_B_no_q|lr=0.0003|drop=0.20] [Diag][Graph] Epoch [001] | entropy_ratio=0.5126, diag_mass=0.1411, to_uniform_l2=0.025318, to_identity_l2=0.080890, tau_mean=0.9094, tau_std=0.0034, graph_reg_scale(train/val)=1.0000/1.0000
2026-04-10 08:22:58,263 - WARNING - [assist_09|assist_09_abce_ae_dominant_B_no_q|lr=0.0003|drop=0.20] [Diag Warning][B] B_q_share is low: B_q_share=0.0000, B_id_share=0.1721, B_bias_share=0.9921
2026-04-10 08:22:58,263 - INFO - [assist_09|assist_09_abce_ae_dominant_B_no_q|lr=0.0003|drop=0.20] [Grad Norms] Epoch [001] | mf_u_proj=0.000000, mf_v_proj=0.000000, b_id_student_proj=0.000000, b_id_item_proj=0.000000, b_bias_scale=0.000000, fusion_gate=0.000000, q_gate_raw=0.000000, skill_latent=0.000000, student_q_proj=0.000000, item_id_adapter=5.000000, relation_emb=8.453117e-14, relation_tau=3.041254e-16, relation_wq=3.043886e-14, relation_wk=2.300954e-14, personal_u=8.885713e-18, personal_v=8.464470e-18, personal_alpha_bias=2.933507e-10, personal_gate_emb=8.886836e-12, personal_gate_student_proj=3.391258e-13, personal_gate_context_proj=1.125285e-09, personal_gate_student_direct=5.718515e-13, personal_gate_context_direct=2.078245e-09, personal_gate_out=4.424649e-10, personal_generator_emb=1.866887e-20, personal_generator_context_proj=0.000000e+00, personal_generator_context_hidden=0.000000e+00, personal_generator_context_to_u=0.000000e+00, personal_generator_context_to_v=0.000000e+00
2026-04-10 08:22:58,514 - INFO - [assist_09|assist_09_abce_ae_dominant_B_no_q|lr=0.0003|drop=0.20] -> New best AUC=0.6758 at epoch 1
2026-04-10 08:23:36,160 - INFO - [assist_09|assist_09_abce_ae_dominant_B_no_q|lr=0.0003|drop=0.20] Epoch [002/100] | Train: Loss=0.5832, BCE=0.5698, Reg=0.0135, AUC=0.7197, ACC=0.7092, RMSE=0.4394 | Val: Loss=0.5750, BCE=0.5640, Reg=0.0109, AUC=0.7334, ACC=0.7133, RMSE=0.4369
2026-04-10 08:23:36,160 - INFO - [assist_09|assist_09_abce_ae_dominant_B_no_q|lr=0.0003|drop=0.20] [Reg Terms] Epoch [002] | Train: graph_entropy=0.000000, graph_diag=0.006034, graph_uniform=0.003006, graph_reg_scale=1.0000, mf_l2=0.000000, delta_ratio=0.000000, personal_sparse=0.006068, alpha_var=-0.001628, alpha_collapse=0.000000, reg_bce_ratio=0.0237 | Val: graph_entropy=0.000000, graph_diag=0.002810, graph_uniform=0.003008, graph_reg_scale=1.0000, mf_l2=0.000000, delta_ratio=0.000000, personal_sparse=0.006115, alpha_var=-0.001227, alpha_collapse=0.000219, reg_bce_ratio=0.0194
2026-04-10 08:23:36,321 - INFO - [assist_09|assist_09_abce_ae_dominant_B_no_q|lr=0.0003|drop=0.20] [Diag][M3] Epoch [002] | residual_abs_mean=0.0315, residual_std=0.0053, mf_abs_mean=0.0315, mf_std=0.0053, gate_mean=0.0946, gate_std=0.0211, q_interaction_abs_mean=0.0000, id_adapter_abs_mean=0.0096, bias_abs_mean=0.0802, B_q_share=0.0000, B_id_share=0.1223, B_bias_share=1.0182, student_q_norm=0.0164, student_id_adapter_norm=0.0644, item_q_norm=0.0000, item_id_adapter_norm=0.0370, irt_abs_mean=1.3359, irt_std=0.6682, delta_abs_mean=0.0030, delta_std=0.0010, delta_over_irt=0.0023, warmup(mf/personal)=0.40/1.00, graph_row_entropy=2.4820, graph_entropy_ratio=0.5158, alpha_mean=0.1542, alpha_std=0.1665, alpha_bias_std=0.1899, personal_row_entropy=3.0575, personal_matrix_delta=0.0000, personal_matrix_student_std=0.0000
2026-04-10 08:23:36,321 - INFO - [assist_09|assist_09_abce_ae_dominant_B_no_q|lr=0.0003|drop=0.20] [Diag][Graph] Epoch [002] | entropy_ratio=0.5158, diag_mass=0.0281, to_uniform_l2=0.024806, to_identity_l2=0.091404, tau_mean=0.5447, tau_std=0.0019, graph_reg_scale(train/val)=1.0000/1.0000
2026-04-10 08:23:36,321 - WARNING - [assist_09|assist_09_abce_ae_dominant_B_no_q|lr=0.0003|drop=0.20] [Diag Warning][B] B_q_share is low: B_q_share=0.0000, B_id_share=0.1223, B_bias_share=1.0182
2026-04-10 08:23:36,321 - INFO - [assist_09|assist_09_abce_ae_dominant_B_no_q|lr=0.0003|drop=0.20] [Grad Norms] Epoch [002] | mf_u_proj=0.000000, mf_v_proj=0.000000, b_id_student_proj=0.000940, b_id_item_proj=0.000897, b_bias_scale=0.000005, fusion_gate=0.000041, q_gate_raw=0.000000, skill_latent=0.003367, student_q_proj=0.000000, item_id_adapter=0.006763, relation_emb=1.221459e-13, relation_tau=4.140600e-04, relation_wq=2.251830e-14, relation_wk=4.047774e-15, personal_u=4.333289e-22, personal_v=1.241543e-22, personal_alpha_bias=1.240583e-03, personal_gate_emb=4.341613e-07, personal_gate_student_proj=6.108302e-09, personal_gate_context_proj=1.012524e-03, personal_gate_student_direct=1.401496e-09, personal_gate_context_direct=2.292308e-04, personal_gate_out=2.901854e-04, personal_generator_emb=0.000000e+00, personal_generator_context_proj=0.000000e+00, personal_generator_context_hidden=0.000000e+00, personal_generator_context_to_u=0.000000e+00, personal_generator_context_to_v=0.000000e+00
2026-04-10 08:23:37,048 - INFO - [assist_09|assist_09_abce_ae_dominant_B_no_q|lr=0.0003|drop=0.20] -> New best AUC=0.7334 at epoch 2
2026-04-10 08:24:14,376 - INFO - [assist_09|assist_09_abce_ae_dominant_B_no_q|lr=0.0003|drop=0.20] Epoch [003/100] | Train: Loss=0.5538, BCE=0.5470, Reg=0.0068, AUC=0.7502, ACC=0.7233, RMSE=0.4289 | Val: Loss=0.5658, BCE=0.5589, Reg=0.0069, AUC=0.7381, ACC=0.7141, RMSE=0.4346
2026-04-10 08:24:14,376 - INFO - [assist_09|assist_09_abce_ae_dominant_B_no_q|lr=0.0003|drop=0.20] [Reg Terms] Epoch [003] | Train: graph_entropy=0.000000, graph_diag=0.001004, graph_uniform=0.003008, graph_reg_scale=1.0000, mf_l2=0.000000, delta_ratio=0.000000, personal_sparse=0.006126, alpha_var=-0.003315, alpha_collapse=0.000000, reg_bce_ratio=0.0125 | Val: graph_entropy=0.000000, graph_diag=0.000722, graph_uniform=0.003009, graph_reg_scale=1.0000, mf_l2=0.000000, delta_ratio=0.000000, personal_sparse=0.006132, alpha_var=-0.003155, alpha_collapse=0.000210, reg_bce_ratio=0.0124
2026-04-10 08:24:14,542 - INFO - [assist_09|assist_09_abce_ae_dominant_B_no_q|lr=0.0003|drop=0.20] [Diag][M3] Epoch [003] | residual_abs_mean=0.0576, residual_std=0.0137, mf_abs_mean=0.0576, mf_std=0.0137, gate_mean=0.1871, gate_std=0.0654, q_interaction_abs_mean=0.0000, id_adapter_abs_mean=0.0174, bias_abs_mean=0.0996, B_q_share=0.0000, B_id_share=0.1812, B_bias_share=1.0385, student_q_norm=0.0001, student_id_adapter_norm=0.0742, item_q_norm=0.0000, item_id_adapter_norm=0.0448, irt_abs_mean=1.3511, irt_std=0.7114, delta_abs_mean=0.0110, delta_std=0.0051, delta_over_irt=0.0082, warmup(mf/personal)=0.60/1.00, graph_row_entropy=2.4832, graph_entropy_ratio=0.5160, alpha_mean=0.1877, alpha_std=0.1664, alpha_bias_std=0.3739, personal_row_entropy=3.0660, personal_matrix_delta=0.0000, personal_matrix_student_std=0.0000
2026-04-10 08:24:14,542 - INFO - [assist_09|assist_09_abce_ae_dominant_B_no_q|lr=0.0003|drop=0.20] [Diag][Graph] Epoch [003] | entropy_ratio=0.5160, diag_mass=0.0072, to_uniform_l2=0.024773, to_identity_l2=0.093233, tau_mean=0.4681, tau_std=0.0067, graph_reg_scale(train/val)=1.0000/1.0000
2026-04-10 08:24:14,542 - WARNING - [assist_09|assist_09_abce_ae_dominant_B_no_q|lr=0.0003|drop=0.20] [Diag Warning][B] B_q_share is low: B_q_share=0.0000, B_id_share=0.1812, B_bias_share=1.0385
2026-04-10 08:24:14,542 - INFO - [assist_09|assist_09_abce_ae_dominant_B_no_q|lr=0.0003|drop=0.20] [Grad Norms] Epoch [003] | mf_u_proj=0.000000, mf_v_proj=0.000000, b_id_student_proj=0.003169, b_id_item_proj=0.003002, b_bias_scale=0.000002, fusion_gate=0.000727, q_gate_raw=0.000000, skill_latent=0.011815, student_q_proj=0.000000, item_id_adapter=0.019589, relation_emb=0.000000e+00, relation_tau=4.434894e-04, relation_wq=0.000000e+00, relation_wk=0.000000e+00, personal_u=0.000000e+00, personal_v=0.000000e+00, personal_alpha_bias=2.586478e-03, personal_gate_emb=1.352470e-05, personal_gate_student_proj=2.463545e-07, personal_gate_context_proj=5.937385e-04, personal_gate_student_direct=4.870989e-08, personal_gate_context_direct=1.150280e-04, personal_gate_out=1.340323e-04, personal_generator_emb=0.000000e+00, personal_generator_context_proj=0.000000e+00, personal_generator_context_hidden=0.000000e+00, personal_generator_context_to_u=0.000000e+00, personal_generator_context_to_v=0.000000e+00
2026-04-10 08:24:15,079 - INFO - [assist_09|assist_09_abce_ae_dominant_B_no_q|lr=0.0003|drop=0.20] -> New best AUC=0.7381 at epoch 3
2026-04-10 08:24:47,200 - INFO - [assist_09|assist_09_abce_ae_dominant_B_no_q|lr=0.0003|drop=0.20] Epoch [004/100] | Train: Loss=0.5382, BCE=0.5355, Reg=0.0027, AUC=0.7638, ACC=0.7296, RMSE=0.4237 | Val: Loss=0.5588, BCE=0.5553, Reg=0.0035, AUC=0.7434, ACC=0.7182, RMSE=0.4329
2026-04-10 08:24:47,200 - INFO - [assist_09|assist_09_abce_ae_dominant_B_no_q|lr=0.0003|drop=0.20] [Reg Terms] Epoch [004] | Train: graph_entropy=0.000000, graph_diag=0.000315, graph_uniform=0.003010, graph_reg_scale=1.0000, mf_l2=0.000000, delta_ratio=0.000000, personal_sparse=0.006136, alpha_var=-0.006775, alpha_collapse=0.000000, reg_bce_ratio=0.0050 | Val: graph_entropy=0.000000, graph_diag=0.000033, graph_uniform=0.003011, graph_reg_scale=1.0000, mf_l2=0.000000, delta_ratio=0.000000, personal_sparse=0.006141, alpha_var=-0.005989, alpha_collapse=0.000198, reg_bce_ratio=0.0063
2026-04-10 08:24:47,365 - INFO - [assist_09|assist_09_abce_ae_dominant_B_no_q|lr=0.0003|drop=0.20] [Diag][M3] Epoch [004] | residual_abs_mean=0.1477, residual_std=0.0346, mf_abs_mean=0.1477, mf_std=0.0346, gate_mean=0.2707, gate_std=0.0750, q_interaction_abs_mean=0.0000, id_adapter_abs_mean=0.0273, bias_abs_mean=0.1851, B_q_share=0.0000, B_id_share=0.1481, B_bias_share=1.0027, student_q_norm=0.0000, student_id_adapter_norm=0.1112, item_q_norm=0.0000, item_id_adapter_norm=0.0654, irt_abs_mean=1.3719, irt_std=0.7560, delta_abs_mean=0.0407, delta_std=0.0163, delta_over_irt=0.0297, warmup(mf/personal)=0.80/1.00, graph_row_entropy=2.4845, graph_entropy_ratio=0.5163, alpha_mean=0.1961, alpha_std=0.1730, alpha_bias_std=0.5350, personal_row_entropy=3.0704, personal_matrix_delta=0.0000, personal_matrix_student_std=0.0000
2026-04-10 08:24:47,366 - INFO - [assist_09|assist_09_abce_ae_dominant_B_no_q|lr=0.0003|drop=0.20] [Diag][Graph] Epoch [004] | entropy_ratio=0.5163, diag_mass=0.0003, to_uniform_l2=0.024737, to_identity_l2=0.093823, tau_mean=0.4514, tau_std=0.0077, graph_reg_scale(train/val)=1.0000/1.0000
2026-04-10 08:24:47,366 - WARNING - [assist_09|assist_09_abce_ae_dominant_B_no_q|lr=0.0003|drop=0.20] [Diag Warning][B] B_q_share is low: B_q_share=0.0000, B_id_share=0.1481, B_bias_share=1.0027
2026-04-10 08:24:47,366 - INFO - [assist_09|assist_09_abce_ae_dominant_B_no_q|lr=0.0003|drop=0.20] [Grad Norms] Epoch [004] | mf_u_proj=0.000000, mf_v_proj=0.000000, b_id_student_proj=0.005555, b_id_item_proj=0.004934, b_bias_scale=0.000149, fusion_gate=0.000107, q_gate_raw=0.000000, skill_latent=0.023545, student_q_proj=0.000000, item_id_adapter=0.031503, relation_emb=0.000000e+00, relation_tau=1.604883e-04, relation_wq=0.000000e+00, relation_wk=0.000000e+00, personal_u=0.000000e+00, personal_v=0.000000e+00, personal_alpha_bias=3.751567e-03, personal_gate_emb=1.096594e-04, personal_gate_student_proj=4.438953e-06, personal_gate_context_proj=7.110008e-04, personal_gate_student_direct=8.059406e-07, personal_gate_context_direct=1.285018e-04, personal_gate_out=1.864482e-04, personal_generator_emb=0.000000e+00, personal_generator_context_proj=0.000000e+00, personal_generator_context_hidden=0.000000e+00, personal_generator_context_to_u=0.000000e+00, personal_generator_context_to_v=0.000000e+00
2026-04-10 08:24:47,900 - INFO - [assist_09|assist_09_abce_ae_dominant_B_no_q|lr=0.0003|drop=0.20] -> New best AUC=0.7434 at epoch 4
2026-04-10 08:25:23,452 - INFO - [assist_09|assist_09_abce_ae_dominant_B_no_q|lr=0.0003|drop=0.20] Epoch [005/100] | Train: Loss=0.5215, BCE=0.5237, Reg=-0.0022, AUC=0.7778, ACC=0.7358, RMSE=0.4184 | Val: Loss=0.5497, BCE=0.5498, Reg=-0.0001, AUC=0.7490, ACC=0.7225, RMSE=0.4304
2026-04-10 08:25:23,453 - INFO - [assist_09|assist_09_abce_ae_dominant_B_no_q|lr=0.0003|drop=0.20] [Reg Terms] Epoch [005] | Train: graph_entropy=0.000000, graph_diag=0.000055, graph_uniform=0.003011, graph_reg_scale=1.0000, mf_l2=0.000000, delta_ratio=0.000000, personal_sparse=0.006143, alpha_var=-0.011450, alpha_collapse=0.000000, reg_bce_ratio=-0.0042 | Val: graph_entropy=0.000000, graph_diag=0.000068, graph_uniform=0.003011, graph_reg_scale=1.0000, mf_l2=0.000000, delta_ratio=0.000052, personal_sparse=0.006145, alpha_var=-0.009674, alpha_collapse=0.000211, reg_bce_ratio=-0.0001
2026-04-10 08:25:23,616 - INFO - [assist_09|assist_09_abce_ae_dominant_B_no_q|lr=0.0003|drop=0.20] [Diag][M3] Epoch [005] | residual_abs_mean=0.3178, residual_std=0.0872, mf_abs_mean=0.3178, mf_std=0.0872, gate_mean=0.3064, gate_std=0.0530, q_interaction_abs_mean=0.0000, id_adapter_abs_mean=0.0567, bias_abs_mean=0.3234, B_q_share=0.0000, B_id_share=0.1783, B_bias_share=1.0176, student_q_norm=0.0000, student_id_adapter_norm=0.1463, item_q_norm=0.0000, item_id_adapter_norm=0.0906, irt_abs_mean=1.3074, irt_std=0.7663, delta_abs_mean=0.0993, delta_std=0.0361, delta_over_irt=0.0759, warmup(mf/personal)=1.00/1.00, graph_row_entropy=2.4848, graph_entropy_ratio=0.5164, alpha_mean=0.1968, alpha_std=0.1736, alpha_bias_std=0.6833, personal_row_entropy=3.0724, personal_matrix_delta=0.0000, personal_matrix_student_std=0.0000
2026-04-10 08:25:23,616 - INFO - [assist_09|assist_09_abce_ae_dominant_B_no_q|lr=0.0003|drop=0.20] [Diag][Graph] Epoch [005] | entropy_ratio=0.5164, diag_mass=0.0007, to_uniform_l2=0.024729, to_identity_l2=0.093791, tau_mean=0.4555, tau_std=0.0054, graph_reg_scale(train/val)=1.0000/1.0000
2026-04-10 08:25:23,617 - WARNING - [assist_09|assist_09_abce_ae_dominant_B_no_q|lr=0.0003|drop=0.20] [Diag Warning][B] B_q_share is low: B_q_share=0.0000, B_id_share=0.1783, B_bias_share=1.0176
2026-04-10 08:25:23,617 - INFO - [assist_09|assist_09_abce_ae_dominant_B_no_q|lr=0.0003|drop=0.20] [Grad Norms] Epoch [005] | mf_u_proj=0.000000, mf_v_proj=0.000000, b_id_student_proj=0.014704, b_id_item_proj=0.015420, b_bias_scale=0.001685, fusion_gate=0.000585, q_gate_raw=0.000000, skill_latent=0.059263, student_q_proj=0.000000, item_id_adapter=0.091441, relation_emb=0.000000e+00, relation_tau=7.025505e-05, relation_wq=0.000000e+00, relation_wk=0.000000e+00, personal_u=0.000000e+00, personal_v=0.000000e+00, personal_alpha_bias=5.574391e-03, personal_gate_emb=1.830802e-05, personal_gate_student_proj=2.009852e-06, personal_gate_context_proj=1.884338e-04, personal_gate_student_direct=3.604105e-07, personal_gate_context_direct=3.277455e-05, personal_gate_out=4.561597e-05, personal_generator_emb=0.000000e+00, personal_generator_context_proj=0.000000e+00, personal_generator_context_hidden=0.000000e+00, personal_generator_context_to_u=0.000000e+00, personal_generator_context_to_v=0.000000e+00
2026-04-10 08:25:24,056 - INFO - [assist_09|assist_09_abce_ae_dominant_B_no_q|lr=0.0003|drop=0.20] -> New best AUC=0.7490 at epoch 5
2026-04-10 08:26:00,681 - INFO - [assist_09|assist_09_abce_ae_dominant_B_no_q|lr=0.0003|drop=0.20] Epoch [006/100] | Train: Loss=0.5037, BCE=0.5117, Reg=-0.0079, AUC=0.7915, ACC=0.7430, RMSE=0.4129 | Val: Loss=0.5450, BCE=0.5493, Reg=-0.0043, AUC=0.7517, ACC=0.7229, RMSE=0.4299
2026-04-10 08:26:00,682 - INFO - [assist_09|assist_09_abce_ae_dominant_B_no_q|lr=0.0003|drop=0.20] [Reg Terms] Epoch [006] | Train: graph_entropy=0.000000, graph_diag=0.000014, graph_uniform=0.003011, graph_reg_scale=1.0000, mf_l2=0.000000, delta_ratio=0.000049, personal_sparse=0.006142, alpha_var=-0.017246, alpha_collapse=0.000000, reg_bce_ratio=-0.0155 | Val: graph_entropy=0.000000, graph_diag=0.000000, graph_uniform=0.003011, graph_reg_scale=1.0000, mf_l2=0.000000, delta_ratio=0.000379, personal_sparse=0.006140, alpha_var=-0.014111, alpha_collapse=0.000216, reg_bce_ratio=-0.0078
2026-04-10 08:26:00,861 - INFO - [assist_09|assist_09_abce_ae_dominant_B_no_q|lr=0.0003|drop=0.20] [Diag][M3] Epoch [006] | residual_abs_mean=0.3983, residual_std=0.1230, mf_abs_mean=0.3983, mf_std=0.1230, gate_mean=0.3118, gate_std=0.0485, q_interaction_abs_mean=0.0000, id_adapter_abs_mean=0.0658, bias_abs_mean=0.4054, B_q_share=0.0000, B_id_share=0.1653, B_bias_share=1.0176, student_q_norm=0.0000, student_id_adapter_norm=0.1684, item_q_norm=0.0000, item_id_adapter_norm=0.1088, irt_abs_mean=1.3582, irt_std=0.8212, delta_abs_mean=0.1270, delta_std=0.0487, delta_over_irt=0.0935, warmup(mf/personal)=1.00/1.00, graph_row_entropy=2.4849, graph_entropy_ratio=0.5164, alpha_mean=0.1969, alpha_std=0.1736, alpha_bias_std=0.8272, personal_row_entropy=3.0698, personal_matrix_delta=0.0000, personal_matrix_student_std=0.0000
2026-04-10 08:26:00,861 - INFO - [assist_09|assist_09_abce_ae_dominant_B_no_q|lr=0.0003|drop=0.20] [Diag][Graph] Epoch [006] | entropy_ratio=0.5164, diag_mass=0.0000, to_uniform_l2=0.024727, to_identity_l2=0.093849, tau_mean=0.4692, tau_std=0.0019, graph_reg_scale(train/val)=1.0000/1.0000
2026-04-10 08:26:00,861 - WARNING - [assist_09|assist_09_abce_ae_dominant_B_no_q|lr=0.0003|drop=0.20] [Diag Warning][B] B_q_share is low: B_q_share=0.0000, B_id_share=0.1653, B_bias_share=1.0176
2026-04-10 08:26:00,861 - INFO - [assist_09|assist_09_abce_ae_dominant_B_no_q|lr=0.0003|drop=0.20] [Grad Norms] Epoch [006] | mf_u_proj=0.000000, mf_v_proj=0.000000, b_id_student_proj=0.011734, b_id_item_proj=0.012084, b_bias_scale=0.001400, fusion_gate=0.000721, q_gate_raw=0.000000, skill_latent=0.043526, student_q_proj=0.000000, item_id_adapter=0.069231, relation_emb=0.000000e+00, relation_tau=2.785256e-05, relation_wq=0.000000e+00, relation_wk=0.000000e+00, personal_u=0.000000e+00, personal_v=0.000000e+00, personal_alpha_bias=5.882356e-03, personal_gate_emb=2.793252e-05, personal_gate_student_proj=3.824584e-06, personal_gate_context_proj=1.877769e-04, personal_gate_student_direct=6.576147e-07, personal_gate_context_direct=3.254731e-05, personal_gate_out=3.617966e-05, personal_generator_emb=0.000000e+00, personal_generator_context_proj=0.000000e+00, personal_generator_context_hidden=0.000000e+00, personal_generator_context_to_u=0.000000e+00, personal_generator_context_to_v=0.000000e+00
2026-04-10 08:26:01,413 - INFO - [assist_09|assist_09_abce_ae_dominant_B_no_q|lr=0.0003|drop=0.20] -> New best AUC=0.7517 at epoch 6
2026-04-10 08:26:51,495 - INFO - [assist_09|assist_09_abce_ae_dominant_B_no_q|lr=0.0003|drop=0.20] Epoch [007/100] | Train: Loss=0.4865, BCE=0.5009, Reg=-0.0144, AUC=0.8027, ACC=0.7492, RMSE=0.4080 | Val: Loss=0.5385, BCE=0.5480, Reg=-0.0094, AUC=0.7543, ACC=0.7252, RMSE=0.4291
2026-04-10 08:26:51,495 - INFO - [assist_09|assist_09_abce_ae_dominant_B_no_q|lr=0.0003|drop=0.20] [Reg Terms] Epoch [007] | Train: graph_entropy=0.000000, graph_diag=0.000000, graph_uniform=0.003011, graph_reg_scale=1.0000, mf_l2=0.000000, delta_ratio=0.000258, personal_sparse=0.006138, alpha_var=-0.024120, alpha_collapse=0.000000, reg_bce_ratio=-0.0288 | Val: graph_entropy=0.000000, graph_diag=0.000000, graph_uniform=0.003011, graph_reg_scale=1.0000, mf_l2=0.000000, delta_ratio=0.000462, personal_sparse=0.006134, alpha_var=-0.019300, alpha_collapse=0.000213, reg_bce_ratio=-0.0172
2026-04-10 08:26:51,668 - INFO - [assist_09|assist_09_abce_ae_dominant_B_no_q|lr=0.0003|drop=0.20] [Diag][M3] Epoch [007] | residual_abs_mean=0.4390, residual_std=0.1516, mf_abs_mean=0.4390, mf_std=0.1516, gate_mean=0.2975, gate_std=0.0588, q_interaction_abs_mean=0.0000, id_adapter_abs_mean=0.0693, bias_abs_mean=0.4490, B_q_share=0.0000, B_id_share=0.1579, B_bias_share=1.0228, student_q_norm=0.0000, student_id_adapter_norm=0.1868, item_q_norm=0.0000, item_id_adapter_norm=0.1203, irt_abs_mean=1.4083, irt_std=0.8416, delta_abs_mean=0.1357, delta_std=0.0597, delta_over_irt=0.0963, warmup(mf/personal)=1.00/1.00, graph_row_entropy=2.4849, graph_entropy_ratio=0.5164, alpha_mean=0.1968, alpha_std=0.1736, alpha_bias_std=0.9692, personal_row_entropy=3.0672, personal_matrix_delta=0.0000, personal_matrix_student_std=0.0000
2026-04-10 08:26:51,668 - INFO - [assist_09|assist_09_abce_ae_dominant_B_no_q|lr=0.0003|drop=0.20] [Diag][Graph] Epoch [007] | entropy_ratio=0.5164, diag_mass=0.0000, to_uniform_l2=0.024727, to_identity_l2=0.093849, tau_mean=0.4967, tau_std=0.0057, graph_reg_scale(train/val)=1.0000/1.0000
2026-04-10 08:26:51,668 - WARNING - [assist_09|assist_09_abce_ae_dominant_B_no_q|lr=0.0003|drop=0.20] [Diag Warning][B] B_q_share is low: B_q_share=0.0000, B_id_share=0.1579, B_bias_share=1.0228
2026-04-10 08:26:51,668 - INFO - [assist_09|assist_09_abce_ae_dominant_B_no_q|lr=0.0003|drop=0.20] [Grad Norms] Epoch [007] | mf_u_proj=0.000000, mf_v_proj=0.000000, b_id_student_proj=0.012466, b_id_item_proj=0.012165, b_bias_scale=0.002626, fusion_gate=0.001220, q_gate_raw=0.000000, skill_latent=0.045008, student_q_proj=0.000000, item_id_adapter=0.065366, relation_emb=0.000000e+00, relation_tau=3.484351e-06, relation_wq=0.000000e+00, relation_wk=0.000000e+00, personal_u=0.000000e+00, personal_v=0.000000e+00, personal_alpha_bias=6.800376e-03, personal_gate_emb=5.193053e-05, personal_gate_student_proj=1.108036e-05, personal_gate_context_proj=4.309518e-04, personal_gate_student_direct=1.852725e-06, personal_gate_context_direct=7.032406e-05, personal_gate_out=1.073691e-04, personal_generator_emb=0.000000e+00, personal_generator_context_proj=0.000000e+00, personal_generator_context_hidden=0.000000e+00, personal_generator_context_to_u=0.000000e+00, personal_generator_context_to_v=0.000000e+00
2026-04-10 08:26:52,164 - INFO - [assist_09|assist_09_abce_ae_dominant_B_no_q|lr=0.0003|drop=0.20] -> New best AUC=0.7543 at epoch 7
2026-04-10 08:27:42,171 - INFO - [assist_09|assist_09_abce_ae_dominant_B_no_q|lr=0.0003|drop=0.20] Epoch [008/100] | Train: Loss=0.4697, BCE=0.4917, Reg=-0.0221, AUC=0.8122, ACC=0.7541, RMSE=0.4039 | Val: Loss=0.5309, BCE=0.5460, Reg=-0.0151, AUC=0.7559, ACC=0.7256, RMSE=0.4281
2026-04-10 08:27:42,171 - INFO - [assist_09|assist_09_abce_ae_dominant_B_no_q|lr=0.0003|drop=0.20] [Reg Terms] Epoch [008] | Train: graph_entropy=0.000000, graph_diag=0.000000, graph_uniform=0.003011, graph_reg_scale=1.0000, mf_l2=0.000000, delta_ratio=0.000458, personal_sparse=0.006120, alpha_var=-0.032063, alpha_collapse=0.000000, reg_bce_ratio=-0.0449 | Val: graph_entropy=0.000000, graph_diag=0.000000, graph_uniform=0.003011, graph_reg_scale=1.0000, mf_l2=0.000000, delta_ratio=0.000718, personal_sparse=0.006088, alpha_var=-0.025225, alpha_collapse=0.000212, reg_bce_ratio=-0.0277
2026-04-10 08:27:42,353 - INFO - [assist_09|assist_09_abce_ae_dominant_B_no_q|lr=0.0003|drop=0.20] [Diag][M3] Epoch [008] | residual_abs_mean=0.4736, residual_std=0.1739, mf_abs_mean=0.4736, mf_std=0.1739, gate_mean=0.2679, gate_std=0.0641, q_interaction_abs_mean=0.0000, id_adapter_abs_mean=0.0781, bias_abs_mean=0.4947, B_q_share=0.0000, B_id_share=0.1650, B_bias_share=1.0446, student_q_norm=0.0000, student_id_adapter_norm=0.1998, item_q_norm=0.0000, item_id_adapter_norm=0.1294, irt_abs_mean=1.3962, irt_std=0.8525, delta_abs_mean=0.1350, delta_std=0.0684, delta_over_irt=0.0967, warmup(mf/personal)=1.00/1.00, graph_row_entropy=2.4849, graph_entropy_ratio=0.5164, alpha_mean=0.1967, alpha_std=0.1735, alpha_bias_std=1.1071, personal_row_entropy=3.0442, personal_matrix_delta=0.0000, personal_matrix_student_std=0.0000
2026-04-10 08:27:42,353 - INFO - [assist_09|assist_09_abce_ae_dominant_B_no_q|lr=0.0003|drop=0.20] [Diag][Graph] Epoch [008] | entropy_ratio=0.5164, diag_mass=0.0000, to_uniform_l2=0.024727, to_identity_l2=0.093849, tau_mean=0.5424, tau_std=0.0156, graph_reg_scale(train/val)=1.0000/1.0000
2026-04-10 08:27:42,353 - WARNING - [assist_09|assist_09_abce_ae_dominant_B_no_q|lr=0.0003|drop=0.20] [Diag Warning][B] B_q_share is low: B_q_share=0.0000, B_id_share=0.1650, B_bias_share=1.0446
2026-04-10 08:27:42,353 - INFO - [assist_09|assist_09_abce_ae_dominant_B_no_q|lr=0.0003|drop=0.20] [Grad Norms] Epoch [008] | mf_u_proj=0.000000, mf_v_proj=0.000000, b_id_student_proj=0.011686, b_id_item_proj=0.011946, b_bias_scale=0.000893, fusion_gate=0.001733, q_gate_raw=0.000000, skill_latent=0.036676, student_q_proj=0.000000, item_id_adapter=0.058682, relation_emb=0.000000e+00, relation_tau=3.259391e-06, relation_wq=0.000000e+00, relation_wk=0.000000e+00, personal_u=0.000000e+00, personal_v=0.000000e+00, personal_alpha_bias=8.049585e-03, personal_gate_emb=5.432288e-05, personal_gate_student_proj=3.671933e-06, personal_gate_context_proj=4.460548e-04, personal_gate_student_direct=6.698847e-07, personal_gate_context_direct=8.177886e-05, personal_gate_out=1.093643e-04, personal_generator_emb=0.000000e+00, personal_generator_context_proj=0.000000e+00, personal_generator_context_hidden=0.000000e+00, personal_generator_context_to_u=0.000000e+00, personal_generator_context_to_v=0.000000e+00
2026-04-10 08:27:42,834 - INFO - [assist_09|assist_09_abce_ae_dominant_B_no_q|lr=0.0003|drop=0.20] -> New best AUC=0.7559 at epoch 8
2026-04-10 08:28:31,882 - INFO - [assist_09|assist_09_abce_ae_dominant_B_no_q|lr=0.0003|drop=0.20] Epoch [009/100] | Train: Loss=0.4530, BCE=0.4837, Reg=-0.0307, AUC=0.8201, ACC=0.7589, RMSE=0.4003 | Val: Loss=0.5252, BCE=0.5470, Reg=-0.0218, AUC=0.7570, ACC=0.7245, RMSE=0.4284
2026-04-10 08:28:31,883 - INFO - [assist_09|assist_09_abce_ae_dominant_B_no_q|lr=0.0003|drop=0.20] [Reg Terms] Epoch [009] | Train: graph_entropy=0.000000, graph_diag=0.000000, graph_uniform=0.003011, graph_reg_scale=1.0000, mf_l2=0.000000, delta_ratio=0.000703, personal_sparse=0.006122, alpha_var=-0.041047, alpha_collapse=0.000000, reg_bce_ratio=-0.0636 | Val: graph_entropy=0.000000, graph_diag=0.000000, graph_uniform=0.003011, graph_reg_scale=1.0000, mf_l2=0.000000, delta_ratio=0.000643, personal_sparse=0.006139, alpha_var=-0.031897, alpha_collapse=0.000215, reg_bce_ratio=-0.0399
2026-04-10 08:28:32,058 - INFO - [assist_09|assist_09_abce_ae_dominant_B_no_q|lr=0.0003|drop=0.20] [Diag][M3] Epoch [009] | residual_abs_mean=0.5363, residual_std=0.1992, mf_abs_mean=0.5363, mf_std=0.1992, gate_mean=0.2171, gate_std=0.0675, q_interaction_abs_mean=0.0000, id_adapter_abs_mean=0.0924, bias_abs_mean=0.5709, B_q_share=0.0000, B_id_share=0.1722, B_bias_share=1.0646, student_q_norm=0.0000, student_id_adapter_norm=0.2114, item_q_norm=0.0000, item_id_adapter_norm=0.1369, irt_abs_mean=1.4494, irt_std=0.9281, delta_abs_mean=0.1292, delta_std=0.0758, delta_over_irt=0.0892, warmup(mf/personal)=1.00/1.00, graph_row_entropy=2.4849, graph_entropy_ratio=0.5164, alpha_mean=0.1969, alpha_std=0.1736, alpha_bias_std=1.2448, personal_row_entropy=3.0696, personal_matrix_delta=0.0000, personal_matrix_student_std=0.0000
2026-04-10 08:28:32,058 - INFO - [assist_09|assist_09_abce_ae_dominant_B_no_q|lr=0.0003|drop=0.20] [Diag][Graph] Epoch [009] | entropy_ratio=0.5164, diag_mass=0.0000, to_uniform_l2=0.024727, to_identity_l2=0.093849, tau_mean=0.6052, tau_std=0.0221, graph_reg_scale(train/val)=1.0000/1.0000
2026-04-10 08:28:32,058 - WARNING - [assist_09|assist_09_abce_ae_dominant_B_no_q|lr=0.0003|drop=0.20] [Diag Warning][B] B_q_share is low: B_q_share=0.0000, B_id_share=0.1722, B_bias_share=1.0646
2026-04-10 08:28:32,058 - INFO - [assist_09|assist_09_abce_ae_dominant_B_no_q|lr=0.0003|drop=0.20] [Grad Norms] Epoch [009] | mf_u_proj=0.000000, mf_v_proj=0.000000, b_id_student_proj=0.014850, b_id_item_proj=0.014821, b_bias_scale=0.000042, fusion_gate=0.001817, q_gate_raw=0.000000, skill_latent=0.042872, student_q_proj=0.000000, item_id_adapter=0.063073, relation_emb=0.000000e+00, relation_tau=1.086489e-07, relation_wq=0.000000e+00, relation_wk=0.000000e+00, personal_u=0.000000e+00, personal_v=0.000000e+00, personal_alpha_bias=9.697315e-03, personal_gate_emb=2.014290e-05, personal_gate_student_proj=3.978663e-06, personal_gate_context_proj=1.537842e-04, personal_gate_student_direct=7.111316e-07, personal_gate_context_direct=2.533332e-05, personal_gate_out=3.542653e-05, personal_generator_emb=0.000000e+00, personal_generator_context_proj=0.000000e+00, personal_generator_context_hidden=0.000000e+00, personal_generator_context_to_u=0.000000e+00, personal_generator_context_to_v=0.000000e+00
2026-04-10 08:28:32,581 - INFO - [assist_09|assist_09_abce_ae_dominant_B_no_q|lr=0.0003|drop=0.20] -> New best AUC=0.7570 at epoch 9
2026-04-10 08:29:22,625 - INFO - [assist_09|assist_09_abce_ae_dominant_B_no_q|lr=0.0003|drop=0.20] Epoch [010/100] | Train: Loss=0.4360, BCE=0.4764, Reg=-0.0404, AUC=0.8270, ACC=0.7632, RMSE=0.3969 | Val: Loss=0.5170, BCE=0.5462, Reg=-0.0291, AUC=0.7600, ACC=0.7273, RMSE=0.4276
2026-04-10 08:29:22,625 - INFO - [assist_09|assist_09_abce_ae_dominant_B_no_q|lr=0.0003|drop=0.20] [Reg Terms] Epoch [010] | Train: graph_entropy=0.000000, graph_diag=0.000000, graph_uniform=0.003011, graph_reg_scale=1.0000, mf_l2=0.000000, delta_ratio=0.001003, personal_sparse=0.006127, alpha_var=-0.051087, alpha_collapse=0.000000, reg_bce_ratio=-0.0849 | Val: graph_entropy=0.000000, graph_diag=0.000000, graph_uniform=0.003011, graph_reg_scale=1.0000, mf_l2=0.000000, delta_ratio=0.000662, personal_sparse=0.006161, alpha_var=-0.039285, alpha_collapse=0.000220, reg_bce_ratio=-0.0534
2026-04-10 08:29:22,802 - INFO - [assist_09|assist_09_abce_ae_dominant_B_no_q|lr=0.0003|drop=0.20] [Diag][M3] Epoch [010] | residual_abs_mean=0.6221, residual_std=0.2200, mf_abs_mean=0.6221, mf_std=0.2200, gate_mean=0.1606, gate_std=0.0743, q_interaction_abs_mean=0.0000, id_adapter_abs_mean=0.1047, bias_abs_mean=0.6648, B_q_share=0.0000, B_id_share=0.1682, B_bias_share=1.0686, student_q_norm=0.0000, student_id_adapter_norm=0.2217, item_q_norm=0.0000, item_id_adapter_norm=0.1438, irt_abs_mean=1.5710, irt_std=0.9836, delta_abs_mean=0.1137, delta_std=0.0783, delta_over_irt=0.0724, warmup(mf/personal)=1.00/1.00, graph_row_entropy=2.4849, graph_entropy_ratio=0.5164, alpha_mean=0.1969, alpha_std=0.1735, alpha_bias_std=1.3792, personal_row_entropy=3.0804, personal_matrix_delta=0.0000, personal_matrix_student_std=0.0000
2026-04-10 08:29:22,803 - INFO - [assist_09|assist_09_abce_ae_dominant_B_no_q|lr=0.0003|drop=0.20] [Diag][Graph] Epoch [010] | entropy_ratio=0.5164, diag_mass=0.0000, to_uniform_l2=0.024727, to_identity_l2=0.093849, tau_mean=0.6623, tau_std=0.0160, graph_reg_scale(train/val)=1.0000/1.0000
2026-04-10 08:29:22,803 - WARNING - [assist_09|assist_09_abce_ae_dominant_B_no_q|lr=0.0003|drop=0.20] [Diag Warning][B] B_q_share is low: B_q_share=0.0000, B_id_share=0.1682, B_bias_share=1.0686
2026-04-10 08:29:22,803 - INFO - [assist_09|assist_09_abce_ae_dominant_B_no_q|lr=0.0003|drop=0.20] [Grad Norms] Epoch [010] | mf_u_proj=0.000000, mf_v_proj=0.000000, b_id_student_proj=0.015683, b_id_item_proj=0.015567, b_bias_scale=0.002343, fusion_gate=0.002417, q_gate_raw=0.000000, skill_latent=0.043016, student_q_proj=0.000000, item_id_adapter=0.067089, relation_emb=0.000000e+00, relation_tau=1.042411e-08, relation_wq=0.000000e+00, relation_wk=0.000000e+00, personal_u=0.000000e+00, personal_v=0.000000e+00, personal_alpha_bias=9.816282e-03, personal_gate_emb=1.193457e-06, personal_gate_student_proj=3.897797e-08, personal_gate_context_proj=8.325648e-05, personal_gate_student_direct=6.168192e-09, personal_gate_context_direct=1.368261e-05, personal_gate_out=1.846843e-05, personal_generator_emb=0.000000e+00, personal_generator_context_proj=0.000000e+00, personal_generator_context_hidden=0.000000e+00, personal_generator_context_to_u=0.000000e+00, personal_generator_context_to_v=0.000000e+00
2026-04-10 08:29:23,315 - INFO - [assist_09|assist_09_abce_ae_dominant_B_no_q|lr=0.0003|drop=0.20] -> New best AUC=0.7600 at epoch 10
2026-04-10 08:29:23,405 - INFO - [assist_09|assist_09_abce_ae_dominant_B_no_q|lr=0.0003|drop=0.20] Checkpoint saved: checkpoints/abce_diag/20260410_072301/assist_09/seed42/ae_dominant_B_no_q/checkpoint_epoch_10.pth
2026-04-10 08:29:23,577 - INFO - [assist_09|assist_09_abce_ae_dominant_B_no_q|lr=0.0003|drop=0.20] [Module Activity] Epoch 10: Graph[OK] Personal[X] MF[OK]
2026-04-10 08:30:11,965 - INFO - [assist_09|assist_09_abce_ae_dominant_B_no_q|lr=0.0003|drop=0.20] Epoch [011/100] | Train: Loss=0.4187, BCE=0.4697, Reg=-0.0510, AUC=0.8334, ACC=0.7661, RMSE=0.3938 | Val: Loss=0.5110, BCE=0.5484, Reg=-0.0373, AUC=0.7598, ACC=0.7278, RMSE=0.4283
2026-04-10 08:30:11,965 - INFO - [assist_09|assist_09_abce_ae_dominant_B_no_q|lr=0.0003|drop=0.20] [Reg Terms] Epoch [011] | Train: graph_entropy=0.000000, graph_diag=0.000000, graph_uniform=0.003011, graph_reg_scale=1.0000, mf_l2=0.000000, delta_ratio=0.001357, personal_sparse=0.006154, alpha_var=-0.062186, alpha_collapse=0.000000, reg_bce_ratio=-0.1087 | Val: graph_entropy=0.000000, graph_diag=0.000000, graph_uniform=0.003011, graph_reg_scale=1.0000, mf_l2=0.000000, delta_ratio=0.000595, personal_sparse=0.006146, alpha_var=-0.047421, alpha_collapse=0.000218, reg_bce_ratio=-0.0681
2026-04-10 08:30:12,133 - INFO - [assist_09|assist_09_abce_ae_dominant_B_no_q|lr=0.0003|drop=0.20] [Diag][M3] Epoch [011] | residual_abs_mean=0.7072, residual_std=0.2432, mf_abs_mean=0.7072, mf_std=0.2432, gate_mean=0.1187, gate_std=0.0826, q_interaction_abs_mean=0.0000, id_adapter_abs_mean=0.1059, bias_abs_mean=0.7596, B_q_share=0.0000, B_id_share=0.1497, B_bias_share=1.0740, student_q_norm=0.0000, student_id_adapter_norm=0.2312, item_q_norm=0.0000, item_id_adapter_norm=0.1509, irt_abs_mean=1.6655, irt_std=1.0250, delta_abs_mean=0.0973, delta_std=0.0858, delta_over_irt=0.0584, warmup(mf/personal)=1.00/1.00, graph_row_entropy=2.4849, graph_entropy_ratio=0.5164, alpha_mean=0.1968, alpha_std=0.1735, alpha_bias_std=1.5169, personal_row_entropy=3.0729, personal_matrix_delta=0.0000, personal_matrix_student_std=0.0000
2026-04-10 08:30:12,133 - INFO - [assist_09|assist_09_abce_ae_dominant_B_no_q|lr=0.0003|drop=0.20] [Diag][Graph] Epoch [011] | entropy_ratio=0.5164, diag_mass=0.0000, to_uniform_l2=0.024727, to_identity_l2=0.093849, tau_mean=0.6890, tau_std=0.0035, graph_reg_scale(train/val)=1.0000/1.0000
2026-04-10 08:30:12,133 - WARNING - [assist_09|assist_09_abce_ae_dominant_B_no_q|lr=0.0003|drop=0.20] [Diag Warning][B] B_q_share is low: B_q_share=0.0000, B_id_share=0.1497, B_bias_share=1.0740
2026-04-10 08:30:12,133 - INFO - [assist_09|assist_09_abce_ae_dominant_B_no_q|lr=0.0003|drop=0.20] [Grad Norms] Epoch [011] | mf_u_proj=0.000000, mf_v_proj=0.000000, b_id_student_proj=0.020494, b_id_item_proj=0.020929, b_bias_scale=0.001480, fusion_gate=0.008124, q_gate_raw=0.000000, skill_latent=0.055642, student_q_proj=0.000000, item_id_adapter=0.103902, relation_emb=0.000000e+00, relation_tau=6.114572e-10, relation_wq=0.000000e+00, relation_wk=0.000000e+00, personal_u=0.000000e+00, personal_v=0.000000e+00, personal_alpha_bias=1.174512e-02, personal_gate_emb=3.277332e-07, personal_gate_student_proj=3.004503e-08, personal_gate_context_proj=1.305861e-04, personal_gate_student_direct=5.066668e-09, personal_gate_context_direct=2.158794e-05, personal_gate_out=3.719897e-05, personal_generator_emb=0.000000e+00, personal_generator_context_proj=0.000000e+00, personal_generator_context_hidden=0.000000e+00, personal_generator_context_to_u=0.000000e+00, personal_generator_context_to_v=0.000000e+00
2026-04-10 08:30:12,133 - INFO - [assist_09|assist_09_abce_ae_dominant_B_no_q|lr=0.0003|drop=0.20] -> No improvement 1 epoch(s) (best AUC=0.7600 @ 10)
2026-04-10 08:31:01,724 - INFO - [assist_09|assist_09_abce_ae_dominant_B_no_q|lr=0.0003|drop=0.20] Epoch [012/100] | Train: Loss=0.4003, BCE=0.4631, Reg=-0.0627, AUC=0.8393, ACC=0.7702, RMSE=0.3906 | Val: Loss=0.5020, BCE=0.5481, Reg=-0.0461, AUC=0.7613, ACC=0.7289, RMSE=0.4276
2026-04-10 08:31:01,724 - INFO - [assist_09|assist_09_abce_ae_dominant_B_no_q|lr=0.0003|drop=0.20] [Reg Terms] Epoch [012] | Train: graph_entropy=0.000000, graph_diag=0.000000, graph_uniform=0.003011, graph_reg_scale=1.0000, mf_l2=0.000000, delta_ratio=0.001578, personal_sparse=0.006148, alpha_var=-0.074301, alpha_collapse=0.000000, reg_bce_ratio=-0.1355 | Val: graph_entropy=0.000000, graph_diag=0.000000, graph_uniform=0.003011, graph_reg_scale=1.0000, mf_l2=0.000000, delta_ratio=0.000608, personal_sparse=0.006183, alpha_var=-0.056273, alpha_collapse=0.000219, reg_bce_ratio=-0.0841
2026-04-10 08:31:01,908 - INFO - [assist_09|assist_09_abce_ae_dominant_B_no_q|lr=0.0003|drop=0.20] [Diag][M3] Epoch [012] | residual_abs_mean=0.7816, residual_std=0.2641, mf_abs_mean=0.7816, mf_std=0.2641, gate_mean=0.0956, gate_std=0.0850, q_interaction_abs_mean=0.0000, id_adapter_abs_mean=0.1291, bias_abs_mean=0.8643, B_q_share=0.0000, B_id_share=0.1652, B_bias_share=1.1059, student_q_norm=0.0000, student_id_adapter_norm=0.2405, item_q_norm=0.0000, item_id_adapter_norm=0.1569, irt_abs_mean=1.7199, irt_std=1.0944, delta_abs_mean=0.0861, delta_std=0.0923, delta_over_irt=0.0501, warmup(mf/personal)=1.00/1.00, graph_row_entropy=2.4849, graph_entropy_ratio=0.5164, alpha_mean=0.1964, alpha_std=0.1731, alpha_bias_std=1.6504, personal_row_entropy=3.0917, personal_matrix_delta=0.0000, personal_matrix_student_std=0.0000
2026-04-10 08:31:01,909 - INFO - [assist_09|assist_09_abce_ae_dominant_B_no_q|lr=0.0003|drop=0.20] [Diag][Graph] Epoch [012] | entropy_ratio=0.5164, diag_mass=0.0000, to_uniform_l2=0.024727, to_identity_l2=0.093849, tau_mean=0.6931, tau_std=0.0001, graph_reg_scale(train/val)=1.0000/1.0000
2026-04-10 08:31:01,909 - WARNING - [assist_09|assist_09_abce_ae_dominant_B_no_q|lr=0.0003|drop=0.20] [Diag Warning][B] B_q_share is low: B_q_share=0.0000, B_id_share=0.1652, B_bias_share=1.1059
2026-04-10 08:31:01,909 - INFO - [assist_09|assist_09_abce_ae_dominant_B_no_q|lr=0.0003|drop=0.20] [Grad Norms] Epoch [012] | mf_u_proj=0.000000, mf_v_proj=0.000000, b_id_student_proj=0.020678, b_id_item_proj=0.020438, b_bias_scale=0.000633, fusion_gate=0.005246, q_gate_raw=0.000000, skill_latent=0.058312, student_q_proj=0.000000, item_id_adapter=0.085920, relation_emb=0.000000e+00, relation_tau=1.922856e-09, relation_wq=0.000000e+00, relation_wk=0.000000e+00, personal_u=0.000000e+00, personal_v=0.000000e+00, personal_alpha_bias=1.304585e-02, personal_gate_emb=4.125363e-10, personal_gate_student_proj=2.239337e-12, personal_gate_context_proj=4.277534e-04, personal_gate_student_direct=8.546650e-13, personal_gate_context_direct=7.141386e-05, personal_gate_out=9.918235e-05, personal_generator_emb=0.000000e+00, personal_generator_context_proj=0.000000e+00, personal_generator_context_hidden=0.000000e+00, personal_generator_context_to_u=0.000000e+00, personal_generator_context_to_v=0.000000e+00
2026-04-10 08:31:02,351 - INFO - [assist_09|assist_09_abce_ae_dominant_B_no_q|lr=0.0003|drop=0.20] -> New best AUC=0.7613 at epoch 12
2026-04-10 08:31:51,625 - INFO - [assist_09|assist_09_abce_ae_dominant_B_no_q|lr=0.0003|drop=0.20] Epoch [013/100] | Train: Loss=0.3819, BCE=0.4572, Reg=-0.0753, AUC=0.8447, ACC=0.7745, RMSE=0.3877 | Val: Loss=0.4905, BCE=0.5459, Reg=-0.0554, AUC=0.7626, ACC=0.7298, RMSE=0.4267
2026-04-10 08:31:51,626 - INFO - [assist_09|assist_09_abce_ae_dominant_B_no_q|lr=0.0003|drop=0.20] [Reg Terms] Epoch [013] | Train: graph_entropy=0.000000, graph_diag=0.000000, graph_uniform=0.003011, graph_reg_scale=1.0000, mf_l2=0.000001, delta_ratio=0.001938, personal_sparse=0.006151, alpha_var=-0.087458, alpha_collapse=0.000000, reg_bce_ratio=-0.1647 | Val: graph_entropy=0.000000, graph_diag=0.000000, graph_uniform=0.003011, graph_reg_scale=1.0000, mf_l2=0.000001, delta_ratio=0.000734, personal_sparse=0.006152, alpha_var=-0.065842, alpha_collapse=0.000222, reg_bce_ratio=-0.1015
2026-04-10 08:31:51,813 - INFO - [assist_09|assist_09_abce_ae_dominant_B_no_q|lr=0.0003|drop=0.20] [Diag][M3] Epoch [013] | residual_abs_mean=0.8588, residual_std=0.2688, mf_abs_mean=0.8588, mf_std=0.2688, gate_mean=0.0848, gate_std=0.0851, q_interaction_abs_mean=0.0000, id_adapter_abs_mean=0.1436, bias_abs_mean=0.9584, B_q_share=0.0000, B_id_share=0.1672, B_bias_share=1.1160, student_q_norm=0.0000, student_id_adapter_norm=0.2496, item_q_norm=0.0000, item_id_adapter_norm=0.1628, irt_abs_mean=1.7268, irt_std=1.1054, delta_abs_mean=0.0834, delta_std=0.0975, delta_over_irt=0.0483, warmup(mf/personal)=1.00/1.00, graph_row_entropy=2.4849, graph_entropy_ratio=0.5164, alpha_mean=0.1968, alpha_std=0.1736, alpha_bias_std=1.7853, personal_row_entropy=3.0762, personal_matrix_delta=0.0000, personal_matrix_student_std=0.0000
2026-04-10 08:31:51,814 - INFO - [assist_09|assist_09_abce_ae_dominant_B_no_q|lr=0.0003|drop=0.20] [Diag][Graph] Epoch [013] | entropy_ratio=0.5164, diag_mass=0.0000, to_uniform_l2=0.024727, to_identity_l2=0.093849, tau_mean=0.6932, tau_std=0.0000, graph_reg_scale(train/val)=1.0000/1.0000
2026-04-10 08:31:51,814 - WARNING - [assist_09|assist_09_abce_ae_dominant_B_no_q|lr=0.0003|drop=0.20] [Diag Warning][B] B_q_share is low: B_q_share=0.0000, B_id_share=0.1672, B_bias_share=1.1160
2026-04-10 08:31:51,814 - INFO - [assist_09|assist_09_abce_ae_dominant_B_no_q|lr=0.0003|drop=0.20] [Grad Norms] Epoch [013] | mf_u_proj=0.000000, mf_v_proj=0.000000, b_id_student_proj=0.018185, b_id_item_proj=0.018308, b_bias_scale=0.000346, fusion_gate=0.003444, q_gate_raw=0.000000, skill_latent=0.054680, student_q_proj=0.000000, item_id_adapter=0.071614, relation_emb=0.000000e+00, relation_tau=2.389291e-09, relation_wq=0.000000e+00, relation_wk=0.000000e+00, personal_u=0.000000e+00, personal_v=0.000000e+00, personal_alpha_bias=1.278848e-02, personal_gate_emb=6.070762e-22, personal_gate_student_proj=0.000000e+00, personal_gate_context_proj=1.217989e-04, personal_gate_student_direct=0.000000e+00, personal_gate_context_direct=2.442574e-05, personal_gate_out=3.040672e-05, personal_generator_emb=0.000000e+00, personal_generator_context_proj=0.000000e+00, personal_generator_context_hidden=0.000000e+00, personal_generator_context_to_u=0.000000e+00, personal_generator_context_to_v=0.000000e+00
2026-04-10 08:31:52,510 - INFO - [assist_09|assist_09_abce_ae_dominant_B_no_q|lr=0.0003|drop=0.20] -> New best AUC=0.7626 at epoch 13
2026-04-10 08:32:42,682 - INFO - [assist_09|assist_09_abce_ae_dominant_B_no_q|lr=0.0003|drop=0.20] Epoch [014/100] | Train: Loss=0.3628, BCE=0.4516, Reg=-0.0888, AUC=0.8499, ACC=0.7773, RMSE=0.3849 | Val: Loss=0.4845, BCE=0.5502, Reg=-0.0657, AUC=0.7621, ACC=0.7292, RMSE=0.4279
2026-04-10 08:32:42,682 - INFO - [assist_09|assist_09_abce_ae_dominant_B_no_q|lr=0.0003|drop=0.20] [Reg Terms] Epoch [014] | Train: graph_entropy=0.000000, graph_diag=0.000000, graph_uniform=0.003011, graph_reg_scale=1.0000, mf_l2=0.000001, delta_ratio=0.002242, personal_sparse=0.006188, alpha_var=-0.101637, alpha_collapse=0.000000, reg_bce_ratio=-0.1966 | Val: graph_entropy=0.000000, graph_diag=0.000000, graph_uniform=0.003011, graph_reg_scale=1.0000, mf_l2=0.000001, delta_ratio=0.000630, personal_sparse=0.006181, alpha_var=-0.076126, alpha_collapse=0.000219, reg_bce_ratio=-0.1195
2026-04-10 08:32:42,883 - INFO - [assist_09|assist_09_abce_ae_dominant_B_no_q|lr=0.0003|drop=0.20] [Diag][M3] Epoch [014] | residual_abs_mean=0.9320, residual_std=0.2909, mf_abs_mean=0.9320, mf_std=0.2909, gate_mean=0.0811, gate_std=0.0871, q_interaction_abs_mean=0.0000, id_adapter_abs_mean=0.1629, bias_abs_mean=1.0577, B_q_share=0.0000, B_id_share=0.1747, B_bias_share=1.1348, student_q_norm=0.0000, student_id_adapter_norm=0.2586, item_q_norm=0.0000, item_id_adapter_norm=0.1680, irt_abs_mean=1.7197, irt_std=1.1236, delta_abs_mean=0.0862, delta_std=0.1066, delta_over_irt=0.0501, warmup(mf/personal)=1.00/1.00, graph_row_entropy=2.4849, graph_entropy_ratio=0.5164, alpha_mean=0.1969, alpha_std=0.1736, alpha_bias_std=1.9166, personal_row_entropy=3.0907, personal_matrix_delta=0.0000, personal_matrix_student_std=0.0000
2026-04-10 08:32:42,884 - INFO - [assist_09|assist_09_abce_ae_dominant_B_no_q|lr=0.0003|drop=0.20] [Diag][Graph] Epoch [014] | entropy_ratio=0.5164, diag_mass=0.0000, to_uniform_l2=0.024727, to_identity_l2=0.093849, tau_mean=0.6932, tau_std=0.0000, graph_reg_scale(train/val)=1.0000/1.0000
2026-04-10 08:32:42,884 - WARNING - [assist_09|assist_09_abce_ae_dominant_B_no_q|lr=0.0003|drop=0.20] [Diag Warning][B] B_q_share is low: B_q_share=0.0000, B_id_share=0.1747, B_bias_share=1.1348
2026-04-10 08:32:42,884 - INFO - [assist_09|assist_09_abce_ae_dominant_B_no_q|lr=0.0003|drop=0.20] [Grad Norms] Epoch [014] | mf_u_proj=0.000000, mf_v_proj=0.000000, b_id_student_proj=0.028254, b_id_item_proj=0.030824, b_bias_scale=0.002728, fusion_gate=0.004494, q_gate_raw=0.000000, skill_latent=0.070479, student_q_proj=0.000000, item_id_adapter=0.138186, relation_emb=0.000000e+00, relation_tau=3.953299e-09, relation_wq=0.000000e+00, relation_wk=0.000000e+00, personal_u=0.000000e+00, personal_v=0.000000e+00, personal_alpha_bias=1.589840e-02, personal_gate_emb=0.000000e+00, personal_gate_student_proj=0.000000e+00, personal_gate_context_proj=1.311937e-04, personal_gate_student_direct=0.000000e+00, personal_gate_context_direct=2.066003e-05, personal_gate_out=3.786575e-05, personal_generator_emb=0.000000e+00, personal_generator_context_proj=0.000000e+00, personal_generator_context_hidden=0.000000e+00, personal_generator_context_to_u=0.000000e+00, personal_generator_context_to_v=0.000000e+00
2026-04-10 08:32:42,884 - INFO - [assist_09|assist_09_abce_ae_dominant_B_no_q|lr=0.0003|drop=0.20] -> No improvement 1 epoch(s) (best AUC=0.7626 @ 13)
2026-04-10 08:33:34,211 - INFO - [assist_09|assist_09_abce_ae_dominant_B_no_q|lr=0.0003|drop=0.20] Epoch [015/100] | Train: Loss=0.3437, BCE=0.4470, Reg=-0.1033, AUC=0.8537, ACC=0.7798, RMSE=0.3826 | Val: Loss=0.4723, BCE=0.5487, Reg=-0.0764, AUC=0.7623, ACC=0.7302, RMSE=0.4273
2026-04-10 08:33:34,212 - INFO - [assist_09|assist_09_abce_ae_dominant_B_no_q|lr=0.0003|drop=0.20] [Reg Terms] Epoch [015] | Train: graph_entropy=0.000000, graph_diag=0.000000, graph_uniform=0.003011, graph_reg_scale=1.0000, mf_l2=0.000001, delta_ratio=0.002500, personal_sparse=0.006181, alpha_var=-0.116812, alpha_collapse=0.000000, reg_bce_ratio=-0.2310 | Val: graph_entropy=0.000000, graph_diag=0.000000, graph_uniform=0.003011, graph_reg_scale=1.0000, mf_l2=0.000001, delta_ratio=0.000675, personal_sparse=0.006173, alpha_var=-0.087136, alpha_collapse=0.000220, reg_bce_ratio=-0.1393
2026-04-10 08:33:34,454 - INFO - [assist_09|assist_09_abce_ae_dominant_B_no_q|lr=0.0003|drop=0.20] [Diag][M3] Epoch [015] | residual_abs_mean=0.9786, residual_std=0.2939, mf_abs_mean=0.9786, mf_std=0.2939, gate_mean=0.0739, gate_std=0.0892, q_interaction_abs_mean=0.0000, id_adapter_abs_mean=0.1752, bias_abs_mean=1.1333, B_q_share=0.0000, B_id_share=0.1790, B_bias_share=1.1581, student_q_norm=0.0000, student_id_adapter_norm=0.2666, item_q_norm=0.0000, item_id_adapter_norm=0.1723, irt_abs_mean=1.7810, irt_std=1.1797, delta_abs_mean=0.0825, delta_std=0.1128, delta_over_irt=0.0463, warmup(mf/personal)=1.00/1.00, graph_row_entropy=2.4849, graph_entropy_ratio=0.5164, alpha_mean=0.1968, alpha_std=0.1736, alpha_bias_std=2.0467, personal_row_entropy=3.0865, personal_matrix_delta=0.0000, personal_matrix_student_std=0.0000
2026-04-10 08:33:34,455 - INFO - [assist_09|assist_09_abce_ae_dominant_B_no_q|lr=0.0003|drop=0.20] [Diag][Graph] Epoch [015] | entropy_ratio=0.5164, diag_mass=0.0000, to_uniform_l2=0.024727, to_identity_l2=0.093849, tau_mean=0.6932, tau_std=0.0000, graph_reg_scale(train/val)=1.0000/1.0000
2026-04-10 08:33:34,455 - WARNING - [assist_09|assist_09_abce_ae_dominant_B_no_q|lr=0.0003|drop=0.20] [Diag Warning][B] B_q_share is low: B_q_share=0.0000, B_id_share=0.1790, B_bias_share=1.1581
2026-04-10 08:33:34,455 - INFO - [assist_09|assist_09_abce_ae_dominant_B_no_q|lr=0.0003|drop=0.20] [Grad Norms] Epoch [015] | mf_u_proj=0.000000, mf_v_proj=0.000000, b_id_student_proj=0.030941, b_id_item_proj=0.031172, b_bias_scale=0.001792, fusion_gate=0.004412, q_gate_raw=0.000000, skill_latent=0.073011, student_q_proj=0.000000, item_id_adapter=0.105664, relation_emb=0.000000e+00, relation_tau=1.820851e-09, relation_wq=0.000000e+00, relation_wk=0.000000e+00, personal_u=0.000000e+00, personal_v=0.000000e+00, personal_alpha_bias=1.491851e-02, personal_gate_emb=0.000000e+00, personal_gate_student_proj=0.000000e+00, personal_gate_context_proj=1.053707e-04, personal_gate_student_direct=0.000000e+00, personal_gate_context_direct=1.739871e-05, personal_gate_out=3.908790e-05, personal_generator_emb=0.000000e+00, personal_generator_context_proj=0.000000e+00, personal_generator_context_hidden=0.000000e+00, personal_generator_context_to_u=0.000000e+00, personal_generator_context_to_v=0.000000e+00
2026-04-10 08:33:34,455 - INFO - [assist_09|assist_09_abce_ae_dominant_B_no_q|lr=0.0003|drop=0.20] -> No improvement 2 epoch(s) (best AUC=0.7626 @ 13)
2026-04-10 08:34:22,155 - INFO - [assist_09|assist_09_abce_ae_dominant_B_no_q|lr=0.0003|drop=0.20] Epoch [016/100] | Train: Loss=0.3230, BCE=0.4418, Reg=-0.1187, AUC=0.8582, ACC=0.7831, RMSE=0.3800 | Val: Loss=0.4633, BCE=0.5512, Reg=-0.0879, AUC=0.7627, ACC=0.7299, RMSE=0.4279
2026-04-10 08:34:22,155 - INFO - [assist_09|assist_09_abce_ae_dominant_B_no_q|lr=0.0003|drop=0.20] [Reg Terms] Epoch [016] | Train: graph_entropy=0.000000, graph_diag=0.000000, graph_uniform=0.003011, graph_reg_scale=1.0000, mf_l2=0.000001, delta_ratio=0.002769, personal_sparse=0.006169, alpha_var=-0.133047, alpha_collapse=0.000000, reg_bce_ratio=-0.2688 | Val: graph_entropy=0.000000, graph_diag=0.000000, graph_uniform=0.003011, graph_reg_scale=1.0000, mf_l2=0.000001, delta_ratio=0.000645, personal_sparse=0.006087, alpha_var=-0.098859, alpha_collapse=0.000223, reg_bce_ratio=-0.1595
2026-04-10 08:34:22,383 - INFO - [assist_09|assist_09_abce_ae_dominant_B_no_q|lr=0.0003|drop=0.20] [Diag][M3] Epoch [016] | residual_abs_mean=1.0364, residual_std=0.3028, mf_abs_mean=1.0364, mf_std=0.3028, gate_mean=0.0691, gate_std=0.0874, q_interaction_abs_mean=0.0000, id_adapter_abs_mean=0.2163, bias_abs_mean=1.2026, B_q_share=0.0000, B_id_share=0.2087, B_bias_share=1.1604, student_q_norm=0.0000, student_id_adapter_norm=0.2742, item_q_norm=0.0000, item_id_adapter_norm=0.1767, irt_abs_mean=1.8341, irt_std=1.2198, delta_abs_mean=0.0813, delta_std=0.1152, delta_over_irt=0.0443, warmup(mf/personal)=1.00/1.00, graph_row_entropy=2.4849, graph_entropy_ratio=0.5164, alpha_mean=0.1967, alpha_std=0.1734, alpha_bias_std=2.1796, personal_row_entropy=3.0433, personal_matrix_delta=0.0000, personal_matrix_student_std=0.0000
2026-04-10 08:34:22,383 - INFO - [assist_09|assist_09_abce_ae_dominant_B_no_q|lr=0.0003|drop=0.20] [Diag][Graph] Epoch [016] | entropy_ratio=0.5164, diag_mass=0.0000, to_uniform_l2=0.024727, to_identity_l2=0.093849, tau_mean=0.6932, tau_std=0.0000, graph_reg_scale(train/val)=1.0000/1.0000
2026-04-10 08:34:22,383 - WARNING - [assist_09|assist_09_abce_ae_dominant_B_no_q|lr=0.0003|drop=0.20] [Diag Warning][B] B_q_share is low: B_q_share=0.0000, B_id_share=0.2087, B_bias_share=1.1604
2026-04-10 08:34:22,383 - INFO - [assist_09|assist_09_abce_ae_dominant_B_no_q|lr=0.0003|drop=0.20] [Grad Norms] Epoch [016] | mf_u_proj=0.000000, mf_v_proj=0.000000, b_id_student_proj=0.023895, b_id_item_proj=0.023764, b_bias_scale=0.001183, fusion_gate=0.005142, q_gate_raw=0.000000, skill_latent=0.067324, student_q_proj=0.000000, item_id_adapter=0.091630, relation_emb=0.000000e+00, relation_tau=9.606314e-09, relation_wq=0.000000e+00, relation_wk=0.000000e+00, personal_u=0.000000e+00, personal_v=0.000000e+00, personal_alpha_bias=1.719984e-02, personal_gate_emb=0.000000e+00, personal_gate_student_proj=0.000000e+00, personal_gate_context_proj=1.784305e-04, personal_gate_student_direct=0.000000e+00, personal_gate_context_direct=2.799053e-05, personal_gate_out=4.185859e-05, personal_generator_emb=0.000000e+00, personal_generator_context_proj=0.000000e+00, personal_generator_context_hidden=0.000000e+00, personal_generator_context_to_u=0.000000e+00, personal_generator_context_to_v=0.000000e+00
2026-04-10 08:34:22,829 - INFO - [assist_09|assist_09_abce_ae_dominant_B_no_q|lr=0.0003|drop=0.20] -> New best AUC=0.7627 at epoch 16
2026-04-10 08:34:59,313 - INFO - [assist_09|assist_09_abce_ae_dominant_B_no_q|lr=0.0003|drop=0.20] Epoch [017/100] | Train: Loss=0.3019, BCE=0.4373, Reg=-0.1354, AUC=0.8617, ACC=0.7861, RMSE=0.3777 | Val: Loss=0.4499, BCE=0.5497, Reg=-0.0998, AUC=0.7636, ACC=0.7323, RMSE=0.4271
2026-04-10 08:34:59,313 - INFO - [assist_09|assist_09_abce_ae_dominant_B_no_q|lr=0.0003|drop=0.20] [Reg Terms] Epoch [017] | Train: graph_entropy=0.000000, graph_diag=0.000003, graph_uniform=0.003011, graph_reg_scale=1.0000, mf_l2=0.000001, delta_ratio=0.002871, personal_sparse=0.006196, alpha_var=-0.150362, alpha_collapse=0.000000, reg_bce_ratio=-0.3095 | Val: graph_entropy=0.000000, graph_diag=0.000000, graph_uniform=0.003011, graph_reg_scale=1.0000, mf_l2=0.000001, delta_ratio=0.000677, personal_sparse=0.006152, alpha_var=-0.111295, alpha_collapse=0.000221, reg_bce_ratio=-0.1815
2026-04-10 08:34:59,481 - INFO - [assist_09|assist_09_abce_ae_dominant_B_no_q|lr=0.0003|drop=0.20] [Diag][M3] Epoch [017] | residual_abs_mean=1.0810, residual_std=0.2992, mf_abs_mean=1.0810, mf_std=0.2992, gate_mean=0.0722, gate_std=0.0904, q_interaction_abs_mean=0.0000, id_adapter_abs_mean=0.2239, bias_abs_mean=1.2686, B_q_share=0.0000, B_id_share=0.2072, B_bias_share=1.1736, student_q_norm=0.0000, student_id_adapter_norm=0.2799, item_q_norm=0.0000, item_id_adapter_norm=0.1811, irt_abs_mean=1.7785, irt_std=1.2011, delta_abs_mean=0.0882, delta_std=0.1221, delta_over_irt=0.0496, warmup(mf/personal)=1.00/1.00, graph_row_entropy=2.4849, graph_entropy_ratio=0.5164, alpha_mean=0.1965, alpha_std=0.1732, alpha_bias_std=2.3114, personal_row_entropy=3.0762, personal_matrix_delta=0.0000, personal_matrix_student_std=0.0000
2026-04-10 08:34:59,481 - INFO - [assist_09|assist_09_abce_ae_dominant_B_no_q|lr=0.0003|drop=0.20] [Diag][Graph] Epoch [017] | entropy_ratio=0.5164, diag_mass=0.0000, to_uniform_l2=0.024727, to_identity_l2=0.093849, tau_mean=0.6932, tau_std=0.0000, graph_reg_scale(train/val)=1.0000/1.0000
2026-04-10 08:34:59,481 - WARNING - [assist_09|assist_09_abce_ae_dominant_B_no_q|lr=0.0003|drop=0.20] [Diag Warning][B] B_q_share is low: B_q_share=0.0000, B_id_share=0.2072, B_bias_share=1.1736
2026-04-10 08:34:59,481 - INFO - [assist_09|assist_09_abce_ae_dominant_B_no_q|lr=0.0003|drop=0.20] [Grad Norms] Epoch [017] | mf_u_proj=0.000000, mf_v_proj=0.000000, b_id_student_proj=0.026146, b_id_item_proj=0.026595, b_bias_scale=0.000832, fusion_gate=0.004222, q_gate_raw=0.000000, skill_latent=0.063566, student_q_proj=0.000000, item_id_adapter=0.085507, relation_emb=0.000000e+00, relation_tau=3.616202e-09, relation_wq=0.000000e+00, relation_wk=0.000000e+00, personal_u=0.000000e+00, personal_v=0.000000e+00, personal_alpha_bias=1.962695e-02, personal_gate_emb=0.000000e+00, personal_gate_student_proj=0.000000e+00, personal_gate_context_proj=7.417289e-05, personal_gate_student_direct=0.000000e+00, personal_gate_context_direct=1.125560e-05, personal_gate_out=2.256972e-05, personal_generator_emb=0.000000e+00, personal_generator_context_proj=0.000000e+00, personal_generator_context_hidden=0.000000e+00, personal_generator_context_to_u=0.000000e+00, personal_generator_context_to_v=0.000000e+00
2026-04-10 08:34:59,788 - INFO - [assist_09|assist_09_abce_ae_dominant_B_no_q|lr=0.0003|drop=0.20] -> New best AUC=0.7636 at epoch 17
2026-04-10 08:35:36,489 - INFO - [assist_09|assist_09_abce_ae_dominant_B_no_q|lr=0.0003|drop=0.20] Epoch [018/100] | Train: Loss=0.2806, BCE=0.4336, Reg=-0.1529, AUC=0.8651, ACC=0.7881, RMSE=0.3759 | Val: Loss=0.4359, BCE=0.5484, Reg=-0.1124, AUC=0.7643, ACC=0.7326, RMSE=0.4264
2026-04-10 08:35:36,490 - INFO - [assist_09|assist_09_abce_ae_dominant_B_no_q|lr=0.0003|drop=0.20] [Reg Terms] Epoch [018] | Train: graph_entropy=0.000000, graph_diag=0.000000, graph_uniform=0.003011, graph_reg_scale=1.0000, mf_l2=0.000001, delta_ratio=0.003063, personal_sparse=0.006156, alpha_var=-0.168593, alpha_collapse=0.000000, reg_bce_ratio=-0.3528 | Val: graph_entropy=0.000000, graph_diag=0.000000, graph_uniform=0.003011, graph_reg_scale=1.0000, mf_l2=0.000001, delta_ratio=0.000713, personal_sparse=0.006162, alpha_var=-0.124438, alpha_collapse=0.000216, reg_bce_ratio=-0.2050
2026-04-10 08:35:36,639 - INFO - [assist_09|assist_09_abce_ae_dominant_B_no_q|lr=0.0003|drop=0.20] [Diag][M3] Epoch [018] | residual_abs_mean=1.1064, residual_std=0.3149, mf_abs_mean=1.1064, mf_std=0.3149, gate_mean=0.0698, gate_std=0.0900, q_interaction_abs_mean=0.0000, id_adapter_abs_mean=0.2290, bias_abs_mean=1.3278, B_q_share=0.0000, B_id_share=0.2069, B_bias_share=1.2001, student_q_norm=0.0000, student_id_adapter_norm=0.2869, item_q_norm=0.0000, item_id_adapter_norm=0.1844, irt_abs_mean=1.7826, irt_std=1.2356, delta_abs_mean=0.0876, delta_std=0.1242, delta_over_irt=0.0491, warmup(mf/personal)=1.00/1.00, graph_row_entropy=2.4849, graph_entropy_ratio=0.5164, alpha_mean=0.1962, alpha_std=0.1729, alpha_bias_std=2.4423, personal_row_entropy=3.0809, personal_matrix_delta=0.0000, personal_matrix_student_std=0.0000
2026-04-10 08:35:36,639 - INFO - [assist_09|assist_09_abce_ae_dominant_B_no_q|lr=0.0003|drop=0.20] [Diag][Graph] Epoch [018] | entropy_ratio=0.5164, diag_mass=0.0000, to_uniform_l2=0.024727, to_identity_l2=0.093849, tau_mean=0.6932, tau_std=0.0001, graph_reg_scale(train/val)=1.0000/1.0000
2026-04-10 08:35:36,639 - WARNING - [assist_09|assist_09_abce_ae_dominant_B_no_q|lr=0.0003|drop=0.20] [Diag Warning][B] B_q_share is low: B_q_share=0.0000, B_id_share=0.2069, B_bias_share=1.2001
2026-04-10 08:35:36,639 - INFO - [assist_09|assist_09_abce_ae_dominant_B_no_q|lr=0.0003|drop=0.20] [Grad Norms] Epoch [018] | mf_u_proj=0.000000, mf_v_proj=0.000000, b_id_student_proj=0.043723, b_id_item_proj=0.045033, b_bias_scale=0.000173, fusion_gate=0.005816, q_gate_raw=0.000000, skill_latent=0.126081, student_q_proj=0.000000, item_id_adapter=0.234319, relation_emb=0.000000e+00, relation_tau=2.686429e-09, relation_wq=0.000000e+00, relation_wk=0.000000e+00, personal_u=0.000000e+00, personal_v=0.000000e+00, personal_alpha_bias=1.592020e-02, personal_gate_emb=0.000000e+00, personal_gate_student_proj=0.000000e+00, personal_gate_context_proj=4.052519e-04, personal_gate_student_direct=0.000000e+00, personal_gate_context_direct=6.069563e-05, personal_gate_out=5.346456e-05, personal_generator_emb=0.000000e+00, personal_generator_context_proj=0.000000e+00, personal_generator_context_hidden=0.000000e+00, personal_generator_context_to_u=0.000000e+00, personal_generator_context_to_v=0.000000e+00
2026-04-10 08:35:37,118 - INFO - [assist_09|assist_09_abce_ae_dominant_B_no_q|lr=0.0003|drop=0.20] -> New best AUC=0.7643 at epoch 18
2026-04-10 08:36:14,824 - INFO - [assist_09|assist_09_abce_ae_dominant_B_no_q|lr=0.0003|drop=0.20] Epoch [019/100] | Train: Loss=0.2584, BCE=0.4300, Reg=-0.1715, AUC=0.8681, ACC=0.7902, RMSE=0.3741 | Val: Loss=0.4247, BCE=0.5508, Reg=-0.1261, AUC=0.7641, ACC=0.7309, RMSE=0.4271
2026-04-10 08:36:14,825 - INFO - [assist_09|assist_09_abce_ae_dominant_B_no_q|lr=0.0003|drop=0.20] [Reg Terms] Epoch [019] | Train: graph_entropy=0.000000, graph_diag=0.000000, graph_uniform=0.003011, graph_reg_scale=1.0000, mf_l2=0.000001, delta_ratio=0.003266, personal_sparse=0.006193, alpha_var=-0.187830, alpha_collapse=0.000000, reg_bce_ratio=-0.3990 | Val: graph_entropy=0.000000, graph_diag=0.000000, graph_uniform=0.003011, graph_reg_scale=1.0000, mf_l2=0.000001, delta_ratio=0.000701, personal_sparse=0.006170, alpha_var=-0.138281, alpha_collapse=0.000220, reg_bce_ratio=-0.2289
2026-04-10 08:36:15,037 - INFO - [assist_09|assist_09_abce_ae_dominant_B_no_q|lr=0.0003|drop=0.20] [Diag][M3] Epoch [019] | residual_abs_mean=1.1471, residual_std=0.3137, mf_abs_mean=1.1471, mf_std=0.3137, gate_mean=0.0671, gate_std=0.0888, q_interaction_abs_mean=0.0000, id_adapter_abs_mean=0.2275, bias_abs_mean=1.3885, B_q_share=0.0000, B_id_share=0.1983, B_bias_share=1.2104, student_q_norm=0.0000, student_id_adapter_norm=0.2929, item_q_norm=0.0000, item_id_adapter_norm=0.1891, irt_abs_mean=1.8133, irt_std=1.2522, delta_abs_mean=0.0860, delta_std=0.1247, delta_over_irt=0.0474, warmup(mf/personal)=1.00/1.00, graph_row_entropy=2.4849, graph_entropy_ratio=0.5164, alpha_mean=0.1964, alpha_std=0.1731, alpha_bias_std=2.5729, personal_row_entropy=3.0851, personal_matrix_delta=0.0000, personal_matrix_student_std=0.0000
2026-04-10 08:36:15,037 - INFO - [assist_09|assist_09_abce_ae_dominant_B_no_q|lr=0.0003|drop=0.20] [Diag][Graph] Epoch [019] | entropy_ratio=0.5164, diag_mass=0.0000, to_uniform_l2=0.024727, to_identity_l2=0.093849, tau_mean=0.6932, tau_std=0.0001, graph_reg_scale(train/val)=1.0000/1.0000
2026-04-10 08:36:15,037 - WARNING - [assist_09|assist_09_abce_ae_dominant_B_no_q|lr=0.0003|drop=0.20] [Diag Warning][B] B_q_share is low: B_q_share=0.0000, B_id_share=0.1983, B_bias_share=1.2104
2026-04-10 08:36:15,037 - INFO - [assist_09|assist_09_abce_ae_dominant_B_no_q|lr=0.0003|drop=0.20] [Grad Norms] Epoch [019] | mf_u_proj=0.000000, mf_v_proj=0.000000, b_id_student_proj=0.032993, b_id_item_proj=0.032464, b_bias_scale=0.001065, fusion_gate=0.007649, q_gate_raw=0.000000, skill_latent=0.072985, student_q_proj=0.000000, item_id_adapter=0.144313, relation_emb=0.000000e+00, relation_tau=6.883944e-09, relation_wq=0.000000e+00, relation_wk=0.000000e+00, personal_u=0.000000e+00, personal_v=0.000000e+00, personal_alpha_bias=2.061856e-02, personal_gate_emb=0.000000e+00, personal_gate_student_proj=0.000000e+00, personal_gate_context_proj=2.926426e-04, personal_gate_student_direct=0.000000e+00, personal_gate_context_direct=4.539502e-05, personal_gate_out=6.803336e-05, personal_generator_emb=0.000000e+00, personal_generator_context_proj=0.000000e+00, personal_generator_context_hidden=0.000000e+00, personal_generator_context_to_u=0.000000e+00, personal_generator_context_to_v=0.000000e+00
2026-04-10 08:36:15,038 - INFO - [assist_09|assist_09_abce_ae_dominant_B_no_q|lr=0.0003|drop=0.20] -> No improvement 1 epoch(s) (best AUC=0.7643 @ 18)
2026-04-10 08:36:49,237 - INFO - [assist_09|assist_09_abce_ae_dominant_B_no_q|lr=0.0003|drop=0.20] Epoch [020/100] | Train: Loss=0.2350, BCE=0.4265, Reg=-0.1916, AUC=0.8704, ACC=0.7929, RMSE=0.3724 | Val: Loss=0.4105, BCE=0.5510, Reg=-0.1405, AUC=0.7646, ACC=0.7347, RMSE=0.4266
2026-04-10 08:36:49,237 - INFO - [assist_09|assist_09_abce_ae_dominant_B_no_q|lr=0.0003|drop=0.20] [Reg Terms] Epoch [020] | Train: graph_entropy=0.000000, graph_diag=0.000000, graph_uniform=0.003011, graph_reg_scale=1.0000, mf_l2=0.000001, delta_ratio=0.003285, personal_sparse=0.006175, alpha_var=-0.208126, alpha_collapse=0.000000, reg_bce_ratio=-0.4491 | Val: graph_entropy=0.000000, graph_diag=0.000000, graph_uniform=0.003011, graph_reg_scale=1.0000, mf_l2=0.000001, delta_ratio=0.000658, personal_sparse=0.006145, alpha_var=-0.152821, alpha_collapse=0.000221, reg_bce_ratio=-0.2550
2026-04-10 08:36:49,392 - INFO - [assist_09|assist_09_abce_ae_dominant_B_no_q|lr=0.0003|drop=0.20] [Diag][M3] Epoch [020] | residual_abs_mean=1.1767, residual_std=0.3200, mf_abs_mean=1.1767, mf_std=0.3200, gate_mean=0.0651, gate_std=0.0910, q_interaction_abs_mean=0.0000, id_adapter_abs_mean=0.2234, bias_abs_mean=1.4319, B_q_share=0.0000, B_id_share=0.1899, B_bias_share=1.2169, student_q_norm=0.0000, student_id_adapter_norm=0.3003, item_q_norm=0.0000, item_id_adapter_norm=0.1924, irt_abs_mean=1.8975, irt_std=1.3004, delta_abs_mean=0.0864, delta_std=0.1316, delta_over_irt=0.0456, warmup(mf/personal)=1.00/1.00, graph_row_entropy=2.4849, graph_entropy_ratio=0.5164, alpha_mean=0.1958, alpha_std=0.1726, alpha_bias_std=2.7043, personal_row_entropy=3.0724, personal_matrix_delta=0.0000, personal_matrix_student_std=0.0000
2026-04-10 08:36:49,392 - INFO - [assist_09|assist_09_abce_ae_dominant_B_no_q|lr=0.0003|drop=0.20] [Diag][Graph] Epoch [020] | entropy_ratio=0.5164, diag_mass=0.0000, to_uniform_l2=0.024727, to_identity_l2=0.093849, tau_mean=0.6931, tau_std=0.0000, graph_reg_scale(train/val)=1.0000/1.0000
2026-04-10 08:36:49,392 - WARNING - [assist_09|assist_09_abce_ae_dominant_B_no_q|lr=0.0003|drop=0.20] [Diag Warning][B] B_q_share is low: B_q_share=0.0000, B_id_share=0.1899, B_bias_share=1.2169
2026-04-10 08:36:49,392 - INFO - [assist_09|assist_09_abce_ae_dominant_B_no_q|lr=0.0003|drop=0.20] [Grad Norms] Epoch [020] | mf_u_proj=0.000000, mf_v_proj=0.000000, b_id_student_proj=0.034015, b_id_item_proj=0.034842, b_bias_scale=0.003938, fusion_gate=0.020945, q_gate_raw=0.000000, skill_latent=0.083228, student_q_proj=0.000000, item_id_adapter=0.136243, relation_emb=0.000000e+00, relation_tau=3.198182e-09, relation_wq=0.000000e+00, relation_wk=0.000000e+00, personal_u=0.000000e+00, personal_v=0.000000e+00, personal_alpha_bias=2.011455e-02, personal_gate_emb=0.000000e+00, personal_gate_student_proj=0.000000e+00, personal_gate_context_proj=1.738700e-04, personal_gate_student_direct=0.000000e+00, personal_gate_context_direct=2.618405e-05, personal_gate_out=3.757719e-05, personal_generator_emb=0.000000e+00, personal_generator_context_proj=0.000000e+00, personal_generator_context_hidden=0.000000e+00, personal_generator_context_to_u=0.000000e+00, personal_generator_context_to_v=0.000000e+00
2026-04-10 08:36:49,860 - INFO - [assist_09|assist_09_abce_ae_dominant_B_no_q|lr=0.0003|drop=0.20] -> New best AUC=0.7646 at epoch 20
2026-04-10 08:36:49,940 - INFO - [assist_09|assist_09_abce_ae_dominant_B_no_q|lr=0.0003|drop=0.20] Checkpoint saved: checkpoints/abce_diag/20260410_072301/assist_09/seed42/ae_dominant_B_no_q/checkpoint_epoch_20.pth
2026-04-10 08:36:50,102 - INFO - [assist_09|assist_09_abce_ae_dominant_B_no_q|lr=0.0003|drop=0.20] [Module Activity] Epoch 20: Graph[OK] Personal[X] MF[OK]
2026-04-10 08:37:34,556 - INFO - [assist_09|assist_09_abce_ae_dominant_B_no_q|lr=0.0003|drop=0.20] Epoch [021/100] | Train: Loss=0.2115, BCE=0.4241, Reg=-0.2126, AUC=0.8724, ACC=0.7946, RMSE=0.3711 | Val: Loss=0.3950, BCE=0.5503, Reg=-0.1554, AUC=0.7645, ACC=0.7323, RMSE=0.4266
2026-04-10 08:37:34,556 - INFO - [assist_09|assist_09_abce_ae_dominant_B_no_q|lr=0.0003|drop=0.20] [Reg Terms] Epoch [021] | Train: graph_entropy=0.000000, graph_diag=0.000000, graph_uniform=0.003011, graph_reg_scale=1.0000, mf_l2=0.000001, delta_ratio=0.003348, personal_sparse=0.006204, alpha_var=-0.229453, alpha_collapse=0.000000, reg_bce_ratio=-0.5014 | Val: graph_entropy=0.000000, graph_diag=0.000000, graph_uniform=0.003011, graph_reg_scale=1.0000, mf_l2=0.000001, delta_ratio=0.000742, personal_sparse=0.006224, alpha_var=-0.168111, alpha_collapse=0.000222, reg_bce_ratio=-0.2823
2026-04-10 08:37:34,715 - INFO - [assist_09|assist_09_abce_ae_dominant_B_no_q|lr=0.0003|drop=0.20] [Diag][M3] Epoch [021] | residual_abs_mean=1.1876, residual_std=0.3328, mf_abs_mean=1.1876, mf_std=0.3328, gate_mean=0.0687, gate_std=0.0916, q_interaction_abs_mean=0.0000, id_adapter_abs_mean=0.2577, bias_abs_mean=1.4742, B_q_share=0.0000, B_id_share=0.2170, B_bias_share=1.2413, student_q_norm=0.0000, student_id_adapter_norm=0.3043, item_q_norm=0.0000, item_id_adapter_norm=0.1946, irt_abs_mean=1.7579, irt_std=1.2592, delta_abs_mean=0.0928, delta_std=0.1354, delta_over_irt=0.0528, warmup(mf/personal)=1.00/1.00, graph_row_entropy=2.4849, graph_entropy_ratio=0.5164, alpha_mean=0.1971, alpha_std=0.1730, alpha_bias_std=2.8350, personal_row_entropy=3.1119, personal_matrix_delta=0.0000, personal_matrix_student_std=0.0000
2026-04-10 08:37:34,715 - INFO - [assist_09|assist_09_abce_ae_dominant_B_no_q|lr=0.0003|drop=0.20] [Diag][Graph] Epoch [021] | entropy_ratio=0.5164, diag_mass=0.0000, to_uniform_l2=0.024727, to_identity_l2=0.093849, tau_mean=0.6932, tau_std=0.0000, graph_reg_scale(train/val)=1.0000/1.0000
2026-04-10 08:37:34,715 - WARNING - [assist_09|assist_09_abce_ae_dominant_B_no_q|lr=0.0003|drop=0.20] [Diag Warning][B] B_q_share is low: B_q_share=0.0000, B_id_share=0.2170, B_bias_share=1.2413
2026-04-10 08:37:34,715 - INFO - [assist_09|assist_09_abce_ae_dominant_B_no_q|lr=0.0003|drop=0.20] [Grad Norms] Epoch [021] | mf_u_proj=0.000000, mf_v_proj=0.000000, b_id_student_proj=0.039803, b_id_item_proj=0.040681, b_bias_scale=0.000137, fusion_gate=0.006397, q_gate_raw=0.000000, skill_latent=0.098551, student_q_proj=0.000000, item_id_adapter=0.156102, relation_emb=0.000000e+00, relation_tau=3.934938e-09, relation_wq=0.000000e+00, relation_wk=0.000000e+00, personal_u=0.000000e+00, personal_v=0.000000e+00, personal_alpha_bias=2.233861e-02, personal_gate_emb=0.000000e+00, personal_gate_student_proj=0.000000e+00, personal_gate_context_proj=2.019832e-04, personal_gate_student_direct=0.000000e+00, personal_gate_context_direct=3.510588e-05, personal_gate_out=5.965920e-05, personal_generator_emb=0.000000e+00, personal_generator_context_proj=0.000000e+00, personal_generator_context_hidden=0.000000e+00, personal_generator_context_to_u=0.000000e+00, personal_generator_context_to_v=0.000000e+00
2026-04-10 08:37:34,715 - INFO - [assist_09|assist_09_abce_ae_dominant_B_no_q|lr=0.0003|drop=0.20] -> No improvement 1 epoch(s) (best AUC=0.7646 @ 20)
2026-04-10 08:38:25,892 - INFO - [assist_09|assist_09_abce_ae_dominant_B_no_q|lr=0.0003|drop=0.20] Epoch [022/100] | Train: Loss=0.1862, BCE=0.4210, Reg=-0.2348, AUC=0.8748, ACC=0.7966, RMSE=0.3695 | Val: Loss=0.3831, BCE=0.5547, Reg=-0.1716, AUC=0.7645, ACC=0.7332, RMSE=0.4275
2026-04-10 08:38:25,892 - INFO - [assist_09|assist_09_abce_ae_dominant_B_no_q|lr=0.0003|drop=0.20] [Reg Terms] Epoch [022] | Train: graph_entropy=0.000000, graph_diag=0.000000, graph_uniform=0.003011, graph_reg_scale=1.0000, mf_l2=0.000001, delta_ratio=0.003443, personal_sparse=0.006219, alpha_var=-0.251841, alpha_collapse=0.000000, reg_bce_ratio=-0.5578 | Val: graph_entropy=0.000000, graph_diag=0.000000, graph_uniform=0.003011, graph_reg_scale=1.0000, mf_l2=0.000001, delta_ratio=0.000498, personal_sparse=0.006179, alpha_var=-0.184118, alpha_collapse=0.000222, reg_bce_ratio=-0.3093
2026-04-10 08:38:26,119 - INFO - [assist_09|assist_09_abce_ae_dominant_B_no_q|lr=0.0003|drop=0.20] [Diag][M3] Epoch [022] | residual_abs_mean=1.2135, residual_std=0.3377, mf_abs_mean=1.2135, mf_std=0.3377, gate_mean=0.0600, gate_std=0.0886, q_interaction_abs_mean=0.0000, id_adapter_abs_mean=0.2575, bias_abs_mean=1.5220, B_q_share=0.0000, B_id_share=0.2122, B_bias_share=1.2542, student_q_norm=0.0000, student_id_adapter_norm=0.3101, item_q_norm=0.0000, item_id_adapter_norm=0.1971, irt_abs_mean=1.9288, irt_std=1.3286, delta_abs_mean=0.0828, delta_std=0.1331, delta_over_irt=0.0430, warmup(mf/personal)=1.00/1.00, graph_row_entropy=2.4849, graph_entropy_ratio=0.5164, alpha_mean=0.1960, alpha_std=0.1728, alpha_bias_std=2.9674, personal_row_entropy=3.0893, personal_matrix_delta=0.0000, personal_matrix_student_std=0.0000
2026-04-10 08:38:26,119 - INFO - [assist_09|assist_09_abce_ae_dominant_B_no_q|lr=0.0003|drop=0.20] [Diag][Graph] Epoch [022] | entropy_ratio=0.5164, diag_mass=0.0000, to_uniform_l2=0.024727, to_identity_l2=0.093849, tau_mean=0.6932, tau_std=0.0001, graph_reg_scale(train/val)=1.0000/1.0000
2026-04-10 08:38:26,119 - WARNING - [assist_09|assist_09_abce_ae_dominant_B_no_q|lr=0.0003|drop=0.20] [Diag Warning][B] B_q_share is low: B_q_share=0.0000, B_id_share=0.2122, B_bias_share=1.2542
2026-04-10 08:38:26,120 - INFO - [assist_09|assist_09_abce_ae_dominant_B_no_q|lr=0.0003|drop=0.20] [Grad Norms] Epoch [022] | mf_u_proj=0.000000, mf_v_proj=0.000000, b_id_student_proj=0.028480, b_id_item_proj=0.027516, b_bias_scale=0.002363, fusion_gate=0.008526, q_gate_raw=0.000000, skill_latent=0.060818, student_q_proj=0.000000, item_id_adapter=0.096893, relation_emb=0.000000e+00, relation_tau=7.699578e-09, relation_wq=0.000000e+00, relation_wk=0.000000e+00, personal_u=0.000000e+00, personal_v=0.000000e+00, personal_alpha_bias=2.291054e-02, personal_gate_emb=0.000000e+00, personal_gate_student_proj=0.000000e+00, personal_gate_context_proj=2.469959e-04, personal_gate_student_direct=0.000000e+00, personal_gate_context_direct=3.710371e-05, personal_gate_out=6.304623e-05, personal_generator_emb=0.000000e+00, personal_generator_context_proj=0.000000e+00, personal_generator_context_hidden=0.000000e+00, personal_generator_context_to_u=0.000000e+00, personal_generator_context_to_v=0.000000e+00
2026-04-10 08:38:26,120 - INFO - [assist_09|assist_09_abce_ae_dominant_B_no_q|lr=0.0003|drop=0.20] -> No improvement 2 epoch(s) (best AUC=0.7646 @ 20)
2026-04-10 08:39:15,132 - INFO - [assist_09|assist_09_abce_ae_dominant_B_no_q|lr=0.0003|drop=0.20] Epoch [023/100] | Train: Loss=0.1605, BCE=0.4187, Reg=-0.2582, AUC=0.8766, ACC=0.7979, RMSE=0.3683 | Val: Loss=0.3659, BCE=0.5542, Reg=-0.1883, AUC=0.7643, ACC=0.7324, RMSE=0.4274
2026-04-10 08:39:15,132 - INFO - [assist_09|assist_09_abce_ae_dominant_B_no_q|lr=0.0003|drop=0.20] [Reg Terms] Epoch [023] | Train: graph_entropy=0.000000, graph_diag=0.000000, graph_uniform=0.003011, graph_reg_scale=1.0000, mf_l2=0.000001, delta_ratio=0.003449, personal_sparse=0.006164, alpha_var=-0.275213, alpha_collapse=0.000000, reg_bce_ratio=-0.6167 | Val: graph_entropy=0.000000, graph_diag=0.000000, graph_uniform=0.003011, graph_reg_scale=1.0000, mf_l2=0.000001, delta_ratio=0.000485, personal_sparse=0.006151, alpha_var=-0.200817, alpha_collapse=0.000223, reg_bce_ratio=-0.3397
2026-04-10 08:39:15,306 - INFO - [assist_09|assist_09_abce_ae_dominant_B_no_q|lr=0.0003|drop=0.20] [Diag][M3] Epoch [023] | residual_abs_mean=1.2344, residual_std=0.3326, mf_abs_mean=1.2344, mf_std=0.3326, gate_mean=0.0640, gate_std=0.0921, q_interaction_abs_mean=0.0000, id_adapter_abs_mean=0.2566, bias_abs_mean=1.5606, B_q_share=0.0000, B_id_share=0.2079, B_bias_share=1.2642, student_q_norm=0.0000, student_id_adapter_norm=0.3152, item_q_norm=0.0000, item_id_adapter_norm=0.1982, irt_abs_mean=1.8859, irt_std=1.3473, delta_abs_mean=0.0895, delta_std=0.1392, delta_over_irt=0.0474, warmup(mf/personal)=1.00/1.00, graph_row_entropy=2.4849, graph_entropy_ratio=0.5164, alpha_mean=0.1969, alpha_std=0.1735, alpha_bias_std=3.0966, personal_row_entropy=3.0757, personal_matrix_delta=0.0000, personal_matrix_student_std=0.0000
2026-04-10 08:39:15,306 - INFO - [assist_09|assist_09_abce_ae_dominant_B_no_q|lr=0.0003|drop=0.20] [Diag][Graph] Epoch [023] | entropy_ratio=0.5164, diag_mass=0.0000, to_uniform_l2=0.024727, to_identity_l2=0.093849, tau_mean=0.6932, tau_std=0.0000, graph_reg_scale(train/val)=1.0000/1.0000
2026-04-10 08:39:15,307 - WARNING - [assist_09|assist_09_abce_ae_dominant_B_no_q|lr=0.0003|drop=0.20] [Diag Warning][B] B_q_share is low: B_q_share=0.0000, B_id_share=0.2079, B_bias_share=1.2642
2026-04-10 08:39:15,307 - INFO - [assist_09|assist_09_abce_ae_dominant_B_no_q|lr=0.0003|drop=0.20] [Grad Norms] Epoch [023] | mf_u_proj=0.000000, mf_v_proj=0.000000, b_id_student_proj=0.035260, b_id_item_proj=0.036904, b_bias_scale=0.000712, fusion_gate=0.006600, q_gate_raw=0.000000, skill_latent=0.100307, student_q_proj=0.000000, item_id_adapter=0.121047, relation_emb=0.000000e+00, relation_tau=2.909974e-10, relation_wq=0.000000e+00, relation_wk=0.000000e+00, personal_u=0.000000e+00, personal_v=0.000000e+00, personal_alpha_bias=2.374090e-02, personal_gate_emb=0.000000e+00, personal_gate_student_proj=0.000000e+00, personal_gate_context_proj=4.477457e-05, personal_gate_student_direct=0.000000e+00, personal_gate_context_direct=6.633766e-06, personal_gate_out=1.236588e-05, personal_generator_emb=0.000000e+00, personal_generator_context_proj=0.000000e+00, personal_generator_context_hidden=0.000000e+00, personal_generator_context_to_u=0.000000e+00, personal_generator_context_to_v=0.000000e+00
2026-04-10 08:39:15,307 - INFO - [assist_09|assist_09_abce_ae_dominant_B_no_q|lr=0.0003|drop=0.20] -> No improvement 3 epoch(s) (best AUC=0.7646 @ 20)
2026-04-10 08:39:15,307 - INFO - [assist_09|assist_09_abce_ae_dominant_B_no_q|lr=0.0003|drop=0.20] Early stopping at epoch 23 (best AUC=0.7646 @ 20)
2026-04-10 08:39:15,314 - INFO - Epoch-wise metrics saved to checkpoints/abce_diag/20260410_072301/assist_09/seed42/ae_dominant_B_no_q/metrics_history.csv
2026-04-10 08:39:15,316 - INFO - [assist_09|assist_09_abce_ae_dominant_B_no_q|lr=0.0003|drop=0.20] Training completed! Best Val AUC=0.7646 @ epoch 20
2026-04-10 08:39:15,483 - INFO - 
============================================================
         MODULE ACTIVITY REPORT
============================================================
Dataset: assist_09 | Seed: 42 | Epoch: 23

1. Concept Graph Module:
   - Mean row entropy: 2.485 / 4.812
   - Entropy ratio: 51.6%
   - Status: ACTIVE (learning meaningful structure)

2. Personal Graph Module:
   - Gate alpha mean: 0.127
   - Gate alpha std: 0.168
   - Alpha bias std: 3.688
   - Personal/global delta: 0.0000
   - Inter-student matrix std: 0.0000
   - Status: INACTIVE (alpha or personal graph barely deviates from global)
   -> Consider: strengthen direct student-specific path or personal graph signal

3. Skill/MF Module:
   - MF logit |mean|: 1.2270
   - MF logit std: 0.4184
   - Fusion gate mean: 0.075
   - Status: ACTIVE (contributing to predictions)

------------------------------------------------------------
SUMMARY:
   Active modules: Concept Graph, Skill/MF
   Inactive modules: Personal Graph
============================================================
2026-04-10 08:39:15,484 - INFO - [assist_09|assist_09_abce_ae_dominant_B_no_q|lr=0.0003|drop=0.20] Module activity saved to checkpoints/abce_diag/20260410_072301/assist_09/seed42/ae_dominant_B_no_q/module_activity.json
2026-04-10 08:39:15,531 - INFO - Using device: cuda:0 (physical gpu 1)
2026-04-10 08:39:15,532 - INFO - Loading model from checkpoints/abce_diag/20260410_072301/assist_09/seed42/ae_dominant_B_no_q/best_model.pth...
2026-04-10 08:39:15,673 - INFO - Inference switches: ablate_module1=False, ablate_module2=False, ablate_module3=False | enable_module1=True, enable_module2=True, enable_module3=True | use_mf_branch=True, use_concept_graph=True, use_q_aligned_residual=True | effective(num_gnn_layers=1)
2026-04-10 08:39:15,707 - INFO - [Inference] Ablation runtime check: args(ablate_module1=False,ablate_module2=False,ablate_module3=False) | model(enable_module1=True,enable_module2=True,enable_module3=True) | physical(has_knowledge_encoder=True,has_mf_branch=True)
2026-04-10 08:39:15,708 - INFO - [Inference] [Module3 Init] fusion_gate_bias=-2.2000, fusion_gate_max=0.3500, implied_gate=0.0349, q_gate=0.5000, mf_scale=0.0000, bias_scale=0.2536, graph_tau_mean=1.0055, graph_tau_std=0.0000, graph_dropout=0.000
2026-04-10 08:39:15,710 - INFO - Model loaded from epoch 20. Start testing...
2026-04-10 08:39:16,955 - INFO - [Test] 200/411 batches done, samples=25600
2026-04-10 08:39:18,110 - INFO - [Test] 400/411 batches done, samples=51200
2026-04-10 08:39:18,246 - INFO - 
==================================================
2026-04-10 08:39:18,246 - INFO - Test Results:
2026-04-10 08:39:18,246 - INFO - AUC: 0.7672
2026-04-10 08:39:18,246 - INFO - ACC: 0.7370
2026-04-10 08:39:18,246 - INFO - RMSE: 0.4242
2026-04-10 08:39:18,246 - INFO - ==================================================
2026-04-10 08:39:18,262 - INFO - Summary appended to /home/zsh/ConceptSkillCDM/results/experiment_results.csv
2026-04-10 08:39:18,262 - INFO - 
Generating student diagnosis reports...
