2026-04-10 09:42:41,896 - INFO - Arguments:
2026-04-10 09:42:41,896 - INFO -   ablate_concept_graph: False
2026-04-10 09:42:41,896 - INFO -   ablate_module1: False
2026-04-10 09:42:41,896 - INFO -   ablate_module2: False
2026-04-10 09:42:41,896 - INFO -   ablate_module3: False
2026-04-10 09:42:41,896 - INFO -   ablate_skill_encoder: False
2026-04-10 09:42:41,896 - INFO -   allow_self_loop: True
2026-04-10 09:42:41,896 - INFO -   alpha_min_target: 0.02
2026-04-10 09:42:41,896 - INFO -   b_id_budget_target: 0.18
2026-04-10 09:42:41,896 - INFO -   batch_size: 256
2026-04-10 09:42:41,896 - INFO -   data_dir: ./data/junyi
2026-04-10 09:42:41,896 - INFO -   dataset_name: junyi
2026-04-10 09:42:41,896 - INFO -   debug_module3_diag: True
2026-04-10 09:42:41,896 - INFO -   delta_ratio_target: 0.08
2026-04-10 09:42:41,896 - INFO -   diag_batches: 1
2026-04-10 09:42:41,897 - INFO -   disable_b_bias: True
2026-04-10 09:42:41,897 - INFO -   disable_b_id_adapter: True
2026-04-10 09:42:41,897 - INFO -   disable_q_aligned_residual: False
2026-04-10 09:42:41,897 - INFO -   disable_q_conditioning: False
2026-04-10 09:42:41,897 - INFO -   disable_self_loop: False
2026-04-10 09:42:41,897 - INFO -   dropout: 0.4
2026-04-10 09:42:41,897 - INFO -   early_stop_patience: 3
2026-04-10 09:42:41,897 - INFO -   enable_module1: True
2026-04-10 09:42:41,897 - INFO -   enable_module2: True
2026-04-10 09:42:41,897 - INFO -   enable_module3: True
2026-04-10 09:42:41,897 - INFO -   epochs: 100
2026-04-10 09:42:41,897 - INFO -   exercise_dim: 128
2026-04-10 09:42:41,897 - INFO -   exercise_l2_lambda: 1e-05
2026-04-10 09:42:41,897 - INFO -   fusion_gate_bias_init: -2.4
2026-04-10 09:42:41,897 - INFO -   fusion_gate_max: 0.25
2026-04-10 09:42:41,897 - INFO -   generate_diagnosis: True
2026-04-10 09:42:41,897 - INFO -   gnn_residual_weight: 0.5
2026-04-10 09:42:41,897 - INFO -   gpu_candidates: None
2026-04-10 09:42:41,897 - INFO -   gpu_ids: None
2026-04-10 09:42:41,897 - INFO -   gpu_memory_threshold: 2000
2026-04-10 09:42:41,897 - INFO -   gpus: None
2026-04-10 09:42:41,897 - INFO -   graph_dropout: 0.0
2026-04-10 09:42:41,897 - INFO -   graph_entropy_max: 0.7
2026-04-10 09:42:41,897 - INFO -   graph_entropy_min: 0.15
2026-04-10 09:42:41,897 - INFO -   graph_reg_cap_ratio: 6.0
2026-04-10 09:42:41,897 - INFO -   graph_reg_warmup_epochs: 0
2026-04-10 09:42:41,897 - INFO -   graph_tau_init: 0.55
2026-04-10 09:42:41,897 - INFO -   graph_topk: 24
2026-04-10 09:42:41,898 - INFO -   graph_uniform_margin: 0.12
2026-04-10 09:42:41,898 - INFO -   knowledge_dim: 128
2026-04-10 09:42:41,898 - INFO -   lambda_alpha: 0.05
2026-04-10 09:42:41,898 - INFO -   lambda_alpha_min: 0.05
2026-04-10 09:42:41,898 - INFO -   lambda_b_id_budget: 0.06
2026-04-10 09:42:41,898 - INFO -   lambda_delta_ratio: 0.08
2026-04-10 09:42:41,898 - INFO -   lambda_graph_diag: 0.12
2026-04-10 09:42:41,898 - INFO -   lambda_graph_uniform: 0.06
2026-04-10 09:42:41,898 - INFO -   lambda_sparse: 0.6
2026-04-10 09:42:41,898 - INFO -   lambda_sparse_personal: 0.002
2026-04-10 09:42:41,898 - INFO -   learning_rate: 0.003
2026-04-10 09:42:41,898 - INFO -   log_dir: logs/abce_diag/20260410_072301/junyi/seed42/ae_dominant_B_q_only
2026-04-10 09:42:41,898 - INFO -   mf_warmup_epochs: 6
2026-04-10 09:42:41,898 - INFO -   min_exer_interactions: 0
2026-04-10 09:42:41,898 - INFO -   min_poison_count: 0
2026-04-10 09:42:41,898 - INFO -   min_stu_interactions: 15
2026-04-10 09:42:41,898 - INFO -   model_variant: junyi_abce_ae_dominant_B_q_only
2026-04-10 09:42:41,898 - INFO -   multi_gpu: False
2026-04-10 09:42:41,898 - INFO -   no_cuda: False
2026-04-10 09:42:41,898 - INFO -   num_gnn_layers: 2
2026-04-10 09:42:41,898 - INFO -   num_gpus: 1
2026-04-10 09:42:41,898 - INFO -   num_relation_heads: 2
2026-04-10 09:42:41,898 - INFO -   num_workers: 4
2026-04-10 09:42:41,898 - INFO -   patience: 1
2026-04-10 09:42:41,898 - INFO -   personal_delta_scale: 1.0
2026-04-10 09:42:41,898 - INFO -   personal_max_alpha: 0.35
2026-04-10 09:42:41,898 - INFO -   personal_rank: 4
2026-04-10 09:42:41,898 - INFO -   personal_student_dim: None
2026-04-10 09:42:41,899 - INFO -   personal_warmup_epochs: 0
2026-04-10 09:42:41,899 - INFO -   residual_clip_t: 2.0
2026-04-10 09:42:41,899 - INFO -   residual_scale_init: 0.06
2026-04-10 09:42:41,899 - INFO -   save_dir: checkpoints/abce_diag/20260410_072301/junyi/seed42/ae_dominant_B_q_only
2026-04-10 09:42:41,899 - INFO -   save_interval: 10
2026-04-10 09:42:41,899 - INFO -   seed: 42
2026-04-10 09:42:41,899 - INFO -   skill_dim: 64
2026-04-10 09:42:41,899 - INFO -   use_concept_graph: True
2026-04-10 09:42:41,899 - INFO -   use_exercise_graph: True
2026-04-10 09:42:41,899 - INFO -   use_mf_branch: True
2026-04-10 09:42:41,899 - INFO -   use_personal_graph: True
2026-04-10 09:42:41,899 - INFO -   use_q_aligned_residual: True
2026-04-10 09:42:41,899 - INFO -   use_q_conditioning: True
2026-04-10 09:42:41,899 - INFO -   use_skill_encoder: True
2026-04-10 09:42:41,899 - INFO -   weight_decay: 0.001
2026-04-10 09:42:41,990 - INFO - Using device: cuda:0
2026-04-10 09:42:41,990 - INFO - [junyi|junyi_abce_ae_dominant_B_q_only|lr=0.003|drop=0.40] Loading datasets...
2026-04-10 09:42:41,990 - INFO - [junyi|junyi_abce_ae_dominant_B_q_only|lr=0.003|drop=0.40] Regularization: graph_entropy(lambda_sparse)=0.600000, graph_diag=0.120000, graph_uniform=0.060000, personal_sparse=0.002000, alpha_penalty=0.050000, alpha_min=0.050000, delta_ratio=0.080000, mf_l2(exercise_l2_lambda)=0.000010
2026-04-10 09:42:41,990 - INFO - [junyi|junyi_abce_ae_dominant_B_q_only|lr=0.003|drop=0.40] Graph controls: entropy_band=[0.15, 0.70], uniform_margin=0.12, warmup_epochs=0, cap_ratio=6.00, graph_dropout=0.000, graph_tau_init=0.550
2026-04-10 09:42:41,990 - INFO - [junyi|junyi_abce_ae_dominant_B_q_only|lr=0.003|drop=0.40] Rescue controls: mf_warmup_epochs=6, delta_ratio_target=0.0800, personal_max_alpha=0.350, personal_delta_scale=1.000, personal_warmup_epochs=0, personal_student_dim=None, alpha_min_target=0.0200
2026-04-10 09:42:42,110 - INFO - [junyi] [数据清洗] 学生交互次数 < 15 次的学生：共移除 0 个学生（仅统计用户数）
2026-04-10 09:42:42,126 - INFO - [junyi] [数据清洗] 学生冷启动过滤：在 train/valid/test 中共删除 0 条记录。
2026-04-10 09:42:42,126 - INFO - [junyi] [数据清洗] 跳过题目冷门过滤（min_exer_interactions <= 0）。
2026-04-10 09:42:42,126 - INFO - [junyi] [数据清洗] 跳过毒题清洗（min_poison_count <= 0）。
2026-04-10 09:42:42,126 - INFO - [junyi] 正在构建ID映射...
2026-04-10 09:42:42,389 - INFO - [junyi] 正在构建Q矩阵...
2026-04-10 09:42:50,083 - INFO - [junyi] [统计] 开始统计清洗后每道题的概念数量分布...
2026-04-10 09:42:50,087 - INFO - [junyi] [Train] 概念数统计：题目数=702, 平均概念数=1.0000, min=1, max=1, 1概念=702 (100.00%), ≥2概念=0 (0.00%)
2026-04-10 09:42:50,087 - INFO - [junyi] [Train] 概念数直方图（概念数: 题目数量）: {1: 702}
2026-04-10 09:42:50,087 - INFO - [junyi] [Valid] 概念数统计：题目数=623, 平均概念数=1.0000, min=1, max=1, 1概念=623 (100.00%), ≥2概念=0 (0.00%)
2026-04-10 09:42:50,088 - INFO - [junyi] [Valid] 概念数直方图（概念数: 题目数量）: {1: 623}
2026-04-10 09:42:50,088 - INFO - [junyi] [Test] 概念数统计：题目数=673, 平均概念数=1.0000, min=1, max=1, 1概念=673 (100.00%), ≥2概念=0 (0.00%)
2026-04-10 09:42:50,088 - INFO - [junyi] [Test] 概念数直方图（概念数: 题目数量）: {1: 673}
2026-04-10 09:42:50,088 - INFO - [junyi] [统计] 概念数量统计完成。
2026-04-10 09:42:50,088 - INFO - [junyi] 正在加载数据集...
2026-04-10 09:42:50,183 - INFO - [junyi|junyi_abce_ae_dominant_B_q_only|lr=0.003|drop=0.40] Train samples: 262473, Val samples: 24299
2026-04-10 09:42:50,183 - INFO - [junyi|junyi_abce_ae_dominant_B_q_only|lr=0.003|drop=0.40] Number of students: 10000
2026-04-10 09:42:50,184 - INFO - [junyi|junyi_abce_ae_dominant_B_q_only|lr=0.003|drop=0.40] Number of exercises: 706
2026-04-10 09:42:50,184 - INFO - [junyi|junyi_abce_ae_dominant_B_q_only|lr=0.003|drop=0.40] Number of concepts: 706
2026-04-10 09:42:50,184 - INFO - [junyi|junyi_abce_ae_dominant_B_q_only|lr=0.003|drop=0.40] Creating model...
2026-04-10 09:42:50,184 - INFO - [junyi|junyi_abce_ae_dominant_B_q_only|lr=0.003|drop=0.40] Ablation switches: ablate_module1=False, ablate_module2=False, ablate_module3=False | enable_module1=True, enable_module2=True, enable_module3=True | use_mf_branch=True, use_concept_graph=True, use_q_aligned_residual=True | effective(num_gnn_layers=2)
2026-04-10 09:42:50,366 - INFO - [junyi|junyi_abce_ae_dominant_B_q_only|lr=0.003|drop=0.40] Ablation runtime check: args(ablate_module1=False,ablate_module2=False,ablate_module3=False) | model(enable_module1=True,enable_module2=True,enable_module3=True) | physical(has_knowledge_encoder=True,has_mf_branch=True)
2026-04-10 09:42:50,366 - INFO - [junyi|junyi_abce_ae_dominant_B_q_only|lr=0.003|drop=0.40] Debug diagnostics enabled: diag_batches=1
2026-04-10 09:42:50,387 - INFO - [junyi|junyi_abce_ae_dominant_B_q_only|lr=0.003|drop=0.40] [Module3 Init] fusion_gate_bias=-2.4000, fusion_gate_max=0.2500, implied_gate=0.0208, q_gate=0.5000, mf_scale=0.0000, bias_scale=0.2221, graph_tau_mean=1.0055, graph_tau_std=0.0000, graph_dropout=0.000
2026-04-10 09:42:50,387 - INFO - [junyi|junyi_abce_ae_dominant_B_q_only|lr=0.003|drop=0.40] Total parameters: 5,950,525
2026-04-10 09:42:50,387 - INFO - [junyi|junyi_abce_ae_dominant_B_q_only|lr=0.003|drop=0.40] Trainable parameters: 5,950,525
2026-04-10 09:42:51,245 - INFO - [junyi|junyi_abce_ae_dominant_B_q_only|lr=0.003|drop=0.40] Starting training...
2026-04-10 09:46:05,935 - INFO - [junyi|junyi_abce_ae_dominant_B_q_only|lr=0.003|drop=0.40] Epoch [001/100] | Train: Loss=0.5372, BCE=0.5207, Reg=0.0165, AUC=0.7873, ACC=0.7428, RMSE=0.4166 | Val: Loss=0.5248, BCE=0.5106, Reg=0.0142, AUC=0.7974, ACC=0.7562, RMSE=0.4100
2026-04-10 09:46:05,935 - INFO - [junyi|junyi_abce_ae_dominant_B_q_only|lr=0.003|drop=0.40] [Reg Terms] Epoch [001] | Train: graph_entropy=0.000000, graph_diag=0.002131, graph_uniform=0.006746, graph_reg_scale=1.0000, mf_l2=0.000000, delta_ratio=0.000000, personal_sparse=0.007563, alpha_var=-0.000160, alpha_collapse=0.000257, reg_bce_ratio=0.0318 | Val: graph_entropy=0.000000, graph_diag=0.000000, graph_uniform=0.006747, graph_reg_scale=1.0000, mf_l2=0.000000, delta_ratio=0.000000, personal_sparse=0.007179, alpha_var=-0.000039, alpha_collapse=0.000314, reg_bce_ratio=0.0278
2026-04-10 09:46:06,879 - INFO - [junyi|junyi_abce_ae_dominant_B_q_only|lr=0.003|drop=0.40] [Diag][M3] Epoch [001] | residual_abs_mean=0.0244, residual_std=0.0103, mf_abs_mean=0.0244, mf_std=0.0103, gate_mean=0.1066, gate_std=0.0027, q_interaction_abs_mean=0.1471, id_adapter_abs_mean=0.0000, bias_abs_mean=0.0000, B_q_share=1.0027, B_id_share=0.0000, B_bias_share=0.0000, student_q_norm=0.4807, student_id_adapter_norm=0.0000, item_q_norm=0.0443, item_id_adapter_norm=0.0000, irt_abs_mean=1.7253, irt_std=1.0206, delta_abs_mean=0.0026, delta_std=0.0011, delta_over_irt=0.0015, warmup(mf/personal)=0.17/1.00, graph_row_entropy=3.1781, graph_entropy_ratio=0.4845, alpha_mean=0.1636, alpha_std=0.0272, alpha_bias_std=0.0310, personal_row_entropy=3.5896, personal_matrix_delta=0.0000, personal_matrix_student_std=0.0000
2026-04-10 09:46:06,879 - INFO - [junyi|junyi_abce_ae_dominant_B_q_only|lr=0.003|drop=0.40] [Diag][Graph] Epoch [001] | entropy_ratio=0.4845, diag_mass=0.0000, to_uniform_l2=0.007551, to_identity_l2=0.038412, tau_mean=0.6931, tau_std=0.0000, graph_reg_scale(train/val)=1.0000/1.0000
2026-04-10 09:46:06,879 - INFO - [junyi|junyi_abce_ae_dominant_B_q_only|lr=0.003|drop=0.40] [Grad Norms] Epoch [001] | mf_u_proj=0.001364, mf_v_proj=0.002544, b_id_student_proj=0.000000, b_id_item_proj=0.000000, b_bias_scale=0.000000, fusion_gate=0.000200, q_gate_raw=0.000000, skill_latent=0.000000, student_q_proj=0.001292, item_id_adapter=0.000000, relation_emb=0.000000e+00, relation_tau=0.000000e+00, relation_wq=0.000000e+00, relation_wk=0.000000e+00, personal_u=0.000000e+00, personal_v=0.000000e+00, personal_alpha_bias=2.964484e-03, personal_gate_emb=5.350240e-13, personal_gate_student_proj=0.000000e+00, personal_gate_context_proj=0.000000e+00, personal_gate_student_direct=1.949980e-14, personal_gate_context_direct=1.499117e-04, personal_gate_out=2.369499e-20, personal_generator_emb=0.000000e+00, personal_generator_context_proj=0.000000e+00, personal_generator_context_hidden=0.000000e+00, personal_generator_context_to_u=0.000000e+00, personal_generator_context_to_v=0.000000e+00
2026-04-10 09:46:07,029 - INFO - [junyi|junyi_abce_ae_dominant_B_q_only|lr=0.003|drop=0.40] -> New best AUC=0.7974 at epoch 1
2026-04-10 09:49:21,424 - INFO - [junyi|junyi_abce_ae_dominant_B_q_only|lr=0.003|drop=0.40] Epoch [002/100] | Train: Loss=0.5268, BCE=0.5123, Reg=0.0145, AUC=0.7955, ACC=0.7496, RMSE=0.4124 | Val: Loss=0.5213, BCE=0.5065, Reg=0.0147, AUC=0.8012, ACC=0.7603, RMSE=0.4079
2026-04-10 09:49:21,424 - INFO - [junyi|junyi_abce_ae_dominant_B_q_only|lr=0.003|drop=0.40] [Reg Terms] Epoch [002] | Train: graph_entropy=0.000000, graph_diag=0.000000, graph_uniform=0.006747, graph_reg_scale=1.0000, mf_l2=0.000000, delta_ratio=0.000000, personal_sparse=0.007595, alpha_var=-0.000029, alpha_collapse=0.000215, reg_bce_ratio=0.0284 | Val: graph_entropy=0.000000, graph_diag=0.000000, graph_uniform=0.006747, graph_reg_scale=1.0000, mf_l2=0.000000, delta_ratio=0.000000, personal_sparse=0.007699, alpha_var=-0.000034, alpha_collapse=0.000338, reg_bce_ratio=0.0291
2026-04-10 09:49:22,495 - INFO - [junyi|junyi_abce_ae_dominant_B_q_only|lr=0.003|drop=0.40] [Diag][M3] Epoch [002] | residual_abs_mean=0.1058, residual_std=0.0443, mf_abs_mean=0.1058, mf_std=0.0443, gate_mean=0.1179, gate_std=0.0031, q_interaction_abs_mean=0.3212, id_adapter_abs_mean=0.0000, bias_abs_mean=0.0000, B_q_share=1.0126, B_id_share=0.0000, B_bias_share=0.0000, student_q_norm=0.8250, student_id_adapter_norm=0.0000, item_q_norm=0.0618, item_id_adapter_norm=0.0000, irt_abs_mean=1.7414, irt_std=1.0403, delta_abs_mean=0.0124, delta_std=0.0052, delta_over_irt=0.0071, warmup(mf/personal)=0.33/1.00, graph_row_entropy=3.1781, graph_entropy_ratio=0.4845, alpha_mean=0.1463, alpha_std=0.0260, alpha_bias_std=0.0407, personal_row_entropy=3.8494, personal_matrix_delta=0.0000, personal_matrix_student_std=0.0000
2026-04-10 09:49:22,495 - INFO - [junyi|junyi_abce_ae_dominant_B_q_only|lr=0.003|drop=0.40] [Diag][Graph] Epoch [002] | entropy_ratio=0.4845, diag_mass=0.0000, to_uniform_l2=0.007551, to_identity_l2=0.038412, tau_mean=0.6931, tau_std=0.0000, graph_reg_scale(train/val)=1.0000/1.0000
2026-04-10 09:49:22,495 - INFO - [junyi|junyi_abce_ae_dominant_B_q_only|lr=0.003|drop=0.40] [Grad Norms] Epoch [002] | mf_u_proj=0.001621, mf_v_proj=0.005176, b_id_student_proj=0.000000, b_id_item_proj=0.000000, b_bias_scale=0.000000, fusion_gate=0.000544, q_gate_raw=0.000000, skill_latent=0.000000, student_q_proj=0.001913, item_id_adapter=0.000000, relation_emb=4.468601e-16, relation_tau=1.401423e-12, relation_wq=1.161634e-16, relation_wk=7.149873e-16, personal_u=0.000000e+00, personal_v=0.000000e+00, personal_alpha_bias=2.953757e-03, personal_gate_emb=4.088647e-09, personal_gate_student_proj=1.123018e-22, personal_gate_context_proj=3.779115e-18, personal_gate_student_direct=8.416989e-08, personal_gate_context_direct=2.578950e-03, personal_gate_out=1.232244e-09, personal_generator_emb=0.000000e+00, personal_generator_context_proj=0.000000e+00, personal_generator_context_hidden=0.000000e+00, personal_generator_context_to_u=0.000000e+00, personal_generator_context_to_v=0.000000e+00
2026-04-10 09:49:23,063 - INFO - [junyi|junyi_abce_ae_dominant_B_q_only|lr=0.003|drop=0.40] -> New best AUC=0.8012 at epoch 2
2026-04-10 09:52:37,113 - INFO - [junyi|junyi_abce_ae_dominant_B_q_only|lr=0.003|drop=0.40] Epoch [003/100] | Train: Loss=0.5231, BCE=0.5084, Reg=0.0146, AUC=0.7992, ACC=0.7530, RMSE=0.4105 | Val: Loss=0.5172, BCE=0.5024, Reg=0.0147, AUC=0.8032, ACC=0.7627, RMSE=0.4062
2026-04-10 09:52:37,113 - INFO - [junyi|junyi_abce_ae_dominant_B_q_only|lr=0.003|drop=0.40] [Reg Terms] Epoch [003] | Train: graph_entropy=0.000000, graph_diag=0.000000, graph_uniform=0.006747, graph_reg_scale=1.0000, mf_l2=0.000000, delta_ratio=0.000000, personal_sparse=0.007696, alpha_var=-0.000029, alpha_collapse=0.000218, reg_bce_ratio=0.0288 | Val: graph_entropy=0.000000, graph_diag=0.000000, graph_uniform=0.006747, graph_reg_scale=1.0000, mf_l2=0.000000, delta_ratio=0.000000, personal_sparse=0.007701, alpha_var=-0.000035, alpha_collapse=0.000334, reg_bce_ratio=0.0294
2026-04-10 09:52:38,200 - INFO - [junyi|junyi_abce_ae_dominant_B_q_only|lr=0.003|drop=0.40] [Diag][M3] Epoch [003] | residual_abs_mean=0.1075, residual_std=0.0577, mf_abs_mean=0.1075, mf_std=0.0577, gate_mean=0.1067, gate_std=0.0095, q_interaction_abs_mean=0.2165, id_adapter_abs_mean=0.0000, bias_abs_mean=0.0000, B_q_share=1.0074, B_id_share=0.0000, B_bias_share=0.0000, student_q_norm=0.7679, student_id_adapter_norm=0.0000, item_q_norm=0.0615, item_id_adapter_norm=0.0000, irt_abs_mean=1.6351, irt_std=1.0383, delta_abs_mean=0.0113, delta_std=0.0059, delta_over_irt=0.0069, warmup(mf/personal)=0.50/1.00, graph_row_entropy=3.1781, graph_entropy_ratio=0.4845, alpha_mean=0.1409, alpha_std=0.0259, alpha_bias_std=0.0511, personal_row_entropy=3.8504, personal_matrix_delta=0.0000, personal_matrix_student_std=0.0000
2026-04-10 09:52:38,200 - INFO - [junyi|junyi_abce_ae_dominant_B_q_only|lr=0.003|drop=0.40] [Diag][Graph] Epoch [003] | entropy_ratio=0.4845, diag_mass=0.0000, to_uniform_l2=0.007551, to_identity_l2=0.038412, tau_mean=0.6931, tau_std=0.0000, graph_reg_scale(train/val)=1.0000/1.0000
2026-04-10 09:52:38,200 - INFO - [junyi|junyi_abce_ae_dominant_B_q_only|lr=0.003|drop=0.40] [Grad Norms] Epoch [003] | mf_u_proj=0.002697, mf_v_proj=0.009615, b_id_student_proj=0.000000, b_id_item_proj=0.000000, b_bias_scale=0.000000, fusion_gate=0.000368, q_gate_raw=0.000000, skill_latent=0.000000, student_q_proj=0.002644, item_id_adapter=0.000000, relation_emb=1.369579e-15, relation_tau=1.697891e-12, relation_wq=1.512546e-15, relation_wk=1.361318e-15, personal_u=0.000000e+00, personal_v=0.000000e+00, personal_alpha_bias=2.978022e-03, personal_gate_emb=4.474115e-10, personal_gate_student_proj=1.069405e-18, personal_gate_context_proj=3.659091e-14, personal_gate_student_direct=6.493920e-09, personal_gate_context_direct=2.221969e-04, personal_gate_out=9.342473e-10, personal_generator_emb=0.000000e+00, personal_generator_context_proj=0.000000e+00, personal_generator_context_hidden=0.000000e+00, personal_generator_context_to_u=0.000000e+00, personal_generator_context_to_v=0.000000e+00
2026-04-10 09:52:38,810 - INFO - [junyi|junyi_abce_ae_dominant_B_q_only|lr=0.003|drop=0.40] -> New best AUC=0.8032 at epoch 3
2026-04-10 09:55:52,933 - INFO - [junyi|junyi_abce_ae_dominant_B_q_only|lr=0.003|drop=0.40] Epoch [004/100] | Train: Loss=0.5217, BCE=0.5071, Reg=0.0146, AUC=0.8002, ACC=0.7540, RMSE=0.4098 | Val: Loss=0.5173, BCE=0.5025, Reg=0.0147, AUC=0.8049, ACC=0.7649, RMSE=0.4059
2026-04-10 09:55:52,933 - INFO - [junyi|junyi_abce_ae_dominant_B_q_only|lr=0.003|drop=0.40] [Reg Terms] Epoch [004] | Train: graph_entropy=0.000000, graph_diag=0.000000, graph_uniform=0.006747, graph_reg_scale=1.0000, mf_l2=0.000000, delta_ratio=0.000000, personal_sparse=0.007696, alpha_var=-0.000028, alpha_collapse=0.000214, reg_bce_ratio=0.0288 | Val: graph_entropy=0.000000, graph_diag=0.000000, graph_uniform=0.006747, graph_reg_scale=1.0000, mf_l2=0.000000, delta_ratio=0.000000, personal_sparse=0.007696, alpha_var=-0.000042, alpha_collapse=0.000344, reg_bce_ratio=0.0293
2026-04-10 09:55:53,847 - INFO - [junyi|junyi_abce_ae_dominant_B_q_only|lr=0.003|drop=0.40] [Diag][M3] Epoch [004] | residual_abs_mean=0.1802, residual_std=0.0808, mf_abs_mean=0.1802, mf_std=0.0808, gate_mean=0.1067, gate_std=0.0090, q_interaction_abs_mean=0.2729, id_adapter_abs_mean=0.0000, bias_abs_mean=0.0000, B_q_share=1.0096, B_id_share=0.0000, B_bias_share=0.0000, student_q_norm=0.8103, student_id_adapter_norm=0.0000, item_q_norm=0.0652, item_id_adapter_norm=0.0000, irt_abs_mean=1.7328, irt_std=1.0340, delta_abs_mean=0.0192, delta_std=0.0087, delta_over_irt=0.0111, warmup(mf/personal)=0.67/1.00, graph_row_entropy=3.1781, graph_entropy_ratio=0.4845, alpha_mean=0.1368, alpha_std=0.0295, alpha_bias_std=0.0402, personal_row_entropy=3.8482, personal_matrix_delta=0.0000, personal_matrix_student_std=0.0000
2026-04-10 09:55:53,847 - INFO - [junyi|junyi_abce_ae_dominant_B_q_only|lr=0.003|drop=0.40] [Diag][Graph] Epoch [004] | entropy_ratio=0.4845, diag_mass=0.0000, to_uniform_l2=0.007551, to_identity_l2=0.038412, tau_mean=0.6931, tau_std=0.0000, graph_reg_scale(train/val)=1.0000/1.0000
2026-04-10 09:55:53,847 - INFO - [junyi|junyi_abce_ae_dominant_B_q_only|lr=0.003|drop=0.40] [Grad Norms] Epoch [004] | mf_u_proj=0.002418, mf_v_proj=0.010081, b_id_student_proj=0.000000, b_id_item_proj=0.000000, b_bias_scale=0.000000, fusion_gate=0.001210, q_gate_raw=0.000000, skill_latent=0.000000, student_q_proj=0.002360, item_id_adapter=0.000000, relation_emb=7.475221e-15, relation_tau=5.439597e-12, relation_wq=4.882171e-15, relation_wk=4.610590e-15, personal_u=0.000000e+00, personal_v=0.000000e+00, personal_alpha_bias=2.993277e-03, personal_gate_emb=1.406609e-09, personal_gate_student_proj=1.197383e-17, personal_gate_context_proj=2.056427e-13, personal_gate_student_direct=5.536390e-09, personal_gate_context_direct=9.508379e-05, personal_gate_out=3.320411e-09, personal_generator_emb=0.000000e+00, personal_generator_context_proj=0.000000e+00, personal_generator_context_hidden=0.000000e+00, personal_generator_context_to_u=0.000000e+00, personal_generator_context_to_v=0.000000e+00
2026-04-10 09:55:54,376 - INFO - [junyi|junyi_abce_ae_dominant_B_q_only|lr=0.003|drop=0.40] -> New best AUC=0.8049 at epoch 4
2026-04-10 09:59:08,866 - INFO - [junyi|junyi_abce_ae_dominant_B_q_only|lr=0.003|drop=0.40] Epoch [005/100] | Train: Loss=0.5199, BCE=0.5053, Reg=0.0146, AUC=0.8021, ACC=0.7547, RMSE=0.4089 | Val: Loss=0.5144, BCE=0.4996, Reg=0.0147, AUC=0.8071, ACC=0.7656, RMSE=0.4042
2026-04-10 09:59:08,866 - INFO - [junyi|junyi_abce_ae_dominant_B_q_only|lr=0.003|drop=0.40] [Reg Terms] Epoch [005] | Train: graph_entropy=0.000000, graph_diag=0.000000, graph_uniform=0.006747, graph_reg_scale=1.0000, mf_l2=0.000000, delta_ratio=0.000000, personal_sparse=0.007695, alpha_var=-0.000028, alpha_collapse=0.000212, reg_bce_ratio=0.0289 | Val: graph_entropy=0.000000, graph_diag=0.000000, graph_uniform=0.006747, graph_reg_scale=1.0000, mf_l2=0.000000, delta_ratio=0.000000, personal_sparse=0.007692, alpha_var=-0.000038, alpha_collapse=0.000347, reg_bce_ratio=0.0295
2026-04-10 09:59:09,937 - INFO - [junyi|junyi_abce_ae_dominant_B_q_only|lr=0.003|drop=0.40] [Diag][M3] Epoch [005] | residual_abs_mean=0.2429, residual_std=0.0941, mf_abs_mean=0.2429, mf_std=0.0941, gate_mean=0.1190, gate_std=0.0029, q_interaction_abs_mean=0.2944, id_adapter_abs_mean=0.0000, bias_abs_mean=0.0000, B_q_share=1.0101, B_id_share=0.0000, B_bias_share=0.0000, student_q_norm=1.0383, student_id_adapter_norm=0.0000, item_q_norm=0.0749, item_id_adapter_norm=0.0000, irt_abs_mean=1.7167, irt_std=1.0851, delta_abs_mean=0.0289, delta_std=0.0112, delta_over_irt=0.0168, warmup(mf/personal)=0.83/1.00, graph_row_entropy=3.1781, graph_entropy_ratio=0.4845, alpha_mean=0.1369, alpha_std=0.0247, alpha_bias_std=0.0329, personal_row_entropy=3.8458, personal_matrix_delta=0.0000, personal_matrix_student_std=0.0000
2026-04-10 09:59:09,938 - INFO - [junyi|junyi_abce_ae_dominant_B_q_only|lr=0.003|drop=0.40] [Diag][Graph] Epoch [005] | entropy_ratio=0.4845, diag_mass=0.0000, to_uniform_l2=0.007551, to_identity_l2=0.038412, tau_mean=0.6931, tau_std=0.0000, graph_reg_scale(train/val)=1.0000/1.0000
2026-04-10 09:59:09,938 - INFO - [junyi|junyi_abce_ae_dominant_B_q_only|lr=0.003|drop=0.40] [Grad Norms] Epoch [005] | mf_u_proj=0.002413, mf_v_proj=0.007963, b_id_student_proj=0.000000, b_id_item_proj=0.000000, b_bias_scale=0.000000, fusion_gate=0.002748, q_gate_raw=0.000000, skill_latent=0.000000, student_q_proj=0.005671, item_id_adapter=0.000000, relation_emb=1.220002e-14, relation_tau=3.917941e-12, relation_wq=6.860808e-15, relation_wk=8.234665e-15, personal_u=0.000000e+00, personal_v=0.000000e+00, personal_alpha_bias=2.945213e-03, personal_gate_emb=5.705785e-09, personal_gate_student_proj=4.660816e-17, personal_gate_context_proj=6.222819e-13, personal_gate_student_direct=8.378271e-09, personal_gate_context_direct=1.118613e-04, personal_gate_out=8.632453e-10, personal_generator_emb=0.000000e+00, personal_generator_context_proj=0.000000e+00, personal_generator_context_hidden=0.000000e+00, personal_generator_context_to_u=0.000000e+00, personal_generator_context_to_v=0.000000e+00
2026-04-10 09:59:10,550 - INFO - [junyi|junyi_abce_ae_dominant_B_q_only|lr=0.003|drop=0.40] -> New best AUC=0.8071 at epoch 5
2026-04-10 10:02:24,564 - INFO - [junyi|junyi_abce_ae_dominant_B_q_only|lr=0.003|drop=0.40] Epoch [006/100] | Train: Loss=0.5196, BCE=0.5049, Reg=0.0146, AUC=0.8025, ACC=0.7553, RMSE=0.4088 | Val: Loss=0.5101, BCE=0.4954, Reg=0.0148, AUC=0.8084, ACC=0.7636, RMSE=0.4033
2026-04-10 10:02:24,564 - INFO - [junyi|junyi_abce_ae_dominant_B_q_only|lr=0.003|drop=0.40] [Reg Terms] Epoch [006] | Train: graph_entropy=0.000000, graph_diag=0.000000, graph_uniform=0.006747, graph_reg_scale=1.0000, mf_l2=0.000000, delta_ratio=0.000000, personal_sparse=0.007694, alpha_var=-0.000027, alpha_collapse=0.000211, reg_bce_ratio=0.0290 | Val: graph_entropy=0.000000, graph_diag=0.000000, graph_uniform=0.006747, graph_reg_scale=1.0000, mf_l2=0.000000, delta_ratio=0.000000, personal_sparse=0.007694, alpha_var=-0.000036, alpha_collapse=0.000350, reg_bce_ratio=0.0298
2026-04-10 10:02:25,659 - INFO - [junyi|junyi_abce_ae_dominant_B_q_only|lr=0.003|drop=0.40] [Diag][M3] Epoch [006] | residual_abs_mean=0.2017, residual_std=0.1171, mf_abs_mean=0.2017, mf_std=0.1171, gate_mean=0.0980, gate_std=0.0149, q_interaction_abs_mean=0.2031, id_adapter_abs_mean=0.0000, bias_abs_mean=0.0000, B_q_share=1.0069, B_id_share=0.0000, B_bias_share=0.0000, student_q_norm=1.0372, student_id_adapter_norm=0.0000, item_q_norm=0.0753, item_id_adapter_norm=0.0000, irt_abs_mean=1.5977, irt_std=1.0299, delta_abs_mean=0.0201, delta_std=0.0123, delta_over_irt=0.0126, warmup(mf/personal)=1.00/1.00, graph_row_entropy=3.1781, graph_entropy_ratio=0.4845, alpha_mean=0.1335, alpha_std=0.0266, alpha_bias_std=0.0364, personal_row_entropy=3.8470, personal_matrix_delta=0.0000, personal_matrix_student_std=0.0000
2026-04-10 10:02:25,659 - INFO - [junyi|junyi_abce_ae_dominant_B_q_only|lr=0.003|drop=0.40] [Diag][Graph] Epoch [006] | entropy_ratio=0.4845, diag_mass=0.0000, to_uniform_l2=0.007551, to_identity_l2=0.038412, tau_mean=0.6931, tau_std=0.0000, graph_reg_scale(train/val)=1.0000/1.0000
2026-04-10 10:02:25,659 - INFO - [junyi|junyi_abce_ae_dominant_B_q_only|lr=0.003|drop=0.40] [Grad Norms] Epoch [006] | mf_u_proj=0.005346, mf_v_proj=0.009801, b_id_student_proj=0.000000, b_id_item_proj=0.000000, b_bias_scale=0.000000, fusion_gate=0.000959, q_gate_raw=0.000000, skill_latent=0.000000, student_q_proj=0.005823, item_id_adapter=0.000000, relation_emb=2.233559e-14, relation_tau=2.386213e-12, relation_wq=1.576497e-14, relation_wk=1.496545e-14, personal_u=0.000000e+00, personal_v=0.000000e+00, personal_alpha_bias=2.934678e-03, personal_gate_emb=2.765898e-09, personal_gate_student_proj=1.110184e-17, personal_gate_context_proj=1.131686e-13, personal_gate_student_direct=1.067677e-08, personal_gate_context_direct=1.088361e-04, personal_gate_out=4.536910e-09, personal_generator_emb=0.000000e+00, personal_generator_context_proj=0.000000e+00, personal_generator_context_hidden=0.000000e+00, personal_generator_context_to_u=0.000000e+00, personal_generator_context_to_v=0.000000e+00
2026-04-10 10:02:26,220 - INFO - [junyi|junyi_abce_ae_dominant_B_q_only|lr=0.003|drop=0.40] -> New best AUC=0.8084 at epoch 6
2026-04-10 10:05:45,320 - INFO - [junyi|junyi_abce_ae_dominant_B_q_only|lr=0.003|drop=0.40] Epoch [007/100] | Train: Loss=0.5186, BCE=0.5040, Reg=0.0146, AUC=0.8033, ACC=0.7565, RMSE=0.4083 | Val: Loss=0.5152, BCE=0.5005, Reg=0.0148, AUC=0.8076, ACC=0.7654, RMSE=0.4051
2026-04-10 10:05:45,320 - INFO - [junyi|junyi_abce_ae_dominant_B_q_only|lr=0.003|drop=0.40] [Reg Terms] Epoch [007] | Train: graph_entropy=0.000000, graph_diag=0.000011, graph_uniform=0.006747, graph_reg_scale=1.0000, mf_l2=0.000000, delta_ratio=0.000000, personal_sparse=0.007695, alpha_var=-0.000029, alpha_collapse=0.000211, reg_bce_ratio=0.0290 | Val: graph_entropy=0.000000, graph_diag=0.000000, graph_uniform=0.006747, graph_reg_scale=1.0000, mf_l2=0.000000, delta_ratio=0.000000, personal_sparse=0.007702, alpha_var=-0.000038, alpha_collapse=0.000343, reg_bce_ratio=0.0295
2026-04-10 10:05:46,209 - INFO - [junyi|junyi_abce_ae_dominant_B_q_only|lr=0.003|drop=0.40] [Diag][M3] Epoch [007] | residual_abs_mean=0.2987, residual_std=0.1090, mf_abs_mean=0.2987, mf_std=0.1090, gate_mean=0.0948, gate_std=0.0157, q_interaction_abs_mean=0.3017, id_adapter_abs_mean=0.0000, bias_abs_mean=0.0000, B_q_share=1.0102, B_id_share=0.0000, B_bias_share=0.0000, student_q_norm=0.6912, student_id_adapter_norm=0.0000, item_q_norm=0.0728, item_id_adapter_norm=0.0000, irt_abs_mean=1.7091, irt_std=1.1095, delta_abs_mean=0.0284, delta_std=0.0115, delta_over_irt=0.0166, warmup(mf/personal)=1.00/1.00, graph_row_entropy=3.1781, graph_entropy_ratio=0.4845, alpha_mean=0.2075, alpha_std=0.0269, alpha_bias_std=0.0389, personal_row_entropy=3.8511, personal_matrix_delta=0.0000, personal_matrix_student_std=0.0000
2026-04-10 10:05:46,209 - INFO - [junyi|junyi_abce_ae_dominant_B_q_only|lr=0.003|drop=0.40] [Diag][Graph] Epoch [007] | entropy_ratio=0.4845, diag_mass=0.0000, to_uniform_l2=0.007551, to_identity_l2=0.038412, tau_mean=0.6931, tau_std=0.0000, graph_reg_scale(train/val)=1.0000/1.0000
2026-04-10 10:05:46,209 - INFO - [junyi|junyi_abce_ae_dominant_B_q_only|lr=0.003|drop=0.40] [Grad Norms] Epoch [007] | mf_u_proj=0.005008, mf_v_proj=0.008871, b_id_student_proj=0.000000, b_id_item_proj=0.000000, b_bias_scale=0.000000, fusion_gate=0.001491, q_gate_raw=0.000000, skill_latent=0.000000, student_q_proj=0.010075, item_id_adapter=0.000000, relation_emb=3.513558e-14, relation_tau=3.186219e-12, relation_wq=1.992951e-14, relation_wk=1.991155e-14, personal_u=0.000000e+00, personal_v=0.000000e+00, personal_alpha_bias=3.031182e-03, personal_gate_emb=3.253375e-07, personal_gate_student_proj=2.685942e-15, personal_gate_context_proj=2.582866e-11, personal_gate_student_direct=2.880225e-07, personal_gate_context_direct=2.769769e-03, personal_gate_out=7.260538e-08, personal_generator_emb=0.000000e+00, personal_generator_context_proj=0.000000e+00, personal_generator_context_hidden=0.000000e+00, personal_generator_context_to_u=0.000000e+00, personal_generator_context_to_v=0.000000e+00
2026-04-10 10:05:46,209 - INFO - [junyi|junyi_abce_ae_dominant_B_q_only|lr=0.003|drop=0.40] -> No improvement 1 epoch(s) (best AUC=0.8084 @ 6)
2026-04-10 10:08:59,760 - INFO - [junyi|junyi_abce_ae_dominant_B_q_only|lr=0.003|drop=0.40] Epoch [008/100] | Train: Loss=0.5183, BCE=0.5037, Reg=0.0146, AUC=0.8036, ACC=0.7565, RMSE=0.4082 | Val: Loss=0.5102, BCE=0.4955, Reg=0.0147, AUC=0.8084, ACC=0.7660, RMSE=0.4030
2026-04-10 10:08:59,761 - INFO - [junyi|junyi_abce_ae_dominant_B_q_only|lr=0.003|drop=0.40] [Reg Terms] Epoch [008] | Train: graph_entropy=0.000000, graph_diag=0.000010, graph_uniform=0.006747, graph_reg_scale=1.0000, mf_l2=0.000000, delta_ratio=0.000000, personal_sparse=0.007694, alpha_var=-0.000029, alpha_collapse=0.000214, reg_bce_ratio=0.0291 | Val: graph_entropy=0.000000, graph_diag=0.000000, graph_uniform=0.006747, graph_reg_scale=1.0000, mf_l2=0.000000, delta_ratio=0.000000, personal_sparse=0.007694, alpha_var=-0.000035, alpha_collapse=0.000311, reg_bce_ratio=0.0297
2026-04-10 10:09:00,869 - INFO - [junyi|junyi_abce_ae_dominant_B_q_only|lr=0.003|drop=0.40] [Diag][M3] Epoch [008] | residual_abs_mean=0.3481, residual_std=0.1047, mf_abs_mean=0.3481, mf_std=0.1047, gate_mean=0.1049, gate_std=0.0097, q_interaction_abs_mean=0.3526, id_adapter_abs_mean=0.0000, bias_abs_mean=0.0000, B_q_share=1.0128, B_id_share=0.0000, B_bias_share=0.0000, student_q_norm=0.7279, student_id_adapter_norm=0.0000, item_q_norm=0.0729, item_id_adapter_norm=0.0000, irt_abs_mean=1.6854, irt_std=1.0750, delta_abs_mean=0.0366, delta_std=0.0117, delta_over_irt=0.0217, warmup(mf/personal)=1.00/1.00, graph_row_entropy=3.1781, graph_entropy_ratio=0.4845, alpha_mean=0.2100, alpha_std=0.0261, alpha_bias_std=0.0328, personal_row_entropy=3.8468, personal_matrix_delta=0.0000, personal_matrix_student_std=0.0000
2026-04-10 10:09:00,869 - INFO - [junyi|junyi_abce_ae_dominant_B_q_only|lr=0.003|drop=0.40] [Diag][Graph] Epoch [008] | entropy_ratio=0.4845, diag_mass=0.0000, to_uniform_l2=0.007551, to_identity_l2=0.038412, tau_mean=0.6931, tau_std=0.0000, graph_reg_scale(train/val)=1.0000/1.0000
2026-04-10 10:09:00,869 - INFO - [junyi|junyi_abce_ae_dominant_B_q_only|lr=0.003|drop=0.40] [Grad Norms] Epoch [008] | mf_u_proj=0.004518, mf_v_proj=0.011056, b_id_student_proj=0.000000, b_id_item_proj=0.000000, b_bias_scale=0.000000, fusion_gate=0.002913, q_gate_raw=0.000000, skill_latent=0.000000, student_q_proj=0.002523, item_id_adapter=0.000000, relation_emb=1.195979e-13, relation_tau=5.927756e-12, relation_wq=7.580710e-14, relation_wk=8.155968e-14, personal_u=0.000000e+00, personal_v=0.000000e+00, personal_alpha_bias=1.382395e-04, personal_gate_emb=4.736270e-09, personal_gate_student_proj=3.084501e-16, personal_gate_context_proj=2.414340e-12, personal_gate_student_direct=1.644674e-08, personal_gate_context_direct=1.287341e-04, personal_gate_out=4.555549e-09, personal_generator_emb=0.000000e+00, personal_generator_context_proj=0.000000e+00, personal_generator_context_hidden=0.000000e+00, personal_generator_context_to_u=0.000000e+00, personal_generator_context_to_v=0.000000e+00
2026-04-10 10:09:01,438 - INFO - [junyi|junyi_abce_ae_dominant_B_q_only|lr=0.003|drop=0.40] -> New best AUC=0.8084 at epoch 8
2026-04-10 10:12:14,839 - INFO - [junyi|junyi_abce_ae_dominant_B_q_only|lr=0.003|drop=0.40] Epoch [009/100] | Train: Loss=0.5062, BCE=0.4919, Reg=0.0144, AUC=0.8147, ACC=0.7644, RMSE=0.4022 | Val: Loss=0.5026, BCE=0.4892, Reg=0.0134, AUC=0.8160, ACC=0.7691, RMSE=0.4003
2026-04-10 10:12:14,839 - INFO - [junyi|junyi_abce_ae_dominant_B_q_only|lr=0.003|drop=0.40] [Reg Terms] Epoch [009] | Train: graph_entropy=0.000000, graph_diag=0.000000, graph_uniform=0.006747, graph_reg_scale=1.0000, mf_l2=0.000000, delta_ratio=0.000000, personal_sparse=0.007428, alpha_var=-0.000028, alpha_collapse=0.000220, reg_bce_ratio=0.0292 | Val: graph_entropy=0.000000, graph_diag=0.000000, graph_uniform=0.006747, graph_reg_scale=1.0000, mf_l2=0.000000, delta_ratio=0.000000, personal_sparse=0.006356, alpha_var=-0.000035, alpha_collapse=0.000351, reg_bce_ratio=0.0274
2026-04-10 10:12:15,729 - INFO - [junyi|junyi_abce_ae_dominant_B_q_only|lr=0.003|drop=0.40] [Diag][M3] Epoch [009] | residual_abs_mean=0.2233, residual_std=0.1217, mf_abs_mean=0.2233, mf_std=0.1217, gate_mean=0.1001, gate_std=0.0131, q_interaction_abs_mean=0.2251, id_adapter_abs_mean=0.0000, bias_abs_mean=0.0000, B_q_share=1.0079, B_id_share=0.0000, B_bias_share=0.0000, student_q_norm=0.5592, student_id_adapter_norm=0.0000, item_q_norm=0.0576, item_id_adapter_norm=0.0000, irt_abs_mean=1.6970, irt_std=1.0684, delta_abs_mean=0.0226, delta_std=0.0129, delta_over_irt=0.0133, warmup(mf/personal)=1.00/1.00, graph_row_entropy=3.1781, graph_entropy_ratio=0.4845, alpha_mean=0.2075, alpha_std=0.0250, alpha_bias_std=0.0349, personal_row_entropy=3.1782, personal_matrix_delta=0.0000, personal_matrix_student_std=0.0000
2026-04-10 10:12:15,729 - INFO - [junyi|junyi_abce_ae_dominant_B_q_only|lr=0.003|drop=0.40] [Diag][Graph] Epoch [009] | entropy_ratio=0.4845, diag_mass=0.0000, to_uniform_l2=0.007551, to_identity_l2=0.038412, tau_mean=0.6931, tau_std=0.0000, graph_reg_scale(train/val)=1.0000/1.0000
2026-04-10 10:12:15,729 - INFO - [junyi|junyi_abce_ae_dominant_B_q_only|lr=0.003|drop=0.40] [Grad Norms] Epoch [009] | mf_u_proj=0.007172, mf_v_proj=0.013802, b_id_student_proj=0.000000, b_id_item_proj=0.000000, b_bias_scale=0.000000, fusion_gate=0.002115, q_gate_raw=0.000000, skill_latent=0.000000, student_q_proj=0.006260, item_id_adapter=0.000000, relation_emb=0.000000e+00, relation_tau=0.000000e+00, relation_wq=0.000000e+00, relation_wk=0.000000e+00, personal_u=0.000000e+00, personal_v=0.000000e+00, personal_alpha_bias=3.021252e-03, personal_gate_emb=0.000000e+00, personal_gate_student_proj=0.000000e+00, personal_gate_context_proj=0.000000e+00, personal_gate_student_direct=0.000000e+00, personal_gate_context_direct=3.467005e-03, personal_gate_out=0.000000e+00, personal_generator_emb=0.000000e+00, personal_generator_context_proj=0.000000e+00, personal_generator_context_hidden=0.000000e+00, personal_generator_context_to_u=0.000000e+00, personal_generator_context_to_v=0.000000e+00
2026-04-10 10:12:16,266 - INFO - [junyi|junyi_abce_ae_dominant_B_q_only|lr=0.003|drop=0.40] -> New best AUC=0.8160 at epoch 9
2026-04-10 10:15:34,657 - INFO - [junyi|junyi_abce_ae_dominant_B_q_only|lr=0.003|drop=0.40] Epoch [010/100] | Train: Loss=0.5014, BCE=0.4878, Reg=0.0136, AUC=0.8182, ACC=0.7671, RMSE=0.4003 | Val: Loss=0.5004, BCE=0.4858, Reg=0.0147, AUC=0.8171, ACC=0.7720, RMSE=0.3982
2026-04-10 10:15:34,657 - INFO - [junyi|junyi_abce_ae_dominant_B_q_only|lr=0.003|drop=0.40] [Reg Terms] Epoch [010] | Train: graph_entropy=0.000000, graph_diag=0.000005, graph_uniform=0.006747, graph_reg_scale=1.0000, mf_l2=0.000000, delta_ratio=0.000000, personal_sparse=0.006665, alpha_var=-0.000028, alpha_collapse=0.000215, reg_bce_ratio=0.0279 | Val: graph_entropy=0.000000, graph_diag=0.000000, graph_uniform=0.006747, graph_reg_scale=1.0000, mf_l2=0.000000, delta_ratio=0.000000, personal_sparse=0.007612, alpha_var=-0.000035, alpha_collapse=0.000350, reg_bce_ratio=0.0302
2026-04-10 10:15:35,761 - INFO - [junyi|junyi_abce_ae_dominant_B_q_only|lr=0.003|drop=0.40] [Diag][M3] Epoch [010] | residual_abs_mean=0.3357, residual_std=0.1192, mf_abs_mean=0.3357, mf_std=0.1192, gate_mean=0.1056, gate_std=0.0093, q_interaction_abs_mean=0.3400, id_adapter_abs_mean=0.0000, bias_abs_mean=0.0000, B_q_share=1.0127, B_id_share=0.0000, B_bias_share=0.0000, student_q_norm=0.6598, student_id_adapter_norm=0.0000, item_q_norm=0.0590, item_id_adapter_norm=0.0000, irt_abs_mean=1.7130, irt_std=1.0906, delta_abs_mean=0.0352, delta_std=0.0128, delta_over_irt=0.0206, warmup(mf/personal)=1.00/1.00, graph_row_entropy=3.1781, graph_entropy_ratio=0.4845, alpha_mean=0.2081, alpha_std=0.0257, alpha_bias_std=0.0324, personal_row_entropy=3.8059, personal_matrix_delta=0.0000, personal_matrix_student_std=0.0000
2026-04-10 10:15:35,761 - INFO - [junyi|junyi_abce_ae_dominant_B_q_only|lr=0.003|drop=0.40] [Diag][Graph] Epoch [010] | entropy_ratio=0.4845, diag_mass=0.0000, to_uniform_l2=0.007551, to_identity_l2=0.038412, tau_mean=0.6931, tau_std=0.0000, graph_reg_scale(train/val)=1.0000/1.0000
2026-04-10 10:15:35,762 - INFO - [junyi|junyi_abce_ae_dominant_B_q_only|lr=0.003|drop=0.40] [Grad Norms] Epoch [010] | mf_u_proj=0.004646, mf_v_proj=0.011648, b_id_student_proj=0.000000, b_id_item_proj=0.000000, b_bias_scale=0.000000, fusion_gate=0.004069, q_gate_raw=0.000000, skill_latent=0.000000, student_q_proj=0.004768, item_id_adapter=0.000000, relation_emb=6.632811e-15, relation_tau=2.369189e-14, relation_wq=3.832176e-15, relation_wk=3.879517e-15, personal_u=0.000000e+00, personal_v=0.000000e+00, personal_alpha_bias=3.035379e-03, personal_gate_emb=6.050430e-10, personal_gate_student_proj=6.583262e-18, personal_gate_context_proj=2.857318e-13, personal_gate_student_direct=3.967290e-09, personal_gate_context_direct=1.721913e-04, personal_gate_out=7.420442e-10, personal_generator_emb=0.000000e+00, personal_generator_context_proj=0.000000e+00, personal_generator_context_hidden=0.000000e+00, personal_generator_context_to_u=0.000000e+00, personal_generator_context_to_v=0.000000e+00
2026-04-10 10:15:36,287 - INFO - [junyi|junyi_abce_ae_dominant_B_q_only|lr=0.003|drop=0.40] -> New best AUC=0.8171 at epoch 10
2026-04-10 10:15:36,422 - INFO - [junyi|junyi_abce_ae_dominant_B_q_only|lr=0.003|drop=0.40] Checkpoint saved: checkpoints/abce_diag/20260410_072301/junyi/seed42/ae_dominant_B_q_only/checkpoint_epoch_10.pth
2026-04-10 10:15:36,692 - INFO - [junyi|junyi_abce_ae_dominant_B_q_only|lr=0.003|drop=0.40] [Module Activity] Epoch 10: Graph[OK] Personal[X] MF[OK]
2026-04-10 10:18:49,918 - INFO - [junyi|junyi_abce_ae_dominant_B_q_only|lr=0.003|drop=0.40] Epoch [011/100] | Train: Loss=0.5009, BCE=0.4862, Reg=0.0146, AUC=0.8197, ACC=0.7680, RMSE=0.3995 | Val: Loss=0.5023, BCE=0.4875, Reg=0.0148, AUC=0.8176, ACC=0.7744, RMSE=0.3981
2026-04-10 10:18:49,919 - INFO - [junyi|junyi_abce_ae_dominant_B_q_only|lr=0.003|drop=0.40] [Reg Terms] Epoch [011] | Train: graph_entropy=0.000000, graph_diag=0.000005, graph_uniform=0.006747, graph_reg_scale=1.0000, mf_l2=0.000000, delta_ratio=0.000000, personal_sparse=0.007684, alpha_var=-0.000027, alpha_collapse=0.000212, reg_bce_ratio=0.0301 | Val: graph_entropy=0.000000, graph_diag=0.000000, graph_uniform=0.006747, graph_reg_scale=1.0000, mf_l2=0.000000, delta_ratio=0.000000, personal_sparse=0.007692, alpha_var=-0.000038, alpha_collapse=0.000349, reg_bce_ratio=0.0303
2026-04-10 10:18:50,897 - INFO - [junyi|junyi_abce_ae_dominant_B_q_only|lr=0.003|drop=0.40] [Diag][M3] Epoch [011] | residual_abs_mean=0.3658, residual_std=0.0815, mf_abs_mean=0.3658, mf_std=0.0815, gate_mean=0.1032, gate_std=0.0107, q_interaction_abs_mean=0.3705, id_adapter_abs_mean=0.0000, bias_abs_mean=0.0000, B_q_share=1.0128, B_id_share=0.0000, B_bias_share=0.0000, student_q_norm=0.7741, student_id_adapter_norm=0.0000, item_q_norm=0.0592, item_id_adapter_norm=0.0000, irt_abs_mean=1.8529, irt_std=1.1172, delta_abs_mean=0.0376, delta_std=0.0089, delta_over_irt=0.0203, warmup(mf/personal)=1.00/1.00, graph_row_entropy=3.1781, graph_entropy_ratio=0.4845, alpha_mean=0.2076, alpha_std=0.0269, alpha_bias_std=0.0394, personal_row_entropy=3.8462, personal_matrix_delta=0.0000, personal_matrix_student_std=0.0000
2026-04-10 10:18:50,897 - INFO - [junyi|junyi_abce_ae_dominant_B_q_only|lr=0.003|drop=0.40] [Diag][Graph] Epoch [011] | entropy_ratio=0.4845, diag_mass=0.0000, to_uniform_l2=0.007551, to_identity_l2=0.038412, tau_mean=0.6931, tau_std=0.0000, graph_reg_scale(train/val)=1.0000/1.0000
2026-04-10 10:18:50,898 - INFO - [junyi|junyi_abce_ae_dominant_B_q_only|lr=0.003|drop=0.40] [Grad Norms] Epoch [011] | mf_u_proj=0.004901, mf_v_proj=0.009635, b_id_student_proj=0.000000, b_id_item_proj=0.000000, b_bias_scale=0.000000, fusion_gate=0.002945, q_gate_raw=0.000000, skill_latent=0.000000, student_q_proj=0.005538, item_id_adapter=0.000000, relation_emb=1.639827e-14, relation_tau=1.458650e-12, relation_wq=9.484866e-15, relation_wk=9.413129e-15, personal_u=0.000000e+00, personal_v=0.000000e+00, personal_alpha_bias=2.948168e-03, personal_gate_emb=8.530786e-09, personal_gate_student_proj=1.620549e-16, personal_gate_context_proj=2.479523e-12, personal_gate_student_direct=7.852488e-09, personal_gate_context_direct=1.201465e-04, personal_gate_out=4.751815e-09, personal_generator_emb=0.000000e+00, personal_generator_context_proj=0.000000e+00, personal_generator_context_hidden=0.000000e+00, personal_generator_context_to_u=0.000000e+00, personal_generator_context_to_v=0.000000e+00
2026-04-10 10:18:51,486 - INFO - [junyi|junyi_abce_ae_dominant_B_q_only|lr=0.003|drop=0.40] -> New best AUC=0.8176 at epoch 11
2026-04-10 10:22:04,852 - INFO - [junyi|junyi_abce_ae_dominant_B_q_only|lr=0.003|drop=0.40] Epoch [012/100] | Train: Loss=0.4996, BCE=0.4850, Reg=0.0146, AUC=0.8207, ACC=0.7688, RMSE=0.3990 | Val: Loss=0.5021, BCE=0.4874, Reg=0.0148, AUC=0.8177, ACC=0.7718, RMSE=0.3986
2026-04-10 10:22:04,852 - INFO - [junyi|junyi_abce_ae_dominant_B_q_only|lr=0.003|drop=0.40] [Reg Terms] Epoch [012] | Train: graph_entropy=0.000000, graph_diag=0.000000, graph_uniform=0.006747, graph_reg_scale=1.0000, mf_l2=0.000000, delta_ratio=0.000000, personal_sparse=0.007692, alpha_var=-0.000027, alpha_collapse=0.000210, reg_bce_ratio=0.0301 | Val: graph_entropy=0.000000, graph_diag=0.000000, graph_uniform=0.006747, graph_reg_scale=1.0000, mf_l2=0.000000, delta_ratio=0.000000, personal_sparse=0.007700, alpha_var=-0.000038, alpha_collapse=0.000344, reg_bce_ratio=0.0303
2026-04-10 10:22:06,049 - INFO - [junyi|junyi_abce_ae_dominant_B_q_only|lr=0.003|drop=0.40] [Diag][M3] Epoch [012] | residual_abs_mean=0.2238, residual_std=0.1178, mf_abs_mean=0.2238, mf_std=0.1178, gate_mean=0.0914, gate_std=0.0188, q_interaction_abs_mean=0.2255, id_adapter_abs_mean=0.0000, bias_abs_mean=0.0000, B_q_share=1.0077, B_id_share=0.0000, B_bias_share=0.0000, student_q_norm=0.7218, student_id_adapter_norm=0.0000, item_q_norm=0.0588, item_id_adapter_norm=0.0000, irt_abs_mean=1.7969, irt_std=1.1087, delta_abs_mean=0.0202, delta_std=0.0116, delta_over_irt=0.0112, warmup(mf/personal)=1.00/1.00, graph_row_entropy=3.1781, graph_entropy_ratio=0.4845, alpha_mean=0.2079, alpha_std=0.0273, alpha_bias_std=0.0416, personal_row_entropy=3.8498, personal_matrix_delta=0.0000, personal_matrix_student_std=0.0000
2026-04-10 10:22:06,050 - INFO - [junyi|junyi_abce_ae_dominant_B_q_only|lr=0.003|drop=0.40] [Diag][Graph] Epoch [012] | entropy_ratio=0.4845, diag_mass=0.0000, to_uniform_l2=0.007551, to_identity_l2=0.038412, tau_mean=0.6931, tau_std=0.0000, graph_reg_scale(train/val)=1.0000/1.0000
2026-04-10 10:22:06,050 - INFO - [junyi|junyi_abce_ae_dominant_B_q_only|lr=0.003|drop=0.40] [Grad Norms] Epoch [012] | mf_u_proj=0.004483, mf_v_proj=0.014432, b_id_student_proj=0.000000, b_id_item_proj=0.000000, b_bias_scale=0.000000, fusion_gate=0.002206, q_gate_raw=0.000000, skill_latent=0.000000, student_q_proj=0.005719, item_id_adapter=0.000000, relation_emb=6.620201e-15, relation_tau=5.970180e-12, relation_wq=3.363802e-15, relation_wk=3.398705e-15, personal_u=0.000000e+00, personal_v=0.000000e+00, personal_alpha_bias=2.938110e-03, personal_gate_emb=8.269680e-09, personal_gate_student_proj=2.306099e-16, personal_gate_context_proj=4.632496e-12, personal_gate_student_direct=7.004036e-09, personal_gate_context_direct=1.406971e-04, personal_gate_out=3.884448e-09, personal_generator_emb=0.000000e+00, personal_generator_context_proj=0.000000e+00, personal_generator_context_hidden=0.000000e+00, personal_generator_context_to_u=0.000000e+00, personal_generator_context_to_v=0.000000e+00
2026-04-10 10:22:06,644 - INFO - [junyi|junyi_abce_ae_dominant_B_q_only|lr=0.003|drop=0.40] -> New best AUC=0.8177 at epoch 12
2026-04-10 10:25:25,552 - INFO - [junyi|junyi_abce_ae_dominant_B_q_only|lr=0.003|drop=0.40] Epoch [013/100] | Train: Loss=0.4865, BCE=0.4721, Reg=0.0144, AUC=0.8317, ACC=0.7780, RMSE=0.3925 | Val: Loss=0.4955, BCE=0.4821, Reg=0.0134, AUC=0.8222, ACC=0.7721, RMSE=0.3970
2026-04-10 10:25:25,552 - INFO - [junyi|junyi_abce_ae_dominant_B_q_only|lr=0.003|drop=0.40] [Reg Terms] Epoch [013] | Train: graph_entropy=0.000000, graph_diag=0.000000, graph_uniform=0.006747, graph_reg_scale=1.0000, mf_l2=0.000000, delta_ratio=0.000000, personal_sparse=0.007446, alpha_var=-0.000027, alpha_collapse=0.000214, reg_bce_ratio=0.0305 | Val: graph_entropy=0.000000, graph_diag=0.000000, graph_uniform=0.006747, graph_reg_scale=1.0000, mf_l2=0.000000, delta_ratio=0.000000, personal_sparse=0.006356, alpha_var=-0.000037, alpha_collapse=0.000335, reg_bce_ratio=0.0278
2026-04-10 10:25:26,605 - INFO - [junyi|junyi_abce_ae_dominant_B_q_only|lr=0.003|drop=0.40] [Diag][M3] Epoch [013] | residual_abs_mean=0.2855, residual_std=0.1068, mf_abs_mean=0.2855, mf_std=0.1068, gate_mean=0.1021, gate_std=0.0123, q_interaction_abs_mean=0.2882, id_adapter_abs_mean=0.0000, bias_abs_mean=0.0000, B_q_share=1.0095, B_id_share=0.0000, B_bias_share=0.0000, student_q_norm=0.6233, student_id_adapter_norm=0.0000, item_q_norm=0.0463, item_id_adapter_norm=0.0000, irt_abs_mean=1.7820, irt_std=1.0964, delta_abs_mean=0.0291, delta_std=0.0115, delta_over_irt=0.0163, warmup(mf/personal)=1.00/1.00, graph_row_entropy=3.1781, graph_entropy_ratio=0.4845, alpha_mean=0.2073, alpha_std=0.0260, alpha_bias_std=0.0373, personal_row_entropy=3.1782, personal_matrix_delta=0.0000, personal_matrix_student_std=0.0000
2026-04-10 10:25:26,605 - INFO - [junyi|junyi_abce_ae_dominant_B_q_only|lr=0.003|drop=0.40] [Diag][Graph] Epoch [013] | entropy_ratio=0.4845, diag_mass=0.0000, to_uniform_l2=0.007551, to_identity_l2=0.038412, tau_mean=0.6931, tau_std=0.0000, graph_reg_scale(train/val)=1.0000/1.0000
2026-04-10 10:25:26,605 - INFO - [junyi|junyi_abce_ae_dominant_B_q_only|lr=0.003|drop=0.40] [Grad Norms] Epoch [013] | mf_u_proj=0.008192, mf_v_proj=0.014965, b_id_student_proj=0.000000, b_id_item_proj=0.000000, b_bias_scale=0.000000, fusion_gate=0.001679, q_gate_raw=0.000000, skill_latent=0.000000, student_q_proj=0.017853, item_id_adapter=0.000000, relation_emb=0.000000e+00, relation_tau=0.000000e+00, relation_wq=0.000000e+00, relation_wk=0.000000e+00, personal_u=0.000000e+00, personal_v=0.000000e+00, personal_alpha_bias=2.954318e-03, personal_gate_emb=0.000000e+00, personal_gate_student_proj=0.000000e+00, personal_gate_context_proj=0.000000e+00, personal_gate_student_direct=0.000000e+00, personal_gate_context_direct=1.732431e-04, personal_gate_out=0.000000e+00, personal_generator_emb=0.000000e+00, personal_generator_context_proj=0.000000e+00, personal_generator_context_hidden=0.000000e+00, personal_generator_context_to_u=0.000000e+00, personal_generator_context_to_v=0.000000e+00
2026-04-10 10:25:27,172 - INFO - [junyi|junyi_abce_ae_dominant_B_q_only|lr=0.003|drop=0.40] -> New best AUC=0.8222 at epoch 13
2026-04-10 10:28:47,324 - INFO - [junyi|junyi_abce_ae_dominant_B_q_only|lr=0.003|drop=0.40] Epoch [014/100] | Train: Loss=0.4822, BCE=0.4689, Reg=0.0133, AUC=0.8341, ACC=0.7797, RMSE=0.3910 | Val: Loss=0.4974, BCE=0.4839, Reg=0.0134, AUC=0.8218, ACC=0.7744, RMSE=0.3968
2026-04-10 10:28:47,324 - INFO - [junyi|junyi_abce_ae_dominant_B_q_only|lr=0.003|drop=0.40] [Reg Terms] Epoch [014] | Train: graph_entropy=0.000000, graph_diag=0.000005, graph_uniform=0.006747, graph_reg_scale=1.0000, mf_l2=0.000000, delta_ratio=0.000000, personal_sparse=0.006356, alpha_var=-0.000027, alpha_collapse=0.000211, reg_bce_ratio=0.0283 | Val: graph_entropy=0.000000, graph_diag=0.000000, graph_uniform=0.006747, graph_reg_scale=1.0000, mf_l2=0.000000, delta_ratio=0.000000, personal_sparse=0.006356, alpha_var=-0.000037, alpha_collapse=0.000349, reg_bce_ratio=0.0277
2026-04-10 10:28:48,459 - INFO - [junyi|junyi_abce_ae_dominant_B_q_only|lr=0.003|drop=0.40] [Diag][M3] Epoch [014] | residual_abs_mean=0.2284, residual_std=0.1291, mf_abs_mean=0.2284, mf_std=0.1291, gate_mean=0.0955, gate_std=0.0149, q_interaction_abs_mean=0.2304, id_adapter_abs_mean=0.0000, bias_abs_mean=0.0000, B_q_share=1.0086, B_id_share=0.0000, B_bias_share=0.0000, student_q_norm=0.6830, student_id_adapter_norm=0.0000, item_q_norm=0.0427, item_id_adapter_norm=0.0000, irt_abs_mean=1.8306, irt_std=1.1615, delta_abs_mean=0.0219, delta_std=0.0130, delta_over_irt=0.0120, warmup(mf/personal)=1.00/1.00, graph_row_entropy=3.1781, graph_entropy_ratio=0.4845, alpha_mean=0.2096, alpha_std=0.0270, alpha_bias_std=0.0386, personal_row_entropy=3.1782, personal_matrix_delta=0.0000, personal_matrix_student_std=0.0000
2026-04-10 10:28:48,459 - INFO - [junyi|junyi_abce_ae_dominant_B_q_only|lr=0.003|drop=0.40] [Diag][Graph] Epoch [014] | entropy_ratio=0.4845, diag_mass=0.0000, to_uniform_l2=0.007551, to_identity_l2=0.038412, tau_mean=0.6931, tau_std=0.0000, graph_reg_scale(train/val)=1.0000/1.0000
2026-04-10 10:28:48,459 - INFO - [junyi|junyi_abce_ae_dominant_B_q_only|lr=0.003|drop=0.40] [Grad Norms] Epoch [014] | mf_u_proj=0.002334, mf_v_proj=0.009564, b_id_student_proj=0.000000, b_id_item_proj=0.000000, b_bias_scale=0.000000, fusion_gate=0.001483, q_gate_raw=0.000000, skill_latent=0.000000, student_q_proj=0.002429, item_id_adapter=0.000000, relation_emb=0.000000e+00, relation_tau=0.000000e+00, relation_wq=0.000000e+00, relation_wk=0.000000e+00, personal_u=0.000000e+00, personal_v=0.000000e+00, personal_alpha_bias=2.974399e-03, personal_gate_emb=0.000000e+00, personal_gate_student_proj=0.000000e+00, personal_gate_context_proj=0.000000e+00, personal_gate_student_direct=0.000000e+00, personal_gate_context_direct=3.194651e-03, personal_gate_out=0.000000e+00, personal_generator_emb=0.000000e+00, personal_generator_context_proj=0.000000e+00, personal_generator_context_hidden=0.000000e+00, personal_generator_context_to_u=0.000000e+00, personal_generator_context_to_v=0.000000e+00
2026-04-10 10:28:48,459 - INFO - [junyi|junyi_abce_ae_dominant_B_q_only|lr=0.003|drop=0.40] -> No improvement 1 epoch(s) (best AUC=0.8222 @ 13)
2026-04-10 10:32:26,317 - INFO - [junyi|junyi_abce_ae_dominant_B_q_only|lr=0.003|drop=0.40] Epoch [015/100] | Train: Loss=0.4821, BCE=0.4679, Reg=0.0142, AUC=0.8350, ACC=0.7806, RMSE=0.3904 | Val: Loss=0.4968, BCE=0.4821, Reg=0.0147, AUC=0.8223, ACC=0.7740, RMSE=0.3964
2026-04-10 10:32:26,317 - INFO - [junyi|junyi_abce_ae_dominant_B_q_only|lr=0.003|drop=0.40] [Reg Terms] Epoch [015] | Train: graph_entropy=0.000000, graph_diag=0.000002, graph_uniform=0.006747, graph_reg_scale=1.0000, mf_l2=0.000000, delta_ratio=0.000000, personal_sparse=0.007273, alpha_var=-0.000027, alpha_collapse=0.000210, reg_bce_ratio=0.0304 | Val: graph_entropy=0.000000, graph_diag=0.000000, graph_uniform=0.006747, graph_reg_scale=1.0000, mf_l2=0.000000, delta_ratio=0.000000, personal_sparse=0.007692, alpha_var=-0.000037, alpha_collapse=0.000337, reg_bce_ratio=0.0306
2026-04-10 10:32:27,428 - INFO - [junyi|junyi_abce_ae_dominant_B_q_only|lr=0.003|drop=0.40] [Diag][M3] Epoch [015] | residual_abs_mean=0.3023, residual_std=0.0816, mf_abs_mean=0.3023, mf_std=0.0816, gate_mean=0.0940, gate_std=0.0149, q_interaction_abs_mean=0.3051, id_adapter_abs_mean=0.0000, bias_abs_mean=0.0000, B_q_share=1.0092, B_id_share=0.0000, B_bias_share=0.0000, student_q_norm=0.4479, student_id_adapter_norm=0.0000, item_q_norm=0.0395, item_id_adapter_norm=0.0000, irt_abs_mean=1.8575, irt_std=1.0969, delta_abs_mean=0.0282, delta_std=0.0087, delta_over_irt=0.0152, warmup(mf/personal)=1.00/1.00, graph_row_entropy=3.1781, graph_entropy_ratio=0.4845, alpha_mean=0.2060, alpha_std=0.0273, alpha_bias_std=0.0394, personal_row_entropy=3.8461, personal_matrix_delta=0.0000, personal_matrix_student_std=0.0000
2026-04-10 10:32:27,429 - INFO - [junyi|junyi_abce_ae_dominant_B_q_only|lr=0.003|drop=0.40] [Diag][Graph] Epoch [015] | entropy_ratio=0.4845, diag_mass=0.0000, to_uniform_l2=0.007551, to_identity_l2=0.038412, tau_mean=0.6931, tau_std=0.0000, graph_reg_scale(train/val)=1.0000/1.0000
2026-04-10 10:32:27,429 - INFO - [junyi|junyi_abce_ae_dominant_B_q_only|lr=0.003|drop=0.40] [Grad Norms] Epoch [015] | mf_u_proj=0.007607, mf_v_proj=0.012394, b_id_student_proj=0.000000, b_id_item_proj=0.000000, b_bias_scale=0.000000, fusion_gate=0.001472, q_gate_raw=0.000000, skill_latent=0.000000, student_q_proj=0.003878, item_id_adapter=0.000000, relation_emb=3.849558e-15, relation_tau=2.259431e-13, relation_wq=1.951413e-15, relation_wk=1.998480e-15, personal_u=0.000000e+00, personal_v=0.000000e+00, personal_alpha_bias=3.120346e-03, personal_gate_emb=6.792686e-08, personal_gate_student_proj=1.306107e-16, personal_gate_context_proj=1.114711e-11, personal_gate_student_direct=4.154415e-08, personal_gate_context_direct=3.545615e-03, personal_gate_out=1.178884e-08, personal_generator_emb=0.000000e+00, personal_generator_context_proj=0.000000e+00, personal_generator_context_hidden=0.000000e+00, personal_generator_context_to_u=0.000000e+00, personal_generator_context_to_v=0.000000e+00
2026-04-10 10:32:27,996 - INFO - [junyi|junyi_abce_ae_dominant_B_q_only|lr=0.003|drop=0.40] -> New best AUC=0.8223 at epoch 15
2026-04-10 10:36:05,891 - INFO - [junyi|junyi_abce_ae_dominant_B_q_only|lr=0.003|drop=0.40] Epoch [016/100] | Train: Loss=0.4659, BCE=0.4516, Reg=0.0143, AUC=0.8480, ACC=0.7908, RMSE=0.3823 | Val: Loss=0.4997, BCE=0.4863, Reg=0.0134, AUC=0.8239, ACC=0.7750, RMSE=0.3973
2026-04-10 10:36:05,891 - INFO - [junyi|junyi_abce_ae_dominant_B_q_only|lr=0.003|drop=0.40] [Reg Terms] Epoch [016] | Train: graph_entropy=0.000000, graph_diag=0.000000, graph_uniform=0.006747, graph_reg_scale=1.0000, mf_l2=0.000000, delta_ratio=0.000000, personal_sparse=0.007403, alpha_var=-0.000027, alpha_collapse=0.000207, reg_bce_ratio=0.0317 | Val: graph_entropy=0.000000, graph_diag=0.000000, graph_uniform=0.006747, graph_reg_scale=1.0000, mf_l2=0.000000, delta_ratio=0.000000, personal_sparse=0.006356, alpha_var=-0.000034, alpha_collapse=0.000352, reg_bce_ratio=0.0276
2026-04-10 10:36:06,832 - INFO - [junyi|junyi_abce_ae_dominant_B_q_only|lr=0.003|drop=0.40] [Diag][M3] Epoch [016] | residual_abs_mean=0.1825, residual_std=0.1083, mf_abs_mean=0.1825, mf_std=0.1083, gate_mean=0.0926, gate_std=0.0162, q_interaction_abs_mean=0.1836, id_adapter_abs_mean=0.0000, bias_abs_mean=0.0000, B_q_share=1.0059, B_id_share=0.0000, B_bias_share=0.0000, student_q_norm=0.5095, student_id_adapter_norm=0.0000, item_q_norm=0.0332, item_id_adapter_norm=0.0000, irt_abs_mean=1.9883, irt_std=1.1584, delta_abs_mean=0.0167, delta_std=0.0104, delta_over_irt=0.0084, warmup(mf/personal)=1.00/1.00, graph_row_entropy=3.1781, graph_entropy_ratio=0.4845, alpha_mean=0.2015, alpha_std=0.0247, alpha_bias_std=0.0389, personal_row_entropy=3.1782, personal_matrix_delta=0.0000, personal_matrix_student_std=0.0000
2026-04-10 10:36:06,833 - INFO - [junyi|junyi_abce_ae_dominant_B_q_only|lr=0.003|drop=0.40] [Diag][Graph] Epoch [016] | entropy_ratio=0.4845, diag_mass=0.0000, to_uniform_l2=0.007551, to_identity_l2=0.038412, tau_mean=0.6931, tau_std=0.0000, graph_reg_scale(train/val)=1.0000/1.0000
2026-04-10 10:36:06,833 - INFO - [junyi|junyi_abce_ae_dominant_B_q_only|lr=0.003|drop=0.40] [Grad Norms] Epoch [016] | mf_u_proj=0.008166, mf_v_proj=0.015945, b_id_student_proj=0.000000, b_id_item_proj=0.000000, b_bias_scale=0.000000, fusion_gate=0.000895, q_gate_raw=0.000000, skill_latent=0.000000, student_q_proj=0.011748, item_id_adapter=0.000000, relation_emb=0.000000e+00, relation_tau=0.000000e+00, relation_wq=0.000000e+00, relation_wk=0.000000e+00, personal_u=0.000000e+00, personal_v=0.000000e+00, personal_alpha_bias=1.234530e-04, personal_gate_emb=0.000000e+00, personal_gate_student_proj=0.000000e+00, personal_gate_context_proj=0.000000e+00, personal_gate_student_direct=0.000000e+00, personal_gate_context_direct=1.597261e-04, personal_gate_out=0.000000e+00, personal_generator_emb=0.000000e+00, personal_generator_context_proj=0.000000e+00, personal_generator_context_hidden=0.000000e+00, personal_generator_context_to_u=0.000000e+00, personal_generator_context_to_v=0.000000e+00
2026-04-10 10:36:07,362 - INFO - [junyi|junyi_abce_ae_dominant_B_q_only|lr=0.003|drop=0.40] -> New best AUC=0.8239 at epoch 16
2026-04-10 10:39:45,234 - INFO - [junyi|junyi_abce_ae_dominant_B_q_only|lr=0.003|drop=0.40] Epoch [017/100] | Train: Loss=0.4593, BCE=0.4460, Reg=0.0133, AUC=0.8522, ACC=0.7940, RMSE=0.3795 | Val: Loss=0.5005, BCE=0.4871, Reg=0.0134, AUC=0.8223, ACC=0.7739, RMSE=0.3979
2026-04-10 10:39:45,234 - INFO - [junyi|junyi_abce_ae_dominant_B_q_only|lr=0.003|drop=0.40] [Reg Terms] Epoch [017] | Train: graph_entropy=0.000000, graph_diag=0.000000, graph_uniform=0.006747, graph_reg_scale=1.0000, mf_l2=0.000000, delta_ratio=0.000000, personal_sparse=0.006356, alpha_var=-0.000026, alpha_collapse=0.000208, reg_bce_ratio=0.0298 | Val: graph_entropy=0.000000, graph_diag=0.000000, graph_uniform=0.006747, graph_reg_scale=1.0000, mf_l2=0.000000, delta_ratio=0.000000, personal_sparse=0.006356, alpha_var=-0.000033, alpha_collapse=0.000351, reg_bce_ratio=0.0276
2026-04-10 10:39:46,159 - INFO - [junyi|junyi_abce_ae_dominant_B_q_only|lr=0.003|drop=0.40] [Diag][M3] Epoch [017] | residual_abs_mean=0.2663, residual_std=0.1159, mf_abs_mean=0.2663, mf_std=0.1159, gate_mean=0.0915, gate_std=0.0161, q_interaction_abs_mean=0.2687, id_adapter_abs_mean=0.0000, bias_abs_mean=0.0000, B_q_share=1.0091, B_id_share=0.0000, B_bias_share=0.0000, student_q_norm=0.4778, student_id_adapter_norm=0.0000, item_q_norm=0.0334, item_id_adapter_norm=0.0000, irt_abs_mean=1.9548, irt_std=1.1002, delta_abs_mean=0.0240, delta_std=0.0110, delta_over_irt=0.0123, warmup(mf/personal)=1.00/1.00, graph_row_entropy=3.1781, graph_entropy_ratio=0.4845, alpha_mean=0.2012, alpha_std=0.0246, alpha_bias_std=0.0393, personal_row_entropy=3.1782, personal_matrix_delta=0.0000, personal_matrix_student_std=0.0000
2026-04-10 10:39:46,160 - INFO - [junyi|junyi_abce_ae_dominant_B_q_only|lr=0.003|drop=0.40] [Diag][Graph] Epoch [017] | entropy_ratio=0.4845, diag_mass=0.0000, to_uniform_l2=0.007551, to_identity_l2=0.038412, tau_mean=0.6931, tau_std=0.0000, graph_reg_scale(train/val)=1.0000/1.0000
2026-04-10 10:39:46,160 - INFO - [junyi|junyi_abce_ae_dominant_B_q_only|lr=0.003|drop=0.40] [Grad Norms] Epoch [017] | mf_u_proj=0.011899, mf_v_proj=0.021095, b_id_student_proj=0.000000, b_id_item_proj=0.000000, b_bias_scale=0.000000, fusion_gate=0.001097, q_gate_raw=0.000000, skill_latent=0.000000, student_q_proj=0.010271, item_id_adapter=0.000000, relation_emb=0.000000e+00, relation_tau=0.000000e+00, relation_wq=0.000000e+00, relation_wk=0.000000e+00, personal_u=0.000000e+00, personal_v=0.000000e+00, personal_alpha_bias=2.937482e-03, personal_gate_emb=0.000000e+00, personal_gate_student_proj=0.000000e+00, personal_gate_context_proj=0.000000e+00, personal_gate_student_direct=0.000000e+00, personal_gate_context_direct=1.449151e-04, personal_gate_out=0.000000e+00, personal_generator_emb=0.000000e+00, personal_generator_context_proj=0.000000e+00, personal_generator_context_hidden=0.000000e+00, personal_generator_context_to_u=0.000000e+00, personal_generator_context_to_v=0.000000e+00
2026-04-10 10:39:46,160 - INFO - [junyi|junyi_abce_ae_dominant_B_q_only|lr=0.003|drop=0.40] -> No improvement 1 epoch(s) (best AUC=0.8239 @ 16)
2026-04-10 10:43:24,265 - INFO - [junyi|junyi_abce_ae_dominant_B_q_only|lr=0.003|drop=0.40] Epoch [018/100] | Train: Loss=0.4417, BCE=0.4284, Reg=0.0133, AUC=0.8652, ACC=0.8032, RMSE=0.3708 | Val: Loss=0.5078, BCE=0.4944, Reg=0.0134, AUC=0.8210, ACC=0.7730, RMSE=0.4001
2026-04-10 10:43:24,265 - INFO - [junyi|junyi_abce_ae_dominant_B_q_only|lr=0.003|drop=0.40] [Reg Terms] Epoch [018] | Train: graph_entropy=0.000000, graph_diag=0.000000, graph_uniform=0.006747, graph_reg_scale=1.0000, mf_l2=0.000000, delta_ratio=0.000000, personal_sparse=0.006356, alpha_var=-0.000026, alpha_collapse=0.000207, reg_bce_ratio=0.0310 | Val: graph_entropy=0.000000, graph_diag=0.000000, graph_uniform=0.006747, graph_reg_scale=1.0000, mf_l2=0.000000, delta_ratio=0.000000, personal_sparse=0.006356, alpha_var=-0.000034, alpha_collapse=0.000351, reg_bce_ratio=0.0271
2026-04-10 10:43:25,191 - INFO - [junyi|junyi_abce_ae_dominant_B_q_only|lr=0.003|drop=0.40] [Diag][M3] Epoch [018] | residual_abs_mean=0.2034, residual_std=0.1262, mf_abs_mean=0.2034, mf_std=0.1262, gate_mean=0.0945, gate_std=0.0158, q_interaction_abs_mean=0.2049, id_adapter_abs_mean=0.0000, bias_abs_mean=0.0000, B_q_share=1.0075, B_id_share=0.0000, B_bias_share=0.0000, student_q_norm=0.3372, student_id_adapter_norm=0.0000, item_q_norm=0.0273, item_id_adapter_norm=0.0000, irt_abs_mean=2.0326, irt_std=1.1928, delta_abs_mean=0.0197, delta_std=0.0130, delta_over_irt=0.0097, warmup(mf/personal)=1.00/1.00, graph_row_entropy=3.1781, graph_entropy_ratio=0.4845, alpha_mean=0.1989, alpha_std=0.0248, alpha_bias_std=0.0390, personal_row_entropy=3.1782, personal_matrix_delta=0.0000, personal_matrix_student_std=0.0000
2026-04-10 10:43:25,191 - INFO - [junyi|junyi_abce_ae_dominant_B_q_only|lr=0.003|drop=0.40] [Diag][Graph] Epoch [018] | entropy_ratio=0.4845, diag_mass=0.0000, to_uniform_l2=0.007551, to_identity_l2=0.038412, tau_mean=0.6931, tau_std=0.0000, graph_reg_scale(train/val)=1.0000/1.0000
2026-04-10 10:43:25,191 - INFO - [junyi|junyi_abce_ae_dominant_B_q_only|lr=0.003|drop=0.40] [Grad Norms] Epoch [018] | mf_u_proj=0.009144, mf_v_proj=0.024443, b_id_student_proj=0.000000, b_id_item_proj=0.000000, b_bias_scale=0.000000, fusion_gate=0.002106, q_gate_raw=0.000000, skill_latent=0.000000, student_q_proj=0.010455, item_id_adapter=0.000000, relation_emb=0.000000e+00, relation_tau=0.000000e+00, relation_wq=0.000000e+00, relation_wk=0.000000e+00, personal_u=0.000000e+00, personal_v=0.000000e+00, personal_alpha_bias=2.991568e-03, personal_gate_emb=0.000000e+00, personal_gate_student_proj=0.000000e+00, personal_gate_context_proj=0.000000e+00, personal_gate_student_direct=0.000000e+00, personal_gate_context_direct=1.590880e-04, personal_gate_out=0.000000e+00, personal_generator_emb=0.000000e+00, personal_generator_context_proj=0.000000e+00, personal_generator_context_hidden=0.000000e+00, personal_generator_context_to_u=0.000000e+00, personal_generator_context_to_v=0.000000e+00
2026-04-10 10:43:25,191 - INFO - [junyi|junyi_abce_ae_dominant_B_q_only|lr=0.003|drop=0.40] -> No improvement 2 epoch(s) (best AUC=0.8239 @ 16)
2026-04-10 10:47:03,314 - INFO - [junyi|junyi_abce_ae_dominant_B_q_only|lr=0.003|drop=0.40] Epoch [019/100] | Train: Loss=0.4351, BCE=0.4218, Reg=0.0133, AUC=0.8698, ACC=0.8065, RMSE=0.3676 | Val: Loss=0.5092, BCE=0.4958, Reg=0.0134, AUC=0.8196, ACC=0.7721, RMSE=0.4008
2026-04-10 10:47:03,314 - INFO - [junyi|junyi_abce_ae_dominant_B_q_only|lr=0.003|drop=0.40] [Reg Terms] Epoch [019] | Train: graph_entropy=0.000000, graph_diag=0.000002, graph_uniform=0.006747, graph_reg_scale=1.0000, mf_l2=0.000000, delta_ratio=0.000000, personal_sparse=0.006356, alpha_var=-0.000026, alpha_collapse=0.000206, reg_bce_ratio=0.0315 | Val: graph_entropy=0.000000, graph_diag=0.000000, graph_uniform=0.006747, graph_reg_scale=1.0000, mf_l2=0.000000, delta_ratio=0.000000, personal_sparse=0.006356, alpha_var=-0.000034, alpha_collapse=0.000350, reg_bce_ratio=0.0271
2026-04-10 10:47:04,386 - INFO - [junyi|junyi_abce_ae_dominant_B_q_only|lr=0.003|drop=0.40] [Diag][M3] Epoch [019] | residual_abs_mean=0.2495, residual_std=0.1188, mf_abs_mean=0.2495, mf_std=0.1188, gate_mean=0.0951, gate_std=0.0152, q_interaction_abs_mean=0.2516, id_adapter_abs_mean=0.0000, bias_abs_mean=0.0000, B_q_share=1.0087, B_id_share=0.0000, B_bias_share=0.0000, student_q_norm=0.3931, student_id_adapter_norm=0.0000, item_q_norm=0.0264, item_id_adapter_norm=0.0000, irt_abs_mean=2.0382, irt_std=1.1474, delta_abs_mean=0.0236, delta_std=0.0117, delta_over_irt=0.0116, warmup(mf/personal)=1.00/1.00, graph_row_entropy=3.1781, graph_entropy_ratio=0.4845, alpha_mean=0.1984, alpha_std=0.0248, alpha_bias_std=0.0386, personal_row_entropy=3.1782, personal_matrix_delta=0.0000, personal_matrix_student_std=0.0000
2026-04-10 10:47:04,386 - INFO - [junyi|junyi_abce_ae_dominant_B_q_only|lr=0.003|drop=0.40] [Diag][Graph] Epoch [019] | entropy_ratio=0.4845, diag_mass=0.0000, to_uniform_l2=0.007551, to_identity_l2=0.038412, tau_mean=0.6931, tau_std=0.0000, graph_reg_scale(train/val)=1.0000/1.0000
2026-04-10 10:47:04,386 - INFO - [junyi|junyi_abce_ae_dominant_B_q_only|lr=0.003|drop=0.40] [Grad Norms] Epoch [019] | mf_u_proj=0.014332, mf_v_proj=0.025551, b_id_student_proj=0.000000, b_id_item_proj=0.000000, b_bias_scale=0.000000, fusion_gate=0.003796, q_gate_raw=0.000000, skill_latent=0.000000, student_q_proj=0.026433, item_id_adapter=0.000000, relation_emb=0.000000e+00, relation_tau=0.000000e+00, relation_wq=0.000000e+00, relation_wk=0.000000e+00, personal_u=0.000000e+00, personal_v=0.000000e+00, personal_alpha_bias=3.182432e-03, personal_gate_emb=0.000000e+00, personal_gate_student_proj=0.000000e+00, personal_gate_context_proj=0.000000e+00, personal_gate_student_direct=0.000000e+00, personal_gate_context_direct=3.483331e-03, personal_gate_out=0.000000e+00, personal_generator_emb=0.000000e+00, personal_generator_context_proj=0.000000e+00, personal_generator_context_hidden=0.000000e+00, personal_generator_context_to_u=0.000000e+00, personal_generator_context_to_v=0.000000e+00
2026-04-10 10:47:04,386 - INFO - [junyi|junyi_abce_ae_dominant_B_q_only|lr=0.003|drop=0.40] -> No improvement 3 epoch(s) (best AUC=0.8239 @ 16)
2026-04-10 10:47:04,386 - INFO - [junyi|junyi_abce_ae_dominant_B_q_only|lr=0.003|drop=0.40] Early stopping at epoch 19 (best AUC=0.8239 @ 16)
2026-04-10 10:47:04,393 - INFO - Epoch-wise metrics saved to checkpoints/abce_diag/20260410_072301/junyi/seed42/ae_dominant_B_q_only/metrics_history.csv
2026-04-10 10:47:04,395 - INFO - [junyi|junyi_abce_ae_dominant_B_q_only|lr=0.003|drop=0.40] Training completed! Best Val AUC=0.8239 @ epoch 16
2026-04-10 10:47:04,673 - INFO - 
============================================================
         MODULE ACTIVITY REPORT
============================================================
Dataset: junyi | Seed: 42 | Epoch: 19

1. Concept Graph Module:
   - Mean row entropy: 3.178 / 6.560
   - Entropy ratio: 48.4%
   - Status: ACTIVE (learning meaningful structure)

2. Personal Graph Module:
   - Gate alpha mean: 0.199
   - Gate alpha std: 0.025
   - Alpha bias std: 0.027
   - Personal/global delta: 0.0000
   - Inter-student matrix std: 0.0000
   - Status: INACTIVE (alpha or personal graph barely deviates from global)
   -> Consider: strengthen direct student-specific path or personal graph signal

3. Skill/MF Module:
   - MF logit |mean|: 0.2452
   - MF logit std: 0.2718
   - Fusion gate mean: 0.095
   - Status: ACTIVE (contributing to predictions)

------------------------------------------------------------
SUMMARY:
   Active modules: Concept Graph, Skill/MF
   Inactive modules: Personal Graph
============================================================
2026-04-10 10:47:04,674 - INFO - [junyi|junyi_abce_ae_dominant_B_q_only|lr=0.003|drop=0.40] Module activity saved to checkpoints/abce_diag/20260410_072301/junyi/seed42/ae_dominant_B_q_only/module_activity.json
2026-04-10 10:47:04,724 - INFO - Using device: cuda:0
2026-04-10 10:47:04,724 - INFO - Loading model from checkpoints/abce_diag/20260410_072301/junyi/seed42/ae_dominant_B_q_only/best_model.pth...
2026-04-10 10:47:04,869 - INFO - Inference switches: ablate_module1=False, ablate_module2=False, ablate_module3=False | enable_module1=True, enable_module2=True, enable_module3=True | use_mf_branch=True, use_concept_graph=True, use_q_aligned_residual=True | effective(num_gnn_layers=2)
2026-04-10 10:47:04,969 - INFO - [Inference] Ablation runtime check: args(ablate_module1=False,ablate_module2=False,ablate_module3=False) | model(enable_module1=True,enable_module2=True,enable_module3=True) | physical(has_knowledge_encoder=True,has_mf_branch=True)
2026-04-10 10:47:04,970 - INFO - [Inference] [Module3 Init] fusion_gate_bias=-2.4000, fusion_gate_max=0.2500, implied_gate=0.0208, q_gate=0.5000, mf_scale=0.0000, bias_scale=0.2221, graph_tau_mean=1.0055, graph_tau_std=0.0000, graph_dropout=0.000
2026-04-10 10:47:04,972 - INFO - Model loaded from epoch 16. Start testing...
2026-04-10 10:47:16,360 - INFO - [Test] 200/262 batches done, samples=51200
2026-04-10 10:47:19,902 - INFO - 
==================================================
2026-04-10 10:47:19,902 - INFO - Test Results:
2026-04-10 10:47:19,902 - INFO - AUC: 0.8294
2026-04-10 10:47:19,902 - INFO - ACC: 0.7701
2026-04-10 10:47:19,902 - INFO - RMSE: 0.4014
2026-04-10 10:47:19,902 - INFO - ==================================================
2026-04-10 10:47:19,917 - INFO - Summary appended to /home/zsh/ConceptSkillCDM/results/experiment_results.csv
2026-04-10 10:47:19,917 - INFO - 
Generating student diagnosis reports...
