2026-04-13 12:10:57,606 - INFO - Arguments:
2026-04-13 12:10:57,606 - INFO -   ablate_concept_graph: False
2026-04-13 12:10:57,606 - INFO -   ablate_module1: False
2026-04-13 12:10:57,606 - INFO -   allow_self_loop: True
2026-04-13 12:10:57,606 - INFO -   alpha_min_target: 0.04
2026-04-13 12:10:57,606 - INFO -   batch_size: 256
2026-04-13 12:10:57,606 - INFO -   data_dir: ./data/junyi
2026-04-13 12:10:57,606 - INFO -   dataset_name: junyi
2026-04-13 12:10:57,606 - INFO -   debug_graph_diag: True
2026-04-13 12:10:57,606 - INFO -   diag_batches: 1
2026-04-13 12:10:57,606 - INFO -   disable_self_loop: False
2026-04-13 12:10:57,606 - INFO -   dropout: 0.4
2026-04-13 12:10:57,607 - INFO -   early_stop_patience: 3
2026-04-13 12:10:57,607 - INFO -   enable_module1: True
2026-04-13 12:10:57,607 - INFO -   epochs: 100
2026-04-13 12:10:57,607 - INFO -   generate_diagnosis: True
2026-04-13 12:10:57,607 - INFO -   gnn_residual_weight: 0.5
2026-04-13 12:10:57,607 - INFO -   gpu_candidates: None
2026-04-13 12:10:57,607 - INFO -   gpu_ids: None
2026-04-13 12:10:57,607 - INFO -   gpu_memory_threshold: 2000
2026-04-13 12:10:57,607 - INFO -   gpus: None
2026-04-13 12:10:57,607 - INFO -   graph_dropout: 0.0
2026-04-13 12:10:57,607 - INFO -   graph_entropy_max: 0.7
2026-04-13 12:10:57,607 - INFO -   graph_entropy_min: 0.15
2026-04-13 12:10:57,607 - INFO -   graph_identity_residual: 0.1
2026-04-13 12:10:57,607 - INFO -   graph_reg_cap_ratio: 6.0
2026-04-13 12:10:57,607 - INFO -   graph_reg_warmup_epochs: 2
2026-04-13 12:10:57,607 - INFO -   graph_tau_init: 0.55
2026-04-13 12:10:57,607 - INFO -   graph_topk: 24
2026-04-13 12:10:57,607 - INFO -   graph_uniform_margin: 0.12
2026-04-13 12:10:57,607 - INFO -   knowledge_dim: 128
2026-04-13 12:10:57,607 - INFO -   lambda_alpha: 0.06
2026-04-13 12:10:57,607 - INFO -   lambda_alpha_min: 0.05
2026-04-13 12:10:57,607 - INFO -   lambda_graph_diag: 0.12
2026-04-13 12:10:57,607 - INFO -   lambda_graph_uniform: 0.06
2026-04-13 12:10:57,607 - INFO -   lambda_sparse: 0.6
2026-04-13 12:10:57,607 - INFO -   lambda_sparse_personal: 0.0005
2026-04-13 12:10:57,607 - INFO -   learning_rate: 0.003
2026-04-13 12:10:57,607 - INFO -   log_dir: logs/abce_diag/ae_rescue_20260413_4265c13/junyi/seed42/best_full
2026-04-13 12:10:57,607 - INFO -   min_exer_interactions: 0
2026-04-13 12:10:57,607 - INFO -   min_poison_count: 0
2026-04-13 12:10:57,607 - INFO -   min_stu_interactions: 15
2026-04-13 12:10:57,607 - INFO -   model_variant: junyi_abce_best_full
2026-04-13 12:10:57,607 - INFO -   multi_gpu: False
2026-04-13 12:10:57,607 - INFO -   no_cuda: False
2026-04-13 12:10:57,607 - INFO -   num_gnn_layers: 2
2026-04-13 12:10:57,607 - INFO -   num_gpus: 1
2026-04-13 12:10:57,607 - INFO -   num_relation_heads: 2
2026-04-13 12:10:57,607 - INFO -   num_workers: 4
2026-04-13 12:10:57,607 - INFO -   patience: 1
2026-04-13 12:10:57,607 - INFO -   personal_delta_scale: 4.0
2026-04-13 12:10:57,607 - INFO -   personal_max_alpha: 0.35
2026-04-13 12:10:57,607 - INFO -   personal_rank: 8
2026-04-13 12:10:57,607 - INFO -   personal_student_dim: 64
2026-04-13 12:10:57,607 - INFO -   personal_warmup_epochs: 5
2026-04-13 12:10:57,607 - INFO -   prediction_l2_lambda: 1e-05
2026-04-13 12:10:57,607 - INFO -   save_dir: checkpoints/abce_diag/ae_rescue_20260413_4265c13/junyi/seed42/best_full
2026-04-13 12:10:57,607 - INFO -   save_interval: 10
2026-04-13 12:10:57,608 - INFO -   seed: 42
2026-04-13 12:10:57,608 - INFO -   use_concept_graph: True
2026-04-13 12:10:57,608 - INFO -   use_exercise_graph: True
2026-04-13 12:10:57,608 - INFO -   use_personal_graph: True
2026-04-13 12:10:57,608 - INFO -   weight_decay: 0.001
2026-04-13 12:10:57,693 - INFO - Using device: cuda:0 (physical gpu 3)
2026-04-13 12:10:57,693 - INFO - [junyi|junyi_abce_best_full|lr=0.003|drop=0.40] Loading datasets...
2026-04-13 12:10:57,693 - INFO - [junyi|junyi_abce_best_full|lr=0.003|drop=0.40] Regularization: graph_entropy(lambda_sparse)=0.600000, graph_diag=0.120000, graph_uniform=0.060000, personal_sparse=0.000500, alpha_penalty=0.060000, alpha_min=0.050000, prediction_l2=0.000010
2026-04-13 12:10:57,693 - INFO - [junyi|junyi_abce_best_full|lr=0.003|drop=0.40] Graph controls: entropy_band=[0.15, 0.70], uniform_margin=0.12, warmup_epochs=2, cap_ratio=6.00, graph_dropout=0.000, graph_tau_init=0.550
2026-04-13 12:10:57,693 - INFO - [junyi|junyi_abce_best_full|lr=0.003|drop=0.40] Personal controls: personal_max_alpha=0.350, personal_delta_scale=4.000, personal_warmup_epochs=5, personal_student_dim=64, alpha_min_target=0.0400
2026-04-13 12:10:57,809 - INFO - [junyi] [数据清洗] 学生交互次数 < 15 次的学生：共移除 0 个学生（仅统计用户数）
2026-04-13 12:10:57,824 - INFO - [junyi] [数据清洗] 学生冷启动过滤：在 train/valid/test 中共删除 0 条记录。
2026-04-13 12:10:57,824 - INFO - [junyi] [数据清洗] 跳过题目冷门过滤（min_exer_interactions <= 0）。
2026-04-13 12:10:57,824 - INFO - [junyi] [数据清洗] 跳过毒题清洗（min_poison_count <= 0）。
2026-04-13 12:10:57,824 - INFO - [junyi] 正在构建ID映射...
2026-04-13 12:10:58,081 - INFO - [junyi] 正在构建Q矩阵...
2026-04-13 12:11:06,652 - INFO - [junyi] [统计] 开始统计清洗后每道题的概念数量分布...
2026-04-13 12:11:06,658 - INFO - [junyi] [Train] 概念数统计：题目数=702, 平均概念数=1.0000, min=1, max=1, 1概念=702 (100.00%), ≥2概念=0 (0.00%)
2026-04-13 12:11:06,659 - INFO - [junyi] [Train] 概念数直方图（概念数: 题目数量）: {1: 702}
2026-04-13 12:11:06,659 - INFO - [junyi] [Valid] 概念数统计：题目数=623, 平均概念数=1.0000, min=1, max=1, 1概念=623 (100.00%), ≥2概念=0 (0.00%)
2026-04-13 12:11:06,659 - INFO - [junyi] [Valid] 概念数直方图（概念数: 题目数量）: {1: 623}
2026-04-13 12:11:06,661 - INFO - [junyi] [Test] 概念数统计：题目数=673, 平均概念数=1.0000, min=1, max=1, 1概念=673 (100.00%), ≥2概念=0 (0.00%)
2026-04-13 12:11:06,661 - INFO - [junyi] [Test] 概念数直方图（概念数: 题目数量）: {1: 673}
2026-04-13 12:11:06,661 - INFO - [junyi] [统计] 概念数量统计完成。
2026-04-13 12:11:06,661 - INFO - [junyi] 正在加载数据集...
2026-04-13 12:11:06,761 - INFO - [junyi|junyi_abce_best_full|lr=0.003|drop=0.40] Train samples: 262473, Val samples: 24299
2026-04-13 12:11:06,761 - INFO - [junyi|junyi_abce_best_full|lr=0.003|drop=0.40] Number of students: 10000
2026-04-13 12:11:06,761 - INFO - [junyi|junyi_abce_best_full|lr=0.003|drop=0.40] Number of exercises: 706
2026-04-13 12:11:06,761 - INFO - [junyi|junyi_abce_best_full|lr=0.003|drop=0.40] Number of concepts: 706
2026-04-13 12:11:06,762 - INFO - [junyi|junyi_abce_best_full|lr=0.003|drop=0.40] Creating model...
2026-04-13 12:11:06,762 - INFO - [junyi|junyi_abce_best_full|lr=0.003|drop=0.40] Ablation switches: ablate_module1=False | enable_module1=True | use_concept_graph=True | effective(num_gnn_layers=2)
2026-04-13 12:11:06,962 - INFO - [junyi|junyi_abce_best_full|lr=0.003|drop=0.40] Ablation runtime check: args(ablate_module1=False) | model(enable_module1=True) | physical(has_knowledge_encoder=True)
2026-04-13 12:11:06,962 - INFO - [junyi|junyi_abce_best_full|lr=0.003|drop=0.40] Debug diagnostics enabled: diag_batches=1
2026-04-13 12:11:06,978 - INFO - [junyi|junyi_abce_best_full|lr=0.003|drop=0.40] [Graph Init] graph_tau_mean=1.0055, graph_tau_std=0.0000, graph_dropout=0.000, use_personal_graph=True
2026-04-13 12:11:06,978 - INFO - [junyi|junyi_abce_best_full|lr=0.003|drop=0.40] Total parameters: 7,622,902
2026-04-13 12:11:06,978 - INFO - [junyi|junyi_abce_best_full|lr=0.003|drop=0.40] Trainable parameters: 7,622,902
2026-04-13 12:11:08,071 - INFO - [junyi|junyi_abce_best_full|lr=0.003|drop=0.40] Starting training...
2026-04-13 12:15:52,477 - INFO - [junyi|junyi_abce_best_full|lr=0.003|drop=0.40] Epoch [001/100] | Train: Loss=0.5306, BCE=0.5199, Reg=0.0108, AUC=0.7882, ACC=0.7436, RMSE=0.4161 | Val: Loss=0.5204, BCE=0.5104, Reg=0.0100, AUC=0.7963, ACC=0.7540, RMSE=0.4105
2026-04-13 12:15:52,477 - INFO - [junyi|junyi_abce_best_full|lr=0.003|drop=0.40] [Reg Terms] Epoch [001] | Train: graph_entropy=0.000000, graph_diag=0.006960, graph_uniform=0.003359, graph_reg_scale=1.0000, prediction_l2=0.000000, personal_sparse=0.000789, alpha_var=-0.001543, alpha_collapse=0.001210, reg_bce_ratio=0.0207 | Val: graph_entropy=0.000000, graph_diag=0.006000, graph_uniform=0.003368, graph_reg_scale=1.0000, prediction_l2=0.000000, personal_sparse=0.000796, alpha_var=-0.001443, alpha_collapse=0.001315, reg_bce_ratio=0.0197
2026-04-13 12:15:54,123 - INFO - [junyi|junyi_abce_best_full|lr=0.003|drop=0.40] [Diag][AE] Epoch [001] | irt_abs_mean=1.6253, irt_std=1.0081, personal_warmup_scale=0.20, graph_row_entropy=3.1853, graph_entropy_ratio=0.4856, alpha_mean=0.0350, alpha_std=0.0308, alpha_bias_std=0.0179, personal_row_entropy=3.1854, personal_matrix_delta=0.0000, personal_matrix_student_std=0.0000, personal_delta_pre_softmax_norm=0.0226, personal_delta_student_std=0.0225, alpha_head_std=0.0302
2026-04-13 12:15:54,124 - INFO - [junyi|junyi_abce_best_full|lr=0.003|drop=0.40] [Diag][Graph] Epoch [001] | entropy_ratio=0.4856, diag_mass=0.1000, to_uniform_l2=0.007744, to_identity_l2=0.034570, tau_mean=0.6931, tau_std=0.0000, graph_reg_scale(train/val)=1.0000/1.0000
2026-04-13 12:15:54,124 - INFO - [junyi|junyi_abce_best_full|lr=0.003|drop=0.40] [Grad Norms] Epoch [001] | relation_emb=0.000000e+00, relation_tau=3.084120e-17, relation_wq=0.000000e+00, relation_wk=0.000000e+00, personal_u=1.345867e-14, personal_v=4.072910e-17, personal_alpha_bias=2.091744e-03, personal_gate_emb=8.990621e-13, personal_gate_student_proj=0.000000e+00, personal_gate_context_proj=0.000000e+00, personal_gate_student_direct=2.484348e-16, personal_gate_context_direct=7.891743e-04, personal_gate_out=0.000000e+00, personal_generator_emb=4.085681e-03, personal_generator_context_proj=0.000000e+00, personal_generator_context_hidden=0.000000e+00, personal_generator_context_to_u=0.000000e+00, personal_generator_context_to_v=0.000000e+00, personal_generator_student_row=4.215045e-11, personal_generator_student_col=7.382086e-04, personal_generator_low_rank_scale=1.051068e-21, personal_generator_direct_scale=7.462084e-04
2026-04-13 12:15:54,293 - INFO - [junyi|junyi_abce_best_full|lr=0.003|drop=0.40] -> New best AUC=0.7963 at epoch 1
2026-04-13 12:20:38,072 - INFO - [junyi|junyi_abce_best_full|lr=0.003|drop=0.40] Epoch [002/100] | Train: Loss=0.5325, BCE=0.5124, Reg=0.0201, AUC=0.7955, ACC=0.7501, RMSE=0.4124 | Val: Loss=0.5274, BCE=0.5072, Reg=0.0202, AUC=0.8000, ACC=0.7595, RMSE=0.4081
2026-04-13 12:20:38,072 - INFO - [junyi|junyi_abce_best_full|lr=0.003|drop=0.40] [Reg Terms] Epoch [002] | Train: graph_entropy=0.000000, graph_diag=0.012000, graph_uniform=0.006735, graph_reg_scale=1.0000, prediction_l2=0.000000, personal_sparse=0.001593, alpha_var=-0.001580, alpha_collapse=0.001373, reg_bce_ratio=0.0393 | Val: graph_entropy=0.000000, graph_diag=0.012000, graph_uniform=0.006735, graph_reg_scale=1.0000, prediction_l2=0.000000, personal_sparse=0.001593, alpha_var=-0.001519, alpha_collapse=0.001383, reg_bce_ratio=0.0398
2026-04-13 12:20:39,717 - INFO - [junyi|junyi_abce_best_full|lr=0.003|drop=0.40] [Diag][AE] Epoch [002] | irt_abs_mean=1.6343, irt_std=1.0622, personal_warmup_scale=0.40, graph_row_entropy=3.1853, graph_entropy_ratio=0.4856, alpha_mean=0.0700, alpha_std=0.0612, alpha_bias_std=0.0139, personal_row_entropy=3.1854, personal_matrix_delta=0.0000, personal_matrix_student_std=0.0000, personal_delta_pre_softmax_norm=0.0246, personal_delta_student_std=0.0240, alpha_head_std=0.0600
2026-04-13 12:20:39,717 - INFO - [junyi|junyi_abce_best_full|lr=0.003|drop=0.40] [Diag][Graph] Epoch [002] | entropy_ratio=0.4856, diag_mass=0.1000, to_uniform_l2=0.007744, to_identity_l2=0.034570, tau_mean=0.6931, tau_std=0.0000, graph_reg_scale(train/val)=1.0000/1.0000
2026-04-13 12:20:39,717 - INFO - [junyi|junyi_abce_best_full|lr=0.003|drop=0.40] [Grad Norms] Epoch [002] | relation_emb=2.711802e-16, relation_tau=5.784337e-13, relation_wq=3.942955e-16, relation_wk=1.250511e-16, personal_u=1.876404e-19, personal_v=1.495448e-19, personal_alpha_bias=2.145377e-03, personal_gate_emb=3.658169e-11, personal_gate_student_proj=0.000000e+00, personal_gate_context_proj=3.209754e-19, personal_gate_student_direct=3.366541e-09, personal_gate_context_direct=7.356519e-04, personal_gate_out=2.720681e-10, personal_generator_emb=3.662276e-03, personal_generator_context_proj=0.000000e+00, personal_generator_context_hidden=0.000000e+00, personal_generator_context_to_u=0.000000e+00, personal_generator_context_to_v=0.000000e+00, personal_generator_student_row=2.164599e-11, personal_generator_student_col=6.947127e-04, personal_generator_low_rank_scale=4.131955e-15, personal_generator_direct_scale=6.485637e-04
2026-04-13 12:20:40,246 - INFO - [junyi|junyi_abce_best_full|lr=0.003|drop=0.40] -> New best AUC=0.8000 at epoch 2
2026-04-13 12:25:23,612 - INFO - [junyi|junyi_abce_best_full|lr=0.003|drop=0.40] Epoch [003/100] | Train: Loss=0.5298, BCE=0.5097, Reg=0.0201, AUC=0.7979, ACC=0.7519, RMSE=0.4111 | Val: Loss=0.5234, BCE=0.5032, Reg=0.0202, AUC=0.8047, ACC=0.7623, RMSE=0.4061
2026-04-13 12:25:23,613 - INFO - [junyi|junyi_abce_best_full|lr=0.003|drop=0.40] [Reg Terms] Epoch [003] | Train: graph_entropy=0.000000, graph_diag=0.012000, graph_uniform=0.006735, graph_reg_scale=1.0000, prediction_l2=0.000000, personal_sparse=0.001593, alpha_var=-0.001597, alpha_collapse=0.001360, reg_bce_ratio=0.0394 | Val: graph_entropy=0.000000, graph_diag=0.012000, graph_uniform=0.006735, graph_reg_scale=1.0000, prediction_l2=0.000000, personal_sparse=0.001593, alpha_var=-0.001549, alpha_collapse=0.001427, reg_bce_ratio=0.0402
2026-04-13 12:25:25,554 - INFO - [junyi|junyi_abce_best_full|lr=0.003|drop=0.40] [Diag][AE] Epoch [003] | irt_abs_mean=1.7431, irt_std=1.0547, personal_warmup_scale=0.60, graph_row_entropy=3.1853, graph_entropy_ratio=0.4856, alpha_mean=0.1050, alpha_std=0.0949, alpha_bias_std=0.0260, personal_row_entropy=3.1854, personal_matrix_delta=0.0000, personal_matrix_student_std=0.0000, personal_delta_pre_softmax_norm=0.0213, personal_delta_student_std=0.0193, alpha_head_std=0.0939
2026-04-13 12:25:25,555 - INFO - [junyi|junyi_abce_best_full|lr=0.003|drop=0.40] [Diag][Graph] Epoch [003] | entropy_ratio=0.4856, diag_mass=0.1000, to_uniform_l2=0.007744, to_identity_l2=0.034570, tau_mean=0.6931, tau_std=0.0000, graph_reg_scale(train/val)=1.0000/1.0000
2026-04-13 12:25:25,555 - INFO - [junyi|junyi_abce_best_full|lr=0.003|drop=0.40] [Grad Norms] Epoch [003] | relation_emb=2.597105e-15, relation_tau=5.513543e-12, relation_wq=1.663984e-15, relation_wk=1.497630e-15, personal_u=0.000000e+00, personal_v=0.000000e+00, personal_alpha_bias=2.088825e-03, personal_gate_emb=8.193609e-11, personal_gate_student_proj=1.686782e-19, personal_gate_context_proj=3.025417e-14, personal_gate_student_direct=4.191599e-09, personal_gate_context_direct=7.646203e-04, personal_gate_out=7.410610e-08, personal_generator_emb=5.677750e-03, personal_generator_context_proj=0.000000e+00, personal_generator_context_hidden=0.000000e+00, personal_generator_context_to_u=0.000000e+00, personal_generator_context_to_v=0.000000e+00, personal_generator_student_row=6.992694e-11, personal_generator_student_col=9.911108e-04, personal_generator_low_rank_scale=4.831147e-13, personal_generator_direct_scale=6.393113e-04
2026-04-13 12:25:26,157 - INFO - [junyi|junyi_abce_best_full|lr=0.003|drop=0.40] -> New best AUC=0.8047 at epoch 3
2026-04-13 12:30:09,491 - INFO - [junyi|junyi_abce_best_full|lr=0.003|drop=0.40] Epoch [004/100] | Train: Loss=0.5170, BCE=0.4969, Reg=0.0201, AUC=0.8099, ACC=0.7612, RMSE=0.4047 | Val: Loss=0.5100, BCE=0.4897, Reg=0.0202, AUC=0.8137, ACC=0.7704, RMSE=0.4003
2026-04-13 12:30:09,491 - INFO - [junyi|junyi_abce_best_full|lr=0.003|drop=0.40] [Reg Terms] Epoch [004] | Train: graph_entropy=0.000000, graph_diag=0.012000, graph_uniform=0.006735, graph_reg_scale=1.0000, prediction_l2=0.000000, personal_sparse=0.001593, alpha_var=-0.001588, alpha_collapse=0.001347, reg_bce_ratio=0.0404 | Val: graph_entropy=0.000000, graph_diag=0.012000, graph_uniform=0.006735, graph_reg_scale=1.0000, prediction_l2=0.000000, personal_sparse=0.001593, alpha_var=-0.001472, alpha_collapse=0.001391, reg_bce_ratio=0.0413
2026-04-13 12:30:11,425 - INFO - [junyi|junyi_abce_best_full|lr=0.003|drop=0.40] [Diag][AE] Epoch [004] | irt_abs_mean=1.6506, irt_std=1.0725, personal_warmup_scale=0.80, graph_row_entropy=3.1853, graph_entropy_ratio=0.4856, alpha_mean=0.1401, alpha_std=0.1231, alpha_bias_std=0.0156, personal_row_entropy=3.1852, personal_matrix_delta=0.0000, personal_matrix_student_std=0.0000, personal_delta_pre_softmax_norm=0.0229, personal_delta_student_std=0.0220, alpha_head_std=0.1209
2026-04-13 12:30:11,425 - INFO - [junyi|junyi_abce_best_full|lr=0.003|drop=0.40] [Diag][Graph] Epoch [004] | entropy_ratio=0.4856, diag_mass=0.1000, to_uniform_l2=0.007744, to_identity_l2=0.034570, tau_mean=0.6931, tau_std=0.0000, graph_reg_scale(train/val)=1.0000/1.0000
2026-04-13 12:30:11,425 - INFO - [junyi|junyi_abce_best_full|lr=0.003|drop=0.40] [Grad Norms] Epoch [004] | relation_emb=0.000000e+00, relation_tau=0.000000e+00, relation_wq=0.000000e+00, relation_wk=0.000000e+00, personal_u=0.000000e+00, personal_v=0.000000e+00, personal_alpha_bias=2.626835e-03, personal_gate_emb=0.000000e+00, personal_gate_student_proj=0.000000e+00, personal_gate_context_proj=0.000000e+00, personal_gate_student_direct=0.000000e+00, personal_gate_context_direct=7.790328e-04, personal_gate_out=0.000000e+00, personal_generator_emb=8.543038e-03, personal_generator_context_proj=0.000000e+00, personal_generator_context_hidden=0.000000e+00, personal_generator_context_to_u=0.000000e+00, personal_generator_context_to_v=0.000000e+00, personal_generator_student_row=1.562111e-10, personal_generator_student_col=1.496844e-03, personal_generator_low_rank_scale=0.000000e+00, personal_generator_direct_scale=5.227171e-04
2026-04-13 12:30:12,036 - INFO - [junyi|junyi_abce_best_full|lr=0.003|drop=0.40] -> New best AUC=0.8137 at epoch 4
2026-04-13 12:34:55,457 - INFO - [junyi|junyi_abce_best_full|lr=0.003|drop=0.40] Epoch [005/100] | Train: Loss=0.5126, BCE=0.4925, Reg=0.0201, AUC=0.8141, ACC=0.7642, RMSE=0.4025 | Val: Loss=0.5084, BCE=0.4883, Reg=0.0201, AUC=0.8148, ACC=0.7713, RMSE=0.3992
2026-04-13 12:34:55,457 - INFO - [junyi|junyi_abce_best_full|lr=0.003|drop=0.40] [Reg Terms] Epoch [005] | Train: graph_entropy=0.000000, graph_diag=0.012000, graph_uniform=0.006735, graph_reg_scale=1.0000, prediction_l2=0.000000, personal_sparse=0.001592, alpha_var=-0.001589, alpha_collapse=0.001338, reg_bce_ratio=0.0408 | Val: graph_entropy=0.000000, graph_diag=0.012000, graph_uniform=0.006735, graph_reg_scale=1.0000, prediction_l2=0.000000, personal_sparse=0.001592, alpha_var=-0.001537, alpha_collapse=0.001297, reg_bce_ratio=0.0411
2026-04-13 12:34:57,420 - INFO - [junyi|junyi_abce_best_full|lr=0.003|drop=0.40] [Diag][AE] Epoch [005] | irt_abs_mean=1.7211, irt_std=1.0961, personal_warmup_scale=1.00, graph_row_entropy=3.1853, graph_entropy_ratio=0.4856, alpha_mean=0.1750, alpha_std=0.1589, alpha_bias_std=0.0161, personal_row_entropy=3.1848, personal_matrix_delta=0.0000, personal_matrix_student_std=0.0000, personal_delta_pre_softmax_norm=0.0253, personal_delta_student_std=0.0218, alpha_head_std=0.1574
2026-04-13 12:34:57,420 - INFO - [junyi|junyi_abce_best_full|lr=0.003|drop=0.40] [Diag][Graph] Epoch [005] | entropy_ratio=0.4856, diag_mass=0.1000, to_uniform_l2=0.007744, to_identity_l2=0.034570, tau_mean=0.6931, tau_std=0.0000, graph_reg_scale(train/val)=1.0000/1.0000
2026-04-13 12:34:57,420 - INFO - [junyi|junyi_abce_best_full|lr=0.003|drop=0.40] [Grad Norms] Epoch [005] | relation_emb=7.260149e-16, relation_tau=3.041706e-13, relation_wq=3.558160e-16, relation_wk=3.416635e-16, personal_u=0.000000e+00, personal_v=0.000000e+00, personal_alpha_bias=2.077359e-03, personal_gate_emb=2.149444e-11, personal_gate_student_proj=1.493595e-19, personal_gate_context_proj=6.723512e-14, personal_gate_student_direct=1.680846e-09, personal_gate_context_direct=7.654602e-04, personal_gate_out=1.113884e-08, personal_generator_emb=1.067723e-02, personal_generator_context_proj=0.000000e+00, personal_generator_context_hidden=0.000000e+00, personal_generator_context_to_u=0.000000e+00, personal_generator_context_to_v=0.000000e+00, personal_generator_student_row=2.041689e-10, personal_generator_student_col=2.487666e-03, personal_generator_low_rank_scale=6.351922e-14, personal_generator_direct_scale=5.832182e-04
2026-04-13 12:34:58,122 - INFO - [junyi|junyi_abce_best_full|lr=0.003|drop=0.40] -> New best AUC=0.8148 at epoch 5
2026-04-13 12:39:41,450 - INFO - [junyi|junyi_abce_best_full|lr=0.003|drop=0.40] Epoch [006/100] | Train: Loss=0.5094, BCE=0.4894, Reg=0.0201, AUC=0.8167, ACC=0.7657, RMSE=0.4012 | Val: Loss=0.5084, BCE=0.4882, Reg=0.0202, AUC=0.8160, ACC=0.7719, RMSE=0.3993
2026-04-13 12:39:41,450 - INFO - [junyi|junyi_abce_best_full|lr=0.003|drop=0.40] [Reg Terms] Epoch [006] | Train: graph_entropy=0.000000, graph_diag=0.012000, graph_uniform=0.006735, graph_reg_scale=1.0000, prediction_l2=0.000000, personal_sparse=0.001593, alpha_var=-0.001569, alpha_collapse=0.001316, reg_bce_ratio=0.0410 | Val: graph_entropy=0.000000, graph_diag=0.012000, graph_uniform=0.006735, graph_reg_scale=1.0000, prediction_l2=0.000000, personal_sparse=0.001593, alpha_var=-0.001494, alpha_collapse=0.001383, reg_bce_ratio=0.0414
2026-04-13 12:39:43,393 - INFO - [junyi|junyi_abce_best_full|lr=0.003|drop=0.40] [Diag][AE] Epoch [006] | irt_abs_mean=1.7843, irt_std=1.0242, personal_warmup_scale=1.00, graph_row_entropy=3.1853, graph_entropy_ratio=0.4856, alpha_mean=0.1752, alpha_std=0.1552, alpha_bias_std=0.0202, personal_row_entropy=3.1852, personal_matrix_delta=0.0000, personal_matrix_student_std=0.0000, personal_delta_pre_softmax_norm=0.0230, personal_delta_student_std=0.0219, alpha_head_std=0.1516
2026-04-13 12:39:43,394 - INFO - [junyi|junyi_abce_best_full|lr=0.003|drop=0.40] [Diag][Graph] Epoch [006] | entropy_ratio=0.4856, diag_mass=0.1000, to_uniform_l2=0.007744, to_identity_l2=0.034570, tau_mean=0.6931, tau_std=0.0000, graph_reg_scale(train/val)=1.0000/1.0000
2026-04-13 12:39:43,394 - INFO - [junyi|junyi_abce_best_full|lr=0.003|drop=0.40] [Grad Norms] Epoch [006] | relation_emb=9.359206e-16, relation_tau=9.224421e-13, relation_wq=4.811593e-16, relation_wk=4.971930e-16, personal_u=0.000000e+00, personal_v=0.000000e+00, personal_alpha_bias=2.094234e-03, personal_gate_emb=1.794433e-09, personal_gate_student_proj=1.117814e-19, personal_gate_context_proj=2.937692e-14, personal_gate_student_direct=2.840918e-09, personal_gate_context_direct=7.465010e-04, personal_gate_out=1.850615e-08, personal_generator_emb=9.028941e-03, personal_generator_context_proj=0.000000e+00, personal_generator_context_hidden=0.000000e+00, personal_generator_context_to_u=0.000000e+00, personal_generator_context_to_v=0.000000e+00, personal_generator_student_row=2.120510e-10, personal_generator_student_col=1.860328e-03, personal_generator_low_rank_scale=6.988411e-13, personal_generator_direct_scale=1.080378e-03
2026-04-13 12:39:44,053 - INFO - [junyi|junyi_abce_best_full|lr=0.003|drop=0.40] -> New best AUC=0.8160 at epoch 6
2026-04-13 12:44:27,285 - INFO - [junyi|junyi_abce_best_full|lr=0.003|drop=0.40] Epoch [007/100] | Train: Loss=0.5080, BCE=0.4880, Reg=0.0201, AUC=0.8182, ACC=0.7667, RMSE=0.4004 | Val: Loss=0.5082, BCE=0.4880, Reg=0.0202, AUC=0.8163, ACC=0.7709, RMSE=0.3990
2026-04-13 12:44:27,285 - INFO - [junyi|junyi_abce_best_full|lr=0.003|drop=0.40] [Reg Terms] Epoch [007] | Train: graph_entropy=0.000000, graph_diag=0.012004, graph_uniform=0.006735, graph_reg_scale=1.0000, prediction_l2=0.000000, personal_sparse=0.001593, alpha_var=-0.001565, alpha_collapse=0.001324, reg_bce_ratio=0.0412 | Val: graph_entropy=0.000000, graph_diag=0.012000, graph_uniform=0.006735, graph_reg_scale=1.0000, prediction_l2=0.000000, personal_sparse=0.001593, alpha_var=-0.001498, alpha_collapse=0.001362, reg_bce_ratio=0.0414
2026-04-13 12:44:29,206 - INFO - [junyi|junyi_abce_best_full|lr=0.003|drop=0.40] [Diag][AE] Epoch [007] | irt_abs_mean=1.7546, irt_std=1.0436, personal_warmup_scale=1.00, graph_row_entropy=3.1853, graph_entropy_ratio=0.4856, alpha_mean=0.1751, alpha_std=0.1579, alpha_bias_std=0.0217, personal_row_entropy=3.1852, personal_matrix_delta=0.0000, personal_matrix_student_std=0.0000, personal_delta_pre_softmax_norm=0.0219, personal_delta_student_std=0.0200, alpha_head_std=0.1553
2026-04-13 12:44:29,207 - INFO - [junyi|junyi_abce_best_full|lr=0.003|drop=0.40] [Diag][Graph] Epoch [007] | entropy_ratio=0.4856, diag_mass=0.1000, to_uniform_l2=0.007744, to_identity_l2=0.034570, tau_mean=0.6931, tau_std=0.0000, graph_reg_scale(train/val)=1.0000/1.0000
2026-04-13 12:44:29,207 - INFO - [junyi|junyi_abce_best_full|lr=0.003|drop=0.40] [Grad Norms] Epoch [007] | relation_emb=2.172589e-15, relation_tau=1.839891e-12, relation_wq=1.603676e-15, relation_wk=1.452721e-15, personal_u=0.000000e+00, personal_v=0.000000e+00, personal_alpha_bias=2.081877e-03, personal_gate_emb=1.155912e-09, personal_gate_student_proj=3.081546e-19, personal_gate_context_proj=9.214805e-14, personal_gate_student_direct=2.456152e-09, personal_gate_context_direct=7.162030e-04, personal_gate_out=1.719383e-08, personal_generator_emb=1.032952e-02, personal_generator_context_proj=0.000000e+00, personal_generator_context_hidden=0.000000e+00, personal_generator_context_to_u=0.000000e+00, personal_generator_context_to_v=0.000000e+00, personal_generator_student_row=2.906560e-10, personal_generator_student_col=2.558432e-03, personal_generator_low_rank_scale=1.054244e-13, personal_generator_direct_scale=5.622742e-04
2026-04-13 12:44:29,727 - INFO - [junyi|junyi_abce_best_full|lr=0.003|drop=0.40] -> New best AUC=0.8163 at epoch 7
2026-04-13 12:49:12,901 - INFO - [junyi|junyi_abce_best_full|lr=0.003|drop=0.40] Epoch [008/100] | Train: Loss=0.5073, BCE=0.4871, Reg=0.0201, AUC=0.8188, ACC=0.7683, RMSE=0.3999 | Val: Loss=0.5060, BCE=0.4858, Reg=0.0202, AUC=0.8173, ACC=0.7716, RMSE=0.3983
2026-04-13 12:49:12,902 - INFO - [junyi|junyi_abce_best_full|lr=0.003|drop=0.40] [Reg Terms] Epoch [008] | Train: graph_entropy=0.000000, graph_diag=0.012004, graph_uniform=0.006735, graph_reg_scale=1.0000, prediction_l2=0.000000, personal_sparse=0.001593, alpha_var=-0.001558, alpha_collapse=0.001329, reg_bce_ratio=0.0413 | Val: graph_entropy=0.000000, graph_diag=0.012000, graph_uniform=0.006735, graph_reg_scale=1.0000, prediction_l2=0.000000, personal_sparse=0.001593, alpha_var=-0.001484, alpha_collapse=0.001342, reg_bce_ratio=0.0416
2026-04-13 12:49:14,586 - INFO - [junyi|junyi_abce_best_full|lr=0.003|drop=0.40] [Diag][AE] Epoch [008] | irt_abs_mean=1.7511, irt_std=1.0641, personal_warmup_scale=1.00, graph_row_entropy=3.1853, graph_entropy_ratio=0.4856, alpha_mean=0.1752, alpha_std=0.1547, alpha_bias_std=0.0215, personal_row_entropy=3.1852, personal_matrix_delta=0.0000, personal_matrix_student_std=0.0000, personal_delta_pre_softmax_norm=0.0223, personal_delta_student_std=0.0212, alpha_head_std=0.1511
2026-04-13 12:49:14,587 - INFO - [junyi|junyi_abce_best_full|lr=0.003|drop=0.40] [Diag][Graph] Epoch [008] | entropy_ratio=0.4856, diag_mass=0.1000, to_uniform_l2=0.007744, to_identity_l2=0.034570, tau_mean=0.6931, tau_std=0.0000, graph_reg_scale(train/val)=1.0000/1.0000
2026-04-13 12:49:14,587 - INFO - [junyi|junyi_abce_best_full|lr=0.003|drop=0.40] [Grad Norms] Epoch [008] | relation_emb=3.373354e-15, relation_tau=9.722823e-13, relation_wq=2.227602e-15, relation_wk=2.000992e-15, personal_u=0.000000e+00, personal_v=0.000000e+00, personal_alpha_bias=2.086773e-03, personal_gate_emb=3.120177e-09, personal_gate_student_proj=6.296916e-17, personal_gate_context_proj=1.011457e-11, personal_gate_student_direct=4.557786e-09, personal_gate_context_direct=7.171800e-04, personal_gate_out=2.953973e-08, personal_generator_emb=6.153979e-03, personal_generator_context_proj=0.000000e+00, personal_generator_context_hidden=0.000000e+00, personal_generator_context_to_u=0.000000e+00, personal_generator_context_to_v=0.000000e+00, personal_generator_student_row=2.070396e-10, personal_generator_student_col=2.036497e-03, personal_generator_low_rank_scale=1.126966e-12, personal_generator_direct_scale=6.339884e-04
2026-04-13 12:49:15,229 - INFO - [junyi|junyi_abce_best_full|lr=0.003|drop=0.40] -> New best AUC=0.8173 at epoch 8
2026-04-13 12:53:58,349 - INFO - [junyi|junyi_abce_best_full|lr=0.003|drop=0.40] Epoch [009/100] | Train: Loss=0.5067, BCE=0.4866, Reg=0.0201, AUC=0.8191, ACC=0.7673, RMSE=0.3998 | Val: Loss=0.5052, BCE=0.4850, Reg=0.0202, AUC=0.8176, ACC=0.7735, RMSE=0.3978
2026-04-13 12:53:58,349 - INFO - [junyi|junyi_abce_best_full|lr=0.003|drop=0.40] [Reg Terms] Epoch [009] | Train: graph_entropy=0.000000, graph_diag=0.012004, graph_uniform=0.006735, graph_reg_scale=1.0000, prediction_l2=0.000000, personal_sparse=0.001593, alpha_var=-0.001570, alpha_collapse=0.001332, reg_bce_ratio=0.0413 | Val: graph_entropy=0.000000, graph_diag=0.012000, graph_uniform=0.006735, graph_reg_scale=1.0000, prediction_l2=0.000000, personal_sparse=0.001593, alpha_var=-0.001465, alpha_collapse=0.001387, reg_bce_ratio=0.0418
2026-04-13 12:54:00,017 - INFO - [junyi|junyi_abce_best_full|lr=0.003|drop=0.40] [Diag][AE] Epoch [009] | irt_abs_mean=1.7352, irt_std=1.0532, personal_warmup_scale=1.00, graph_row_entropy=3.1853, graph_entropy_ratio=0.4856, alpha_mean=0.1752, alpha_std=0.1570, alpha_bias_std=0.0266, personal_row_entropy=3.1852, personal_matrix_delta=0.0000, personal_matrix_student_std=0.0000, personal_delta_pre_softmax_norm=0.0226, personal_delta_student_std=0.0198, alpha_head_std=0.1553
2026-04-13 12:54:00,017 - INFO - [junyi|junyi_abce_best_full|lr=0.003|drop=0.40] [Diag][Graph] Epoch [009] | entropy_ratio=0.4856, diag_mass=0.1000, to_uniform_l2=0.007744, to_identity_l2=0.034570, tau_mean=0.6931, tau_std=0.0000, graph_reg_scale(train/val)=1.0000/1.0000
2026-04-13 12:54:00,017 - INFO - [junyi|junyi_abce_best_full|lr=0.003|drop=0.40] [Grad Norms] Epoch [009] | relation_emb=7.694549e-15, relation_tau=2.998782e-13, relation_wq=4.607837e-15, relation_wk=4.625823e-15, personal_u=0.000000e+00, personal_v=0.000000e+00, personal_alpha_bias=2.099324e-03, personal_gate_emb=4.468219e-09, personal_gate_student_proj=1.829199e-17, personal_gate_context_proj=2.660107e-12, personal_gate_student_direct=5.139377e-09, personal_gate_context_direct=7.479130e-04, personal_gate_out=2.416233e-08, personal_generator_emb=9.898548e-03, personal_generator_context_proj=0.000000e+00, personal_generator_context_hidden=0.000000e+00, personal_generator_context_to_u=0.000000e+00, personal_generator_context_to_v=0.000000e+00, personal_generator_student_row=1.759490e-10, personal_generator_student_col=2.880741e-03, personal_generator_low_rank_scale=1.517730e-12, personal_generator_direct_scale=1.185127e-03
2026-04-13 12:54:00,579 - INFO - [junyi|junyi_abce_best_full|lr=0.003|drop=0.40] -> New best AUC=0.8176 at epoch 9
2026-04-13 12:58:43,543 - INFO - [junyi|junyi_abce_best_full|lr=0.003|drop=0.40] Epoch [010/100] | Train: Loss=0.5063, BCE=0.4862, Reg=0.0201, AUC=0.8192, ACC=0.7675, RMSE=0.3996 | Val: Loss=0.5056, BCE=0.4854, Reg=0.0202, AUC=0.8180, ACC=0.7735, RMSE=0.3978
2026-04-13 12:58:43,543 - INFO - [junyi|junyi_abce_best_full|lr=0.003|drop=0.40] [Reg Terms] Epoch [010] | Train: graph_entropy=0.000000, graph_diag=0.012004, graph_uniform=0.006735, graph_reg_scale=1.0000, prediction_l2=0.000000, personal_sparse=0.001593, alpha_var=-0.001565, alpha_collapse=0.001331, reg_bce_ratio=0.0413 | Val: graph_entropy=0.000000, graph_diag=0.012000, graph_uniform=0.006735, graph_reg_scale=1.0000, prediction_l2=0.000000, personal_sparse=0.001593, alpha_var=-0.001463, alpha_collapse=0.001383, reg_bce_ratio=0.0417
2026-04-13 12:58:45,383 - INFO - [junyi|junyi_abce_best_full|lr=0.003|drop=0.40] [Diag][AE] Epoch [010] | irt_abs_mean=1.7661, irt_std=1.0797, personal_warmup_scale=1.00, graph_row_entropy=3.1853, graph_entropy_ratio=0.4856, alpha_mean=0.1751, alpha_std=0.1556, alpha_bias_std=0.0150, personal_row_entropy=3.1852, personal_matrix_delta=0.0000, personal_matrix_student_std=0.0000, personal_delta_pre_softmax_norm=0.0222, personal_delta_student_std=0.0208, alpha_head_std=0.1540
2026-04-13 12:58:45,383 - INFO - [junyi|junyi_abce_best_full|lr=0.003|drop=0.40] [Diag][Graph] Epoch [010] | entropy_ratio=0.4856, diag_mass=0.1000, to_uniform_l2=0.007744, to_identity_l2=0.034570, tau_mean=0.6931, tau_std=0.0000, graph_reg_scale(train/val)=1.0000/1.0000
2026-04-13 12:58:45,383 - INFO - [junyi|junyi_abce_best_full|lr=0.003|drop=0.40] [Grad Norms] Epoch [010] | relation_emb=1.516916e-14, relation_tau=1.120108e-12, relation_wq=8.649758e-15, relation_wk=8.362619e-15, personal_u=0.000000e+00, personal_v=0.000000e+00, personal_alpha_bias=2.075864e-03, personal_gate_emb=4.496514e-09, personal_gate_student_proj=9.603583e-17, personal_gate_context_proj=1.364192e-11, personal_gate_student_direct=6.046975e-09, personal_gate_context_direct=8.554379e-04, personal_gate_out=2.844168e-08, personal_generator_emb=7.622225e-03, personal_generator_context_proj=0.000000e+00, personal_generator_context_hidden=0.000000e+00, personal_generator_context_to_u=0.000000e+00, personal_generator_context_to_v=0.000000e+00, personal_generator_student_row=2.856881e-10, personal_generator_student_col=2.769909e-03, personal_generator_low_rank_scale=2.047589e-12, personal_generator_direct_scale=1.206033e-03
2026-04-13 12:58:45,964 - INFO - [junyi|junyi_abce_best_full|lr=0.003|drop=0.40] -> New best AUC=0.8180 at epoch 10
2026-04-13 12:58:46,100 - INFO - [junyi|junyi_abce_best_full|lr=0.003|drop=0.40] Checkpoint saved: checkpoints/abce_diag/ae_rescue_20260413_4265c13/junyi/seed42/best_full/checkpoint_epoch_10.pth
2026-04-13 12:58:46,383 - INFO - [junyi|junyi_abce_best_full|lr=0.003|drop=0.40] [Module Activity] Epoch 10: Graph[OK] Personal[X]
2026-04-13 13:03:29,353 - INFO - [junyi|junyi_abce_best_full|lr=0.003|drop=0.40] Epoch [011/100] | Train: Loss=0.5059, BCE=0.4858, Reg=0.0201, AUC=0.8200, ACC=0.7673, RMSE=0.3994 | Val: Loss=0.5069, BCE=0.4867, Reg=0.0202, AUC=0.8163, ACC=0.7741, RMSE=0.3985
2026-04-13 13:03:29,353 - INFO - [junyi|junyi_abce_best_full|lr=0.003|drop=0.40] [Reg Terms] Epoch [011] | Train: graph_entropy=0.000000, graph_diag=0.012002, graph_uniform=0.006735, graph_reg_scale=1.0000, prediction_l2=0.000000, personal_sparse=0.001593, alpha_var=-0.001556, alpha_collapse=0.001329, reg_bce_ratio=0.0414 | Val: graph_entropy=0.000000, graph_diag=0.012000, graph_uniform=0.006735, graph_reg_scale=1.0000, prediction_l2=0.000000, personal_sparse=0.001593, alpha_var=-0.001475, alpha_collapse=0.001327, reg_bce_ratio=0.0415
2026-04-13 13:03:31,289 - INFO - [junyi|junyi_abce_best_full|lr=0.003|drop=0.40] [Diag][AE] Epoch [011] | irt_abs_mean=1.7864, irt_std=1.0175, personal_warmup_scale=1.00, graph_row_entropy=3.1853, graph_entropy_ratio=0.4856, alpha_mean=0.1752, alpha_std=0.1523, alpha_bias_std=0.0195, personal_row_entropy=3.1852, personal_matrix_delta=0.0000, personal_matrix_student_std=0.0000, personal_delta_pre_softmax_norm=0.0239, personal_delta_student_std=0.0216, alpha_head_std=0.1506
2026-04-13 13:03:31,289 - INFO - [junyi|junyi_abce_best_full|lr=0.003|drop=0.40] [Diag][Graph] Epoch [011] | entropy_ratio=0.4856, diag_mass=0.1000, to_uniform_l2=0.007744, to_identity_l2=0.034570, tau_mean=0.6931, tau_std=0.0000, graph_reg_scale(train/val)=1.0000/1.0000
2026-04-13 13:03:31,290 - INFO - [junyi|junyi_abce_best_full|lr=0.003|drop=0.40] [Grad Norms] Epoch [011] | relation_emb=1.479828e-14, relation_tau=3.481966e-12, relation_wq=8.747936e-15, relation_wk=8.705188e-15, personal_u=0.000000e+00, personal_v=0.000000e+00, personal_alpha_bias=2.103202e-03, personal_gate_emb=5.891646e-09, personal_gate_student_proj=1.413834e-16, personal_gate_context_proj=1.595452e-11, personal_gate_student_direct=6.833894e-09, personal_gate_context_direct=7.702558e-04, personal_gate_out=2.396300e-08, personal_generator_emb=1.062456e-02, personal_generator_context_proj=0.000000e+00, personal_generator_context_hidden=0.000000e+00, personal_generator_context_to_u=0.000000e+00, personal_generator_context_to_v=0.000000e+00, personal_generator_student_row=2.021803e-10, personal_generator_student_col=2.644949e-03, personal_generator_low_rank_scale=2.063163e-12, personal_generator_direct_scale=6.913271e-04
2026-04-13 13:03:31,290 - INFO - [junyi|junyi_abce_best_full|lr=0.003|drop=0.40] -> No improvement 1 epoch(s) (best AUC=0.8180 @ 10)
2026-04-13 13:08:14,046 - INFO - [junyi|junyi_abce_best_full|lr=0.003|drop=0.40] Epoch [012/100] | Train: Loss=0.4929, BCE=0.4728, Reg=0.0201, AUC=0.8312, ACC=0.7772, RMSE=0.3929 | Val: Loss=0.5032, BCE=0.4830, Reg=0.0202, AUC=0.8215, ACC=0.7741, RMSE=0.3968
2026-04-13 13:08:14,046 - INFO - [junyi|junyi_abce_best_full|lr=0.003|drop=0.40] [Reg Terms] Epoch [012] | Train: graph_entropy=0.000000, graph_diag=0.012000, graph_uniform=0.006735, graph_reg_scale=1.0000, prediction_l2=0.000000, personal_sparse=0.001593, alpha_var=-0.001565, alpha_collapse=0.001329, reg_bce_ratio=0.0425 | Val: graph_entropy=0.000000, graph_diag=0.012000, graph_uniform=0.006735, graph_reg_scale=1.0000, prediction_l2=0.000000, personal_sparse=0.001592, alpha_var=-0.001459, alpha_collapse=0.001349, reg_bce_ratio=0.0419
2026-04-13 13:08:15,983 - INFO - [junyi|junyi_abce_best_full|lr=0.003|drop=0.40] [Diag][AE] Epoch [012] | irt_abs_mean=1.8886, irt_std=1.0592, personal_warmup_scale=1.00, graph_row_entropy=3.1853, graph_entropy_ratio=0.4856, alpha_mean=0.1752, alpha_std=0.1538, alpha_bias_std=0.0207, personal_row_entropy=3.1847, personal_matrix_delta=0.0000, personal_matrix_student_std=0.0000, personal_delta_pre_softmax_norm=0.0248, personal_delta_student_std=0.0242, alpha_head_std=0.1523
2026-04-13 13:08:15,984 - INFO - [junyi|junyi_abce_best_full|lr=0.003|drop=0.40] [Diag][Graph] Epoch [012] | entropy_ratio=0.4856, diag_mass=0.1000, to_uniform_l2=0.007744, to_identity_l2=0.034570, tau_mean=0.6931, tau_std=0.0000, graph_reg_scale(train/val)=1.0000/1.0000
2026-04-13 13:08:15,984 - INFO - [junyi|junyi_abce_best_full|lr=0.003|drop=0.40] [Grad Norms] Epoch [012] | relation_emb=0.000000e+00, relation_tau=0.000000e+00, relation_wq=0.000000e+00, relation_wk=0.000000e+00, personal_u=0.000000e+00, personal_v=0.000000e+00, personal_alpha_bias=2.120619e-03, personal_gate_emb=0.000000e+00, personal_gate_student_proj=0.000000e+00, personal_gate_context_proj=0.000000e+00, personal_gate_student_direct=0.000000e+00, personal_gate_context_direct=7.818989e-04, personal_gate_out=0.000000e+00, personal_generator_emb=1.113088e-02, personal_generator_context_proj=0.000000e+00, personal_generator_context_hidden=0.000000e+00, personal_generator_context_to_u=0.000000e+00, personal_generator_context_to_v=0.000000e+00, personal_generator_student_row=2.757632e-10, personal_generator_student_col=4.217821e-03, personal_generator_low_rank_scale=0.000000e+00, personal_generator_direct_scale=3.288704e-04
2026-04-13 13:08:16,576 - INFO - [junyi|junyi_abce_best_full|lr=0.003|drop=0.40] -> New best AUC=0.8215 at epoch 12
2026-04-13 13:12:58,387 - INFO - [junyi|junyi_abce_best_full|lr=0.003|drop=0.40] Epoch [013/100] | Train: Loss=0.4895, BCE=0.4694, Reg=0.0201, AUC=0.8340, ACC=0.7782, RMSE=0.3912 | Val: Loss=0.5040, BCE=0.4838, Reg=0.0202, AUC=0.8214, ACC=0.7744, RMSE=0.3967
2026-04-13 13:12:58,387 - INFO - [junyi|junyi_abce_best_full|lr=0.003|drop=0.40] [Reg Terms] Epoch [013] | Train: graph_entropy=0.000000, graph_diag=0.012004, graph_uniform=0.006735, graph_reg_scale=1.0000, prediction_l2=0.000000, personal_sparse=0.001592, alpha_var=-0.001550, alpha_collapse=0.001345, reg_bce_ratio=0.0429 | Val: graph_entropy=0.000000, graph_diag=0.012000, graph_uniform=0.006735, graph_reg_scale=1.0000, prediction_l2=0.000000, personal_sparse=0.001592, alpha_var=-0.001448, alpha_collapse=0.001354, reg_bce_ratio=0.0418
2026-04-13 13:13:00,210 - INFO - [junyi|junyi_abce_best_full|lr=0.003|drop=0.40] [Diag][AE] Epoch [013] | irt_abs_mean=1.8726, irt_std=1.1073, personal_warmup_scale=1.00, graph_row_entropy=3.1853, graph_entropy_ratio=0.4856, alpha_mean=0.1752, alpha_std=0.1540, alpha_bias_std=0.0203, personal_row_entropy=3.1849, personal_matrix_delta=0.0000, personal_matrix_student_std=0.0000, personal_delta_pre_softmax_norm=0.0240, personal_delta_student_std=0.0236, alpha_head_std=0.1526
2026-04-13 13:13:00,210 - INFO - [junyi|junyi_abce_best_full|lr=0.003|drop=0.40] [Diag][Graph] Epoch [013] | entropy_ratio=0.4856, diag_mass=0.1000, to_uniform_l2=0.007744, to_identity_l2=0.034570, tau_mean=0.6931, tau_std=0.0000, graph_reg_scale(train/val)=1.0000/1.0000
2026-04-13 13:13:00,210 - INFO - [junyi|junyi_abce_best_full|lr=0.003|drop=0.40] [Grad Norms] Epoch [013] | relation_emb=0.000000e+00, relation_tau=0.000000e+00, relation_wq=0.000000e+00, relation_wk=0.000000e+00, personal_u=0.000000e+00, personal_v=0.000000e+00, personal_alpha_bias=2.102184e-03, personal_gate_emb=0.000000e+00, personal_gate_student_proj=0.000000e+00, personal_gate_context_proj=0.000000e+00, personal_gate_student_direct=0.000000e+00, personal_gate_context_direct=7.324230e-04, personal_gate_out=0.000000e+00, personal_generator_emb=1.079979e-02, personal_generator_context_proj=0.000000e+00, personal_generator_context_hidden=0.000000e+00, personal_generator_context_to_u=0.000000e+00, personal_generator_context_to_v=0.000000e+00, personal_generator_student_row=1.367301e-10, personal_generator_student_col=1.718857e-03, personal_generator_low_rank_scale=0.000000e+00, personal_generator_direct_scale=1.103563e-03
2026-04-13 13:13:00,210 - INFO - [junyi|junyi_abce_best_full|lr=0.003|drop=0.40] -> No improvement 1 epoch(s) (best AUC=0.8215 @ 12)
2026-04-13 13:17:42,514 - INFO - [junyi|junyi_abce_best_full|lr=0.003|drop=0.40] Epoch [014/100] | Train: Loss=0.4868, BCE=0.4667, Reg=0.0201, AUC=0.8359, ACC=0.7802, RMSE=0.3899 | Val: Loss=0.5010, BCE=0.4808, Reg=0.0202, AUC=0.8222, ACC=0.7757, RMSE=0.3960
2026-04-13 13:17:42,515 - INFO - [junyi|junyi_abce_best_full|lr=0.003|drop=0.40] [Reg Terms] Epoch [014] | Train: graph_entropy=0.000000, graph_diag=0.012000, graph_uniform=0.006735, graph_reg_scale=1.0000, prediction_l2=0.000000, personal_sparse=0.001593, alpha_var=-0.001542, alpha_collapse=0.001325, reg_bce_ratio=0.0431 | Val: graph_entropy=0.000000, graph_diag=0.012000, graph_uniform=0.006735, graph_reg_scale=1.0000, prediction_l2=0.000000, personal_sparse=0.001593, alpha_var=-0.001454, alpha_collapse=0.001347, reg_bce_ratio=0.0421
2026-04-13 13:17:44,113 - INFO - [junyi|junyi_abce_best_full|lr=0.003|drop=0.40] [Diag][AE] Epoch [014] | irt_abs_mean=1.7701, irt_std=1.0492, personal_warmup_scale=1.00, graph_row_entropy=3.1853, graph_entropy_ratio=0.4856, alpha_mean=0.1752, alpha_std=0.1506, alpha_bias_std=0.0177, personal_row_entropy=3.1851, personal_matrix_delta=0.0000, personal_matrix_student_std=0.0000, personal_delta_pre_softmax_norm=0.0218, personal_delta_student_std=0.0200, alpha_head_std=0.1489
2026-04-13 13:17:44,113 - INFO - [junyi|junyi_abce_best_full|lr=0.003|drop=0.40] [Diag][Graph] Epoch [014] | entropy_ratio=0.4856, diag_mass=0.1000, to_uniform_l2=0.007744, to_identity_l2=0.034570, tau_mean=0.6931, tau_std=0.0000, graph_reg_scale(train/val)=1.0000/1.0000
2026-04-13 13:17:44,114 - INFO - [junyi|junyi_abce_best_full|lr=0.003|drop=0.40] [Grad Norms] Epoch [014] | relation_emb=3.066833e-15, relation_tau=1.737146e-13, relation_wq=1.555363e-15, relation_wk=1.563817e-15, personal_u=0.000000e+00, personal_v=0.000000e+00, personal_alpha_bias=2.107557e-03, personal_gate_emb=1.285179e-09, personal_gate_student_proj=1.794647e-18, personal_gate_context_proj=7.211163e-13, personal_gate_student_direct=1.985526e-09, personal_gate_context_direct=7.963167e-04, personal_gate_out=6.362320e-09, personal_generator_emb=1.790158e-02, personal_generator_context_proj=0.000000e+00, personal_generator_context_hidden=0.000000e+00, personal_generator_context_to_u=0.000000e+00, personal_generator_context_to_v=0.000000e+00, personal_generator_student_row=3.693240e-10, personal_generator_student_col=3.153586e-03, personal_generator_low_rank_scale=1.621361e-17, personal_generator_direct_scale=1.095597e-03
2026-04-13 13:17:44,869 - INFO - [junyi|junyi_abce_best_full|lr=0.003|drop=0.40] -> New best AUC=0.8222 at epoch 14
2026-04-13 13:22:27,413 - INFO - [junyi|junyi_abce_best_full|lr=0.003|drop=0.40] Epoch [015/100] | Train: Loss=0.4860, BCE=0.4658, Reg=0.0201, AUC=0.8367, ACC=0.7803, RMSE=0.3896 | Val: Loss=0.5020, BCE=0.4817, Reg=0.0203, AUC=0.8218, ACC=0.7734, RMSE=0.3966
2026-04-13 13:22:27,413 - INFO - [junyi|junyi_abce_best_full|lr=0.003|drop=0.40] [Reg Terms] Epoch [015] | Train: graph_entropy=0.000000, graph_diag=0.012004, graph_uniform=0.006735, graph_reg_scale=1.0000, prediction_l2=0.000000, personal_sparse=0.001593, alpha_var=-0.001524, alpha_collapse=0.001326, reg_bce_ratio=0.0432 | Val: graph_entropy=0.000000, graph_diag=0.012000, graph_uniform=0.006735, graph_reg_scale=1.0000, prediction_l2=0.000000, personal_sparse=0.001593, alpha_var=-0.001430, alpha_collapse=0.001356, reg_bce_ratio=0.0420
2026-04-13 13:22:29,370 - INFO - [junyi|junyi_abce_best_full|lr=0.003|drop=0.40] [Diag][AE] Epoch [015] | irt_abs_mean=1.7855, irt_std=1.0488, personal_warmup_scale=1.00, graph_row_entropy=3.1853, graph_entropy_ratio=0.4856, alpha_mean=0.1751, alpha_std=0.1514, alpha_bias_std=0.0190, personal_row_entropy=3.1852, personal_matrix_delta=0.0000, personal_matrix_student_std=0.0000, personal_delta_pre_softmax_norm=0.0227, personal_delta_student_std=0.0217, alpha_head_std=0.1503
2026-04-13 13:22:29,370 - INFO - [junyi|junyi_abce_best_full|lr=0.003|drop=0.40] [Diag][Graph] Epoch [015] | entropy_ratio=0.4856, diag_mass=0.1000, to_uniform_l2=0.007744, to_identity_l2=0.034570, tau_mean=0.6931, tau_std=0.0000, graph_reg_scale(train/val)=1.0000/1.0000
2026-04-13 13:22:29,370 - INFO - [junyi|junyi_abce_best_full|lr=0.003|drop=0.40] [Grad Norms] Epoch [015] | relation_emb=1.261862e-15, relation_tau=3.997388e-13, relation_wq=6.405205e-16, relation_wk=6.161520e-16, personal_u=0.000000e+00, personal_v=0.000000e+00, personal_alpha_bias=2.085034e-03, personal_gate_emb=2.821408e-09, personal_gate_student_proj=1.190812e-17, personal_gate_context_proj=3.188119e-12, personal_gate_student_direct=3.178331e-09, personal_gate_context_direct=8.486868e-04, personal_gate_out=1.272487e-08, personal_generator_emb=7.118296e-03, personal_generator_context_proj=0.000000e+00, personal_generator_context_hidden=0.000000e+00, personal_generator_context_to_u=0.000000e+00, personal_generator_context_to_v=0.000000e+00, personal_generator_student_row=4.210303e-10, personal_generator_student_col=2.906125e-03, personal_generator_low_rank_scale=2.059312e-15, personal_generator_direct_scale=5.548031e-04
2026-04-13 13:22:29,370 - INFO - [junyi|junyi_abce_best_full|lr=0.003|drop=0.40] -> No improvement 1 epoch(s) (best AUC=0.8222 @ 14)
2026-04-13 13:27:12,149 - INFO - [junyi|junyi_abce_best_full|lr=0.003|drop=0.40] Epoch [016/100] | Train: Loss=0.4833, BCE=0.4632, Reg=0.0201, AUC=0.8388, ACC=0.7826, RMSE=0.3883 | Val: Loss=0.5029, BCE=0.4826, Reg=0.0203, AUC=0.8220, ACC=0.7734, RMSE=0.3966
2026-04-13 13:27:12,149 - INFO - [junyi|junyi_abce_best_full|lr=0.003|drop=0.40] [Reg Terms] Epoch [016] | Train: graph_entropy=0.000000, graph_diag=0.012000, graph_uniform=0.006735, graph_reg_scale=1.0000, prediction_l2=0.000000, personal_sparse=0.001593, alpha_var=-0.001510, alpha_collapse=0.001326, reg_bce_ratio=0.0435 | Val: graph_entropy=0.000000, graph_diag=0.012000, graph_uniform=0.006735, graph_reg_scale=1.0000, prediction_l2=0.000000, personal_sparse=0.001593, alpha_var=-0.001408, alpha_collapse=0.001383, reg_bce_ratio=0.0421
2026-04-13 13:27:14,017 - INFO - [junyi|junyi_abce_best_full|lr=0.003|drop=0.40] [Diag][AE] Epoch [016] | irt_abs_mean=1.8751, irt_std=1.0922, personal_warmup_scale=1.00, graph_row_entropy=3.1853, graph_entropy_ratio=0.4856, alpha_mean=0.1752, alpha_std=0.1470, alpha_bias_std=0.0183, personal_row_entropy=3.1852, personal_matrix_delta=0.0000, personal_matrix_student_std=0.0000, personal_delta_pre_softmax_norm=0.0228, personal_delta_student_std=0.0214, alpha_head_std=0.1449
2026-04-13 13:27:14,017 - INFO - [junyi|junyi_abce_best_full|lr=0.003|drop=0.40] [Diag][Graph] Epoch [016] | entropy_ratio=0.4856, diag_mass=0.1000, to_uniform_l2=0.007744, to_identity_l2=0.034570, tau_mean=0.6931, tau_std=0.0000, graph_reg_scale(train/val)=1.0000/1.0000
2026-04-13 13:27:14,018 - INFO - [junyi|junyi_abce_best_full|lr=0.003|drop=0.40] [Grad Norms] Epoch [016] | relation_emb=2.322057e-16, relation_tau=3.050475e-13, relation_wq=1.213140e-16, relation_wk=1.089923e-16, personal_u=0.000000e+00, personal_v=0.000000e+00, personal_alpha_bias=2.108220e-03, personal_gate_emb=2.711210e-09, personal_gate_student_proj=1.509900e-17, personal_gate_context_proj=3.544762e-12, personal_gate_student_direct=3.329184e-09, personal_gate_context_direct=7.813037e-04, personal_gate_out=9.098005e-09, personal_generator_emb=1.144482e-02, personal_generator_context_proj=0.000000e+00, personal_generator_context_hidden=0.000000e+00, personal_generator_context_to_u=0.000000e+00, personal_generator_context_to_v=0.000000e+00, personal_generator_student_row=3.224462e-10, personal_generator_student_col=1.944290e-03, personal_generator_low_rank_scale=1.671586e-13, personal_generator_direct_scale=1.056597e-03
2026-04-13 13:27:14,018 - INFO - [junyi|junyi_abce_best_full|lr=0.003|drop=0.40] -> No improvement 2 epoch(s) (best AUC=0.8222 @ 14)
2026-04-13 13:31:56,235 - INFO - [junyi|junyi_abce_best_full|lr=0.003|drop=0.40] Epoch [017/100] | Train: Loss=0.4666, BCE=0.4465, Reg=0.0202, AUC=0.8518, ACC=0.7935, RMSE=0.3799 | Val: Loss=0.5074, BCE=0.4871, Reg=0.0203, AUC=0.8227, ACC=0.7747, RMSE=0.3975
2026-04-13 13:31:56,235 - INFO - [junyi|junyi_abce_best_full|lr=0.003|drop=0.40] [Reg Terms] Epoch [017] | Train: graph_entropy=0.000000, graph_diag=0.012000, graph_uniform=0.006735, graph_reg_scale=1.0000, prediction_l2=0.000000, personal_sparse=0.001593, alpha_var=-0.001495, alpha_collapse=0.001336, reg_bce_ratio=0.0452 | Val: graph_entropy=0.000000, graph_diag=0.012000, graph_uniform=0.006735, graph_reg_scale=1.0000, prediction_l2=0.000000, personal_sparse=0.001592, alpha_var=-0.001394, alpha_collapse=0.001373, reg_bce_ratio=0.0417
2026-04-13 13:31:58,143 - INFO - [junyi|junyi_abce_best_full|lr=0.003|drop=0.40] [Diag][AE] Epoch [017] | irt_abs_mean=1.9981, irt_std=1.1531, personal_warmup_scale=1.00, graph_row_entropy=3.1853, graph_entropy_ratio=0.4856, alpha_mean=0.1751, alpha_std=0.1477, alpha_bias_std=0.0195, personal_row_entropy=3.1850, personal_matrix_delta=0.0000, personal_matrix_student_std=0.0000, personal_delta_pre_softmax_norm=0.0208, personal_delta_student_std=0.0204, alpha_head_std=0.1458
2026-04-13 13:31:58,143 - INFO - [junyi|junyi_abce_best_full|lr=0.003|drop=0.40] [Diag][Graph] Epoch [017] | entropy_ratio=0.4856, diag_mass=0.1000, to_uniform_l2=0.007744, to_identity_l2=0.034570, tau_mean=0.6931, tau_std=0.0000, graph_reg_scale(train/val)=1.0000/1.0000
2026-04-13 13:31:58,143 - INFO - [junyi|junyi_abce_best_full|lr=0.003|drop=0.40] [Grad Norms] Epoch [017] | relation_emb=0.000000e+00, relation_tau=0.000000e+00, relation_wq=0.000000e+00, relation_wk=0.000000e+00, personal_u=0.000000e+00, personal_v=0.000000e+00, personal_alpha_bias=2.077521e-03, personal_gate_emb=0.000000e+00, personal_gate_student_proj=0.000000e+00, personal_gate_context_proj=0.000000e+00, personal_gate_student_direct=0.000000e+00, personal_gate_context_direct=8.872543e-04, personal_gate_out=0.000000e+00, personal_generator_emb=1.348252e-02, personal_generator_context_proj=0.000000e+00, personal_generator_context_hidden=0.000000e+00, personal_generator_context_to_u=0.000000e+00, personal_generator_context_to_v=0.000000e+00, personal_generator_student_row=3.351323e-10, personal_generator_student_col=2.895746e-03, personal_generator_low_rank_scale=0.000000e+00, personal_generator_direct_scale=1.054305e-03
2026-04-13 13:31:58,650 - INFO - [junyi|junyi_abce_best_full|lr=0.003|drop=0.40] -> New best AUC=0.8227 at epoch 17
2026-04-13 13:36:40,506 - INFO - [junyi|junyi_abce_best_full|lr=0.003|drop=0.40] Epoch [018/100] | Train: Loss=0.4602, BCE=0.4400, Reg=0.0202, AUC=0.8566, ACC=0.7965, RMSE=0.3769 | Val: Loss=0.5074, BCE=0.4870, Reg=0.0203, AUC=0.8212, ACC=0.7743, RMSE=0.3980
2026-04-13 13:36:40,506 - INFO - [junyi|junyi_abce_best_full|lr=0.003|drop=0.40] [Reg Terms] Epoch [018] | Train: graph_entropy=0.000000, graph_diag=0.012004, graph_uniform=0.006735, graph_reg_scale=1.0000, prediction_l2=0.000000, personal_sparse=0.001593, alpha_var=-0.001494, alpha_collapse=0.001344, reg_bce_ratio=0.0459 | Val: graph_entropy=0.000000, graph_diag=0.012000, graph_uniform=0.006735, graph_reg_scale=1.0000, prediction_l2=0.000000, personal_sparse=0.001593, alpha_var=-0.001414, alpha_collapse=0.001398, reg_bce_ratio=0.0417
2026-04-13 13:36:42,461 - INFO - [junyi|junyi_abce_best_full|lr=0.003|drop=0.40] [Diag][AE] Epoch [018] | irt_abs_mean=1.8908, irt_std=1.1110, personal_warmup_scale=1.00, graph_row_entropy=3.1853, graph_entropy_ratio=0.4856, alpha_mean=0.1752, alpha_std=0.1497, alpha_bias_std=0.0193, personal_row_entropy=3.1851, personal_matrix_delta=0.0000, personal_matrix_student_std=0.0000, personal_delta_pre_softmax_norm=0.0214, personal_delta_student_std=0.0212, alpha_head_std=0.1480
2026-04-13 13:36:42,462 - INFO - [junyi|junyi_abce_best_full|lr=0.003|drop=0.40] [Diag][Graph] Epoch [018] | entropy_ratio=0.4856, diag_mass=0.1000, to_uniform_l2=0.007744, to_identity_l2=0.034570, tau_mean=0.6931, tau_std=0.0000, graph_reg_scale(train/val)=1.0000/1.0000
2026-04-13 13:36:42,462 - INFO - [junyi|junyi_abce_best_full|lr=0.003|drop=0.40] [Grad Norms] Epoch [018] | relation_emb=0.000000e+00, relation_tau=0.000000e+00, relation_wq=0.000000e+00, relation_wk=0.000000e+00, personal_u=0.000000e+00, personal_v=0.000000e+00, personal_alpha_bias=2.088405e-03, personal_gate_emb=0.000000e+00, personal_gate_student_proj=0.000000e+00, personal_gate_context_proj=0.000000e+00, personal_gate_student_direct=0.000000e+00, personal_gate_context_direct=8.625858e-04, personal_gate_out=0.000000e+00, personal_generator_emb=9.264789e-03, personal_generator_context_proj=0.000000e+00, personal_generator_context_hidden=0.000000e+00, personal_generator_context_to_u=0.000000e+00, personal_generator_context_to_v=0.000000e+00, personal_generator_student_row=2.494716e-10, personal_generator_student_col=1.860771e-03, personal_generator_low_rank_scale=0.000000e+00, personal_generator_direct_scale=1.024072e-03
2026-04-13 13:36:42,462 - INFO - [junyi|junyi_abce_best_full|lr=0.003|drop=0.40] -> No improvement 1 epoch(s) (best AUC=0.8227 @ 17)
2026-04-13 13:41:24,384 - INFO - [junyi|junyi_abce_best_full|lr=0.003|drop=0.40] Epoch [019/100] | Train: Loss=0.4429, BCE=0.4227, Reg=0.0202, AUC=0.8692, ACC=0.8058, RMSE=0.3682 | Val: Loss=0.5201, BCE=0.4998, Reg=0.0203, AUC=0.8193, ACC=0.7711, RMSE=0.4017
2026-04-13 13:41:24,384 - INFO - [junyi|junyi_abce_best_full|lr=0.003|drop=0.40] [Reg Terms] Epoch [019] | Train: graph_entropy=0.000000, graph_diag=0.012000, graph_uniform=0.006735, graph_reg_scale=1.0000, prediction_l2=0.000000, personal_sparse=0.001593, alpha_var=-0.001481, alpha_collapse=0.001347, reg_bce_ratio=0.0478 | Val: graph_entropy=0.000000, graph_diag=0.012000, graph_uniform=0.006735, graph_reg_scale=1.0000, prediction_l2=0.000000, personal_sparse=0.001593, alpha_var=-0.001393, alpha_collapse=0.001373, reg_bce_ratio=0.0406
2026-04-13 13:41:26,223 - INFO - [junyi|junyi_abce_best_full|lr=0.003|drop=0.40] [Diag][AE] Epoch [019] | irt_abs_mean=2.0728, irt_std=1.1982, personal_warmup_scale=1.00, graph_row_entropy=3.1853, graph_entropy_ratio=0.4856, alpha_mean=0.1751, alpha_std=0.1491, alpha_bias_std=0.0190, personal_row_entropy=3.1852, personal_matrix_delta=0.0000, personal_matrix_student_std=0.0000, personal_delta_pre_softmax_norm=0.0225, personal_delta_student_std=0.0223, alpha_head_std=0.1473
2026-04-13 13:41:26,223 - INFO - [junyi|junyi_abce_best_full|lr=0.003|drop=0.40] [Diag][Graph] Epoch [019] | entropy_ratio=0.4856, diag_mass=0.1000, to_uniform_l2=0.007744, to_identity_l2=0.034570, tau_mean=0.6931, tau_std=0.0000, graph_reg_scale(train/val)=1.0000/1.0000
2026-04-13 13:41:26,223 - INFO - [junyi|junyi_abce_best_full|lr=0.003|drop=0.40] [Grad Norms] Epoch [019] | relation_emb=0.000000e+00, relation_tau=0.000000e+00, relation_wq=0.000000e+00, relation_wk=0.000000e+00, personal_u=0.000000e+00, personal_v=0.000000e+00, personal_alpha_bias=2.074178e-03, personal_gate_emb=0.000000e+00, personal_gate_student_proj=0.000000e+00, personal_gate_context_proj=0.000000e+00, personal_gate_student_direct=0.000000e+00, personal_gate_context_direct=8.015698e-04, personal_gate_out=0.000000e+00, personal_generator_emb=1.230748e-02, personal_generator_context_proj=0.000000e+00, personal_generator_context_hidden=0.000000e+00, personal_generator_context_to_u=0.000000e+00, personal_generator_context_to_v=0.000000e+00, personal_generator_student_row=2.873669e-10, personal_generator_student_col=4.307766e-03, personal_generator_low_rank_scale=0.000000e+00, personal_generator_direct_scale=1.099754e-03
2026-04-13 13:41:26,223 - INFO - [junyi|junyi_abce_best_full|lr=0.003|drop=0.40] -> No improvement 2 epoch(s) (best AUC=0.8227 @ 17)
2026-04-13 13:46:08,019 - INFO - [junyi|junyi_abce_best_full|lr=0.003|drop=0.40] Epoch [020/100] | Train: Loss=0.4352, BCE=0.4150, Reg=0.0202, AUC=0.8744, ACC=0.8098, RMSE=0.3642 | Val: Loss=0.5215, BCE=0.5011, Reg=0.0203, AUC=0.8180, ACC=0.7694, RMSE=0.4026
2026-04-13 13:46:08,019 - INFO - [junyi|junyi_abce_best_full|lr=0.003|drop=0.40] [Reg Terms] Epoch [020] | Train: graph_entropy=0.000000, graph_diag=0.012000, graph_uniform=0.006735, graph_reg_scale=1.0000, prediction_l2=0.000000, personal_sparse=0.001593, alpha_var=-0.001478, alpha_collapse=0.001347, reg_bce_ratio=0.0487 | Val: graph_entropy=0.000000, graph_diag=0.012000, graph_uniform=0.006735, graph_reg_scale=1.0000, prediction_l2=0.000000, personal_sparse=0.001593, alpha_var=-0.001386, alpha_collapse=0.001369, reg_bce_ratio=0.0405
2026-04-13 13:46:09,889 - INFO - [junyi|junyi_abce_best_full|lr=0.003|drop=0.40] [Diag][AE] Epoch [020] | irt_abs_mean=2.0100, irt_std=1.2108, personal_warmup_scale=1.00, graph_row_entropy=3.1853, graph_entropy_ratio=0.4856, alpha_mean=0.1751, alpha_std=0.1487, alpha_bias_std=0.0193, personal_row_entropy=3.1853, personal_matrix_delta=0.0000, personal_matrix_student_std=0.0000, personal_delta_pre_softmax_norm=0.0222, personal_delta_student_std=0.0221, alpha_head_std=0.1469
2026-04-13 13:46:09,890 - INFO - [junyi|junyi_abce_best_full|lr=0.003|drop=0.40] [Diag][Graph] Epoch [020] | entropy_ratio=0.4856, diag_mass=0.1000, to_uniform_l2=0.007744, to_identity_l2=0.034570, tau_mean=0.6931, tau_std=0.0000, graph_reg_scale(train/val)=1.0000/1.0000
2026-04-13 13:46:09,890 - INFO - [junyi|junyi_abce_best_full|lr=0.003|drop=0.40] [Grad Norms] Epoch [020] | relation_emb=0.000000e+00, relation_tau=0.000000e+00, relation_wq=0.000000e+00, relation_wk=0.000000e+00, personal_u=0.000000e+00, personal_v=0.000000e+00, personal_alpha_bias=2.083773e-03, personal_gate_emb=0.000000e+00, personal_gate_student_proj=0.000000e+00, personal_gate_context_proj=0.000000e+00, personal_gate_student_direct=0.000000e+00, personal_gate_context_direct=8.521784e-04, personal_gate_out=0.000000e+00, personal_generator_emb=1.421648e-02, personal_generator_context_proj=0.000000e+00, personal_generator_context_hidden=0.000000e+00, personal_generator_context_to_u=0.000000e+00, personal_generator_context_to_v=0.000000e+00, personal_generator_student_row=2.724910e-10, personal_generator_student_col=2.964050e-03, personal_generator_low_rank_scale=0.000000e+00, personal_generator_direct_scale=1.091686e-03
2026-04-13 13:46:09,890 - INFO - [junyi|junyi_abce_best_full|lr=0.003|drop=0.40] -> No improvement 3 epoch(s) (best AUC=0.8227 @ 17)
2026-04-13 13:46:09,890 - INFO - [junyi|junyi_abce_best_full|lr=0.003|drop=0.40] Early stopping at epoch 20 (best AUC=0.8227 @ 17)
2026-04-13 13:46:09,895 - INFO - Epoch-wise metrics saved to checkpoints/abce_diag/ae_rescue_20260413_4265c13/junyi/seed42/best_full/metrics_history.csv
2026-04-13 13:46:09,896 - INFO - [junyi|junyi_abce_best_full|lr=0.003|drop=0.40] Training completed! Best Val AUC=0.8227 @ epoch 17
2026-04-13 13:46:10,177 - INFO - 
============================================================
         MODULE ACTIVITY REPORT
============================================================
Dataset: junyi | Seed: 42 | Epoch: 20

1. Concept Graph Module (A):
   - Mean row entropy: 3.185 / 6.560
   - Entropy ratio: 48.6%
   - Status: ACTIVE (learning meaningful structure)

2. Personal Graph Module (E):
   - Alpha mean: 0.175
   - Alpha std: 0.150
   - Alpha bias std: 0.014
   - Personal/global delta: 0.0000
   - Inter-student matrix std: 0.0000
   - Status: INACTIVE (personal graph barely deviates from global graph)
   -> Consider: strengthen personal delta or alpha anti-collapse regularization

------------------------------------------------------------
SUMMARY:
   Active modules: Concept Graph (A)
   Inactive modules: Personal Graph (E)
============================================================
2026-04-13 13:46:10,177 - INFO - [junyi|junyi_abce_best_full|lr=0.003|drop=0.40] Module activity saved to checkpoints/abce_diag/ae_rescue_20260413_4265c13/junyi/seed42/best_full/module_activity.json
2026-04-13 13:46:10,225 - INFO - Using device: cuda:0 (physical gpu 3)
2026-04-13 13:46:10,225 - INFO - Loading model from checkpoints/abce_diag/ae_rescue_20260413_4265c13/junyi/seed42/best_full/best_model.pth...
2026-04-13 13:46:10,319 - INFO - Inference switches: ablate_module1=False | enable_module1=True | use_concept_graph=True | effective(num_gnn_layers=2)
2026-04-13 13:46:10,396 - INFO - [Inference] Ablation runtime check: args(ablate_module1=False) | model(enable_module1=True) | physical(has_knowledge_encoder=True)
2026-04-13 13:46:10,396 - INFO - [Inference] [Graph Init] graph_tau_mean=1.0055, graph_tau_std=0.0000, graph_dropout=0.000, use_personal_graph=True
2026-04-13 13:46:10,398 - INFO - Model loaded from epoch 17. Start testing...
2026-04-13 13:46:22,659 - INFO - [Test] 200/262 batches done, samples=51200
2026-04-13 13:46:26,506 - INFO - 
==================================================
2026-04-13 13:46:26,506 - INFO - Test Results:
2026-04-13 13:46:26,506 - INFO - AUC: 0.8265
2026-04-13 13:46:26,506 - INFO - ACC: 0.7691
2026-04-13 13:46:26,506 - INFO - RMSE: 0.4026
2026-04-13 13:46:26,506 - INFO - ==================================================
2026-04-13 13:46:26,520 - INFO - Summary appended to /home/zsh/ConceptSkillCDM/results/experiment_results.csv
2026-04-13 13:46:26,520 - INFO - 
Generating student diagnosis reports...
2026-04-13 13:46:26,542 - INFO - Student diagnosis reports saved to checkpoints/abce_diag/ae_rescue_20260413_4265c13/junyi/seed42/best_full/student_diagnosis.json
2026-04-13 13:46:26,545 - INFO - Run completed.
2026-04-13 13:46:26,545 - INFO - Best validation AUC: 0.8227 at epoch 17
2026-04-13 13:46:26,545 - INFO - Test metrics - AUC: 0.8265, ACC: 0.7691, RMSE: 0.4026
2026-04-13 13:46:26,743 - INFO - [数据清洗] 学生交互次数 < 15 次的学生：共移除 0 个学生（仅统计用户数）
2026-04-13 13:46:26,754 - INFO - [数据清洗] 学生冷启动过滤：在 train/valid/test 中共删除 0 条记录。
2026-04-13 13:46:26,754 - INFO - [数据清洗] 跳过题目冷门过滤（min_exer_interactions <= 0）。
2026-04-13 13:46:26,754 - INFO - [数据清洗] 跳过毒题清洗（min_poison_count <= 0）。
2026-04-13 13:46:26,754 - INFO - 正在构建ID映射...
2026-04-13 13:46:26,920 - INFO - 正在构建Q矩阵...
2026-04-13 13:46:33,859 - INFO - [统计] 开始统计清洗后每道题的概念数量分布...
2026-04-13 13:46:33,861 - INFO - [Train] 概念数统计：题目数=702, 平均概念数=1.0000, min=1, max=1, 1概念=702 (100.00%), ≥2概念=0 (0.00%)
2026-04-13 13:46:33,861 - INFO - [Train] 概念数直方图（概念数: 题目数量）: {1: 702}
2026-04-13 13:46:33,862 - INFO - [Valid] 概念数统计：题目数=623, 平均概念数=1.0000, min=1, max=1, 1概念=623 (100.00%), ≥2概念=0 (0.00%)
2026-04-13 13:46:33,862 - INFO - [Valid] 概念数直方图（概念数: 题目数量）: {1: 623}
2026-04-13 13:46:33,862 - INFO - [Test] 概念数统计：题目数=673, 平均概念数=1.0000, min=1, max=1, 1概念=673 (100.00%), ≥2概念=0 (0.00%)
2026-04-13 13:46:33,862 - INFO - [Test] 概念数直方图（概念数: 题目数量）: {1: 673}
2026-04-13 13:46:33,862 - INFO - [统计] 概念数量统计完成。
2026-04-13 13:46:33,862 - INFO - 正在加载数据集...
2026-04-13 13:46:33,942 - INFO - [Component Analysis] Global graph: torch.Size([2, 706, 706])
2026-04-13 13:46:34,700 - INFO - [Component Analysis] Gate alpha samples: 200
2026-04-13 13:46:34,955 - INFO - [Component Analysis] Personal graph samples: (10, 2, 706, 706)
2026-04-13 13:46:38,001 - INFO - [Component Analysis] Data saved to checkpoints/abce_diag/ae_rescue_20260413_4265c13/junyi/seed42/best_full/component_analysis_data.npz
2026-04-13 13:46:38,277 - INFO - Generating component analysis visualizations...
2026-04-13 13:46:38,818 - WARNING - Failed to generate visualizations: Invalid shape (2, 706, 706) for image data
