2026-02-10 13:42:10,083 - INFO - Arguments:
2026-02-10 13:42:10,083 - INFO -   ablate_concept_graph: False
2026-02-10 13:42:10,083 - INFO -   ablate_module1: False
2026-02-10 13:42:10,083 - INFO -   ablate_module2: False
2026-02-10 13:42:10,083 - INFO -   ablate_module3: True
2026-02-10 13:42:10,083 - INFO -   ablate_skill_encoder: False
2026-02-10 13:42:10,083 - INFO -   ablate_soft_prototype: True
2026-02-10 13:42:10,083 - INFO -   allow_self_loop: True
2026-02-10 13:42:10,083 - INFO -   batch_size: 256
2026-02-10 13:42:10,083 - INFO -   data_dir: ./data/junyi
2026-02-10 13:42:10,083 - INFO -   dataset_name: junyi
2026-02-10 13:42:10,083 - INFO -   debug_module3_diag: True
2026-02-10 13:42:10,083 - INFO -   diag_batches: 2
2026-02-10 13:42:10,084 - INFO -   disable_q_aligned_residual: False
2026-02-10 13:42:10,084 - INFO -   disable_q_conditioning: False
2026-02-10 13:42:10,084 - INFO -   disable_self_loop: False
2026-02-10 13:42:10,084 - INFO -   disable_soft_prototype: True
2026-02-10 13:42:10,084 - INFO -   dropout: 0.4
2026-02-10 13:42:10,084 - INFO -   early_stop_patience: 3
2026-02-10 13:42:10,084 - INFO -   enable_module1: True
2026-02-10 13:42:10,084 - INFO -   enable_module2: True
2026-02-10 13:42:10,084 - INFO -   enable_module3: False
2026-02-10 13:42:10,084 - INFO -   enable_soft_prototype: False
2026-02-10 13:42:10,084 - INFO -   epochs: 15
2026-02-10 13:42:10,084 - INFO -   exercise_dim: 128
2026-02-10 13:42:10,084 - INFO -   exercise_l2_lambda: 5e-05
2026-02-10 13:42:10,084 - INFO -   fusion_gate_bias_init: -2.5
2026-02-10 13:42:10,084 - INFO -   fusion_gate_max: 0.4
2026-02-10 13:42:10,084 - INFO -   generate_diagnosis: False
2026-02-10 13:42:10,084 - INFO -   gnn_residual_weight: 0.5
2026-02-10 13:42:10,084 - INFO -   gpu_candidates: None
2026-02-10 13:42:10,084 - INFO -   gpu_ids: None
2026-02-10 13:42:10,084 - INFO -   gpu_memory_threshold: 2000
2026-02-10 13:42:10,084 - INFO -   gpus: None
2026-02-10 13:42:10,084 - INFO -   graph_topk: None
2026-02-10 13:42:10,084 - INFO -   knowledge_dim: 128
2026-02-10 13:42:10,084 - INFO -   lambda_alpha: 0.01
2026-02-10 13:42:10,084 - INFO -   lambda_proto_div: 0.0
2026-02-10 13:42:10,084 - INFO -   lambda_proto_usage: 0.0
2026-02-10 13:42:10,084 - INFO -   lambda_sparse: 0.01
2026-02-10 13:42:10,084 - INFO -   lambda_sparse_personal: 0.005
2026-02-10 13:42:10,084 - INFO -   learning_rate: 0.003
2026-02-10 13:42:10,084 - INFO -   log_dir: logs/junyi_m3grid/seed42/sparse001_no3
2026-02-10 13:42:10,084 - INFO -   min_exer_interactions: 0
2026-02-10 13:42:10,085 - INFO -   min_poison_count: 0
2026-02-10 13:42:10,085 - INFO -   min_stu_interactions: 15
2026-02-10 13:42:10,085 - INFO -   model_variant: junyi_m3grid_sparse001_no3
2026-02-10 13:42:10,085 - INFO -   multi_gpu: False
2026-02-10 13:42:10,085 - INFO -   no_cuda: False
2026-02-10 13:42:10,085 - INFO -   num_gnn_layers: 2
2026-02-10 13:42:10,085 - INFO -   num_gpus: 1
2026-02-10 13:42:10,085 - INFO -   num_prototypes: 0
2026-02-10 13:42:10,085 - INFO -   num_relation_heads: 2
2026-02-10 13:42:10,085 - INFO -   num_workers: 4
2026-02-10 13:42:10,085 - INFO -   patience: 1
2026-02-10 13:42:10,085 - INFO -   personal_rank: 4
2026-02-10 13:42:10,085 - INFO -   proto_lambda: 0.0
2026-02-10 13:42:10,085 - INFO -   proto_tau: 1.0
2026-02-10 13:42:10,085 - INFO -   residual_clip_t: 2.0
2026-02-10 13:42:10,085 - INFO -   save_dir: checkpoints/junyi_m3grid/seed42/sparse001_no3
2026-02-10 13:42:10,085 - INFO -   save_interval: 10
2026-02-10 13:42:10,085 - INFO -   seed: 42
2026-02-10 13:42:10,085 - INFO -   skill_dim: 64
2026-02-10 13:42:10,085 - INFO -   use_concept_graph: True
2026-02-10 13:42:10,085 - INFO -   use_exercise_graph: True
2026-02-10 13:42:10,085 - INFO -   use_mf_branch: False
2026-02-10 13:42:10,085 - INFO -   use_personal_graph: True
2026-02-10 13:42:10,085 - INFO -   use_q_aligned_residual: True
2026-02-10 13:42:10,085 - INFO -   use_q_conditioning: True
2026-02-10 13:42:10,085 - INFO -   use_skill_encoder: False
2026-02-10 13:42:10,085 - INFO -   use_soft_prototype: False
2026-02-10 13:42:10,085 - INFO -   use_soft_prototype_main_path: False
2026-02-10 13:42:10,085 - INFO -   weight_decay: 0.001
2026-02-10 13:42:10,189 - INFO - Using device: cuda:0 (physical gpu 1)
2026-02-10 13:42:10,189 - INFO - [junyi|junyi_m3grid_sparse001_no3|lr=0.003|drop=0.40] Loading datasets...
2026-02-10 13:42:10,189 - INFO - [junyi|junyi_m3grid_sparse001_no3|lr=0.003|drop=0.40] Regularization: graph_entropy(lambda_sparse)=0.010000, proto_div=0.000000, proto_usage=0.000000, personal_sparse=0.005000, alpha_penalty=0.010000, mf_l2(exercise_l2_lambda)=0.000050
2026-02-10 13:42:10,302 - INFO - [数据清洗] 学生交互次数 < 15 次的学生：共移除 0 个学生（仅统计用户数）
2026-02-10 13:42:10,316 - INFO - [数据清洗] 学生冷启动过滤：在 train/valid/test 中共删除 0 条记录。
2026-02-10 13:42:10,317 - INFO - [数据清洗] 跳过题目冷门过滤（min_exer_interactions <= 0）。
2026-02-10 13:42:10,317 - INFO - [数据清洗] 跳过毒题清洗（min_poison_count <= 0）。
2026-02-10 13:42:21,953 - INFO - [junyi|junyi_m3grid_sparse001_no3|lr=0.003|drop=0.40] Train samples: 262473, Val samples: 24299
2026-02-10 13:42:21,953 - INFO - [junyi|junyi_m3grid_sparse001_no3|lr=0.003|drop=0.40] Number of students: 10000
2026-02-10 13:42:21,953 - INFO - [junyi|junyi_m3grid_sparse001_no3|lr=0.003|drop=0.40] Number of exercises: 706
2026-02-10 13:42:21,953 - INFO - [junyi|junyi_m3grid_sparse001_no3|lr=0.003|drop=0.40] Number of concepts: 706
2026-02-10 13:42:21,953 - INFO - [junyi|junyi_m3grid_sparse001_no3|lr=0.003|drop=0.40] Creating model...
2026-02-10 13:42:21,953 - INFO - [junyi|junyi_m3grid_sparse001_no3|lr=0.003|drop=0.40] Ablation switches: ablate_module1=False, ablate_module2=False, ablate_module3=True | enable_module1=True, enable_module2=True, enable_module3=False | use_soft_prototype=False, use_mf_branch=False, use_concept_graph=True, use_q_aligned_residual=True, use_soft_prototype_main_path=False | effective(num_gnn_layers=2, num_prototypes=0)
2026-02-10 13:42:22,088 - INFO - [junyi|junyi_m3grid_sparse001_no3|lr=0.003|drop=0.40] Ablation runtime check: args(ablate_module1=False,ablate_module2=False,ablate_module3=True) | model(enable_module1=True,enable_module2=True,enable_module3=False) | physical(has_knowledge_encoder=True,has_mf_branch=False,has_soft_prototype=False)
2026-02-10 13:42:22,088 - INFO - [junyi|junyi_m3grid_sparse001_no3|lr=0.003|drop=0.40] Debug diagnostics enabled: diag_batches=2
2026-02-10 13:42:22,089 - INFO - [junyi|junyi_m3grid_sparse001_no3|lr=0.003|drop=0.40] Total parameters: 2,235,533
2026-02-10 13:42:22,089 - INFO - [junyi|junyi_m3grid_sparse001_no3|lr=0.003|drop=0.40] Trainable parameters: 2,235,533
2026-02-10 13:42:23,003 - INFO - [junyi|junyi_m3grid_sparse001_no3|lr=0.003|drop=0.40] Starting training...
2026-02-10 13:44:52,273 - INFO - [junyi|junyi_m3grid_sparse001_no3|lr=0.003|drop=0.40] Epoch [001/15] | Train: Loss=0.6127, BCE=0.5194, Reg=0.0933, AUC=0.7885, ACC=0.7436, RMSE=0.4160 | Val: Loss=0.6106, BCE=0.5122, Reg=0.0984, AUC=0.7949, ACC=0.7572, RMSE=0.4105
2026-02-10 13:44:52,273 - INFO - [junyi|junyi_m3grid_sparse001_no3|lr=0.003|drop=0.40] [Reg Terms] Epoch [001] | Train: graph_entropy=0.060483, mf_l2=0.000000, proto_div=0.000000, proto_usage=0.000000, personal_sparse=0.032798, alpha_var=-0.000000, reg_bce_ratio=0.1796 | Val: graph_entropy=0.065596, mf_l2=0.000000, proto_div=0.000000, proto_usage=0.000000, personal_sparse=0.032798, alpha_var=-0.000000, reg_bce_ratio=0.1921
2026-02-10 13:44:54,456 - INFO - [junyi|junyi_m3grid_sparse001_no3|lr=0.003|drop=0.40] [Diag][M3] Epoch [001] | residual_abs_mean=0.0000, residual_std=0.0000, mf_abs_mean=0.0000, mf_std=0.0000, gate_mean=0.0000, gate_std=0.0000, irt_abs_mean=1.6438, irt_std=1.0672, delta_abs_mean=0.0000, delta_std=0.0000, delta_over_irt=0.0000, graph_row_entropy=6.5596, graph_entropy_ratio=1.0000, alpha_mean=0.5005, alpha_std=0.0000, personal_row_entropy=6.5596
2026-02-10 13:44:54,456 - INFO - [junyi|junyi_m3grid_sparse001_no3|lr=0.003|drop=0.40] [Grad Norms] Epoch [001] | mf_u_proj=0.000000, mf_v_proj=0.000000, fusion_gate=0.000000, q_gate_raw=0.000000, skill_latent=0.000000
2026-02-10 13:44:54,559 - INFO - [junyi|junyi_m3grid_sparse001_no3|lr=0.003|drop=0.40] -> New best AUC=0.7949 at epoch 1
2026-02-10 13:47:23,586 - INFO - [junyi|junyi_m3grid_sparse001_no3|lr=0.003|drop=0.40] Epoch [002/15] | Train: Loss=0.6056, BCE=0.5123, Reg=0.0933, AUC=0.7955, ACC=0.7495, RMSE=0.4125 | Val: Loss=0.6021, BCE=0.5037, Reg=0.0984, AUC=0.8024, ACC=0.7602, RMSE=0.4071
2026-02-10 13:47:23,586 - INFO - [junyi|junyi_m3grid_sparse001_no3|lr=0.003|drop=0.40] [Reg Terms] Epoch [002] | Train: graph_entropy=0.060483, mf_l2=0.000000, proto_div=0.000000, proto_usage=0.000000, personal_sparse=0.032798, alpha_var=-0.000000, reg_bce_ratio=0.1821 | Val: graph_entropy=0.065596, mf_l2=0.000000, proto_div=0.000000, proto_usage=0.000000, personal_sparse=0.032798, alpha_var=-0.000000, reg_bce_ratio=0.1953
2026-02-10 13:47:25,636 - INFO - [junyi|junyi_m3grid_sparse001_no3|lr=0.003|drop=0.40] [Diag][M3] Epoch [002] | residual_abs_mean=0.0000, residual_std=0.0000, mf_abs_mean=0.0000, mf_std=0.0000, gate_mean=0.0000, gate_std=0.0000, irt_abs_mean=1.6633, irt_std=1.0178, delta_abs_mean=0.0000, delta_std=0.0000, delta_over_irt=0.0000, graph_row_entropy=6.5596, graph_entropy_ratio=1.0000, alpha_mean=0.4989, alpha_std=0.0000, personal_row_entropy=6.5596
2026-02-10 13:47:25,637 - INFO - [junyi|junyi_m3grid_sparse001_no3|lr=0.003|drop=0.40] [Grad Norms] Epoch [002] | mf_u_proj=0.000000, mf_v_proj=0.000000, fusion_gate=0.000000, q_gate_raw=0.000000, skill_latent=0.000000
2026-02-10 13:47:25,848 - INFO - [junyi|junyi_m3grid_sparse001_no3|lr=0.003|drop=0.40] -> New best AUC=0.8024 at epoch 2
2026-02-10 13:49:54,776 - INFO - [junyi|junyi_m3grid_sparse001_no3|lr=0.003|drop=0.40] Epoch [003/15] | Train: Loss=0.6013, BCE=0.5080, Reg=0.0933, AUC=0.7996, ACC=0.7527, RMSE=0.4104 | Val: Loss=0.5964, BCE=0.4980, Reg=0.0984, AUC=0.8070, ACC=0.7653, RMSE=0.4042
2026-02-10 13:49:54,776 - INFO - [junyi|junyi_m3grid_sparse001_no3|lr=0.003|drop=0.40] [Reg Terms] Epoch [003] | Train: graph_entropy=0.060483, mf_l2=0.000000, proto_div=0.000000, proto_usage=0.000000, personal_sparse=0.032798, alpha_var=-0.000000, reg_bce_ratio=0.1836 | Val: graph_entropy=0.065596, mf_l2=0.000000, proto_div=0.000000, proto_usage=0.000000, personal_sparse=0.032798, alpha_var=-0.000000, reg_bce_ratio=0.1976
2026-02-10 13:49:56,755 - INFO - [junyi|junyi_m3grid_sparse001_no3|lr=0.003|drop=0.40] [Diag][M3] Epoch [003] | residual_abs_mean=0.0000, residual_std=0.0000, mf_abs_mean=0.0000, mf_std=0.0000, gate_mean=0.0000, gate_std=0.0000, irt_abs_mean=1.6429, irt_std=1.0455, delta_abs_mean=0.0000, delta_std=0.0000, delta_over_irt=0.0000, graph_row_entropy=6.5596, graph_entropy_ratio=1.0000, alpha_mean=0.4995, alpha_std=0.0000, personal_row_entropy=6.5596
2026-02-10 13:49:56,756 - WARNING - [junyi|junyi_m3grid_sparse001_no3|lr=0.003|drop=0.40] [Diag Warning] alpha_std has been near zero for 3 epoch(s) (alpha_std=0.000000, personal_row_entropy=6.5596). This indicates personal-graph mixing may be collapsed/trivial.
2026-02-10 13:49:56,756 - INFO - [junyi|junyi_m3grid_sparse001_no3|lr=0.003|drop=0.40] [Grad Norms] Epoch [003] | mf_u_proj=0.000000, mf_v_proj=0.000000, fusion_gate=0.000000, q_gate_raw=0.000000, skill_latent=0.000000
2026-02-10 13:49:57,019 - INFO - [junyi|junyi_m3grid_sparse001_no3|lr=0.003|drop=0.40] -> New best AUC=0.8070 at epoch 3
2026-02-10 13:52:25,995 - INFO - [junyi|junyi_m3grid_sparse001_no3|lr=0.003|drop=0.40] Epoch [004/15] | Train: Loss=0.5963, BCE=0.5030, Reg=0.0933, AUC=0.8046, ACC=0.7552, RMSE=0.4079 | Val: Loss=0.6000, BCE=0.5016, Reg=0.0984, AUC=0.8080, ACC=0.7633, RMSE=0.4054
2026-02-10 13:52:25,995 - INFO - [junyi|junyi_m3grid_sparse001_no3|lr=0.003|drop=0.40] [Reg Terms] Epoch [004] | Train: graph_entropy=0.060483, mf_l2=0.000000, proto_div=0.000000, proto_usage=0.000000, personal_sparse=0.032798, alpha_var=-0.000000, reg_bce_ratio=0.1854 | Val: graph_entropy=0.065596, mf_l2=0.000000, proto_div=0.000000, proto_usage=0.000000, personal_sparse=0.032798, alpha_var=-0.000000, reg_bce_ratio=0.1962
2026-02-10 13:52:27,662 - INFO - [junyi|junyi_m3grid_sparse001_no3|lr=0.003|drop=0.40] [Diag][M3] Epoch [004] | residual_abs_mean=0.0000, residual_std=0.0000, mf_abs_mean=0.0000, mf_std=0.0000, gate_mean=0.0000, gate_std=0.0000, irt_abs_mean=1.7918, irt_std=1.1200, delta_abs_mean=0.0000, delta_std=0.0000, delta_over_irt=0.0000, graph_row_entropy=6.5596, graph_entropy_ratio=1.0000, alpha_mean=0.4973, alpha_std=0.0000, personal_row_entropy=6.5596
2026-02-10 13:52:27,663 - WARNING - [junyi|junyi_m3grid_sparse001_no3|lr=0.003|drop=0.40] [Diag Warning] alpha_std has been near zero for 4 epoch(s) (alpha_std=0.000000, personal_row_entropy=6.5596). This indicates personal-graph mixing may be collapsed/trivial.
2026-02-10 13:52:27,663 - INFO - [junyi|junyi_m3grid_sparse001_no3|lr=0.003|drop=0.40] [Grad Norms] Epoch [004] | mf_u_proj=0.000000, mf_v_proj=0.000000, fusion_gate=0.000000, q_gate_raw=0.000000, skill_latent=0.000000
2026-02-10 13:52:27,871 - INFO - [junyi|junyi_m3grid_sparse001_no3|lr=0.003|drop=0.40] -> New best AUC=0.8080 at epoch 4
2026-02-10 13:55:06,793 - INFO - [junyi|junyi_m3grid_sparse001_no3|lr=0.003|drop=0.40] Epoch [005/15] | Train: Loss=0.5944, BCE=0.5011, Reg=0.0933, AUC=0.8064, ACC=0.7574, RMSE=0.4070 | Val: Loss=0.5948, BCE=0.4964, Reg=0.0984, AUC=0.8085, ACC=0.7647, RMSE=0.4035
2026-02-10 13:55:06,793 - INFO - [junyi|junyi_m3grid_sparse001_no3|lr=0.003|drop=0.40] [Reg Terms] Epoch [005] | Train: graph_entropy=0.060483, mf_l2=0.000000, proto_div=0.000000, proto_usage=0.000000, personal_sparse=0.032798, alpha_var=-0.000000, reg_bce_ratio=0.1862 | Val: graph_entropy=0.065596, mf_l2=0.000000, proto_div=0.000000, proto_usage=0.000000, personal_sparse=0.032798, alpha_var=-0.000000, reg_bce_ratio=0.1982
2026-02-10 13:55:09,137 - INFO - [junyi|junyi_m3grid_sparse001_no3|lr=0.003|drop=0.40] [Diag][M3] Epoch [005] | residual_abs_mean=0.0000, residual_std=0.0000, mf_abs_mean=0.0000, mf_std=0.0000, gate_mean=0.0000, gate_std=0.0000, irt_abs_mean=1.6617, irt_std=1.0397, delta_abs_mean=0.0000, delta_std=0.0000, delta_over_irt=0.0000, graph_row_entropy=6.5596, graph_entropy_ratio=1.0000, alpha_mean=0.5030, alpha_std=0.0000, personal_row_entropy=6.5596
2026-02-10 13:55:09,137 - WARNING - [junyi|junyi_m3grid_sparse001_no3|lr=0.003|drop=0.40] [Diag Warning] alpha_std has been near zero for 5 epoch(s) (alpha_std=0.000000, personal_row_entropy=6.5596). This indicates personal-graph mixing may be collapsed/trivial.
2026-02-10 13:55:09,137 - INFO - [junyi|junyi_m3grid_sparse001_no3|lr=0.003|drop=0.40] [Grad Norms] Epoch [005] | mf_u_proj=0.000000, mf_v_proj=0.000000, fusion_gate=0.000000, q_gate_raw=0.000000, skill_latent=0.000000
2026-02-10 13:55:09,429 - INFO - [junyi|junyi_m3grid_sparse001_no3|lr=0.003|drop=0.40] -> New best AUC=0.8085 at epoch 5
2026-02-10 13:57:42,495 - INFO - [junyi|junyi_m3grid_sparse001_no3|lr=0.003|drop=0.40] Epoch [006/15] | Train: Loss=0.5930, BCE=0.4997, Reg=0.0933, AUC=0.8076, ACC=0.7593, RMSE=0.4062 | Val: Loss=0.5997, BCE=0.5013, Reg=0.0984, AUC=0.8077, ACC=0.7656, RMSE=0.4045
2026-02-10 13:57:42,495 - INFO - [junyi|junyi_m3grid_sparse001_no3|lr=0.003|drop=0.40] [Reg Terms] Epoch [006] | Train: graph_entropy=0.060483, mf_l2=0.000000, proto_div=0.000000, proto_usage=0.000000, personal_sparse=0.032798, alpha_var=-0.000000, reg_bce_ratio=0.1867 | Val: graph_entropy=0.065596, mf_l2=0.000000, proto_div=0.000000, proto_usage=0.000000, personal_sparse=0.032798, alpha_var=-0.000000, reg_bce_ratio=0.1963
2026-02-10 13:57:44,467 - INFO - [junyi|junyi_m3grid_sparse001_no3|lr=0.003|drop=0.40] [Diag][M3] Epoch [006] | residual_abs_mean=0.0000, residual_std=0.0000, mf_abs_mean=0.0000, mf_std=0.0000, gate_mean=0.0000, gate_std=0.0000, irt_abs_mean=1.7878, irt_std=1.1392, delta_abs_mean=0.0000, delta_std=0.0000, delta_over_irt=0.0000, graph_row_entropy=6.5596, graph_entropy_ratio=1.0000, alpha_mean=0.4998, alpha_std=0.0000, personal_row_entropy=6.5596
2026-02-10 13:57:44,467 - WARNING - [junyi|junyi_m3grid_sparse001_no3|lr=0.003|drop=0.40] [Diag Warning] alpha_std has been near zero for 6 epoch(s) (alpha_std=0.000000, personal_row_entropy=6.5596). This indicates personal-graph mixing may be collapsed/trivial.
2026-02-10 13:57:44,467 - INFO - [junyi|junyi_m3grid_sparse001_no3|lr=0.003|drop=0.40] [Grad Norms] Epoch [006] | mf_u_proj=0.000000, mf_v_proj=0.000000, fusion_gate=0.000000, q_gate_raw=0.000000, skill_latent=0.000000
2026-02-10 13:57:44,467 - INFO - [junyi|junyi_m3grid_sparse001_no3|lr=0.003|drop=0.40] -> No improvement 1 epoch(s) (best AUC=0.8085 @ 5)
2026-02-10 14:00:13,411 - INFO - [junyi|junyi_m3grid_sparse001_no3|lr=0.003|drop=0.40] Epoch [007/15] | Train: Loss=0.5926, BCE=0.4994, Reg=0.0933, AUC=0.8078, ACC=0.7590, RMSE=0.4061 | Val: Loss=0.5967, BCE=0.4983, Reg=0.0984, AUC=0.8104, ACC=0.7676, RMSE=0.4037
2026-02-10 14:00:13,411 - INFO - [junyi|junyi_m3grid_sparse001_no3|lr=0.003|drop=0.40] [Reg Terms] Epoch [007] | Train: graph_entropy=0.060483, mf_l2=0.000000, proto_div=0.000000, proto_usage=0.000000, personal_sparse=0.032798, alpha_var=-0.000000, reg_bce_ratio=0.1868 | Val: graph_entropy=0.065596, mf_l2=0.000000, proto_div=0.000000, proto_usage=0.000000, personal_sparse=0.032798, alpha_var=-0.000000, reg_bce_ratio=0.1975
2026-02-10 14:00:15,111 - INFO - [junyi|junyi_m3grid_sparse001_no3|lr=0.003|drop=0.40] [Diag][M3] Epoch [007] | residual_abs_mean=0.0000, residual_std=0.0000, mf_abs_mean=0.0000, mf_std=0.0000, gate_mean=0.0000, gate_std=0.0000, irt_abs_mean=1.8131, irt_std=1.1079, delta_abs_mean=0.0000, delta_std=0.0000, delta_over_irt=0.0000, graph_row_entropy=6.5596, graph_entropy_ratio=1.0000, alpha_mean=0.5085, alpha_std=0.0000, personal_row_entropy=6.5596
2026-02-10 14:00:15,112 - WARNING - [junyi|junyi_m3grid_sparse001_no3|lr=0.003|drop=0.40] [Diag Warning] alpha_std has been near zero for 7 epoch(s) (alpha_std=0.000000, personal_row_entropy=6.5596). This indicates personal-graph mixing may be collapsed/trivial.
2026-02-10 14:00:15,112 - INFO - [junyi|junyi_m3grid_sparse001_no3|lr=0.003|drop=0.40] [Grad Norms] Epoch [007] | mf_u_proj=0.000000, mf_v_proj=0.000000, fusion_gate=0.000000, q_gate_raw=0.000000, skill_latent=0.000000
2026-02-10 14:00:15,332 - INFO - [junyi|junyi_m3grid_sparse001_no3|lr=0.003|drop=0.40] -> New best AUC=0.8104 at epoch 7
2026-02-10 14:02:44,451 - INFO - [junyi|junyi_m3grid_sparse001_no3|lr=0.003|drop=0.40] Epoch [008/15] | Train: Loss=0.5808, BCE=0.4876, Reg=0.0933, AUC=0.8185, ACC=0.7675, RMSE=0.4002 | Val: Loss=0.5878, BCE=0.4894, Reg=0.0984, AUC=0.8181, ACC=0.7739, RMSE=0.3989
2026-02-10 14:02:44,451 - INFO - [junyi|junyi_m3grid_sparse001_no3|lr=0.003|drop=0.40] [Reg Terms] Epoch [008] | Train: graph_entropy=0.060483, mf_l2=0.000000, proto_div=0.000000, proto_usage=0.000000, personal_sparse=0.032798, alpha_var=-0.000000, reg_bce_ratio=0.1913 | Val: graph_entropy=0.065596, mf_l2=0.000000, proto_div=0.000000, proto_usage=0.000000, personal_sparse=0.032798, alpha_var=-0.000000, reg_bce_ratio=0.2011
2026-02-10 14:02:46,435 - INFO - [junyi|junyi_m3grid_sparse001_no3|lr=0.003|drop=0.40] [Diag][M3] Epoch [008] | residual_abs_mean=0.0000, residual_std=0.0000, mf_abs_mean=0.0000, mf_std=0.0000, gate_mean=0.0000, gate_std=0.0000, irt_abs_mean=1.8670, irt_std=1.1479, delta_abs_mean=0.0000, delta_std=0.0000, delta_over_irt=0.0000, graph_row_entropy=6.5596, graph_entropy_ratio=1.0000, alpha_mean=0.4983, alpha_std=0.0000, personal_row_entropy=6.5596
2026-02-10 14:02:46,436 - WARNING - [junyi|junyi_m3grid_sparse001_no3|lr=0.003|drop=0.40] [Diag Warning] alpha_std has been near zero for 8 epoch(s) (alpha_std=0.000000, personal_row_entropy=6.5596). This indicates personal-graph mixing may be collapsed/trivial.
2026-02-10 14:02:46,436 - INFO - [junyi|junyi_m3grid_sparse001_no3|lr=0.003|drop=0.40] [Grad Norms] Epoch [008] | mf_u_proj=0.000000, mf_v_proj=0.000000, fusion_gate=0.000000, q_gate_raw=0.000000, skill_latent=0.000000
2026-02-10 14:02:46,682 - INFO - [junyi|junyi_m3grid_sparse001_no3|lr=0.003|drop=0.40] -> New best AUC=0.8181 at epoch 8
2026-02-10 14:05:15,620 - INFO - [junyi|junyi_m3grid_sparse001_no3|lr=0.003|drop=0.40] Epoch [009/15] | Train: Loss=0.5782, BCE=0.4849, Reg=0.0933, AUC=0.8208, ACC=0.7693, RMSE=0.3988 | Val: Loss=0.5852, BCE=0.4868, Reg=0.0984, AUC=0.8172, ACC=0.7743, RMSE=0.3985
2026-02-10 14:05:15,620 - INFO - [junyi|junyi_m3grid_sparse001_no3|lr=0.003|drop=0.40] [Reg Terms] Epoch [009] | Train: graph_entropy=0.060483, mf_l2=0.000000, proto_div=0.000000, proto_usage=0.000000, personal_sparse=0.032798, alpha_var=-0.000000, reg_bce_ratio=0.1924 | Val: graph_entropy=0.065596, mf_l2=0.000000, proto_div=0.000000, proto_usage=0.000000, personal_sparse=0.032798, alpha_var=-0.000000, reg_bce_ratio=0.2021
2026-02-10 14:05:17,666 - INFO - [junyi|junyi_m3grid_sparse001_no3|lr=0.003|drop=0.40] [Diag][M3] Epoch [009] | residual_abs_mean=0.0000, residual_std=0.0000, mf_abs_mean=0.0000, mf_std=0.0000, gate_mean=0.0000, gate_std=0.0000, irt_abs_mean=1.7319, irt_std=1.0916, delta_abs_mean=0.0000, delta_std=0.0000, delta_over_irt=0.0000, graph_row_entropy=6.5596, graph_entropy_ratio=1.0000, alpha_mean=0.5015, alpha_std=0.0000, personal_row_entropy=6.5596
2026-02-10 14:05:17,666 - WARNING - [junyi|junyi_m3grid_sparse001_no3|lr=0.003|drop=0.40] [Diag Warning] alpha_std has been near zero for 9 epoch(s) (alpha_std=0.000000, personal_row_entropy=6.5596). This indicates personal-graph mixing may be collapsed/trivial.
2026-02-10 14:05:17,667 - INFO - [junyi|junyi_m3grid_sparse001_no3|lr=0.003|drop=0.40] [Grad Norms] Epoch [009] | mf_u_proj=0.000000, mf_v_proj=0.000000, fusion_gate=0.000000, q_gate_raw=0.000000, skill_latent=0.000000
2026-02-10 14:05:17,667 - INFO - [junyi|junyi_m3grid_sparse001_no3|lr=0.003|drop=0.40] -> No improvement 1 epoch(s) (best AUC=0.8181 @ 8)
2026-02-10 14:07:46,677 - INFO - [junyi|junyi_m3grid_sparse001_no3|lr=0.003|drop=0.40] Epoch [010/15] | Train: Loss=0.5771, BCE=0.4838, Reg=0.0933, AUC=0.8218, ACC=0.7703, RMSE=0.3983 | Val: Loss=0.5833, BCE=0.4850, Reg=0.0984, AUC=0.8188, ACC=0.7715, RMSE=0.3979
2026-02-10 14:07:46,677 - INFO - [junyi|junyi_m3grid_sparse001_no3|lr=0.003|drop=0.40] [Reg Terms] Epoch [010] | Train: graph_entropy=0.060484, mf_l2=0.000000, proto_div=0.000000, proto_usage=0.000000, personal_sparse=0.032798, alpha_var=-0.000000, reg_bce_ratio=0.1928 | Val: graph_entropy=0.065596, mf_l2=0.000000, proto_div=0.000000, proto_usage=0.000000, personal_sparse=0.032798, alpha_var=-0.000000, reg_bce_ratio=0.2029
2026-02-10 14:07:48,312 - INFO - [junyi|junyi_m3grid_sparse001_no3|lr=0.003|drop=0.40] [Diag][M3] Epoch [010] | residual_abs_mean=0.0000, residual_std=0.0000, mf_abs_mean=0.0000, mf_std=0.0000, gate_mean=0.0000, gate_std=0.0000, irt_abs_mean=1.7707, irt_std=1.1402, delta_abs_mean=0.0000, delta_std=0.0000, delta_over_irt=0.0000, graph_row_entropy=6.5596, graph_entropy_ratio=1.0000, alpha_mean=0.4994, alpha_std=0.0000, personal_row_entropy=6.5596
2026-02-10 14:07:48,312 - WARNING - [junyi|junyi_m3grid_sparse001_no3|lr=0.003|drop=0.40] [Diag Warning] alpha_std has been near zero for 10 epoch(s) (alpha_std=0.000000, personal_row_entropy=6.5596). This indicates personal-graph mixing may be collapsed/trivial.
2026-02-10 14:07:48,312 - INFO - [junyi|junyi_m3grid_sparse001_no3|lr=0.003|drop=0.40] [Grad Norms] Epoch [010] | mf_u_proj=0.000000, mf_v_proj=0.000000, fusion_gate=0.000000, q_gate_raw=0.000000, skill_latent=0.000000
2026-02-10 14:07:48,519 - INFO - [junyi|junyi_m3grid_sparse001_no3|lr=0.003|drop=0.40] -> New best AUC=0.8188 at epoch 10
2026-02-10 14:07:48,566 - INFO - [junyi|junyi_m3grid_sparse001_no3|lr=0.003|drop=0.40] Checkpoint saved: checkpoints/junyi_m3grid/seed42/sparse001_no3/checkpoint_epoch_10.pth
2026-02-10 14:07:48,864 - INFO - [junyi|junyi_m3grid_sparse001_no3|lr=0.003|drop=0.40] [Module Activity] Epoch 10: Graph✗ Personal✗ MF✗
2026-02-10 14:10:17,865 - INFO - [junyi|junyi_m3grid_sparse001_no3|lr=0.003|drop=0.40] Epoch [011/15] | Train: Loss=0.5761, BCE=0.4829, Reg=0.0933, AUC=0.8223, ACC=0.7712, RMSE=0.3979 | Val: Loss=0.5889, BCE=0.4905, Reg=0.0984, AUC=0.8177, ACC=0.7724, RMSE=0.3994
2026-02-10 14:10:17,866 - INFO - [junyi|junyi_m3grid_sparse001_no3|lr=0.003|drop=0.40] [Reg Terms] Epoch [011] | Train: graph_entropy=0.060484, mf_l2=0.000000, proto_div=0.000000, proto_usage=0.000000, personal_sparse=0.032798, alpha_var=-0.000000, reg_bce_ratio=0.1932 | Val: graph_entropy=0.065596, mf_l2=0.000000, proto_div=0.000000, proto_usage=0.000000, personal_sparse=0.032798, alpha_var=-0.000000, reg_bce_ratio=0.2006
2026-02-10 14:10:19,845 - INFO - [junyi|junyi_m3grid_sparse001_no3|lr=0.003|drop=0.40] [Diag][M3] Epoch [011] | residual_abs_mean=0.0000, residual_std=0.0000, mf_abs_mean=0.0000, mf_std=0.0000, gate_mean=0.0000, gate_std=0.0000, irt_abs_mean=1.8800, irt_std=1.1478, delta_abs_mean=0.0000, delta_std=0.0000, delta_over_irt=0.0000, graph_row_entropy=6.5596, graph_entropy_ratio=1.0000, alpha_mean=0.5008, alpha_std=0.0000, personal_row_entropy=6.5596
2026-02-10 14:10:19,845 - WARNING - [junyi|junyi_m3grid_sparse001_no3|lr=0.003|drop=0.40] [Diag Warning] alpha_std has been near zero for 11 epoch(s) (alpha_std=0.000000, personal_row_entropy=6.5596). This indicates personal-graph mixing may be collapsed/trivial.
2026-02-10 14:10:19,845 - INFO - [junyi|junyi_m3grid_sparse001_no3|lr=0.003|drop=0.40] [Grad Norms] Epoch [011] | mf_u_proj=0.000000, mf_v_proj=0.000000, fusion_gate=0.000000, q_gate_raw=0.000000, skill_latent=0.000000
2026-02-10 14:10:19,845 - INFO - [junyi|junyi_m3grid_sparse001_no3|lr=0.003|drop=0.40] -> No improvement 1 epoch(s) (best AUC=0.8188 @ 10)
2026-02-10 14:12:48,800 - INFO - [junyi|junyi_m3grid_sparse001_no3|lr=0.003|drop=0.40] Epoch [012/15] | Train: Loss=0.5756, BCE=0.4823, Reg=0.0933, AUC=0.8231, ACC=0.7706, RMSE=0.3977 | Val: Loss=0.5850, BCE=0.4866, Reg=0.0984, AUC=0.8192, ACC=0.7727, RMSE=0.3986
2026-02-10 14:12:48,800 - INFO - [junyi|junyi_m3grid_sparse001_no3|lr=0.003|drop=0.40] [Reg Terms] Epoch [012] | Train: graph_entropy=0.060483, mf_l2=0.000000, proto_div=0.000000, proto_usage=0.000000, personal_sparse=0.032798, alpha_var=-0.000000, reg_bce_ratio=0.1934 | Val: graph_entropy=0.065596, mf_l2=0.000000, proto_div=0.000000, proto_usage=0.000000, personal_sparse=0.032798, alpha_var=-0.000000, reg_bce_ratio=0.2022
2026-02-10 14:12:50,724 - INFO - [junyi|junyi_m3grid_sparse001_no3|lr=0.003|drop=0.40] [Diag][M3] Epoch [012] | residual_abs_mean=0.0000, residual_std=0.0000, mf_abs_mean=0.0000, mf_std=0.0000, gate_mean=0.0000, gate_std=0.0000, irt_abs_mean=1.8127, irt_std=1.1249, delta_abs_mean=0.0000, delta_std=0.0000, delta_over_irt=0.0000, graph_row_entropy=6.5596, graph_entropy_ratio=1.0000, alpha_mean=0.5009, alpha_std=0.0000, personal_row_entropy=6.5596
2026-02-10 14:12:50,724 - WARNING - [junyi|junyi_m3grid_sparse001_no3|lr=0.003|drop=0.40] [Diag Warning] alpha_std has been near zero for 12 epoch(s) (alpha_std=0.000000, personal_row_entropy=6.5596). This indicates personal-graph mixing may be collapsed/trivial.
2026-02-10 14:12:50,724 - INFO - [junyi|junyi_m3grid_sparse001_no3|lr=0.003|drop=0.40] [Grad Norms] Epoch [012] | mf_u_proj=0.000000, mf_v_proj=0.000000, fusion_gate=0.000000, q_gate_raw=0.000000, skill_latent=0.000000
2026-02-10 14:12:50,951 - INFO - [junyi|junyi_m3grid_sparse001_no3|lr=0.003|drop=0.40] -> New best AUC=0.8192 at epoch 12
2026-02-10 14:15:19,858 - INFO - [junyi|junyi_m3grid_sparse001_no3|lr=0.003|drop=0.40] Epoch [013/15] | Train: Loss=0.5636, BCE=0.4703, Reg=0.0933, AUC=0.8330, ACC=0.7795, RMSE=0.3916 | Val: Loss=0.5832, BCE=0.4848, Reg=0.0984, AUC=0.8222, ACC=0.7721, RMSE=0.3980
2026-02-10 14:15:19,858 - INFO - [junyi|junyi_m3grid_sparse001_no3|lr=0.003|drop=0.40] [Reg Terms] Epoch [013] | Train: graph_entropy=0.060483, mf_l2=0.000000, proto_div=0.000000, proto_usage=0.000000, personal_sparse=0.032798, alpha_var=-0.000000, reg_bce_ratio=0.1983 | Val: graph_entropy=0.065596, mf_l2=0.000000, proto_div=0.000000, proto_usage=0.000000, personal_sparse=0.032798, alpha_var=-0.000000, reg_bce_ratio=0.2029
2026-02-10 14:15:21,616 - INFO - [junyi|junyi_m3grid_sparse001_no3|lr=0.003|drop=0.40] [Diag][M3] Epoch [013] | residual_abs_mean=0.0000, residual_std=0.0000, mf_abs_mean=0.0000, mf_std=0.0000, gate_mean=0.0000, gate_std=0.0000, irt_abs_mean=1.8510, irt_std=1.0949, delta_abs_mean=0.0000, delta_std=0.0000, delta_over_irt=0.0000, graph_row_entropy=6.5596, graph_entropy_ratio=1.0000, alpha_mean=0.5018, alpha_std=0.0000, personal_row_entropy=6.5596
2026-02-10 14:15:21,617 - WARNING - [junyi|junyi_m3grid_sparse001_no3|lr=0.003|drop=0.40] [Diag Warning] alpha_std has been near zero for 13 epoch(s) (alpha_std=0.000000, personal_row_entropy=6.5596). This indicates personal-graph mixing may be collapsed/trivial.
2026-02-10 14:15:21,617 - INFO - [junyi|junyi_m3grid_sparse001_no3|lr=0.003|drop=0.40] [Grad Norms] Epoch [013] | mf_u_proj=0.000000, mf_v_proj=0.000000, fusion_gate=0.000000, q_gate_raw=0.000000, skill_latent=0.000000
2026-02-10 14:15:21,846 - INFO - [junyi|junyi_m3grid_sparse001_no3|lr=0.003|drop=0.40] -> New best AUC=0.8222 at epoch 13
2026-02-10 14:17:50,804 - INFO - [junyi|junyi_m3grid_sparse001_no3|lr=0.003|drop=0.40] Epoch [014/15] | Train: Loss=0.5600, BCE=0.4667, Reg=0.0933, AUC=0.8360, ACC=0.7814, RMSE=0.3898 | Val: Loss=0.5833, BCE=0.4849, Reg=0.0984, AUC=0.8221, ACC=0.7706, RMSE=0.3983
2026-02-10 14:17:50,804 - INFO - [junyi|junyi_m3grid_sparse001_no3|lr=0.003|drop=0.40] [Reg Terms] Epoch [014] | Train: graph_entropy=0.060483, mf_l2=0.000000, proto_div=0.000000, proto_usage=0.000000, personal_sparse=0.032798, alpha_var=-0.000000, reg_bce_ratio=0.1999 | Val: graph_entropy=0.065596, mf_l2=0.000000, proto_div=0.000000, proto_usage=0.000000, personal_sparse=0.032798, alpha_var=-0.000000, reg_bce_ratio=0.2029
2026-02-10 14:17:52,452 - INFO - [junyi|junyi_m3grid_sparse001_no3|lr=0.003|drop=0.40] [Diag][M3] Epoch [014] | residual_abs_mean=0.0000, residual_std=0.0000, mf_abs_mean=0.0000, mf_std=0.0000, gate_mean=0.0000, gate_std=0.0000, irt_abs_mean=1.7920, irt_std=1.1216, delta_abs_mean=0.0000, delta_std=0.0000, delta_over_irt=0.0000, graph_row_entropy=6.5596, graph_entropy_ratio=1.0000, alpha_mean=0.5036, alpha_std=0.0000, personal_row_entropy=6.5596
2026-02-10 14:17:52,452 - WARNING - [junyi|junyi_m3grid_sparse001_no3|lr=0.003|drop=0.40] [Diag Warning] alpha_std has been near zero for 14 epoch(s) (alpha_std=0.000000, personal_row_entropy=6.5596). This indicates personal-graph mixing may be collapsed/trivial.
2026-02-10 14:17:52,452 - INFO - [junyi|junyi_m3grid_sparse001_no3|lr=0.003|drop=0.40] [Grad Norms] Epoch [014] | mf_u_proj=0.000000, mf_v_proj=0.000000, fusion_gate=0.000000, q_gate_raw=0.000000, skill_latent=0.000000
2026-02-10 14:17:52,452 - INFO - [junyi|junyi_m3grid_sparse001_no3|lr=0.003|drop=0.40] -> No improvement 1 epoch(s) (best AUC=0.8222 @ 13)
2026-02-10 14:20:21,408 - INFO - [junyi|junyi_m3grid_sparse001_no3|lr=0.003|drop=0.40] Epoch [015/15] | Train: Loss=0.5584, BCE=0.4651, Reg=0.0933, AUC=0.8372, ACC=0.7823, RMSE=0.3890 | Val: Loss=0.5848, BCE=0.4864, Reg=0.0984, AUC=0.8217, ACC=0.7739, RMSE=0.3976
2026-02-10 14:20:21,408 - INFO - [junyi|junyi_m3grid_sparse001_no3|lr=0.003|drop=0.40] [Reg Terms] Epoch [015] | Train: graph_entropy=0.060483, mf_l2=0.000000, proto_div=0.000000, proto_usage=0.000000, personal_sparse=0.032798, alpha_var=-0.000000, reg_bce_ratio=0.2006 | Val: graph_entropy=0.065596, mf_l2=0.000000, proto_div=0.000000, proto_usage=0.000000, personal_sparse=0.032798, alpha_var=-0.000000, reg_bce_ratio=0.2023
2026-02-10 14:20:23,022 - INFO - [junyi|junyi_m3grid_sparse001_no3|lr=0.003|drop=0.40] [Diag][M3] Epoch [015] | residual_abs_mean=0.0000, residual_std=0.0000, mf_abs_mean=0.0000, mf_std=0.0000, gate_mean=0.0000, gate_std=0.0000, irt_abs_mean=1.9102, irt_std=1.2063, delta_abs_mean=0.0000, delta_std=0.0000, delta_over_irt=0.0000, graph_row_entropy=6.5596, graph_entropy_ratio=1.0000, alpha_mean=0.5034, alpha_std=0.0000, personal_row_entropy=6.5596
2026-02-10 14:20:23,022 - WARNING - [junyi|junyi_m3grid_sparse001_no3|lr=0.003|drop=0.40] [Diag Warning] alpha_std has been near zero for 15 epoch(s) (alpha_std=0.000000, personal_row_entropy=6.5596). This indicates personal-graph mixing may be collapsed/trivial.
2026-02-10 14:20:23,022 - INFO - [junyi|junyi_m3grid_sparse001_no3|lr=0.003|drop=0.40] [Grad Norms] Epoch [015] | mf_u_proj=0.000000, mf_v_proj=0.000000, fusion_gate=0.000000, q_gate_raw=0.000000, skill_latent=0.000000
2026-02-10 14:20:23,023 - INFO - [junyi|junyi_m3grid_sparse001_no3|lr=0.003|drop=0.40] -> No improvement 2 epoch(s) (best AUC=0.8222 @ 13)
2026-02-10 14:20:23,027 - INFO - Epoch-wise metrics saved to checkpoints/junyi_m3grid/seed42/sparse001_no3/metrics_history.csv
2026-02-10 14:20:23,027 - INFO - [junyi|junyi_m3grid_sparse001_no3|lr=0.003|drop=0.40] Training completed! Best Val AUC=0.8222 @ epoch 13
2026-02-10 14:20:23,277 - INFO - 
============================================================
         MODULE ACTIVITY REPORT
============================================================
Dataset: junyi | Seed: 42 | Epoch: 15

1. Soft Prototype Module:
   - Status: DISABLED (num_prototypes=0 or use_soft_prototype=False)

2. Concept Graph Module:
   - Mean row entropy: 6.560 / 6.560
   - Entropy ratio: 100.0%
   - Status: ✗ TRIVIAL (uniform distribution, not learning)
   → Consider: increase lambda_sparse or training longer

3. Personal Graph Module:
   - Gate alpha mean: 0.503
   - Gate alpha std: 0.000
   - Status: ⚠ MARGINAL (low alpha values)

4. Skill/MF Module:
   - MF logit |mean|: 0.0000
   - MF logit std: 0.0000
   - Fusion gate mean: 0.000
   - Status: ✗ INACTIVE (near-zero contribution)
   → Consider: check skill_dim or learning_rate

------------------------------------------------------------
SUMMARY:
   ⚠ Inactive modules: Concept Graph, Personal Graph, Skill/MF
============================================================
2026-02-10 14:20:23,278 - INFO - [junyi|junyi_m3grid_sparse001_no3|lr=0.003|drop=0.40] Module activity saved to checkpoints/junyi_m3grid/seed42/sparse001_no3/module_activity.json
2026-02-10 14:20:23,371 - INFO - Using device: cuda:0 (physical gpu 1)
2026-02-10 14:20:23,371 - INFO - Loading model from checkpoints/junyi_m3grid/seed42/sparse001_no3/best_model.pth...
2026-02-10 14:20:23,717 - INFO - Inference switches: ablate_module1=False, ablate_module2=False, ablate_module3=True | enable_module1=True, enable_module2=True, enable_module3=False | use_soft_prototype=False, use_mf_branch=False, use_concept_graph=True, use_q_aligned_residual=True, use_soft_prototype_main_path=False | effective(num_gnn_layers=2, num_prototypes=0)
2026-02-10 14:20:23,743 - INFO - [Inference] Ablation runtime check: args(ablate_module1=False,ablate_module2=False,ablate_module3=True) | model(enable_module1=True,enable_module2=True,enable_module3=False) | physical(has_knowledge_encoder=True,has_mf_branch=False,has_soft_prototype=False)
2026-02-10 14:20:23,745 - INFO - Model loaded from epoch 13. Start testing...
2026-02-10 14:20:31,845 - INFO - [Test] 200/262 batches done, samples=51200
2026-02-10 14:20:34,399 - INFO - 
==================================================
2026-02-10 14:20:34,400 - INFO - Test Results:
2026-02-10 14:20:34,400 - INFO - AUC: 0.8286
2026-02-10 14:20:34,400 - INFO - ACC: 0.7676
2026-02-10 14:20:34,400 - INFO - RMSE: 0.4011
2026-02-10 14:20:34,400 - INFO - ==================================================
2026-02-10 14:20:34,408 - INFO - Summary appended to /home/zsh/ConceptSkillCDM/results/experiment_results.csv
2026-02-10 14:20:34,422 - INFO - Run completed.
2026-02-10 14:20:34,423 - INFO - Best validation AUC: 0.8222 at epoch 13
2026-02-10 14:20:34,423 - INFO - Test metrics - AUC: 0.8286, ACC: 0.7676, RMSE: 0.4011
