[assist_09] [数据清洗] 学生交互次数 < 15 次的学生：共移除 313 个学生（仅统计用户数）
[assist_09] [数据清洗] 学生冷启动过滤：在 train/valid/test 中共删除 5118 条记录。
[assist_09] [数据清洗] 跳过题目冷门过滤（min_exer_interactions <= 0）。
[assist_09] [数据清洗] 跳过毒题清洗（min_poison_count <= 0）。
[assist_09] 正在构建ID映射...
[assist_09] 正在构建Q矩阵...
[assist_09] [A Prior] train-only evidence: mode=evidence, item_edges=130, item_density=0.0087, item_entropy=0.2363, seq_raw_mass=357357.3, seq_weighted_mass=1885.2, seq_students=2070, seq_edges=9654, seq_density=0.6433, seq_entropy=3.3646
[assist_09] [数据清洗] Valid train-seen 过滤：before=20072, after=19875, dropped=197, coverage=99.02%
[assist_09] [数据清洗] Test train-seen 过滤：before=51610, after=51090, dropped=520, coverage=98.99%
[assist_09] [统计] 开始统计清洗后每道题的概念数量分布...
[assist_09] [Train] 概念数统计：题目数=17057, 平均概念数=1.1995, min=1, max=4, 1概念=14129 (82.83%), ≥2概念=2928 (17.17%)
[assist_09] [Train] 概念数直方图（概念数: 题目数量）: {1: 14129, 2: 2533, 3: 315, 4: 80}
[assist_09] [Valid] 概念数统计：题目数=9034, 平均概念数=1.1996, min=1, max=4, 1概念=7500 (83.02%), ≥2概念=1534 (16.98%)
[assist_09] [Valid] 概念数直方图（概念数: 题目数量）: {1: 7500, 2: 1314, 3: 171, 4: 49}
[assist_09] [Test] 概念数统计：题目数=12825, 平均概念数=1.1994, min=1, max=4, 1概念=10661 (83.13%), ≥2概念=2164 (16.87%)
[assist_09] [Test] 概念数直方图（概念数: 题目数量）: {1: 10661, 2: 1836, 3: 263, 4: 65}
[assist_09] [统计] 概念数量统计完成。
[assist_09] 正在加载数据集...
{
  "dataset": "assist_09",
  "transition_best_hit@10": [
    {
      "variant": "A_seq_only",
      "pairs": 261932,
      "weight_sum": 192329.63000000006,
      "mrr": 0.1698737236112195,
      "hit@1": 0.07355824476966963,
      "ndcg@1": 0.07355824476966963,
      "hit@3": 0.1641260371581851,
      "ndcg@3": 0.12492672714822498,
      "hit@5": 0.23296353245207194,
      "ndcg@5": 0.15324375106636468,
      "hit@10": 0.3673130343982878,
      "ndcg@10": 0.1963662548598027
    }
  ],
  "has_subgroup": false
}
