2026-04-12 05:02:06,344 - INFO - Arguments:
2026-04-12 05:02:06,344 - INFO -   ablate_concept_graph: False
2026-04-12 05:02:06,345 - INFO -   ablate_module1: False
2026-04-12 05:02:06,345 - INFO -   allow_self_loop: True
2026-04-12 05:02:06,345 - INFO -   alpha_min_target: 0.0
2026-04-12 05:02:06,345 - INFO -   batch_size: 256
2026-04-12 05:02:06,345 - INFO -   data_dir: ./data/junyi
2026-04-12 05:02:06,345 - INFO -   dataset_name: junyi
2026-04-12 05:02:06,345 - INFO -   debug_graph_diag: True
2026-04-12 05:02:06,345 - INFO -   diag_batches: 1
2026-04-12 05:02:06,345 - INFO -   disable_self_loop: False
2026-04-12 05:02:06,345 - INFO -   dropout: 0.4
2026-04-12 05:02:06,345 - INFO -   early_stop_patience: 3
2026-04-12 05:02:06,345 - INFO -   enable_module1: True
2026-04-12 05:02:06,345 - INFO -   epochs: 100
2026-04-12 05:02:06,345 - INFO -   generate_diagnosis: False
2026-04-12 05:02:06,345 - INFO -   gnn_residual_weight: 0.5
2026-04-12 05:02:06,345 - INFO -   gpu_candidates: None
2026-04-12 05:02:06,345 - INFO -   gpu_ids: None
2026-04-12 05:02:06,345 - INFO -   gpu_memory_threshold: 2000
2026-04-12 05:02:06,345 - INFO -   gpus: None
2026-04-12 05:02:06,345 - INFO -   graph_dropout: 0.0
2026-04-12 05:02:06,345 - INFO -   graph_entropy_max: 0.7
2026-04-12 05:02:06,345 - INFO -   graph_entropy_min: 0.15
2026-04-12 05:02:06,345 - INFO -   graph_identity_residual: 0.1
2026-04-12 05:02:06,345 - INFO -   graph_reg_cap_ratio: 6.0
2026-04-12 05:02:06,345 - INFO -   graph_reg_warmup_epochs: 0
2026-04-12 05:02:06,345 - INFO -   graph_tau_init: 0.55
2026-04-12 05:02:06,345 - INFO -   graph_topk: 24
2026-04-12 05:02:06,345 - INFO -   graph_uniform_margin: 0.12
2026-04-12 05:02:06,345 - INFO -   knowledge_dim: 128
2026-04-12 05:02:06,345 - INFO -   lambda_alpha: 0.05
2026-04-12 05:02:06,345 - INFO -   lambda_alpha_min: 0.0
2026-04-12 05:02:06,345 - INFO -   lambda_graph_diag: 0.12
2026-04-12 05:02:06,346 - INFO -   lambda_graph_uniform: 0.06
2026-04-12 05:02:06,346 - INFO -   lambda_sparse: 0.6
2026-04-12 05:02:06,346 - INFO -   lambda_sparse_personal: 0.002
2026-04-12 05:02:06,346 - INFO -   learning_rate: 0.003
2026-04-12 05:02:06,346 - INFO -   log_dir: logs/abce_diag/ae_only_20260412_9159c40/junyi/seed42/best_full
2026-04-12 05:02:06,346 - INFO -   min_exer_interactions: 0
2026-04-12 05:02:06,346 - INFO -   min_poison_count: 0
2026-04-12 05:02:06,346 - INFO -   min_stu_interactions: 15
2026-04-12 05:02:06,346 - INFO -   model_variant: junyi_abce_best_full
2026-04-12 05:02:06,346 - INFO -   multi_gpu: False
2026-04-12 05:02:06,346 - INFO -   no_cuda: False
2026-04-12 05:02:06,346 - INFO -   num_gnn_layers: 2
2026-04-12 05:02:06,346 - INFO -   num_gpus: 1
2026-04-12 05:02:06,346 - INFO -   num_relation_heads: 2
2026-04-12 05:02:06,346 - INFO -   num_workers: 4
2026-04-12 05:02:06,346 - INFO -   patience: 1
2026-04-12 05:02:06,346 - INFO -   personal_delta_scale: 1.0
2026-04-12 05:02:06,346 - INFO -   personal_max_alpha: 0.35
2026-04-12 05:02:06,346 - INFO -   personal_rank: 4
2026-04-12 05:02:06,346 - INFO -   personal_student_dim: None
2026-04-12 05:02:06,346 - INFO -   personal_warmup_epochs: 0
2026-04-12 05:02:06,346 - INFO -   prediction_l2_lambda: 1e-05
2026-04-12 05:02:06,346 - INFO -   save_dir: checkpoints/abce_diag/ae_only_20260412_9159c40/junyi/seed42/best_full
2026-04-12 05:02:06,346 - INFO -   save_interval: 10
2026-04-12 05:02:06,346 - INFO -   seed: 42
2026-04-12 05:02:06,346 - INFO -   use_concept_graph: True
2026-04-12 05:02:06,346 - INFO -   use_exercise_graph: True
2026-04-12 05:02:06,346 - INFO -   use_personal_graph: True
2026-04-12 05:02:06,346 - INFO -   weight_decay: 0.001
2026-04-12 05:02:06,435 - INFO - Using device: cuda:0 (physical gpu 2)
2026-04-12 05:02:06,435 - INFO - [junyi|junyi_abce_best_full|lr=0.003|drop=0.40] Loading datasets...
2026-04-12 05:02:06,435 - INFO - [junyi|junyi_abce_best_full|lr=0.003|drop=0.40] Regularization: graph_entropy(lambda_sparse)=0.600000, graph_diag=0.120000, graph_uniform=0.060000, personal_sparse=0.002000, alpha_penalty=0.050000, alpha_min=0.000000, prediction_l2=0.000010
2026-04-12 05:02:06,435 - INFO - [junyi|junyi_abce_best_full|lr=0.003|drop=0.40] Graph controls: entropy_band=[0.15, 0.70], uniform_margin=0.12, warmup_epochs=0, cap_ratio=6.00, graph_dropout=0.000, graph_tau_init=0.550
2026-04-12 05:02:06,435 - INFO - [junyi|junyi_abce_best_full|lr=0.003|drop=0.40] Personal controls: personal_max_alpha=0.350, personal_delta_scale=1.000, personal_warmup_epochs=0, personal_student_dim=None, alpha_min_target=0.0000
2026-04-12 05:02:06,565 - INFO - [junyi] [数据清洗] 学生交互次数 < 15 次的学生：共移除 0 个学生（仅统计用户数）
2026-04-12 05:02:06,581 - INFO - [junyi] [数据清洗] 学生冷启动过滤：在 train/valid/test 中共删除 0 条记录。
2026-04-12 05:02:06,581 - INFO - [junyi] [数据清洗] 跳过题目冷门过滤（min_exer_interactions <= 0）。
2026-04-12 05:02:06,581 - INFO - [junyi] [数据清洗] 跳过毒题清洗（min_poison_count <= 0）。
2026-04-12 05:02:06,581 - INFO - [junyi] 正在构建ID映射...
2026-04-12 05:02:06,836 - INFO - [junyi] 正在构建Q矩阵...
2026-04-12 05:02:16,206 - INFO - [junyi] [统计] 开始统计清洗后每道题的概念数量分布...
2026-04-12 05:02:16,210 - INFO - [junyi] [Train] 概念数统计：题目数=702, 平均概念数=1.0000, min=1, max=1, 1概念=702 (100.00%), ≥2概念=0 (0.00%)
2026-04-12 05:02:16,210 - INFO - [junyi] [Train] 概念数直方图（概念数: 题目数量）: {1: 702}
2026-04-12 05:02:16,211 - INFO - [junyi] [Valid] 概念数统计：题目数=623, 平均概念数=1.0000, min=1, max=1, 1概念=623 (100.00%), ≥2概念=0 (0.00%)
2026-04-12 05:02:16,211 - INFO - [junyi] [Valid] 概念数直方图（概念数: 题目数量）: {1: 623}
2026-04-12 05:02:16,212 - INFO - [junyi] [Test] 概念数统计：题目数=673, 平均概念数=1.0000, min=1, max=1, 1概念=673 (100.00%), ≥2概念=0 (0.00%)
2026-04-12 05:02:16,212 - INFO - [junyi] [Test] 概念数直方图（概念数: 题目数量）: {1: 673}
2026-04-12 05:02:16,212 - INFO - [junyi] [统计] 概念数量统计完成。
2026-04-12 05:02:16,212 - INFO - [junyi] 正在加载数据集...
2026-04-12 05:02:16,304 - INFO - [junyi|junyi_abce_best_full|lr=0.003|drop=0.40] Train samples: 262473, Val samples: 24299
2026-04-12 05:02:16,305 - INFO - [junyi|junyi_abce_best_full|lr=0.003|drop=0.40] Number of students: 10000
2026-04-12 05:02:16,305 - INFO - [junyi|junyi_abce_best_full|lr=0.003|drop=0.40] Number of exercises: 706
2026-04-12 05:02:16,305 - INFO - [junyi|junyi_abce_best_full|lr=0.003|drop=0.40] Number of concepts: 706
2026-04-12 05:02:16,305 - INFO - [junyi|junyi_abce_best_full|lr=0.003|drop=0.40] Creating model...
2026-04-12 05:02:16,305 - INFO - [junyi|junyi_abce_best_full|lr=0.003|drop=0.40] Ablation switches: ablate_module1=False | enable_module1=True | use_concept_graph=True | effective(num_gnn_layers=2)
2026-04-12 05:02:16,492 - INFO - [junyi|junyi_abce_best_full|lr=0.003|drop=0.40] Ablation runtime check: args(ablate_module1=False) | model(enable_module1=True) | physical(has_knowledge_encoder=True)
2026-04-12 05:02:16,492 - INFO - [junyi|junyi_abce_best_full|lr=0.003|drop=0.40] Debug diagnostics enabled: diag_batches=1
2026-04-12 05:02:16,511 - INFO - [junyi|junyi_abce_best_full|lr=0.003|drop=0.40] [Graph Init] graph_tau_mean=1.0055, graph_tau_std=0.0000, graph_dropout=0.000, use_personal_graph=True
2026-04-12 05:02:16,511 - INFO - [junyi|junyi_abce_best_full|lr=0.003|drop=0.40] Total parameters: 7,273,172
2026-04-12 05:02:16,511 - INFO - [junyi|junyi_abce_best_full|lr=0.003|drop=0.40] Trainable parameters: 7,273,172
2026-04-12 05:02:17,449 - INFO - [junyi|junyi_abce_best_full|lr=0.003|drop=0.40] Starting training...
2026-04-12 05:06:52,908 - INFO - [junyi|junyi_abce_best_full|lr=0.003|drop=0.40] Epoch [001/100] | Train: Loss=0.5457, BCE=0.5201, Reg=0.0257, AUC=0.7878, ACC=0.7440, RMSE=0.4163 | Val: Loss=0.5408, BCE=0.5169, Reg=0.0239, AUC=0.7989, ACC=0.7564, RMSE=0.4122
2026-04-12 05:06:52,908 - INFO - [junyi|junyi_abce_best_full|lr=0.003|drop=0.40] [Reg Terms] Epoch [001] | Train: graph_entropy=0.000000, graph_diag=0.013881, graph_uniform=0.006719, graph_reg_scale=1.0000, prediction_l2=0.000000, personal_sparse=0.006311, alpha_var=-0.001241, alpha_collapse=0.000000, reg_bce_ratio=0.0494 | Val: graph_entropy=0.000000, graph_diag=0.012000, graph_uniform=0.006735, graph_reg_scale=1.0000, prediction_l2=0.000000, personal_sparse=0.006371, alpha_var=-0.001159, alpha_collapse=0.000000, reg_bce_ratio=0.0463
2026-04-12 05:06:54,656 - INFO - [junyi|junyi_abce_best_full|lr=0.003|drop=0.40] [Diag][AE] Epoch [001] | irt_abs_mean=1.7517, irt_std=1.0852, personal_warmup_scale=1.00, graph_row_entropy=3.1853, graph_entropy_ratio=0.4856, alpha_mean=0.1750, alpha_std=0.1527, alpha_bias_std=0.0001, personal_row_entropy=3.1854, personal_matrix_delta=0.0000, personal_matrix_student_std=0.0000, personal_delta_pre_softmax_norm=0.0000, personal_delta_student_std=0.0000, alpha_head_std=0.1503
2026-04-12 05:06:54,656 - INFO - [junyi|junyi_abce_best_full|lr=0.003|drop=0.40] [Diag][Graph] Epoch [001] | entropy_ratio=0.4856, diag_mass=0.1000, to_uniform_l2=0.007744, to_identity_l2=0.034570, tau_mean=0.6931, tau_std=0.0000, graph_reg_scale(train/val)=1.0000/1.0000
2026-04-12 05:06:54,656 - WARNING - [junyi|junyi_abce_best_full|lr=0.003|drop=0.40] [Diag Warning][E] personal_delta_student_std is near zero: personal_delta_student_std=0.000000, personal_delta_pre_softmax_norm=0.000000
2026-04-12 05:06:54,656 - INFO - [junyi|junyi_abce_best_full|lr=0.003|drop=0.40] [Grad Norms] Epoch [001] | relation_emb=0.000000e+00, relation_tau=6.767700e-16, relation_wq=0.000000e+00, relation_wk=0.000000e+00, personal_u=0.000000e+00, personal_v=0.000000e+00, personal_alpha_bias=2.603639e-05, personal_gate_emb=3.482014e-15, personal_gate_student_proj=0.000000e+00, personal_gate_context_proj=0.000000e+00, personal_gate_student_direct=1.808395e-17, personal_gate_context_direct=7.923047e-04, personal_gate_out=6.547576e-14, personal_generator_emb=0.000000e+00, personal_generator_context_proj=0.000000e+00, personal_generator_context_hidden=0.000000e+00, personal_generator_context_to_u=0.000000e+00, personal_generator_context_to_v=0.000000e+00
2026-04-12 05:06:54,810 - INFO - [junyi|junyi_abce_best_full|lr=0.003|drop=0.40] -> New best AUC=0.7989 at epoch 1
2026-04-12 05:11:30,664 - INFO - [junyi|junyi_abce_best_full|lr=0.003|drop=0.40] Epoch [002/100] | Train: Loss=0.5360, BCE=0.5121, Reg=0.0238, AUC=0.7957, ACC=0.7506, RMSE=0.4123 | Val: Loss=0.5270, BCE=0.5032, Reg=0.0238, AUC=0.8024, ACC=0.7624, RMSE=0.4063
2026-04-12 05:11:30,665 - INFO - [junyi|junyi_abce_best_full|lr=0.003|drop=0.40] [Reg Terms] Epoch [002] | Train: graph_entropy=0.000000, graph_diag=0.012000, graph_uniform=0.006735, graph_reg_scale=1.0000, prediction_l2=0.000000, personal_sparse=0.006371, alpha_var=-0.001265, alpha_collapse=0.000000, reg_bce_ratio=0.0466 | Val: graph_entropy=0.000000, graph_diag=0.012000, graph_uniform=0.006735, graph_reg_scale=1.0000, prediction_l2=0.000000, personal_sparse=0.006371, alpha_var=-0.001266, alpha_collapse=0.000000, reg_bce_ratio=0.0474
2026-04-12 05:11:32,927 - INFO - [junyi|junyi_abce_best_full|lr=0.003|drop=0.40] [Diag][AE] Epoch [002] | irt_abs_mean=1.6759, irt_std=1.0889, personal_warmup_scale=1.00, graph_row_entropy=3.1853, graph_entropy_ratio=0.4856, alpha_mean=0.1750, alpha_std=0.1563, alpha_bias_std=0.0002, personal_row_entropy=3.1854, personal_matrix_delta=0.0000, personal_matrix_student_std=0.0000, personal_delta_pre_softmax_norm=0.0000, personal_delta_student_std=0.0000, alpha_head_std=0.1536
2026-04-12 05:11:32,927 - INFO - [junyi|junyi_abce_best_full|lr=0.003|drop=0.40] [Diag][Graph] Epoch [002] | entropy_ratio=0.4856, diag_mass=0.1000, to_uniform_l2=0.007744, to_identity_l2=0.034570, tau_mean=0.6931, tau_std=0.0000, graph_reg_scale(train/val)=1.0000/1.0000
2026-04-12 05:11:32,927 - WARNING - [junyi|junyi_abce_best_full|lr=0.003|drop=0.40] [Diag Warning][E] personal_delta_student_std is near zero: personal_delta_student_std=0.000000, personal_delta_pre_softmax_norm=0.000000
2026-04-12 05:11:32,927 - INFO - [junyi|junyi_abce_best_full|lr=0.003|drop=0.40] [Grad Norms] Epoch [002] | relation_emb=1.714616e-16, relation_tau=5.888721e-13, relation_wq=8.818407e-17, relation_wk=2.632827e-16, personal_u=0.000000e+00, personal_v=0.000000e+00, personal_alpha_bias=1.870532e-05, personal_gate_emb=1.139210e-09, personal_gate_student_proj=9.505858e-21, personal_gate_context_proj=2.292470e-15, personal_gate_student_direct=2.956075e-09, personal_gate_context_direct=7.126154e-04, personal_gate_out=1.223304e-08, personal_generator_emb=0.000000e+00, personal_generator_context_proj=0.000000e+00, personal_generator_context_hidden=0.000000e+00, personal_generator_context_to_u=0.000000e+00, personal_generator_context_to_v=0.000000e+00
2026-04-12 05:11:33,596 - INFO - [junyi|junyi_abce_best_full|lr=0.003|drop=0.40] -> New best AUC=0.8024 at epoch 2
2026-04-12 05:16:08,985 - INFO - [junyi|junyi_abce_best_full|lr=0.003|drop=0.40] Epoch [003/100] | Train: Loss=0.5322, BCE=0.5084, Reg=0.0238, AUC=0.7993, ACC=0.7523, RMSE=0.4105 | Val: Loss=0.5250, BCE=0.5011, Reg=0.0239, AUC=0.8064, ACC=0.7644, RMSE=0.4052
2026-04-12 05:16:08,986 - INFO - [junyi|junyi_abce_best_full|lr=0.003|drop=0.40] [Reg Terms] Epoch [003] | Train: graph_entropy=0.000000, graph_diag=0.012000, graph_uniform=0.006735, graph_reg_scale=1.0000, prediction_l2=0.000000, personal_sparse=0.006371, alpha_var=-0.001304, alpha_collapse=0.000000, reg_bce_ratio=0.0468 | Val: graph_entropy=0.000000, graph_diag=0.012000, graph_uniform=0.006735, graph_reg_scale=1.0000, prediction_l2=0.000000, personal_sparse=0.006371, alpha_var=-0.001187, alpha_collapse=0.000000, reg_bce_ratio=0.0477
2026-04-12 05:16:11,263 - INFO - [junyi|junyi_abce_best_full|lr=0.003|drop=0.40] [Diag][AE] Epoch [003] | irt_abs_mean=1.7917, irt_std=1.1017, personal_warmup_scale=1.00, graph_row_entropy=3.1853, graph_entropy_ratio=0.4856, alpha_mean=0.1750, alpha_std=0.1545, alpha_bias_std=0.0003, personal_row_entropy=3.1854, personal_matrix_delta=0.0000, personal_matrix_student_std=0.0000, personal_delta_pre_softmax_norm=0.0000, personal_delta_student_std=0.0000, alpha_head_std=0.1517
2026-04-12 05:16:11,264 - INFO - [junyi|junyi_abce_best_full|lr=0.003|drop=0.40] [Diag][Graph] Epoch [003] | entropy_ratio=0.4856, diag_mass=0.1000, to_uniform_l2=0.007744, to_identity_l2=0.034570, tau_mean=0.6931, tau_std=0.0000, graph_reg_scale(train/val)=1.0000/1.0000
2026-04-12 05:16:11,264 - WARNING - [junyi|junyi_abce_best_full|lr=0.003|drop=0.40] [Diag Warning][E] personal_delta_student_std is near zero: personal_delta_student_std=0.000000, personal_delta_pre_softmax_norm=0.000000
2026-04-12 05:16:11,264 - INFO - [junyi|junyi_abce_best_full|lr=0.003|drop=0.40] [Grad Norms] Epoch [003] | relation_emb=3.366868e-15, relation_tau=2.690668e-12, relation_wq=2.747852e-15, relation_wk=5.021692e-15, personal_u=0.000000e+00, personal_v=0.000000e+00, personal_alpha_bias=2.071029e-05, personal_gate_emb=3.136344e-09, personal_gate_student_proj=4.015761e-20, personal_gate_context_proj=5.272504e-15, personal_gate_student_direct=5.562458e-09, personal_gate_context_direct=7.302946e-04, personal_gate_out=4.244960e-08, personal_generator_emb=0.000000e+00, personal_generator_context_proj=0.000000e+00, personal_generator_context_hidden=0.000000e+00, personal_generator_context_to_u=0.000000e+00, personal_generator_context_to_v=0.000000e+00
2026-04-12 05:16:11,988 - INFO - [junyi|junyi_abce_best_full|lr=0.003|drop=0.40] -> New best AUC=0.8064 at epoch 3
2026-04-12 05:20:47,323 - INFO - [junyi|junyi_abce_best_full|lr=0.003|drop=0.40] Epoch [004/100] | Train: Loss=0.5281, BCE=0.5043, Reg=0.0238, AUC=0.8033, ACC=0.7559, RMSE=0.4084 | Val: Loss=0.5236, BCE=0.4997, Reg=0.0239, AUC=0.8073, ACC=0.7641, RMSE=0.4048
2026-04-12 05:20:47,324 - INFO - [junyi|junyi_abce_best_full|lr=0.003|drop=0.40] [Reg Terms] Epoch [004] | Train: graph_entropy=0.000000, graph_diag=0.012000, graph_uniform=0.006735, graph_reg_scale=1.0000, prediction_l2=0.000000, personal_sparse=0.006371, alpha_var=-0.001272, alpha_collapse=0.000000, reg_bce_ratio=0.0473 | Val: graph_entropy=0.000000, graph_diag=0.012000, graph_uniform=0.006735, graph_reg_scale=1.0000, prediction_l2=0.000000, personal_sparse=0.006371, alpha_var=-0.001212, alpha_collapse=0.000000, reg_bce_ratio=0.0478
2026-04-12 05:20:48,913 - INFO - [junyi|junyi_abce_best_full|lr=0.003|drop=0.40] [Diag][AE] Epoch [004] | irt_abs_mean=1.7187, irt_std=1.1530, personal_warmup_scale=1.00, graph_row_entropy=3.1853, graph_entropy_ratio=0.4856, alpha_mean=0.1750, alpha_std=0.1547, alpha_bias_std=0.0002, personal_row_entropy=3.1854, personal_matrix_delta=0.0000, personal_matrix_student_std=0.0000, personal_delta_pre_softmax_norm=0.0000, personal_delta_student_std=0.0000, alpha_head_std=0.1512
2026-04-12 05:20:48,914 - INFO - [junyi|junyi_abce_best_full|lr=0.003|drop=0.40] [Diag][Graph] Epoch [004] | entropy_ratio=0.4856, diag_mass=0.1000, to_uniform_l2=0.007744, to_identity_l2=0.034570, tau_mean=0.6931, tau_std=0.0000, graph_reg_scale(train/val)=1.0000/1.0000
2026-04-12 05:20:48,914 - WARNING - [junyi|junyi_abce_best_full|lr=0.003|drop=0.40] [Diag Warning][E] personal_delta_student_std is near zero: personal_delta_student_std=0.000000, personal_delta_pre_softmax_norm=0.000000
2026-04-12 05:20:48,914 - INFO - [junyi|junyi_abce_best_full|lr=0.003|drop=0.40] [Grad Norms] Epoch [004] | relation_emb=8.444886e-15, relation_tau=5.927653e-12, relation_wq=5.030820e-15, relation_wk=5.229164e-15, personal_u=0.000000e+00, personal_v=0.000000e+00, personal_alpha_bias=1.886415e-05, personal_gate_emb=5.335741e-09, personal_gate_student_proj=1.259813e-17, personal_gate_context_proj=1.516838e-12, personal_gate_student_direct=5.890715e-09, personal_gate_context_direct=7.092471e-04, personal_gate_out=7.864548e-08, personal_generator_emb=0.000000e+00, personal_generator_context_proj=0.000000e+00, personal_generator_context_hidden=0.000000e+00, personal_generator_context_to_u=0.000000e+00, personal_generator_context_to_v=0.000000e+00
2026-04-12 05:20:49,546 - INFO - [junyi|junyi_abce_best_full|lr=0.003|drop=0.40] -> New best AUC=0.8073 at epoch 4
2026-04-12 05:25:24,958 - INFO - [junyi|junyi_abce_best_full|lr=0.003|drop=0.40] Epoch [005/100] | Train: Loss=0.5272, BCE=0.5033, Reg=0.0239, AUC=0.8042, ACC=0.7562, RMSE=0.4079 | Val: Loss=0.5217, BCE=0.4978, Reg=0.0239, AUC=0.8080, ACC=0.7652, RMSE=0.4039
2026-04-12 05:25:24,958 - INFO - [junyi|junyi_abce_best_full|lr=0.003|drop=0.40] [Reg Terms] Epoch [005] | Train: graph_entropy=0.000000, graph_diag=0.012000, graph_uniform=0.006735, graph_reg_scale=1.0000, prediction_l2=0.000000, personal_sparse=0.006371, alpha_var=-0.001235, alpha_collapse=0.000000, reg_bce_ratio=0.0474 | Val: graph_entropy=0.000000, graph_diag=0.012000, graph_uniform=0.006735, graph_reg_scale=1.0000, prediction_l2=0.000000, personal_sparse=0.006371, alpha_var=-0.001192, alpha_collapse=0.000000, reg_bce_ratio=0.0480
2026-04-12 05:25:27,038 - INFO - [junyi|junyi_abce_best_full|lr=0.003|drop=0.40] [Diag][AE] Epoch [005] | irt_abs_mean=1.6963, irt_std=1.0797, personal_warmup_scale=1.00, graph_row_entropy=3.1853, graph_entropy_ratio=0.4856, alpha_mean=0.1750, alpha_std=0.1536, alpha_bias_std=0.0001, personal_row_entropy=3.1854, personal_matrix_delta=0.0000, personal_matrix_student_std=0.0000, personal_delta_pre_softmax_norm=0.0000, personal_delta_student_std=0.0000, alpha_head_std=0.1493
2026-04-12 05:25:27,039 - INFO - [junyi|junyi_abce_best_full|lr=0.003|drop=0.40] [Diag][Graph] Epoch [005] | entropy_ratio=0.4856, diag_mass=0.1000, to_uniform_l2=0.007744, to_identity_l2=0.034570, tau_mean=0.6931, tau_std=0.0000, graph_reg_scale(train/val)=1.0000/1.0000
2026-04-12 05:25:27,039 - WARNING - [junyi|junyi_abce_best_full|lr=0.003|drop=0.40] [Diag Warning][E] personal_delta_student_std is near zero: personal_delta_student_std=0.000000, personal_delta_pre_softmax_norm=0.000000
2026-04-12 05:25:27,039 - INFO - [junyi|junyi_abce_best_full|lr=0.003|drop=0.40] [Grad Norms] Epoch [005] | relation_emb=1.578264e-14, relation_tau=4.569252e-12, relation_wq=1.095019e-14, relation_wk=1.487413e-14, personal_u=0.000000e+00, personal_v=0.000000e+00, personal_alpha_bias=2.422624e-05, personal_gate_emb=8.915880e-09, personal_gate_student_proj=5.557204e-17, personal_gate_context_proj=3.914132e-12, personal_gate_student_direct=1.039734e-08, personal_gate_context_direct=7.323459e-04, personal_gate_out=7.119378e-08, personal_generator_emb=0.000000e+00, personal_generator_context_proj=0.000000e+00, personal_generator_context_hidden=0.000000e+00, personal_generator_context_to_u=0.000000e+00, personal_generator_context_to_v=0.000000e+00
2026-04-12 05:25:27,723 - INFO - [junyi|junyi_abce_best_full|lr=0.003|drop=0.40] -> New best AUC=0.8080 at epoch 5
2026-04-12 05:30:02,581 - INFO - [junyi|junyi_abce_best_full|lr=0.003|drop=0.40] Epoch [006/100] | Train: Loss=0.5252, BCE=0.5014, Reg=0.0238, AUC=0.8061, ACC=0.7575, RMSE=0.4070 | Val: Loss=0.5268, BCE=0.5029, Reg=0.0239, AUC=0.8068, ACC=0.7595, RMSE=0.4074
2026-04-12 05:30:02,581 - INFO - [junyi|junyi_abce_best_full|lr=0.003|drop=0.40] [Reg Terms] Epoch [006] | Train: graph_entropy=0.000000, graph_diag=0.012002, graph_uniform=0.006735, graph_reg_scale=1.0000, prediction_l2=0.000000, personal_sparse=0.006371, alpha_var=-0.001262, alpha_collapse=0.000000, reg_bce_ratio=0.0476 | Val: graph_entropy=0.000000, graph_diag=0.012000, graph_uniform=0.006735, graph_reg_scale=1.0000, prediction_l2=0.000000, personal_sparse=0.006371, alpha_var=-0.001208, alpha_collapse=0.000000, reg_bce_ratio=0.0475
2026-04-12 05:30:04,544 - INFO - [junyi|junyi_abce_best_full|lr=0.003|drop=0.40] [Diag][AE] Epoch [006] | irt_abs_mean=1.5426, irt_std=1.0670, personal_warmup_scale=1.00, graph_row_entropy=3.1853, graph_entropy_ratio=0.4856, alpha_mean=0.1750, alpha_std=0.1525, alpha_bias_std=0.0002, personal_row_entropy=3.1854, personal_matrix_delta=0.0000, personal_matrix_student_std=0.0000, personal_delta_pre_softmax_norm=0.0000, personal_delta_student_std=0.0000, alpha_head_std=0.1478
2026-04-12 05:30:04,545 - INFO - [junyi|junyi_abce_best_full|lr=0.003|drop=0.40] [Diag][Graph] Epoch [006] | entropy_ratio=0.4856, diag_mass=0.1000, to_uniform_l2=0.007744, to_identity_l2=0.034570, tau_mean=0.6931, tau_std=0.0000, graph_reg_scale(train/val)=1.0000/1.0000
2026-04-12 05:30:04,545 - WARNING - [junyi|junyi_abce_best_full|lr=0.003|drop=0.40] [Diag Warning][E] personal_delta_student_std is near zero: personal_delta_student_std=0.000000, personal_delta_pre_softmax_norm=0.000000
2026-04-12 05:30:04,545 - INFO - [junyi|junyi_abce_best_full|lr=0.003|drop=0.40] [Grad Norms] Epoch [006] | relation_emb=3.105589e-14, relation_tau=3.653819e-12, relation_wq=2.019855e-14, relation_wk=1.907708e-14, personal_u=0.000000e+00, personal_v=0.000000e+00, personal_alpha_bias=2.515135e-05, personal_gate_emb=1.308829e-08, personal_gate_student_proj=3.794795e-16, personal_gate_context_proj=2.198740e-11, personal_gate_student_direct=1.123343e-08, personal_gate_context_direct=6.509456e-04, personal_gate_out=8.009604e-08, personal_generator_emb=0.000000e+00, personal_generator_context_proj=0.000000e+00, personal_generator_context_hidden=0.000000e+00, personal_generator_context_to_u=0.000000e+00, personal_generator_context_to_v=0.000000e+00
2026-04-12 05:30:04,545 - INFO - [junyi|junyi_abce_best_full|lr=0.003|drop=0.40] -> No improvement 1 epoch(s) (best AUC=0.8080 @ 5)
2026-04-12 05:34:39,226 - INFO - [junyi|junyi_abce_best_full|lr=0.003|drop=0.40] Epoch [007/100] | Train: Loss=0.5250, BCE=0.5011, Reg=0.0239, AUC=0.8064, ACC=0.7577, RMSE=0.4069 | Val: Loss=0.5172, BCE=0.4932, Reg=0.0239, AUC=0.8100, ACC=0.7659, RMSE=0.4018
2026-04-12 05:34:39,226 - INFO - [junyi|junyi_abce_best_full|lr=0.003|drop=0.40] [Reg Terms] Epoch [007] | Train: graph_entropy=0.000000, graph_diag=0.012009, graph_uniform=0.006735, graph_reg_scale=1.0000, prediction_l2=0.000000, personal_sparse=0.006371, alpha_var=-0.001253, alpha_collapse=0.000000, reg_bce_ratio=0.0476 | Val: graph_entropy=0.000000, graph_diag=0.012000, graph_uniform=0.006735, graph_reg_scale=1.0000, prediction_l2=0.000000, personal_sparse=0.006371, alpha_var=-0.001189, alpha_collapse=0.000000, reg_bce_ratio=0.0485
2026-04-12 05:34:40,785 - INFO - [junyi|junyi_abce_best_full|lr=0.003|drop=0.40] [Diag][AE] Epoch [007] | irt_abs_mean=1.6888, irt_std=1.0424, personal_warmup_scale=1.00, graph_row_entropy=3.1853, graph_entropy_ratio=0.4856, alpha_mean=0.1750, alpha_std=0.1489, alpha_bias_std=0.0003, personal_row_entropy=3.1854, personal_matrix_delta=0.0000, personal_matrix_student_std=0.0000, personal_delta_pre_softmax_norm=0.0000, personal_delta_student_std=0.0000, alpha_head_std=0.1429
2026-04-12 05:34:40,785 - INFO - [junyi|junyi_abce_best_full|lr=0.003|drop=0.40] [Diag][Graph] Epoch [007] | entropy_ratio=0.4856, diag_mass=0.1000, to_uniform_l2=0.007744, to_identity_l2=0.034570, tau_mean=0.6931, tau_std=0.0000, graph_reg_scale(train/val)=1.0000/1.0000
2026-04-12 05:34:40,785 - WARNING - [junyi|junyi_abce_best_full|lr=0.003|drop=0.40] [Diag Warning][E] personal_delta_student_std is near zero: personal_delta_student_std=0.000000, personal_delta_pre_softmax_norm=0.000000
2026-04-12 05:34:40,785 - INFO - [junyi|junyi_abce_best_full|lr=0.003|drop=0.40] [Grad Norms] Epoch [007] | relation_emb=6.758739e-14, relation_tau=7.438373e-12, relation_wq=4.230602e-14, relation_wk=4.191192e-14, personal_u=0.000000e+00, personal_v=0.000000e+00, personal_alpha_bias=2.569552e-05, personal_gate_emb=1.690785e-08, personal_gate_student_proj=9.875958e-16, personal_gate_context_proj=5.188237e-11, personal_gate_student_direct=1.514944e-08, personal_gate_context_direct=7.958436e-04, personal_gate_out=7.095637e-08, personal_generator_emb=0.000000e+00, personal_generator_context_proj=0.000000e+00, personal_generator_context_hidden=0.000000e+00, personal_generator_context_to_u=0.000000e+00, personal_generator_context_to_v=0.000000e+00
2026-04-12 05:34:41,499 - INFO - [junyi|junyi_abce_best_full|lr=0.003|drop=0.40] -> New best AUC=0.8100 at epoch 7
2026-04-12 05:39:16,355 - INFO - [junyi|junyi_abce_best_full|lr=0.003|drop=0.40] Epoch [008/100] | Train: Loss=0.5244, BCE=0.5006, Reg=0.0238, AUC=0.8067, ACC=0.7588, RMSE=0.4066 | Val: Loss=0.5200, BCE=0.4961, Reg=0.0239, AUC=0.8106, ACC=0.7669, RMSE=0.4030
2026-04-12 05:39:16,355 - INFO - [junyi|junyi_abce_best_full|lr=0.003|drop=0.40] [Reg Terms] Epoch [008] | Train: graph_entropy=0.000000, graph_diag=0.012012, graph_uniform=0.006735, graph_reg_scale=1.0000, prediction_l2=0.000000, personal_sparse=0.006370, alpha_var=-0.001269, alpha_collapse=0.000000, reg_bce_ratio=0.0476 | Val: graph_entropy=0.000000, graph_diag=0.012000, graph_uniform=0.006735, graph_reg_scale=1.0000, prediction_l2=0.000000, personal_sparse=0.006371, alpha_var=-0.001201, alpha_collapse=0.000000, reg_bce_ratio=0.0482
2026-04-12 05:39:18,686 - INFO - [junyi|junyi_abce_best_full|lr=0.003|drop=0.40] [Diag][AE] Epoch [008] | irt_abs_mean=1.8007, irt_std=1.1053, personal_warmup_scale=1.00, graph_row_entropy=3.1853, graph_entropy_ratio=0.4856, alpha_mean=0.1750, alpha_std=0.1515, alpha_bias_std=0.0002, personal_row_entropy=3.1854, personal_matrix_delta=0.0000, personal_matrix_student_std=0.0000, personal_delta_pre_softmax_norm=0.0000, personal_delta_student_std=0.0000, alpha_head_std=0.1465
2026-04-12 05:39:18,686 - INFO - [junyi|junyi_abce_best_full|lr=0.003|drop=0.40] [Diag][Graph] Epoch [008] | entropy_ratio=0.4856, diag_mass=0.1000, to_uniform_l2=0.007744, to_identity_l2=0.034570, tau_mean=0.6931, tau_std=0.0000, graph_reg_scale(train/val)=1.0000/1.0000
2026-04-12 05:39:18,687 - WARNING - [junyi|junyi_abce_best_full|lr=0.003|drop=0.40] [Diag Warning][E] personal_delta_student_std is near zero: personal_delta_student_std=0.000000, personal_delta_pre_softmax_norm=0.000000
2026-04-12 05:39:18,687 - INFO - [junyi|junyi_abce_best_full|lr=0.003|drop=0.40] [Grad Norms] Epoch [008] | relation_emb=1.807410e-13, relation_tau=1.766911e-11, relation_wq=1.118482e-13, relation_wk=1.084299e-13, personal_u=0.000000e+00, personal_v=0.000000e+00, personal_alpha_bias=2.020357e-05, personal_gate_emb=1.515010e-08, personal_gate_student_proj=9.762092e-16, personal_gate_context_proj=4.119580e-11, personal_gate_student_direct=1.616823e-08, personal_gate_context_direct=6.823245e-04, personal_gate_out=5.025107e-08, personal_generator_emb=0.000000e+00, personal_generator_context_proj=0.000000e+00, personal_generator_context_hidden=0.000000e+00, personal_generator_context_to_u=0.000000e+00, personal_generator_context_to_v=0.000000e+00
2026-04-12 05:39:19,263 - INFO - [junyi|junyi_abce_best_full|lr=0.003|drop=0.40] -> New best AUC=0.8106 at epoch 8
2026-04-12 05:43:54,120 - INFO - [junyi|junyi_abce_best_full|lr=0.003|drop=0.40] Epoch [009/100] | Train: Loss=0.5247, BCE=0.5009, Reg=0.0239, AUC=0.8065, ACC=0.7586, RMSE=0.4067 | Val: Loss=0.5233, BCE=0.4994, Reg=0.0239, AUC=0.8095, ACC=0.7680, RMSE=0.4032
2026-04-12 05:43:54,120 - INFO - [junyi|junyi_abce_best_full|lr=0.003|drop=0.40] [Reg Terms] Epoch [009] | Train: graph_entropy=0.000000, graph_diag=0.012010, graph_uniform=0.006735, graph_reg_scale=1.0000, prediction_l2=0.000000, personal_sparse=0.006371, alpha_var=-0.001259, alpha_collapse=0.000000, reg_bce_ratio=0.0476 | Val: graph_entropy=0.000000, graph_diag=0.012000, graph_uniform=0.006735, graph_reg_scale=1.0000, prediction_l2=0.000000, personal_sparse=0.006371, alpha_var=-0.001176, alpha_collapse=0.000000, reg_bce_ratio=0.0479
2026-04-12 05:43:56,384 - INFO - [junyi|junyi_abce_best_full|lr=0.003|drop=0.40] [Diag][AE] Epoch [009] | irt_abs_mean=1.7337, irt_std=1.1631, personal_warmup_scale=1.00, graph_row_entropy=3.1853, graph_entropy_ratio=0.4856, alpha_mean=0.1750, alpha_std=0.1515, alpha_bias_std=0.0004, personal_row_entropy=3.1854, personal_matrix_delta=0.0000, personal_matrix_student_std=0.0000, personal_delta_pre_softmax_norm=0.0000, personal_delta_student_std=0.0000, alpha_head_std=0.1461
2026-04-12 05:43:56,384 - INFO - [junyi|junyi_abce_best_full|lr=0.003|drop=0.40] [Diag][Graph] Epoch [009] | entropy_ratio=0.4856, diag_mass=0.1000, to_uniform_l2=0.007744, to_identity_l2=0.034570, tau_mean=0.6931, tau_std=0.0000, graph_reg_scale(train/val)=1.0000/1.0000
2026-04-12 05:43:56,385 - WARNING - [junyi|junyi_abce_best_full|lr=0.003|drop=0.40] [Diag Warning][E] personal_delta_student_std is near zero: personal_delta_student_std=0.000000, personal_delta_pre_softmax_norm=0.000000
2026-04-12 05:43:56,385 - INFO - [junyi|junyi_abce_best_full|lr=0.003|drop=0.40] [Grad Norms] Epoch [009] | relation_emb=1.095406e-13, relation_tau=2.844111e-12, relation_wq=6.708867e-14, relation_wk=6.849158e-14, personal_u=0.000000e+00, personal_v=0.000000e+00, personal_alpha_bias=2.037540e-05, personal_gate_emb=1.627422e-08, personal_gate_student_proj=1.430740e-15, personal_gate_context_proj=5.804674e-11, personal_gate_student_direct=1.748030e-08, personal_gate_context_direct=7.091856e-04, personal_gate_out=3.296991e-08, personal_generator_emb=0.000000e+00, personal_generator_context_proj=0.000000e+00, personal_generator_context_hidden=0.000000e+00, personal_generator_context_to_u=0.000000e+00, personal_generator_context_to_v=0.000000e+00
2026-04-12 05:43:56,385 - INFO - [junyi|junyi_abce_best_full|lr=0.003|drop=0.40] -> No improvement 1 epoch(s) (best AUC=0.8106 @ 8)
2026-04-12 05:48:31,679 - INFO - [junyi|junyi_abce_best_full|lr=0.003|drop=0.40] Epoch [010/100] | Train: Loss=0.5128, BCE=0.4889, Reg=0.0239, AUC=0.8175, ACC=0.7665, RMSE=0.4007 | Val: Loss=0.5147, BCE=0.4908, Reg=0.0239, AUC=0.8157, ACC=0.7719, RMSE=0.3999
2026-04-12 05:48:31,679 - INFO - [junyi|junyi_abce_best_full|lr=0.003|drop=0.40] [Reg Terms] Epoch [010] | Train: graph_entropy=0.000000, graph_diag=0.012000, graph_uniform=0.006735, graph_reg_scale=1.0000, prediction_l2=0.000000, personal_sparse=0.006371, alpha_var=-0.001239, alpha_collapse=0.000000, reg_bce_ratio=0.0488 | Val: graph_entropy=0.000000, graph_diag=0.012000, graph_uniform=0.006735, graph_reg_scale=1.0000, prediction_l2=0.000000, personal_sparse=0.006371, alpha_var=-0.001160, alpha_collapse=0.000000, reg_bce_ratio=0.0488
2026-04-12 05:48:33,956 - INFO - [junyi|junyi_abce_best_full|lr=0.003|drop=0.40] [Diag][AE] Epoch [010] | irt_abs_mean=1.8255, irt_std=1.0891, personal_warmup_scale=1.00, graph_row_entropy=3.1853, graph_entropy_ratio=0.4856, alpha_mean=0.1750, alpha_std=0.1478, alpha_bias_std=0.0001, personal_row_entropy=3.1854, personal_matrix_delta=0.0000, personal_matrix_student_std=0.0000, personal_delta_pre_softmax_norm=0.0000, personal_delta_student_std=0.0000, alpha_head_std=0.1400
2026-04-12 05:48:33,956 - INFO - [junyi|junyi_abce_best_full|lr=0.003|drop=0.40] [Diag][Graph] Epoch [010] | entropy_ratio=0.4856, diag_mass=0.1000, to_uniform_l2=0.007744, to_identity_l2=0.034570, tau_mean=0.6931, tau_std=0.0000, graph_reg_scale(train/val)=1.0000/1.0000
2026-04-12 05:48:33,956 - WARNING - [junyi|junyi_abce_best_full|lr=0.003|drop=0.40] [Diag Warning][E] personal_delta_student_std is near zero: personal_delta_student_std=0.000000, personal_delta_pre_softmax_norm=0.000000
2026-04-12 05:48:33,956 - INFO - [junyi|junyi_abce_best_full|lr=0.003|drop=0.40] [Grad Norms] Epoch [010] | relation_emb=0.000000e+00, relation_tau=0.000000e+00, relation_wq=0.000000e+00, relation_wk=0.000000e+00, personal_u=0.000000e+00, personal_v=0.000000e+00, personal_alpha_bias=2.684644e-05, personal_gate_emb=0.000000e+00, personal_gate_student_proj=0.000000e+00, personal_gate_context_proj=0.000000e+00, personal_gate_student_direct=0.000000e+00, personal_gate_context_direct=7.104753e-04, personal_gate_out=0.000000e+00, personal_generator_emb=0.000000e+00, personal_generator_context_proj=0.000000e+00, personal_generator_context_hidden=0.000000e+00, personal_generator_context_to_u=0.000000e+00, personal_generator_context_to_v=0.000000e+00
2026-04-12 05:48:34,751 - INFO - [junyi|junyi_abce_best_full|lr=0.003|drop=0.40] -> New best AUC=0.8157 at epoch 10
2026-04-12 05:48:34,901 - INFO - [junyi|junyi_abce_best_full|lr=0.003|drop=0.40] Checkpoint saved: checkpoints/abce_diag/ae_only_20260412_9159c40/junyi/seed42/best_full/checkpoint_epoch_10.pth
2026-04-12 05:48:35,301 - INFO - [junyi|junyi_abce_best_full|lr=0.003|drop=0.40] [Module Activity] Epoch 10: Graph[OK] Personal[X]
2026-04-12 05:53:10,340 - INFO - [junyi|junyi_abce_best_full|lr=0.003|drop=0.40] Epoch [011/100] | Train: Loss=0.5105, BCE=0.4867, Reg=0.0239, AUC=0.8194, ACC=0.7682, RMSE=0.3996 | Val: Loss=0.5112, BCE=0.4872, Reg=0.0240, AUC=0.8174, ACC=0.7721, RMSE=0.3982
2026-04-12 05:53:10,340 - INFO - [junyi|junyi_abce_best_full|lr=0.003|drop=0.40] [Reg Terms] Epoch [011] | Train: graph_entropy=0.000000, graph_diag=0.012004, graph_uniform=0.006735, graph_reg_scale=1.0000, prediction_l2=0.000000, personal_sparse=0.006371, alpha_var=-0.001247, alpha_collapse=0.000000, reg_bce_ratio=0.0490 | Val: graph_entropy=0.000000, graph_diag=0.012000, graph_uniform=0.006735, graph_reg_scale=1.0000, prediction_l2=0.000000, personal_sparse=0.006371, alpha_var=-0.001139, alpha_collapse=0.000000, reg_bce_ratio=0.0492
2026-04-12 05:53:11,892 - INFO - [junyi|junyi_abce_best_full|lr=0.003|drop=0.40] [Diag][AE] Epoch [011] | irt_abs_mean=1.9069, irt_std=1.1444, personal_warmup_scale=1.00, graph_row_entropy=3.1853, graph_entropy_ratio=0.4856, alpha_mean=0.1750, alpha_std=0.1451, alpha_bias_std=0.0002, personal_row_entropy=3.1854, personal_matrix_delta=0.0000, personal_matrix_student_std=0.0000, personal_delta_pre_softmax_norm=0.0000, personal_delta_student_std=0.0000, alpha_head_std=0.1379
2026-04-12 05:53:11,892 - INFO - [junyi|junyi_abce_best_full|lr=0.003|drop=0.40] [Diag][Graph] Epoch [011] | entropy_ratio=0.4856, diag_mass=0.1000, to_uniform_l2=0.007744, to_identity_l2=0.034570, tau_mean=0.6931, tau_std=0.0000, graph_reg_scale(train/val)=1.0000/1.0000
2026-04-12 05:53:11,892 - WARNING - [junyi|junyi_abce_best_full|lr=0.003|drop=0.40] [Diag Warning][E] personal_delta_student_std is near zero: personal_delta_student_std=0.000000, personal_delta_pre_softmax_norm=0.000000
2026-04-12 05:53:11,892 - INFO - [junyi|junyi_abce_best_full|lr=0.003|drop=0.40] [Grad Norms] Epoch [011] | relation_emb=1.760881e-14, relation_tau=7.673580e-14, relation_wq=9.969124e-15, relation_wk=9.907413e-15, personal_u=0.000000e+00, personal_v=0.000000e+00, personal_alpha_bias=2.655893e-05, personal_gate_emb=9.510861e-10, personal_gate_student_proj=1.717182e-17, personal_gate_context_proj=3.862929e-12, personal_gate_student_direct=3.319226e-09, personal_gate_context_direct=7.466855e-04, personal_gate_out=6.418098e-09, personal_generator_emb=0.000000e+00, personal_generator_context_proj=0.000000e+00, personal_generator_context_hidden=0.000000e+00, personal_generator_context_to_u=0.000000e+00, personal_generator_context_to_v=0.000000e+00
2026-04-12 05:53:12,699 - INFO - [junyi|junyi_abce_best_full|lr=0.003|drop=0.40] -> New best AUC=0.8174 at epoch 11
2026-04-12 05:57:48,541 - INFO - [junyi|junyi_abce_best_full|lr=0.003|drop=0.40] Epoch [012/100] | Train: Loss=0.5094, BCE=0.4855, Reg=0.0239, AUC=0.8204, ACC=0.7689, RMSE=0.3990 | Val: Loss=0.5116, BCE=0.4876, Reg=0.0240, AUC=0.8181, ACC=0.7735, RMSE=0.3984
2026-04-12 05:57:48,541 - INFO - [junyi|junyi_abce_best_full|lr=0.003|drop=0.40] [Reg Terms] Epoch [012] | Train: graph_entropy=0.000000, graph_diag=0.012004, graph_uniform=0.006735, graph_reg_scale=1.0000, prediction_l2=0.000000, personal_sparse=0.006371, alpha_var=-0.001210, alpha_collapse=0.000000, reg_bce_ratio=0.0492 | Val: graph_entropy=0.000000, graph_diag=0.012000, graph_uniform=0.006735, graph_reg_scale=1.0000, prediction_l2=0.000000, personal_sparse=0.006371, alpha_var=-0.001112, alpha_collapse=0.000000, reg_bce_ratio=0.0492
2026-04-12 05:57:51,014 - INFO - [junyi|junyi_abce_best_full|lr=0.003|drop=0.40] [Diag][AE] Epoch [012] | irt_abs_mean=1.8743, irt_std=1.0899, personal_warmup_scale=1.00, graph_row_entropy=3.1853, graph_entropy_ratio=0.4856, alpha_mean=0.1750, alpha_std=0.1474, alpha_bias_std=0.0003, personal_row_entropy=3.1854, personal_matrix_delta=0.0000, personal_matrix_student_std=0.0000, personal_delta_pre_softmax_norm=0.0000, personal_delta_student_std=0.0000, alpha_head_std=0.1397
2026-04-12 05:57:51,014 - INFO - [junyi|junyi_abce_best_full|lr=0.003|drop=0.40] [Diag][Graph] Epoch [012] | entropy_ratio=0.4856, diag_mass=0.1000, to_uniform_l2=0.007744, to_identity_l2=0.034570, tau_mean=0.6931, tau_std=0.0000, graph_reg_scale(train/val)=1.0000/1.0000
2026-04-12 05:57:51,014 - WARNING - [junyi|junyi_abce_best_full|lr=0.003|drop=0.40] [Diag Warning][E] personal_delta_student_std is near zero: personal_delta_student_std=0.000000, personal_delta_pre_softmax_norm=0.000000
2026-04-12 05:57:51,014 - INFO - [junyi|junyi_abce_best_full|lr=0.003|drop=0.40] [Grad Norms] Epoch [012] | relation_emb=1.087671e-14, relation_tau=4.446167e-12, relation_wq=5.322795e-15, relation_wk=5.019380e-15, personal_u=0.000000e+00, personal_v=0.000000e+00, personal_alpha_bias=2.645335e-05, personal_gate_emb=1.175218e-08, personal_gate_student_proj=4.537279e-16, personal_gate_context_proj=2.683752e-11, personal_gate_student_direct=1.236499e-08, personal_gate_context_direct=7.313639e-04, personal_gate_out=3.052102e-08, personal_generator_emb=0.000000e+00, personal_generator_context_proj=0.000000e+00, personal_generator_context_hidden=0.000000e+00, personal_generator_context_to_u=0.000000e+00, personal_generator_context_to_v=0.000000e+00
2026-04-12 05:57:51,902 - INFO - [junyi|junyi_abce_best_full|lr=0.003|drop=0.40] -> New best AUC=0.8181 at epoch 12
2026-04-12 06:02:27,188 - INFO - [junyi|junyi_abce_best_full|lr=0.003|drop=0.40] Epoch [013/100] | Train: Loss=0.5080, BCE=0.4841, Reg=0.0239, AUC=0.8216, ACC=0.7702, RMSE=0.3984 | Val: Loss=0.5159, BCE=0.4919, Reg=0.0239, AUC=0.8174, ACC=0.7723, RMSE=0.3999
2026-04-12 06:02:27,188 - INFO - [junyi|junyi_abce_best_full|lr=0.003|drop=0.40] [Reg Terms] Epoch [013] | Train: graph_entropy=0.000000, graph_diag=0.012004, graph_uniform=0.006735, graph_reg_scale=1.0000, prediction_l2=0.000000, personal_sparse=0.006371, alpha_var=-0.001229, alpha_collapse=0.000000, reg_bce_ratio=0.0493 | Val: graph_entropy=0.000000, graph_diag=0.012000, graph_uniform=0.006735, graph_reg_scale=1.0000, prediction_l2=0.000000, personal_sparse=0.006371, alpha_var=-0.001160, alpha_collapse=0.000000, reg_bce_ratio=0.0487
2026-04-12 06:02:29,220 - INFO - [junyi|junyi_abce_best_full|lr=0.003|drop=0.40] [Diag][AE] Epoch [013] | irt_abs_mean=1.9050, irt_std=1.1992, personal_warmup_scale=1.00, graph_row_entropy=3.1853, graph_entropy_ratio=0.4856, alpha_mean=0.1750, alpha_std=0.1489, alpha_bias_std=0.0003, personal_row_entropy=3.1854, personal_matrix_delta=0.0000, personal_matrix_student_std=0.0000, personal_delta_pre_softmax_norm=0.0000, personal_delta_student_std=0.0000, alpha_head_std=0.1432
2026-04-12 06:02:29,220 - INFO - [junyi|junyi_abce_best_full|lr=0.003|drop=0.40] [Diag][Graph] Epoch [013] | entropy_ratio=0.4856, diag_mass=0.1000, to_uniform_l2=0.007744, to_identity_l2=0.034570, tau_mean=0.6931, tau_std=0.0000, graph_reg_scale(train/val)=1.0000/1.0000
2026-04-12 06:02:29,220 - WARNING - [junyi|junyi_abce_best_full|lr=0.003|drop=0.40] [Diag Warning][E] personal_delta_student_std is near zero: personal_delta_student_std=0.000000, personal_delta_pre_softmax_norm=0.000000
2026-04-12 06:02:29,220 - INFO - [junyi|junyi_abce_best_full|lr=0.003|drop=0.40] [Grad Norms] Epoch [013] | relation_emb=5.148960e-15, relation_tau=1.785347e-12, relation_wq=2.192045e-15, relation_wk=2.283965e-15, personal_u=0.000000e+00, personal_v=0.000000e+00, personal_alpha_bias=2.356858e-05, personal_gate_emb=1.117499e-08, personal_gate_student_proj=5.221752e-16, personal_gate_context_proj=3.265530e-11, personal_gate_student_direct=1.157253e-08, personal_gate_context_direct=7.237183e-04, personal_gate_out=2.607106e-08, personal_generator_emb=0.000000e+00, personal_generator_context_proj=0.000000e+00, personal_generator_context_hidden=2.246035e-22, personal_generator_context_to_u=2.476480e-18, personal_generator_context_to_v=2.395503e-18
2026-04-12 06:02:29,220 - INFO - [junyi|junyi_abce_best_full|lr=0.003|drop=0.40] -> No improvement 1 epoch(s) (best AUC=0.8181 @ 12)
2026-04-12 06:07:04,263 - INFO - [junyi|junyi_abce_best_full|lr=0.003|drop=0.40] Epoch [014/100] | Train: Loss=0.4961, BCE=0.4722, Reg=0.0239, AUC=0.8318, ACC=0.7778, RMSE=0.3924 | Val: Loss=0.5118, BCE=0.4879, Reg=0.0240, AUC=0.8213, ACC=0.7714, RMSE=0.3992
2026-04-12 06:07:04,263 - INFO - [junyi|junyi_abce_best_full|lr=0.003|drop=0.40] [Reg Terms] Epoch [014] | Train: graph_entropy=0.000000, graph_diag=0.012000, graph_uniform=0.006735, graph_reg_scale=1.0000, prediction_l2=0.000000, personal_sparse=0.006371, alpha_var=-0.001185, alpha_collapse=0.000000, reg_bce_ratio=0.0507 | Val: graph_entropy=0.000000, graph_diag=0.012000, graph_uniform=0.006735, graph_reg_scale=1.0000, prediction_l2=0.000000, personal_sparse=0.006371, alpha_var=-0.001154, alpha_collapse=0.000000, reg_bce_ratio=0.0491
2026-04-12 06:07:06,349 - INFO - [junyi|junyi_abce_best_full|lr=0.003|drop=0.40] [Diag][AE] Epoch [014] | irt_abs_mean=1.8506, irt_std=1.1173, personal_warmup_scale=1.00, graph_row_entropy=3.1853, graph_entropy_ratio=0.4856, alpha_mean=0.1750, alpha_std=0.1490, alpha_bias_std=0.0002, personal_row_entropy=3.1854, personal_matrix_delta=0.0000, personal_matrix_student_std=0.0000, personal_delta_pre_softmax_norm=0.0000, personal_delta_student_std=0.0000, alpha_head_std=0.1420
2026-04-12 06:07:06,349 - INFO - [junyi|junyi_abce_best_full|lr=0.003|drop=0.40] [Diag][Graph] Epoch [014] | entropy_ratio=0.4856, diag_mass=0.1000, to_uniform_l2=0.007744, to_identity_l2=0.034570, tau_mean=0.6931, tau_std=0.0000, graph_reg_scale(train/val)=1.0000/1.0000
2026-04-12 06:07:06,349 - WARNING - [junyi|junyi_abce_best_full|lr=0.003|drop=0.40] [Diag Warning][E] personal_delta_student_std is near zero: personal_delta_student_std=0.000000, personal_delta_pre_softmax_norm=0.000000
2026-04-12 06:07:06,349 - INFO - [junyi|junyi_abce_best_full|lr=0.003|drop=0.40] [Grad Norms] Epoch [014] | relation_emb=0.000000e+00, relation_tau=0.000000e+00, relation_wq=0.000000e+00, relation_wk=0.000000e+00, personal_u=0.000000e+00, personal_v=0.000000e+00, personal_alpha_bias=2.464421e-05, personal_gate_emb=0.000000e+00, personal_gate_student_proj=0.000000e+00, personal_gate_context_proj=0.000000e+00, personal_gate_student_direct=0.000000e+00, personal_gate_context_direct=7.186309e-04, personal_gate_out=0.000000e+00, personal_generator_emb=0.000000e+00, personal_generator_context_proj=0.000000e+00, personal_generator_context_hidden=0.000000e+00, personal_generator_context_to_u=0.000000e+00, personal_generator_context_to_v=0.000000e+00
2026-04-12 06:07:06,852 - INFO - [junyi|junyi_abce_best_full|lr=0.003|drop=0.40] -> New best AUC=0.8213 at epoch 14
2026-04-12 06:11:42,039 - INFO - [junyi|junyi_abce_best_full|lr=0.003|drop=0.40] Epoch [015/100] | Train: Loss=0.4930, BCE=0.4691, Reg=0.0239, AUC=0.8341, ACC=0.7798, RMSE=0.3909 | Val: Loss=0.5102, BCE=0.4862, Reg=0.0240, AUC=0.8208, ACC=0.7762, RMSE=0.3970
2026-04-12 06:11:42,039 - INFO - [junyi|junyi_abce_best_full|lr=0.003|drop=0.40] [Reg Terms] Epoch [015] | Train: graph_entropy=0.000000, graph_diag=0.012004, graph_uniform=0.006735, graph_reg_scale=1.0000, prediction_l2=0.000000, personal_sparse=0.006371, alpha_var=-0.001195, alpha_collapse=0.000000, reg_bce_ratio=0.0510 | Val: graph_entropy=0.000000, graph_diag=0.012000, graph_uniform=0.006735, graph_reg_scale=1.0000, prediction_l2=0.000000, personal_sparse=0.006371, alpha_var=-0.001106, alpha_collapse=0.000000, reg_bce_ratio=0.0494
2026-04-12 06:11:43,637 - INFO - [junyi|junyi_abce_best_full|lr=0.003|drop=0.40] [Diag][AE] Epoch [015] | irt_abs_mean=1.9258, irt_std=1.1702, personal_warmup_scale=1.00, graph_row_entropy=3.1853, graph_entropy_ratio=0.4856, alpha_mean=0.1750, alpha_std=0.1454, alpha_bias_std=0.0002, personal_row_entropy=3.1854, personal_matrix_delta=0.0000, personal_matrix_student_std=0.0000, personal_delta_pre_softmax_norm=0.0000, personal_delta_student_std=0.0000, alpha_head_std=0.1394
2026-04-12 06:11:43,638 - INFO - [junyi|junyi_abce_best_full|lr=0.003|drop=0.40] [Diag][Graph] Epoch [015] | entropy_ratio=0.4856, diag_mass=0.1000, to_uniform_l2=0.007744, to_identity_l2=0.034570, tau_mean=0.6931, tau_std=0.0000, graph_reg_scale(train/val)=1.0000/1.0000
2026-04-12 06:11:43,638 - WARNING - [junyi|junyi_abce_best_full|lr=0.003|drop=0.40] [Diag Warning][E] personal_delta_student_std is near zero: personal_delta_student_std=0.000000, personal_delta_pre_softmax_norm=0.000000
2026-04-12 06:11:43,638 - INFO - [junyi|junyi_abce_best_full|lr=0.003|drop=0.40] [Grad Norms] Epoch [015] | relation_emb=0.000000e+00, relation_tau=0.000000e+00, relation_wq=0.000000e+00, relation_wk=0.000000e+00, personal_u=0.000000e+00, personal_v=0.000000e+00, personal_alpha_bias=2.828382e-05, personal_gate_emb=0.000000e+00, personal_gate_student_proj=0.000000e+00, personal_gate_context_proj=0.000000e+00, personal_gate_student_direct=0.000000e+00, personal_gate_context_direct=7.362119e-04, personal_gate_out=0.000000e+00, personal_generator_emb=0.000000e+00, personal_generator_context_proj=0.000000e+00, personal_generator_context_hidden=0.000000e+00, personal_generator_context_to_u=0.000000e+00, personal_generator_context_to_v=0.000000e+00
2026-04-12 06:11:43,638 - INFO - [junyi|junyi_abce_best_full|lr=0.003|drop=0.40] -> No improvement 1 epoch(s) (best AUC=0.8213 @ 14)
2026-04-12 06:16:18,411 - INFO - [junyi|junyi_abce_best_full|lr=0.003|drop=0.40] Epoch [016/100] | Train: Loss=0.4913, BCE=0.4674, Reg=0.0239, AUC=0.8355, ACC=0.7808, RMSE=0.3901 | Val: Loss=0.5083, BCE=0.4843, Reg=0.0240, AUC=0.8214, ACC=0.7767, RMSE=0.3962
2026-04-12 06:16:18,411 - INFO - [junyi|junyi_abce_best_full|lr=0.003|drop=0.40] [Reg Terms] Epoch [016] | Train: graph_entropy=0.000000, graph_diag=0.012000, graph_uniform=0.006735, graph_reg_scale=1.0000, prediction_l2=0.000000, personal_sparse=0.006371, alpha_var=-0.001175, alpha_collapse=0.000000, reg_bce_ratio=0.0512 | Val: graph_entropy=0.000000, graph_diag=0.012000, graph_uniform=0.006735, graph_reg_scale=1.0000, prediction_l2=0.000000, personal_sparse=0.006371, alpha_var=-0.001073, alpha_collapse=0.000000, reg_bce_ratio=0.0496
2026-04-12 06:16:20,670 - INFO - [junyi|junyi_abce_best_full|lr=0.003|drop=0.40] [Diag][AE] Epoch [016] | irt_abs_mean=1.9078, irt_std=1.1718, personal_warmup_scale=1.00, graph_row_entropy=3.1853, graph_entropy_ratio=0.4856, alpha_mean=0.1750, alpha_std=0.1427, alpha_bias_std=0.0001, personal_row_entropy=3.1854, personal_matrix_delta=0.0000, personal_matrix_student_std=0.0000, personal_delta_pre_softmax_norm=0.0000, personal_delta_student_std=0.0000, alpha_head_std=0.1358
2026-04-12 06:16:20,670 - INFO - [junyi|junyi_abce_best_full|lr=0.003|drop=0.40] [Diag][Graph] Epoch [016] | entropy_ratio=0.4856, diag_mass=0.1000, to_uniform_l2=0.007744, to_identity_l2=0.034570, tau_mean=0.6931, tau_std=0.0000, graph_reg_scale(train/val)=1.0000/1.0000
2026-04-12 06:16:20,670 - WARNING - [junyi|junyi_abce_best_full|lr=0.003|drop=0.40] [Diag Warning][E] personal_delta_student_std is near zero: personal_delta_student_std=0.000000, personal_delta_pre_softmax_norm=0.000000
2026-04-12 06:16:20,670 - INFO - [junyi|junyi_abce_best_full|lr=0.003|drop=0.40] [Grad Norms] Epoch [016] | relation_emb=1.253652e-15, relation_tau=2.823979e-14, relation_wq=6.527909e-16, relation_wk=6.522450e-16, personal_u=0.000000e+00, personal_v=0.000000e+00, personal_alpha_bias=2.753346e-05, personal_gate_emb=1.435380e-09, personal_gate_student_proj=1.471839e-19, personal_gate_context_proj=4.929053e-14, personal_gate_student_direct=2.159549e-09, personal_gate_context_direct=7.232049e-04, personal_gate_out=2.021464e-10, personal_generator_emb=0.000000e+00, personal_generator_context_proj=0.000000e+00, personal_generator_context_hidden=0.000000e+00, personal_generator_context_to_u=0.000000e+00, personal_generator_context_to_v=0.000000e+00
2026-04-12 06:16:21,313 - INFO - [junyi|junyi_abce_best_full|lr=0.003|drop=0.40] -> New best AUC=0.8214 at epoch 16
2026-04-12 06:20:55,915 - INFO - [junyi|junyi_abce_best_full|lr=0.003|drop=0.40] Epoch [017/100] | Train: Loss=0.4895, BCE=0.4655, Reg=0.0240, AUC=0.8369, ACC=0.7818, RMSE=0.3892 | Val: Loss=0.5131, BCE=0.4890, Reg=0.0240, AUC=0.8211, ACC=0.7768, RMSE=0.3977
2026-04-12 06:20:55,916 - INFO - [junyi|junyi_abce_best_full|lr=0.003|drop=0.40] [Reg Terms] Epoch [017] | Train: graph_entropy=0.000000, graph_diag=0.012004, graph_uniform=0.006735, graph_reg_scale=1.0000, prediction_l2=0.000000, personal_sparse=0.006371, alpha_var=-0.001145, alpha_collapse=0.000000, reg_bce_ratio=0.0515 | Val: graph_entropy=0.000000, graph_diag=0.012000, graph_uniform=0.006735, graph_reg_scale=1.0000, prediction_l2=0.000000, personal_sparse=0.006371, alpha_var=-0.001072, alpha_collapse=0.000000, reg_bce_ratio=0.0491
2026-04-12 06:20:58,249 - INFO - [junyi|junyi_abce_best_full|lr=0.003|drop=0.40] [Diag][AE] Epoch [017] | irt_abs_mean=1.9917, irt_std=1.1998, personal_warmup_scale=1.00, graph_row_entropy=3.1853, graph_entropy_ratio=0.4856, alpha_mean=0.1750, alpha_std=0.1443, alpha_bias_std=0.0001, personal_row_entropy=3.1854, personal_matrix_delta=0.0000, personal_matrix_student_std=0.0000, personal_delta_pre_softmax_norm=0.0000, personal_delta_student_std=0.0000, alpha_head_std=0.1364
2026-04-12 06:20:58,250 - INFO - [junyi|junyi_abce_best_full|lr=0.003|drop=0.40] [Diag][Graph] Epoch [017] | entropy_ratio=0.4856, diag_mass=0.1000, to_uniform_l2=0.007744, to_identity_l2=0.034570, tau_mean=0.6931, tau_std=0.0000, graph_reg_scale(train/val)=1.0000/1.0000
2026-04-12 06:20:58,250 - WARNING - [junyi|junyi_abce_best_full|lr=0.003|drop=0.40] [Diag Warning][E] personal_delta_student_std is near zero: personal_delta_student_std=0.000000, personal_delta_pre_softmax_norm=0.000000
2026-04-12 06:20:58,250 - INFO - [junyi|junyi_abce_best_full|lr=0.003|drop=0.40] [Grad Norms] Epoch [017] | relation_emb=5.377308e-16, relation_tau=6.253518e-13, relation_wq=2.293432e-16, relation_wk=2.334976e-16, personal_u=0.000000e+00, personal_v=0.000000e+00, personal_alpha_bias=2.848730e-05, personal_gate_emb=4.458824e-09, personal_gate_student_proj=2.001998e-17, personal_gate_context_proj=3.071364e-12, personal_gate_student_direct=4.986642e-09, personal_gate_context_direct=7.650185e-04, personal_gate_out=1.017610e-08, personal_generator_emb=0.000000e+00, personal_generator_context_proj=0.000000e+00, personal_generator_context_hidden=0.000000e+00, personal_generator_context_to_u=3.617653e-19, personal_generator_context_to_v=2.757034e-19
2026-04-12 06:20:58,250 - INFO - [junyi|junyi_abce_best_full|lr=0.003|drop=0.40] -> No improvement 1 epoch(s) (best AUC=0.8214 @ 16)
2026-04-12 06:25:33,108 - INFO - [junyi|junyi_abce_best_full|lr=0.003|drop=0.40] Epoch [018/100] | Train: Loss=0.4876, BCE=0.4636, Reg=0.0239, AUC=0.8386, ACC=0.7832, RMSE=0.3883 | Val: Loss=0.5108, BCE=0.4868, Reg=0.0240, AUC=0.8213, ACC=0.7746, RMSE=0.3972
2026-04-12 06:25:33,108 - INFO - [junyi|junyi_abce_best_full|lr=0.003|drop=0.40] [Reg Terms] Epoch [018] | Train: graph_entropy=0.000000, graph_diag=0.012000, graph_uniform=0.006735, graph_reg_scale=1.0000, prediction_l2=0.000000, personal_sparse=0.006371, alpha_var=-0.001165, alpha_collapse=0.000000, reg_bce_ratio=0.0516 | Val: graph_entropy=0.000000, graph_diag=0.012000, graph_uniform=0.006735, graph_reg_scale=1.0000, prediction_l2=0.000000, personal_sparse=0.006371, alpha_var=-0.001103, alpha_collapse=0.000000, reg_bce_ratio=0.0493
2026-04-12 06:25:34,669 - INFO - [junyi|junyi_abce_best_full|lr=0.003|drop=0.40] [Diag][AE] Epoch [018] | irt_abs_mean=1.9326, irt_std=1.1982, personal_warmup_scale=1.00, graph_row_entropy=3.1853, graph_entropy_ratio=0.4856, alpha_mean=0.1750, alpha_std=0.1475, alpha_bias_std=0.0002, personal_row_entropy=3.1854, personal_matrix_delta=0.0000, personal_matrix_student_std=0.0000, personal_delta_pre_softmax_norm=0.0000, personal_delta_student_std=0.0000, alpha_head_std=0.1411
2026-04-12 06:25:34,669 - INFO - [junyi|junyi_abce_best_full|lr=0.003|drop=0.40] [Diag][Graph] Epoch [018] | entropy_ratio=0.4856, diag_mass=0.1000, to_uniform_l2=0.007744, to_identity_l2=0.034570, tau_mean=0.6931, tau_std=0.0000, graph_reg_scale(train/val)=1.0000/1.0000
2026-04-12 06:25:34,669 - WARNING - [junyi|junyi_abce_best_full|lr=0.003|drop=0.40] [Diag Warning][E] personal_delta_student_std is near zero: personal_delta_student_std=0.000000, personal_delta_pre_softmax_norm=0.000000
2026-04-12 06:25:34,670 - INFO - [junyi|junyi_abce_best_full|lr=0.003|drop=0.40] [Grad Norms] Epoch [018] | relation_emb=1.840130e-16, relation_tau=5.387984e-14, relation_wq=9.581795e-17, relation_wk=8.691903e-17, personal_u=0.000000e+00, personal_v=0.000000e+00, personal_alpha_bias=2.231945e-05, personal_gate_emb=3.010857e-09, personal_gate_student_proj=2.329072e-17, personal_gate_context_proj=4.077846e-12, personal_gate_student_direct=3.800097e-09, personal_gate_context_direct=6.653367e-04, personal_gate_out=1.251750e-08, personal_generator_emb=0.000000e+00, personal_generator_context_proj=0.000000e+00, personal_generator_context_hidden=0.000000e+00, personal_generator_context_to_u=1.611628e-19, personal_generator_context_to_v=1.190606e-19
2026-04-12 06:25:34,670 - INFO - [junyi|junyi_abce_best_full|lr=0.003|drop=0.40] -> No improvement 2 epoch(s) (best AUC=0.8214 @ 16)
2026-04-12 06:30:10,159 - INFO - [junyi|junyi_abce_best_full|lr=0.003|drop=0.40] Epoch [019/100] | Train: Loss=0.4717, BCE=0.4477, Reg=0.0240, AUC=0.8509, ACC=0.7930, RMSE=0.3803 | Val: Loss=0.5161, BCE=0.4920, Reg=0.0241, AUC=0.8213, ACC=0.7748, RMSE=0.3987
2026-04-12 06:30:10,160 - INFO - [junyi|junyi_abce_best_full|lr=0.003|drop=0.40] [Reg Terms] Epoch [019] | Train: graph_entropy=0.000000, graph_diag=0.012000, graph_uniform=0.006735, graph_reg_scale=1.0000, prediction_l2=0.000000, personal_sparse=0.006371, alpha_var=-0.001116, alpha_collapse=0.000000, reg_bce_ratio=0.0536 | Val: graph_entropy=0.000000, graph_diag=0.012000, graph_uniform=0.006735, graph_reg_scale=1.0000, prediction_l2=0.000000, personal_sparse=0.006371, alpha_var=-0.001021, alpha_collapse=0.000000, reg_bce_ratio=0.0490
2026-04-12 06:30:12,407 - INFO - [junyi|junyi_abce_best_full|lr=0.003|drop=0.40] [Diag][AE] Epoch [019] | irt_abs_mean=2.0181, irt_std=1.1839, personal_warmup_scale=1.00, graph_row_entropy=3.1853, graph_entropy_ratio=0.4856, alpha_mean=0.1750, alpha_std=0.1408, alpha_bias_std=0.0001, personal_row_entropy=3.1854, personal_matrix_delta=0.0000, personal_matrix_student_std=0.0000, personal_delta_pre_softmax_norm=0.0000, personal_delta_student_std=0.0000, alpha_head_std=0.1334
2026-04-12 06:30:12,408 - INFO - [junyi|junyi_abce_best_full|lr=0.003|drop=0.40] [Diag][Graph] Epoch [019] | entropy_ratio=0.4856, diag_mass=0.1000, to_uniform_l2=0.007744, to_identity_l2=0.034570, tau_mean=0.6931, tau_std=0.0000, graph_reg_scale(train/val)=1.0000/1.0000
2026-04-12 06:30:12,408 - WARNING - [junyi|junyi_abce_best_full|lr=0.003|drop=0.40] [Diag Warning][E] personal_delta_student_std is near zero: personal_delta_student_std=0.000000, personal_delta_pre_softmax_norm=0.000000
2026-04-12 06:30:12,408 - INFO - [junyi|junyi_abce_best_full|lr=0.003|drop=0.40] [Grad Norms] Epoch [019] | relation_emb=0.000000e+00, relation_tau=0.000000e+00, relation_wq=0.000000e+00, relation_wk=0.000000e+00, personal_u=0.000000e+00, personal_v=0.000000e+00, personal_alpha_bias=2.843346e-05, personal_gate_emb=0.000000e+00, personal_gate_student_proj=0.000000e+00, personal_gate_context_proj=0.000000e+00, personal_gate_student_direct=0.000000e+00, personal_gate_context_direct=7.082773e-04, personal_gate_out=0.000000e+00, personal_generator_emb=0.000000e+00, personal_generator_context_proj=0.000000e+00, personal_generator_context_hidden=0.000000e+00, personal_generator_context_to_u=0.000000e+00, personal_generator_context_to_v=0.000000e+00
2026-04-12 06:30:12,408 - INFO - [junyi|junyi_abce_best_full|lr=0.003|drop=0.40] -> No improvement 3 epoch(s) (best AUC=0.8214 @ 16)
2026-04-12 06:30:12,408 - INFO - [junyi|junyi_abce_best_full|lr=0.003|drop=0.40] Early stopping at epoch 19 (best AUC=0.8214 @ 16)
2026-04-12 06:30:12,414 - INFO - Epoch-wise metrics saved to checkpoints/abce_diag/ae_only_20260412_9159c40/junyi/seed42/best_full/metrics_history.csv
2026-04-12 06:30:12,417 - INFO - [junyi|junyi_abce_best_full|lr=0.003|drop=0.40] Training completed! Best Val AUC=0.8214 @ epoch 16
2026-04-12 06:30:12,750 - INFO - 
============================================================
         MODULE ACTIVITY REPORT
============================================================
Dataset: junyi | Seed: 42 | Epoch: 19

1. Concept Graph Module (A):
   - Mean row entropy: 3.185 / 6.560
   - Entropy ratio: 48.6%
   - Status: ACTIVE (learning meaningful structure)

2. Personal Graph Module (E):
   - Alpha mean: 0.175
   - Alpha std: 0.140
   - Alpha bias std: 0.000
   - Personal/global delta: 0.0000
   - Inter-student matrix std: 0.0000
   - Status: INACTIVE (personal graph barely deviates from global graph)
   -> Consider: strengthen personal delta or alpha anti-collapse regularization

------------------------------------------------------------
SUMMARY:
   Active modules: Concept Graph (A)
   Inactive modules: Personal Graph (E)
============================================================
2026-04-12 06:30:12,751 - INFO - [junyi|junyi_abce_best_full|lr=0.003|drop=0.40] Module activity saved to checkpoints/abce_diag/ae_only_20260412_9159c40/junyi/seed42/best_full/module_activity.json
2026-04-12 06:30:12,799 - INFO - Using device: cuda:0 (physical gpu 2)
2026-04-12 06:30:12,800 - INFO - Loading model from checkpoints/abce_diag/ae_only_20260412_9159c40/junyi/seed42/best_full/best_model.pth...
2026-04-12 06:30:12,932 - INFO - Inference switches: ablate_module1=False | enable_module1=True | use_concept_graph=True | effective(num_gnn_layers=2)
2026-04-12 06:30:13,042 - INFO - [Inference] Ablation runtime check: args(ablate_module1=False) | model(enable_module1=True) | physical(has_knowledge_encoder=True)
2026-04-12 06:30:13,043 - INFO - [Inference] [Graph Init] graph_tau_mean=1.0055, graph_tau_std=0.0000, graph_dropout=0.000, use_personal_graph=True
2026-04-12 06:30:13,045 - INFO - Model loaded from epoch 16. Start testing...
2026-04-12 06:30:26,292 - INFO - [Test] 200/262 batches done, samples=51200
2026-04-12 06:30:30,374 - INFO - 
==================================================
2026-04-12 06:30:30,374 - INFO - Test Results:
2026-04-12 06:30:30,374 - INFO - AUC: 0.8281
2026-04-12 06:30:30,374 - INFO - ACC: 0.7686
2026-04-12 06:30:30,374 - INFO - RMSE: 0.4002
2026-04-12 06:30:30,374 - INFO - ==================================================
2026-04-12 06:30:30,385 - INFO - Summary appended to /home/zsh/ConceptSkillCDM/results/experiment_results.csv
2026-04-12 06:30:30,389 - INFO - Run completed.
2026-04-12 06:30:30,389 - INFO - Best validation AUC: 0.8214 at epoch 16
2026-04-12 06:30:30,389 - INFO - Test metrics - AUC: 0.8281, ACC: 0.7686, RMSE: 0.4002
