2026-04-11 08:11:12,242 - INFO - Arguments:
2026-04-11 08:11:12,242 - INFO -   ablate_concept_graph: True
2026-04-11 08:11:12,242 - INFO -   ablate_module1: False
2026-04-11 08:11:12,243 - INFO -   ablate_module2: False
2026-04-11 08:11:12,243 - INFO -   ablate_module3: False
2026-04-11 08:11:12,243 - INFO -   ablate_skill_encoder: False
2026-04-11 08:11:12,243 - INFO -   allow_self_loop: True
2026-04-11 08:11:12,243 - INFO -   alpha_min_target: 0.02
2026-04-11 08:11:12,243 - INFO -   b_id_budget_target: 0.18
2026-04-11 08:11:12,243 - INFO -   batch_size: 256
2026-04-11 08:11:12,243 - INFO -   data_dir: ./data/junyi
2026-04-11 08:11:12,243 - INFO -   dataset_name: junyi
2026-04-11 08:11:12,243 - INFO -   debug_module3_diag: True
2026-04-11 08:11:12,243 - INFO -   delta_ratio_target: 0.08
2026-04-11 08:11:12,243 - INFO -   diag_batches: 1
2026-04-11 08:11:12,243 - INFO -   disable_b_bias: False
2026-04-11 08:11:12,243 - INFO -   disable_b_id_adapter: False
2026-04-11 08:11:12,243 - INFO -   disable_q_aligned_residual: False
2026-04-11 08:11:12,243 - INFO -   disable_q_conditioning: False
2026-04-11 08:11:12,243 - INFO -   disable_self_loop: False
2026-04-11 08:11:12,243 - INFO -   dropout: 0.4
2026-04-11 08:11:12,243 - INFO -   early_stop_patience: 3
2026-04-11 08:11:12,243 - INFO -   enable_module1: True
2026-04-11 08:11:12,243 - INFO -   enable_module2: True
2026-04-11 08:11:12,243 - INFO -   enable_module3: True
2026-04-11 08:11:12,243 - INFO -   epochs: 100
2026-04-11 08:11:12,243 - INFO -   exercise_dim: 128
2026-04-11 08:11:12,243 - INFO -   exercise_l2_lambda: 1e-05
2026-04-11 08:11:12,243 - INFO -   fusion_gate_bias_init: -2.4
2026-04-11 08:11:12,243 - INFO -   fusion_gate_max: 0.25
2026-04-11 08:11:12,243 - INFO -   generate_diagnosis: False
2026-04-11 08:11:12,243 - INFO -   gnn_residual_weight: 0.5
2026-04-11 08:11:12,243 - INFO -   gpu_candidates: None
2026-04-11 08:11:12,243 - INFO -   gpu_ids: None
2026-04-11 08:11:12,243 - INFO -   gpu_memory_threshold: 2000
2026-04-11 08:11:12,243 - INFO -   gpus: None
2026-04-11 08:11:12,243 - INFO -   graph_dropout: 0.0
2026-04-11 08:11:12,243 - INFO -   graph_entropy_max: 0.7
2026-04-11 08:11:12,243 - INFO -   graph_entropy_min: 0.15
2026-04-11 08:11:12,243 - INFO -   graph_identity_residual: 0.1
2026-04-11 08:11:12,243 - INFO -   graph_reg_cap_ratio: 6.0
2026-04-11 08:11:12,243 - INFO -   graph_reg_warmup_epochs: 0
2026-04-11 08:11:12,243 - INFO -   graph_tau_init: 0.55
2026-04-11 08:11:12,243 - INFO -   graph_topk: 24
2026-04-11 08:11:12,243 - INFO -   graph_uniform_margin: 0.12
2026-04-11 08:11:12,244 - INFO -   knowledge_dim: 128
2026-04-11 08:11:12,244 - INFO -   lambda_alpha: 0.0
2026-04-11 08:11:12,244 - INFO -   lambda_alpha_min: 0.05
2026-04-11 08:11:12,244 - INFO -   lambda_b_id_budget: 0.06
2026-04-11 08:11:12,244 - INFO -   lambda_delta_ratio: 0.08
2026-04-11 08:11:12,244 - INFO -   lambda_graph_diag: 0.12
2026-04-11 08:11:12,244 - INFO -   lambda_graph_uniform: 0.06
2026-04-11 08:11:12,244 - INFO -   lambda_sparse: 0.6
2026-04-11 08:11:12,244 - INFO -   lambda_sparse_personal: 0.0
2026-04-11 08:11:12,244 - INFO -   learning_rate: 0.003
2026-04-11 08:11:12,244 - INFO -   log_dir: logs/abce_diag/20260411_master_best_ae/junyi/seed42/ae_dominant_no_AE
2026-04-11 08:11:12,244 - INFO -   mf_warmup_epochs: 6
2026-04-11 08:11:12,244 - INFO -   min_exer_interactions: 0
2026-04-11 08:11:12,244 - INFO -   min_poison_count: 0
2026-04-11 08:11:12,244 - INFO -   min_stu_interactions: 15
2026-04-11 08:11:12,244 - INFO -   model_variant: junyi_abce_ae_dominant_no_AE
2026-04-11 08:11:12,244 - INFO -   multi_gpu: False
2026-04-11 08:11:12,244 - INFO -   no_cuda: False
2026-04-11 08:11:12,244 - INFO -   num_gnn_layers: 0
2026-04-11 08:11:12,244 - INFO -   num_gpus: 1
2026-04-11 08:11:12,244 - INFO -   num_relation_heads: 2
2026-04-11 08:11:12,244 - INFO -   num_workers: 4
2026-04-11 08:11:12,244 - INFO -   patience: 1
2026-04-11 08:11:12,244 - INFO -   personal_delta_scale: 1.05
2026-04-11 08:11:12,244 - INFO -   personal_max_alpha: 0.4
2026-04-11 08:11:12,244 - INFO -   personal_rank: 4
2026-04-11 08:11:12,244 - INFO -   personal_student_dim: None
2026-04-11 08:11:12,244 - INFO -   personal_warmup_epochs: 6
2026-04-11 08:11:12,244 - INFO -   residual_clip_t: 2.0
2026-04-11 08:11:12,244 - INFO -   residual_scale_init: 0.06
2026-04-11 08:11:12,244 - INFO -   save_dir: checkpoints/abce_diag/20260411_master_best_ae/junyi/seed42/ae_dominant_no_AE
2026-04-11 08:11:12,244 - INFO -   save_interval: 10
2026-04-11 08:11:12,244 - INFO -   seed: 42
2026-04-11 08:11:12,244 - INFO -   skill_dim: 64
2026-04-11 08:11:12,244 - INFO -   use_concept_graph: False
2026-04-11 08:11:12,244 - INFO -   use_exercise_graph: False
2026-04-11 08:11:12,244 - INFO -   use_mf_branch: True
2026-04-11 08:11:12,244 - INFO -   use_personal_graph: False
2026-04-11 08:11:12,244 - INFO -   use_q_aligned_residual: True
2026-04-11 08:11:12,244 - INFO -   use_q_conditioning: True
2026-04-11 08:11:12,244 - INFO -   use_skill_encoder: True
2026-04-11 08:11:12,244 - INFO -   weight_decay: 0.001
2026-04-11 08:11:12,333 - INFO - Using device: cuda:0 (physical gpu 2)
2026-04-11 08:11:12,333 - INFO - [junyi|junyi_abce_ae_dominant_no_AE|lr=0.003|drop=0.40] Loading datasets...
2026-04-11 08:11:12,334 - INFO - [junyi|junyi_abce_ae_dominant_no_AE|lr=0.003|drop=0.40] Regularization: graph_entropy(lambda_sparse)=0.600000, graph_diag=0.120000, graph_uniform=0.060000, personal_sparse=0.000000, alpha_penalty=0.000000, alpha_min=0.050000, delta_ratio=0.080000, mf_l2(exercise_l2_lambda)=0.000010
2026-04-11 08:11:12,334 - INFO - [junyi|junyi_abce_ae_dominant_no_AE|lr=0.003|drop=0.40] Graph controls: entropy_band=[0.15, 0.70], uniform_margin=0.12, warmup_epochs=0, cap_ratio=6.00, graph_dropout=0.000, graph_tau_init=0.550
2026-04-11 08:11:12,334 - INFO - [junyi|junyi_abce_ae_dominant_no_AE|lr=0.003|drop=0.40] Rescue controls: mf_warmup_epochs=6, delta_ratio_target=0.0800, personal_max_alpha=0.400, personal_delta_scale=1.050, personal_warmup_epochs=6, personal_student_dim=None, alpha_min_target=0.0200
2026-04-11 08:11:12,449 - INFO - [junyi] [数据清洗] 学生交互次数 < 15 次的学生：共移除 0 个学生（仅统计用户数）
2026-04-11 08:11:12,464 - INFO - [junyi] [数据清洗] 学生冷启动过滤：在 train/valid/test 中共删除 0 条记录。
2026-04-11 08:11:12,465 - INFO - [junyi] [数据清洗] 跳过题目冷门过滤（min_exer_interactions <= 0）。
2026-04-11 08:11:12,465 - INFO - [junyi] [数据清洗] 跳过毒题清洗（min_poison_count <= 0）。
2026-04-11 08:11:12,465 - INFO - [junyi] 正在构建ID映射...
2026-04-11 08:11:12,719 - INFO - [junyi] 正在构建Q矩阵...
2026-04-11 08:11:21,373 - INFO - [junyi] [统计] 开始统计清洗后每道题的概念数量分布...
2026-04-11 08:11:21,377 - INFO - [junyi] [Train] 概念数统计：题目数=702, 平均概念数=1.0000, min=1, max=1, 1概念=702 (100.00%), ≥2概念=0 (0.00%)
2026-04-11 08:11:21,377 - INFO - [junyi] [Train] 概念数直方图（概念数: 题目数量）: {1: 702}
2026-04-11 08:11:21,378 - INFO - [junyi] [Valid] 概念数统计：题目数=623, 平均概念数=1.0000, min=1, max=1, 1概念=623 (100.00%), ≥2概念=0 (0.00%)
2026-04-11 08:11:21,378 - INFO - [junyi] [Valid] 概念数直方图（概念数: 题目数量）: {1: 623}
2026-04-11 08:11:21,379 - INFO - [junyi] [Test] 概念数统计：题目数=673, 平均概念数=1.0000, min=1, max=1, 1概念=673 (100.00%), ≥2概念=0 (0.00%)
2026-04-11 08:11:21,379 - INFO - [junyi] [Test] 概念数直方图（概念数: 题目数量）: {1: 673}
2026-04-11 08:11:21,379 - INFO - [junyi] [统计] 概念数量统计完成。
2026-04-11 08:11:21,379 - INFO - [junyi] 正在加载数据集...
2026-04-11 08:11:21,479 - INFO - [junyi|junyi_abce_ae_dominant_no_AE|lr=0.003|drop=0.40] Train samples: 262473, Val samples: 24299
2026-04-11 08:11:21,479 - INFO - [junyi|junyi_abce_ae_dominant_no_AE|lr=0.003|drop=0.40] Number of students: 10000
2026-04-11 08:11:21,479 - INFO - [junyi|junyi_abce_ae_dominant_no_AE|lr=0.003|drop=0.40] Number of exercises: 706
2026-04-11 08:11:21,479 - INFO - [junyi|junyi_abce_ae_dominant_no_AE|lr=0.003|drop=0.40] Number of concepts: 706
2026-04-11 08:11:21,479 - INFO - [junyi|junyi_abce_ae_dominant_no_AE|lr=0.003|drop=0.40] Creating model...
2026-04-11 08:11:21,479 - INFO - [junyi|junyi_abce_ae_dominant_no_AE|lr=0.003|drop=0.40] Ablation switches: ablate_module1=False, ablate_module2=False, ablate_module3=False | enable_module1=True, enable_module2=True, enable_module3=True | use_mf_branch=True, use_concept_graph=False, use_q_aligned_residual=True | effective(num_gnn_layers=0)
2026-04-11 08:11:21,688 - INFO - [junyi|junyi_abce_ae_dominant_no_AE|lr=0.003|drop=0.40] Ablation runtime check: args(ablate_module1=False,ablate_module2=False,ablate_module3=False) | model(enable_module1=True,enable_module2=True,enable_module3=True) | physical(has_knowledge_encoder=True,has_mf_branch=True)
2026-04-11 08:11:21,689 - INFO - [junyi|junyi_abce_ae_dominant_no_AE|lr=0.003|drop=0.40] Debug diagnostics enabled: diag_batches=1
2026-04-11 08:11:21,716 - INFO - [junyi|junyi_abce_ae_dominant_no_AE|lr=0.003|drop=0.40] [Module3 Init] fusion_gate_bias=-2.4000, fusion_gate_max=0.2500, implied_gate=0.0208, q_gate=0.5000, mf_scale=0.0000, bias_scale=0.2221, graph_tau_mean=0.0000, graph_tau_std=0.0000, graph_dropout=0.000
2026-04-11 08:11:21,716 - INFO - [junyi|junyi_abce_ae_dominant_no_AE|lr=0.003|drop=0.40] Total parameters: 2,892,515
2026-04-11 08:11:21,717 - INFO - [junyi|junyi_abce_ae_dominant_no_AE|lr=0.003|drop=0.40] Trainable parameters: 2,892,515
2026-04-11 08:11:22,741 - INFO - [junyi|junyi_abce_ae_dominant_no_AE|lr=0.003|drop=0.40] Starting training...
2026-04-11 08:11:37,596 - INFO - [junyi|junyi_abce_ae_dominant_no_AE|lr=0.003|drop=0.40] Epoch [001/100] | Train: Loss=0.6129, BCE=0.6102, Reg=0.0026, AUC=0.7322, ACC=0.6680, RMSE=0.4591 | Val: Loss=0.5634, BCE=0.5622, Reg=0.0011, AUC=0.7634, ACC=0.6846, RMSE=0.4369
2026-04-11 08:11:37,597 - INFO - [junyi|junyi_abce_ae_dominant_no_AE|lr=0.003|drop=0.40] [Reg Terms] Epoch [001] | Train: graph_entropy=0.000000, graph_diag=0.000000, graph_uniform=0.000000, graph_reg_scale=1.0000, mf_l2=0.000000, delta_ratio=0.000000, personal_sparse=0.000000, alpha_var=0.000000, alpha_collapse=0.000000, reg_bce_ratio=0.0043 | Val: graph_entropy=0.000000, graph_diag=0.000000, graph_uniform=0.000000, graph_reg_scale=1.0000, mf_l2=0.000000, delta_ratio=0.000000, personal_sparse=0.000000, alpha_var=0.000000, alpha_collapse=0.000000, reg_bce_ratio=0.0020
2026-04-11 08:11:37,759 - INFO - [junyi|junyi_abce_ae_dominant_no_AE|lr=0.003|drop=0.40] [Diag][M3] Epoch [001] | residual_abs_mean=0.0405, residual_std=0.0202, mf_abs_mean=0.0405, mf_std=0.0202, gate_mean=0.0952, gate_std=0.0055, q_interaction_abs_mean=0.1821, id_adapter_abs_mean=0.0455, bias_abs_mean=0.1177, B_q_share=0.7492, B_id_share=0.1872, B_bias_share=0.4842, student_q_norm=0.0774, student_id_adapter_norm=0.1242, item_q_norm=0.0340, item_id_adapter_norm=0.1015, irt_abs_mean=0.7585, irt_std=0.5742, delta_abs_mean=0.0038, delta_std=0.0019, delta_over_irt=0.0051, warmup(mf/personal)=0.17/1.00, graph_row_entropy=0.0000, graph_entropy_ratio=0.0000, alpha_mean=0.0000, alpha_std=0.0000, alpha_bias_std=0.0000, personal_row_entropy=0.0000, personal_matrix_delta=0.0000, personal_matrix_student_std=0.0000, personal_delta_pre_softmax_norm=0.0000, personal_delta_student_std=0.0000, alpha_head_std=0.0000
2026-04-11 08:11:37,759 - INFO - [junyi|junyi_abce_ae_dominant_no_AE|lr=0.003|drop=0.40] [Diag][Graph] Epoch [001] | entropy_ratio=0.0000, diag_mass=1.0000, to_uniform_l2=0.037609, to_identity_l2=0.000000, tau_mean=0.0000, tau_std=0.0000, graph_reg_scale(train/val)=1.0000/1.0000
2026-04-11 08:11:37,759 - INFO - [junyi|junyi_abce_ae_dominant_no_AE|lr=0.003|drop=0.40] [Grad Norms] Epoch [001] | mf_u_proj=0.020863, mf_v_proj=0.030371, b_id_student_proj=0.074128, b_id_item_proj=0.069437, b_bias_scale=0.000148, fusion_gate=0.000146, q_gate_raw=0.000000, skill_latent=1.970633, student_q_proj=0.030885, item_id_adapter=0.167892, relation_emb=0.000000e+00, relation_tau=0.000000e+00, relation_wq=0.000000e+00, relation_wk=0.000000e+00, personal_u=0.000000e+00, personal_v=0.000000e+00, personal_alpha_bias=0.000000e+00, personal_gate_emb=0.000000e+00, personal_gate_student_proj=0.000000e+00, personal_gate_context_proj=0.000000e+00, personal_gate_student_direct=0.000000e+00, personal_gate_context_direct=0.000000e+00, personal_gate_out=0.000000e+00, personal_generator_emb=0.000000e+00, personal_generator_context_proj=0.000000e+00, personal_generator_context_hidden=0.000000e+00, personal_generator_context_to_u=0.000000e+00, personal_generator_context_to_v=0.000000e+00
2026-04-11 08:11:38,083 - INFO - [junyi|junyi_abce_ae_dominant_no_AE|lr=0.003|drop=0.40] -> New best AUC=0.7634 at epoch 1
2026-04-11 08:11:52,451 - INFO - [junyi|junyi_abce_ae_dominant_no_AE|lr=0.003|drop=0.40] Epoch [002/100] | Train: Loss=0.5392, BCE=0.5390, Reg=0.0001, AUC=0.7774, ACC=0.7212, RMSE=0.4260 | Val: Loss=0.5238, BCE=0.5238, Reg=0.0000, AUC=0.7820, ACC=0.7452, RMSE=0.4182
2026-04-11 08:11:52,451 - INFO - [junyi|junyi_abce_ae_dominant_no_AE|lr=0.003|drop=0.40] [Reg Terms] Epoch [002] | Train: graph_entropy=0.000000, graph_diag=0.000000, graph_uniform=0.000000, graph_reg_scale=1.0000, mf_l2=0.000000, delta_ratio=0.000000, personal_sparse=0.000000, alpha_var=0.000000, alpha_collapse=0.000000, reg_bce_ratio=0.0003 | Val: graph_entropy=0.000000, graph_diag=0.000000, graph_uniform=0.000000, graph_reg_scale=1.0000, mf_l2=0.000000, delta_ratio=0.000000, personal_sparse=0.000000, alpha_var=0.000000, alpha_collapse=0.000000, reg_bce_ratio=0.0000
2026-04-11 08:11:52,586 - INFO - [junyi|junyi_abce_ae_dominant_no_AE|lr=0.003|drop=0.40] [Diag][M3] Epoch [002] | residual_abs_mean=0.1757, residual_std=0.0568, mf_abs_mean=0.1757, mf_std=0.0568, gate_mean=0.1397, gate_std=0.0045, q_interaction_abs_mean=0.5269, id_adapter_abs_mean=0.0692, bias_abs_mean=0.1300, B_q_share=0.9998, B_id_share=0.1312, B_bias_share=0.2467, student_q_norm=0.1723, student_id_adapter_norm=0.1109, item_q_norm=0.0667, item_id_adapter_norm=0.1211, irt_abs_mean=1.0834, irt_std=0.9138, delta_abs_mean=0.0246, delta_std=0.0083, delta_over_irt=0.0227, warmup(mf/personal)=0.33/1.00, graph_row_entropy=0.0000, graph_entropy_ratio=0.0000, alpha_mean=0.0000, alpha_std=0.0000, alpha_bias_std=0.0000, personal_row_entropy=0.0000, personal_matrix_delta=0.0000, personal_matrix_student_std=0.0000, personal_delta_pre_softmax_norm=0.0000, personal_delta_student_std=0.0000, alpha_head_std=0.0000
2026-04-11 08:11:52,586 - INFO - [junyi|junyi_abce_ae_dominant_no_AE|lr=0.003|drop=0.40] [Diag][Graph] Epoch [002] | entropy_ratio=0.0000, diag_mass=1.0000, to_uniform_l2=0.037609, to_identity_l2=0.000000, tau_mean=0.0000, tau_std=0.0000, graph_reg_scale(train/val)=1.0000/1.0000
2026-04-11 08:11:52,586 - INFO - [junyi|junyi_abce_ae_dominant_no_AE|lr=0.003|drop=0.40] [Grad Norms] Epoch [002] | mf_u_proj=0.002492, mf_v_proj=0.003314, b_id_student_proj=0.005900, b_id_item_proj=0.004938, b_bias_scale=0.000005, fusion_gate=0.000308, q_gate_raw=0.000000, skill_latent=0.099504, student_q_proj=0.007750, item_id_adapter=0.015410, relation_emb=0.000000e+00, relation_tau=0.000000e+00, relation_wq=0.000000e+00, relation_wk=0.000000e+00, personal_u=0.000000e+00, personal_v=0.000000e+00, personal_alpha_bias=0.000000e+00, personal_gate_emb=0.000000e+00, personal_gate_student_proj=0.000000e+00, personal_gate_context_proj=0.000000e+00, personal_gate_student_direct=0.000000e+00, personal_gate_context_direct=0.000000e+00, personal_gate_out=0.000000e+00, personal_generator_emb=0.000000e+00, personal_generator_context_proj=0.000000e+00, personal_generator_context_hidden=0.000000e+00, personal_generator_context_to_u=0.000000e+00, personal_generator_context_to_v=0.000000e+00
2026-04-11 08:11:52,865 - INFO - [junyi|junyi_abce_ae_dominant_no_AE|lr=0.003|drop=0.40] -> New best AUC=0.7820 at epoch 2
2026-04-11 08:12:07,256 - INFO - [junyi|junyi_abce_ae_dominant_no_AE|lr=0.003|drop=0.40] Epoch [003/100] | Train: Loss=0.5236, BCE=0.5236, Reg=0.0001, AUC=0.7882, ACC=0.7430, RMSE=0.4180 | Val: Loss=0.5163, BCE=0.5163, Reg=0.0000, AUC=0.7888, ACC=0.7495, RMSE=0.4144
2026-04-11 08:12:07,256 - INFO - [junyi|junyi_abce_ae_dominant_no_AE|lr=0.003|drop=0.40] [Reg Terms] Epoch [003] | Train: graph_entropy=0.000000, graph_diag=0.000000, graph_uniform=0.000000, graph_reg_scale=1.0000, mf_l2=0.000000, delta_ratio=0.000000, personal_sparse=0.000000, alpha_var=0.000000, alpha_collapse=0.000000, reg_bce_ratio=0.0001 | Val: graph_entropy=0.000000, graph_diag=0.000000, graph_uniform=0.000000, graph_reg_scale=1.0000, mf_l2=0.000000, delta_ratio=0.000000, personal_sparse=0.000000, alpha_var=0.000000, alpha_collapse=0.000000, reg_bce_ratio=0.0000
2026-04-11 08:12:07,405 - INFO - [junyi|junyi_abce_ae_dominant_no_AE|lr=0.003|drop=0.40] [Diag][M3] Epoch [003] | residual_abs_mean=0.2403, residual_std=0.0873, mf_abs_mean=0.2403, mf_std=0.0873, gate_mean=0.1086, gate_std=0.0158, q_interaction_abs_mean=0.5052, id_adapter_abs_mean=0.0680, bias_abs_mean=0.1199, B_q_share=1.0511, B_id_share=0.1414, B_bias_share=0.2494, student_q_norm=0.1712, student_id_adapter_norm=0.1016, item_q_norm=0.0643, item_id_adapter_norm=0.1289, irt_abs_mean=1.1308, irt_std=0.8682, delta_abs_mean=0.0262, delta_std=0.0104, delta_over_irt=0.0232, warmup(mf/personal)=0.50/1.00, graph_row_entropy=0.0000, graph_entropy_ratio=0.0000, alpha_mean=0.0000, alpha_std=0.0000, alpha_bias_std=0.0000, personal_row_entropy=0.0000, personal_matrix_delta=0.0000, personal_matrix_student_std=0.0000, personal_delta_pre_softmax_norm=0.0000, personal_delta_student_std=0.0000, alpha_head_std=0.0000
2026-04-11 08:12:07,405 - INFO - [junyi|junyi_abce_ae_dominant_no_AE|lr=0.003|drop=0.40] [Diag][Graph] Epoch [003] | entropy_ratio=0.0000, diag_mass=1.0000, to_uniform_l2=0.037609, to_identity_l2=0.000000, tau_mean=0.0000, tau_std=0.0000, graph_reg_scale(train/val)=1.0000/1.0000
2026-04-11 08:12:07,406 - INFO - [junyi|junyi_abce_ae_dominant_no_AE|lr=0.003|drop=0.40] [Grad Norms] Epoch [003] | mf_u_proj=0.017764, mf_v_proj=0.023320, b_id_student_proj=0.040333, b_id_item_proj=0.031011, b_bias_scale=0.000068, fusion_gate=0.000778, q_gate_raw=0.000000, skill_latent=1.776421, student_q_proj=0.007602, item_id_adapter=0.105330, relation_emb=0.000000e+00, relation_tau=0.000000e+00, relation_wq=0.000000e+00, relation_wk=0.000000e+00, personal_u=0.000000e+00, personal_v=0.000000e+00, personal_alpha_bias=0.000000e+00, personal_gate_emb=0.000000e+00, personal_gate_student_proj=0.000000e+00, personal_gate_context_proj=0.000000e+00, personal_gate_student_direct=0.000000e+00, personal_gate_context_direct=0.000000e+00, personal_gate_out=0.000000e+00, personal_generator_emb=0.000000e+00, personal_generator_context_proj=0.000000e+00, personal_generator_context_hidden=0.000000e+00, personal_generator_context_to_u=0.000000e+00, personal_generator_context_to_v=0.000000e+00
2026-04-11 08:12:07,902 - INFO - [junyi|junyi_abce_ae_dominant_no_AE|lr=0.003|drop=0.40] -> New best AUC=0.7888 at epoch 3
2026-04-11 08:12:22,396 - INFO - [junyi|junyi_abce_ae_dominant_no_AE|lr=0.003|drop=0.40] Epoch [004/100] | Train: Loss=0.5194, BCE=0.5194, Reg=0.0000, AUC=0.7915, ACC=0.7463, RMSE=0.4160 | Val: Loss=0.5122, BCE=0.5122, Reg=0.0000, AUC=0.7926, ACC=0.7551, RMSE=0.4124
2026-04-11 08:12:22,396 - INFO - [junyi|junyi_abce_ae_dominant_no_AE|lr=0.003|drop=0.40] [Reg Terms] Epoch [004] | Train: graph_entropy=0.000000, graph_diag=0.000000, graph_uniform=0.000000, graph_reg_scale=1.0000, mf_l2=0.000000, delta_ratio=0.000000, personal_sparse=0.000000, alpha_var=0.000000, alpha_collapse=0.000000, reg_bce_ratio=0.0001 | Val: graph_entropy=0.000000, graph_diag=0.000000, graph_uniform=0.000000, graph_reg_scale=1.0000, mf_l2=0.000000, delta_ratio=0.000000, personal_sparse=0.000000, alpha_var=0.000000, alpha_collapse=0.000000, reg_bce_ratio=0.0000
2026-04-11 08:12:22,576 - INFO - [junyi|junyi_abce_ae_dominant_no_AE|lr=0.003|drop=0.40] [Diag][M3] Epoch [004] | residual_abs_mean=0.3469, residual_std=0.1366, mf_abs_mean=0.3469, mf_std=0.1366, gate_mean=0.1021, gate_std=0.0178, q_interaction_abs_mean=0.5438, id_adapter_abs_mean=0.0710, bias_abs_mean=0.0932, B_q_share=1.0451, B_id_share=0.1365, B_bias_share=0.1790, student_q_norm=0.1288, student_id_adapter_norm=0.1072, item_q_norm=0.0740, item_id_adapter_norm=0.1315, irt_abs_mean=1.1514, irt_std=0.8596, delta_abs_mean=0.0359, delta_std=0.0167, delta_over_irt=0.0312, warmup(mf/personal)=0.67/1.00, graph_row_entropy=0.0000, graph_entropy_ratio=0.0000, alpha_mean=0.0000, alpha_std=0.0000, alpha_bias_std=0.0000, personal_row_entropy=0.0000, personal_matrix_delta=0.0000, personal_matrix_student_std=0.0000, personal_delta_pre_softmax_norm=0.0000, personal_delta_student_std=0.0000, alpha_head_std=0.0000
2026-04-11 08:12:22,577 - INFO - [junyi|junyi_abce_ae_dominant_no_AE|lr=0.003|drop=0.40] [Diag][Graph] Epoch [004] | entropy_ratio=0.0000, diag_mass=1.0000, to_uniform_l2=0.037609, to_identity_l2=0.000000, tau_mean=0.0000, tau_std=0.0000, graph_reg_scale(train/val)=1.0000/1.0000
2026-04-11 08:12:22,577 - INFO - [junyi|junyi_abce_ae_dominant_no_AE|lr=0.003|drop=0.40] [Grad Norms] Epoch [004] | mf_u_proj=0.012130, mf_v_proj=0.006818, b_id_student_proj=0.008268, b_id_item_proj=0.007528, b_bias_scale=0.000020, fusion_gate=0.001990, q_gate_raw=0.000000, skill_latent=0.133375, student_q_proj=0.040560, item_id_adapter=0.022488, relation_emb=0.000000e+00, relation_tau=0.000000e+00, relation_wq=0.000000e+00, relation_wk=0.000000e+00, personal_u=0.000000e+00, personal_v=0.000000e+00, personal_alpha_bias=0.000000e+00, personal_gate_emb=0.000000e+00, personal_gate_student_proj=0.000000e+00, personal_gate_context_proj=0.000000e+00, personal_gate_student_direct=0.000000e+00, personal_gate_context_direct=0.000000e+00, personal_gate_out=0.000000e+00, personal_generator_emb=0.000000e+00, personal_generator_context_proj=0.000000e+00, personal_generator_context_hidden=0.000000e+00, personal_generator_context_to_u=0.000000e+00, personal_generator_context_to_v=0.000000e+00
2026-04-11 08:12:22,901 - INFO - [junyi|junyi_abce_ae_dominant_no_AE|lr=0.003|drop=0.40] -> New best AUC=0.7926 at epoch 4
2026-04-11 08:12:37,159 - INFO - [junyi|junyi_abce_ae_dominant_no_AE|lr=0.003|drop=0.40] Epoch [005/100] | Train: Loss=0.5181, BCE=0.5180, Reg=0.0001, AUC=0.7926, ACC=0.7473, RMSE=0.4152 | Val: Loss=0.5115, BCE=0.5115, Reg=0.0000, AUC=0.7919, ACC=0.7529, RMSE=0.4120
2026-04-11 08:12:37,159 - INFO - [junyi|junyi_abce_ae_dominant_no_AE|lr=0.003|drop=0.40] [Reg Terms] Epoch [005] | Train: graph_entropy=0.000000, graph_diag=0.000000, graph_uniform=0.000000, graph_reg_scale=1.0000, mf_l2=0.000000, delta_ratio=0.000000, personal_sparse=0.000000, alpha_var=0.000000, alpha_collapse=0.000000, reg_bce_ratio=0.0001 | Val: graph_entropy=0.000000, graph_diag=0.000000, graph_uniform=0.000000, graph_reg_scale=1.0000, mf_l2=0.000000, delta_ratio=0.000000, personal_sparse=0.000000, alpha_var=0.000000, alpha_collapse=0.000000, reg_bce_ratio=0.0000
2026-04-11 08:12:37,352 - INFO - [junyi|junyi_abce_ae_dominant_no_AE|lr=0.003|drop=0.40] [Diag][M3] Epoch [005] | residual_abs_mean=0.4905, residual_std=0.1267, mf_abs_mean=0.4905, mf_std=0.1267, gate_mean=0.0999, gate_std=0.0190, q_interaction_abs_mean=0.6302, id_adapter_abs_mean=0.0743, bias_abs_mean=0.0951, B_q_share=1.0706, B_id_share=0.1263, B_bias_share=0.1616, student_q_norm=0.1361, student_id_adapter_norm=0.1192, item_q_norm=0.0637, item_id_adapter_norm=0.1251, irt_abs_mean=1.2275, irt_std=0.9557, delta_abs_mean=0.0490, delta_std=0.0165, delta_over_irt=0.0399, warmup(mf/personal)=0.83/1.00, graph_row_entropy=0.0000, graph_entropy_ratio=0.0000, alpha_mean=0.0000, alpha_std=0.0000, alpha_bias_std=0.0000, personal_row_entropy=0.0000, personal_matrix_delta=0.0000, personal_matrix_student_std=0.0000, personal_delta_pre_softmax_norm=0.0000, personal_delta_student_std=0.0000, alpha_head_std=0.0000
2026-04-11 08:12:37,352 - INFO - [junyi|junyi_abce_ae_dominant_no_AE|lr=0.003|drop=0.40] [Diag][Graph] Epoch [005] | entropy_ratio=0.0000, diag_mass=1.0000, to_uniform_l2=0.037609, to_identity_l2=0.000000, tau_mean=0.0000, tau_std=0.0000, graph_reg_scale(train/val)=1.0000/1.0000
2026-04-11 08:12:37,352 - INFO - [junyi|junyi_abce_ae_dominant_no_AE|lr=0.003|drop=0.40] [Grad Norms] Epoch [005] | mf_u_proj=0.005630, mf_v_proj=0.008236, b_id_student_proj=0.008297, b_id_item_proj=0.007768, b_bias_scale=0.000012, fusion_gate=0.002135, q_gate_raw=0.000000, skill_latent=0.093343, student_q_proj=0.016812, item_id_adapter=0.022484, relation_emb=0.000000e+00, relation_tau=0.000000e+00, relation_wq=0.000000e+00, relation_wk=0.000000e+00, personal_u=0.000000e+00, personal_v=0.000000e+00, personal_alpha_bias=0.000000e+00, personal_gate_emb=0.000000e+00, personal_gate_student_proj=0.000000e+00, personal_gate_context_proj=0.000000e+00, personal_gate_student_direct=0.000000e+00, personal_gate_context_direct=0.000000e+00, personal_gate_out=0.000000e+00, personal_generator_emb=0.000000e+00, personal_generator_context_proj=0.000000e+00, personal_generator_context_hidden=0.000000e+00, personal_generator_context_to_u=0.000000e+00, personal_generator_context_to_v=0.000000e+00
2026-04-11 08:12:37,352 - INFO - [junyi|junyi_abce_ae_dominant_no_AE|lr=0.003|drop=0.40] -> No improvement 1 epoch(s) (best AUC=0.7926 @ 4)
2026-04-11 08:12:51,390 - INFO - [junyi|junyi_abce_ae_dominant_no_AE|lr=0.003|drop=0.40] Epoch [006/100] | Train: Loss=0.5165, BCE=0.5164, Reg=0.0000, AUC=0.7941, ACC=0.7485, RMSE=0.4144 | Val: Loss=0.5095, BCE=0.5095, Reg=0.0000, AUC=0.7954, ACC=0.7543, RMSE=0.4108
2026-04-11 08:12:51,390 - INFO - [junyi|junyi_abce_ae_dominant_no_AE|lr=0.003|drop=0.40] [Reg Terms] Epoch [006] | Train: graph_entropy=0.000000, graph_diag=0.000000, graph_uniform=0.000000, graph_reg_scale=1.0000, mf_l2=0.000000, delta_ratio=0.000000, personal_sparse=0.000000, alpha_var=0.000000, alpha_collapse=0.000000, reg_bce_ratio=0.0001 | Val: graph_entropy=0.000000, graph_diag=0.000000, graph_uniform=0.000000, graph_reg_scale=1.0000, mf_l2=0.000000, delta_ratio=0.000000, personal_sparse=0.000000, alpha_var=0.000000, alpha_collapse=0.000000, reg_bce_ratio=0.0001
2026-04-11 08:12:51,534 - INFO - [junyi|junyi_abce_ae_dominant_no_AE|lr=0.003|drop=0.40] [Diag][M3] Epoch [006] | residual_abs_mean=0.5849, residual_std=0.2538, mf_abs_mean=0.5849, mf_std=0.2538, gate_mean=0.0832, gate_std=0.0305, q_interaction_abs_mean=0.5903, id_adapter_abs_mean=0.1026, bias_abs_mean=0.2472, B_q_share=1.0091, B_id_share=0.1753, B_bias_share=0.4225, student_q_norm=0.1563, student_id_adapter_norm=0.0982, item_q_norm=0.0603, item_id_adapter_norm=0.1078, irt_abs_mean=1.1665, irt_std=0.8226, delta_abs_mean=0.0478, delta_std=0.0286, delta_over_irt=0.0409, warmup(mf/personal)=1.00/1.00, graph_row_entropy=0.0000, graph_entropy_ratio=0.0000, alpha_mean=0.0000, alpha_std=0.0000, alpha_bias_std=0.0000, personal_row_entropy=0.0000, personal_matrix_delta=0.0000, personal_matrix_student_std=0.0000, personal_delta_pre_softmax_norm=0.0000, personal_delta_student_std=0.0000, alpha_head_std=0.0000
2026-04-11 08:12:51,534 - INFO - [junyi|junyi_abce_ae_dominant_no_AE|lr=0.003|drop=0.40] [Diag][Graph] Epoch [006] | entropy_ratio=0.0000, diag_mass=1.0000, to_uniform_l2=0.037609, to_identity_l2=0.000000, tau_mean=0.0000, tau_std=0.0000, graph_reg_scale(train/val)=1.0000/1.0000
2026-04-11 08:12:51,534 - INFO - [junyi|junyi_abce_ae_dominant_no_AE|lr=0.003|drop=0.40] [Grad Norms] Epoch [006] | mf_u_proj=0.011986, mf_v_proj=0.008810, b_id_student_proj=0.011990, b_id_item_proj=0.011530, b_bias_scale=0.000023, fusion_gate=0.002408, q_gate_raw=0.000000, skill_latent=0.240293, student_q_proj=0.037983, item_id_adapter=0.034816, relation_emb=0.000000e+00, relation_tau=0.000000e+00, relation_wq=0.000000e+00, relation_wk=0.000000e+00, personal_u=0.000000e+00, personal_v=0.000000e+00, personal_alpha_bias=0.000000e+00, personal_gate_emb=0.000000e+00, personal_gate_student_proj=0.000000e+00, personal_gate_context_proj=0.000000e+00, personal_gate_student_direct=0.000000e+00, personal_gate_context_direct=0.000000e+00, personal_gate_out=0.000000e+00, personal_generator_emb=0.000000e+00, personal_generator_context_proj=0.000000e+00, personal_generator_context_hidden=0.000000e+00, personal_generator_context_to_u=0.000000e+00, personal_generator_context_to_v=0.000000e+00
2026-04-11 08:12:51,764 - INFO - [junyi|junyi_abce_ae_dominant_no_AE|lr=0.003|drop=0.40] -> New best AUC=0.7954 at epoch 6
2026-04-11 08:13:06,955 - INFO - [junyi|junyi_abce_ae_dominant_no_AE|lr=0.003|drop=0.40] Epoch [007/100] | Train: Loss=0.5160, BCE=0.5160, Reg=0.0000, AUC=0.7946, ACC=0.7483, RMSE=0.4142 | Val: Loss=0.5073, BCE=0.5073, Reg=0.0000, AUC=0.7965, ACC=0.7596, RMSE=0.4098
2026-04-11 08:13:06,955 - INFO - [junyi|junyi_abce_ae_dominant_no_AE|lr=0.003|drop=0.40] [Reg Terms] Epoch [007] | Train: graph_entropy=0.000000, graph_diag=0.000000, graph_uniform=0.000000, graph_reg_scale=1.0000, mf_l2=0.000000, delta_ratio=0.000000, personal_sparse=0.000000, alpha_var=0.000000, alpha_collapse=0.000000, reg_bce_ratio=0.0001 | Val: graph_entropy=0.000000, graph_diag=0.000000, graph_uniform=0.000000, graph_reg_scale=1.0000, mf_l2=0.000000, delta_ratio=0.000000, personal_sparse=0.000000, alpha_var=0.000000, alpha_collapse=0.000000, reg_bce_ratio=0.0000
2026-04-11 08:13:07,102 - INFO - [junyi|junyi_abce_ae_dominant_no_AE|lr=0.003|drop=0.40] [Diag][M3] Epoch [007] | residual_abs_mean=0.8563, residual_std=0.3143, mf_abs_mean=0.8563, mf_std=0.3143, gate_mean=0.0667, gate_std=0.0473, q_interaction_abs_mean=0.3686, id_adapter_abs_mean=0.0972, bias_abs_mean=0.7492, B_q_share=0.4305, B_id_share=0.1135, B_bias_share=0.8749, student_q_norm=0.0844, student_id_adapter_norm=0.0889, item_q_norm=0.0514, item_id_adapter_norm=0.1158, irt_abs_mean=1.1950, irt_std=0.8439, delta_abs_mean=0.0559, delta_std=0.0492, delta_over_irt=0.0468, warmup(mf/personal)=1.00/1.00, graph_row_entropy=0.0000, graph_entropy_ratio=0.0000, alpha_mean=0.0000, alpha_std=0.0000, alpha_bias_std=0.0000, personal_row_entropy=0.0000, personal_matrix_delta=0.0000, personal_matrix_student_std=0.0000, personal_delta_pre_softmax_norm=0.0000, personal_delta_student_std=0.0000, alpha_head_std=0.0000
2026-04-11 08:13:07,102 - INFO - [junyi|junyi_abce_ae_dominant_no_AE|lr=0.003|drop=0.40] [Diag][Graph] Epoch [007] | entropy_ratio=0.0000, diag_mass=1.0000, to_uniform_l2=0.037609, to_identity_l2=0.000000, tau_mean=0.0000, tau_std=0.0000, graph_reg_scale(train/val)=1.0000/1.0000
2026-04-11 08:13:07,102 - WARNING - [junyi|junyi_abce_ae_dominant_no_AE|lr=0.003|drop=0.40] [Diag Warning][B] B_q_share is low: B_q_share=0.4305, B_id_share=0.1135, B_bias_share=0.8749
2026-04-11 08:13:07,102 - INFO - [junyi|junyi_abce_ae_dominant_no_AE|lr=0.003|drop=0.40] [Grad Norms] Epoch [007] | mf_u_proj=0.007838, mf_v_proj=0.015307, b_id_student_proj=0.008948, b_id_item_proj=0.008930, b_bias_scale=0.000023, fusion_gate=0.005178, q_gate_raw=0.000000, skill_latent=0.240907, student_q_proj=0.011307, item_id_adapter=0.044004, relation_emb=0.000000e+00, relation_tau=0.000000e+00, relation_wq=0.000000e+00, relation_wk=0.000000e+00, personal_u=0.000000e+00, personal_v=0.000000e+00, personal_alpha_bias=0.000000e+00, personal_gate_emb=0.000000e+00, personal_gate_student_proj=0.000000e+00, personal_gate_context_proj=0.000000e+00, personal_gate_student_direct=0.000000e+00, personal_gate_context_direct=0.000000e+00, personal_gate_out=0.000000e+00, personal_generator_emb=0.000000e+00, personal_generator_context_proj=0.000000e+00, personal_generator_context_hidden=0.000000e+00, personal_generator_context_to_u=0.000000e+00, personal_generator_context_to_v=0.000000e+00
2026-04-11 08:13:07,408 - INFO - [junyi|junyi_abce_ae_dominant_no_AE|lr=0.003|drop=0.40] -> New best AUC=0.7965 at epoch 7
2026-04-11 08:13:21,961 - INFO - [junyi|junyi_abce_ae_dominant_no_AE|lr=0.003|drop=0.40] Epoch [008/100] | Train: Loss=0.5153, BCE=0.5153, Reg=0.0000, AUC=0.7951, ACC=0.7501, RMSE=0.4138 | Val: Loss=0.5078, BCE=0.5078, Reg=0.0000, AUC=0.7970, ACC=0.7572, RMSE=0.4098
2026-04-11 08:13:21,962 - INFO - [junyi|junyi_abce_ae_dominant_no_AE|lr=0.003|drop=0.40] [Reg Terms] Epoch [008] | Train: graph_entropy=0.000000, graph_diag=0.000000, graph_uniform=0.000000, graph_reg_scale=1.0000, mf_l2=0.000000, delta_ratio=0.000000, personal_sparse=0.000000, alpha_var=0.000000, alpha_collapse=0.000000, reg_bce_ratio=0.0000 | Val: graph_entropy=0.000000, graph_diag=0.000000, graph_uniform=0.000000, graph_reg_scale=1.0000, mf_l2=0.000000, delta_ratio=0.000000, personal_sparse=0.000000, alpha_var=0.000000, alpha_collapse=0.000000, reg_bce_ratio=0.0000
2026-04-11 08:13:22,113 - INFO - [junyi|junyi_abce_ae_dominant_no_AE|lr=0.003|drop=0.40] [Diag][M3] Epoch [008] | residual_abs_mean=0.8857, residual_std=0.2364, mf_abs_mean=0.8857, mf_std=0.2364, gate_mean=0.0689, gate_std=0.0516, q_interaction_abs_mean=0.2008, id_adapter_abs_mean=0.1511, bias_abs_mean=0.9170, B_q_share=0.2268, B_id_share=0.1706, B_bias_share=1.0353, student_q_norm=0.0916, student_id_adapter_norm=0.0956, item_q_norm=0.0552, item_id_adapter_norm=0.0901, irt_abs_mean=1.2062, irt_std=0.8446, delta_abs_mean=0.0612, delta_std=0.0523, delta_over_irt=0.0507, warmup(mf/personal)=1.00/1.00, graph_row_entropy=0.0000, graph_entropy_ratio=0.0000, alpha_mean=0.0000, alpha_std=0.0000, alpha_bias_std=0.0000, personal_row_entropy=0.0000, personal_matrix_delta=0.0000, personal_matrix_student_std=0.0000, personal_delta_pre_softmax_norm=0.0000, personal_delta_student_std=0.0000, alpha_head_std=0.0000
2026-04-11 08:13:22,114 - INFO - [junyi|junyi_abce_ae_dominant_no_AE|lr=0.003|drop=0.40] [Diag][Graph] Epoch [008] | entropy_ratio=0.0000, diag_mass=1.0000, to_uniform_l2=0.037609, to_identity_l2=0.000000, tau_mean=0.0000, tau_std=0.0000, graph_reg_scale(train/val)=1.0000/1.0000
2026-04-11 08:13:22,114 - WARNING - [junyi|junyi_abce_ae_dominant_no_AE|lr=0.003|drop=0.40] [Diag Warning][B] B_q_share is low: B_q_share=0.2268, B_id_share=0.1706, B_bias_share=1.0353
2026-04-11 08:13:22,114 - INFO - [junyi|junyi_abce_ae_dominant_no_AE|lr=0.003|drop=0.40] [Grad Norms] Epoch [008] | mf_u_proj=0.006367, mf_v_proj=0.015740, b_id_student_proj=0.013493, b_id_item_proj=0.011931, b_bias_scale=0.000020, fusion_gate=0.003719, q_gate_raw=0.000000, skill_latent=0.343489, student_q_proj=0.016706, item_id_adapter=0.037300, relation_emb=0.000000e+00, relation_tau=0.000000e+00, relation_wq=0.000000e+00, relation_wk=0.000000e+00, personal_u=0.000000e+00, personal_v=0.000000e+00, personal_alpha_bias=0.000000e+00, personal_gate_emb=0.000000e+00, personal_gate_student_proj=0.000000e+00, personal_gate_context_proj=0.000000e+00, personal_gate_student_direct=0.000000e+00, personal_gate_context_direct=0.000000e+00, personal_gate_out=0.000000e+00, personal_generator_emb=0.000000e+00, personal_generator_context_proj=0.000000e+00, personal_generator_context_hidden=0.000000e+00, personal_generator_context_to_u=0.000000e+00, personal_generator_context_to_v=0.000000e+00
2026-04-11 08:13:22,472 - INFO - [junyi|junyi_abce_ae_dominant_no_AE|lr=0.003|drop=0.40] -> New best AUC=0.7970 at epoch 8
2026-04-11 08:13:36,633 - INFO - [junyi|junyi_abce_ae_dominant_no_AE|lr=0.003|drop=0.40] Epoch [009/100] | Train: Loss=0.5150, BCE=0.5150, Reg=0.0000, AUC=0.7956, ACC=0.7498, RMSE=0.4137 | Val: Loss=0.5097, BCE=0.5097, Reg=0.0000, AUC=0.7941, ACC=0.7555, RMSE=0.4109
2026-04-11 08:13:36,634 - INFO - [junyi|junyi_abce_ae_dominant_no_AE|lr=0.003|drop=0.40] [Reg Terms] Epoch [009] | Train: graph_entropy=0.000000, graph_diag=0.000000, graph_uniform=0.000000, graph_reg_scale=1.0000, mf_l2=0.000000, delta_ratio=0.000000, personal_sparse=0.000000, alpha_var=0.000000, alpha_collapse=0.000000, reg_bce_ratio=0.0000 | Val: graph_entropy=0.000000, graph_diag=0.000000, graph_uniform=0.000000, graph_reg_scale=1.0000, mf_l2=0.000000, delta_ratio=0.000000, personal_sparse=0.000000, alpha_var=0.000000, alpha_collapse=0.000000, reg_bce_ratio=0.0000
2026-04-11 08:13:36,798 - INFO - [junyi|junyi_abce_ae_dominant_no_AE|lr=0.003|drop=0.40] [Diag][M3] Epoch [009] | residual_abs_mean=0.9110, residual_std=0.2955, mf_abs_mean=0.9110, mf_std=0.2955, gate_mean=0.0701, gate_std=0.0542, q_interaction_abs_mean=0.3091, id_adapter_abs_mean=0.1501, bias_abs_mean=1.0065, B_q_share=0.3392, B_id_share=0.1648, B_bias_share=1.1048, student_q_norm=0.1159, student_id_adapter_norm=0.0881, item_q_norm=0.0529, item_id_adapter_norm=0.1025, irt_abs_mean=1.2059, irt_std=0.8384, delta_abs_mean=0.0676, delta_std=0.0622, delta_over_irt=0.0560, warmup(mf/personal)=1.00/1.00, graph_row_entropy=0.0000, graph_entropy_ratio=0.0000, alpha_mean=0.0000, alpha_std=0.0000, alpha_bias_std=0.0000, personal_row_entropy=0.0000, personal_matrix_delta=0.0000, personal_matrix_student_std=0.0000, personal_delta_pre_softmax_norm=0.0000, personal_delta_student_std=0.0000, alpha_head_std=0.0000
2026-04-11 08:13:36,798 - INFO - [junyi|junyi_abce_ae_dominant_no_AE|lr=0.003|drop=0.40] [Diag][Graph] Epoch [009] | entropy_ratio=0.0000, diag_mass=1.0000, to_uniform_l2=0.037609, to_identity_l2=0.000000, tau_mean=0.0000, tau_std=0.0000, graph_reg_scale(train/val)=1.0000/1.0000
2026-04-11 08:13:36,798 - WARNING - [junyi|junyi_abce_ae_dominant_no_AE|lr=0.003|drop=0.40] [Diag Warning][B] B_q_share is low: B_q_share=0.3392, B_id_share=0.1648, B_bias_share=1.1048
2026-04-11 08:13:36,798 - INFO - [junyi|junyi_abce_ae_dominant_no_AE|lr=0.003|drop=0.40] [Grad Norms] Epoch [009] | mf_u_proj=0.005664, mf_v_proj=0.010376, b_id_student_proj=0.010363, b_id_item_proj=0.008745, b_bias_scale=0.000023, fusion_gate=0.007077, q_gate_raw=0.000000, skill_latent=0.087257, student_q_proj=0.009375, item_id_adapter=0.029929, relation_emb=0.000000e+00, relation_tau=0.000000e+00, relation_wq=0.000000e+00, relation_wk=0.000000e+00, personal_u=0.000000e+00, personal_v=0.000000e+00, personal_alpha_bias=0.000000e+00, personal_gate_emb=0.000000e+00, personal_gate_student_proj=0.000000e+00, personal_gate_context_proj=0.000000e+00, personal_gate_student_direct=0.000000e+00, personal_gate_context_direct=0.000000e+00, personal_gate_out=0.000000e+00, personal_generator_emb=0.000000e+00, personal_generator_context_proj=0.000000e+00, personal_generator_context_hidden=0.000000e+00, personal_generator_context_to_u=0.000000e+00, personal_generator_context_to_v=0.000000e+00
2026-04-11 08:13:36,799 - INFO - [junyi|junyi_abce_ae_dominant_no_AE|lr=0.003|drop=0.40] -> No improvement 1 epoch(s) (best AUC=0.7970 @ 8)
2026-04-11 08:13:50,179 - INFO - [junyi|junyi_abce_ae_dominant_no_AE|lr=0.003|drop=0.40] Epoch [010/100] | Train: Loss=0.5103, BCE=0.5102, Reg=0.0000, AUC=0.8010, ACC=0.7546, RMSE=0.4112 | Val: Loss=0.5026, BCE=0.5026, Reg=0.0000, AUC=0.8025, ACC=0.7627, RMSE=0.4074
2026-04-11 08:13:50,179 - INFO - [junyi|junyi_abce_ae_dominant_no_AE|lr=0.003|drop=0.40] [Reg Terms] Epoch [010] | Train: graph_entropy=0.000000, graph_diag=0.000000, graph_uniform=0.000000, graph_reg_scale=1.0000, mf_l2=0.000000, delta_ratio=0.000003, personal_sparse=0.000000, alpha_var=0.000000, alpha_collapse=0.000000, reg_bce_ratio=0.0000 | Val: graph_entropy=0.000000, graph_diag=0.000000, graph_uniform=0.000000, graph_reg_scale=1.0000, mf_l2=0.000000, delta_ratio=0.000000, personal_sparse=0.000000, alpha_var=0.000000, alpha_collapse=0.000000, reg_bce_ratio=0.0000
2026-04-11 08:13:50,382 - INFO - [junyi|junyi_abce_ae_dominant_no_AE|lr=0.003|drop=0.40] [Diag][M3] Epoch [010] | residual_abs_mean=0.9842, residual_std=0.2065, mf_abs_mean=0.9842, mf_std=0.2065, gate_mean=0.0619, gate_std=0.0555, q_interaction_abs_mean=0.2053, id_adapter_abs_mean=0.1261, bias_abs_mean=1.0432, B_q_share=0.2086, B_id_share=0.1281, B_bias_share=1.0599, student_q_norm=0.0621, student_id_adapter_norm=0.0738, item_q_norm=0.0397, item_id_adapter_norm=0.0918, irt_abs_mean=1.2313, irt_std=0.8797, delta_abs_mean=0.0611, delta_std=0.0586, delta_over_irt=0.0496, warmup(mf/personal)=1.00/1.00, graph_row_entropy=0.0000, graph_entropy_ratio=0.0000, alpha_mean=0.0000, alpha_std=0.0000, alpha_bias_std=0.0000, personal_row_entropy=0.0000, personal_matrix_delta=0.0000, personal_matrix_student_std=0.0000, personal_delta_pre_softmax_norm=0.0000, personal_delta_student_std=0.0000, alpha_head_std=0.0000
2026-04-11 08:13:50,382 - INFO - [junyi|junyi_abce_ae_dominant_no_AE|lr=0.003|drop=0.40] [Diag][Graph] Epoch [010] | entropy_ratio=0.0000, diag_mass=1.0000, to_uniform_l2=0.037609, to_identity_l2=0.000000, tau_mean=0.0000, tau_std=0.0000, graph_reg_scale(train/val)=1.0000/1.0000
2026-04-11 08:13:50,382 - WARNING - [junyi|junyi_abce_ae_dominant_no_AE|lr=0.003|drop=0.40] [Diag Warning][B] B_q_share is low: B_q_share=0.2086, B_id_share=0.1281, B_bias_share=1.0599
2026-04-11 08:13:50,382 - INFO - [junyi|junyi_abce_ae_dominant_no_AE|lr=0.003|drop=0.40] [Grad Norms] Epoch [010] | mf_u_proj=0.007368, mf_v_proj=0.010985, b_id_student_proj=0.015193, b_id_item_proj=0.010890, b_bias_scale=0.000000, fusion_gate=0.003373, q_gate_raw=0.000000, skill_latent=0.493990, student_q_proj=0.018835, item_id_adapter=0.038285, relation_emb=0.000000e+00, relation_tau=0.000000e+00, relation_wq=0.000000e+00, relation_wk=0.000000e+00, personal_u=0.000000e+00, personal_v=0.000000e+00, personal_alpha_bias=0.000000e+00, personal_gate_emb=0.000000e+00, personal_gate_student_proj=0.000000e+00, personal_gate_context_proj=0.000000e+00, personal_gate_student_direct=0.000000e+00, personal_gate_context_direct=0.000000e+00, personal_gate_out=0.000000e+00, personal_generator_emb=0.000000e+00, personal_generator_context_proj=0.000000e+00, personal_generator_context_hidden=0.000000e+00, personal_generator_context_to_u=0.000000e+00, personal_generator_context_to_v=0.000000e+00
2026-04-11 08:13:50,682 - INFO - [junyi|junyi_abce_ae_dominant_no_AE|lr=0.003|drop=0.40] -> New best AUC=0.8025 at epoch 10
2026-04-11 08:13:50,763 - INFO - [junyi|junyi_abce_ae_dominant_no_AE|lr=0.003|drop=0.40] Checkpoint saved: checkpoints/abce_diag/20260411_master_best_ae/junyi/seed42/ae_dominant_no_AE/checkpoint_epoch_10.pth
2026-04-11 08:13:50,900 - INFO - [junyi|junyi_abce_ae_dominant_no_AE|lr=0.003|drop=0.40] [Module Activity] Epoch 10: MF[OK]
2026-04-11 08:14:06,410 - INFO - [junyi|junyi_abce_ae_dominant_no_AE|lr=0.003|drop=0.40] Epoch [011/100] | Train: Loss=0.5085, BCE=0.5085, Reg=0.0000, AUC=0.8024, ACC=0.7558, RMSE=0.4104 | Val: Loss=0.5021, BCE=0.5021, Reg=0.0000, AUC=0.8025, ACC=0.7650, RMSE=0.4070
2026-04-11 08:14:06,410 - INFO - [junyi|junyi_abce_ae_dominant_no_AE|lr=0.003|drop=0.40] [Reg Terms] Epoch [011] | Train: graph_entropy=0.000000, graph_diag=0.000000, graph_uniform=0.000000, graph_reg_scale=1.0000, mf_l2=0.000000, delta_ratio=0.000001, personal_sparse=0.000000, alpha_var=0.000000, alpha_collapse=0.000000, reg_bce_ratio=0.0000 | Val: graph_entropy=0.000000, graph_diag=0.000000, graph_uniform=0.000000, graph_reg_scale=1.0000, mf_l2=0.000000, delta_ratio=0.000001, personal_sparse=0.000000, alpha_var=0.000000, alpha_collapse=0.000000, reg_bce_ratio=0.0000
2026-04-11 08:14:06,605 - INFO - [junyi|junyi_abce_ae_dominant_no_AE|lr=0.003|drop=0.40] [Diag][M3] Epoch [011] | residual_abs_mean=0.9824, residual_std=0.3257, mf_abs_mean=0.9824, mf_std=0.3257, gate_mean=0.0669, gate_std=0.0577, q_interaction_abs_mean=0.3748, id_adapter_abs_mean=0.1594, bias_abs_mean=1.0673, B_q_share=0.3815, B_id_share=0.1623, B_bias_share=1.0865, student_q_norm=0.0772, student_id_adapter_norm=0.0709, item_q_norm=0.0399, item_id_adapter_norm=0.0867, irt_abs_mean=1.1952, irt_std=0.8608, delta_abs_mean=0.0676, delta_std=0.0687, delta_over_irt=0.0566, warmup(mf/personal)=1.00/1.00, graph_row_entropy=0.0000, graph_entropy_ratio=0.0000, alpha_mean=0.0000, alpha_std=0.0000, alpha_bias_std=0.0000, personal_row_entropy=0.0000, personal_matrix_delta=0.0000, personal_matrix_student_std=0.0000, personal_delta_pre_softmax_norm=0.0000, personal_delta_student_std=0.0000, alpha_head_std=0.0000
2026-04-11 08:14:06,605 - INFO - [junyi|junyi_abce_ae_dominant_no_AE|lr=0.003|drop=0.40] [Diag][Graph] Epoch [011] | entropy_ratio=0.0000, diag_mass=1.0000, to_uniform_l2=0.037609, to_identity_l2=0.000000, tau_mean=0.0000, tau_std=0.0000, graph_reg_scale(train/val)=1.0000/1.0000
2026-04-11 08:14:06,605 - WARNING - [junyi|junyi_abce_ae_dominant_no_AE|lr=0.003|drop=0.40] [Diag Warning][B] B_q_share is low: B_q_share=0.3815, B_id_share=0.1623, B_bias_share=1.0865
2026-04-11 08:14:06,606 - INFO - [junyi|junyi_abce_ae_dominant_no_AE|lr=0.003|drop=0.40] [Grad Norms] Epoch [011] | mf_u_proj=0.007560, mf_v_proj=0.030139, b_id_student_proj=0.011632, b_id_item_proj=0.010346, b_bias_scale=0.000001, fusion_gate=0.003235, q_gate_raw=0.000000, skill_latent=0.278132, student_q_proj=0.012937, item_id_adapter=0.029722, relation_emb=0.000000e+00, relation_tau=0.000000e+00, relation_wq=0.000000e+00, relation_wk=0.000000e+00, personal_u=0.000000e+00, personal_v=0.000000e+00, personal_alpha_bias=0.000000e+00, personal_gate_emb=0.000000e+00, personal_gate_student_proj=0.000000e+00, personal_gate_context_proj=0.000000e+00, personal_gate_student_direct=0.000000e+00, personal_gate_context_direct=0.000000e+00, personal_gate_out=0.000000e+00, personal_generator_emb=0.000000e+00, personal_generator_context_proj=0.000000e+00, personal_generator_context_hidden=0.000000e+00, personal_generator_context_to_u=0.000000e+00, personal_generator_context_to_v=0.000000e+00
2026-04-11 08:14:06,606 - INFO - [junyi|junyi_abce_ae_dominant_no_AE|lr=0.003|drop=0.40] -> No improvement 1 epoch(s) (best AUC=0.8025 @ 10)
2026-04-11 08:14:20,310 - INFO - [junyi|junyi_abce_ae_dominant_no_AE|lr=0.003|drop=0.40] Epoch [012/100] | Train: Loss=0.5078, BCE=0.5078, Reg=0.0000, AUC=0.8031, ACC=0.7561, RMSE=0.4100 | Val: Loss=0.5016, BCE=0.5016, Reg=0.0000, AUC=0.8036, ACC=0.7616, RMSE=0.4068
2026-04-11 08:14:20,310 - INFO - [junyi|junyi_abce_ae_dominant_no_AE|lr=0.003|drop=0.40] [Reg Terms] Epoch [012] | Train: graph_entropy=0.000000, graph_diag=0.000000, graph_uniform=0.000000, graph_reg_scale=1.0000, mf_l2=0.000000, delta_ratio=0.000002, personal_sparse=0.000000, alpha_var=0.000000, alpha_collapse=0.000000, reg_bce_ratio=0.0000 | Val: graph_entropy=0.000000, graph_diag=0.000000, graph_uniform=0.000000, graph_reg_scale=1.0000, mf_l2=0.000000, delta_ratio=0.000000, personal_sparse=0.000000, alpha_var=0.000000, alpha_collapse=0.000000, reg_bce_ratio=0.0000
2026-04-11 08:14:20,467 - INFO - [junyi|junyi_abce_ae_dominant_no_AE|lr=0.003|drop=0.40] [Diag][M3] Epoch [012] | residual_abs_mean=0.9372, residual_std=0.3072, mf_abs_mean=0.9372, mf_std=0.3072, gate_mean=0.0677, gate_std=0.0569, q_interaction_abs_mean=0.3311, id_adapter_abs_mean=0.1593, bias_abs_mean=1.0731, B_q_share=0.3533, B_id_share=0.1700, B_bias_share=1.1450, student_q_norm=0.0776, student_id_adapter_norm=0.0604, item_q_norm=0.0424, item_id_adapter_norm=0.0896, irt_abs_mean=1.2020, irt_std=0.8796, delta_abs_mean=0.0648, delta_std=0.0630, delta_over_irt=0.0539, warmup(mf/personal)=1.00/1.00, graph_row_entropy=0.0000, graph_entropy_ratio=0.0000, alpha_mean=0.0000, alpha_std=0.0000, alpha_bias_std=0.0000, personal_row_entropy=0.0000, personal_matrix_delta=0.0000, personal_matrix_student_std=0.0000, personal_delta_pre_softmax_norm=0.0000, personal_delta_student_std=0.0000, alpha_head_std=0.0000
2026-04-11 08:14:20,467 - INFO - [junyi|junyi_abce_ae_dominant_no_AE|lr=0.003|drop=0.40] [Diag][Graph] Epoch [012] | entropy_ratio=0.0000, diag_mass=1.0000, to_uniform_l2=0.037609, to_identity_l2=0.000000, tau_mean=0.0000, tau_std=0.0000, graph_reg_scale(train/val)=1.0000/1.0000
2026-04-11 08:14:20,467 - WARNING - [junyi|junyi_abce_ae_dominant_no_AE|lr=0.003|drop=0.40] [Diag Warning][B] B_q_share is low: B_q_share=0.3533, B_id_share=0.1700, B_bias_share=1.1450
2026-04-11 08:14:20,468 - INFO - [junyi|junyi_abce_ae_dominant_no_AE|lr=0.003|drop=0.40] [Grad Norms] Epoch [012] | mf_u_proj=0.008900, mf_v_proj=0.013971, b_id_student_proj=0.013525, b_id_item_proj=0.011009, b_bias_scale=0.000011, fusion_gate=0.007025, q_gate_raw=0.000000, skill_latent=0.303960, student_q_proj=0.017613, item_id_adapter=0.059542, relation_emb=0.000000e+00, relation_tau=0.000000e+00, relation_wq=0.000000e+00, relation_wk=0.000000e+00, personal_u=0.000000e+00, personal_v=0.000000e+00, personal_alpha_bias=0.000000e+00, personal_gate_emb=0.000000e+00, personal_gate_student_proj=0.000000e+00, personal_gate_context_proj=0.000000e+00, personal_gate_student_direct=0.000000e+00, personal_gate_context_direct=0.000000e+00, personal_gate_out=0.000000e+00, personal_generator_emb=0.000000e+00, personal_generator_context_proj=0.000000e+00, personal_generator_context_hidden=0.000000e+00, personal_generator_context_to_u=0.000000e+00, personal_generator_context_to_v=0.000000e+00
2026-04-11 08:14:20,868 - INFO - [junyi|junyi_abce_ae_dominant_no_AE|lr=0.003|drop=0.40] -> New best AUC=0.8036 at epoch 12
2026-04-11 08:14:34,639 - INFO - [junyi|junyi_abce_ae_dominant_no_AE|lr=0.003|drop=0.40] Epoch [013/100] | Train: Loss=0.5072, BCE=0.5072, Reg=0.0000, AUC=0.8038, ACC=0.7565, RMSE=0.4097 | Val: Loss=0.5006, BCE=0.5006, Reg=0.0000, AUC=0.8034, ACC=0.7625, RMSE=0.4062
2026-04-11 08:14:34,639 - INFO - [junyi|junyi_abce_ae_dominant_no_AE|lr=0.003|drop=0.40] [Reg Terms] Epoch [013] | Train: graph_entropy=0.000000, graph_diag=0.000000, graph_uniform=0.000000, graph_reg_scale=1.0000, mf_l2=0.000000, delta_ratio=0.000001, personal_sparse=0.000000, alpha_var=0.000000, alpha_collapse=0.000000, reg_bce_ratio=0.0000 | Val: graph_entropy=0.000000, graph_diag=0.000000, graph_uniform=0.000000, graph_reg_scale=1.0000, mf_l2=0.000000, delta_ratio=0.000000, personal_sparse=0.000000, alpha_var=0.000000, alpha_collapse=0.000000, reg_bce_ratio=0.0000
2026-04-11 08:14:34,785 - INFO - [junyi|junyi_abce_ae_dominant_no_AE|lr=0.003|drop=0.40] [Diag][M3] Epoch [013] | residual_abs_mean=0.9917, residual_std=0.3004, mf_abs_mean=0.9917, mf_std=0.3004, gate_mean=0.0682, gate_std=0.0594, q_interaction_abs_mean=0.3506, id_adapter_abs_mean=0.1356, bias_abs_mean=1.0782, B_q_share=0.3535, B_id_share=0.1367, B_bias_share=1.0873, student_q_norm=0.0784, student_id_adapter_norm=0.0793, item_q_norm=0.0368, item_id_adapter_norm=0.0918, irt_abs_mean=1.2331, irt_std=0.8727, delta_abs_mean=0.0668, delta_std=0.0670, delta_over_irt=0.0541, warmup(mf/personal)=1.00/1.00, graph_row_entropy=0.0000, graph_entropy_ratio=0.0000, alpha_mean=0.0000, alpha_std=0.0000, alpha_bias_std=0.0000, personal_row_entropy=0.0000, personal_matrix_delta=0.0000, personal_matrix_student_std=0.0000, personal_delta_pre_softmax_norm=0.0000, personal_delta_student_std=0.0000, alpha_head_std=0.0000
2026-04-11 08:14:34,786 - INFO - [junyi|junyi_abce_ae_dominant_no_AE|lr=0.003|drop=0.40] [Diag][Graph] Epoch [013] | entropy_ratio=0.0000, diag_mass=1.0000, to_uniform_l2=0.037609, to_identity_l2=0.000000, tau_mean=0.0000, tau_std=0.0000, graph_reg_scale(train/val)=1.0000/1.0000
2026-04-11 08:14:34,786 - WARNING - [junyi|junyi_abce_ae_dominant_no_AE|lr=0.003|drop=0.40] [Diag Warning][B] B_q_share is low: B_q_share=0.3535, B_id_share=0.1367, B_bias_share=1.0873
2026-04-11 08:14:34,786 - INFO - [junyi|junyi_abce_ae_dominant_no_AE|lr=0.003|drop=0.40] [Grad Norms] Epoch [013] | mf_u_proj=0.006702, mf_v_proj=0.011156, b_id_student_proj=0.011081, b_id_item_proj=0.010514, b_bias_scale=0.000010, fusion_gate=0.011374, q_gate_raw=0.000000, skill_latent=0.430087, student_q_proj=0.014141, item_id_adapter=0.026457, relation_emb=0.000000e+00, relation_tau=0.000000e+00, relation_wq=0.000000e+00, relation_wk=0.000000e+00, personal_u=0.000000e+00, personal_v=0.000000e+00, personal_alpha_bias=0.000000e+00, personal_gate_emb=0.000000e+00, personal_gate_student_proj=0.000000e+00, personal_gate_context_proj=0.000000e+00, personal_gate_student_direct=0.000000e+00, personal_gate_context_direct=0.000000e+00, personal_gate_out=0.000000e+00, personal_generator_emb=0.000000e+00, personal_generator_context_proj=0.000000e+00, personal_generator_context_hidden=0.000000e+00, personal_generator_context_to_u=0.000000e+00, personal_generator_context_to_v=0.000000e+00
2026-04-11 08:14:34,786 - INFO - [junyi|junyi_abce_ae_dominant_no_AE|lr=0.003|drop=0.40] -> No improvement 1 epoch(s) (best AUC=0.8036 @ 12)
2026-04-11 08:14:47,615 - INFO - [junyi|junyi_abce_ae_dominant_no_AE|lr=0.003|drop=0.40] Epoch [014/100] | Train: Loss=0.5072, BCE=0.5072, Reg=0.0000, AUC=0.8037, ACC=0.7569, RMSE=0.4097 | Val: Loss=0.5008, BCE=0.5008, Reg=0.0000, AUC=0.8028, ACC=0.7637, RMSE=0.4064
2026-04-11 08:14:47,615 - INFO - [junyi|junyi_abce_ae_dominant_no_AE|lr=0.003|drop=0.40] [Reg Terms] Epoch [014] | Train: graph_entropy=0.000000, graph_diag=0.000000, graph_uniform=0.000000, graph_reg_scale=1.0000, mf_l2=0.000000, delta_ratio=0.000002, personal_sparse=0.000000, alpha_var=0.000000, alpha_collapse=0.000000, reg_bce_ratio=0.0000 | Val: graph_entropy=0.000000, graph_diag=0.000000, graph_uniform=0.000000, graph_reg_scale=1.0000, mf_l2=0.000000, delta_ratio=0.000000, personal_sparse=0.000000, alpha_var=0.000000, alpha_collapse=0.000000, reg_bce_ratio=0.0000
2026-04-11 08:14:47,808 - INFO - [junyi|junyi_abce_ae_dominant_no_AE|lr=0.003|drop=0.40] [Diag][M3] Epoch [014] | residual_abs_mean=0.9268, residual_std=0.2759, mf_abs_mean=0.9268, mf_std=0.2759, gate_mean=0.0668, gate_std=0.0589, q_interaction_abs_mean=0.2996, id_adapter_abs_mean=0.1496, bias_abs_mean=1.0834, B_q_share=0.3232, B_id_share=0.1615, B_bias_share=1.1689, student_q_norm=0.0963, student_id_adapter_norm=0.0715, item_q_norm=0.0375, item_id_adapter_norm=0.0872, irt_abs_mean=1.2535, irt_std=0.9008, delta_abs_mean=0.0656, delta_std=0.0670, delta_over_irt=0.0523, warmup(mf/personal)=1.00/1.00, graph_row_entropy=0.0000, graph_entropy_ratio=0.0000, alpha_mean=0.0000, alpha_std=0.0000, alpha_bias_std=0.0000, personal_row_entropy=0.0000, personal_matrix_delta=0.0000, personal_matrix_student_std=0.0000, personal_delta_pre_softmax_norm=0.0000, personal_delta_student_std=0.0000, alpha_head_std=0.0000
2026-04-11 08:14:47,808 - INFO - [junyi|junyi_abce_ae_dominant_no_AE|lr=0.003|drop=0.40] [Diag][Graph] Epoch [014] | entropy_ratio=0.0000, diag_mass=1.0000, to_uniform_l2=0.037609, to_identity_l2=0.000000, tau_mean=0.0000, tau_std=0.0000, graph_reg_scale(train/val)=1.0000/1.0000
2026-04-11 08:14:47,808 - WARNING - [junyi|junyi_abce_ae_dominant_no_AE|lr=0.003|drop=0.40] [Diag Warning][B] B_q_share is low: B_q_share=0.3232, B_id_share=0.1615, B_bias_share=1.1689
2026-04-11 08:14:47,809 - INFO - [junyi|junyi_abce_ae_dominant_no_AE|lr=0.003|drop=0.40] [Grad Norms] Epoch [014] | mf_u_proj=0.007914, mf_v_proj=0.013236, b_id_student_proj=0.018409, b_id_item_proj=0.016169, b_bias_scale=0.000004, fusion_gate=0.005334, q_gate_raw=0.000000, skill_latent=0.273958, student_q_proj=0.011782, item_id_adapter=0.035498, relation_emb=0.000000e+00, relation_tau=0.000000e+00, relation_wq=0.000000e+00, relation_wk=0.000000e+00, personal_u=0.000000e+00, personal_v=0.000000e+00, personal_alpha_bias=0.000000e+00, personal_gate_emb=0.000000e+00, personal_gate_student_proj=0.000000e+00, personal_gate_context_proj=0.000000e+00, personal_gate_student_direct=0.000000e+00, personal_gate_context_direct=0.000000e+00, personal_gate_out=0.000000e+00, personal_generator_emb=0.000000e+00, personal_generator_context_proj=0.000000e+00, personal_generator_context_hidden=0.000000e+00, personal_generator_context_to_u=0.000000e+00, personal_generator_context_to_v=0.000000e+00
2026-04-11 08:14:47,809 - INFO - [junyi|junyi_abce_ae_dominant_no_AE|lr=0.003|drop=0.40] -> No improvement 2 epoch(s) (best AUC=0.8036 @ 12)
2026-04-11 08:15:00,829 - INFO - [junyi|junyi_abce_ae_dominant_no_AE|lr=0.003|drop=0.40] Epoch [015/100] | Train: Loss=0.5071, BCE=0.5071, Reg=0.0000, AUC=0.8035, ACC=0.7567, RMSE=0.4097 | Val: Loss=0.5008, BCE=0.5008, Reg=0.0000, AUC=0.8037, ACC=0.7631, RMSE=0.4064
2026-04-11 08:15:00,829 - INFO - [junyi|junyi_abce_ae_dominant_no_AE|lr=0.003|drop=0.40] [Reg Terms] Epoch [015] | Train: graph_entropy=0.000000, graph_diag=0.000000, graph_uniform=0.000000, graph_reg_scale=1.0000, mf_l2=0.000000, delta_ratio=0.000002, personal_sparse=0.000000, alpha_var=0.000000, alpha_collapse=0.000000, reg_bce_ratio=0.0000 | Val: graph_entropy=0.000000, graph_diag=0.000000, graph_uniform=0.000000, graph_reg_scale=1.0000, mf_l2=0.000000, delta_ratio=0.000000, personal_sparse=0.000000, alpha_var=0.000000, alpha_collapse=0.000000, reg_bce_ratio=0.0000
2026-04-11 08:15:00,989 - INFO - [junyi|junyi_abce_ae_dominant_no_AE|lr=0.003|drop=0.40] [Diag][M3] Epoch [015] | residual_abs_mean=0.9152, residual_std=0.3119, mf_abs_mean=0.9152, mf_std=0.3119, gate_mean=0.0629, gate_std=0.0565, q_interaction_abs_mean=0.3269, id_adapter_abs_mean=0.1655, bias_abs_mean=1.0732, B_q_share=0.3572, B_id_share=0.1808, B_bias_share=1.1727, student_q_norm=0.0959, student_id_adapter_norm=0.0782, item_q_norm=0.0394, item_id_adapter_norm=0.0988, irt_abs_mean=1.2358, irt_std=0.8617, delta_abs_mean=0.0594, delta_std=0.0634, delta_over_irt=0.0481, warmup(mf/personal)=1.00/1.00, graph_row_entropy=0.0000, graph_entropy_ratio=0.0000, alpha_mean=0.0000, alpha_std=0.0000, alpha_bias_std=0.0000, personal_row_entropy=0.0000, personal_matrix_delta=0.0000, personal_matrix_student_std=0.0000, personal_delta_pre_softmax_norm=0.0000, personal_delta_student_std=0.0000, alpha_head_std=0.0000
2026-04-11 08:15:00,989 - INFO - [junyi|junyi_abce_ae_dominant_no_AE|lr=0.003|drop=0.40] [Diag][Graph] Epoch [015] | entropy_ratio=0.0000, diag_mass=1.0000, to_uniform_l2=0.037609, to_identity_l2=0.000000, tau_mean=0.0000, tau_std=0.0000, graph_reg_scale(train/val)=1.0000/1.0000
2026-04-11 08:15:00,990 - WARNING - [junyi|junyi_abce_ae_dominant_no_AE|lr=0.003|drop=0.40] [Diag Warning][B] B_q_share is low: B_q_share=0.3572, B_id_share=0.1808, B_bias_share=1.1727
2026-04-11 08:15:00,990 - INFO - [junyi|junyi_abce_ae_dominant_no_AE|lr=0.003|drop=0.40] [Grad Norms] Epoch [015] | mf_u_proj=0.004262, mf_v_proj=0.009735, b_id_student_proj=0.011620, b_id_item_proj=0.009678, b_bias_scale=0.000027, fusion_gate=0.004253, q_gate_raw=0.000000, skill_latent=0.113335, student_q_proj=0.009624, item_id_adapter=0.031062, relation_emb=0.000000e+00, relation_tau=0.000000e+00, relation_wq=0.000000e+00, relation_wk=0.000000e+00, personal_u=0.000000e+00, personal_v=0.000000e+00, personal_alpha_bias=0.000000e+00, personal_gate_emb=0.000000e+00, personal_gate_student_proj=0.000000e+00, personal_gate_context_proj=0.000000e+00, personal_gate_student_direct=0.000000e+00, personal_gate_context_direct=0.000000e+00, personal_gate_out=0.000000e+00, personal_generator_emb=0.000000e+00, personal_generator_context_proj=0.000000e+00, personal_generator_context_hidden=0.000000e+00, personal_generator_context_to_u=0.000000e+00, personal_generator_context_to_v=0.000000e+00
2026-04-11 08:15:01,317 - INFO - [junyi|junyi_abce_ae_dominant_no_AE|lr=0.003|drop=0.40] -> New best AUC=0.8037 at epoch 15
2026-04-11 08:15:15,610 - INFO - [junyi|junyi_abce_ae_dominant_no_AE|lr=0.003|drop=0.40] Epoch [016/100] | Train: Loss=0.5033, BCE=0.5032, Reg=0.0000, AUC=0.8079, ACC=0.7603, RMSE=0.4077 | Val: Loss=0.4971, BCE=0.4971, Reg=0.0000, AUC=0.8076, ACC=0.7672, RMSE=0.4045
2026-04-11 08:15:15,610 - INFO - [junyi|junyi_abce_ae_dominant_no_AE|lr=0.003|drop=0.40] [Reg Terms] Epoch [016] | Train: graph_entropy=0.000000, graph_diag=0.000000, graph_uniform=0.000000, graph_reg_scale=1.0000, mf_l2=0.000000, delta_ratio=0.000010, personal_sparse=0.000000, alpha_var=0.000000, alpha_collapse=0.000000, reg_bce_ratio=0.0000 | Val: graph_entropy=0.000000, graph_diag=0.000000, graph_uniform=0.000000, graph_reg_scale=1.0000, mf_l2=0.000000, delta_ratio=0.000000, personal_sparse=0.000000, alpha_var=0.000000, alpha_collapse=0.000000, reg_bce_ratio=0.0000
2026-04-11 08:15:15,782 - INFO - [junyi|junyi_abce_ae_dominant_no_AE|lr=0.003|drop=0.40] [Diag][M3] Epoch [016] | residual_abs_mean=0.8937, residual_std=0.3838, mf_abs_mean=0.8937, mf_std=0.3838, gate_mean=0.0703, gate_std=0.0609, q_interaction_abs_mean=0.4608, id_adapter_abs_mean=0.1528, bias_abs_mean=1.0585, B_q_share=0.5156, B_id_share=0.1709, B_bias_share=1.1844, student_q_norm=0.0827, student_id_adapter_norm=0.0448, item_q_norm=0.0276, item_id_adapter_norm=0.0720, irt_abs_mean=1.2391, irt_std=0.9029, delta_abs_mean=0.0697, delta_std=0.0797, delta_over_irt=0.0562, warmup(mf/personal)=1.00/1.00, graph_row_entropy=0.0000, graph_entropy_ratio=0.0000, alpha_mean=0.0000, alpha_std=0.0000, alpha_bias_std=0.0000, personal_row_entropy=0.0000, personal_matrix_delta=0.0000, personal_matrix_student_std=0.0000, personal_delta_pre_softmax_norm=0.0000, personal_delta_student_std=0.0000, alpha_head_std=0.0000
2026-04-11 08:15:15,783 - INFO - [junyi|junyi_abce_ae_dominant_no_AE|lr=0.003|drop=0.40] [Diag][Graph] Epoch [016] | entropy_ratio=0.0000, diag_mass=1.0000, to_uniform_l2=0.037609, to_identity_l2=0.000000, tau_mean=0.0000, tau_std=0.0000, graph_reg_scale(train/val)=1.0000/1.0000
2026-04-11 08:15:15,783 - INFO - [junyi|junyi_abce_ae_dominant_no_AE|lr=0.003|drop=0.40] [Grad Norms] Epoch [016] | mf_u_proj=0.008720, mf_v_proj=0.010106, b_id_student_proj=0.020846, b_id_item_proj=0.012593, b_bias_scale=0.000013, fusion_gate=0.014962, q_gate_raw=0.000000, skill_latent=0.400904, student_q_proj=0.013718, item_id_adapter=0.035085, relation_emb=0.000000e+00, relation_tau=0.000000e+00, relation_wq=0.000000e+00, relation_wk=0.000000e+00, personal_u=0.000000e+00, personal_v=0.000000e+00, personal_alpha_bias=0.000000e+00, personal_gate_emb=0.000000e+00, personal_gate_student_proj=0.000000e+00, personal_gate_context_proj=0.000000e+00, personal_gate_student_direct=0.000000e+00, personal_gate_context_direct=0.000000e+00, personal_gate_out=0.000000e+00, personal_generator_emb=0.000000e+00, personal_generator_context_proj=0.000000e+00, personal_generator_context_hidden=0.000000e+00, personal_generator_context_to_u=0.000000e+00, personal_generator_context_to_v=0.000000e+00
2026-04-11 08:15:16,096 - INFO - [junyi|junyi_abce_ae_dominant_no_AE|lr=0.003|drop=0.40] -> New best AUC=0.8076 at epoch 16
2026-04-11 08:15:29,286 - INFO - [junyi|junyi_abce_ae_dominant_no_AE|lr=0.003|drop=0.40] Epoch [017/100] | Train: Loss=0.5021, BCE=0.5021, Reg=0.0000, AUC=0.8091, ACC=0.7611, RMSE=0.4071 | Val: Loss=0.4965, BCE=0.4965, Reg=0.0000, AUC=0.8081, ACC=0.7667, RMSE=0.4041
2026-04-11 08:15:29,287 - INFO - [junyi|junyi_abce_ae_dominant_no_AE|lr=0.003|drop=0.40] [Reg Terms] Epoch [017] | Train: graph_entropy=0.000000, graph_diag=0.000000, graph_uniform=0.000000, graph_reg_scale=1.0000, mf_l2=0.000000, delta_ratio=0.000010, personal_sparse=0.000000, alpha_var=0.000000, alpha_collapse=0.000000, reg_bce_ratio=0.0000 | Val: graph_entropy=0.000000, graph_diag=0.000000, graph_uniform=0.000000, graph_reg_scale=1.0000, mf_l2=0.000000, delta_ratio=0.000003, personal_sparse=0.000000, alpha_var=0.000000, alpha_collapse=0.000000, reg_bce_ratio=0.0000
2026-04-11 08:15:29,434 - INFO - [junyi|junyi_abce_ae_dominant_no_AE|lr=0.003|drop=0.40] [Diag][M3] Epoch [017] | residual_abs_mean=0.9406, residual_std=0.3795, mf_abs_mean=0.9406, mf_std=0.3795, gate_mean=0.0694, gate_std=0.0619, q_interaction_abs_mean=0.4437, id_adapter_abs_mean=0.1677, bias_abs_mean=1.0700, B_q_share=0.4717, B_id_share=0.1783, B_bias_share=1.1376, student_q_norm=0.0906, student_id_adapter_norm=0.0445, item_q_norm=0.0314, item_id_adapter_norm=0.0725, irt_abs_mean=1.2429, irt_std=0.8980, delta_abs_mean=0.0712, delta_std=0.0807, delta_over_irt=0.0573, warmup(mf/personal)=1.00/1.00, graph_row_entropy=0.0000, graph_entropy_ratio=0.0000, alpha_mean=0.0000, alpha_std=0.0000, alpha_bias_std=0.0000, personal_row_entropy=0.0000, personal_matrix_delta=0.0000, personal_matrix_student_std=0.0000, personal_delta_pre_softmax_norm=0.0000, personal_delta_student_std=0.0000, alpha_head_std=0.0000
2026-04-11 08:15:29,434 - INFO - [junyi|junyi_abce_ae_dominant_no_AE|lr=0.003|drop=0.40] [Diag][Graph] Epoch [017] | entropy_ratio=0.0000, diag_mass=1.0000, to_uniform_l2=0.037609, to_identity_l2=0.000000, tau_mean=0.0000, tau_std=0.0000, graph_reg_scale(train/val)=1.0000/1.0000
2026-04-11 08:15:29,434 - INFO - [junyi|junyi_abce_ae_dominant_no_AE|lr=0.003|drop=0.40] [Grad Norms] Epoch [017] | mf_u_proj=0.009929, mf_v_proj=0.017247, b_id_student_proj=0.013623, b_id_item_proj=0.012573, b_bias_scale=0.000003, fusion_gate=0.011324, q_gate_raw=0.000000, skill_latent=0.138891, student_q_proj=0.027022, item_id_adapter=0.032474, relation_emb=0.000000e+00, relation_tau=0.000000e+00, relation_wq=0.000000e+00, relation_wk=0.000000e+00, personal_u=0.000000e+00, personal_v=0.000000e+00, personal_alpha_bias=0.000000e+00, personal_gate_emb=0.000000e+00, personal_gate_student_proj=0.000000e+00, personal_gate_context_proj=0.000000e+00, personal_gate_student_direct=0.000000e+00, personal_gate_context_direct=0.000000e+00, personal_gate_out=0.000000e+00, personal_generator_emb=0.000000e+00, personal_generator_context_proj=0.000000e+00, personal_generator_context_hidden=0.000000e+00, personal_generator_context_to_u=0.000000e+00, personal_generator_context_to_v=0.000000e+00
2026-04-11 08:15:29,759 - INFO - [junyi|junyi_abce_ae_dominant_no_AE|lr=0.003|drop=0.40] -> New best AUC=0.8081 at epoch 17
2026-04-11 08:15:43,898 - INFO - [junyi|junyi_abce_ae_dominant_no_AE|lr=0.003|drop=0.40] Epoch [018/100] | Train: Loss=0.5014, BCE=0.5014, Reg=0.0000, AUC=0.8097, ACC=0.7617, RMSE=0.4068 | Val: Loss=0.4955, BCE=0.4955, Reg=0.0000, AUC=0.8088, ACC=0.7683, RMSE=0.4037
2026-04-11 08:15:43,898 - INFO - [junyi|junyi_abce_ae_dominant_no_AE|lr=0.003|drop=0.40] [Reg Terms] Epoch [018] | Train: graph_entropy=0.000000, graph_diag=0.000000, graph_uniform=0.000000, graph_reg_scale=1.0000, mf_l2=0.000000, delta_ratio=0.000013, personal_sparse=0.000000, alpha_var=0.000000, alpha_collapse=0.000000, reg_bce_ratio=0.0000 | Val: graph_entropy=0.000000, graph_diag=0.000000, graph_uniform=0.000000, graph_reg_scale=1.0000, mf_l2=0.000000, delta_ratio=0.000000, personal_sparse=0.000000, alpha_var=0.000000, alpha_collapse=0.000000, reg_bce_ratio=0.0000
2026-04-11 08:15:44,064 - INFO - [junyi|junyi_abce_ae_dominant_no_AE|lr=0.003|drop=0.40] [Diag][M3] Epoch [018] | residual_abs_mean=0.9485, residual_std=0.4158, mf_abs_mean=0.9485, mf_std=0.4158, gate_mean=0.0698, gate_std=0.0622, q_interaction_abs_mean=0.5128, id_adapter_abs_mean=0.1461, bias_abs_mean=1.0505, B_q_share=0.5406, B_id_share=0.1540, B_bias_share=1.1075, student_q_norm=0.0884, student_id_adapter_norm=0.0417, item_q_norm=0.0258, item_id_adapter_norm=0.0717, irt_abs_mean=1.2559, irt_std=0.9063, delta_abs_mean=0.0718, delta_std=0.0829, delta_over_irt=0.0572, warmup(mf/personal)=1.00/1.00, graph_row_entropy=0.0000, graph_entropy_ratio=0.0000, alpha_mean=0.0000, alpha_std=0.0000, alpha_bias_std=0.0000, personal_row_entropy=0.0000, personal_matrix_delta=0.0000, personal_matrix_student_std=0.0000, personal_delta_pre_softmax_norm=0.0000, personal_delta_student_std=0.0000, alpha_head_std=0.0000
2026-04-11 08:15:44,064 - INFO - [junyi|junyi_abce_ae_dominant_no_AE|lr=0.003|drop=0.40] [Diag][Graph] Epoch [018] | entropy_ratio=0.0000, diag_mass=1.0000, to_uniform_l2=0.037609, to_identity_l2=0.000000, tau_mean=0.0000, tau_std=0.0000, graph_reg_scale(train/val)=1.0000/1.0000
2026-04-11 08:15:44,064 - INFO - [junyi|junyi_abce_ae_dominant_no_AE|lr=0.003|drop=0.40] [Grad Norms] Epoch [018] | mf_u_proj=0.008472, mf_v_proj=0.020761, b_id_student_proj=0.033739, b_id_item_proj=0.035818, b_bias_scale=0.000001, fusion_gate=0.006283, q_gate_raw=0.000000, skill_latent=0.551131, student_q_proj=0.003813, item_id_adapter=0.119718, relation_emb=0.000000e+00, relation_tau=0.000000e+00, relation_wq=0.000000e+00, relation_wk=0.000000e+00, personal_u=0.000000e+00, personal_v=0.000000e+00, personal_alpha_bias=0.000000e+00, personal_gate_emb=0.000000e+00, personal_gate_student_proj=0.000000e+00, personal_gate_context_proj=0.000000e+00, personal_gate_student_direct=0.000000e+00, personal_gate_context_direct=0.000000e+00, personal_gate_out=0.000000e+00, personal_generator_emb=0.000000e+00, personal_generator_context_proj=0.000000e+00, personal_generator_context_hidden=0.000000e+00, personal_generator_context_to_u=0.000000e+00, personal_generator_context_to_v=0.000000e+00
2026-04-11 08:15:44,353 - INFO - [junyi|junyi_abce_ae_dominant_no_AE|lr=0.003|drop=0.40] -> New best AUC=0.8088 at epoch 18
2026-04-11 08:15:57,324 - INFO - [junyi|junyi_abce_ae_dominant_no_AE|lr=0.003|drop=0.40] Epoch [019/100] | Train: Loss=0.5011, BCE=0.5011, Reg=0.0000, AUC=0.8100, ACC=0.7613, RMSE=0.4066 | Val: Loss=0.4954, BCE=0.4954, Reg=0.0000, AUC=0.8092, ACC=0.7655, RMSE=0.4036
2026-04-11 08:15:57,325 - INFO - [junyi|junyi_abce_ae_dominant_no_AE|lr=0.003|drop=0.40] [Reg Terms] Epoch [019] | Train: graph_entropy=0.000000, graph_diag=0.000000, graph_uniform=0.000000, graph_reg_scale=1.0000, mf_l2=0.000000, delta_ratio=0.000013, personal_sparse=0.000000, alpha_var=0.000000, alpha_collapse=0.000000, reg_bce_ratio=0.0000 | Val: graph_entropy=0.000000, graph_diag=0.000000, graph_uniform=0.000000, graph_reg_scale=1.0000, mf_l2=0.000000, delta_ratio=0.000004, personal_sparse=0.000000, alpha_var=0.000000, alpha_collapse=0.000000, reg_bce_ratio=0.0000
2026-04-11 08:15:57,489 - INFO - [junyi|junyi_abce_ae_dominant_no_AE|lr=0.003|drop=0.40] [Diag][M3] Epoch [019] | residual_abs_mean=0.9788, residual_std=0.3900, mf_abs_mean=0.9788, mf_std=0.3900, gate_mean=0.0705, gate_std=0.0623, q_interaction_abs_mean=0.4828, id_adapter_abs_mean=0.1403, bias_abs_mean=1.0338, B_q_share=0.4932, B_id_share=0.1434, B_bias_share=1.0562, student_q_norm=0.0890, student_id_adapter_norm=0.0432, item_q_norm=0.0253, item_id_adapter_norm=0.0709, irt_abs_mean=1.2378, irt_std=0.8737, delta_abs_mean=0.0725, delta_std=0.0807, delta_over_irt=0.0586, warmup(mf/personal)=1.00/1.00, graph_row_entropy=0.0000, graph_entropy_ratio=0.0000, alpha_mean=0.0000, alpha_std=0.0000, alpha_bias_std=0.0000, personal_row_entropy=0.0000, personal_matrix_delta=0.0000, personal_matrix_student_std=0.0000, personal_delta_pre_softmax_norm=0.0000, personal_delta_student_std=0.0000, alpha_head_std=0.0000
2026-04-11 08:15:57,489 - INFO - [junyi|junyi_abce_ae_dominant_no_AE|lr=0.003|drop=0.40] [Diag][Graph] Epoch [019] | entropy_ratio=0.0000, diag_mass=1.0000, to_uniform_l2=0.037609, to_identity_l2=0.000000, tau_mean=0.0000, tau_std=0.0000, graph_reg_scale(train/val)=1.0000/1.0000
2026-04-11 08:15:57,489 - INFO - [junyi|junyi_abce_ae_dominant_no_AE|lr=0.003|drop=0.40] [Grad Norms] Epoch [019] | mf_u_proj=0.005217, mf_v_proj=0.008367, b_id_student_proj=0.012235, b_id_item_proj=0.013531, b_bias_scale=0.000002, fusion_gate=0.006292, q_gate_raw=0.000000, skill_latent=0.221767, student_q_proj=0.006168, item_id_adapter=0.038700, relation_emb=0.000000e+00, relation_tau=0.000000e+00, relation_wq=0.000000e+00, relation_wk=0.000000e+00, personal_u=0.000000e+00, personal_v=0.000000e+00, personal_alpha_bias=0.000000e+00, personal_gate_emb=0.000000e+00, personal_gate_student_proj=0.000000e+00, personal_gate_context_proj=0.000000e+00, personal_gate_student_direct=0.000000e+00, personal_gate_context_direct=0.000000e+00, personal_gate_out=0.000000e+00, personal_generator_emb=0.000000e+00, personal_generator_context_proj=0.000000e+00, personal_generator_context_hidden=0.000000e+00, personal_generator_context_to_u=0.000000e+00, personal_generator_context_to_v=0.000000e+00
2026-04-11 08:15:57,869 - INFO - [junyi|junyi_abce_ae_dominant_no_AE|lr=0.003|drop=0.40] -> New best AUC=0.8092 at epoch 19
2026-04-11 08:16:11,259 - INFO - [junyi|junyi_abce_ae_dominant_no_AE|lr=0.003|drop=0.40] Epoch [020/100] | Train: Loss=0.5010, BCE=0.5010, Reg=0.0000, AUC=0.8099, ACC=0.7615, RMSE=0.4066 | Val: Loss=0.4962, BCE=0.4962, Reg=0.0000, AUC=0.8085, ACC=0.7659, RMSE=0.4040
2026-04-11 08:16:11,259 - INFO - [junyi|junyi_abce_ae_dominant_no_AE|lr=0.003|drop=0.40] [Reg Terms] Epoch [020] | Train: graph_entropy=0.000000, graph_diag=0.000000, graph_uniform=0.000000, graph_reg_scale=1.0000, mf_l2=0.000000, delta_ratio=0.000011, personal_sparse=0.000000, alpha_var=0.000000, alpha_collapse=0.000000, reg_bce_ratio=0.0000 | Val: graph_entropy=0.000000, graph_diag=0.000000, graph_uniform=0.000000, graph_reg_scale=1.0000, mf_l2=0.000000, delta_ratio=0.000002, personal_sparse=0.000000, alpha_var=0.000000, alpha_collapse=0.000000, reg_bce_ratio=0.0001
2026-04-11 08:16:11,403 - INFO - [junyi|junyi_abce_ae_dominant_no_AE|lr=0.003|drop=0.40] [Diag][M3] Epoch [020] | residual_abs_mean=0.9158, residual_std=0.3752, mf_abs_mean=0.9158, mf_std=0.3752, gate_mean=0.0740, gate_std=0.0627, q_interaction_abs_mean=0.4514, id_adapter_abs_mean=0.1718, bias_abs_mean=1.0201, B_q_share=0.4929, B_id_share=0.1876, B_bias_share=1.1139, student_q_norm=0.0810, student_id_adapter_norm=0.0440, item_q_norm=0.0327, item_id_adapter_norm=0.0699, irt_abs_mean=1.2194, irt_std=0.8872, delta_abs_mean=0.0740, delta_std=0.0810, delta_over_irt=0.0606, warmup(mf/personal)=1.00/1.00, graph_row_entropy=0.0000, graph_entropy_ratio=0.0000, alpha_mean=0.0000, alpha_std=0.0000, alpha_bias_std=0.0000, personal_row_entropy=0.0000, personal_matrix_delta=0.0000, personal_matrix_student_std=0.0000, personal_delta_pre_softmax_norm=0.0000, personal_delta_student_std=0.0000, alpha_head_std=0.0000
2026-04-11 08:16:11,404 - INFO - [junyi|junyi_abce_ae_dominant_no_AE|lr=0.003|drop=0.40] [Diag][Graph] Epoch [020] | entropy_ratio=0.0000, diag_mass=1.0000, to_uniform_l2=0.037609, to_identity_l2=0.000000, tau_mean=0.0000, tau_std=0.0000, graph_reg_scale(train/val)=1.0000/1.0000
2026-04-11 08:16:11,404 - INFO - [junyi|junyi_abce_ae_dominant_no_AE|lr=0.003|drop=0.40] [Grad Norms] Epoch [020] | mf_u_proj=0.006687, mf_v_proj=0.018405, b_id_student_proj=0.012737, b_id_item_proj=0.011902, b_bias_scale=0.000013, fusion_gate=0.006065, q_gate_raw=0.000000, skill_latent=0.139064, student_q_proj=0.020738, item_id_adapter=0.041207, relation_emb=0.000000e+00, relation_tau=0.000000e+00, relation_wq=0.000000e+00, relation_wk=0.000000e+00, personal_u=0.000000e+00, personal_v=0.000000e+00, personal_alpha_bias=0.000000e+00, personal_gate_emb=0.000000e+00, personal_gate_student_proj=0.000000e+00, personal_gate_context_proj=0.000000e+00, personal_gate_student_direct=0.000000e+00, personal_gate_context_direct=0.000000e+00, personal_gate_out=0.000000e+00, personal_generator_emb=0.000000e+00, personal_generator_context_proj=0.000000e+00, personal_generator_context_hidden=0.000000e+00, personal_generator_context_to_u=0.000000e+00, personal_generator_context_to_v=0.000000e+00
2026-04-11 08:16:11,404 - INFO - [junyi|junyi_abce_ae_dominant_no_AE|lr=0.003|drop=0.40] -> No improvement 1 epoch(s) (best AUC=0.8092 @ 19)
2026-04-11 08:16:11,451 - INFO - [junyi|junyi_abce_ae_dominant_no_AE|lr=0.003|drop=0.40] Checkpoint saved: checkpoints/abce_diag/20260411_master_best_ae/junyi/seed42/ae_dominant_no_AE/checkpoint_epoch_20.pth
2026-04-11 08:16:11,590 - INFO - [junyi|junyi_abce_ae_dominant_no_AE|lr=0.003|drop=0.40] [Module Activity] Epoch 20: MF[OK]
2026-04-11 08:16:25,863 - INFO - [junyi|junyi_abce_ae_dominant_no_AE|lr=0.003|drop=0.40] Epoch [021/100] | Train: Loss=0.5007, BCE=0.5007, Reg=0.0000, AUC=0.8103, ACC=0.7619, RMSE=0.4064 | Val: Loss=0.4944, BCE=0.4944, Reg=0.0000, AUC=0.8091, ACC=0.7674, RMSE=0.4033
2026-04-11 08:16:25,863 - INFO - [junyi|junyi_abce_ae_dominant_no_AE|lr=0.003|drop=0.40] [Reg Terms] Epoch [021] | Train: graph_entropy=0.000000, graph_diag=0.000000, graph_uniform=0.000000, graph_reg_scale=1.0000, mf_l2=0.000000, delta_ratio=0.000014, personal_sparse=0.000000, alpha_var=0.000000, alpha_collapse=0.000000, reg_bce_ratio=0.0000 | Val: graph_entropy=0.000000, graph_diag=0.000000, graph_uniform=0.000000, graph_reg_scale=1.0000, mf_l2=0.000000, delta_ratio=0.000000, personal_sparse=0.000000, alpha_var=0.000000, alpha_collapse=0.000000, reg_bce_ratio=0.0000
2026-04-11 08:16:26,043 - INFO - [junyi|junyi_abce_ae_dominant_no_AE|lr=0.003|drop=0.40] [Diag][M3] Epoch [021] | residual_abs_mean=0.9009, residual_std=0.4392, mf_abs_mean=0.9009, mf_std=0.4392, gate_mean=0.0730, gate_std=0.0650, q_interaction_abs_mean=0.5258, id_adapter_abs_mean=0.1262, bias_abs_mean=1.0047, B_q_share=0.5837, B_id_share=0.1401, B_bias_share=1.1152, student_q_norm=0.0858, student_id_adapter_norm=0.0440, item_q_norm=0.0319, item_id_adapter_norm=0.0697, irt_abs_mean=1.2591, irt_std=0.9006, delta_abs_mean=0.0717, delta_std=0.0866, delta_over_irt=0.0569, warmup(mf/personal)=1.00/1.00, graph_row_entropy=0.0000, graph_entropy_ratio=0.0000, alpha_mean=0.0000, alpha_std=0.0000, alpha_bias_std=0.0000, personal_row_entropy=0.0000, personal_matrix_delta=0.0000, personal_matrix_student_std=0.0000, personal_delta_pre_softmax_norm=0.0000, personal_delta_student_std=0.0000, alpha_head_std=0.0000
2026-04-11 08:16:26,043 - INFO - [junyi|junyi_abce_ae_dominant_no_AE|lr=0.003|drop=0.40] [Diag][Graph] Epoch [021] | entropy_ratio=0.0000, diag_mass=1.0000, to_uniform_l2=0.037609, to_identity_l2=0.000000, tau_mean=0.0000, tau_std=0.0000, graph_reg_scale(train/val)=1.0000/1.0000
2026-04-11 08:16:26,043 - INFO - [junyi|junyi_abce_ae_dominant_no_AE|lr=0.003|drop=0.40] [Grad Norms] Epoch [021] | mf_u_proj=0.013205, mf_v_proj=0.018479, b_id_student_proj=0.016542, b_id_item_proj=0.019452, b_bias_scale=0.000000, fusion_gate=0.012347, q_gate_raw=0.000000, skill_latent=0.185247, student_q_proj=0.032112, item_id_adapter=0.049219, relation_emb=0.000000e+00, relation_tau=0.000000e+00, relation_wq=0.000000e+00, relation_wk=0.000000e+00, personal_u=0.000000e+00, personal_v=0.000000e+00, personal_alpha_bias=0.000000e+00, personal_gate_emb=0.000000e+00, personal_gate_student_proj=0.000000e+00, personal_gate_context_proj=0.000000e+00, personal_gate_student_direct=0.000000e+00, personal_gate_context_direct=0.000000e+00, personal_gate_out=0.000000e+00, personal_generator_emb=0.000000e+00, personal_generator_context_proj=0.000000e+00, personal_generator_context_hidden=0.000000e+00, personal_generator_context_to_u=0.000000e+00, personal_generator_context_to_v=0.000000e+00
2026-04-11 08:16:26,043 - INFO - [junyi|junyi_abce_ae_dominant_no_AE|lr=0.003|drop=0.40] -> No improvement 2 epoch(s) (best AUC=0.8092 @ 19)
2026-04-11 08:16:38,674 - INFO - [junyi|junyi_abce_ae_dominant_no_AE|lr=0.003|drop=0.40] Epoch [022/100] | Train: Loss=0.5008, BCE=0.5008, Reg=0.0000, AUC=0.8101, ACC=0.7621, RMSE=0.4064 | Val: Loss=0.4954, BCE=0.4954, Reg=0.0000, AUC=0.8091, ACC=0.7682, RMSE=0.4037
2026-04-11 08:16:38,675 - INFO - [junyi|junyi_abce_ae_dominant_no_AE|lr=0.003|drop=0.40] [Reg Terms] Epoch [022] | Train: graph_entropy=0.000000, graph_diag=0.000000, graph_uniform=0.000000, graph_reg_scale=1.0000, mf_l2=0.000000, delta_ratio=0.000012, personal_sparse=0.000000, alpha_var=0.000000, alpha_collapse=0.000000, reg_bce_ratio=0.0000 | Val: graph_entropy=0.000000, graph_diag=0.000000, graph_uniform=0.000000, graph_reg_scale=1.0000, mf_l2=0.000000, delta_ratio=0.000000, personal_sparse=0.000000, alpha_var=0.000000, alpha_collapse=0.000000, reg_bce_ratio=0.0000
2026-04-11 08:16:38,837 - INFO - [junyi|junyi_abce_ae_dominant_no_AE|lr=0.003|drop=0.40] [Diag][M3] Epoch [022] | residual_abs_mean=0.9109, residual_std=0.4133, mf_abs_mean=0.9109, mf_std=0.4133, gate_mean=0.0733, gate_std=0.0631, q_interaction_abs_mean=0.4802, id_adapter_abs_mean=0.1501, bias_abs_mean=0.9978, B_q_share=0.5271, B_id_share=0.1648, B_bias_share=1.0953, student_q_norm=0.0791, student_id_adapter_norm=0.0500, item_q_norm=0.0322, item_id_adapter_norm=0.0700, irt_abs_mean=1.2343, irt_std=0.9072, delta_abs_mean=0.0723, delta_std=0.0828, delta_over_irt=0.0586, warmup(mf/personal)=1.00/1.00, graph_row_entropy=0.0000, graph_entropy_ratio=0.0000, alpha_mean=0.0000, alpha_std=0.0000, alpha_bias_std=0.0000, personal_row_entropy=0.0000, personal_matrix_delta=0.0000, personal_matrix_student_std=0.0000, personal_delta_pre_softmax_norm=0.0000, personal_delta_student_std=0.0000, alpha_head_std=0.0000
2026-04-11 08:16:38,837 - INFO - [junyi|junyi_abce_ae_dominant_no_AE|lr=0.003|drop=0.40] [Diag][Graph] Epoch [022] | entropy_ratio=0.0000, diag_mass=1.0000, to_uniform_l2=0.037609, to_identity_l2=0.000000, tau_mean=0.0000, tau_std=0.0000, graph_reg_scale(train/val)=1.0000/1.0000
2026-04-11 08:16:38,837 - INFO - [junyi|junyi_abce_ae_dominant_no_AE|lr=0.003|drop=0.40] [Grad Norms] Epoch [022] | mf_u_proj=0.008622, mf_v_proj=0.011448, b_id_student_proj=0.033292, b_id_item_proj=0.032304, b_bias_scale=0.000005, fusion_gate=0.010957, q_gate_raw=0.000000, skill_latent=0.903820, student_q_proj=0.028285, item_id_adapter=0.114223, relation_emb=0.000000e+00, relation_tau=0.000000e+00, relation_wq=0.000000e+00, relation_wk=0.000000e+00, personal_u=0.000000e+00, personal_v=0.000000e+00, personal_alpha_bias=0.000000e+00, personal_gate_emb=0.000000e+00, personal_gate_student_proj=0.000000e+00, personal_gate_context_proj=0.000000e+00, personal_gate_student_direct=0.000000e+00, personal_gate_context_direct=0.000000e+00, personal_gate_out=0.000000e+00, personal_generator_emb=0.000000e+00, personal_generator_context_proj=0.000000e+00, personal_generator_context_hidden=0.000000e+00, personal_generator_context_to_u=0.000000e+00, personal_generator_context_to_v=0.000000e+00
2026-04-11 08:16:38,837 - INFO - [junyi|junyi_abce_ae_dominant_no_AE|lr=0.003|drop=0.40] -> No improvement 3 epoch(s) (best AUC=0.8092 @ 19)
2026-04-11 08:16:38,837 - INFO - [junyi|junyi_abce_ae_dominant_no_AE|lr=0.003|drop=0.40] Early stopping at epoch 22 (best AUC=0.8092 @ 19)
2026-04-11 08:16:38,845 - INFO - Epoch-wise metrics saved to checkpoints/abce_diag/20260411_master_best_ae/junyi/seed42/ae_dominant_no_AE/metrics_history.csv
2026-04-11 08:16:38,847 - INFO - [junyi|junyi_abce_ae_dominant_no_AE|lr=0.003|drop=0.40] Training completed! Best Val AUC=0.8092 @ epoch 19
2026-04-11 08:16:38,991 - INFO - 
============================================================
         MODULE ACTIVITY REPORT
============================================================
Dataset: junyi | Seed: 42 | Epoch: 22

1. Concept Graph Module:
   - Status: DISABLED (use_concept_graph=False or ablate_concept_graph=True)

2. Personal Graph Module:
   - Status: DISABLED (use_personal_graph=False)

3. Skill/MF Module:
   - MF logit |mean|: 0.9267
   - MF logit std: 0.4058
   - Fusion gate mean: 0.073
   - Status: ACTIVE (contributing to predictions)

------------------------------------------------------------
SUMMARY:
   Active modules: Skill/MF
   All enabled modules are functioning properly!
============================================================
2026-04-11 08:16:38,992 - INFO - [junyi|junyi_abce_ae_dominant_no_AE|lr=0.003|drop=0.40] Module activity saved to checkpoints/abce_diag/20260411_master_best_ae/junyi/seed42/ae_dominant_no_AE/module_activity.json
2026-04-11 08:16:39,052 - INFO - Using device: cuda:0 (physical gpu 2)
2026-04-11 08:16:39,052 - INFO - Loading model from checkpoints/abce_diag/20260411_master_best_ae/junyi/seed42/ae_dominant_no_AE/best_model.pth...
2026-04-11 08:16:39,158 - INFO - Inference switches: ablate_module1=False, ablate_module2=False, ablate_module3=False | enable_module1=True, enable_module2=True, enable_module3=True | use_mf_branch=True, use_concept_graph=False, use_q_aligned_residual=True | effective(num_gnn_layers=0)
2026-04-11 08:16:39,203 - INFO - [Inference] Ablation runtime check: args(ablate_module1=False,ablate_module2=False,ablate_module3=False) | model(enable_module1=True,enable_module2=True,enable_module3=True) | physical(has_knowledge_encoder=True,has_mf_branch=True)
2026-04-11 08:16:39,204 - INFO - [Inference] [Module3 Init] fusion_gate_bias=-2.4000, fusion_gate_max=0.2500, implied_gate=0.0208, q_gate=0.5000, mf_scale=0.0000, bias_scale=0.2221, graph_tau_mean=0.0000, graph_tau_std=0.0000, graph_dropout=0.000
2026-04-11 08:16:39,205 - INFO - Model loaded from epoch 19. Start testing...
2026-04-11 08:16:39,909 - INFO - [Test] 200/262 batches done, samples=51200
2026-04-11 08:16:40,134 - INFO - 
==================================================
2026-04-11 08:16:40,134 - INFO - Test Results:
2026-04-11 08:16:40,134 - INFO - AUC: 0.8160
2026-04-11 08:16:40,134 - INFO - ACC: 0.7589
2026-04-11 08:16:40,134 - INFO - RMSE: 0.4079
2026-04-11 08:16:40,134 - INFO - ==================================================
2026-04-11 08:16:40,152 - INFO - Summary appended to /home/zsh/ConceptSkillCDM/results/experiment_results.csv
2026-04-11 08:16:40,155 - INFO - Run completed.
2026-04-11 08:16:40,155 - INFO - Best validation AUC: 0.8092 at epoch 19
2026-04-11 08:16:40,155 - INFO - Test metrics - AUC: 0.8160, ACC: 0.7589, RMSE: 0.4079
