2026-02-12 22:13:41,684 - INFO - Arguments:
2026-02-12 22:13:41,684 - INFO -   ablate_concept_graph: False
2026-02-12 22:13:41,684 - INFO -   ablate_module1: False
2026-02-12 22:13:41,684 - INFO -   ablate_module2: False
2026-02-12 22:13:41,684 - INFO -   ablate_module3: False
2026-02-12 22:13:41,684 - INFO -   ablate_skill_encoder: False
2026-02-12 22:13:41,684 - INFO -   ablate_soft_prototype: True
2026-02-12 22:13:41,684 - INFO -   allow_self_loop: True
2026-02-12 22:13:41,684 - INFO -   batch_size: 256
2026-02-12 22:13:41,684 - INFO -   data_dir: ./data/junyi
2026-02-12 22:13:41,684 - INFO -   dataset_name: junyi
2026-02-12 22:13:41,684 - INFO -   debug_module3_diag: True
2026-02-12 22:13:41,684 - INFO -   diag_batches: 1
2026-02-12 22:13:41,684 - INFO -   disable_q_aligned_residual: False
2026-02-12 22:13:41,684 - INFO -   disable_q_conditioning: False
2026-02-12 22:13:41,684 - INFO -   disable_self_loop: False
2026-02-12 22:13:41,684 - INFO -   disable_soft_prototype: True
2026-02-12 22:13:41,684 - INFO -   dropout: 0.4
2026-02-12 22:13:41,684 - INFO -   early_stop_patience: 3
2026-02-12 22:13:41,684 - INFO -   enable_module1: True
2026-02-12 22:13:41,684 - INFO -   enable_module2: True
2026-02-12 22:13:41,684 - INFO -   enable_module3: True
2026-02-12 22:13:41,684 - INFO -   enable_soft_prototype: False
2026-02-12 22:13:41,684 - INFO -   epochs: 50
2026-02-12 22:13:41,684 - INFO -   exercise_dim: 128
2026-02-12 22:13:41,684 - INFO -   exercise_l2_lambda: 5e-05
2026-02-12 22:13:41,684 - INFO -   fusion_gate_bias_init: -1.1
2026-02-12 22:13:41,684 - INFO -   fusion_gate_max: 1.0
2026-02-12 22:13:41,684 - INFO -   generate_diagnosis: False
2026-02-12 22:13:41,684 - INFO -   gnn_residual_weight: 0.5
2026-02-12 22:13:41,684 - INFO -   gpu_candidates: None
2026-02-12 22:13:41,684 - INFO -   gpu_ids: None
2026-02-12 22:13:41,684 - INFO -   gpu_memory_threshold: 2000
2026-02-12 22:13:41,684 - INFO -   gpus: None
2026-02-12 22:13:41,684 - INFO -   graph_dropout: -1.0
2026-02-12 22:13:41,684 - INFO -   graph_entropy_max: 0.7
2026-02-12 22:13:41,685 - INFO -   graph_entropy_min: 0.15
2026-02-12 22:13:41,685 - INFO -   graph_reg_cap_ratio: 6.0
2026-02-12 22:13:41,685 - INFO -   graph_reg_warmup_epochs: 1
2026-02-12 22:13:41,685 - INFO -   graph_tau_init: 1.0
2026-02-12 22:13:41,685 - INFO -   graph_topk: None
2026-02-12 22:13:41,685 - INFO -   graph_uniform_margin: 0.12
2026-02-12 22:13:41,685 - INFO -   knowledge_dim: 128
2026-02-12 22:13:41,685 - INFO -   lambda_alpha: 0.01
2026-02-12 22:13:41,685 - INFO -   lambda_graph_diag: 0.12
2026-02-12 22:13:41,685 - INFO -   lambda_graph_uniform: 0.06
2026-02-12 22:13:41,685 - INFO -   lambda_proto_div: 0.0
2026-02-12 22:13:41,685 - INFO -   lambda_proto_usage: 0.0
2026-02-12 22:13:41,685 - INFO -   lambda_sparse: 0.01
2026-02-12 22:13:41,685 - INFO -   lambda_sparse_personal: 0.005
2026-02-12 22:13:41,685 - INFO -   learning_rate: 0.003
2026-02-12 22:13:41,685 - INFO -   log_dir: logs/junyi_m3grid/seed42/sparse_0p01_full
2026-02-12 22:13:41,685 - INFO -   min_exer_interactions: 0
2026-02-12 22:13:41,685 - INFO -   min_poison_count: 0
2026-02-12 22:13:41,685 - INFO -   min_stu_interactions: 15
2026-02-12 22:13:41,685 - INFO -   model_variant: junyi_m3grid_sparse_0p01_full
2026-02-12 22:13:41,685 - INFO -   multi_gpu: False
2026-02-12 22:13:41,685 - INFO -   no_cuda: False
2026-02-12 22:13:41,685 - INFO -   num_gnn_layers: 2
2026-02-12 22:13:41,685 - INFO -   num_gpus: 1
2026-02-12 22:13:41,685 - INFO -   num_prototypes: 0
2026-02-12 22:13:41,685 - INFO -   num_relation_heads: 2
2026-02-12 22:13:41,685 - INFO -   num_workers: 4
2026-02-12 22:13:41,685 - INFO -   patience: 1
2026-02-12 22:13:41,685 - INFO -   personal_rank: 4
2026-02-12 22:13:41,685 - INFO -   proto_lambda: 0.0
2026-02-12 22:13:41,685 - INFO -   proto_tau: 1.0
2026-02-12 22:13:41,685 - INFO -   residual_clip_t: 2.0
2026-02-12 22:13:41,685 - INFO -   residual_scale_init: 0.1
2026-02-12 22:13:41,685 - INFO -   save_dir: checkpoints/junyi_m3grid/seed42/sparse_0p01_full
2026-02-12 22:13:41,685 - INFO -   save_interval: 10
2026-02-12 22:13:41,685 - INFO -   seed: 42
2026-02-12 22:13:41,685 - INFO -   skill_dim: 64
2026-02-12 22:13:41,685 - INFO -   use_concept_graph: True
2026-02-12 22:13:41,685 - INFO -   use_exercise_graph: True
2026-02-12 22:13:41,685 - INFO -   use_mf_branch: True
2026-02-12 22:13:41,685 - INFO -   use_personal_graph: True
2026-02-12 22:13:41,685 - INFO -   use_q_aligned_residual: True
2026-02-12 22:13:41,686 - INFO -   use_q_conditioning: True
2026-02-12 22:13:41,686 - INFO -   use_skill_encoder: True
2026-02-12 22:13:41,686 - INFO -   use_soft_prototype: False
2026-02-12 22:13:41,686 - INFO -   use_soft_prototype_main_path: False
2026-02-12 22:13:41,686 - INFO -   weight_decay: 0.001
2026-02-12 22:13:41,772 - INFO - Using device: cuda:0
2026-02-12 22:13:41,772 - INFO - [junyi|junyi_m3grid_sparse_0p01_full|lr=0.003|drop=0.40] Loading datasets...
2026-02-12 22:13:41,772 - INFO - [junyi|junyi_m3grid_sparse_0p01_full|lr=0.003|drop=0.40] Regularization: graph_entropy(lambda_sparse)=0.010000, graph_diag=0.120000, graph_uniform=0.060000, proto_div=0.000000, proto_usage=0.000000, personal_sparse=0.005000, alpha_penalty=0.010000, mf_l2(exercise_l2_lambda)=0.000050
2026-02-12 22:13:41,772 - INFO - [junyi|junyi_m3grid_sparse_0p01_full|lr=0.003|drop=0.40] Graph controls: entropy_band=[0.15, 0.70], uniform_margin=0.12, warmup_epochs=1, cap_ratio=6.00, graph_dropout=-1.000, graph_tau_init=1.000
2026-02-12 22:13:41,861 - INFO - [数据清洗] 学生交互次数 < 15 次的学生：共移除 0 个学生（仅统计用户数）
2026-02-12 22:13:41,872 - INFO - [数据清洗] 学生冷启动过滤：在 train/valid/test 中共删除 0 条记录。
2026-02-12 22:13:41,872 - INFO - [数据清洗] 跳过题目冷门过滤（min_exer_interactions <= 0）。
2026-02-12 22:13:41,872 - INFO - [数据清洗] 跳过毒题清洗（min_poison_count <= 0）。
2026-02-12 22:13:51,227 - INFO - [junyi|junyi_m3grid_sparse_0p01_full|lr=0.003|drop=0.40] Train samples: 262473, Val samples: 24299
2026-02-12 22:13:51,228 - INFO - [junyi|junyi_m3grid_sparse_0p01_full|lr=0.003|drop=0.40] Number of students: 10000
2026-02-12 22:13:51,228 - INFO - [junyi|junyi_m3grid_sparse_0p01_full|lr=0.003|drop=0.40] Number of exercises: 706
2026-02-12 22:13:51,228 - INFO - [junyi|junyi_m3grid_sparse_0p01_full|lr=0.003|drop=0.40] Number of concepts: 706
2026-02-12 22:13:51,228 - INFO - [junyi|junyi_m3grid_sparse_0p01_full|lr=0.003|drop=0.40] Creating model...
2026-02-12 22:13:51,228 - INFO - [junyi|junyi_m3grid_sparse_0p01_full|lr=0.003|drop=0.40] Ablation switches: ablate_module1=False, ablate_module2=False, ablate_module3=False | enable_module1=True, enable_module2=True, enable_module3=True | use_soft_prototype=False, use_mf_branch=True, use_concept_graph=True, use_q_aligned_residual=True, use_soft_prototype_main_path=False | effective(num_gnn_layers=2, num_prototypes=0)
2026-02-12 22:13:51,403 - INFO - [junyi|junyi_m3grid_sparse_0p01_full|lr=0.003|drop=0.40] Ablation runtime check: args(ablate_module1=False,ablate_module2=False,ablate_module3=False) | model(enable_module1=True,enable_module2=True,enable_module3=True) | physical(has_knowledge_encoder=True,has_mf_branch=True,has_soft_prototype=False)
2026-02-12 22:13:51,403 - INFO - [junyi|junyi_m3grid_sparse_0p01_full|lr=0.003|drop=0.40] Debug diagnostics enabled: diag_batches=1
2026-02-12 22:13:51,428 - INFO - [junyi|junyi_m3grid_sparse_0p01_full|lr=0.003|drop=0.40] [Module3 Init] fusion_gate_bias=-1.1000, fusion_gate_max=1.0000, implied_gate=0.2497, q_gate=0.5000, mf_scale=0.1000, bias_scale=0.1000, graph_tau_mean=1.3133, graph_tau_std=0.0000, graph_dropout=0.400
2026-02-12 22:13:51,429 - INFO - [junyi|junyi_m3grid_sparse_0p01_full|lr=0.003|drop=0.40] Total parameters: 3,079,270
2026-02-12 22:13:51,429 - INFO - [junyi|junyi_m3grid_sparse_0p01_full|lr=0.003|drop=0.40] Trainable parameters: 3,079,270
2026-02-12 22:13:52,256 - INFO - [junyi|junyi_m3grid_sparse_0p01_full|lr=0.003|drop=0.40] Starting training...
2026-02-12 22:16:23,237 - INFO - [junyi|junyi_m3grid_sparse_0p01_full|lr=0.003|drop=0.40] Epoch [001/50] | Train: Loss=0.6322, BCE=0.5899, Reg=0.0423, AUC=0.7267, ACC=0.7057, RMSE=0.4493 | Val: Loss=0.6217, BCE=0.5786, Reg=0.0432, AUC=0.7406, ACC=0.6823, RMSE=0.4432
2026-02-12 22:16:23,237 - INFO - [junyi|junyi_m3grid_sparse_0p01_full|lr=0.003|drop=0.40] [Reg Terms] Epoch [001] | Train: graph_entropy=0.002221, graph_diag=0.000170, graph_uniform=0.007131, graph_reg_scale=1.0000, mf_l2=0.000000, proto_div=0.000000, proto_usage=0.000000, personal_sparse=0.032798, alpha_var=-0.000000, reg_bce_ratio=0.0717 | Val: graph_entropy=0.003000, graph_diag=0.000170, graph_uniform=0.007200, graph_reg_scale=1.0000, mf_l2=0.000000, proto_div=0.000000, proto_usage=0.000000, personal_sparse=0.032798, alpha_var=-0.000000, reg_bce_ratio=0.0746
2026-02-12 22:16:24,311 - INFO - [junyi|junyi_m3grid_sparse_0p01_full|lr=0.003|drop=0.40] [Diag][M3] Epoch [001] | residual_abs_mean=0.1837, residual_std=0.1187, mf_abs_mean=0.1837, mf_std=0.1187, gate_mean=0.5016, gate_std=0.0018, irt_abs_mean=0.6643, irt_std=0.4074, delta_abs_mean=0.0922, delta_std=0.0596, delta_over_irt=0.1387, graph_row_entropy=6.5596, graph_entropy_ratio=1.0000, alpha_mean=0.5000, alpha_std=0.0000, personal_row_entropy=6.5596
2026-02-12 22:16:24,312 - INFO - [junyi|junyi_m3grid_sparse_0p01_full|lr=0.003|drop=0.40] [Diag][Graph] Epoch [001] | entropy_ratio=1.0000, diag_mass=0.0014, to_uniform_l2=0.000000, to_identity_l2=0.037609, tau_mean=0.6936, tau_std=0.0000, graph_reg_scale(train/val)=1.0000/1.0000
2026-02-12 22:16:24,312 - INFO - [junyi|junyi_m3grid_sparse_0p01_full|lr=0.003|drop=0.40] [Grad Norms] Epoch [001] | mf_u_proj=0.044754, mf_v_proj=0.048523, fusion_gate=0.000459, q_gate_raw=0.000107, skill_latent=4.976804, relation_emb=2.981634e-01, relation_tau=0.000000e+00, relation_wq=0.000000e+00, relation_wk=0.000000e+00, personal_u=7.667483e-17, personal_v=3.123450e-19
2026-02-12 22:16:24,436 - INFO - [junyi|junyi_m3grid_sparse_0p01_full|lr=0.003|drop=0.40] -> New best AUC=0.7406 at epoch 1
2026-02-12 22:18:54,949 - INFO - [junyi|junyi_m3grid_sparse_0p01_full|lr=0.003|drop=0.40] Epoch [002/50] | Train: Loss=0.5887, BCE=0.5464, Reg=0.0423, AUC=0.7585, ACC=0.7222, RMSE=0.4289 | Val: Loss=0.5531, BCE=0.5100, Reg=0.0432, AUC=0.7960, ACC=0.7567, RMSE=0.4104
2026-02-12 22:18:54,949 - INFO - [junyi|junyi_m3grid_sparse_0p01_full|lr=0.003|drop=0.40] [Reg Terms] Epoch [002] | Train: graph_entropy=0.002221, graph_diag=0.000170, graph_uniform=0.007131, graph_reg_scale=1.0000, mf_l2=0.000000, proto_div=0.000000, proto_usage=0.000000, personal_sparse=0.032798, alpha_var=-0.000000, reg_bce_ratio=0.0774 | Val: graph_entropy=0.003000, graph_diag=0.000170, graph_uniform=0.007200, graph_reg_scale=1.0000, mf_l2=0.000000, proto_div=0.000000, proto_usage=0.000000, personal_sparse=0.032798, alpha_var=-0.000000, reg_bce_ratio=0.0846
2026-02-12 22:18:56,009 - INFO - [junyi|junyi_m3grid_sparse_0p01_full|lr=0.003|drop=0.40] [Diag][M3] Epoch [002] | residual_abs_mean=0.1616, residual_std=0.1039, mf_abs_mean=0.1616, mf_std=0.1039, gate_mean=0.3020, gate_std=0.0709, irt_abs_mean=1.6116, irt_std=0.9371, delta_abs_mean=0.0488, delta_std=0.0344, delta_over_irt=0.0303, graph_row_entropy=6.5596, graph_entropy_ratio=1.0000, alpha_mean=0.5009, alpha_std=0.0000, personal_row_entropy=6.5596
2026-02-12 22:18:56,009 - INFO - [junyi|junyi_m3grid_sparse_0p01_full|lr=0.003|drop=0.40] [Diag][Graph] Epoch [002] | entropy_ratio=1.0000, diag_mass=0.0014, to_uniform_l2=0.000000, to_identity_l2=0.037609, tau_mean=0.6931, tau_std=0.0000, graph_reg_scale(train/val)=1.0000/1.0000
2026-02-12 22:18:56,010 - INFO - [junyi|junyi_m3grid_sparse_0p01_full|lr=0.003|drop=0.40] [Grad Norms] Epoch [002] | mf_u_proj=0.025526, mf_v_proj=0.020922, fusion_gate=0.001430, q_gate_raw=0.000001, skill_latent=0.186450, relation_emb=3.765842e-01, relation_tau=4.614760e-16, relation_wq=1.159791e-09, relation_wk=8.563715e-10, personal_u=2.882613e-19, personal_v=1.925404e-19
2026-02-12 22:18:56,276 - INFO - [junyi|junyi_m3grid_sparse_0p01_full|lr=0.003|drop=0.40] -> New best AUC=0.7960 at epoch 2
2026-02-12 22:21:26,854 - INFO - [junyi|junyi_m3grid_sparse_0p01_full|lr=0.003|drop=0.40] Epoch [003/50] | Train: Loss=0.5566, BCE=0.5143, Reg=0.0423, AUC=0.7937, ACC=0.7498, RMSE=0.4132 | Val: Loss=0.5427, BCE=0.4996, Reg=0.0432, AUC=0.8046, ACC=0.7600, RMSE=0.4062
2026-02-12 22:21:26,855 - INFO - [junyi|junyi_m3grid_sparse_0p01_full|lr=0.003|drop=0.40] [Reg Terms] Epoch [003] | Train: graph_entropy=0.002221, graph_diag=0.000170, graph_uniform=0.007131, graph_reg_scale=1.0000, mf_l2=0.000000, proto_div=0.000000, proto_usage=0.000000, personal_sparse=0.032798, alpha_var=-0.000000, reg_bce_ratio=0.0823 | Val: graph_entropy=0.003000, graph_diag=0.000170, graph_uniform=0.007200, graph_reg_scale=1.0000, mf_l2=0.000000, proto_div=0.000000, proto_usage=0.000000, personal_sparse=0.032798, alpha_var=-0.000000, reg_bce_ratio=0.0864
2026-02-12 22:21:27,939 - INFO - [junyi|junyi_m3grid_sparse_0p01_full|lr=0.003|drop=0.40] [Diag][M3] Epoch [003] | residual_abs_mean=0.1703, residual_std=0.1183, mf_abs_mean=0.1703, mf_std=0.1183, gate_mean=0.2934, gate_std=0.0614, irt_abs_mean=1.4662, irt_std=0.8880, delta_abs_mean=0.0496, delta_std=0.0364, delta_over_irt=0.0338, graph_row_entropy=6.5596, graph_entropy_ratio=1.0000, alpha_mean=0.5009, alpha_std=0.0000, personal_row_entropy=6.5596
2026-02-12 22:21:27,939 - INFO - [junyi|junyi_m3grid_sparse_0p01_full|lr=0.003|drop=0.40] [Diag][Graph] Epoch [003] | entropy_ratio=1.0000, diag_mass=0.0014, to_uniform_l2=0.000000, to_identity_l2=0.037609, tau_mean=0.6931, tau_std=0.0000, graph_reg_scale(train/val)=1.0000/1.0000
2026-02-12 22:21:27,940 - WARNING - [junyi|junyi_m3grid_sparse_0p01_full|lr=0.003|drop=0.40] [Diag Warning] alpha_std has been near zero for 3 epoch(s) (alpha_std=0.000000, personal_row_entropy=6.5596). This indicates personal-graph mixing may be collapsed/trivial.
2026-02-12 22:21:27,940 - WARNING - [junyi|junyi_m3grid_sparse_0p01_full|lr=0.003|drop=0.40] [Diag Warning][Graph] graph entropy ratio has stayed too high for 3 epoch(s): entropy_ratio=1.0000, to_uniform_l2=0.000000
2026-02-12 22:21:27,940 - INFO - [junyi|junyi_m3grid_sparse_0p01_full|lr=0.003|drop=0.40] [Grad Norms] Epoch [003] | mf_u_proj=0.029316, mf_v_proj=0.026375, fusion_gate=0.002063, q_gate_raw=0.000003, skill_latent=0.385186, relation_emb=3.278601e-01, relation_tau=9.204012e-15, relation_wq=2.049408e-09, relation_wk=1.670180e-09, personal_u=1.061821e-14, personal_v=7.233956e-15
2026-02-12 22:21:28,189 - INFO - [junyi|junyi_m3grid_sparse_0p01_full|lr=0.003|drop=0.40] -> New best AUC=0.8046 at epoch 3
2026-02-12 22:23:58,690 - INFO - [junyi|junyi_m3grid_sparse_0p01_full|lr=0.003|drop=0.40] Epoch [004/50] | Train: Loss=0.5502, BCE=0.5079, Reg=0.0423, AUC=0.7997, ACC=0.7538, RMSE=0.4101 | Val: Loss=0.5404, BCE=0.4973, Reg=0.0432, AUC=0.8054, ACC=0.7659, RMSE=0.4041
2026-02-12 22:23:58,691 - INFO - [junyi|junyi_m3grid_sparse_0p01_full|lr=0.003|drop=0.40] [Reg Terms] Epoch [004] | Train: graph_entropy=0.002220, graph_diag=0.000170, graph_uniform=0.007131, graph_reg_scale=1.0000, mf_l2=0.000000, proto_div=0.000000, proto_usage=0.000000, personal_sparse=0.032798, alpha_var=-0.000000, reg_bce_ratio=0.0833 | Val: graph_entropy=0.003000, graph_diag=0.000170, graph_uniform=0.007200, graph_reg_scale=1.0000, mf_l2=0.000000, proto_div=0.000000, proto_usage=0.000000, personal_sparse=0.032798, alpha_var=-0.000000, reg_bce_ratio=0.0868
2026-02-12 22:23:59,810 - INFO - [junyi|junyi_m3grid_sparse_0p01_full|lr=0.003|drop=0.40] [Diag][M3] Epoch [004] | residual_abs_mean=0.1914, residual_std=0.1245, mf_abs_mean=0.1914, mf_std=0.1245, gate_mean=0.2750, gate_std=0.0776, irt_abs_mean=1.6222, irt_std=0.9619, delta_abs_mean=0.0529, delta_std=0.0398, delta_over_irt=0.0326, graph_row_entropy=6.5596, graph_entropy_ratio=1.0000, alpha_mean=0.5015, alpha_std=0.0000, personal_row_entropy=6.5596
2026-02-12 22:23:59,810 - INFO - [junyi|junyi_m3grid_sparse_0p01_full|lr=0.003|drop=0.40] [Diag][Graph] Epoch [004] | entropy_ratio=1.0000, diag_mass=0.0014, to_uniform_l2=0.000000, to_identity_l2=0.037609, tau_mean=0.6931, tau_std=0.0000, graph_reg_scale(train/val)=1.0000/1.0000
2026-02-12 22:23:59,810 - WARNING - [junyi|junyi_m3grid_sparse_0p01_full|lr=0.003|drop=0.40] [Diag Warning] alpha_std has been near zero for 4 epoch(s) (alpha_std=0.000000, personal_row_entropy=6.5596). This indicates personal-graph mixing may be collapsed/trivial.
2026-02-12 22:23:59,810 - WARNING - [junyi|junyi_m3grid_sparse_0p01_full|lr=0.003|drop=0.40] [Diag Warning][Graph] graph entropy ratio has stayed too high for 4 epoch(s): entropy_ratio=1.0000, to_uniform_l2=0.000000
2026-02-12 22:23:59,810 - INFO - [junyi|junyi_m3grid_sparse_0p01_full|lr=0.003|drop=0.40] [Grad Norms] Epoch [004] | mf_u_proj=0.027838, mf_v_proj=0.029625, fusion_gate=0.001927, q_gate_raw=0.000023, skill_latent=1.647943, relation_emb=3.430911e-01, relation_tau=8.390813e-15, relation_wq=7.346639e-10, relation_wk=7.775116e-10, personal_u=2.892002e-14, personal_v=4.803808e-14
2026-02-12 22:24:00,112 - INFO - [junyi|junyi_m3grid_sparse_0p01_full|lr=0.003|drop=0.40] -> New best AUC=0.8054 at epoch 4
2026-02-12 22:26:30,423 - INFO - [junyi|junyi_m3grid_sparse_0p01_full|lr=0.003|drop=0.40] Epoch [005/50] | Train: Loss=0.5467, BCE=0.5044, Reg=0.0423, AUC=0.8033, ACC=0.7564, RMSE=0.4084 | Val: Loss=0.5364, BCE=0.4932, Reg=0.0432, AUC=0.8087, ACC=0.7661, RMSE=0.4026
2026-02-12 22:26:30,423 - INFO - [junyi|junyi_m3grid_sparse_0p01_full|lr=0.003|drop=0.40] [Reg Terms] Epoch [005] | Train: graph_entropy=0.002220, graph_diag=0.000170, graph_uniform=0.007131, graph_reg_scale=1.0000, mf_l2=0.000000, proto_div=0.000000, proto_usage=0.000000, personal_sparse=0.032798, alpha_var=-0.000000, reg_bce_ratio=0.0839 | Val: graph_entropy=0.003000, graph_diag=0.000170, graph_uniform=0.007200, graph_reg_scale=1.0000, mf_l2=0.000000, proto_div=0.000000, proto_usage=0.000000, personal_sparse=0.032798, alpha_var=-0.000000, reg_bce_ratio=0.0875
2026-02-12 22:26:31,493 - INFO - [junyi|junyi_m3grid_sparse_0p01_full|lr=0.003|drop=0.40] [Diag][M3] Epoch [005] | residual_abs_mean=0.1887, residual_std=0.1172, mf_abs_mean=0.1887, mf_std=0.1172, gate_mean=0.2938, gate_std=0.0727, irt_abs_mean=1.6168, irt_std=0.9122, delta_abs_mean=0.0560, delta_std=0.0393, delta_over_irt=0.0347, graph_row_entropy=6.5596, graph_entropy_ratio=1.0000, alpha_mean=0.4986, alpha_std=0.0000, personal_row_entropy=6.5596
2026-02-12 22:26:31,494 - INFO - [junyi|junyi_m3grid_sparse_0p01_full|lr=0.003|drop=0.40] [Diag][Graph] Epoch [005] | entropy_ratio=1.0000, diag_mass=0.0014, to_uniform_l2=0.000000, to_identity_l2=0.037609, tau_mean=0.6931, tau_std=0.0000, graph_reg_scale(train/val)=1.0000/1.0000
2026-02-12 22:26:31,494 - WARNING - [junyi|junyi_m3grid_sparse_0p01_full|lr=0.003|drop=0.40] [Diag Warning] alpha_std has been near zero for 5 epoch(s) (alpha_std=0.000000, personal_row_entropy=6.5596). This indicates personal-graph mixing may be collapsed/trivial.
2026-02-12 22:26:31,494 - WARNING - [junyi|junyi_m3grid_sparse_0p01_full|lr=0.003|drop=0.40] [Diag Warning][Graph] graph entropy ratio has stayed too high for 5 epoch(s): entropy_ratio=1.0000, to_uniform_l2=0.000000
2026-02-12 22:26:31,494 - INFO - [junyi|junyi_m3grid_sparse_0p01_full|lr=0.003|drop=0.40] [Grad Norms] Epoch [005] | mf_u_proj=0.022821, mf_v_proj=0.020124, fusion_gate=0.001541, q_gate_raw=0.000001, skill_latent=1.822222, relation_emb=3.372492e-01, relation_tau=5.334341e-14, relation_wq=1.481714e-09, relation_wk=1.605371e-09, personal_u=6.690468e-15, personal_v=1.033911e-14
2026-02-12 22:26:31,750 - INFO - [junyi|junyi_m3grid_sparse_0p01_full|lr=0.003|drop=0.40] -> New best AUC=0.8087 at epoch 5
2026-02-12 22:29:01,661 - INFO - [junyi|junyi_m3grid_sparse_0p01_full|lr=0.003|drop=0.40] Epoch [006/50] | Train: Loss=0.5451, BCE=0.5028, Reg=0.0423, AUC=0.8049, ACC=0.7571, RMSE=0.4076 | Val: Loss=0.5409, BCE=0.4977, Reg=0.0432, AUC=0.8087, ACC=0.7657, RMSE=0.4039
2026-02-12 22:29:01,662 - INFO - [junyi|junyi_m3grid_sparse_0p01_full|lr=0.003|drop=0.40] [Reg Terms] Epoch [006] | Train: graph_entropy=0.002221, graph_diag=0.000170, graph_uniform=0.007131, graph_reg_scale=1.0000, mf_l2=0.000000, proto_div=0.000000, proto_usage=0.000000, personal_sparse=0.032798, alpha_var=-0.000000, reg_bce_ratio=0.0842 | Val: graph_entropy=0.003000, graph_diag=0.000170, graph_uniform=0.007200, graph_reg_scale=1.0000, mf_l2=0.000000, proto_div=0.000000, proto_usage=0.000000, personal_sparse=0.032798, alpha_var=-0.000000, reg_bce_ratio=0.0867
2026-02-12 22:29:02,736 - INFO - [junyi|junyi_m3grid_sparse_0p01_full|lr=0.003|drop=0.40] [Diag][M3] Epoch [006] | residual_abs_mean=0.1840, residual_std=0.1174, mf_abs_mean=0.1840, mf_std=0.1174, gate_mean=0.2722, gate_std=0.0920, irt_abs_mean=1.7346, irt_std=0.9823, delta_abs_mean=0.0487, delta_std=0.0349, delta_over_irt=0.0281, graph_row_entropy=6.5596, graph_entropy_ratio=1.0000, alpha_mean=0.4971, alpha_std=0.0000, personal_row_entropy=6.5596
2026-02-12 22:29:02,736 - INFO - [junyi|junyi_m3grid_sparse_0p01_full|lr=0.003|drop=0.40] [Diag][Graph] Epoch [006] | entropy_ratio=1.0000, diag_mass=0.0014, to_uniform_l2=0.000000, to_identity_l2=0.037609, tau_mean=0.6931, tau_std=0.0000, graph_reg_scale(train/val)=1.0000/1.0000
2026-02-12 22:29:02,736 - WARNING - [junyi|junyi_m3grid_sparse_0p01_full|lr=0.003|drop=0.40] [Diag Warning] alpha_std has been near zero for 6 epoch(s) (alpha_std=0.000000, personal_row_entropy=6.5596). This indicates personal-graph mixing may be collapsed/trivial.
2026-02-12 22:29:02,736 - WARNING - [junyi|junyi_m3grid_sparse_0p01_full|lr=0.003|drop=0.40] [Diag Warning][Graph] graph entropy ratio has stayed too high for 6 epoch(s): entropy_ratio=1.0000, to_uniform_l2=0.000000
2026-02-12 22:29:02,736 - INFO - [junyi|junyi_m3grid_sparse_0p01_full|lr=0.003|drop=0.40] [Grad Norms] Epoch [006] | mf_u_proj=0.021937, mf_v_proj=0.029003, fusion_gate=0.001016, q_gate_raw=0.000011, skill_latent=4.370222, relation_emb=3.885357e-01, relation_tau=4.218128e-14, relation_wq=2.266351e-09, relation_wk=2.160819e-09, personal_u=5.433870e-14, personal_v=4.794388e-14
2026-02-12 22:29:02,736 - INFO - [junyi|junyi_m3grid_sparse_0p01_full|lr=0.003|drop=0.40] -> No improvement 1 epoch(s) (best AUC=0.8087 @ 5)
2026-02-12 22:31:33,250 - INFO - [junyi|junyi_m3grid_sparse_0p01_full|lr=0.003|drop=0.40] Epoch [007/50] | Train: Loss=0.5440, BCE=0.5017, Reg=0.0423, AUC=0.8058, ACC=0.7574, RMSE=0.4071 | Val: Loss=0.5369, BCE=0.4938, Reg=0.0432, AUC=0.8093, ACC=0.7669, RMSE=0.4024
2026-02-12 22:31:33,250 - INFO - [junyi|junyi_m3grid_sparse_0p01_full|lr=0.003|drop=0.40] [Reg Terms] Epoch [007] | Train: graph_entropy=0.002221, graph_diag=0.000170, graph_uniform=0.007131, graph_reg_scale=1.0000, mf_l2=0.000000, proto_div=0.000000, proto_usage=0.000000, personal_sparse=0.032798, alpha_var=-0.000000, reg_bce_ratio=0.0844 | Val: graph_entropy=0.003000, graph_diag=0.000170, graph_uniform=0.007200, graph_reg_scale=1.0000, mf_l2=0.000000, proto_div=0.000000, proto_usage=0.000000, personal_sparse=0.032798, alpha_var=-0.000000, reg_bce_ratio=0.0874
2026-02-12 22:31:34,314 - INFO - [junyi|junyi_m3grid_sparse_0p01_full|lr=0.003|drop=0.40] [Diag][M3] Epoch [007] | residual_abs_mean=0.1445, residual_std=0.1029, mf_abs_mean=0.1445, mf_std=0.1029, gate_mean=0.2828, gate_std=0.0901, irt_abs_mean=1.6408, irt_std=1.0324, delta_abs_mean=0.0418, delta_std=0.0371, delta_over_irt=0.0255, graph_row_entropy=6.5596, graph_entropy_ratio=1.0000, alpha_mean=0.5081, alpha_std=0.0000, personal_row_entropy=6.5596
2026-02-12 22:31:34,314 - INFO - [junyi|junyi_m3grid_sparse_0p01_full|lr=0.003|drop=0.40] [Diag][Graph] Epoch [007] | entropy_ratio=1.0000, diag_mass=0.0014, to_uniform_l2=0.000000, to_identity_l2=0.037609, tau_mean=0.6931, tau_std=0.0000, graph_reg_scale(train/val)=1.0000/1.0000
2026-02-12 22:31:34,314 - WARNING - [junyi|junyi_m3grid_sparse_0p01_full|lr=0.003|drop=0.40] [Diag Warning] alpha_std has been near zero for 7 epoch(s) (alpha_std=0.000000, personal_row_entropy=6.5596). This indicates personal-graph mixing may be collapsed/trivial.
2026-02-12 22:31:34,314 - WARNING - [junyi|junyi_m3grid_sparse_0p01_full|lr=0.003|drop=0.40] [Diag Warning][Graph] graph entropy ratio has stayed too high for 7 epoch(s): entropy_ratio=1.0000, to_uniform_l2=0.000000
2026-02-12 22:31:34,314 - INFO - [junyi|junyi_m3grid_sparse_0p01_full|lr=0.003|drop=0.40] [Grad Norms] Epoch [007] | mf_u_proj=0.023766, mf_v_proj=0.025433, fusion_gate=0.002040, q_gate_raw=0.000039, skill_latent=0.368677, relation_emb=3.695311e-01, relation_tau=6.027888e-14, relation_wq=2.550021e-09, relation_wk=2.183048e-09, personal_u=3.448517e-14, personal_v=4.157693e-14
2026-02-12 22:31:34,570 - INFO - [junyi|junyi_m3grid_sparse_0p01_full|lr=0.003|drop=0.40] -> New best AUC=0.8093 at epoch 7
2026-02-12 22:34:05,116 - INFO - [junyi|junyi_m3grid_sparse_0p01_full|lr=0.003|drop=0.40] Epoch [008/50] | Train: Loss=0.5327, BCE=0.4904, Reg=0.0423, AUC=0.8161, ACC=0.7662, RMSE=0.4014 | Val: Loss=0.5321, BCE=0.4890, Reg=0.0432, AUC=0.8164, ACC=0.7734, RMSE=0.3994
2026-02-12 22:34:05,117 - INFO - [junyi|junyi_m3grid_sparse_0p01_full|lr=0.003|drop=0.40] [Reg Terms] Epoch [008] | Train: graph_entropy=0.002221, graph_diag=0.000170, graph_uniform=0.007131, graph_reg_scale=1.0000, mf_l2=0.000000, proto_div=0.000000, proto_usage=0.000000, personal_sparse=0.032798, alpha_var=-0.000000, reg_bce_ratio=0.0863 | Val: graph_entropy=0.003000, graph_diag=0.000170, graph_uniform=0.007200, graph_reg_scale=1.0000, mf_l2=0.000000, proto_div=0.000000, proto_usage=0.000000, personal_sparse=0.032798, alpha_var=-0.000000, reg_bce_ratio=0.0883
2026-02-12 22:34:06,227 - INFO - [junyi|junyi_m3grid_sparse_0p01_full|lr=0.003|drop=0.40] [Diag][M3] Epoch [008] | residual_abs_mean=0.1625, residual_std=0.1095, mf_abs_mean=0.1625, mf_std=0.1095, gate_mean=0.2937, gate_std=0.0841, irt_abs_mean=1.8189, irt_std=1.0411, delta_abs_mean=0.0466, delta_std=0.0337, delta_over_irt=0.0256, graph_row_entropy=6.5596, graph_entropy_ratio=1.0000, alpha_mean=0.4966, alpha_std=0.0000, personal_row_entropy=6.5596
2026-02-12 22:34:06,227 - INFO - [junyi|junyi_m3grid_sparse_0p01_full|lr=0.003|drop=0.40] [Diag][Graph] Epoch [008] | entropy_ratio=1.0000, diag_mass=0.0014, to_uniform_l2=0.000000, to_identity_l2=0.037609, tau_mean=0.6931, tau_std=0.0000, graph_reg_scale(train/val)=1.0000/1.0000
2026-02-12 22:34:06,228 - WARNING - [junyi|junyi_m3grid_sparse_0p01_full|lr=0.003|drop=0.40] [Diag Warning] alpha_std has been near zero for 8 epoch(s) (alpha_std=0.000000, personal_row_entropy=6.5596). This indicates personal-graph mixing may be collapsed/trivial.
2026-02-12 22:34:06,228 - WARNING - [junyi|junyi_m3grid_sparse_0p01_full|lr=0.003|drop=0.40] [Diag Warning][Graph] graph entropy ratio has stayed too high for 8 epoch(s): entropy_ratio=1.0000, to_uniform_l2=0.000000
2026-02-12 22:34:06,228 - INFO - [junyi|junyi_m3grid_sparse_0p01_full|lr=0.003|drop=0.40] [Grad Norms] Epoch [008] | mf_u_proj=0.033856, mf_v_proj=0.036584, fusion_gate=0.001201, q_gate_raw=0.000019, skill_latent=0.214136, relation_emb=5.569925e-01, relation_tau=0.000000e+00, relation_wq=0.000000e+00, relation_wk=0.000000e+00, personal_u=0.000000e+00, personal_v=0.000000e+00
2026-02-12 22:34:06,525 - INFO - [junyi|junyi_m3grid_sparse_0p01_full|lr=0.003|drop=0.40] -> New best AUC=0.8164 at epoch 8
2026-02-12 22:36:37,146 - INFO - [junyi|junyi_m3grid_sparse_0p01_full|lr=0.003|drop=0.40] Epoch [009/50] | Train: Loss=0.5292, BCE=0.4869, Reg=0.0423, AUC=0.8191, ACC=0.7680, RMSE=0.3999 | Val: Loss=0.5301, BCE=0.4869, Reg=0.0432, AUC=0.8181, ACC=0.7735, RMSE=0.3987
2026-02-12 22:36:37,146 - INFO - [junyi|junyi_m3grid_sparse_0p01_full|lr=0.003|drop=0.40] [Reg Terms] Epoch [009] | Train: graph_entropy=0.002221, graph_diag=0.000170, graph_uniform=0.007131, graph_reg_scale=1.0000, mf_l2=0.000000, proto_div=0.000000, proto_usage=0.000000, personal_sparse=0.032798, alpha_var=-0.000000, reg_bce_ratio=0.0869 | Val: graph_entropy=0.003000, graph_diag=0.000170, graph_uniform=0.007200, graph_reg_scale=1.0000, mf_l2=0.000000, proto_div=0.000000, proto_usage=0.000000, personal_sparse=0.032798, alpha_var=-0.000000, reg_bce_ratio=0.0887
2026-02-12 22:36:38,219 - INFO - [junyi|junyi_m3grid_sparse_0p01_full|lr=0.003|drop=0.40] [Diag][M3] Epoch [009] | residual_abs_mean=0.1861, residual_std=0.1141, mf_abs_mean=0.1861, mf_std=0.1141, gate_mean=0.2995, gate_std=0.0758, irt_abs_mean=1.8063, irt_std=1.0102, delta_abs_mean=0.0558, delta_std=0.0385, delta_over_irt=0.0309, graph_row_entropy=6.5596, graph_entropy_ratio=1.0000, alpha_mean=0.4987, alpha_std=0.0000, personal_row_entropy=6.5596
2026-02-12 22:36:38,219 - INFO - [junyi|junyi_m3grid_sparse_0p01_full|lr=0.003|drop=0.40] [Diag][Graph] Epoch [009] | entropy_ratio=1.0000, diag_mass=0.0014, to_uniform_l2=0.000000, to_identity_l2=0.037609, tau_mean=0.6931, tau_std=0.0000, graph_reg_scale(train/val)=1.0000/1.0000
2026-02-12 22:36:38,219 - WARNING - [junyi|junyi_m3grid_sparse_0p01_full|lr=0.003|drop=0.40] [Diag Warning] alpha_std has been near zero for 9 epoch(s) (alpha_std=0.000000, personal_row_entropy=6.5596). This indicates personal-graph mixing may be collapsed/trivial.
2026-02-12 22:36:38,219 - WARNING - [junyi|junyi_m3grid_sparse_0p01_full|lr=0.003|drop=0.40] [Diag Warning][Graph] graph entropy ratio has stayed too high for 9 epoch(s): entropy_ratio=1.0000, to_uniform_l2=0.000000
2026-02-12 22:36:38,220 - INFO - [junyi|junyi_m3grid_sparse_0p01_full|lr=0.003|drop=0.40] [Grad Norms] Epoch [009] | mf_u_proj=0.021146, mf_v_proj=0.030391, fusion_gate=0.006375, q_gate_raw=0.000010, skill_latent=0.201382, relation_emb=5.890185e-01, relation_tau=2.592815e-16, relation_wq=3.658374e-10, relation_wk=3.330937e-10, personal_u=7.538250e-15, personal_v=8.300383e-15
2026-02-12 22:36:38,484 - INFO - [junyi|junyi_m3grid_sparse_0p01_full|lr=0.003|drop=0.40] -> New best AUC=0.8181 at epoch 9
2026-02-12 22:39:08,750 - INFO - [junyi|junyi_m3grid_sparse_0p01_full|lr=0.003|drop=0.40] Epoch [010/50] | Train: Loss=0.5283, BCE=0.4859, Reg=0.0423, AUC=0.8201, ACC=0.7679, RMSE=0.3994 | Val: Loss=0.5299, BCE=0.4868, Reg=0.0432, AUC=0.8186, ACC=0.7740, RMSE=0.3980
2026-02-12 22:39:08,750 - INFO - [junyi|junyi_m3grid_sparse_0p01_full|lr=0.003|drop=0.40] [Reg Terms] Epoch [010] | Train: graph_entropy=0.002221, graph_diag=0.000170, graph_uniform=0.007131, graph_reg_scale=1.0000, mf_l2=0.000000, proto_div=0.000000, proto_usage=0.000000, personal_sparse=0.032798, alpha_var=-0.000000, reg_bce_ratio=0.0871 | Val: graph_entropy=0.003000, graph_diag=0.000170, graph_uniform=0.007200, graph_reg_scale=1.0000, mf_l2=0.000000, proto_div=0.000000, proto_usage=0.000000, personal_sparse=0.032798, alpha_var=-0.000000, reg_bce_ratio=0.0887
2026-02-12 22:39:09,790 - INFO - [junyi|junyi_m3grid_sparse_0p01_full|lr=0.003|drop=0.40] [Diag][M3] Epoch [010] | residual_abs_mean=0.1621, residual_std=0.1137, mf_abs_mean=0.1621, mf_std=0.1137, gate_mean=0.2942, gate_std=0.0719, irt_abs_mean=1.8401, irt_std=1.0751, delta_abs_mean=0.0474, delta_std=0.0360, delta_over_irt=0.0258, graph_row_entropy=6.5596, graph_entropy_ratio=1.0000, alpha_mean=0.5038, alpha_std=0.0000, personal_row_entropy=6.5596
2026-02-12 22:39:09,790 - INFO - [junyi|junyi_m3grid_sparse_0p01_full|lr=0.003|drop=0.40] [Diag][Graph] Epoch [010] | entropy_ratio=1.0000, diag_mass=0.0014, to_uniform_l2=0.000000, to_identity_l2=0.037609, tau_mean=0.6931, tau_std=0.0000, graph_reg_scale(train/val)=1.0000/1.0000
2026-02-12 22:39:09,790 - WARNING - [junyi|junyi_m3grid_sparse_0p01_full|lr=0.003|drop=0.40] [Diag Warning] alpha_std has been near zero for 10 epoch(s) (alpha_std=0.000000, personal_row_entropy=6.5596). This indicates personal-graph mixing may be collapsed/trivial.
2026-02-12 22:39:09,790 - WARNING - [junyi|junyi_m3grid_sparse_0p01_full|lr=0.003|drop=0.40] [Diag Warning][Graph] graph entropy ratio has stayed too high for 10 epoch(s): entropy_ratio=1.0000, to_uniform_l2=0.000000
2026-02-12 22:39:09,790 - INFO - [junyi|junyi_m3grid_sparse_0p01_full|lr=0.003|drop=0.40] [Grad Norms] Epoch [010] | mf_u_proj=0.018842, mf_v_proj=0.026362, fusion_gate=0.005386, q_gate_raw=0.000029, skill_latent=0.266735, relation_emb=5.230812e-01, relation_tau=2.097772e-14, relation_wq=1.361495e-09, relation_wk=1.232410e-09, personal_u=6.314027e-15, personal_v=6.349334e-15
2026-02-12 22:39:10,073 - INFO - [junyi|junyi_m3grid_sparse_0p01_full|lr=0.003|drop=0.40] -> New best AUC=0.8186 at epoch 10
2026-02-12 22:39:10,148 - INFO - [junyi|junyi_m3grid_sparse_0p01_full|lr=0.003|drop=0.40] Checkpoint saved: checkpoints/junyi_m3grid/seed42/sparse_0p01_full/checkpoint_epoch_10.pth
2026-02-12 22:39:10,464 - INFO - [junyi|junyi_m3grid_sparse_0p01_full|lr=0.003|drop=0.40] [Module Activity] Epoch 10: Graph✗ Personal✗ MF✓
2026-02-12 22:41:40,732 - INFO - [junyi|junyi_m3grid_sparse_0p01_full|lr=0.003|drop=0.40] Epoch [011/50] | Train: Loss=0.5275, BCE=0.4852, Reg=0.0423, AUC=0.8206, ACC=0.7690, RMSE=0.3990 | Val: Loss=0.5288, BCE=0.4856, Reg=0.0432, AUC=0.8190, ACC=0.7733, RMSE=0.3980
2026-02-12 22:41:40,733 - INFO - [junyi|junyi_m3grid_sparse_0p01_full|lr=0.003|drop=0.40] [Reg Terms] Epoch [011] | Train: graph_entropy=0.002221, graph_diag=0.000170, graph_uniform=0.007131, graph_reg_scale=1.0000, mf_l2=0.000000, proto_div=0.000000, proto_usage=0.000000, personal_sparse=0.032798, alpha_var=-0.000000, reg_bce_ratio=0.0872 | Val: graph_entropy=0.003000, graph_diag=0.000170, graph_uniform=0.007200, graph_reg_scale=1.0000, mf_l2=0.000000, proto_div=0.000000, proto_usage=0.000000, personal_sparse=0.032798, alpha_var=-0.000000, reg_bce_ratio=0.0889
2026-02-12 22:41:41,839 - INFO - [junyi|junyi_m3grid_sparse_0p01_full|lr=0.003|drop=0.40] [Diag][M3] Epoch [011] | residual_abs_mean=0.1883, residual_std=0.1237, mf_abs_mean=0.1883, mf_std=0.1237, gate_mean=0.2913, gate_std=0.0818, irt_abs_mean=1.8186, irt_std=1.0294, delta_abs_mean=0.0538, delta_std=0.0396, delta_over_irt=0.0296, graph_row_entropy=6.5596, graph_entropy_ratio=1.0000, alpha_mean=0.5002, alpha_std=0.0000, personal_row_entropy=6.5596
2026-02-12 22:41:41,840 - INFO - [junyi|junyi_m3grid_sparse_0p01_full|lr=0.003|drop=0.40] [Diag][Graph] Epoch [011] | entropy_ratio=1.0000, diag_mass=0.0014, to_uniform_l2=0.000000, to_identity_l2=0.037609, tau_mean=0.6931, tau_std=0.0000, graph_reg_scale(train/val)=1.0000/1.0000
2026-02-12 22:41:41,840 - WARNING - [junyi|junyi_m3grid_sparse_0p01_full|lr=0.003|drop=0.40] [Diag Warning] alpha_std has been near zero for 11 epoch(s) (alpha_std=0.000000, personal_row_entropy=6.5596). This indicates personal-graph mixing may be collapsed/trivial.
2026-02-12 22:41:41,840 - WARNING - [junyi|junyi_m3grid_sparse_0p01_full|lr=0.003|drop=0.40] [Diag Warning][Graph] graph entropy ratio has stayed too high for 11 epoch(s): entropy_ratio=1.0000, to_uniform_l2=0.000000
2026-02-12 22:41:41,840 - INFO - [junyi|junyi_m3grid_sparse_0p01_full|lr=0.003|drop=0.40] [Grad Norms] Epoch [011] | mf_u_proj=0.027732, mf_v_proj=0.027724, fusion_gate=0.003296, q_gate_raw=0.000016, skill_latent=0.495373, relation_emb=5.891137e-01, relation_tau=2.437250e-13, relation_wq=3.200315e-09, relation_wk=3.378648e-09, personal_u=2.826262e-15, personal_v=1.782557e-15
2026-02-12 22:41:42,111 - INFO - [junyi|junyi_m3grid_sparse_0p01_full|lr=0.003|drop=0.40] -> New best AUC=0.8190 at epoch 11
2026-02-12 22:44:12,558 - INFO - [junyi|junyi_m3grid_sparse_0p01_full|lr=0.003|drop=0.40] Epoch [012/50] | Train: Loss=0.5264, BCE=0.4841, Reg=0.0423, AUC=0.8214, ACC=0.7694, RMSE=0.3986 | Val: Loss=0.5326, BCE=0.4894, Reg=0.0432, AUC=0.8172, ACC=0.7742, RMSE=0.3988
2026-02-12 22:44:12,559 - INFO - [junyi|junyi_m3grid_sparse_0p01_full|lr=0.003|drop=0.40] [Reg Terms] Epoch [012] | Train: graph_entropy=0.002221, graph_diag=0.000170, graph_uniform=0.007131, graph_reg_scale=1.0000, mf_l2=0.000000, proto_div=0.000000, proto_usage=0.000000, personal_sparse=0.032798, alpha_var=-0.000000, reg_bce_ratio=0.0874 | Val: graph_entropy=0.003000, graph_diag=0.000170, graph_uniform=0.007200, graph_reg_scale=1.0000, mf_l2=0.000000, proto_div=0.000000, proto_usage=0.000000, personal_sparse=0.032798, alpha_var=-0.000000, reg_bce_ratio=0.0882
2026-02-12 22:44:13,602 - INFO - [junyi|junyi_m3grid_sparse_0p01_full|lr=0.003|drop=0.40] [Diag][M3] Epoch [012] | residual_abs_mean=0.1697, residual_std=0.1077, mf_abs_mean=0.1697, mf_std=0.1077, gate_mean=0.2913, gate_std=0.0828, irt_abs_mean=1.8951, irt_std=1.1174, delta_abs_mean=0.0486, delta_std=0.0344, delta_over_irt=0.0257, graph_row_entropy=6.5596, graph_entropy_ratio=1.0000, alpha_mean=0.5004, alpha_std=0.0000, personal_row_entropy=6.5596
2026-02-12 22:44:13,602 - INFO - [junyi|junyi_m3grid_sparse_0p01_full|lr=0.003|drop=0.40] [Diag][Graph] Epoch [012] | entropy_ratio=1.0000, diag_mass=0.0014, to_uniform_l2=0.000000, to_identity_l2=0.037609, tau_mean=0.6931, tau_std=0.0000, graph_reg_scale(train/val)=1.0000/1.0000
2026-02-12 22:44:13,602 - WARNING - [junyi|junyi_m3grid_sparse_0p01_full|lr=0.003|drop=0.40] [Diag Warning] alpha_std has been near zero for 12 epoch(s) (alpha_std=0.000000, personal_row_entropy=6.5596). This indicates personal-graph mixing may be collapsed/trivial.
2026-02-12 22:44:13,602 - WARNING - [junyi|junyi_m3grid_sparse_0p01_full|lr=0.003|drop=0.40] [Diag Warning][Graph] graph entropy ratio has stayed too high for 12 epoch(s): entropy_ratio=1.0000, to_uniform_l2=0.000000
2026-02-12 22:44:13,602 - INFO - [junyi|junyi_m3grid_sparse_0p01_full|lr=0.003|drop=0.40] [Grad Norms] Epoch [012] | mf_u_proj=0.017021, mf_v_proj=0.022137, fusion_gate=0.001910, q_gate_raw=0.000142, skill_latent=0.131841, relation_emb=5.014857e-01, relation_tau=5.528353e-14, relation_wq=2.202396e-09, relation_wk=1.793768e-09, personal_u=2.086503e-15, personal_v=1.615611e-15
2026-02-12 22:44:13,602 - INFO - [junyi|junyi_m3grid_sparse_0p01_full|lr=0.003|drop=0.40] -> No improvement 1 epoch(s) (best AUC=0.8190 @ 11)
2026-02-12 22:46:43,831 - INFO - [junyi|junyi_m3grid_sparse_0p01_full|lr=0.003|drop=0.40] Epoch [013/50] | Train: Loss=0.5266, BCE=0.4843, Reg=0.0423, AUC=0.8214, ACC=0.7694, RMSE=0.3986 | Val: Loss=0.5262, BCE=0.4831, Reg=0.0432, AUC=0.8199, ACC=0.7740, RMSE=0.3969
2026-02-12 22:46:43,831 - INFO - [junyi|junyi_m3grid_sparse_0p01_full|lr=0.003|drop=0.40] [Reg Terms] Epoch [013] | Train: graph_entropy=0.002221, graph_diag=0.000170, graph_uniform=0.007131, graph_reg_scale=1.0000, mf_l2=0.000000, proto_div=0.000000, proto_usage=0.000000, personal_sparse=0.032798, alpha_var=-0.000000, reg_bce_ratio=0.0874 | Val: graph_entropy=0.003000, graph_diag=0.000170, graph_uniform=0.007200, graph_reg_scale=1.0000, mf_l2=0.000000, proto_div=0.000000, proto_usage=0.000000, personal_sparse=0.032798, alpha_var=-0.000000, reg_bce_ratio=0.0894
2026-02-12 22:46:44,865 - INFO - [junyi|junyi_m3grid_sparse_0p01_full|lr=0.003|drop=0.40] [Diag][M3] Epoch [013] | residual_abs_mean=0.1786, residual_std=0.1064, mf_abs_mean=0.1786, mf_std=0.1064, gate_mean=0.2973, gate_std=0.0827, irt_abs_mean=1.8011, irt_std=1.0389, delta_abs_mean=0.0515, delta_std=0.0338, delta_over_irt=0.0286, graph_row_entropy=6.5596, graph_entropy_ratio=1.0000, alpha_mean=0.5031, alpha_std=0.0000, personal_row_entropy=6.5596
2026-02-12 22:46:44,865 - INFO - [junyi|junyi_m3grid_sparse_0p01_full|lr=0.003|drop=0.40] [Diag][Graph] Epoch [013] | entropy_ratio=1.0000, diag_mass=0.0014, to_uniform_l2=0.000000, to_identity_l2=0.037609, tau_mean=0.6931, tau_std=0.0000, graph_reg_scale(train/val)=1.0000/1.0000
2026-02-12 22:46:44,866 - WARNING - [junyi|junyi_m3grid_sparse_0p01_full|lr=0.003|drop=0.40] [Diag Warning] alpha_std has been near zero for 13 epoch(s) (alpha_std=0.000000, personal_row_entropy=6.5596). This indicates personal-graph mixing may be collapsed/trivial.
2026-02-12 22:46:44,866 - WARNING - [junyi|junyi_m3grid_sparse_0p01_full|lr=0.003|drop=0.40] [Diag Warning][Graph] graph entropy ratio has stayed too high for 13 epoch(s): entropy_ratio=1.0000, to_uniform_l2=0.000000
2026-02-12 22:46:44,866 - INFO - [junyi|junyi_m3grid_sparse_0p01_full|lr=0.003|drop=0.40] [Grad Norms] Epoch [013] | mf_u_proj=0.020220, mf_v_proj=0.028036, fusion_gate=0.005776, q_gate_raw=0.000024, skill_latent=0.327752, relation_emb=4.564039e-01, relation_tau=5.205467e-14, relation_wq=2.240817e-09, relation_wk=1.969578e-09, personal_u=5.877150e-15, personal_v=4.946884e-15
2026-02-12 22:46:45,101 - INFO - [junyi|junyi_m3grid_sparse_0p01_full|lr=0.003|drop=0.40] -> New best AUC=0.8199 at epoch 13
2026-02-12 22:49:15,203 - INFO - [junyi|junyi_m3grid_sparse_0p01_full|lr=0.003|drop=0.40] Epoch [014/50] | Train: Loss=0.5268, BCE=0.4844, Reg=0.0423, AUC=0.8212, ACC=0.7688, RMSE=0.3987 | Val: Loss=0.5255, BCE=0.4824, Reg=0.0432, AUC=0.8194, ACC=0.7756, RMSE=0.3968
2026-02-12 22:49:15,203 - INFO - [junyi|junyi_m3grid_sparse_0p01_full|lr=0.003|drop=0.40] [Reg Terms] Epoch [014] | Train: graph_entropy=0.002221, graph_diag=0.000170, graph_uniform=0.007131, graph_reg_scale=1.0000, mf_l2=0.000000, proto_div=0.000000, proto_usage=0.000000, personal_sparse=0.032798, alpha_var=-0.000000, reg_bce_ratio=0.0874 | Val: graph_entropy=0.003000, graph_diag=0.000170, graph_uniform=0.007200, graph_reg_scale=1.0000, mf_l2=0.000000, proto_div=0.000000, proto_usage=0.000000, personal_sparse=0.032798, alpha_var=-0.000000, reg_bce_ratio=0.0895
2026-02-12 22:49:16,256 - INFO - [junyi|junyi_m3grid_sparse_0p01_full|lr=0.003|drop=0.40] [Diag][M3] Epoch [014] | residual_abs_mean=0.1961, residual_std=0.1168, mf_abs_mean=0.1961, mf_std=0.1168, gate_mean=0.3017, gate_std=0.0705, irt_abs_mean=1.7547, irt_std=1.0309, delta_abs_mean=0.0582, delta_std=0.0367, delta_over_irt=0.0331, graph_row_entropy=6.5596, graph_entropy_ratio=1.0000, alpha_mean=0.5005, alpha_std=0.0000, personal_row_entropy=6.5596
2026-02-12 22:49:16,256 - INFO - [junyi|junyi_m3grid_sparse_0p01_full|lr=0.003|drop=0.40] [Diag][Graph] Epoch [014] | entropy_ratio=1.0000, diag_mass=0.0014, to_uniform_l2=0.000000, to_identity_l2=0.037609, tau_mean=0.6931, tau_std=0.0000, graph_reg_scale(train/val)=1.0000/1.0000
2026-02-12 22:49:16,256 - WARNING - [junyi|junyi_m3grid_sparse_0p01_full|lr=0.003|drop=0.40] [Diag Warning] alpha_std has been near zero for 14 epoch(s) (alpha_std=0.000000, personal_row_entropy=6.5596). This indicates personal-graph mixing may be collapsed/trivial.
2026-02-12 22:49:16,256 - WARNING - [junyi|junyi_m3grid_sparse_0p01_full|lr=0.003|drop=0.40] [Diag Warning][Graph] graph entropy ratio has stayed too high for 14 epoch(s): entropy_ratio=1.0000, to_uniform_l2=0.000000
2026-02-12 22:49:16,256 - INFO - [junyi|junyi_m3grid_sparse_0p01_full|lr=0.003|drop=0.40] [Grad Norms] Epoch [014] | mf_u_proj=0.026691, mf_v_proj=0.029166, fusion_gate=0.001209, q_gate_raw=0.000029, skill_latent=0.178666, relation_emb=5.069568e-01, relation_tau=1.115549e-13, relation_wq=2.359855e-09, relation_wk=2.004895e-09, personal_u=1.183406e-15, personal_v=1.098383e-15
2026-02-12 22:49:16,256 - INFO - [junyi|junyi_m3grid_sparse_0p01_full|lr=0.003|drop=0.40] -> No improvement 1 epoch(s) (best AUC=0.8199 @ 13)
2026-02-12 22:51:46,403 - INFO - [junyi|junyi_m3grid_sparse_0p01_full|lr=0.003|drop=0.40] Epoch [015/50] | Train: Loss=0.5257, BCE=0.4834, Reg=0.0423, AUC=0.8222, ACC=0.7692, RMSE=0.3982 | Val: Loss=0.5312, BCE=0.4881, Reg=0.0432, AUC=0.8182, ACC=0.7745, RMSE=0.3988
2026-02-12 22:51:46,403 - INFO - [junyi|junyi_m3grid_sparse_0p01_full|lr=0.003|drop=0.40] [Reg Terms] Epoch [015] | Train: graph_entropy=0.002220, graph_diag=0.000170, graph_uniform=0.007131, graph_reg_scale=1.0000, mf_l2=0.000000, proto_div=0.000000, proto_usage=0.000000, personal_sparse=0.032798, alpha_var=-0.000000, reg_bce_ratio=0.0875 | Val: graph_entropy=0.003000, graph_diag=0.000170, graph_uniform=0.007200, graph_reg_scale=1.0000, mf_l2=0.000000, proto_div=0.000000, proto_usage=0.000000, personal_sparse=0.032798, alpha_var=-0.000000, reg_bce_ratio=0.0884
2026-02-12 22:51:47,429 - INFO - [junyi|junyi_m3grid_sparse_0p01_full|lr=0.003|drop=0.40] [Diag][M3] Epoch [015] | residual_abs_mean=0.1922, residual_std=0.1097, mf_abs_mean=0.1922, mf_std=0.1097, gate_mean=0.3093, gate_std=0.0820, irt_abs_mean=1.8770, irt_std=1.1132, delta_abs_mean=0.0595, delta_std=0.0383, delta_over_irt=0.0317, graph_row_entropy=6.5596, graph_entropy_ratio=1.0000, alpha_mean=0.5020, alpha_std=0.0000, personal_row_entropy=6.5596
2026-02-12 22:51:47,430 - INFO - [junyi|junyi_m3grid_sparse_0p01_full|lr=0.003|drop=0.40] [Diag][Graph] Epoch [015] | entropy_ratio=1.0000, diag_mass=0.0014, to_uniform_l2=0.000000, to_identity_l2=0.037609, tau_mean=0.6931, tau_std=0.0000, graph_reg_scale(train/val)=1.0000/1.0000
2026-02-12 22:51:47,430 - WARNING - [junyi|junyi_m3grid_sparse_0p01_full|lr=0.003|drop=0.40] [Diag Warning] alpha_std has been near zero for 15 epoch(s) (alpha_std=0.000000, personal_row_entropy=6.5596). This indicates personal-graph mixing may be collapsed/trivial.
2026-02-12 22:51:47,430 - WARNING - [junyi|junyi_m3grid_sparse_0p01_full|lr=0.003|drop=0.40] [Diag Warning][Graph] graph entropy ratio has stayed too high for 15 epoch(s): entropy_ratio=1.0000, to_uniform_l2=0.000000
2026-02-12 22:51:47,430 - INFO - [junyi|junyi_m3grid_sparse_0p01_full|lr=0.003|drop=0.40] [Grad Norms] Epoch [015] | mf_u_proj=0.020373, mf_v_proj=0.031606, fusion_gate=0.004429, q_gate_raw=0.000108, skill_latent=0.224974, relation_emb=5.802643e-01, relation_tau=4.480697e-13, relation_wq=2.620767e-09, relation_wk=2.586509e-09, personal_u=1.177830e-14, personal_v=1.045816e-14
2026-02-12 22:51:47,430 - INFO - [junyi|junyi_m3grid_sparse_0p01_full|lr=0.003|drop=0.40] -> No improvement 2 epoch(s) (best AUC=0.8199 @ 13)
2026-02-12 22:54:17,528 - INFO - [junyi|junyi_m3grid_sparse_0p01_full|lr=0.003|drop=0.40] Epoch [016/50] | Train: Loss=0.5261, BCE=0.4838, Reg=0.0423, AUC=0.8217, ACC=0.7692, RMSE=0.3984 | Val: Loss=0.5301, BCE=0.4870, Reg=0.0432, AUC=0.8179, ACC=0.7714, RMSE=0.3985
2026-02-12 22:54:17,529 - INFO - [junyi|junyi_m3grid_sparse_0p01_full|lr=0.003|drop=0.40] [Reg Terms] Epoch [016] | Train: graph_entropy=0.002221, graph_diag=0.000170, graph_uniform=0.007131, graph_reg_scale=1.0000, mf_l2=0.000000, proto_div=0.000000, proto_usage=0.000000, personal_sparse=0.032798, alpha_var=-0.000000, reg_bce_ratio=0.0875 | Val: graph_entropy=0.003000, graph_diag=0.000170, graph_uniform=0.007200, graph_reg_scale=1.0000, mf_l2=0.000000, proto_div=0.000000, proto_usage=0.000000, personal_sparse=0.032798, alpha_var=-0.000000, reg_bce_ratio=0.0886
2026-02-12 22:54:18,608 - INFO - [junyi|junyi_m3grid_sparse_0p01_full|lr=0.003|drop=0.40] [Diag][M3] Epoch [016] | residual_abs_mean=0.1408, residual_std=0.0984, mf_abs_mean=0.1408, mf_std=0.0984, gate_mean=0.3153, gate_std=0.0645, irt_abs_mean=1.8044, irt_std=1.0842, delta_abs_mean=0.0438, delta_std=0.0329, delta_over_irt=0.0243, graph_row_entropy=6.5596, graph_entropy_ratio=1.0000, alpha_mean=0.4999, alpha_std=0.0000, personal_row_entropy=6.5596
2026-02-12 22:54:18,608 - INFO - [junyi|junyi_m3grid_sparse_0p01_full|lr=0.003|drop=0.40] [Diag][Graph] Epoch [016] | entropy_ratio=1.0000, diag_mass=0.0014, to_uniform_l2=0.000000, to_identity_l2=0.037609, tau_mean=0.6931, tau_std=0.0000, graph_reg_scale(train/val)=1.0000/1.0000
2026-02-12 22:54:18,609 - WARNING - [junyi|junyi_m3grid_sparse_0p01_full|lr=0.003|drop=0.40] [Diag Warning] alpha_std has been near zero for 16 epoch(s) (alpha_std=0.000000, personal_row_entropy=6.5596). This indicates personal-graph mixing may be collapsed/trivial.
2026-02-12 22:54:18,609 - WARNING - [junyi|junyi_m3grid_sparse_0p01_full|lr=0.003|drop=0.40] [Diag Warning][Graph] graph entropy ratio has stayed too high for 16 epoch(s): entropy_ratio=1.0000, to_uniform_l2=0.000000
2026-02-12 22:54:18,609 - INFO - [junyi|junyi_m3grid_sparse_0p01_full|lr=0.003|drop=0.40] [Grad Norms] Epoch [016] | mf_u_proj=0.018548, mf_v_proj=0.024871, fusion_gate=0.000955, q_gate_raw=0.000075, skill_latent=0.347699, relation_emb=4.950195e-01, relation_tau=2.417083e-13, relation_wq=2.064233e-09, relation_wk=2.271854e-09, personal_u=1.131061e-15, personal_v=6.834953e-16
2026-02-12 22:54:18,609 - INFO - [junyi|junyi_m3grid_sparse_0p01_full|lr=0.003|drop=0.40] -> No improvement 3 epoch(s) (best AUC=0.8199 @ 13)
2026-02-12 22:54:18,609 - INFO - [junyi|junyi_m3grid_sparse_0p01_full|lr=0.003|drop=0.40] Early stopping at epoch 16 (best AUC=0.8199 @ 13)
2026-02-12 22:54:18,614 - INFO - Epoch-wise metrics saved to checkpoints/junyi_m3grid/seed42/sparse_0p01_full/metrics_history.csv
2026-02-12 22:54:18,615 - INFO - [junyi|junyi_m3grid_sparse_0p01_full|lr=0.003|drop=0.40] Training completed! Best Val AUC=0.8199 @ epoch 13
2026-02-12 22:54:18,952 - INFO - 
============================================================
         MODULE ACTIVITY REPORT
============================================================
Dataset: junyi | Seed: 42 | Epoch: 16

1. Soft Prototype Module:
   - Status: DISABLED (num_prototypes=0 or use_soft_prototype=False)

2. Concept Graph Module:
   - Mean row entropy: 6.560 / 6.560
   - Entropy ratio: 100.0%
   - Status: ✗ TRIVIAL (uniform distribution, not learning)
   → Consider: increase lambda_sparse or training longer

3. Personal Graph Module:
   - Gate alpha mean: 0.500
   - Gate alpha std: 0.000
   - Status: ⚠ MARGINAL (low alpha values)

4. Skill/MF Module:
   - MF logit |mean|: 0.1588
   - MF logit std: 0.1823
   - Fusion gate mean: 0.315
   - Status: ✓ ACTIVE (contributing to predictions)

------------------------------------------------------------
SUMMARY:
   Active modules: Skill/MF
   ⚠ Inactive modules: Concept Graph, Personal Graph
============================================================
2026-02-12 22:54:18,953 - INFO - [junyi|junyi_m3grid_sparse_0p01_full|lr=0.003|drop=0.40] Module activity saved to checkpoints/junyi_m3grid/seed42/sparse_0p01_full/module_activity.json
2026-02-12 22:54:19,069 - INFO - Using device: cuda:0
2026-02-12 22:54:19,069 - INFO - Loading model from checkpoints/junyi_m3grid/seed42/sparse_0p01_full/best_model.pth...
2026-02-12 22:54:19,460 - INFO - Inference switches: ablate_module1=False, ablate_module2=False, ablate_module3=False | enable_module1=True, enable_module2=True, enable_module3=True | use_soft_prototype=False, use_mf_branch=True, use_concept_graph=True, use_q_aligned_residual=True, use_soft_prototype_main_path=False | effective(num_gnn_layers=2, num_prototypes=0)
2026-02-12 22:54:19,494 - INFO - [Inference] Ablation runtime check: args(ablate_module1=False,ablate_module2=False,ablate_module3=False) | model(enable_module1=True,enable_module2=True,enable_module3=True) | physical(has_knowledge_encoder=True,has_mf_branch=True,has_soft_prototype=False)
2026-02-12 22:54:19,494 - INFO - [Inference] [Module3 Init] fusion_gate_bias=-1.1000, fusion_gate_max=1.0000, implied_gate=0.2497, q_gate=0.5000, mf_scale=0.1000, bias_scale=0.1000, graph_tau_mean=1.3133, graph_tau_std=0.0000, graph_dropout=0.400
2026-02-12 22:54:19,496 - INFO - Model loaded from epoch 13. Start testing...
2026-02-12 22:54:27,654 - INFO - [Test] 200/262 batches done, samples=51200
2026-02-12 22:54:30,205 - INFO - 
==================================================
2026-02-12 22:54:30,206 - INFO - Test Results:
2026-02-12 22:54:30,206 - INFO - AUC: 0.8242
2026-02-12 22:54:30,206 - INFO - ACC: 0.7645
2026-02-12 22:54:30,206 - INFO - RMSE: 0.4026
2026-02-12 22:54:30,206 - INFO - ==================================================
2026-02-12 22:54:30,220 - INFO - Summary appended to /home/zsh/ConceptSkillCDM/results/experiment_results.csv
2026-02-12 22:54:30,233 - INFO - Run completed.
2026-02-12 22:54:30,233 - INFO - Best validation AUC: 0.8199 at epoch 13
2026-02-12 22:54:30,233 - INFO - Test metrics - AUC: 0.8242, ACC: 0.7645, RMSE: 0.4026
