2026-02-12 14:31:01,067 - INFO - Arguments:
2026-02-12 14:31:01,067 - INFO -   ablate_concept_graph: False
2026-02-12 14:31:01,067 - INFO -   ablate_module1: False
2026-02-12 14:31:01,067 - INFO -   ablate_module2: False
2026-02-12 14:31:01,067 - INFO -   ablate_module3: False
2026-02-12 14:31:01,067 - INFO -   ablate_skill_encoder: False
2026-02-12 14:31:01,067 - INFO -   ablate_soft_prototype: True
2026-02-12 14:31:01,067 - INFO -   allow_self_loop: True
2026-02-12 14:31:01,067 - INFO -   batch_size: 128
2026-02-12 14:31:01,068 - INFO -   data_dir: ./data/assist_09
2026-02-12 14:31:01,068 - INFO -   dataset_name: assist_09
2026-02-12 14:31:01,068 - INFO -   debug_module3_diag: True
2026-02-12 14:31:01,068 - INFO -   diag_batches: 1
2026-02-12 14:31:01,068 - INFO -   disable_q_aligned_residual: False
2026-02-12 14:31:01,068 - INFO -   disable_q_conditioning: False
2026-02-12 14:31:01,068 - INFO -   disable_self_loop: False
2026-02-12 14:31:01,068 - INFO -   disable_soft_prototype: True
2026-02-12 14:31:01,068 - INFO -   dropout: 0.2
2026-02-12 14:31:01,068 - INFO -   early_stop_patience: 3
2026-02-12 14:31:01,068 - INFO -   enable_module1: True
2026-02-12 14:31:01,068 - INFO -   enable_module2: True
2026-02-12 14:31:01,068 - INFO -   enable_module3: True
2026-02-12 14:31:01,068 - INFO -   enable_soft_prototype: False
2026-02-12 14:31:01,068 - INFO -   epochs: 50
2026-02-12 14:31:01,068 - INFO -   exercise_dim: 64
2026-02-12 14:31:01,068 - INFO -   exercise_l2_lambda: 5e-05
2026-02-12 14:31:01,068 - INFO -   fusion_gate_bias_init: -1.1
2026-02-12 14:31:01,069 - INFO -   fusion_gate_max: 1.0
2026-02-12 14:31:01,069 - INFO -   generate_diagnosis: False
2026-02-12 14:31:01,069 - INFO -   gnn_residual_weight: 0.5
2026-02-12 14:31:01,069 - INFO -   gpu_candidates: None
2026-02-12 14:31:01,069 - INFO -   gpu_ids: None
2026-02-12 14:31:01,069 - INFO -   gpu_memory_threshold: 2000
2026-02-12 14:31:01,069 - INFO -   gpus: None
2026-02-12 14:31:01,069 - INFO -   graph_dropout: -1.0
2026-02-12 14:31:01,069 - INFO -   graph_entropy_max: 0.8
2026-02-12 14:31:01,069 - INFO -   graph_entropy_min: 0.15
2026-02-12 14:31:01,069 - INFO -   graph_reg_cap_ratio: 6.0
2026-02-12 14:31:01,069 - INFO -   graph_reg_warmup_epochs: 1
2026-02-12 14:31:01,069 - INFO -   graph_tau_init: 1.0
2026-02-12 14:31:01,069 - INFO -   graph_topk: None
2026-02-12 14:31:01,069 - INFO -   graph_uniform_margin: 0.1
2026-02-12 14:31:01,069 - INFO -   knowledge_dim: 64
2026-02-12 14:31:01,069 - INFO -   lambda_alpha: 0.01
2026-02-12 14:31:01,069 - INFO -   lambda_graph_diag: 0.12
2026-02-12 14:31:01,070 - INFO -   lambda_graph_uniform: 0.04
2026-02-12 14:31:01,070 - INFO -   lambda_proto_div: 0.0
2026-02-12 14:31:01,070 - INFO -   lambda_proto_usage: 0.0
2026-02-12 14:31:01,070 - INFO -   lambda_sparse: 1.0
2026-02-12 14:31:01,070 - INFO -   lambda_sparse_personal: 0.005
2026-02-12 14:31:01,070 - INFO -   learning_rate: 0.0003
2026-02-12 14:31:01,070 - INFO -   log_dir: logs/assist_09_m3grid/seed42/prio_gdiag_0p12_full
2026-02-12 14:31:01,070 - INFO -   min_exer_interactions: 0
2026-02-12 14:31:01,070 - INFO -   min_poison_count: 0
2026-02-12 14:31:01,070 - INFO -   min_stu_interactions: 15
2026-02-12 14:31:01,070 - INFO -   model_variant: assist_09_m3grid_prio_gdiag_0p12_full
2026-02-12 14:31:01,070 - INFO -   multi_gpu: False
2026-02-12 14:31:01,070 - INFO -   no_cuda: False
2026-02-12 14:31:01,070 - INFO -   num_gnn_layers: 1
2026-02-12 14:31:01,070 - INFO -   num_gpus: 1
2026-02-12 14:31:01,070 - INFO -   num_prototypes: 0
2026-02-12 14:31:01,070 - INFO -   num_relation_heads: 2
2026-02-12 14:31:01,071 - INFO -   num_workers: 4
2026-02-12 14:31:01,071 - INFO -   patience: 5
2026-02-12 14:31:01,071 - INFO -   personal_rank: 4
2026-02-12 14:31:01,071 - INFO -   proto_lambda: 0.0
2026-02-12 14:31:01,071 - INFO -   proto_tau: 1.0
2026-02-12 14:31:01,071 - INFO -   residual_clip_t: 2.0
2026-02-12 14:31:01,071 - INFO -   residual_scale_init: 0.1
2026-02-12 14:31:01,071 - INFO -   save_dir: checkpoints/assist_09_m3grid/seed42/prio_gdiag_0p12_full
2026-02-12 14:31:01,071 - INFO -   save_interval: 10
2026-02-12 14:31:01,071 - INFO -   seed: 42
2026-02-12 14:31:01,071 - INFO -   skill_dim: 128
2026-02-12 14:31:01,071 - INFO -   use_concept_graph: True
2026-02-12 14:31:01,071 - INFO -   use_exercise_graph: True
2026-02-12 14:31:01,071 - INFO -   use_mf_branch: True
2026-02-12 14:31:01,071 - INFO -   use_personal_graph: True
2026-02-12 14:31:01,071 - INFO -   use_q_aligned_residual: True
2026-02-12 14:31:01,071 - INFO -   use_q_conditioning: True
2026-02-12 14:31:01,071 - INFO -   use_skill_encoder: True
2026-02-12 14:31:01,072 - INFO -   use_soft_prototype: False
2026-02-12 14:31:01,072 - INFO -   use_soft_prototype_main_path: False
2026-02-12 14:31:01,072 - INFO -   weight_decay: 1e-05
2026-02-12 14:31:01,174 - INFO - Using device: cuda:0 (physical gpu 3)
2026-02-12 14:31:01,174 - INFO - [assist_09|assist_09_m3grid_prio_gdiag_0p12_full|lr=0.0003|drop=0.20] Loading datasets...
2026-02-12 14:31:01,174 - INFO - [assist_09|assist_09_m3grid_prio_gdiag_0p12_full|lr=0.0003|drop=0.20] Regularization: graph_entropy(lambda_sparse)=1.000000, graph_diag=0.120000, graph_uniform=0.040000, proto_div=0.000000, proto_usage=0.000000, personal_sparse=0.005000, alpha_penalty=0.010000, mf_l2(exercise_l2_lambda)=0.000050
2026-02-12 14:31:01,174 - INFO - [assist_09|assist_09_m3grid_prio_gdiag_0p12_full|lr=0.0003|drop=0.20] Graph controls: entropy_band=[0.15, 0.80], uniform_margin=0.10, warmup_epochs=1, cap_ratio=6.00, graph_dropout=-1.000, graph_tau_init=1.000
2026-02-12 14:31:01,322 - INFO - [数据清洗] 学生交互次数 < 15 次的学生：共移除 0 个学生（仅统计用户数）
2026-02-12 14:31:01,338 - INFO - [数据清洗] 学生冷启动过滤：在 train/valid/test 中共删除 0 条记录。
2026-02-12 14:31:01,339 - INFO - [数据清洗] 跳过题目冷门过滤（min_exer_interactions <= 0）。
2026-02-12 14:31:01,339 - INFO - [数据清洗] 跳过毒题清洗（min_poison_count <= 0）。
2026-02-12 14:31:12,268 - INFO - [assist_09|assist_09_m3grid_prio_gdiag_0p12_full|lr=0.0003|drop=0.20] Train samples: 194489, Val samples: 20385
2026-02-12 14:31:12,268 - INFO - [assist_09|assist_09_m3grid_prio_gdiag_0p12_full|lr=0.0003|drop=0.20] Number of students: 2493
2026-02-12 14:31:12,268 - INFO - [assist_09|assist_09_m3grid_prio_gdiag_0p12_full|lr=0.0003|drop=0.20] Number of exercises: 17676
2026-02-12 14:31:12,268 - INFO - [assist_09|assist_09_m3grid_prio_gdiag_0p12_full|lr=0.0003|drop=0.20] Number of concepts: 123
2026-02-12 14:31:12,268 - INFO - [assist_09|assist_09_m3grid_prio_gdiag_0p12_full|lr=0.0003|drop=0.20] Creating model...
2026-02-12 14:31:12,268 - INFO - [assist_09|assist_09_m3grid_prio_gdiag_0p12_full|lr=0.0003|drop=0.20] Ablation switches: ablate_module1=False, ablate_module2=False, ablate_module3=False | enable_module1=True, enable_module2=True, enable_module3=True | use_soft_prototype=False, use_mf_branch=True, use_concept_graph=True, use_q_aligned_residual=True, use_soft_prototype_main_path=False | effective(num_gnn_layers=1, num_prototypes=0)
2026-02-12 14:31:12,405 - INFO - [assist_09|assist_09_m3grid_prio_gdiag_0p12_full|lr=0.0003|drop=0.20] Ablation runtime check: args(ablate_module1=False,ablate_module2=False,ablate_module3=False) | model(enable_module1=True,enable_module2=True,enable_module3=True) | physical(has_knowledge_encoder=True,has_mf_branch=True,has_soft_prototype=False)
2026-02-12 14:31:12,405 - INFO - [assist_09|assist_09_m3grid_prio_gdiag_0p12_full|lr=0.0003|drop=0.20] Debug diagnostics enabled: diag_batches=1
2026-02-12 14:31:12,432 - INFO - [assist_09|assist_09_m3grid_prio_gdiag_0p12_full|lr=0.0003|drop=0.20] [Module3 Init] fusion_gate_bias=-1.1000, fusion_gate_max=1.0000, implied_gate=0.2497, q_gate=0.5000, mf_scale=0.1000, bias_scale=0.1000, graph_tau_mean=1.3133, graph_tau_std=0.0000, graph_dropout=0.200
2026-02-12 14:31:12,433 - INFO - [assist_09|assist_09_m3grid_prio_gdiag_0p12_full|lr=0.0003|drop=0.20] Total parameters: 1,783,663
2026-02-12 14:31:12,433 - INFO - [assist_09|assist_09_m3grid_prio_gdiag_0p12_full|lr=0.0003|drop=0.20] Trainable parameters: 1,783,663
2026-02-12 14:31:13,404 - INFO - [assist_09|assist_09_m3grid_prio_gdiag_0p12_full|lr=0.0003|drop=0.20] Starting training...
2026-02-12 14:31:49,889 - INFO - [assist_09|assist_09_m3grid_prio_gdiag_0p12_full|lr=0.0003|drop=0.20] Epoch [001/50] | Train: Loss=0.7575, BCE=0.5881, Reg=0.1694, AUC=0.6895, ACC=0.6939, RMSE=0.4483 | Val: Loss=0.7727, BCE=0.5636, Reg=0.2091, AUC=0.7308, ACC=0.7105, RMSE=0.4367
2026-02-12 14:31:49,889 - INFO - [assist_09|assist_09_m3grid_prio_gdiag_0p12_full|lr=0.0003|drop=0.20] [Reg Terms] Epoch [001] | Train: graph_entropy=0.153426, graph_diag=0.000975, graph_uniform=0.003837, graph_reg_scale=1.0000, mf_l2=0.000001, proto_div=0.000000, proto_usage=0.000000, personal_sparse=0.012919, alpha_var=-0.001783, reg_bce_ratio=0.2880 | Val: graph_entropy=0.200000, graph_diag=0.000976, graph_uniform=0.004000, graph_reg_scale=1.0000, mf_l2=0.000004, proto_div=0.000000, proto_usage=0.000000, personal_sparse=0.005617, alpha_var=-0.001458, reg_bce_ratio=0.3711
2026-02-12 14:31:50,160 - INFO - [assist_09|assist_09_m3grid_prio_gdiag_0p12_full|lr=0.0003|drop=0.20] [Diag][M3] Epoch [001] | residual_abs_mean=0.0610, residual_std=0.0360, mf_abs_mean=0.0610, mf_std=0.0360, gate_mean=0.3939, gate_std=0.0424, irt_abs_mean=1.2775, irt_std=0.5957, delta_abs_mean=0.0246, delta_std=0.0155, delta_over_irt=0.0193, graph_row_entropy=4.8122, graph_entropy_ratio=1.0000, alpha_mean=0.2355, alpha_std=0.4228, personal_row_entropy=0.8189
2026-02-12 14:31:50,160 - INFO - [assist_09|assist_09_m3grid_prio_gdiag_0p12_full|lr=0.0003|drop=0.20] [Diag][Graph] Epoch [001] | entropy_ratio=1.0000, diag_mass=0.0081, to_uniform_l2=0.000000, to_identity_l2=0.089800, tau_mean=1.0478, tau_std=0.0022, graph_reg_scale(train/val)=1.0000/1.0000
2026-02-12 14:31:50,160 - INFO - [assist_09|assist_09_m3grid_prio_gdiag_0p12_full|lr=0.0003|drop=0.20] [Grad Norms] Epoch [001] | mf_u_proj=0.003488, mf_v_proj=0.003287, fusion_gate=0.001025, q_gate_raw=0.000066, skill_latent=0.024962, relation_emb=2.151463e-01, relation_tau=3.450267e-08, relation_wq=1.032855e-05, relation_wk=7.861112e-06, personal_u=5.909352e-02, personal_v=2.735473e-02
2026-02-12 14:31:50,424 - INFO - [assist_09|assist_09_m3grid_prio_gdiag_0p12_full|lr=0.0003|drop=0.20] -> New best AUC=0.7308 at epoch 1
2026-02-12 14:32:25,555 - INFO - [assist_09|assist_09_m3grid_prio_gdiag_0p12_full|lr=0.0003|drop=0.20] Epoch [002/50] | Train: Loss=0.7038, BCE=0.5435, Reg=0.1603, AUC=0.7554, ACC=0.7276, RMSE=0.4270 | Val: Loss=0.7610, BCE=0.5540, Reg=0.2070, AUC=0.7455, ACC=0.7172, RMSE=0.4325
2026-02-12 14:32:25,556 - INFO - [assist_09|assist_09_m3grid_prio_gdiag_0p12_full|lr=0.0003|drop=0.20] [Reg Terms] Epoch [002] | Train: graph_entropy=0.153411, graph_diag=0.000974, graph_uniform=0.003837, graph_reg_scale=1.0000, mf_l2=0.000018, proto_div=0.000000, proto_usage=0.000000, personal_sparse=0.004362, alpha_var=-0.002326, reg_bce_ratio=0.2949 | Val: graph_entropy=0.200000, graph_diag=0.000976, graph_uniform=0.004000, graph_reg_scale=1.0000, mf_l2=0.000028, proto_div=0.000000, proto_usage=0.000000, personal_sparse=0.003502, alpha_var=-0.001503, reg_bce_ratio=0.3737
2026-02-12 14:32:25,863 - INFO - [assist_09|assist_09_m3grid_prio_gdiag_0p12_full|lr=0.0003|drop=0.20] [Diag][M3] Epoch [002] | residual_abs_mean=0.1765, residual_std=0.0806, mf_abs_mean=0.1765, mf_std=0.0806, gate_mean=0.6768, gate_std=0.1439, irt_abs_mean=1.2536, irt_std=0.5971, delta_abs_mean=0.1222, delta_std=0.0679, delta_over_irt=0.0975, graph_row_entropy=4.8122, graph_entropy_ratio=1.0000, alpha_mean=0.3985, alpha_std=0.4886, personal_row_entropy=0.6949
2026-02-12 14:32:25,864 - INFO - [assist_09|assist_09_m3grid_prio_gdiag_0p12_full|lr=0.0003|drop=0.20] [Diag][Graph] Epoch [002] | entropy_ratio=1.0000, diag_mass=0.0081, to_uniform_l2=0.000000, to_identity_l2=0.089800, tau_mean=0.8571, tau_std=0.0017, graph_reg_scale(train/val)=1.0000/1.0000
2026-02-12 14:32:25,864 - INFO - [assist_09|assist_09_m3grid_prio_gdiag_0p12_full|lr=0.0003|drop=0.20] [Grad Norms] Epoch [002] | mf_u_proj=0.006341, mf_v_proj=0.007056, fusion_gate=0.002750, q_gate_raw=0.000524, skill_latent=0.043600, relation_emb=2.108921e-01, relation_tau=4.479084e-11, relation_wq=4.885121e-07, relation_wk=2.200780e-07, personal_u=4.284680e-02, personal_v=2.034932e-02
2026-02-12 14:32:26,288 - INFO - [assist_09|assist_09_m3grid_prio_gdiag_0p12_full|lr=0.0003|drop=0.20] -> New best AUC=0.7455 at epoch 2
2026-02-12 14:33:01,025 - INFO - [assist_09|assist_09_m3grid_prio_gdiag_0p12_full|lr=0.0003|drop=0.20] Epoch [003/50] | Train: Loss=0.6756, BCE=0.5166, Reg=0.1590, AUC=0.7894, ACC=0.7413, RMSE=0.4147 | Val: Loss=0.7517, BCE=0.5455, Reg=0.2062, AUC=0.7582, ACC=0.7213, RMSE=0.4287
2026-02-12 14:33:01,026 - INFO - [assist_09|assist_09_m3grid_prio_gdiag_0p12_full|lr=0.0003|drop=0.20] [Reg Terms] Epoch [003] | Train: graph_entropy=0.153399, graph_diag=0.000975, graph_uniform=0.003837, graph_reg_scale=1.0000, mf_l2=0.000041, proto_div=0.000000, proto_usage=0.000000, personal_sparse=0.003075, alpha_var=-0.002360, reg_bce_ratio=0.3077 | Val: graph_entropy=0.200000, graph_diag=0.000976, graph_uniform=0.004000, graph_reg_scale=1.0000, mf_l2=0.000049, proto_div=0.000000, proto_usage=0.000000, personal_sparse=0.002667, alpha_var=-0.001540, reg_bce_ratio=0.3779
2026-02-12 14:33:01,232 - INFO - [assist_09|assist_09_m3grid_prio_gdiag_0p12_full|lr=0.0003|drop=0.20] [Diag][M3] Epoch [003] | residual_abs_mean=0.2621, residual_std=0.1434, mf_abs_mean=0.2621, mf_std=0.1434, gate_mean=0.8410, gate_std=0.1379, irt_abs_mean=1.2984, irt_std=0.6257, delta_abs_mean=0.2260, delta_std=0.1375, delta_over_irt=0.1740, graph_row_entropy=4.8122, graph_entropy_ratio=1.0000, alpha_mean=0.3987, alpha_std=0.4882, personal_row_entropy=0.7041
2026-02-12 14:33:01,232 - INFO - [assist_09|assist_09_m3grid_prio_gdiag_0p12_full|lr=0.0003|drop=0.20] [Diag][Graph] Epoch [003] | entropy_ratio=1.0000, diag_mass=0.0081, to_uniform_l2=0.000000, to_identity_l2=0.089800, tau_mean=0.7401, tau_std=0.0009, graph_reg_scale(train/val)=1.0000/1.0000
2026-02-12 14:33:01,232 - WARNING - [assist_09|assist_09_m3grid_prio_gdiag_0p12_full|lr=0.0003|drop=0.20] [Diag Warning][Graph] graph entropy ratio has stayed too high for 3 epoch(s): entropy_ratio=1.0000, to_uniform_l2=0.000000
2026-02-12 14:33:01,233 - INFO - [assist_09|assist_09_m3grid_prio_gdiag_0p12_full|lr=0.0003|drop=0.20] [Grad Norms] Epoch [003] | mf_u_proj=0.013548, mf_v_proj=0.014818, fusion_gate=0.003295, q_gate_raw=0.006557, skill_latent=0.082218, relation_emb=2.255367e-01, relation_tau=2.266007e-12, relation_wq=3.699662e-08, relation_wk=8.133111e-09, personal_u=7.065750e-02, personal_v=3.894264e-02
2026-02-12 14:33:01,615 - INFO - [assist_09|assist_09_m3grid_prio_gdiag_0p12_full|lr=0.0003|drop=0.20] -> New best AUC=0.7582 at epoch 3
2026-02-12 14:33:39,799 - INFO - [assist_09|assist_09_m3grid_prio_gdiag_0p12_full|lr=0.0003|drop=0.20] Epoch [004/50] | Train: Loss=0.6492, BCE=0.4909, Reg=0.1583, AUC=0.8198, ACC=0.7551, RMSE=0.4027 | Val: Loss=0.7455, BCE=0.5399, Reg=0.2056, AUC=0.7659, ACC=0.7291, RMSE=0.4258
2026-02-12 14:33:39,800 - INFO - [assist_09|assist_09_m3grid_prio_gdiag_0p12_full|lr=0.0003|drop=0.20] [Reg Terms] Epoch [004] | Train: graph_entropy=0.153392, graph_diag=0.000976, graph_uniform=0.003837, graph_reg_scale=1.0000, mf_l2=0.000059, proto_div=0.000000, proto_usage=0.000000, personal_sparse=0.002388, alpha_var=-0.002381, reg_bce_ratio=0.3224 | Val: graph_entropy=0.200000, graph_diag=0.000976, graph_uniform=0.004000, graph_reg_scale=1.0000, mf_l2=0.000065, proto_div=0.000000, proto_usage=0.000000, personal_sparse=0.002062, alpha_var=-0.001545, reg_bce_ratio=0.3807
2026-02-12 14:33:40,096 - INFO - [assist_09|assist_09_m3grid_prio_gdiag_0p12_full|lr=0.0003|drop=0.20] [Diag][M3] Epoch [004] | residual_abs_mean=0.3469, residual_std=0.1943, mf_abs_mean=0.3469, mf_std=0.1943, gate_mean=0.9003, gate_std=0.1336, irt_abs_mean=1.3361, irt_std=0.6664, delta_abs_mean=0.3145, delta_std=0.1915, delta_over_irt=0.2354, graph_row_entropy=4.8122, graph_entropy_ratio=1.0000, alpha_mean=0.3981, alpha_std=0.4856, personal_row_entropy=0.5213
2026-02-12 14:33:40,096 - INFO - [assist_09|assist_09_m3grid_prio_gdiag_0p12_full|lr=0.0003|drop=0.20] [Diag][Graph] Epoch [004] | entropy_ratio=1.0000, diag_mass=0.0081, to_uniform_l2=0.000000, to_identity_l2=0.089800, tau_mean=0.6977, tau_std=0.0001, graph_reg_scale(train/val)=1.0000/1.0000
2026-02-12 14:33:40,096 - WARNING - [assist_09|assist_09_m3grid_prio_gdiag_0p12_full|lr=0.0003|drop=0.20] [Diag Warning][M3] gate_mean has stayed high for 2 epoch(s): gate_mean=0.9003, gate_std=0.1336
2026-02-12 14:33:40,096 - WARNING - [assist_09|assist_09_m3grid_prio_gdiag_0p12_full|lr=0.0003|drop=0.20] [Diag Warning][M3] delta_over_irt has stayed high for 2 epoch(s): delta_over_irt=0.2354, delta_abs_mean=0.3145
2026-02-12 14:33:40,096 - WARNING - [assist_09|assist_09_m3grid_prio_gdiag_0p12_full|lr=0.0003|drop=0.20] [Diag Warning][Graph] graph entropy ratio has stayed too high for 4 epoch(s): entropy_ratio=1.0000, to_uniform_l2=0.000000
2026-02-12 14:33:40,097 - INFO - [assist_09|assist_09_m3grid_prio_gdiag_0p12_full|lr=0.0003|drop=0.20] [Grad Norms] Epoch [004] | mf_u_proj=0.017439, mf_v_proj=0.021215, fusion_gate=0.001593, q_gate_raw=0.006000, skill_latent=0.101240, relation_emb=1.685008e-01, relation_tau=3.322592e-08, relation_wq=2.982623e-06, relation_wk=2.404054e-06, personal_u=1.077801e-01, personal_v=3.785348e-02
2026-02-12 14:33:40,549 - INFO - [assist_09|assist_09_m3grid_prio_gdiag_0p12_full|lr=0.0003|drop=0.20] -> New best AUC=0.7659 at epoch 4
2026-02-12 14:34:15,876 - INFO - [assist_09|assist_09_m3grid_prio_gdiag_0p12_full|lr=0.0003|drop=0.20] Epoch [005/50] | Train: Loss=0.6199, BCE=0.4621, Reg=0.1578, AUC=0.8500, ACC=0.7743, RMSE=0.3885 | Val: Loss=0.7432, BCE=0.5381, Reg=0.2051, AUC=0.7717, ACC=0.7306, RMSE=0.4247
2026-02-12 14:34:15,876 - INFO - [assist_09|assist_09_m3grid_prio_gdiag_0p12_full|lr=0.0003|drop=0.20] [Reg Terms] Epoch [005] | Train: graph_entropy=0.153412, graph_diag=0.000975, graph_uniform=0.003837, graph_reg_scale=1.0000, mf_l2=0.000071, proto_div=0.000000, proto_usage=0.000000, personal_sparse=0.001853, alpha_var=-0.002383, reg_bce_ratio=0.3414 | Val: graph_entropy=0.200000, graph_diag=0.000976, graph_uniform=0.004000, graph_reg_scale=1.0000, mf_l2=0.000076, proto_div=0.000000, proto_usage=0.000000, personal_sparse=0.001632, alpha_var=-0.001551, reg_bce_ratio=0.3812
2026-02-12 14:34:16,056 - INFO - [assist_09|assist_09_m3grid_prio_gdiag_0p12_full|lr=0.0003|drop=0.20] [Diag][M3] Epoch [005] | residual_abs_mean=0.3800, residual_std=0.2281, mf_abs_mean=0.3800, mf_std=0.2281, gate_mean=0.9264, gate_std=0.1339, irt_abs_mean=1.4203, irt_std=0.6831, delta_abs_mean=0.3504, delta_std=0.2210, delta_over_irt=0.2467, graph_row_entropy=4.8122, graph_entropy_ratio=1.0000, alpha_mean=0.3981, alpha_std=0.4881, personal_row_entropy=0.3868
2026-02-12 14:34:16,056 - INFO - [assist_09|assist_09_m3grid_prio_gdiag_0p12_full|lr=0.0003|drop=0.20] [Diag][Graph] Epoch [005] | entropy_ratio=1.0000, diag_mass=0.0081, to_uniform_l2=0.000000, to_identity_l2=0.089800, tau_mean=0.6932, tau_std=0.0001, graph_reg_scale(train/val)=1.0000/1.0000
2026-02-12 14:34:16,056 - WARNING - [assist_09|assist_09_m3grid_prio_gdiag_0p12_full|lr=0.0003|drop=0.20] [Diag Warning][M3] gate_mean has stayed high for 3 epoch(s): gate_mean=0.9264, gate_std=0.1339
2026-02-12 14:34:16,056 - WARNING - [assist_09|assist_09_m3grid_prio_gdiag_0p12_full|lr=0.0003|drop=0.20] [Diag Warning][M3] delta_over_irt has stayed high for 3 epoch(s): delta_over_irt=0.2467, delta_abs_mean=0.3504
2026-02-12 14:34:16,056 - WARNING - [assist_09|assist_09_m3grid_prio_gdiag_0p12_full|lr=0.0003|drop=0.20] [Diag Warning][Graph] graph entropy ratio has stayed too high for 5 epoch(s): entropy_ratio=1.0000, to_uniform_l2=0.000000
2026-02-12 14:34:16,056 - INFO - [assist_09|assist_09_m3grid_prio_gdiag_0p12_full|lr=0.0003|drop=0.20] [Grad Norms] Epoch [005] | mf_u_proj=0.030659, mf_v_proj=0.031296, fusion_gate=0.003798, q_gate_raw=0.001032, skill_latent=0.140258, relation_emb=2.098766e-01, relation_tau=2.205832e-07, relation_wq=8.642612e-06, relation_wk=7.054900e-06, personal_u=2.808375e-01, personal_v=7.298690e-02
2026-02-12 14:34:16,462 - INFO - [assist_09|assist_09_m3grid_prio_gdiag_0p12_full|lr=0.0003|drop=0.20] -> New best AUC=0.7717 at epoch 5
2026-02-12 14:34:54,653 - INFO - [assist_09|assist_09_m3grid_prio_gdiag_0p12_full|lr=0.0003|drop=0.20] Epoch [006/50] | Train: Loss=0.5899, BCE=0.4324, Reg=0.1574, AUC=0.8766, ACC=0.7960, RMSE=0.3733 | Val: Loss=0.7390, BCE=0.5340, Reg=0.2049, AUC=0.7759, ACC=0.7339, RMSE=0.4225
2026-02-12 14:34:54,653 - INFO - [assist_09|assist_09_m3grid_prio_gdiag_0p12_full|lr=0.0003|drop=0.20] [Reg Terms] Epoch [006] | Train: graph_entropy=0.153413, graph_diag=0.000976, graph_uniform=0.003837, graph_reg_scale=1.0000, mf_l2=0.000081, proto_div=0.000000, proto_usage=0.000000, personal_sparse=0.001524, alpha_var=-0.002388, reg_bce_ratio=0.3641 | Val: graph_entropy=0.200000, graph_diag=0.000976, graph_uniform=0.004000, graph_reg_scale=1.0000, mf_l2=0.000084, proto_div=0.000000, proto_usage=0.000000, personal_sparse=0.001427, alpha_var=-0.001547, reg_bce_ratio=0.3838
2026-02-12 14:34:54,966 - INFO - [assist_09|assist_09_m3grid_prio_gdiag_0p12_full|lr=0.0003|drop=0.20] [Diag][M3] Epoch [006] | residual_abs_mean=0.4396, residual_std=0.2778, mf_abs_mean=0.4396, mf_std=0.2778, gate_mean=0.9490, gate_std=0.1128, irt_abs_mean=1.4970, irt_std=0.7412, delta_abs_mean=0.4134, delta_std=0.2644, delta_over_irt=0.2762, graph_row_entropy=4.8122, graph_entropy_ratio=1.0000, alpha_mean=0.3988, alpha_std=0.4891, personal_row_entropy=0.4021
2026-02-12 14:34:54,966 - INFO - [assist_09|assist_09_m3grid_prio_gdiag_0p12_full|lr=0.0003|drop=0.20] [Diag][Graph] Epoch [006] | entropy_ratio=1.0000, diag_mass=0.0081, to_uniform_l2=0.000000, to_identity_l2=0.089800, tau_mean=0.6932, tau_std=0.0000, graph_reg_scale(train/val)=1.0000/1.0000
2026-02-12 14:34:54,966 - WARNING - [assist_09|assist_09_m3grid_prio_gdiag_0p12_full|lr=0.0003|drop=0.20] [Diag Warning][M3] gate_mean has stayed high for 4 epoch(s): gate_mean=0.9490, gate_std=0.1128
2026-02-12 14:34:54,966 - WARNING - [assist_09|assist_09_m3grid_prio_gdiag_0p12_full|lr=0.0003|drop=0.20] [Diag Warning][M3] delta_over_irt has stayed high for 4 epoch(s): delta_over_irt=0.2762, delta_abs_mean=0.4134
2026-02-12 14:34:54,966 - WARNING - [assist_09|assist_09_m3grid_prio_gdiag_0p12_full|lr=0.0003|drop=0.20] [Diag Warning][Graph] graph entropy ratio has stayed too high for 6 epoch(s): entropy_ratio=1.0000, to_uniform_l2=0.000000
2026-02-12 14:34:54,966 - INFO - [assist_09|assist_09_m3grid_prio_gdiag_0p12_full|lr=0.0003|drop=0.20] [Grad Norms] Epoch [006] | mf_u_proj=0.041561, mf_v_proj=0.039589, fusion_gate=0.004258, q_gate_raw=0.005304, skill_latent=0.165004, relation_emb=2.133559e-01, relation_tau=6.960277e-09, relation_wq=1.158895e-06, relation_wk=2.877375e-06, personal_u=1.427172e-01, personal_v=4.842617e-02
2026-02-12 14:34:55,406 - INFO - [assist_09|assist_09_m3grid_prio_gdiag_0p12_full|lr=0.0003|drop=0.20] -> New best AUC=0.7759 at epoch 6
2026-02-12 14:35:35,454 - INFO - [assist_09|assist_09_m3grid_prio_gdiag_0p12_full|lr=0.0003|drop=0.20] Epoch [007/50] | Train: Loss=0.5617, BCE=0.4045, Reg=0.1572, AUC=0.8972, ACC=0.8170, RMSE=0.3582 | Val: Loss=0.7360, BCE=0.5313, Reg=0.2047, AUC=0.7781, ACC=0.7389, RMSE=0.4207
2026-02-12 14:35:35,454 - INFO - [assist_09|assist_09_m3grid_prio_gdiag_0p12_full|lr=0.0003|drop=0.20] [Reg Terms] Epoch [007] | Train: graph_entropy=0.153406, graph_diag=0.000976, graph_uniform=0.003837, graph_reg_scale=1.0000, mf_l2=0.000089, proto_div=0.000000, proto_usage=0.000000, personal_sparse=0.001299, alpha_var=-0.002387, reg_bce_ratio=0.3887 | Val: graph_entropy=0.200000, graph_diag=0.000976, graph_uniform=0.004000, graph_reg_scale=1.0000, mf_l2=0.000093, proto_div=0.000000, proto_usage=0.000000, personal_sparse=0.001196, alpha_var=-0.001549, reg_bce_ratio=0.3853
2026-02-12 14:35:35,756 - INFO - [assist_09|assist_09_m3grid_prio_gdiag_0p12_full|lr=0.0003|drop=0.20] [Diag][M3] Epoch [007] | residual_abs_mean=0.4908, residual_std=0.3303, mf_abs_mean=0.4908, mf_std=0.3303, gate_mean=0.9606, gate_std=0.0935, irt_abs_mean=1.5488, irt_std=0.7350, delta_abs_mean=0.4691, delta_std=0.3166, delta_over_irt=0.3029, graph_row_entropy=4.8122, graph_entropy_ratio=1.0000, alpha_mean=0.3987, alpha_std=0.4886, personal_row_entropy=0.3194
2026-02-12 14:35:35,756 - INFO - [assist_09|assist_09_m3grid_prio_gdiag_0p12_full|lr=0.0003|drop=0.20] [Diag][Graph] Epoch [007] | entropy_ratio=1.0000, diag_mass=0.0081, to_uniform_l2=0.000000, to_identity_l2=0.089800, tau_mean=0.6929, tau_std=0.0002, graph_reg_scale(train/val)=1.0000/1.0000
2026-02-12 14:35:35,756 - WARNING - [assist_09|assist_09_m3grid_prio_gdiag_0p12_full|lr=0.0003|drop=0.20] [Diag Warning][M3] gate_mean has stayed high for 5 epoch(s): gate_mean=0.9606, gate_std=0.0935
2026-02-12 14:35:35,756 - WARNING - [assist_09|assist_09_m3grid_prio_gdiag_0p12_full|lr=0.0003|drop=0.20] [Diag Warning][M3] delta_over_irt has stayed high for 5 epoch(s): delta_over_irt=0.3029, delta_abs_mean=0.4691
2026-02-12 14:35:35,757 - WARNING - [assist_09|assist_09_m3grid_prio_gdiag_0p12_full|lr=0.0003|drop=0.20] [Diag Warning][Graph] graph entropy ratio has stayed too high for 7 epoch(s): entropy_ratio=1.0000, to_uniform_l2=0.000000
2026-02-12 14:35:35,757 - INFO - [assist_09|assist_09_m3grid_prio_gdiag_0p12_full|lr=0.0003|drop=0.20] [Grad Norms] Epoch [007] | mf_u_proj=0.046024, mf_v_proj=0.045802, fusion_gate=0.001574, q_gate_raw=0.003684, skill_latent=0.191022, relation_emb=2.574897e-01, relation_tau=1.226039e-07, relation_wq=7.541305e-06, relation_wk=3.103733e-06, personal_u=1.576858e-01, personal_v=4.798404e-02
2026-02-12 14:35:36,191 - INFO - [assist_09|assist_09_m3grid_prio_gdiag_0p12_full|lr=0.0003|drop=0.20] -> New best AUC=0.7781 at epoch 7
2026-02-12 14:36:18,431 - INFO - [assist_09|assist_09_m3grid_prio_gdiag_0p12_full|lr=0.0003|drop=0.20] Epoch [008/50] | Train: Loss=0.5356, BCE=0.3786, Reg=0.1570, AUC=0.9132, ACC=0.8359, RMSE=0.3440 | Val: Loss=0.7349, BCE=0.5304, Reg=0.2046, AUC=0.7795, ACC=0.7406, RMSE=0.4198
2026-02-12 14:36:18,431 - INFO - [assist_09|assist_09_m3grid_prio_gdiag_0p12_full|lr=0.0003|drop=0.20] [Reg Terms] Epoch [008] | Train: graph_entropy=0.153405, graph_diag=0.000975, graph_uniform=0.003837, graph_reg_scale=1.0000, mf_l2=0.000097, proto_div=0.000000, proto_usage=0.000000, personal_sparse=0.001113, alpha_var=-0.002386, reg_bce_ratio=0.4148 | Val: graph_entropy=0.200000, graph_diag=0.000976, graph_uniform=0.004000, graph_reg_scale=1.0000, mf_l2=0.000099, proto_div=0.000000, proto_usage=0.000000, personal_sparse=0.001039, alpha_var=-0.001550, reg_bce_ratio=0.3857
2026-02-12 14:36:18,643 - INFO - [assist_09|assist_09_m3grid_prio_gdiag_0p12_full|lr=0.0003|drop=0.20] [Diag][M3] Epoch [008] | residual_abs_mean=0.5509, residual_std=0.3626, mf_abs_mean=0.5509, mf_std=0.3626, gate_mean=0.9645, gate_std=0.0721, irt_abs_mean=1.5120, irt_std=0.7981, delta_abs_mean=0.5270, delta_std=0.3477, delta_over_irt=0.3485, graph_row_entropy=4.8122, graph_entropy_ratio=1.0000, alpha_mean=0.3981, alpha_std=0.4886, personal_row_entropy=0.1796
2026-02-12 14:36:18,644 - INFO - [assist_09|assist_09_m3grid_prio_gdiag_0p12_full|lr=0.0003|drop=0.20] [Diag][Graph] Epoch [008] | entropy_ratio=1.0000, diag_mass=0.0081, to_uniform_l2=0.000000, to_identity_l2=0.089800, tau_mean=0.6934, tau_std=0.0001, graph_reg_scale(train/val)=1.0000/1.0000
2026-02-12 14:36:18,644 - WARNING - [assist_09|assist_09_m3grid_prio_gdiag_0p12_full|lr=0.0003|drop=0.20] [Diag Warning][M3] gate_mean has stayed high for 6 epoch(s): gate_mean=0.9645, gate_std=0.0721
2026-02-12 14:36:18,644 - WARNING - [assist_09|assist_09_m3grid_prio_gdiag_0p12_full|lr=0.0003|drop=0.20] [Diag Warning][M3] delta_over_irt has stayed high for 6 epoch(s): delta_over_irt=0.3485, delta_abs_mean=0.5270
2026-02-12 14:36:18,644 - WARNING - [assist_09|assist_09_m3grid_prio_gdiag_0p12_full|lr=0.0003|drop=0.20] [Diag Warning][Graph] graph entropy ratio has stayed too high for 8 epoch(s): entropy_ratio=1.0000, to_uniform_l2=0.000000
2026-02-12 14:36:18,644 - INFO - [assist_09|assist_09_m3grid_prio_gdiag_0p12_full|lr=0.0003|drop=0.20] [Grad Norms] Epoch [008] | mf_u_proj=0.045672, mf_v_proj=0.046922, fusion_gate=0.001563, q_gate_raw=0.000973, skill_latent=0.189592, relation_emb=2.048460e-01, relation_tau=2.106158e-08, relation_wq=7.105026e-06, relation_wk=9.722030e-07, personal_u=1.029256e-01, personal_v=4.131336e-02
2026-02-12 14:36:19,007 - INFO - [assist_09|assist_09_m3grid_prio_gdiag_0p12_full|lr=0.0003|drop=0.20] -> New best AUC=0.7795 at epoch 8
2026-02-12 14:37:00,441 - INFO - [assist_09|assist_09_m3grid_prio_gdiag_0p12_full|lr=0.0003|drop=0.20] Epoch [009/50] | Train: Loss=0.5129, BCE=0.3560, Reg=0.1569, AUC=0.9249, ACC=0.8505, RMSE=0.3315 | Val: Loss=0.7375, BCE=0.5330, Reg=0.2045, AUC=0.7812, ACC=0.7425, RMSE=0.4202
2026-02-12 14:37:00,441 - INFO - [assist_09|assist_09_m3grid_prio_gdiag_0p12_full|lr=0.0003|drop=0.20] [Reg Terms] Epoch [009] | Train: graph_entropy=0.153408, graph_diag=0.000975, graph_uniform=0.003837, graph_reg_scale=1.0000, mf_l2=0.000104, proto_div=0.000000, proto_usage=0.000000, personal_sparse=0.000979, alpha_var=-0.002392, reg_bce_ratio=0.4408 | Val: graph_entropy=0.200000, graph_diag=0.000976, graph_uniform=0.004000, graph_reg_scale=1.0000, mf_l2=0.000107, proto_div=0.000000, proto_usage=0.000000, personal_sparse=0.000909, alpha_var=-0.001537, reg_bce_ratio=0.3836
2026-02-12 14:37:00,657 - INFO - [assist_09|assist_09_m3grid_prio_gdiag_0p12_full|lr=0.0003|drop=0.20] [Diag][M3] Epoch [009] | residual_abs_mean=0.6326, residual_std=0.3932, mf_abs_mean=0.6326, mf_std=0.3932, gate_mean=0.9734, gate_std=0.0703, irt_abs_mean=1.5810, irt_std=0.7897, delta_abs_mean=0.6129, delta_std=0.3847, delta_over_irt=0.3877, graph_row_entropy=4.8122, graph_entropy_ratio=1.0000, alpha_mean=0.3988, alpha_std=0.4890, personal_row_entropy=0.2350
2026-02-12 14:37:00,657 - INFO - [assist_09|assist_09_m3grid_prio_gdiag_0p12_full|lr=0.0003|drop=0.20] [Diag][Graph] Epoch [009] | entropy_ratio=1.0000, diag_mass=0.0081, to_uniform_l2=0.000000, to_identity_l2=0.089800, tau_mean=0.6933, tau_std=0.0001, graph_reg_scale(train/val)=1.0000/1.0000
2026-02-12 14:37:00,657 - WARNING - [assist_09|assist_09_m3grid_prio_gdiag_0p12_full|lr=0.0003|drop=0.20] [Diag Warning][M3] gate_mean has stayed high for 7 epoch(s): gate_mean=0.9734, gate_std=0.0703
2026-02-12 14:37:00,657 - WARNING - [assist_09|assist_09_m3grid_prio_gdiag_0p12_full|lr=0.0003|drop=0.20] [Diag Warning][M3] delta_over_irt has stayed high for 7 epoch(s): delta_over_irt=0.3877, delta_abs_mean=0.6129
2026-02-12 14:37:00,657 - WARNING - [assist_09|assist_09_m3grid_prio_gdiag_0p12_full|lr=0.0003|drop=0.20] [Diag Warning][Graph] graph entropy ratio has stayed too high for 9 epoch(s): entropy_ratio=1.0000, to_uniform_l2=0.000000
2026-02-12 14:37:00,657 - INFO - [assist_09|assist_09_m3grid_prio_gdiag_0p12_full|lr=0.0003|drop=0.20] [Grad Norms] Epoch [009] | mf_u_proj=0.053749, mf_v_proj=0.054034, fusion_gate=0.002799, q_gate_raw=0.002996, skill_latent=0.210766, relation_emb=2.078795e-01, relation_tau=1.541101e-08, relation_wq=4.167930e-06, relation_wk=2.068829e-06, personal_u=4.999278e-02, personal_v=1.541480e-02
2026-02-12 14:37:01,076 - INFO - [assist_09|assist_09_m3grid_prio_gdiag_0p12_full|lr=0.0003|drop=0.20] -> New best AUC=0.7812 at epoch 9
2026-02-12 14:37:42,223 - INFO - [assist_09|assist_09_m3grid_prio_gdiag_0p12_full|lr=0.0003|drop=0.20] Epoch [010/50] | Train: Loss=0.4937, BCE=0.3369, Reg=0.1568, AUC=0.9340, ACC=0.8611, RMSE=0.3209 | Val: Loss=0.7387, BCE=0.5343, Reg=0.2044, AUC=0.7817, ACC=0.7421, RMSE=0.4201
2026-02-12 14:37:42,223 - INFO - [assist_09|assist_09_m3grid_prio_gdiag_0p12_full|lr=0.0003|drop=0.20] [Reg Terms] Epoch [010] | Train: graph_entropy=0.153424, graph_diag=0.000975, graph_uniform=0.003837, graph_reg_scale=1.0000, mf_l2=0.000110, proto_div=0.000000, proto_usage=0.000000, personal_sparse=0.000853, alpha_var=-0.002393, reg_bce_ratio=0.4654 | Val: graph_entropy=0.200000, graph_diag=0.000976, graph_uniform=0.004000, graph_reg_scale=1.0000, mf_l2=0.000113, proto_div=0.000000, proto_usage=0.000000, personal_sparse=0.000820, alpha_var=-0.001539, reg_bce_ratio=0.3825
2026-02-12 14:37:42,441 - INFO - [assist_09|assist_09_m3grid_prio_gdiag_0p12_full|lr=0.0003|drop=0.20] [Diag][M3] Epoch [010] | residual_abs_mean=0.7097, residual_std=0.4285, mf_abs_mean=0.7097, mf_std=0.4285, gate_mean=0.9828, gate_std=0.0448, irt_abs_mean=1.6374, irt_std=0.7748, delta_abs_mean=0.6953, delta_std=0.4199, delta_over_irt=0.4246, graph_row_entropy=4.8122, graph_entropy_ratio=1.0000, alpha_mean=0.3989, alpha_std=0.4892, personal_row_entropy=0.2382
2026-02-12 14:37:42,441 - INFO - [assist_09|assist_09_m3grid_prio_gdiag_0p12_full|lr=0.0003|drop=0.20] [Diag][Graph] Epoch [010] | entropy_ratio=1.0000, diag_mass=0.0081, to_uniform_l2=0.000000, to_identity_l2=0.089800, tau_mean=0.6935, tau_std=0.0004, graph_reg_scale(train/val)=1.0000/1.0000
2026-02-12 14:37:42,441 - WARNING - [assist_09|assist_09_m3grid_prio_gdiag_0p12_full|lr=0.0003|drop=0.20] [Diag Warning][M3] gate_mean has stayed high for 8 epoch(s): gate_mean=0.9828, gate_std=0.0448
2026-02-12 14:37:42,441 - WARNING - [assist_09|assist_09_m3grid_prio_gdiag_0p12_full|lr=0.0003|drop=0.20] [Diag Warning][M3] delta_over_irt has stayed high for 8 epoch(s): delta_over_irt=0.4246, delta_abs_mean=0.6953
2026-02-12 14:37:42,441 - WARNING - [assist_09|assist_09_m3grid_prio_gdiag_0p12_full|lr=0.0003|drop=0.20] [Diag Warning][Graph] graph entropy ratio has stayed too high for 10 epoch(s): entropy_ratio=1.0000, to_uniform_l2=0.000000
2026-02-12 14:37:42,442 - INFO - [assist_09|assist_09_m3grid_prio_gdiag_0p12_full|lr=0.0003|drop=0.20] [Grad Norms] Epoch [010] | mf_u_proj=0.059735, mf_v_proj=0.062736, fusion_gate=0.000567, q_gate_raw=0.005573, skill_latent=0.232257, relation_emb=2.254375e-01, relation_tau=1.327280e-07, relation_wq=1.183024e-05, relation_wk=4.355941e-06, personal_u=3.183709e-02, personal_v=9.004708e-03
2026-02-12 14:37:42,804 - INFO - [assist_09|assist_09_m3grid_prio_gdiag_0p12_full|lr=0.0003|drop=0.20] -> New best AUC=0.7817 at epoch 10
2026-02-12 14:37:42,889 - INFO - [assist_09|assist_09_m3grid_prio_gdiag_0p12_full|lr=0.0003|drop=0.20] Checkpoint saved: checkpoints/assist_09_m3grid/seed42/prio_gdiag_0p12_full/checkpoint_epoch_10.pth
2026-02-12 14:37:43,168 - INFO - [assist_09|assist_09_m3grid_prio_gdiag_0p12_full|lr=0.0003|drop=0.20] [Module Activity] Epoch 10: Graph✗ Personal✓ MF✓
2026-02-12 14:38:21,598 - INFO - [assist_09|assist_09_m3grid_prio_gdiag_0p12_full|lr=0.0003|drop=0.20] Epoch [011/50] | Train: Loss=0.4771, BCE=0.3204, Reg=0.1567, AUC=0.9411, ACC=0.8707, RMSE=0.3115 | Val: Loss=0.7448, BCE=0.5405, Reg=0.2043, AUC=0.7811, ACC=0.7417, RMSE=0.4216
2026-02-12 14:38:21,599 - INFO - [assist_09|assist_09_m3grid_prio_gdiag_0p12_full|lr=0.0003|drop=0.20] [Reg Terms] Epoch [011] | Train: graph_entropy=0.153382, graph_diag=0.000977, graph_uniform=0.003837, graph_reg_scale=1.0000, mf_l2=0.000116, proto_div=0.000000, proto_usage=0.000000, personal_sparse=0.000778, alpha_var=-0.002395, reg_bce_ratio=0.4891 | Val: graph_entropy=0.200000, graph_diag=0.000976, graph_uniform=0.004000, graph_reg_scale=1.0000, mf_l2=0.000117, proto_div=0.000000, proto_usage=0.000000, personal_sparse=0.000746, alpha_var=-0.001537, reg_bce_ratio=0.3780
2026-02-12 14:38:21,820 - INFO - [assist_09|assist_09_m3grid_prio_gdiag_0p12_full|lr=0.0003|drop=0.20] [Diag][M3] Epoch [011] | residual_abs_mean=0.7880, residual_std=0.4833, mf_abs_mean=0.7880, mf_std=0.4833, gate_mean=0.9860, gate_std=0.0227, irt_abs_mean=1.5570, irt_std=0.8286, delta_abs_mean=0.7768, delta_std=0.4779, delta_over_irt=0.4989, graph_row_entropy=4.8122, graph_entropy_ratio=1.0000, alpha_mean=0.3985, alpha_std=0.4889, personal_row_entropy=0.1654
2026-02-12 14:38:21,820 - INFO - [assist_09|assist_09_m3grid_prio_gdiag_0p12_full|lr=0.0003|drop=0.20] [Diag][Graph] Epoch [011] | entropy_ratio=1.0000, diag_mass=0.0081, to_uniform_l2=0.000000, to_identity_l2=0.089800, tau_mean=0.6932, tau_std=0.0000, graph_reg_scale(train/val)=1.0000/1.0000
2026-02-12 14:38:21,820 - WARNING - [assist_09|assist_09_m3grid_prio_gdiag_0p12_full|lr=0.0003|drop=0.20] [Diag Warning][M3] gate_mean has stayed high for 9 epoch(s): gate_mean=0.9860, gate_std=0.0227
2026-02-12 14:38:21,820 - WARNING - [assist_09|assist_09_m3grid_prio_gdiag_0p12_full|lr=0.0003|drop=0.20] [Diag Warning][M3] delta_over_irt has stayed high for 9 epoch(s): delta_over_irt=0.4989, delta_abs_mean=0.7768
2026-02-12 14:38:21,820 - WARNING - [assist_09|assist_09_m3grid_prio_gdiag_0p12_full|lr=0.0003|drop=0.20] [Diag Warning][Graph] graph entropy ratio has stayed too high for 11 epoch(s): entropy_ratio=1.0000, to_uniform_l2=0.000000
2026-02-12 14:38:21,821 - INFO - [assist_09|assist_09_m3grid_prio_gdiag_0p12_full|lr=0.0003|drop=0.20] [Grad Norms] Epoch [011] | mf_u_proj=0.076823, mf_v_proj=0.084447, fusion_gate=0.002046, q_gate_raw=0.002856, skill_latent=0.323503, relation_emb=2.632871e-01, relation_tau=9.383340e-09, relation_wq=3.356745e-06, relation_wk=1.296999e-06, personal_u=1.768604e-02, personal_v=4.560225e-03
2026-02-12 14:38:21,821 - INFO - [assist_09|assist_09_m3grid_prio_gdiag_0p12_full|lr=0.0003|drop=0.20] -> No improvement 1 epoch(s) (best AUC=0.7817 @ 10)
2026-02-12 14:39:01,984 - INFO - [assist_09|assist_09_m3grid_prio_gdiag_0p12_full|lr=0.0003|drop=0.20] Epoch [012/50] | Train: Loss=0.4629, BCE=0.3062, Reg=0.1567, AUC=0.9467, ACC=0.8785, RMSE=0.3034 | Val: Loss=0.7478, BCE=0.5435, Reg=0.2043, AUC=0.7815, ACC=0.7417, RMSE=0.4222
2026-02-12 14:39:01,985 - INFO - [assist_09|assist_09_m3grid_prio_gdiag_0p12_full|lr=0.0003|drop=0.20] [Reg Terms] Epoch [012] | Train: graph_entropy=0.153411, graph_diag=0.000977, graph_uniform=0.003837, graph_reg_scale=1.0000, mf_l2=0.000119, proto_div=0.000000, proto_usage=0.000000, personal_sparse=0.000722, alpha_var=-0.002396, reg_bce_ratio=0.5116 | Val: graph_entropy=0.200000, graph_diag=0.000976, graph_uniform=0.004000, graph_reg_scale=1.0000, mf_l2=0.000121, proto_div=0.000000, proto_usage=0.000000, personal_sparse=0.000711, alpha_var=-0.001533, reg_bce_ratio=0.3758
2026-02-12 14:39:02,216 - INFO - [assist_09|assist_09_m3grid_prio_gdiag_0p12_full|lr=0.0003|drop=0.20] [Diag][M3] Epoch [012] | residual_abs_mean=0.8464, residual_std=0.5139, mf_abs_mean=0.8464, mf_std=0.5139, gate_mean=0.9883, gate_std=0.0278, irt_abs_mean=1.5476, irt_std=0.8668, delta_abs_mean=0.8349, delta_std=0.5066, delta_over_irt=0.5395, graph_row_entropy=4.8122, graph_entropy_ratio=1.0000, alpha_mean=0.3985, alpha_std=0.4892, personal_row_entropy=0.1604
2026-02-12 14:39:02,216 - INFO - [assist_09|assist_09_m3grid_prio_gdiag_0p12_full|lr=0.0003|drop=0.20] [Diag][Graph] Epoch [012] | entropy_ratio=1.0000, diag_mass=0.0081, to_uniform_l2=0.000000, to_identity_l2=0.089800, tau_mean=0.6932, tau_std=0.0000, graph_reg_scale(train/val)=1.0000/1.0000
2026-02-12 14:39:02,216 - WARNING - [assist_09|assist_09_m3grid_prio_gdiag_0p12_full|lr=0.0003|drop=0.20] [Diag Warning][M3] gate_mean has stayed high for 10 epoch(s): gate_mean=0.9883, gate_std=0.0278
2026-02-12 14:39:02,216 - WARNING - [assist_09|assist_09_m3grid_prio_gdiag_0p12_full|lr=0.0003|drop=0.20] [Diag Warning][M3] delta_over_irt has stayed high for 10 epoch(s): delta_over_irt=0.5395, delta_abs_mean=0.8349
2026-02-12 14:39:02,216 - WARNING - [assist_09|assist_09_m3grid_prio_gdiag_0p12_full|lr=0.0003|drop=0.20] [Diag Warning][Graph] graph entropy ratio has stayed too high for 12 epoch(s): entropy_ratio=1.0000, to_uniform_l2=0.000000
2026-02-12 14:39:02,216 - INFO - [assist_09|assist_09_m3grid_prio_gdiag_0p12_full|lr=0.0003|drop=0.20] [Grad Norms] Epoch [012] | mf_u_proj=0.097458, mf_v_proj=0.100239, fusion_gate=0.001334, q_gate_raw=0.002067, skill_latent=0.353559, relation_emb=2.316677e-01, relation_tau=8.031904e-10, relation_wq=8.245705e-07, relation_wk=3.173853e-07, personal_u=1.710907e-02, personal_v=9.562470e-03
2026-02-12 14:39:02,216 - INFO - [assist_09|assist_09_m3grid_prio_gdiag_0p12_full|lr=0.0003|drop=0.20] -> No improvement 2 epoch(s) (best AUC=0.7817 @ 10)
2026-02-12 14:39:42,064 - INFO - [assist_09|assist_09_m3grid_prio_gdiag_0p12_full|lr=0.0003|drop=0.20] Epoch [013/50] | Train: Loss=0.4504, BCE=0.2938, Reg=0.1566, AUC=0.9513, ACC=0.8850, RMSE=0.2962 | Val: Loss=0.7530, BCE=0.5488, Reg=0.2042, AUC=0.7812, ACC=0.7421, RMSE=0.4234
2026-02-12 14:39:42,064 - INFO - [assist_09|assist_09_m3grid_prio_gdiag_0p12_full|lr=0.0003|drop=0.20] [Reg Terms] Epoch [013] | Train: graph_entropy=0.153403, graph_diag=0.000975, graph_uniform=0.003837, graph_reg_scale=1.0000, mf_l2=0.000124, proto_div=0.000000, proto_usage=0.000000, personal_sparse=0.000700, alpha_var=-0.002397, reg_bce_ratio=0.5332 | Val: graph_entropy=0.200000, graph_diag=0.000975, graph_uniform=0.004000, graph_reg_scale=1.0000, mf_l2=0.000127, proto_div=0.000000, proto_usage=0.000000, personal_sparse=0.000653, alpha_var=-0.001538, reg_bce_ratio=0.3721
2026-02-12 14:39:42,269 - INFO - [assist_09|assist_09_m3grid_prio_gdiag_0p12_full|lr=0.0003|drop=0.20] [Diag][M3] Epoch [013] | residual_abs_mean=0.8903, residual_std=0.5310, mf_abs_mean=0.8903, mf_std=0.5310, gate_mean=0.9916, gate_std=0.0190, irt_abs_mean=1.6313, irt_std=0.8661, delta_abs_mean=0.8814, delta_std=0.5244, delta_over_irt=0.5403, graph_row_entropy=4.8122, graph_entropy_ratio=1.0000, alpha_mean=0.3985, alpha_std=0.4892, personal_row_entropy=0.1644
2026-02-12 14:39:42,269 - INFO - [assist_09|assist_09_m3grid_prio_gdiag_0p12_full|lr=0.0003|drop=0.20] [Diag][Graph] Epoch [013] | entropy_ratio=1.0000, diag_mass=0.0081, to_uniform_l2=0.000003, to_identity_l2=0.089800, tau_mean=0.6901, tau_std=0.0006, graph_reg_scale(train/val)=1.0000/1.0000
2026-02-12 14:39:42,269 - WARNING - [assist_09|assist_09_m3grid_prio_gdiag_0p12_full|lr=0.0003|drop=0.20] [Diag Warning][M3] gate_mean has stayed high for 11 epoch(s): gate_mean=0.9916, gate_std=0.0190
2026-02-12 14:39:42,269 - WARNING - [assist_09|assist_09_m3grid_prio_gdiag_0p12_full|lr=0.0003|drop=0.20] [Diag Warning][M3] delta_over_irt has stayed high for 11 epoch(s): delta_over_irt=0.5403, delta_abs_mean=0.8814
2026-02-12 14:39:42,269 - WARNING - [assist_09|assist_09_m3grid_prio_gdiag_0p12_full|lr=0.0003|drop=0.20] [Diag Warning][Graph] graph entropy ratio has stayed too high for 13 epoch(s): entropy_ratio=1.0000, to_uniform_l2=0.000003
2026-02-12 14:39:42,270 - INFO - [assist_09|assist_09_m3grid_prio_gdiag_0p12_full|lr=0.0003|drop=0.20] [Grad Norms] Epoch [013] | mf_u_proj=0.086975, mf_v_proj=0.090603, fusion_gate=0.003833, q_gate_raw=0.000623, skill_latent=0.322308, relation_emb=1.920449e-01, relation_tau=1.833404e-06, relation_wq=3.361536e-05, relation_wk=1.133466e-05, personal_u=1.112857e-01, personal_v=3.668247e-02
2026-02-12 14:39:42,270 - INFO - [assist_09|assist_09_m3grid_prio_gdiag_0p12_full|lr=0.0003|drop=0.20] -> No improvement 3 epoch(s) (best AUC=0.7817 @ 10)
2026-02-12 14:39:42,270 - INFO - [assist_09|assist_09_m3grid_prio_gdiag_0p12_full|lr=0.0003|drop=0.20] Early stopping at epoch 13 (best AUC=0.7817 @ 10)
2026-02-12 14:39:42,276 - INFO - Epoch-wise metrics saved to checkpoints/assist_09_m3grid/seed42/prio_gdiag_0p12_full/metrics_history.csv
2026-02-12 14:39:42,277 - INFO - [assist_09|assist_09_m3grid_prio_gdiag_0p12_full|lr=0.0003|drop=0.20] Training completed! Best Val AUC=0.7817 @ epoch 10
2026-02-12 14:39:42,479 - INFO - 
============================================================
         MODULE ACTIVITY REPORT
============================================================
Dataset: assist_09 | Seed: 42 | Epoch: 13

1. Soft Prototype Module:
   - Status: DISABLED (num_prototypes=0 or use_soft_prototype=False)

2. Concept Graph Module:
   - Mean row entropy: 4.812 / 4.812
   - Entropy ratio: 100.0%
   - Status: ✗ TRIVIAL (uniform distribution, not learning)
   → Consider: increase lambda_sparse or training longer

3. Personal Graph Module:
   - Gate alpha mean: 0.293
   - Gate alpha std: 0.454
   - Status: ✓ ACTIVE (using personalization)

4. Skill/MF Module:
   - MF logit |mean|: 0.9479
   - MF logit std: 1.0636
   - Fusion gate mean: 0.992
   - Status: ✓ ACTIVE (contributing to predictions)

------------------------------------------------------------
SUMMARY:
   Active modules: Personal Graph, Skill/MF
   ⚠ Inactive modules: Concept Graph
============================================================
2026-02-12 14:39:42,480 - INFO - [assist_09|assist_09_m3grid_prio_gdiag_0p12_full|lr=0.0003|drop=0.20] Module activity saved to checkpoints/assist_09_m3grid/seed42/prio_gdiag_0p12_full/module_activity.json
2026-02-12 14:39:42,543 - INFO - Using device: cuda:0 (physical gpu 3)
2026-02-12 14:39:42,543 - INFO - Loading model from checkpoints/assist_09_m3grid/seed42/prio_gdiag_0p12_full/best_model.pth...
2026-02-12 14:39:43,076 - INFO - Inference switches: ablate_module1=False, ablate_module2=False, ablate_module3=False | enable_module1=True, enable_module2=True, enable_module3=True | use_soft_prototype=False, use_mf_branch=True, use_concept_graph=True, use_q_aligned_residual=True, use_soft_prototype_main_path=False | effective(num_gnn_layers=1, num_prototypes=0)
2026-02-12 14:39:43,115 - INFO - [Inference] Ablation runtime check: args(ablate_module1=False,ablate_module2=False,ablate_module3=False) | model(enable_module1=True,enable_module2=True,enable_module3=True) | physical(has_knowledge_encoder=True,has_mf_branch=True,has_soft_prototype=False)
2026-02-12 14:39:43,116 - INFO - [Inference] [Module3 Init] fusion_gate_bias=-1.1000, fusion_gate_max=1.0000, implied_gate=0.2497, q_gate=0.5000, mf_scale=0.1000, bias_scale=0.1000, graph_tau_mean=1.3133, graph_tau_std=0.0000, graph_dropout=0.200
2026-02-12 14:39:43,118 - INFO - Model loaded from epoch 10. Start testing...
2026-02-12 14:39:44,214 - INFO - [Test] 200/411 batches done, samples=25600
2026-02-12 14:39:45,225 - INFO - [Test] 400/411 batches done, samples=51200
2026-02-12 14:39:45,339 - INFO - 
==================================================
2026-02-12 14:39:45,339 - INFO - Test Results:
2026-02-12 14:39:45,339 - INFO - AUC: 0.7839
2026-02-12 14:39:45,339 - INFO - ACC: 0.7436
2026-02-12 14:39:45,339 - INFO - RMSE: 0.4183
2026-02-12 14:39:45,339 - INFO - ==================================================
2026-02-12 14:39:45,356 - INFO - Summary appended to /home/zsh/ConceptSkillCDM/results/experiment_results.csv
2026-02-12 14:39:45,363 - INFO - Run completed.
2026-02-12 14:39:45,363 - INFO - Best validation AUC: 0.7817 at epoch 10
2026-02-12 14:39:45,363 - INFO - Test metrics - AUC: 0.7839, ACC: 0.7436, RMSE: 0.4183
