2026-02-11 04:53:04,446 - INFO - Arguments:
2026-02-11 04:53:04,446 - INFO -   ablate_concept_graph: False
2026-02-11 04:53:04,446 - INFO -   ablate_module1: False
2026-02-11 04:53:04,446 - INFO -   ablate_module2: False
2026-02-11 04:53:04,446 - INFO -   ablate_module3: False
2026-02-11 04:53:04,446 - INFO -   ablate_skill_encoder: False
2026-02-11 04:53:04,446 - INFO -   ablate_soft_prototype: True
2026-02-11 04:53:04,446 - INFO -   allow_self_loop: True
2026-02-11 04:53:04,446 - INFO -   batch_size: 128
2026-02-11 04:53:04,446 - INFO -   data_dir: ./data/assist_09
2026-02-11 04:53:04,446 - INFO -   dataset_name: assist_09
2026-02-11 04:53:04,446 - INFO -   debug_module3_diag: True
2026-02-11 04:53:04,446 - INFO -   diag_batches: 2
2026-02-11 04:53:04,446 - INFO -   disable_q_aligned_residual: False
2026-02-11 04:53:04,446 - INFO -   disable_q_conditioning: False
2026-02-11 04:53:04,446 - INFO -   disable_self_loop: False
2026-02-11 04:53:04,446 - INFO -   disable_soft_prototype: True
2026-02-11 04:53:04,446 - INFO -   dropout: 0.2
2026-02-11 04:53:04,446 - INFO -   early_stop_patience: 3
2026-02-11 04:53:04,446 - INFO -   enable_module1: True
2026-02-11 04:53:04,446 - INFO -   enable_module2: True
2026-02-11 04:53:04,446 - INFO -   enable_module3: True
2026-02-11 04:53:04,446 - INFO -   enable_soft_prototype: False
2026-02-11 04:53:04,446 - INFO -   epochs: 30
2026-02-11 04:53:04,446 - INFO -   exercise_dim: 64
2026-02-11 04:53:04,447 - INFO -   exercise_l2_lambda: 5e-05
2026-02-11 04:53:04,447 - INFO -   fusion_gate_bias_init: -2.5
2026-02-11 04:53:04,447 - INFO -   fusion_gate_max: 0.4
2026-02-11 04:53:04,447 - INFO -   generate_diagnosis: False
2026-02-11 04:53:04,447 - INFO -   gnn_residual_weight: 0.5
2026-02-11 04:53:04,447 - INFO -   gpu_candidates: None
2026-02-11 04:53:04,447 - INFO -   gpu_ids: None
2026-02-11 04:53:04,447 - INFO -   gpu_memory_threshold: 2000
2026-02-11 04:53:04,447 - INFO -   gpus: None
2026-02-11 04:53:04,447 - INFO -   graph_topk: None
2026-02-11 04:53:04,447 - INFO -   knowledge_dim: 64
2026-02-11 04:53:04,447 - INFO -   lambda_alpha: 0.01
2026-02-11 04:53:04,447 - INFO -   lambda_proto_div: 0.0
2026-02-11 04:53:04,447 - INFO -   lambda_proto_usage: 0.0
2026-02-11 04:53:04,447 - INFO -   lambda_sparse: 0.5
2026-02-11 04:53:04,447 - INFO -   lambda_sparse_personal: 0.005
2026-02-11 04:53:04,447 - INFO -   learning_rate: 0.0003
2026-02-11 04:53:04,447 - INFO -   log_dir: logs/assist_09_m3grid/seed42/sparse_0p5_full
2026-02-11 04:53:04,447 - INFO -   min_exer_interactions: 0
2026-02-11 04:53:04,447 - INFO -   min_poison_count: 0
2026-02-11 04:53:04,447 - INFO -   min_stu_interactions: 15
2026-02-11 04:53:04,447 - INFO -   model_variant: assist_09_m3grid_sparse_0p5_full
2026-02-11 04:53:04,447 - INFO -   multi_gpu: False
2026-02-11 04:53:04,447 - INFO -   no_cuda: False
2026-02-11 04:53:04,447 - INFO -   num_gnn_layers: 1
2026-02-11 04:53:04,447 - INFO -   num_gpus: 1
2026-02-11 04:53:04,447 - INFO -   num_prototypes: 0
2026-02-11 04:53:04,447 - INFO -   num_relation_heads: 2
2026-02-11 04:53:04,447 - INFO -   num_workers: 4
2026-02-11 04:53:04,447 - INFO -   patience: 5
2026-02-11 04:53:04,447 - INFO -   personal_rank: 4
2026-02-11 04:53:04,447 - INFO -   proto_lambda: 0.0
2026-02-11 04:53:04,447 - INFO -   proto_tau: 1.0
2026-02-11 04:53:04,447 - INFO -   residual_clip_t: 2.0
2026-02-11 04:53:04,447 - INFO -   save_dir: checkpoints/assist_09_m3grid/seed42/sparse_0p5_full
2026-02-11 04:53:04,447 - INFO -   save_interval: 10
2026-02-11 04:53:04,447 - INFO -   seed: 42
2026-02-11 04:53:04,447 - INFO -   skill_dim: 128
2026-02-11 04:53:04,447 - INFO -   use_concept_graph: True
2026-02-11 04:53:04,447 - INFO -   use_exercise_graph: True
2026-02-11 04:53:04,447 - INFO -   use_mf_branch: True
2026-02-11 04:53:04,447 - INFO -   use_personal_graph: True
2026-02-11 04:53:04,447 - INFO -   use_q_aligned_residual: True
2026-02-11 04:53:04,448 - INFO -   use_q_conditioning: True
2026-02-11 04:53:04,448 - INFO -   use_skill_encoder: True
2026-02-11 04:53:04,448 - INFO -   use_soft_prototype: False
2026-02-11 04:53:04,448 - INFO -   use_soft_prototype_main_path: False
2026-02-11 04:53:04,448 - INFO -   weight_decay: 1e-05
2026-02-11 04:53:04,574 - INFO - Using device: cuda:0
2026-02-11 04:53:04,574 - INFO - [assist_09|assist_09_m3grid_sparse_0p5_full|lr=0.0003|drop=0.20] Loading datasets...
2026-02-11 04:53:04,575 - INFO - [assist_09|assist_09_m3grid_sparse_0p5_full|lr=0.0003|drop=0.20] Regularization: graph_entropy(lambda_sparse)=0.500000, proto_div=0.000000, proto_usage=0.000000, personal_sparse=0.005000, alpha_penalty=0.010000, mf_l2(exercise_l2_lambda)=0.000050
2026-02-11 04:53:04,681 - INFO - [数据清洗] 学生交互次数 < 15 次的学生：共移除 0 个学生（仅统计用户数）
2026-02-11 04:53:04,693 - INFO - [数据清洗] 学生冷启动过滤：在 train/valid/test 中共删除 0 条记录。
2026-02-11 04:53:04,693 - INFO - [数据清洗] 跳过题目冷门过滤（min_exer_interactions <= 0）。
2026-02-11 04:53:04,693 - INFO - [数据清洗] 跳过毒题清洗（min_poison_count <= 0）。
2026-02-11 04:53:15,590 - INFO - [assist_09|assist_09_m3grid_sparse_0p5_full|lr=0.0003|drop=0.20] Train samples: 194489, Val samples: 20385
2026-02-11 04:53:15,591 - INFO - [assist_09|assist_09_m3grid_sparse_0p5_full|lr=0.0003|drop=0.20] Number of students: 2493
2026-02-11 04:53:15,591 - INFO - [assist_09|assist_09_m3grid_sparse_0p5_full|lr=0.0003|drop=0.20] Number of exercises: 17676
2026-02-11 04:53:15,591 - INFO - [assist_09|assist_09_m3grid_sparse_0p5_full|lr=0.0003|drop=0.20] Number of concepts: 123
2026-02-11 04:53:15,591 - INFO - [assist_09|assist_09_m3grid_sparse_0p5_full|lr=0.0003|drop=0.20] Creating model...
2026-02-11 04:53:15,591 - INFO - [assist_09|assist_09_m3grid_sparse_0p5_full|lr=0.0003|drop=0.20] Ablation switches: ablate_module1=False, ablate_module2=False, ablate_module3=False | enable_module1=True, enable_module2=True, enable_module3=True | use_soft_prototype=False, use_mf_branch=True, use_concept_graph=True, use_q_aligned_residual=True, use_soft_prototype_main_path=False | effective(num_gnn_layers=1, num_prototypes=0)
2026-02-11 04:53:15,723 - INFO - [assist_09|assist_09_m3grid_sparse_0p5_full|lr=0.0003|drop=0.20] Ablation runtime check: args(ablate_module1=False,ablate_module2=False,ablate_module3=False) | model(enable_module1=True,enable_module2=True,enable_module3=True) | physical(has_knowledge_encoder=True,has_mf_branch=True,has_soft_prototype=False)
2026-02-11 04:53:15,723 - INFO - [assist_09|assist_09_m3grid_sparse_0p5_full|lr=0.0003|drop=0.20] Debug diagnostics enabled: diag_batches=2
2026-02-11 04:53:15,724 - INFO - [assist_09|assist_09_m3grid_sparse_0p5_full|lr=0.0003|drop=0.20] Total parameters: 652,399
2026-02-11 04:53:15,724 - INFO - [assist_09|assist_09_m3grid_sparse_0p5_full|lr=0.0003|drop=0.20] Trainable parameters: 652,399
2026-02-11 04:53:16,652 - INFO - [assist_09|assist_09_m3grid_sparse_0p5_full|lr=0.0003|drop=0.20] Starting training...
2026-02-11 04:53:50,038 - INFO - [assist_09|assist_09_m3grid_sparse_0p5_full|lr=0.0003|drop=0.20] Epoch [001/30] | Train: Loss=2.8931, BCE=0.5881, Reg=2.3050, AUC=0.6892, ACC=0.6947, RMSE=0.4483 | Val: Loss=2.9746, BCE=0.5651, Reg=2.4095, AUC=0.7301, ACC=0.7135, RMSE=0.4372
2026-02-11 04:53:50,038 - INFO - [assist_09|assist_09_m3grid_sparse_0p5_full|lr=0.0003|drop=0.20] [Reg Terms] Epoch [001] | Train: graph_entropy=2.294031, mf_l2=0.000002, proto_div=0.000000, proto_usage=0.000000, personal_sparse=0.012735, alpha_var=-0.001765, reg_bce_ratio=3.9196 | Val: graph_entropy=2.406092, mf_l2=0.000004, proto_div=0.000000, proto_usage=0.000000, personal_sparse=0.004936, alpha_var=-0.001500, reg_bce_ratio=4.2642
2026-02-11 04:53:50,321 - INFO - [assist_09|assist_09_m3grid_sparse_0p5_full|lr=0.0003|drop=0.20] [Diag][M3] Epoch [001] | residual_abs_mean=0.1930, residual_std=0.1269, mf_abs_mean=0.1930, mf_std=0.1269, gate_mean=0.0602, gate_std=0.0096, irt_abs_mean=1.3094, irt_std=0.5770, delta_abs_mean=0.0120, delta_std=0.0088, delta_over_irt=0.0091, graph_row_entropy=4.8122, graph_entropy_ratio=1.0000, alpha_mean=0.1607, alpha_std=0.3661, personal_row_entropy=0.6326
2026-02-11 04:53:50,321 - INFO - [assist_09|assist_09_m3grid_sparse_0p5_full|lr=0.0003|drop=0.20] [Grad Norms] Epoch [001] | mf_u_proj=0.001747, mf_v_proj=0.001823, fusion_gate=0.000545, q_gate_raw=0.000059, skill_latent=0.009947
2026-02-11 04:53:50,584 - INFO - [assist_09|assist_09_m3grid_sparse_0p5_full|lr=0.0003|drop=0.20] -> New best AUC=0.7301 at epoch 1
2026-02-11 04:54:24,777 - INFO - [assist_09|assist_09_m3grid_sparse_0p5_full|lr=0.0003|drop=0.20] Epoch [002/30] | Train: Loss=2.8437, BCE=0.5483, Reg=2.2955, AUC=0.7478, ACC=0.7244, RMSE=0.4292 | Val: Loss=2.9678, BCE=0.5602, Reg=2.4076, AUC=0.7366, ACC=0.7151, RMSE=0.4351
2026-02-11 04:54:24,777 - INFO - [assist_09|assist_09_m3grid_sparse_0p5_full|lr=0.0003|drop=0.20] [Reg Terms] Epoch [002] | Train: graph_entropy=2.293995, mf_l2=0.000011, proto_div=0.000000, proto_usage=0.000000, personal_sparse=0.003780, alpha_var=-0.002319, reg_bce_ratio=4.1868 | Val: graph_entropy=2.406092, mf_l2=0.000016, proto_div=0.000000, proto_usage=0.000000, personal_sparse=0.003056, alpha_var=-0.001562, reg_bce_ratio=4.2979
2026-02-11 04:54:24,996 - INFO - [assist_09|assist_09_m3grid_sparse_0p5_full|lr=0.0003|drop=0.20] [Diag][M3] Epoch [002] | residual_abs_mean=0.2805, residual_std=0.1856, mf_abs_mean=0.2805, mf_std=0.1856, gate_mean=0.1223, gate_std=0.0351, irt_abs_mean=1.3317, irt_std=0.5820, delta_abs_mean=0.0360, delta_std=0.0308, delta_over_irt=0.0270, graph_row_entropy=4.8122, graph_entropy_ratio=1.0000, alpha_mean=0.1633, alpha_std=0.3655, personal_row_entropy=0.6938
2026-02-11 04:54:24,996 - INFO - [assist_09|assist_09_m3grid_sparse_0p5_full|lr=0.0003|drop=0.20] [Grad Norms] Epoch [002] | mf_u_proj=0.004111, mf_v_proj=0.004558, fusion_gate=0.001629, q_gate_raw=0.000604, skill_latent=0.020786
2026-02-11 04:54:25,328 - INFO - [assist_09|assist_09_m3grid_sparse_0p5_full|lr=0.0003|drop=0.20] -> New best AUC=0.7366 at epoch 2
2026-02-11 04:54:58,867 - INFO - [assist_09|assist_09_m3grid_sparse_0p5_full|lr=0.0003|drop=0.20] Epoch [003/30] | Train: Loss=2.8279, BCE=0.5337, Reg=2.2942, AUC=0.7653, ACC=0.7327, RMSE=0.4227 | Val: Loss=2.9656, BCE=0.5589, Reg=2.4067, AUC=0.7413, ACC=0.7189, RMSE=0.4342
2026-02-11 04:54:58,867 - INFO - [assist_09|assist_09_m3grid_sparse_0p5_full|lr=0.0003|drop=0.20] [Reg Terms] Epoch [003] | Train: graph_entropy=2.293966, mf_l2=0.000026, proto_div=0.000000, proto_usage=0.000000, personal_sparse=0.002554, alpha_var=-0.002380, reg_bce_ratio=4.2987 | Val: graph_entropy=2.406092, mf_l2=0.000032, proto_div=0.000000, proto_usage=0.000000, personal_sparse=0.002106, alpha_var=-0.001548, reg_bce_ratio=4.3058
2026-02-11 04:54:59,153 - INFO - [assist_09|assist_09_m3grid_sparse_0p5_full|lr=0.0003|drop=0.20] [Diag][M3] Epoch [003] | residual_abs_mean=0.3511, residual_std=0.2374, mf_abs_mean=0.3511, mf_std=0.2374, gate_mean=0.2152, gate_std=0.0657, irt_abs_mean=1.4203, irt_std=0.5946, delta_abs_mean=0.0797, delta_std=0.0702, delta_over_irt=0.0561, graph_row_entropy=4.8122, graph_entropy_ratio=1.0000, alpha_mean=0.1858, alpha_std=0.3854, personal_row_entropy=0.5182
2026-02-11 04:54:59,153 - INFO - [assist_09|assist_09_m3grid_sparse_0p5_full|lr=0.0003|drop=0.20] [Grad Norms] Epoch [003] | mf_u_proj=0.006967, mf_v_proj=0.006971, fusion_gate=0.005860, q_gate_raw=0.001855, skill_latent=0.029411
2026-02-11 04:54:59,507 - INFO - [assist_09|assist_09_m3grid_sparse_0p5_full|lr=0.0003|drop=0.20] -> New best AUC=0.7413 at epoch 3
2026-02-11 04:55:34,173 - INFO - [assist_09|assist_09_m3grid_sparse_0p5_full|lr=0.0003|drop=0.20] Epoch [004/30] | Train: Loss=2.8149, BCE=0.5214, Reg=2.2935, AUC=0.7804, ACC=0.7381, RMSE=0.4172 | Val: Loss=2.9610, BCE=0.5546, Reg=2.4063, AUC=0.7455, ACC=0.7214, RMSE=0.4323
2026-02-11 04:55:34,173 - INFO - [assist_09|assist_09_m3grid_sparse_0p5_full|lr=0.0003|drop=0.20] [Reg Terms] Epoch [004] | Train: graph_entropy=2.293949, mf_l2=0.000043, proto_div=0.000000, proto_usage=0.000000, personal_sparse=0.001933, alpha_var=-0.002406, reg_bce_ratio=4.3987 | Val: graph_entropy=2.406092, mf_l2=0.000050, proto_div=0.000000, proto_usage=0.000000, personal_sparse=0.001754, alpha_var=-0.001551, reg_bce_ratio=4.3386
2026-02-11 04:55:34,448 - INFO - [assist_09|assist_09_m3grid_sparse_0p5_full|lr=0.0003|drop=0.20] [Diag][M3] Epoch [004] | residual_abs_mean=0.4007, residual_std=0.2760, mf_abs_mean=0.4007, mf_std=0.2760, gate_mean=0.2811, gate_std=0.0788, irt_abs_mean=1.3764, irt_std=0.6156, delta_abs_mean=0.1174, delta_std=0.0974, delta_over_irt=0.0853, graph_row_entropy=4.8122, graph_entropy_ratio=1.0000, alpha_mean=0.1931, alpha_std=0.3903, personal_row_entropy=0.4673
2026-02-11 04:55:34,449 - INFO - [assist_09|assist_09_m3grid_sparse_0p5_full|lr=0.0003|drop=0.20] [Grad Norms] Epoch [004] | mf_u_proj=0.014737, mf_v_proj=0.014396, fusion_gate=0.004023, q_gate_raw=0.001901, skill_latent=0.054421
2026-02-11 04:55:34,826 - INFO - [assist_09|assist_09_m3grid_sparse_0p5_full|lr=0.0003|drop=0.20] -> New best AUC=0.7455 at epoch 4
2026-02-11 04:56:09,894 - INFO - [assist_09|assist_09_m3grid_sparse_0p5_full|lr=0.0003|drop=0.20] Epoch [005/30] | Train: Loss=2.8028, BCE=0.5095, Reg=2.2933, AUC=0.7944, ACC=0.7436, RMSE=0.4119 | Val: Loss=2.9578, BCE=0.5517, Reg=2.4061, AUC=0.7502, ACC=0.7226, RMSE=0.4307
2026-02-11 04:56:09,894 - INFO - [assist_09|assist_09_m3grid_sparse_0p5_full|lr=0.0003|drop=0.20] [Reg Terms] Epoch [005] | Train: graph_entropy=2.293998, mf_l2=0.000061, proto_div=0.000000, proto_usage=0.000000, personal_sparse=0.001619, alpha_var=-0.002410, reg_bce_ratio=4.5008 | Val: graph_entropy=2.406092, mf_l2=0.000068, proto_div=0.000000, proto_usage=0.000000, personal_sparse=0.001451, alpha_var=-0.001539, reg_bce_ratio=4.3610
2026-02-11 04:56:10,208 - INFO - [assist_09|assist_09_m3grid_sparse_0p5_full|lr=0.0003|drop=0.20] [Diag][M3] Epoch [005] | residual_abs_mean=0.4553, residual_std=0.3081, mf_abs_mean=0.4553, mf_std=0.3081, gate_mean=0.3195, gate_std=0.0831, irt_abs_mean=1.3648, irt_std=0.6298, delta_abs_mean=0.1478, delta_std=0.1161, delta_over_irt=0.1083, graph_row_entropy=4.8122, graph_entropy_ratio=1.0000, alpha_mean=0.1967, alpha_std=0.3953, personal_row_entropy=0.4614
2026-02-11 04:56:10,208 - INFO - [assist_09|assist_09_m3grid_sparse_0p5_full|lr=0.0003|drop=0.20] [Grad Norms] Epoch [005] | mf_u_proj=0.023271, mf_v_proj=0.022102, fusion_gate=0.004683, q_gate_raw=0.003637, skill_latent=0.080227
2026-02-11 04:56:10,580 - INFO - [assist_09|assist_09_m3grid_sparse_0p5_full|lr=0.0003|drop=0.20] -> New best AUC=0.7502 at epoch 5
2026-02-11 04:56:43,741 - INFO - [assist_09|assist_09_m3grid_sparse_0p5_full|lr=0.0003|drop=0.20] Epoch [006/30] | Train: Loss=2.7922, BCE=0.4992, Reg=2.2930, AUC=0.8064, ACC=0.7492, RMSE=0.4073 | Val: Loss=2.9563, BCE=0.5504, Reg=2.4058, AUC=0.7532, ACC=0.7245, RMSE=0.4300
2026-02-11 04:56:43,741 - INFO - [assist_09|assist_09_m3grid_sparse_0p5_full|lr=0.0003|drop=0.20] [Reg Terms] Epoch [006] | Train: graph_entropy=2.294001, mf_l2=0.000079, proto_div=0.000000, proto_usage=0.000000, personal_sparse=0.001364, alpha_var=-0.002418, reg_bce_ratio=4.5936 | Val: graph_entropy=2.406092, mf_l2=0.000085, proto_div=0.000000, proto_usage=0.000000, personal_sparse=0.001212, alpha_var=-0.001546, reg_bce_ratio=4.3709
2026-02-11 04:56:43,951 - INFO - [assist_09|assist_09_m3grid_sparse_0p5_full|lr=0.0003|drop=0.20] [Diag][M3] Epoch [006] | residual_abs_mean=0.5068, residual_std=0.3393, mf_abs_mean=0.5068, mf_std=0.3393, gate_mean=0.3476, gate_std=0.0802, irt_abs_mean=1.4405, irt_std=0.6424, delta_abs_mean=0.1793, delta_std=0.1346, delta_over_irt=0.1245, graph_row_entropy=4.8122, graph_entropy_ratio=1.0000, alpha_mean=0.1964, alpha_std=0.3958, personal_row_entropy=0.3673
2026-02-11 04:56:43,951 - INFO - [assist_09|assist_09_m3grid_sparse_0p5_full|lr=0.0003|drop=0.20] [Grad Norms] Epoch [006] | mf_u_proj=0.023092, mf_v_proj=0.023569, fusion_gate=0.004389, q_gate_raw=0.003754, skill_latent=0.073140
2026-02-11 04:56:44,312 - INFO - [assist_09|assist_09_m3grid_sparse_0p5_full|lr=0.0003|drop=0.20] -> New best AUC=0.7532 at epoch 6
2026-02-11 04:57:18,093 - INFO - [assist_09|assist_09_m3grid_sparse_0p5_full|lr=0.0003|drop=0.20] Epoch [007/30] | Train: Loss=2.7828, BCE=0.4900, Reg=2.2928, AUC=0.8159, ACC=0.7545, RMSE=0.4030 | Val: Loss=2.9552, BCE=0.5496, Reg=2.4057, AUC=0.7567, ACC=0.7260, RMSE=0.4291
2026-02-11 04:57:18,093 - INFO - [assist_09|assist_09_m3grid_sparse_0p5_full|lr=0.0003|drop=0.20] [Reg Terms] Epoch [007] | Train: graph_entropy=2.293983, mf_l2=0.000096, proto_div=0.000000, proto_usage=0.000000, personal_sparse=0.001147, alpha_var=-0.002428, reg_bce_ratio=4.6790 | Val: graph_entropy=2.406092, mf_l2=0.000100, proto_div=0.000000, proto_usage=0.000000, personal_sparse=0.001038, alpha_var=-0.001555, reg_bce_ratio=4.3774
2026-02-11 04:57:18,302 - INFO - [assist_09|assist_09_m3grid_sparse_0p5_full|lr=0.0003|drop=0.20] [Diag][M3] Epoch [007] | residual_abs_mean=0.5390, residual_std=0.3655, mf_abs_mean=0.5390, mf_std=0.3655, gate_mean=0.3627, gate_std=0.0750, irt_abs_mean=1.5186, irt_std=0.6988, delta_abs_mean=0.1965, delta_std=0.1447, delta_over_irt=0.1294, graph_row_entropy=4.8122, graph_entropy_ratio=1.0000, alpha_mean=0.1979, alpha_std=0.3951, personal_row_entropy=0.3479
2026-02-11 04:57:18,303 - INFO - [assist_09|assist_09_m3grid_sparse_0p5_full|lr=0.0003|drop=0.20] [Grad Norms] Epoch [007] | mf_u_proj=0.038623, mf_v_proj=0.037366, fusion_gate=0.002108, q_gate_raw=0.000445, skill_latent=0.105388
2026-02-11 04:57:18,640 - INFO - [assist_09|assist_09_m3grid_sparse_0p5_full|lr=0.0003|drop=0.20] -> New best AUC=0.7567 at epoch 7
2026-02-11 04:57:51,593 - INFO - [assist_09|assist_09_m3grid_sparse_0p5_full|lr=0.0003|drop=0.20] Epoch [008/30] | Train: Loss=2.7744, BCE=0.4817, Reg=2.2927, AUC=0.8242, ACC=0.7599, RMSE=0.3992 | Val: Loss=2.9515, BCE=0.5458, Reg=2.4057, AUC=0.7593, ACC=0.7299, RMSE=0.4274
2026-02-11 04:57:51,594 - INFO - [assist_09|assist_09_m3grid_sparse_0p5_full|lr=0.0003|drop=0.20] [Reg Terms] Epoch [008] | Train: graph_entropy=2.293980, mf_l2=0.000111, proto_div=0.000000, proto_usage=0.000000, personal_sparse=0.001030, alpha_var=-0.002420, reg_bce_ratio=4.7597 | Val: graph_entropy=2.406092, mf_l2=0.000114, proto_div=0.000000, proto_usage=0.000000, personal_sparse=0.000978, alpha_var=-0.001532, reg_bce_ratio=4.4076
2026-02-11 04:57:51,876 - INFO - [assist_09|assist_09_m3grid_sparse_0p5_full|lr=0.0003|drop=0.20] [Diag][M3] Epoch [008] | residual_abs_mean=0.6046, residual_std=0.3879, mf_abs_mean=0.6046, mf_std=0.3879, gate_mean=0.3701, gate_std=0.0683, irt_abs_mean=1.4903, irt_std=0.7346, delta_abs_mean=0.2244, delta_std=0.1540, delta_over_irt=0.1506, graph_row_entropy=4.8122, graph_entropy_ratio=1.0000, alpha_mean=0.1971, alpha_std=0.3954, personal_row_entropy=0.2927
2026-02-11 04:57:51,876 - INFO - [assist_09|assist_09_m3grid_sparse_0p5_full|lr=0.0003|drop=0.20] [Grad Norms] Epoch [008] | mf_u_proj=0.034322, mf_v_proj=0.035503, fusion_gate=0.001723, q_gate_raw=0.000908, skill_latent=0.099015
2026-02-11 04:57:52,278 - INFO - [assist_09|assist_09_m3grid_sparse_0p5_full|lr=0.0003|drop=0.20] -> New best AUC=0.7593 at epoch 8
2026-02-11 04:58:27,321 - INFO - [assist_09|assist_09_m3grid_sparse_0p5_full|lr=0.0003|drop=0.20] Epoch [009/30] | Train: Loss=2.7668, BCE=0.4742, Reg=2.2926, AUC=0.8311, ACC=0.7644, RMSE=0.3957 | Val: Loss=2.9502, BCE=0.5447, Reg=2.4055, AUC=0.7616, ACC=0.7317, RMSE=0.4266
2026-02-11 04:58:27,322 - INFO - [assist_09|assist_09_m3grid_sparse_0p5_full|lr=0.0003|drop=0.20] [Reg Terms] Epoch [009] | Train: graph_entropy=2.293987, mf_l2=0.000124, proto_div=0.000000, proto_usage=0.000000, personal_sparse=0.000899, alpha_var=-0.002422, reg_bce_ratio=4.8350 | Val: graph_entropy=2.406092, mf_l2=0.000126, proto_div=0.000000, proto_usage=0.000000, personal_sparse=0.000825, alpha_var=-0.001528, reg_bce_ratio=4.4166
2026-02-11 04:58:27,610 - INFO - [assist_09|assist_09_m3grid_sparse_0p5_full|lr=0.0003|drop=0.20] [Diag][M3] Epoch [009] | residual_abs_mean=0.6367, residual_std=0.4253, mf_abs_mean=0.6367, mf_std=0.4253, gate_mean=0.3772, gate_std=0.0641, irt_abs_mean=1.5322, irt_std=0.7268, delta_abs_mean=0.2410, delta_std=0.1681, delta_over_irt=0.1573, graph_row_entropy=4.8122, graph_entropy_ratio=1.0000, alpha_mean=0.1972, alpha_std=0.3953, personal_row_entropy=0.2059
2026-02-11 04:58:27,611 - WARNING - [assist_09|assist_09_m3grid_sparse_0p5_full|lr=0.0003|drop=0.20] [Diag Warning][M3] delta_over_irt has stayed high for 2 epoch(s): delta_over_irt=0.1573, delta_abs_mean=0.2410
2026-02-11 04:58:27,611 - INFO - [assist_09|assist_09_m3grid_sparse_0p5_full|lr=0.0003|drop=0.20] [Grad Norms] Epoch [009] | mf_u_proj=0.036163, mf_v_proj=0.034986, fusion_gate=0.001825, q_gate_raw=0.002507, skill_latent=0.091837
2026-02-11 04:58:27,952 - INFO - [assist_09|assist_09_m3grid_sparse_0p5_full|lr=0.0003|drop=0.20] -> New best AUC=0.7616 at epoch 9
2026-02-11 04:59:04,345 - INFO - [assist_09|assist_09_m3grid_sparse_0p5_full|lr=0.0003|drop=0.20] Epoch [010/30] | Train: Loss=2.7604, BCE=0.4679, Reg=2.2925, AUC=0.8367, ACC=0.7684, RMSE=0.3927 | Val: Loss=2.9516, BCE=0.5462, Reg=2.4055, AUC=0.7629, ACC=0.7321, RMSE=0.4268
2026-02-11 04:59:04,346 - INFO - [assist_09|assist_09_m3grid_sparse_0p5_full|lr=0.0003|drop=0.20] [Reg Terms] Epoch [010] | Train: graph_entropy=2.294026, mf_l2=0.000135, proto_div=0.000000, proto_usage=0.000000, personal_sparse=0.000812, alpha_var=-0.002424, reg_bce_ratio=4.8999 | Val: graph_entropy=2.406092, mf_l2=0.000137, proto_div=0.000000, proto_usage=0.000000, personal_sparse=0.000749, alpha_var=-0.001525, reg_bce_ratio=4.4041
2026-02-11 04:59:04,662 - INFO - [assist_09|assist_09_m3grid_sparse_0p5_full|lr=0.0003|drop=0.20] [Diag][M3] Epoch [010] | residual_abs_mean=0.7002, residual_std=0.4295, mf_abs_mean=0.7002, mf_std=0.4295, gate_mean=0.3823, gate_std=0.0569, irt_abs_mean=1.6218, irt_std=0.7757, delta_abs_mean=0.2692, delta_std=0.1713, delta_over_irt=0.1660, graph_row_entropy=4.8122, graph_entropy_ratio=1.0000, alpha_mean=0.1977, alpha_std=0.3948, personal_row_entropy=0.1682
2026-02-11 04:59:04,663 - WARNING - [assist_09|assist_09_m3grid_sparse_0p5_full|lr=0.0003|drop=0.20] [Diag Warning][M3] delta_over_irt has stayed high for 3 epoch(s): delta_over_irt=0.1660, delta_abs_mean=0.2692
2026-02-11 04:59:04,663 - INFO - [assist_09|assist_09_m3grid_sparse_0p5_full|lr=0.0003|drop=0.20] [Grad Norms] Epoch [010] | mf_u_proj=0.037178, mf_v_proj=0.040493, fusion_gate=0.004821, q_gate_raw=0.001449, skill_latent=0.095635
2026-02-11 04:59:05,017 - INFO - [assist_09|assist_09_m3grid_sparse_0p5_full|lr=0.0003|drop=0.20] -> New best AUC=0.7629 at epoch 10
2026-02-11 04:59:05,067 - INFO - [assist_09|assist_09_m3grid_sparse_0p5_full|lr=0.0003|drop=0.20] Checkpoint saved: checkpoints/assist_09_m3grid/seed42/sparse_0p5_full/checkpoint_epoch_10.pth
2026-02-11 04:59:05,346 - INFO - [assist_09|assist_09_m3grid_sparse_0p5_full|lr=0.0003|drop=0.20] [Module Activity] Epoch 10: Graph✗ Personal✓ MF✓
2026-02-11 04:59:42,421 - INFO - [assist_09|assist_09_m3grid_sparse_0p5_full|lr=0.0003|drop=0.20] Epoch [011/30] | Train: Loss=2.7548, BCE=0.4624, Reg=2.2924, AUC=0.8412, ACC=0.7715, RMSE=0.3902 | Val: Loss=2.9484, BCE=0.5431, Reg=2.4054, AUC=0.7635, ACC=0.7317, RMSE=0.4255
2026-02-11 04:59:42,421 - INFO - [assist_09|assist_09_m3grid_sparse_0p5_full|lr=0.0003|drop=0.20] [Reg Terms] Epoch [011] | Train: graph_entropy=2.293926, mf_l2=0.000145, proto_div=0.000000, proto_usage=0.000000, personal_sparse=0.000743, alpha_var=-0.002422, reg_bce_ratio=4.9579 | Val: graph_entropy=2.406092, mf_l2=0.000147, proto_div=0.000000, proto_usage=0.000000, personal_sparse=0.000666, alpha_var=-0.001523, reg_bce_ratio=4.4293
2026-02-11 04:59:42,740 - INFO - [assist_09|assist_09_m3grid_sparse_0p5_full|lr=0.0003|drop=0.20] [Diag][M3] Epoch [011] | residual_abs_mean=0.7362, residual_std=0.4614, mf_abs_mean=0.7362, mf_std=0.4614, gate_mean=0.3811, gate_std=0.0554, irt_abs_mean=1.4733, irt_std=0.7799, delta_abs_mean=0.2820, delta_std=0.1830, delta_over_irt=0.1914, graph_row_entropy=4.8122, graph_entropy_ratio=1.0000, alpha_mean=0.1969, alpha_std=0.3953, personal_row_entropy=0.2066
2026-02-11 04:59:42,740 - WARNING - [assist_09|assist_09_m3grid_sparse_0p5_full|lr=0.0003|drop=0.20] [Diag Warning][M3] delta_over_irt has stayed high for 4 epoch(s): delta_over_irt=0.1914, delta_abs_mean=0.2820
2026-02-11 04:59:42,740 - INFO - [assist_09|assist_09_m3grid_sparse_0p5_full|lr=0.0003|drop=0.20] [Grad Norms] Epoch [011] | mf_u_proj=0.033045, mf_v_proj=0.033231, fusion_gate=0.000825, q_gate_raw=0.000673, skill_latent=0.090035
2026-02-11 04:59:43,095 - INFO - [assist_09|assist_09_m3grid_sparse_0p5_full|lr=0.0003|drop=0.20] -> New best AUC=0.7635 at epoch 11
2026-02-11 05:00:16,572 - INFO - [assist_09|assist_09_m3grid_sparse_0p5_full|lr=0.0003|drop=0.20] Epoch [012/30] | Train: Loss=2.7500, BCE=0.4576, Reg=2.2924, AUC=0.8449, ACC=0.7749, RMSE=0.3879 | Val: Loss=2.9486, BCE=0.5432, Reg=2.4054, AUC=0.7648, ACC=0.7321, RMSE=0.4254
2026-02-11 05:00:16,572 - INFO - [assist_09|assist_09_m3grid_sparse_0p5_full|lr=0.0003|drop=0.20] [Reg Terms] Epoch [012] | Train: graph_entropy=2.293994, mf_l2=0.000155, proto_div=0.000000, proto_usage=0.000000, personal_sparse=0.000680, alpha_var=-0.002423, reg_bce_ratio=5.0098 | Val: graph_entropy=2.406092, mf_l2=0.000157, proto_div=0.000000, proto_usage=0.000000, personal_sparse=0.000664, alpha_var=-0.001533, reg_bce_ratio=4.4284
2026-02-11 05:00:16,794 - INFO - [assist_09|assist_09_m3grid_sparse_0p5_full|lr=0.0003|drop=0.20] [Diag][M3] Epoch [012] | residual_abs_mean=0.7804, residual_std=0.4844, mf_abs_mean=0.7804, mf_std=0.4844, gate_mean=0.3815, gate_std=0.0564, irt_abs_mean=1.5262, irt_std=0.7971, delta_abs_mean=0.2995, delta_std=0.1933, delta_over_irt=0.1962, graph_row_entropy=4.8122, graph_entropy_ratio=1.0000, alpha_mean=0.2024, alpha_std=0.3976, personal_row_entropy=0.2306
2026-02-11 05:00:16,794 - WARNING - [assist_09|assist_09_m3grid_sparse_0p5_full|lr=0.0003|drop=0.20] [Diag Warning][M3] delta_over_irt has stayed high for 5 epoch(s): delta_over_irt=0.1962, delta_abs_mean=0.2995
2026-02-11 05:00:16,794 - INFO - [assist_09|assist_09_m3grid_sparse_0p5_full|lr=0.0003|drop=0.20] [Grad Norms] Epoch [012] | mf_u_proj=0.046584, mf_v_proj=0.048988, fusion_gate=0.001210, q_gate_raw=0.001791, skill_latent=0.125108
2026-02-11 05:00:17,132 - INFO - [assist_09|assist_09_m3grid_sparse_0p5_full|lr=0.0003|drop=0.20] -> New best AUC=0.7648 at epoch 12
2026-02-11 05:00:51,565 - INFO - [assist_09|assist_09_m3grid_sparse_0p5_full|lr=0.0003|drop=0.20] Epoch [013/30] | Train: Loss=2.7458, BCE=0.4534, Reg=2.2924, AUC=0.8481, ACC=0.7768, RMSE=0.3860 | Val: Loss=2.9477, BCE=0.5424, Reg=2.4054, AUC=0.7652, ACC=0.7308, RMSE=0.4252
2026-02-11 05:00:51,565 - INFO - [assist_09|assist_09_m3grid_sparse_0p5_full|lr=0.0003|drop=0.20] [Reg Terms] Epoch [013] | Train: graph_entropy=2.293975, mf_l2=0.000165, proto_div=0.000000, proto_usage=0.000000, personal_sparse=0.000665, alpha_var=-0.002422, reg_bce_ratio=5.0555 | Val: graph_entropy=2.406092, mf_l2=0.000165, proto_div=0.000000, proto_usage=0.000000, personal_sparse=0.000625, alpha_var=-0.001532, reg_bce_ratio=4.4350
2026-02-11 05:00:51,898 - INFO - [assist_09|assist_09_m3grid_sparse_0p5_full|lr=0.0003|drop=0.20] [Diag][M3] Epoch [013] | residual_abs_mean=0.8242, residual_std=0.4929, mf_abs_mean=0.8242, mf_std=0.4929, gate_mean=0.3844, gate_std=0.0491, irt_abs_mean=1.5044, irt_std=0.8199, delta_abs_mean=0.3193, delta_std=0.1967, delta_over_irt=0.2122, graph_row_entropy=4.8122, graph_entropy_ratio=1.0000, alpha_mean=0.2003, alpha_std=0.3982, personal_row_entropy=0.2249
2026-02-11 05:00:51,898 - WARNING - [assist_09|assist_09_m3grid_sparse_0p5_full|lr=0.0003|drop=0.20] [Diag Warning][M3] delta_over_irt has stayed high for 6 epoch(s): delta_over_irt=0.2122, delta_abs_mean=0.3193
2026-02-11 05:00:51,898 - INFO - [assist_09|assist_09_m3grid_sparse_0p5_full|lr=0.0003|drop=0.20] [Grad Norms] Epoch [013] | mf_u_proj=0.046318, mf_v_proj=0.045108, fusion_gate=0.000507, q_gate_raw=0.000307, skill_latent=0.108295
2026-02-11 05:00:52,277 - INFO - [assist_09|assist_09_m3grid_sparse_0p5_full|lr=0.0003|drop=0.20] -> New best AUC=0.7652 at epoch 13
2026-02-11 05:01:27,686 - INFO - [assist_09|assist_09_m3grid_sparse_0p5_full|lr=0.0003|drop=0.20] Epoch [014/30] | Train: Loss=2.7423, BCE=0.4499, Reg=2.2924, AUC=0.8508, ACC=0.7782, RMSE=0.3843 | Val: Loss=2.9497, BCE=0.5444, Reg=2.4053, AUC=0.7655, ACC=0.7318, RMSE=0.4255
2026-02-11 05:01:27,687 - INFO - [assist_09|assist_09_m3grid_sparse_0p5_full|lr=0.0003|drop=0.20] [Reg Terms] Epoch [014] | Train: graph_entropy=2.294055, mf_l2=0.000174, proto_div=0.000000, proto_usage=0.000000, personal_sparse=0.000614, alpha_var=-0.002423, reg_bce_ratio=5.0955 | Val: graph_entropy=2.406092, mf_l2=0.000176, proto_div=0.000000, proto_usage=0.000000, personal_sparse=0.000571, alpha_var=-0.001539, reg_bce_ratio=4.4181
2026-02-11 05:01:28,027 - INFO - [assist_09|assist_09_m3grid_sparse_0p5_full|lr=0.0003|drop=0.20] [Diag][M3] Epoch [014] | residual_abs_mean=0.8652, residual_std=0.4998, mf_abs_mean=0.8652, mf_std=0.4998, gate_mean=0.3856, gate_std=0.0488, irt_abs_mean=1.5772, irt_std=0.8398, delta_abs_mean=0.3359, delta_std=0.1993, delta_over_irt=0.2130, graph_row_entropy=4.8122, graph_entropy_ratio=1.0000, alpha_mean=0.2012, alpha_std=0.3983, personal_row_entropy=0.1888
2026-02-11 05:01:28,027 - WARNING - [assist_09|assist_09_m3grid_sparse_0p5_full|lr=0.0003|drop=0.20] [Diag Warning][M3] delta_over_irt has stayed high for 7 epoch(s): delta_over_irt=0.2130, delta_abs_mean=0.3359
2026-02-11 05:01:28,027 - INFO - [assist_09|assist_09_m3grid_sparse_0p5_full|lr=0.0003|drop=0.20] [Grad Norms] Epoch [014] | mf_u_proj=0.047123, mf_v_proj=0.047610, fusion_gate=0.002955, q_gate_raw=0.002326, skill_latent=0.119021
2026-02-11 05:01:28,430 - INFO - [assist_09|assist_09_m3grid_sparse_0p5_full|lr=0.0003|drop=0.20] -> New best AUC=0.7655 at epoch 14
2026-02-11 05:02:02,572 - INFO - [assist_09|assist_09_m3grid_sparse_0p5_full|lr=0.0003|drop=0.20] Epoch [015/30] | Train: Loss=2.7378, BCE=0.4455, Reg=2.2923, AUC=0.8541, ACC=0.7811, RMSE=0.3823 | Val: Loss=2.9503, BCE=0.5450, Reg=2.4053, AUC=0.7658, ACC=0.7323, RMSE=0.4255
2026-02-11 05:02:02,573 - INFO - [assist_09|assist_09_m3grid_sparse_0p5_full|lr=0.0003|drop=0.20] [Reg Terms] Epoch [015] | Train: graph_entropy=2.294004, mf_l2=0.000185, proto_div=0.000000, proto_usage=0.000000, personal_sparse=0.000578, alpha_var=-0.002429, reg_bce_ratio=5.1456 | Val: graph_entropy=2.406092, mf_l2=0.000186, proto_div=0.000000, proto_usage=0.000000, personal_sparse=0.000546, alpha_var=-0.001544, reg_bce_ratio=4.4130
2026-02-11 05:02:02,820 - INFO - [assist_09|assist_09_m3grid_sparse_0p5_full|lr=0.0003|drop=0.20] [Diag][M3] Epoch [015] | residual_abs_mean=0.9000, residual_std=0.5310, mf_abs_mean=0.9000, mf_std=0.5310, gate_mean=0.3864, gate_std=0.0468, irt_abs_mean=1.5683, irt_std=0.8580, delta_abs_mean=0.3506, delta_std=0.2124, delta_over_irt=0.2235, graph_row_entropy=4.8122, graph_entropy_ratio=1.0000, alpha_mean=0.2004, alpha_std=0.3985, personal_row_entropy=0.1601
2026-02-11 05:02:02,820 - WARNING - [assist_09|assist_09_m3grid_sparse_0p5_full|lr=0.0003|drop=0.20] [Diag Warning][M3] delta_over_irt has stayed high for 8 epoch(s): delta_over_irt=0.2235, delta_abs_mean=0.3506
2026-02-11 05:02:02,821 - INFO - [assist_09|assist_09_m3grid_sparse_0p5_full|lr=0.0003|drop=0.20] [Grad Norms] Epoch [015] | mf_u_proj=0.051740, mf_v_proj=0.052935, fusion_gate=0.001224, q_gate_raw=0.000092, skill_latent=0.129515
2026-02-11 05:02:03,184 - INFO - [assist_09|assist_09_m3grid_sparse_0p5_full|lr=0.0003|drop=0.20] -> New best AUC=0.7658 at epoch 15
2026-02-11 05:02:35,397 - INFO - [assist_09|assist_09_m3grid_sparse_0p5_full|lr=0.0003|drop=0.20] Epoch [016/30] | Train: Loss=2.7347, BCE=0.4424, Reg=2.2923, AUC=0.8560, ACC=0.7829, RMSE=0.3809 | Val: Loss=2.9525, BCE=0.5472, Reg=2.4053, AUC=0.7660, ACC=0.7315, RMSE=0.4263
2026-02-11 05:02:35,397 - INFO - [assist_09|assist_09_m3grid_sparse_0p5_full|lr=0.0003|drop=0.20] [Reg Terms] Epoch [016] | Train: graph_entropy=2.293968, mf_l2=0.000195, proto_div=0.000000, proto_usage=0.000000, personal_sparse=0.000549, alpha_var=-0.002433, reg_bce_ratio=5.1813 | Val: graph_entropy=2.406092, mf_l2=0.000195, proto_div=0.000000, proto_usage=0.000000, personal_sparse=0.000518, alpha_var=-0.001542, reg_bce_ratio=4.3954
2026-02-11 05:02:35,634 - INFO - [assist_09|assist_09_m3grid_sparse_0p5_full|lr=0.0003|drop=0.20] [Diag][M3] Epoch [016] | residual_abs_mean=0.9433, residual_std=0.5313, mf_abs_mean=0.9433, mf_std=0.5313, gate_mean=0.3882, gate_std=0.0450, irt_abs_mean=1.6096, irt_std=0.8655, delta_abs_mean=0.3680, delta_std=0.2130, delta_over_irt=0.2286, graph_row_entropy=4.8122, graph_entropy_ratio=1.0000, alpha_mean=0.2005, alpha_std=0.3985, personal_row_entropy=0.1713
2026-02-11 05:02:35,634 - WARNING - [assist_09|assist_09_m3grid_sparse_0p5_full|lr=0.0003|drop=0.20] [Diag Warning][M3] delta_over_irt has stayed high for 9 epoch(s): delta_over_irt=0.2286, delta_abs_mean=0.3680
2026-02-11 05:02:35,634 - INFO - [assist_09|assist_09_m3grid_sparse_0p5_full|lr=0.0003|drop=0.20] [Grad Norms] Epoch [016] | mf_u_proj=0.053439, mf_v_proj=0.056216, fusion_gate=0.002162, q_gate_raw=0.000659, skill_latent=0.134037
2026-02-11 05:02:36,000 - INFO - [assist_09|assist_09_m3grid_sparse_0p5_full|lr=0.0003|drop=0.20] -> New best AUC=0.7660 at epoch 16
2026-02-11 05:03:08,002 - INFO - [assist_09|assist_09_m3grid_sparse_0p5_full|lr=0.0003|drop=0.20] Epoch [017/30] | Train: Loss=2.7320, BCE=0.4397, Reg=2.2923, AUC=0.8582, ACC=0.7847, RMSE=0.3795 | Val: Loss=2.9522, BCE=0.5469, Reg=2.4053, AUC=0.7669, ACC=0.7333, RMSE=0.4257
2026-02-11 05:03:08,002 - INFO - [assist_09|assist_09_m3grid_sparse_0p5_full|lr=0.0003|drop=0.20] [Reg Terms] Epoch [017] | Train: graph_entropy=2.294003, mf_l2=0.000204, proto_div=0.000000, proto_usage=0.000000, personal_sparse=0.000536, alpha_var=-0.002436, reg_bce_ratio=5.2134 | Val: graph_entropy=2.406092, mf_l2=0.000206, proto_div=0.000000, proto_usage=0.000000, personal_sparse=0.000510, alpha_var=-0.001534, reg_bce_ratio=4.3981
2026-02-11 05:03:08,313 - INFO - [assist_09|assist_09_m3grid_sparse_0p5_full|lr=0.0003|drop=0.20] [Diag][M3] Epoch [017] | residual_abs_mean=0.9743, residual_std=0.5505, mf_abs_mean=0.9743, mf_std=0.5505, gate_mean=0.3903, gate_std=0.0359, irt_abs_mean=1.6232, irt_std=0.8993, delta_abs_mean=0.3810, delta_std=0.2204, delta_over_irt=0.2347, graph_row_entropy=4.8122, graph_entropy_ratio=1.0000, alpha_mean=0.2008, alpha_std=0.3982, personal_row_entropy=0.1455
2026-02-11 05:03:08,313 - WARNING - [assist_09|assist_09_m3grid_sparse_0p5_full|lr=0.0003|drop=0.20] [Diag Warning][M3] delta_over_irt has stayed high for 10 epoch(s): delta_over_irt=0.2347, delta_abs_mean=0.3810
2026-02-11 05:03:08,314 - INFO - [assist_09|assist_09_m3grid_sparse_0p5_full|lr=0.0003|drop=0.20] [Grad Norms] Epoch [017] | mf_u_proj=0.046878, mf_v_proj=0.050546, fusion_gate=0.001463, q_gate_raw=0.000596, skill_latent=0.109330
2026-02-11 05:03:08,637 - INFO - [assist_09|assist_09_m3grid_sparse_0p5_full|lr=0.0003|drop=0.20] -> New best AUC=0.7669 at epoch 17
2026-02-11 05:03:42,149 - INFO - [assist_09|assist_09_m3grid_sparse_0p5_full|lr=0.0003|drop=0.20] Epoch [018/30] | Train: Loss=2.7294, BCE=0.4370, Reg=2.2923, AUC=0.8599, ACC=0.7869, RMSE=0.3783 | Val: Loss=2.9510, BCE=0.5458, Reg=2.4053, AUC=0.7670, ACC=0.7321, RMSE=0.4253
2026-02-11 05:03:42,149 - INFO - [assist_09|assist_09_m3grid_sparse_0p5_full|lr=0.0003|drop=0.20] [Reg Terms] Epoch [018] | Train: graph_entropy=2.294024, mf_l2=0.000213, proto_div=0.000000, proto_usage=0.000000, personal_sparse=0.000510, alpha_var=-0.002429, reg_bce_ratio=5.2450 | Val: graph_entropy=2.406092, mf_l2=0.000212, proto_div=0.000000, proto_usage=0.000000, personal_sparse=0.000494, alpha_var=-0.001538, reg_bce_ratio=4.4070
2026-02-11 05:03:42,476 - INFO - [assist_09|assist_09_m3grid_sparse_0p5_full|lr=0.0003|drop=0.20] [Diag][M3] Epoch [018] | residual_abs_mean=1.0173, residual_std=0.5595, mf_abs_mean=1.0173, mf_std=0.5595, gate_mean=0.3911, gate_std=0.0319, irt_abs_mean=1.5837, irt_std=0.8700, delta_abs_mean=0.3985, delta_std=0.2240, delta_over_irt=0.2516, graph_row_entropy=4.8122, graph_entropy_ratio=1.0000, alpha_mean=0.2010, alpha_std=0.3983, personal_row_entropy=0.1421
2026-02-11 05:03:42,476 - WARNING - [assist_09|assist_09_m3grid_sparse_0p5_full|lr=0.0003|drop=0.20] [Diag Warning][M3] delta_over_irt has stayed high for 11 epoch(s): delta_over_irt=0.2516, delta_abs_mean=0.3985
2026-02-11 05:03:42,476 - INFO - [assist_09|assist_09_m3grid_sparse_0p5_full|lr=0.0003|drop=0.20] [Grad Norms] Epoch [018] | mf_u_proj=0.048639, mf_v_proj=0.052564, fusion_gate=0.001526, q_gate_raw=0.000975, skill_latent=0.116980
2026-02-11 05:03:42,848 - INFO - [assist_09|assist_09_m3grid_sparse_0p5_full|lr=0.0003|drop=0.20] -> New best AUC=0.7670 at epoch 18
2026-02-11 05:04:16,646 - INFO - [assist_09|assist_09_m3grid_sparse_0p5_full|lr=0.0003|drop=0.20] Epoch [019/30] | Train: Loss=2.7266, BCE=0.4343, Reg=2.2923, AUC=0.8619, ACC=0.7881, RMSE=0.3769 | Val: Loss=2.9547, BCE=0.5494, Reg=2.4053, AUC=0.7663, ACC=0.7333, RMSE=0.4263
2026-02-11 05:04:16,646 - INFO - [assist_09|assist_09_m3grid_sparse_0p5_full|lr=0.0003|drop=0.20] [Reg Terms] Epoch [019] | Train: graph_entropy=2.294008, mf_l2=0.000222, proto_div=0.000000, proto_usage=0.000000, personal_sparse=0.000505, alpha_var=-0.002434, reg_bce_ratio=5.2783 | Val: graph_entropy=2.406092, mf_l2=0.000223, proto_div=0.000000, proto_usage=0.000000, personal_sparse=0.000479, alpha_var=-0.001531, reg_bce_ratio=4.3779
2026-02-11 05:04:16,953 - INFO - [assist_09|assist_09_m3grid_sparse_0p5_full|lr=0.0003|drop=0.20] [Diag][M3] Epoch [019] | residual_abs_mean=1.0546, residual_std=0.5688, mf_abs_mean=1.0546, mf_std=0.5688, gate_mean=0.3924, gate_std=0.0323, irt_abs_mean=1.6818, irt_std=0.9195, delta_abs_mean=0.4145, delta_std=0.2283, delta_over_irt=0.2465, graph_row_entropy=4.8122, graph_entropy_ratio=1.0000, alpha_mean=0.2001, alpha_std=0.3987, personal_row_entropy=0.1428
2026-02-11 05:04:16,954 - WARNING - [assist_09|assist_09_m3grid_sparse_0p5_full|lr=0.0003|drop=0.20] [Diag Warning][M3] delta_over_irt has stayed high for 12 epoch(s): delta_over_irt=0.2465, delta_abs_mean=0.4145
2026-02-11 05:04:16,954 - INFO - [assist_09|assist_09_m3grid_sparse_0p5_full|lr=0.0003|drop=0.20] [Grad Norms] Epoch [019] | mf_u_proj=0.040218, mf_v_proj=0.041280, fusion_gate=0.002711, q_gate_raw=0.000889, skill_latent=0.134391
2026-02-11 05:04:16,954 - INFO - [assist_09|assist_09_m3grid_sparse_0p5_full|lr=0.0003|drop=0.20] -> No improvement 1 epoch(s) (best AUC=0.7670 @ 18)
2026-02-11 05:04:51,247 - INFO - [assist_09|assist_09_m3grid_sparse_0p5_full|lr=0.0003|drop=0.20] Epoch [020/30] | Train: Loss=2.7182, BCE=0.4260, Reg=2.2922, AUC=0.8686, ACC=0.7931, RMSE=0.3728 | Val: Loss=2.9570, BCE=0.5518, Reg=2.4052, AUC=0.7657, ACC=0.7315, RMSE=0.4270
2026-02-11 05:04:51,248 - INFO - [assist_09|assist_09_m3grid_sparse_0p5_full|lr=0.0003|drop=0.20] [Reg Terms] Epoch [020] | Train: graph_entropy=2.293960, mf_l2=0.000229, proto_div=0.000000, proto_usage=0.000000, personal_sparse=0.000464, alpha_var=-0.002433, reg_bce_ratio=5.3807 | Val: graph_entropy=2.406092, mf_l2=0.000235, proto_div=0.000000, proto_usage=0.000000, personal_sparse=0.000423, alpha_var=-0.001538, reg_bce_ratio=4.3591
2026-02-11 05:04:51,472 - INFO - [assist_09|assist_09_m3grid_sparse_0p5_full|lr=0.0003|drop=0.20] [Diag][M3] Epoch [020] | residual_abs_mean=1.0587, residual_std=0.5880, mf_abs_mean=1.0587, mf_std=0.5880, gate_mean=0.3915, gate_std=0.0361, irt_abs_mean=1.6982, irt_std=0.9462, delta_abs_mean=0.4155, delta_std=0.2361, delta_over_irt=0.2447, graph_row_entropy=4.8122, graph_entropy_ratio=1.0000, alpha_mean=0.2004, alpha_std=0.3986, personal_row_entropy=0.1510
2026-02-11 05:04:51,473 - WARNING - [assist_09|assist_09_m3grid_sparse_0p5_full|lr=0.0003|drop=0.20] [Diag Warning][M3] delta_over_irt has stayed high for 13 epoch(s): delta_over_irt=0.2447, delta_abs_mean=0.4155
2026-02-11 05:04:51,473 - INFO - [assist_09|assist_09_m3grid_sparse_0p5_full|lr=0.0003|drop=0.20] [Grad Norms] Epoch [020] | mf_u_proj=0.048876, mf_v_proj=0.053358, fusion_gate=0.006055, q_gate_raw=0.000000, skill_latent=0.122310
2026-02-11 05:04:51,473 - INFO - [assist_09|assist_09_m3grid_sparse_0p5_full|lr=0.0003|drop=0.20] -> No improvement 2 epoch(s) (best AUC=0.7670 @ 18)
2026-02-11 05:04:51,515 - INFO - [assist_09|assist_09_m3grid_sparse_0p5_full|lr=0.0003|drop=0.20] Checkpoint saved: checkpoints/assist_09_m3grid/seed42/sparse_0p5_full/checkpoint_epoch_20.pth
2026-02-11 05:04:51,706 - INFO - [assist_09|assist_09_m3grid_sparse_0p5_full|lr=0.0003|drop=0.20] [Module Activity] Epoch 20: Graph✗ Personal✓ MF✓
2026-02-11 05:05:25,851 - INFO - [assist_09|assist_09_m3grid_sparse_0p5_full|lr=0.0003|drop=0.20] Epoch [021/30] | Train: Loss=2.7163, BCE=0.4241, Reg=2.2922, AUC=0.8698, ACC=0.7931, RMSE=0.3720 | Val: Loss=2.9558, BCE=0.5506, Reg=2.4052, AUC=0.7655, ACC=0.7317, RMSE=0.4267
2026-02-11 05:05:25,852 - INFO - [assist_09|assist_09_m3grid_sparse_0p5_full|lr=0.0003|drop=0.20] [Reg Terms] Epoch [021] | Train: graph_entropy=2.293983, mf_l2=0.000242, proto_div=0.000000, proto_usage=0.000000, personal_sparse=0.000419, alpha_var=-0.002434, reg_bce_ratio=5.4045 | Val: graph_entropy=2.406092, mf_l2=0.000246, proto_div=0.000000, proto_usage=0.000000, personal_sparse=0.000388, alpha_var=-0.001537, reg_bce_ratio=4.3680
2026-02-11 05:05:26,159 - INFO - [assist_09|assist_09_m3grid_sparse_0p5_full|lr=0.0003|drop=0.20] [Diag][M3] Epoch [021] | residual_abs_mean=1.0783, residual_std=0.5872, mf_abs_mean=1.0783, mf_std=0.5872, gate_mean=0.3915, gate_std=0.0355, irt_abs_mean=1.6478, irt_std=0.9488, delta_abs_mean=0.4227, delta_std=0.2358, delta_over_irt=0.2565, graph_row_entropy=4.8122, graph_entropy_ratio=1.0000, alpha_mean=0.2002, alpha_std=0.3987, personal_row_entropy=0.1346
2026-02-11 05:05:26,159 - WARNING - [assist_09|assist_09_m3grid_sparse_0p5_full|lr=0.0003|drop=0.20] [Diag Warning][M3] delta_over_irt has stayed high for 14 epoch(s): delta_over_irt=0.2565, delta_abs_mean=0.4227
2026-02-11 05:05:26,159 - INFO - [assist_09|assist_09_m3grid_sparse_0p5_full|lr=0.0003|drop=0.20] [Grad Norms] Epoch [021] | mf_u_proj=0.049858, mf_v_proj=0.055418, fusion_gate=0.004740, q_gate_raw=0.000240, skill_latent=0.116820
2026-02-11 05:05:26,159 - INFO - [assist_09|assist_09_m3grid_sparse_0p5_full|lr=0.0003|drop=0.20] -> No improvement 3 epoch(s) (best AUC=0.7670 @ 18)
2026-02-11 05:05:26,159 - INFO - [assist_09|assist_09_m3grid_sparse_0p5_full|lr=0.0003|drop=0.20] Early stopping at epoch 21 (best AUC=0.7670 @ 18)
2026-02-11 05:05:26,174 - INFO - Epoch-wise metrics saved to checkpoints/assist_09_m3grid/seed42/sparse_0p5_full/metrics_history.csv
2026-02-11 05:05:26,176 - INFO - [assist_09|assist_09_m3grid_sparse_0p5_full|lr=0.0003|drop=0.20] Training completed! Best Val AUC=0.7670 @ epoch 18
2026-02-11 05:05:26,446 - INFO - 
============================================================
         MODULE ACTIVITY REPORT
============================================================
Dataset: assist_09 | Seed: 42 | Epoch: 21

1. Soft Prototype Module:
   - Status: DISABLED (num_prototypes=0 or use_soft_prototype=False)

2. Concept Graph Module:
   - Mean row entropy: 4.812 / 4.812
   - Entropy ratio: 100.0%
   - Status: ✗ TRIVIAL (uniform distribution, not learning)
   → Consider: increase lambda_sparse or training longer

3. Personal Graph Module:
   - Gate alpha mean: 0.183
   - Gate alpha std: 0.384
   - Status: ✓ ACTIVE (using personalization)

4. Skill/MF Module:
   - MF logit |mean|: 1.0498
   - MF logit std: 1.1645
   - Fusion gate mean: 0.394
   - Status: ✓ ACTIVE (contributing to predictions)

------------------------------------------------------------
SUMMARY:
   Active modules: Personal Graph, Skill/MF
   ⚠ Inactive modules: Concept Graph
============================================================
2026-02-11 05:05:26,447 - INFO - [assist_09|assist_09_m3grid_sparse_0p5_full|lr=0.0003|drop=0.20] Module activity saved to checkpoints/assist_09_m3grid/seed42/sparse_0p5_full/module_activity.json
2026-02-11 05:05:26,519 - INFO - Using device: cuda:0
2026-02-11 05:05:26,519 - INFO - Loading model from checkpoints/assist_09_m3grid/seed42/sparse_0p5_full/best_model.pth...
2026-02-11 05:05:27,078 - INFO - Inference switches: ablate_module1=False, ablate_module2=False, ablate_module3=False | enable_module1=True, enable_module2=True, enable_module3=True | use_soft_prototype=False, use_mf_branch=True, use_concept_graph=True, use_q_aligned_residual=True, use_soft_prototype_main_path=False | effective(num_gnn_layers=1, num_prototypes=0)
2026-02-11 05:05:27,099 - INFO - [Inference] Ablation runtime check: args(ablate_module1=False,ablate_module2=False,ablate_module3=False) | model(enable_module1=True,enable_module2=True,enable_module3=True) | physical(has_knowledge_encoder=True,has_mf_branch=True,has_soft_prototype=False)
2026-02-11 05:05:27,101 - INFO - Model loaded from epoch 18. Start testing...
2026-02-11 05:05:28,529 - INFO - [Test] 200/411 batches done, samples=25600
2026-02-11 05:05:29,703 - INFO - [Test] 400/411 batches done, samples=51200
2026-02-11 05:05:29,845 - INFO - 
==================================================
2026-02-11 05:05:29,845 - INFO - Test Results:
2026-02-11 05:05:29,845 - INFO - AUC: 0.7706
2026-02-11 05:05:29,845 - INFO - ACC: 0.7372
2026-02-11 05:05:29,845 - INFO - RMSE: 0.4229
2026-02-11 05:05:29,845 - INFO - ==================================================
2026-02-11 05:05:29,862 - INFO - Summary appended to /home/zsh/ConceptSkillCDM/results/experiment_results.csv
2026-02-11 05:05:29,868 - INFO - Run completed.
2026-02-11 05:05:29,868 - INFO - Best validation AUC: 0.7670 at epoch 18
2026-02-11 05:05:29,868 - INFO - Test metrics - AUC: 0.7706, ACC: 0.7372, RMSE: 0.4229
