2026-01-08 06:38:43,953 - INFO - Arguments:
2026-01-08 06:38:43,954 - INFO -   ablate_concept_graph: False
2026-01-08 06:38:43,954 - INFO -   ablate_skill_encoder: True
2026-01-08 06:38:43,954 - INFO -   ablate_soft_prototype: False
2026-01-08 06:38:43,954 - INFO -   batch_size: 128
2026-01-08 06:38:43,954 - INFO -   data_dir: ./data/assist_09
2026-01-08 06:38:43,954 - INFO -   dataset_name: assist_09
2026-01-08 06:38:43,954 - INFO -   disable_q_conditioning: False
2026-01-08 06:38:43,954 - INFO -   disable_self_loop: False
2026-01-08 06:38:43,954 - INFO -   disable_soft_prototype: False
2026-01-08 06:38:43,954 - INFO -   dropout: 0.2
2026-01-08 06:38:43,954 - INFO -   early_stop_patience: 3
2026-01-08 06:38:43,954 - INFO -   epochs: 100
2026-01-08 06:38:43,954 - INFO -   exercise_dim: 64
2026-01-08 06:38:43,954 - INFO -   exercise_l2_lambda: 5e-05
2026-01-08 06:38:43,954 - INFO -   generate_diagnosis: False
2026-01-08 06:38:43,954 - INFO -   gnn_residual_weight: 0.5
2026-01-08 06:38:43,954 - INFO -   gpu_candidates: None
2026-01-08 06:38:43,954 - INFO -   graph_topk: None
2026-01-08 06:38:43,954 - INFO -   knowledge_dim: 64
2026-01-08 06:38:43,954 - INFO -   lambda_alpha: 0.0
2026-01-08 06:38:43,954 - INFO -   lambda_proto_div: 0.0
2026-01-08 06:38:43,954 - INFO -   lambda_proto_usage: 0.0
2026-01-08 06:38:43,955 - INFO -   lambda_sparse: 0.1
2026-01-08 06:38:43,955 - INFO -   lambda_sparse_personal: 0.0
2026-01-08 06:38:43,955 - INFO -   learning_rate: 0.0003
2026-01-08 06:38:43,955 - INFO -   log_dir: logs/assist_09_ablation_no_skill_seed42
2026-01-08 06:38:43,955 - INFO -   min_exer_interactions: 0
2026-01-08 06:38:43,955 - INFO -   min_poison_count: 0
2026-01-08 06:38:43,955 - INFO -   min_stu_interactions: 15
2026-01-08 06:38:43,955 - INFO -   model_variant: gpd_base_no_skill
2026-01-08 06:38:43,955 - INFO -   no_cuda: False
2026-01-08 06:38:43,955 - INFO -   num_gnn_layers: 1
2026-01-08 06:38:43,955 - INFO -   num_prototypes: 3
2026-01-08 06:38:43,955 - INFO -   num_relation_heads: 2
2026-01-08 06:38:43,955 - INFO -   num_workers: 4
2026-01-08 06:38:43,955 - INFO -   patience: 5
2026-01-08 06:38:43,955 - INFO -   personal_rank: 4
2026-01-08 06:38:43,955 - INFO -   proto_lambda: 0.1
2026-01-08 06:38:43,955 - INFO -   proto_tau: 1.0
2026-01-08 06:38:43,955 - INFO -   save_dir: checkpoints/assist_09_ablation_no_skill_seed42
2026-01-08 06:38:43,955 - INFO -   save_interval: 10
2026-01-08 06:38:43,955 - INFO -   seed: 42
2026-01-08 06:38:43,955 - INFO -   skill_dim: 64
2026-01-08 06:38:43,955 - INFO -   use_concept_graph: True
2026-01-08 06:38:43,955 - INFO -   use_exercise_graph: True
2026-01-08 06:38:43,955 - INFO -   use_mf_branch: False
2026-01-08 06:38:43,955 - INFO -   use_personal_graph: 0
2026-01-08 06:38:43,955 - INFO -   use_skill_encoder: False
2026-01-08 06:38:43,956 - INFO -   use_soft_prototype: True
2026-01-08 06:38:43,956 - INFO -   weight_decay: 1e-05
2026-01-08 06:38:44,054 - INFO - Using device: cuda:0
2026-01-08 06:38:44,055 - INFO - [assist_09|gpd_base_no_skill|lr=0.0003|drop=0.20] Loading datasets...
2026-01-08 06:38:44,055 - INFO - [assist_09|gpd_base_no_skill|lr=0.0003|drop=0.20] Regularization: graph_entropy(lambda_sparse)=0.100000, proto_div=0.000000, proto_usage=0.000000, personal_sparse=0.000000, alpha_penalty=0.000000, mf_l2(exercise_l2_lambda)=0.000050
2026-01-08 06:38:44,194 - INFO - [数据清洗] 学生交互次数 < 15 次的学生：共移除 0 个学生（仅统计用户数）
2026-01-08 06:38:44,212 - INFO - [数据清洗] 学生冷启动过滤：在 train/valid/test 中共删除 0 条记录。
2026-01-08 06:38:44,212 - INFO - [数据清洗] 跳过题目冷门过滤（min_exer_interactions <= 0）。
2026-01-08 06:38:44,212 - INFO - [数据清洗] 跳过毒题清洗（min_poison_count <= 0）。
2026-01-08 06:39:01,292 - INFO - [assist_09|gpd_base_no_skill|lr=0.0003|drop=0.20] Train samples: 194489, Val samples: 20385
2026-01-08 06:39:01,293 - INFO - [assist_09|gpd_base_no_skill|lr=0.0003|drop=0.20] Number of students: 2493
2026-01-08 06:39:01,293 - INFO - [assist_09|gpd_base_no_skill|lr=0.0003|drop=0.20] Number of exercises: 17676
2026-01-08 06:39:01,293 - INFO - [assist_09|gpd_base_no_skill|lr=0.0003|drop=0.20] Number of concepts: 123
2026-01-08 06:39:01,293 - INFO - [assist_09|gpd_base_no_skill|lr=0.0003|drop=0.20] Creating model...
2026-01-08 06:39:01,293 - INFO - [assist_09|gpd_base_no_skill|lr=0.0003|drop=0.20] Ablation switches: use_soft_prototype=True, use_mf_branch=False, use_concept_graph=True
2026-01-08 06:39:01,460 - INFO - [assist_09|gpd_base_no_skill|lr=0.0003|drop=0.20] Total parameters: 235,678
2026-01-08 06:39:01,460 - INFO - [assist_09|gpd_base_no_skill|lr=0.0003|drop=0.20] Trainable parameters: 235,678
2026-01-08 06:39:03,170 - INFO - [assist_09|gpd_base_no_skill|lr=0.0003|drop=0.20] Starting training...
2026-01-08 06:39:24,007 - INFO - [assist_09|gpd_base_no_skill|lr=0.0003|drop=0.20] Epoch [001/100] | Train: Loss=1.0489, BCE=0.5901, Reg=0.4588, AUC=0.6870, ACC=0.6928, RMSE=0.4493 | Val: Loss=1.0484, BCE=0.5672, Reg=0.4812, AUC=0.7285, ACC=0.7091, RMSE=0.4384
2026-01-08 06:39:24,508 - INFO - [assist_09|gpd_base_no_skill|lr=0.0003|drop=0.20] -> New best AUC=0.7285 at epoch 1
2026-01-08 06:39:47,735 - INFO - [assist_09|gpd_base_no_skill|lr=0.0003|drop=0.20] Epoch [002/100] | Train: Loss=1.0123, BCE=0.5535, Reg=0.4588, AUC=0.7421, ACC=0.7194, RMSE=0.4318 | Val: Loss=1.0419, BCE=0.5606, Reg=0.4812, AUC=0.7357, ACC=0.7131, RMSE=0.4354
2026-01-08 06:39:48,147 - INFO - [assist_09|gpd_base_no_skill|lr=0.0003|drop=0.20] -> New best AUC=0.7357 at epoch 2
2026-01-08 06:40:11,503 - INFO - [assist_09|gpd_base_no_skill|lr=0.0003|drop=0.20] Epoch [003/100] | Train: Loss=1.0013, BCE=0.5425, Reg=0.4588, AUC=0.7556, ACC=0.7245, RMSE=0.4269 | Val: Loss=1.0383, BCE=0.5571, Reg=0.4812, AUC=0.7395, ACC=0.7173, RMSE=0.4338
2026-01-08 06:40:11,971 - INFO - [assist_09|gpd_base_no_skill|lr=0.0003|drop=0.20] -> New best AUC=0.7395 at epoch 3
2026-01-08 06:40:35,438 - INFO - [assist_09|gpd_base_no_skill|lr=0.0003|drop=0.20] Epoch [004/100] | Train: Loss=0.9924, BCE=0.5336, Reg=0.4588, AUC=0.7660, ACC=0.7293, RMSE=0.4230 | Val: Loss=1.0367, BCE=0.5555, Reg=0.4812, AUC=0.7426, ACC=0.7183, RMSE=0.4329
2026-01-08 06:40:35,888 - INFO - [assist_09|gpd_base_no_skill|lr=0.0003|drop=0.20] -> New best AUC=0.7426 at epoch 4
2026-01-08 06:40:58,734 - INFO - [assist_09|gpd_base_no_skill|lr=0.0003|drop=0.20] Epoch [005/100] | Train: Loss=0.9838, BCE=0.5250, Reg=0.4588, AUC=0.7758, ACC=0.7342, RMSE=0.4191 | Val: Loss=1.0353, BCE=0.5540, Reg=0.4812, AUC=0.7449, ACC=0.7208, RMSE=0.4322
2026-01-08 06:40:59,171 - INFO - [assist_09|gpd_base_no_skill|lr=0.0003|drop=0.20] -> New best AUC=0.7449 at epoch 5
2026-01-08 06:41:22,926 - INFO - [assist_09|gpd_base_no_skill|lr=0.0003|drop=0.20] Epoch [006/100] | Train: Loss=0.9765, BCE=0.5177, Reg=0.4588, AUC=0.7836, ACC=0.7382, RMSE=0.4160 | Val: Loss=1.0330, BCE=0.5517, Reg=0.4812, AUC=0.7467, ACC=0.7194, RMSE=0.4311
2026-01-08 06:41:23,375 - INFO - [assist_09|gpd_base_no_skill|lr=0.0003|drop=0.20] -> New best AUC=0.7467 at epoch 6
2026-01-08 06:41:46,189 - INFO - [assist_09|gpd_base_no_skill|lr=0.0003|drop=0.20] Epoch [007/100] | Train: Loss=0.9698, BCE=0.5110, Reg=0.4588, AUC=0.7910, ACC=0.7424, RMSE=0.4130 | Val: Loss=1.0338, BCE=0.5526, Reg=0.4812, AUC=0.7476, ACC=0.7213, RMSE=0.4312
2026-01-08 06:41:46,595 - INFO - [assist_09|gpd_base_no_skill|lr=0.0003|drop=0.20] -> New best AUC=0.7476 at epoch 7
2026-01-08 06:42:08,302 - INFO - [assist_09|gpd_base_no_skill|lr=0.0003|drop=0.20] Epoch [008/100] | Train: Loss=0.9644, BCE=0.5056, Reg=0.4588, AUC=0.7965, ACC=0.7450, RMSE=0.4106 | Val: Loss=1.0343, BCE=0.5530, Reg=0.4812, AUC=0.7486, ACC=0.7234, RMSE=0.4312
2026-01-08 06:42:08,757 - INFO - [assist_09|gpd_base_no_skill|lr=0.0003|drop=0.20] -> New best AUC=0.7486 at epoch 8
2026-01-08 06:42:31,127 - INFO - [assist_09|gpd_base_no_skill|lr=0.0003|drop=0.20] Epoch [009/100] | Train: Loss=0.9596, BCE=0.5008, Reg=0.4588, AUC=0.8016, ACC=0.7474, RMSE=0.4085 | Val: Loss=1.0341, BCE=0.5529, Reg=0.4812, AUC=0.7494, ACC=0.7232, RMSE=0.4308
2026-01-08 06:42:31,545 - INFO - [assist_09|gpd_base_no_skill|lr=0.0003|drop=0.20] -> New best AUC=0.7494 at epoch 9
2026-01-08 06:42:54,806 - INFO - [assist_09|gpd_base_no_skill|lr=0.0003|drop=0.20] Epoch [010/100] | Train: Loss=0.9552, BCE=0.4964, Reg=0.4588, AUC=0.8061, ACC=0.7496, RMSE=0.4066 | Val: Loss=1.0348, BCE=0.5536, Reg=0.4812, AUC=0.7495, ACC=0.7236, RMSE=0.4311
2026-01-08 06:42:55,309 - INFO - [assist_09|gpd_base_no_skill|lr=0.0003|drop=0.20] -> New best AUC=0.7495 at epoch 10
2026-01-08 06:42:55,421 - INFO - [assist_09|gpd_base_no_skill|lr=0.0003|drop=0.20] Checkpoint saved: checkpoints/assist_09_ablation_no_skill_seed42/checkpoint_epoch_10.pth
2026-01-08 06:43:19,357 - INFO - [assist_09|gpd_base_no_skill|lr=0.0003|drop=0.20] Epoch [011/100] | Train: Loss=0.9511, BCE=0.4923, Reg=0.4588, AUC=0.8101, ACC=0.7516, RMSE=0.4049 | Val: Loss=1.0350, BCE=0.5537, Reg=0.4812, AUC=0.7506, ACC=0.7233, RMSE=0.4308
2026-01-08 06:43:19,791 - INFO - [assist_09|gpd_base_no_skill|lr=0.0003|drop=0.20] -> New best AUC=0.7506 at epoch 11
2026-01-08 06:43:43,969 - INFO - [assist_09|gpd_base_no_skill|lr=0.0003|drop=0.20] Epoch [012/100] | Train: Loss=0.9473, BCE=0.4885, Reg=0.4588, AUC=0.8137, ACC=0.7533, RMSE=0.4032 | Val: Loss=1.0357, BCE=0.5545, Reg=0.4812, AUC=0.7521, ACC=0.7239, RMSE=0.4308
2026-01-08 06:43:44,360 - INFO - [assist_09|gpd_base_no_skill|lr=0.0003|drop=0.20] -> New best AUC=0.7521 at epoch 12
2026-01-08 06:44:08,076 - INFO - [assist_09|gpd_base_no_skill|lr=0.0003|drop=0.20] Epoch [013/100] | Train: Loss=0.9407, BCE=0.4819, Reg=0.4588, AUC=0.8202, ACC=0.7575, RMSE=0.4001 | Val: Loss=1.0376, BCE=0.5564, Reg=0.4812, AUC=0.7522, ACC=0.7230, RMSE=0.4313
2026-01-08 06:44:08,569 - INFO - [assist_09|gpd_base_no_skill|lr=0.0003|drop=0.20] -> New best AUC=0.7522 at epoch 13
2026-01-08 06:44:32,325 - INFO - [assist_09|gpd_base_no_skill|lr=0.0003|drop=0.20] Epoch [014/100] | Train: Loss=0.9387, BCE=0.4799, Reg=0.4588, AUC=0.8218, ACC=0.7585, RMSE=0.3993 | Val: Loss=1.0371, BCE=0.5559, Reg=0.4812, AUC=0.7522, ACC=0.7240, RMSE=0.4310
2026-01-08 06:44:32,773 - INFO - [assist_09|gpd_base_no_skill|lr=0.0003|drop=0.20] -> New best AUC=0.7522 at epoch 14
2026-01-08 06:44:56,463 - INFO - [assist_09|gpd_base_no_skill|lr=0.0003|drop=0.20] Epoch [015/100] | Train: Loss=0.9366, BCE=0.4778, Reg=0.4588, AUC=0.8238, ACC=0.7595, RMSE=0.3984 | Val: Loss=1.0372, BCE=0.5560, Reg=0.4812, AUC=0.7526, ACC=0.7234, RMSE=0.4310
2026-01-08 06:44:56,903 - INFO - [assist_09|gpd_base_no_skill|lr=0.0003|drop=0.20] -> New best AUC=0.7526 at epoch 15
2026-01-08 06:45:20,531 - INFO - [assist_09|gpd_base_no_skill|lr=0.0003|drop=0.20] Epoch [016/100] | Train: Loss=0.9350, BCE=0.4762, Reg=0.4588, AUC=0.8253, ACC=0.7601, RMSE=0.3977 | Val: Loss=1.0382, BCE=0.5570, Reg=0.4812, AUC=0.7525, ACC=0.7225, RMSE=0.4313
2026-01-08 06:45:20,532 - INFO - [assist_09|gpd_base_no_skill|lr=0.0003|drop=0.20] -> No improvement 1 epoch(s) (best AUC=0.7526 @ 15)
2026-01-08 06:45:46,035 - INFO - [assist_09|gpd_base_no_skill|lr=0.0003|drop=0.20] Epoch [017/100] | Train: Loss=0.9336, BCE=0.4748, Reg=0.4588, AUC=0.8265, ACC=0.7604, RMSE=0.3971 | Val: Loss=1.0386, BCE=0.5574, Reg=0.4812, AUC=0.7529, ACC=0.7240, RMSE=0.4311
2026-01-08 06:45:46,497 - INFO - [assist_09|gpd_base_no_skill|lr=0.0003|drop=0.20] -> New best AUC=0.7529 at epoch 17
2026-01-08 06:46:11,609 - INFO - [assist_09|gpd_base_no_skill|lr=0.0003|drop=0.20] Epoch [018/100] | Train: Loss=0.9323, BCE=0.4735, Reg=0.4588, AUC=0.8275, ACC=0.7618, RMSE=0.3965 | Val: Loss=1.0387, BCE=0.5575, Reg=0.4812, AUC=0.7525, ACC=0.7233, RMSE=0.4312
2026-01-08 06:46:11,609 - INFO - [assist_09|gpd_base_no_skill|lr=0.0003|drop=0.20] -> No improvement 1 epoch(s) (best AUC=0.7529 @ 17)
2026-01-08 06:46:34,856 - INFO - [assist_09|gpd_base_no_skill|lr=0.0003|drop=0.20] Epoch [019/100] | Train: Loss=0.9287, BCE=0.4699, Reg=0.4588, AUC=0.8306, ACC=0.7639, RMSE=0.3949 | Val: Loss=1.0401, BCE=0.5589, Reg=0.4812, AUC=0.7529, ACC=0.7236, RMSE=0.4314
2026-01-08 06:46:34,856 - INFO - [assist_09|gpd_base_no_skill|lr=0.0003|drop=0.20] -> No improvement 2 epoch(s) (best AUC=0.7529 @ 17)
2026-01-08 06:46:57,980 - INFO - [assist_09|gpd_base_no_skill|lr=0.0003|drop=0.20] Epoch [020/100] | Train: Loss=0.9281, BCE=0.4693, Reg=0.4588, AUC=0.8315, ACC=0.7645, RMSE=0.3945 | Val: Loss=1.0422, BCE=0.5610, Reg=0.4812, AUC=0.7533, ACC=0.7238, RMSE=0.4320
2026-01-08 06:46:58,379 - INFO - [assist_09|gpd_base_no_skill|lr=0.0003|drop=0.20] -> New best AUC=0.7533 at epoch 20
2026-01-08 06:46:58,464 - INFO - [assist_09|gpd_base_no_skill|lr=0.0003|drop=0.20] Checkpoint saved: checkpoints/assist_09_ablation_no_skill_seed42/checkpoint_epoch_20.pth
2026-01-08 06:47:22,648 - INFO - [assist_09|gpd_base_no_skill|lr=0.0003|drop=0.20] Epoch [021/100] | Train: Loss=0.9271, BCE=0.4684, Reg=0.4588, AUC=0.8322, ACC=0.7631, RMSE=0.3943 | Val: Loss=1.0420, BCE=0.5608, Reg=0.4812, AUC=0.7529, ACC=0.7236, RMSE=0.4319
2026-01-08 06:47:22,649 - INFO - [assist_09|gpd_base_no_skill|lr=0.0003|drop=0.20] -> No improvement 1 epoch(s) (best AUC=0.7533 @ 20)
2026-01-08 06:47:54,641 - INFO - [assist_09|gpd_base_no_skill|lr=0.0003|drop=0.20] Epoch [022/100] | Train: Loss=0.9262, BCE=0.4674, Reg=0.4588, AUC=0.8329, ACC=0.7641, RMSE=0.3938 | Val: Loss=1.0413, BCE=0.5600, Reg=0.4812, AUC=0.7526, ACC=0.7227, RMSE=0.4317
2026-01-08 06:47:54,642 - INFO - [assist_09|gpd_base_no_skill|lr=0.0003|drop=0.20] -> No improvement 2 epoch(s) (best AUC=0.7533 @ 20)
2026-01-08 06:48:34,320 - INFO - [assist_09|gpd_base_no_skill|lr=0.0003|drop=0.20] Epoch [023/100] | Train: Loss=0.9256, BCE=0.4668, Reg=0.4588, AUC=0.8332, ACC=0.7651, RMSE=0.3935 | Val: Loss=1.0419, BCE=0.5607, Reg=0.4812, AUC=0.7527, ACC=0.7237, RMSE=0.4318
2026-01-08 06:48:34,320 - INFO - [assist_09|gpd_base_no_skill|lr=0.0003|drop=0.20] -> No improvement 3 epoch(s) (best AUC=0.7533 @ 20)
2026-01-08 06:48:34,320 - INFO - [assist_09|gpd_base_no_skill|lr=0.0003|drop=0.20] Early stopping at epoch 23 (best AUC=0.7533 @ 20)
2026-01-08 06:48:34,335 - INFO - Epoch-wise metrics saved to checkpoints/assist_09_ablation_no_skill_seed42/metrics_history.csv
2026-01-08 06:48:34,337 - INFO - [assist_09|gpd_base_no_skill|lr=0.0003|drop=0.20] Training completed! Best Val AUC=0.7533 @ epoch 20
2026-01-08 06:48:34,420 - INFO - Using device: cuda:0
2026-01-08 06:48:34,420 - INFO - Loading model from checkpoints/assist_09_ablation_no_skill_seed42/best_model.pth...
2026-01-08 06:48:35,242 - INFO - Inference switches: use_soft_prototype=True, use_mf_branch=False, use_concept_graph=True
2026-01-08 06:48:35,294 - INFO - Model loaded from epoch 20. Start testing...
2026-01-08 06:48:37,825 - INFO - [Test] 200/411 batches done, samples=25600
2026-01-08 06:48:40,026 - INFO - [Test] 400/411 batches done, samples=51200
2026-01-08 06:48:40,232 - INFO - 
==================================================
2026-01-08 06:48:40,233 - INFO - Test Results:
2026-01-08 06:48:40,233 - INFO - AUC: 0.7564
2026-01-08 06:48:40,233 - INFO - ACC: 0.7304
2026-01-08 06:48:40,233 - INFO - RMSE: 0.4292
2026-01-08 06:48:40,233 - INFO - ==================================================
2026-01-08 06:48:40,258 - INFO - Summary appended to /home/zsh/ConceptSkillCDM/results/experiment_results.csv
2026-01-08 06:48:40,264 - INFO - Run completed.
2026-01-08 06:48:40,264 - INFO - Best validation AUC: 0.7533 at epoch 20
2026-01-08 06:48:40,264 - INFO - Test metrics - AUC: 0.7564, ACC: 0.7304, RMSE: 0.4292
