2026-02-11 03:19:51,036 - INFO - Arguments:
2026-02-11 03:19:51,036 - INFO -   ablate_concept_graph: False
2026-02-11 03:19:51,036 - INFO -   ablate_module1: False
2026-02-11 03:19:51,036 - INFO -   ablate_module2: False
2026-02-11 03:19:51,037 - INFO -   ablate_module3: False
2026-02-11 03:19:51,037 - INFO -   ablate_skill_encoder: False
2026-02-11 03:19:51,037 - INFO -   ablate_soft_prototype: True
2026-02-11 03:19:51,037 - INFO -   allow_self_loop: True
2026-02-11 03:19:51,037 - INFO -   batch_size: 128
2026-02-11 03:19:51,037 - INFO -   data_dir: ./data/assist_09
2026-02-11 03:19:51,037 - INFO -   dataset_name: assist_09
2026-02-11 03:19:51,037 - INFO -   debug_module3_diag: True
2026-02-11 03:19:51,037 - INFO -   diag_batches: 2
2026-02-11 03:19:51,037 - INFO -   disable_q_aligned_residual: False
2026-02-11 03:19:51,037 - INFO -   disable_q_conditioning: False
2026-02-11 03:19:51,037 - INFO -   disable_self_loop: False
2026-02-11 03:19:51,037 - INFO -   disable_soft_prototype: True
2026-02-11 03:19:51,037 - INFO -   dropout: 0.2
2026-02-11 03:19:51,037 - INFO -   early_stop_patience: 3
2026-02-11 03:19:51,037 - INFO -   enable_module1: True
2026-02-11 03:19:51,037 - INFO -   enable_module2: True
2026-02-11 03:19:51,037 - INFO -   enable_module3: True
2026-02-11 03:19:51,037 - INFO -   enable_soft_prototype: False
2026-02-11 03:19:51,037 - INFO -   epochs: 30
2026-02-11 03:19:51,037 - INFO -   exercise_dim: 64
2026-02-11 03:19:51,037 - INFO -   exercise_l2_lambda: 5e-05
2026-02-11 03:19:51,037 - INFO -   fusion_gate_bias_init: -2.5
2026-02-11 03:19:51,037 - INFO -   fusion_gate_max: 0.6
2026-02-11 03:19:51,037 - INFO -   generate_diagnosis: False
2026-02-11 03:19:51,037 - INFO -   gnn_residual_weight: 0.5
2026-02-11 03:19:51,037 - INFO -   gpu_candidates: None
2026-02-11 03:19:51,037 - INFO -   gpu_ids: None
2026-02-11 03:19:51,037 - INFO -   gpu_memory_threshold: 2000
2026-02-11 03:19:51,037 - INFO -   gpus: None
2026-02-11 03:19:51,037 - INFO -   graph_topk: None
2026-02-11 03:19:51,038 - INFO -   knowledge_dim: 64
2026-02-11 03:19:51,038 - INFO -   lambda_alpha: 0.01
2026-02-11 03:19:51,038 - INFO -   lambda_proto_div: 0.0
2026-02-11 03:19:51,038 - INFO -   lambda_proto_usage: 0.0
2026-02-11 03:19:51,038 - INFO -   lambda_sparse: 1.0
2026-02-11 03:19:51,038 - INFO -   lambda_sparse_personal: 0.005
2026-02-11 03:19:51,038 - INFO -   learning_rate: 0.0003
2026-02-11 03:19:51,038 - INFO -   log_dir: logs/assist_09_m3grid/seed42/gmax_0p6_full
2026-02-11 03:19:51,038 - INFO -   min_exer_interactions: 0
2026-02-11 03:19:51,038 - INFO -   min_poison_count: 0
2026-02-11 03:19:51,038 - INFO -   min_stu_interactions: 15
2026-02-11 03:19:51,038 - INFO -   model_variant: assist_09_m3grid_gmax_0p6_full
2026-02-11 03:19:51,038 - INFO -   multi_gpu: False
2026-02-11 03:19:51,038 - INFO -   no_cuda: False
2026-02-11 03:19:51,038 - INFO -   num_gnn_layers: 1
2026-02-11 03:19:51,038 - INFO -   num_gpus: 1
2026-02-11 03:19:51,038 - INFO -   num_prototypes: 0
2026-02-11 03:19:51,038 - INFO -   num_relation_heads: 2
2026-02-11 03:19:51,038 - INFO -   num_workers: 4
2026-02-11 03:19:51,038 - INFO -   patience: 5
2026-02-11 03:19:51,038 - INFO -   personal_rank: 4
2026-02-11 03:19:51,038 - INFO -   proto_lambda: 0.0
2026-02-11 03:19:51,038 - INFO -   proto_tau: 1.0
2026-02-11 03:19:51,038 - INFO -   residual_clip_t: 2.0
2026-02-11 03:19:51,038 - INFO -   save_dir: checkpoints/assist_09_m3grid/seed42/gmax_0p6_full
2026-02-11 03:19:51,038 - INFO -   save_interval: 10
2026-02-11 03:19:51,038 - INFO -   seed: 42
2026-02-11 03:19:51,038 - INFO -   skill_dim: 128
2026-02-11 03:19:51,038 - INFO -   use_concept_graph: True
2026-02-11 03:19:51,038 - INFO -   use_exercise_graph: True
2026-02-11 03:19:51,038 - INFO -   use_mf_branch: True
2026-02-11 03:19:51,038 - INFO -   use_personal_graph: True
2026-02-11 03:19:51,039 - INFO -   use_q_aligned_residual: True
2026-02-11 03:19:51,039 - INFO -   use_q_conditioning: True
2026-02-11 03:19:51,039 - INFO -   use_skill_encoder: True
2026-02-11 03:19:51,039 - INFO -   use_soft_prototype: False
2026-02-11 03:19:51,039 - INFO -   use_soft_prototype_main_path: False
2026-02-11 03:19:51,039 - INFO -   weight_decay: 1e-05
2026-02-11 03:19:51,121 - INFO - Using device: cuda:0 (physical gpu 1)
2026-02-11 03:19:51,121 - INFO - [assist_09|assist_09_m3grid_gmax_0p6_full|lr=0.0003|drop=0.20] Loading datasets...
2026-02-11 03:19:51,121 - INFO - [assist_09|assist_09_m3grid_gmax_0p6_full|lr=0.0003|drop=0.20] Regularization: graph_entropy(lambda_sparse)=1.000000, proto_div=0.000000, proto_usage=0.000000, personal_sparse=0.005000, alpha_penalty=0.010000, mf_l2(exercise_l2_lambda)=0.000050
2026-02-11 03:19:51,213 - INFO - [数据清洗] 学生交互次数 < 15 次的学生：共移除 0 个学生（仅统计用户数）
2026-02-11 03:19:51,223 - INFO - [数据清洗] 学生冷启动过滤：在 train/valid/test 中共删除 0 条记录。
2026-02-11 03:19:51,223 - INFO - [数据清洗] 跳过题目冷门过滤（min_exer_interactions <= 0）。
2026-02-11 03:19:51,223 - INFO - [数据清洗] 跳过毒题清洗（min_poison_count <= 0）。
2026-02-11 03:20:03,249 - INFO - [assist_09|assist_09_m3grid_gmax_0p6_full|lr=0.0003|drop=0.20] Train samples: 194489, Val samples: 20385
2026-02-11 03:20:03,249 - INFO - [assist_09|assist_09_m3grid_gmax_0p6_full|lr=0.0003|drop=0.20] Number of students: 2493
2026-02-11 03:20:03,249 - INFO - [assist_09|assist_09_m3grid_gmax_0p6_full|lr=0.0003|drop=0.20] Number of exercises: 17676
2026-02-11 03:20:03,249 - INFO - [assist_09|assist_09_m3grid_gmax_0p6_full|lr=0.0003|drop=0.20] Number of concepts: 123
2026-02-11 03:20:03,249 - INFO - [assist_09|assist_09_m3grid_gmax_0p6_full|lr=0.0003|drop=0.20] Creating model...
2026-02-11 03:20:03,249 - INFO - [assist_09|assist_09_m3grid_gmax_0p6_full|lr=0.0003|drop=0.20] Ablation switches: ablate_module1=False, ablate_module2=False, ablate_module3=False | enable_module1=True, enable_module2=True, enable_module3=True | use_soft_prototype=False, use_mf_branch=True, use_concept_graph=True, use_q_aligned_residual=True, use_soft_prototype_main_path=False | effective(num_gnn_layers=1, num_prototypes=0)
2026-02-11 03:20:03,432 - INFO - [assist_09|assist_09_m3grid_gmax_0p6_full|lr=0.0003|drop=0.20] Ablation runtime check: args(ablate_module1=False,ablate_module2=False,ablate_module3=False) | model(enable_module1=True,enable_module2=True,enable_module3=True) | physical(has_knowledge_encoder=True,has_mf_branch=True,has_soft_prototype=False)
2026-02-11 03:20:03,433 - INFO - [assist_09|assist_09_m3grid_gmax_0p6_full|lr=0.0003|drop=0.20] Debug diagnostics enabled: diag_batches=2
2026-02-11 03:20:03,433 - INFO - [assist_09|assist_09_m3grid_gmax_0p6_full|lr=0.0003|drop=0.20] Total parameters: 652,399
2026-02-11 03:20:03,433 - INFO - [assist_09|assist_09_m3grid_gmax_0p6_full|lr=0.0003|drop=0.20] Trainable parameters: 652,399
2026-02-11 03:20:04,725 - INFO - [assist_09|assist_09_m3grid_gmax_0p6_full|lr=0.0003|drop=0.20] Starting training...
2026-02-11 03:20:37,254 - INFO - [assist_09|assist_09_m3grid_gmax_0p6_full|lr=0.0003|drop=0.20] Epoch [001/30] | Train: Loss=5.1870, BCE=0.5880, Reg=4.5990, AUC=0.6893, ACC=0.6946, RMSE=0.4483 | Val: Loss=5.3805, BCE=0.5648, Reg=4.8156, AUC=0.7303, ACC=0.7140, RMSE=0.4371
2026-02-11 03:20:37,254 - INFO - [assist_09|assist_09_m3grid_gmax_0p6_full|lr=0.0003|drop=0.20] [Reg Terms] Epoch [001] | Train: graph_entropy=4.588062, mf_l2=0.000002, proto_div=0.000000, proto_usage=0.000000, personal_sparse=0.012748, alpha_var=-0.001779, reg_bce_ratio=7.8213 | Val: graph_entropy=4.812184, mf_l2=0.000005, proto_div=0.000000, proto_usage=0.000000, personal_sparse=0.004998, alpha_var=-0.001545, reg_bce_ratio=8.5256
2026-02-11 03:20:37,454 - INFO - [assist_09|assist_09_m3grid_gmax_0p6_full|lr=0.0003|drop=0.20] [Diag][M3] Epoch [001] | residual_abs_mean=0.1734, residual_std=0.1181, mf_abs_mean=0.1734, mf_std=0.1181, gate_mean=0.0887, gate_std=0.0135, irt_abs_mean=1.3102, irt_std=0.5713, delta_abs_mean=0.0159, delta_std=0.0120, delta_over_irt=0.0121, graph_row_entropy=4.8122, graph_entropy_ratio=1.0000, alpha_mean=0.1607, alpha_std=0.3660, personal_row_entropy=0.6875
2026-02-11 03:20:37,454 - INFO - [assist_09|assist_09_m3grid_gmax_0p6_full|lr=0.0003|drop=0.20] [Grad Norms] Epoch [001] | mf_u_proj=0.002402, mf_v_proj=0.002494, fusion_gate=0.000768, q_gate_raw=0.000107, skill_latent=0.013497
2026-02-11 03:20:37,642 - INFO - [assist_09|assist_09_m3grid_gmax_0p6_full|lr=0.0003|drop=0.20] -> New best AUC=0.7303 at epoch 1
2026-02-11 03:21:09,765 - INFO - [assist_09|assist_09_m3grid_gmax_0p6_full|lr=0.0003|drop=0.20] Epoch [002/30] | Train: Loss=5.1371, BCE=0.5477, Reg=4.5895, AUC=0.7485, ACC=0.7248, RMSE=0.4289 | Val: Loss=5.3737, BCE=0.5600, Reg=4.8137, AUC=0.7369, ACC=0.7140, RMSE=0.4351
2026-02-11 03:21:09,766 - INFO - [assist_09|assist_09_m3grid_gmax_0p6_full|lr=0.0003|drop=0.20] [Reg Terms] Epoch [002] | Train: graph_entropy=4.587991, mf_l2=0.000012, proto_div=0.000000, proto_usage=0.000000, personal_sparse=0.003812, alpha_var=-0.002356, reg_bce_ratio=8.3802 | Val: graph_entropy=4.812184, mf_l2=0.000018, proto_div=0.000000, proto_usage=0.000000, personal_sparse=0.003068, alpha_var=-0.001578, reg_bce_ratio=8.5958
2026-02-11 03:21:09,957 - INFO - [assist_09|assist_09_m3grid_gmax_0p6_full|lr=0.0003|drop=0.20] [Diag][M3] Epoch [002] | residual_abs_mean=0.2667, residual_std=0.1813, mf_abs_mean=0.2667, mf_std=0.1813, gate_mean=0.1852, gate_std=0.0530, irt_abs_mean=1.3162, irt_std=0.5859, delta_abs_mean=0.0515, delta_std=0.0447, delta_over_irt=0.0391, graph_row_entropy=4.8122, graph_entropy_ratio=1.0000, alpha_mean=0.1617, alpha_std=0.3657, personal_row_entropy=0.5048
2026-02-11 03:21:09,957 - INFO - [assist_09|assist_09_m3grid_gmax_0p6_full|lr=0.0003|drop=0.20] [Grad Norms] Epoch [002] | mf_u_proj=0.005640, mf_v_proj=0.006330, fusion_gate=0.002267, q_gate_raw=0.000877, skill_latent=0.028375
2026-02-11 03:21:10,262 - INFO - [assist_09|assist_09_m3grid_gmax_0p6_full|lr=0.0003|drop=0.20] -> New best AUC=0.7369 at epoch 2
2026-02-11 03:21:42,550 - INFO - [assist_09|assist_09_m3grid_gmax_0p6_full|lr=0.0003|drop=0.20] Epoch [003/30] | Train: Loss=5.1202, BCE=0.5321, Reg=4.5881, AUC=0.7676, ACC=0.7334, RMSE=0.4219 | Val: Loss=5.3712, BCE=0.5584, Reg=4.8128, AUC=0.7423, ACC=0.7189, RMSE=0.4341
2026-02-11 03:21:42,550 - INFO - [assist_09|assist_09_m3grid_gmax_0p6_full|lr=0.0003|drop=0.20] [Reg Terms] Epoch [003] | Train: graph_entropy=4.587932, mf_l2=0.000029, proto_div=0.000000, proto_usage=0.000000, personal_sparse=0.002548, alpha_var=-0.002399, reg_bce_ratio=8.6226 | Val: graph_entropy=4.812184, mf_l2=0.000036, proto_div=0.000000, proto_usage=0.000000, personal_sparse=0.002148, alpha_var=-0.001602, reg_bce_ratio=8.6185
2026-02-11 03:21:42,769 - INFO - [assist_09|assist_09_m3grid_gmax_0p6_full|lr=0.0003|drop=0.20] [Diag][M3] Epoch [003] | residual_abs_mean=0.3274, residual_std=0.2221, mf_abs_mean=0.3274, mf_std=0.2221, gate_mean=0.3286, gate_std=0.0968, irt_abs_mean=1.4052, irt_std=0.6002, delta_abs_mean=0.1122, delta_std=0.0974, delta_over_irt=0.0799, graph_row_entropy=4.8122, graph_entropy_ratio=1.0000, alpha_mean=0.1632, alpha_std=0.3652, personal_row_entropy=0.4258
2026-02-11 03:21:42,769 - INFO - [assist_09|assist_09_m3grid_gmax_0p6_full|lr=0.0003|drop=0.20] [Grad Norms] Epoch [003] | mf_u_proj=0.009714, mf_v_proj=0.009911, fusion_gate=0.006690, q_gate_raw=0.002184, skill_latent=0.040998
2026-02-11 03:21:43,093 - INFO - [assist_09|assist_09_m3grid_gmax_0p6_full|lr=0.0003|drop=0.20] -> New best AUC=0.7423 at epoch 3
2026-02-11 03:22:15,233 - INFO - [assist_09|assist_09_m3grid_gmax_0p6_full|lr=0.0003|drop=0.20] Epoch [004/30] | Train: Loss=5.1057, BCE=0.5182, Reg=4.5874, AUC=0.7846, ACC=0.7399, RMSE=0.4158 | Val: Loss=5.3659, BCE=0.5536, Reg=4.8123, AUC=0.7472, ACC=0.7219, RMSE=0.4318
2026-02-11 03:22:15,233 - INFO - [assist_09|assist_09_m3grid_gmax_0p6_full|lr=0.0003|drop=0.20] [Reg Terms] Epoch [004] | Train: graph_entropy=4.587898, mf_l2=0.000048, proto_div=0.000000, proto_usage=0.000000, personal_sparse=0.001914, alpha_var=-0.002426, reg_bce_ratio=8.8520 | Val: graph_entropy=4.812184, mf_l2=0.000055, proto_div=0.000000, proto_usage=0.000000, personal_sparse=0.001655, alpha_var=-0.001606, reg_bce_ratio=8.6932
2026-02-11 03:22:15,433 - INFO - [assist_09|assist_09_m3grid_gmax_0p6_full|lr=0.0003|drop=0.20] [Diag][M3] Epoch [004] | residual_abs_mean=0.3687, residual_std=0.2429, mf_abs_mean=0.3687, mf_std=0.2429, gate_mean=0.4335, gate_std=0.1141, irt_abs_mean=1.4043, irt_std=0.6226, delta_abs_mean=0.1630, delta_std=0.1250, delta_over_irt=0.1160, graph_row_entropy=4.8122, graph_entropy_ratio=1.0000, alpha_mean=0.1830, alpha_std=0.3828, personal_row_entropy=0.3817
2026-02-11 03:22:15,434 - INFO - [assist_09|assist_09_m3grid_gmax_0p6_full|lr=0.0003|drop=0.20] [Grad Norms] Epoch [004] | mf_u_proj=0.021171, mf_v_proj=0.021228, fusion_gate=0.005331, q_gate_raw=0.002419, skill_latent=0.077943
2026-02-11 03:22:15,768 - INFO - [assist_09|assist_09_m3grid_gmax_0p6_full|lr=0.0003|drop=0.20] -> New best AUC=0.7472 at epoch 4
2026-02-11 03:22:47,922 - INFO - [assist_09|assist_09_m3grid_gmax_0p6_full|lr=0.0003|drop=0.20] Epoch [005/30] | Train: Loss=5.0913, BCE=0.5041, Reg=4.5872, AUC=0.8012, ACC=0.7472, RMSE=0.4094 | Val: Loss=5.3610, BCE=0.5490, Reg=4.8120, AUC=0.7532, ACC=0.7240, RMSE=0.4295
2026-02-11 03:22:47,922 - INFO - [assist_09|assist_09_m3grid_gmax_0p6_full|lr=0.0003|drop=0.20] [Reg Terms] Epoch [005] | Train: graph_entropy=4.587995, mf_l2=0.000068, proto_div=0.000000, proto_usage=0.000000, personal_sparse=0.001536, alpha_var=-0.002431, reg_bce_ratio=9.0995 | Val: graph_entropy=4.812184, mf_l2=0.000073, proto_div=0.000000, proto_usage=0.000000, personal_sparse=0.001325, alpha_var=-0.001590, reg_bce_ratio=8.7653
2026-02-11 03:22:48,137 - INFO - [assist_09|assist_09_m3grid_gmax_0p6_full|lr=0.0003|drop=0.20] [Diag][M3] Epoch [005] | residual_abs_mean=0.4247, residual_std=0.2860, mf_abs_mean=0.4247, mf_std=0.2860, gate_mean=0.4983, gate_std=0.1097, irt_abs_mean=1.4275, irt_std=0.6210, delta_abs_mean=0.2120, delta_std=0.1561, delta_over_irt=0.1485, graph_row_entropy=4.8122, graph_entropy_ratio=1.0000, alpha_mean=0.1833, alpha_std=0.3846, personal_row_entropy=0.2360
2026-02-11 03:22:48,137 - INFO - [assist_09|assist_09_m3grid_gmax_0p6_full|lr=0.0003|drop=0.20] [Grad Norms] Epoch [005] | mf_u_proj=0.035355, mf_v_proj=0.033461, fusion_gate=0.004846, q_gate_raw=0.004472, skill_latent=0.122691
2026-02-11 03:22:48,453 - INFO - [assist_09|assist_09_m3grid_gmax_0p6_full|lr=0.0003|drop=0.20] -> New best AUC=0.7532 at epoch 5
2026-02-11 03:23:17,710 - INFO - [assist_09|assist_09_m3grid_gmax_0p6_full|lr=0.0003|drop=0.20] Epoch [006/30] | Train: Loss=5.0783, BCE=0.4914, Reg=4.5869, AUC=0.8147, ACC=0.7550, RMSE=0.4035 | Val: Loss=5.3575, BCE=0.5457, Reg=4.8118, AUC=0.7578, ACC=0.7298, RMSE=0.4279
2026-02-11 03:23:17,710 - INFO - [assist_09|assist_09_m3grid_gmax_0p6_full|lr=0.0003|drop=0.20] [Reg Terms] Epoch [006] | Train: graph_entropy=4.588001, mf_l2=0.000083, proto_div=0.000000, proto_usage=0.000000, personal_sparse=0.001249, alpha_var=-0.002434, reg_bce_ratio=9.3334 | Val: graph_entropy=4.812184, mf_l2=0.000088, proto_div=0.000000, proto_usage=0.000000, personal_sparse=0.001128, alpha_var=-0.001591, reg_bce_ratio=8.8170
2026-02-11 03:23:17,901 - INFO - [assist_09|assist_09_m3grid_gmax_0p6_full|lr=0.0003|drop=0.20] [Diag][M3] Epoch [006] | residual_abs_mean=0.4718, residual_std=0.3282, mf_abs_mean=0.4718, mf_std=0.3282, gate_mean=0.5348, gate_std=0.1035, irt_abs_mean=1.4951, irt_std=0.6404, delta_abs_mean=0.2531, delta_std=0.1874, delta_over_irt=0.1693, graph_row_entropy=4.8122, graph_entropy_ratio=1.0000, alpha_mean=0.1842, alpha_std=0.3860, personal_row_entropy=0.1936
2026-02-11 03:23:17,901 - INFO - [assist_09|assist_09_m3grid_gmax_0p6_full|lr=0.0003|drop=0.20] [Grad Norms] Epoch [006] | mf_u_proj=0.034016, mf_v_proj=0.035568, fusion_gate=0.006478, q_gate_raw=0.004273, skill_latent=0.112517
2026-02-11 03:23:18,206 - INFO - [assist_09|assist_09_m3grid_gmax_0p6_full|lr=0.0003|drop=0.20] -> New best AUC=0.7578 at epoch 6
2026-02-11 03:23:50,319 - INFO - [assist_09|assist_09_m3grid_gmax_0p6_full|lr=0.0003|drop=0.20] Epoch [007/30] | Train: Loss=5.0687, BCE=0.4819, Reg=4.5867, AUC=0.8240, ACC=0.7608, RMSE=0.3991 | Val: Loss=5.3574, BCE=0.5457, Reg=4.8117, AUC=0.7603, ACC=0.7309, RMSE=0.4273
2026-02-11 03:23:50,319 - INFO - [assist_09|assist_09_m3grid_gmax_0p6_full|lr=0.0003|drop=0.20] [Reg Terms] Epoch [007] | Train: graph_entropy=4.587967, mf_l2=0.000097, proto_div=0.000000, proto_usage=0.000000, personal_sparse=0.001085, alpha_var=-0.002429, reg_bce_ratio=9.5172 | Val: graph_entropy=4.812184, mf_l2=0.000100, proto_div=0.000000, proto_usage=0.000000, personal_sparse=0.001012, alpha_var=-0.001597, reg_bce_ratio=8.8179
2026-02-11 03:23:50,508 - INFO - [assist_09|assist_09_m3grid_gmax_0p6_full|lr=0.0003|drop=0.20] [Diag][M3] Epoch [007] | residual_abs_mean=0.5033, residual_std=0.3503, mf_abs_mean=0.5033, mf_std=0.3503, gate_mean=0.5494, gate_std=0.1039, irt_abs_mean=1.5579, irt_std=0.6732, delta_abs_mean=0.2759, delta_std=0.2052, delta_over_irt=0.1771, graph_row_entropy=4.8122, graph_entropy_ratio=1.0000, alpha_mean=0.1838, alpha_std=0.3851, personal_row_entropy=0.1326
2026-02-11 03:23:50,509 - WARNING - [assist_09|assist_09_m3grid_gmax_0p6_full|lr=0.0003|drop=0.20] [Diag Warning][M3] delta_over_irt has stayed high for 2 epoch(s): delta_over_irt=0.1771, delta_abs_mean=0.2759
2026-02-11 03:23:50,509 - INFO - [assist_09|assist_09_m3grid_gmax_0p6_full|lr=0.0003|drop=0.20] [Grad Norms] Epoch [007] | mf_u_proj=0.050199, mf_v_proj=0.048177, fusion_gate=0.005223, q_gate_raw=0.002352, skill_latent=0.132957
2026-02-11 03:23:50,796 - INFO - [assist_09|assist_09_m3grid_gmax_0p6_full|lr=0.0003|drop=0.20] -> New best AUC=0.7603 at epoch 7
2026-02-11 03:24:22,756 - INFO - [assist_09|assist_09_m3grid_gmax_0p6_full|lr=0.0003|drop=0.20] Epoch [008/30] | Train: Loss=5.0595, BCE=0.4729, Reg=4.5866, AUC=0.8321, ACC=0.7662, RMSE=0.3949 | Val: Loss=5.3545, BCE=0.5430, Reg=4.8116, AUC=0.7623, ACC=0.7321, RMSE=0.4260
2026-02-11 03:24:22,756 - INFO - [assist_09|assist_09_m3grid_gmax_0p6_full|lr=0.0003|drop=0.20] [Reg Terms] Epoch [008] | Train: graph_entropy=4.587960, mf_l2=0.000110, proto_div=0.000000, proto_usage=0.000000, personal_sparse=0.000964, alpha_var=-0.002442, reg_bce_ratio=9.6980 | Val: graph_entropy=4.812184, mf_l2=0.000113, proto_div=0.000000, proto_usage=0.000000, personal_sparse=0.000863, alpha_var=-0.001600, reg_bce_ratio=8.8612
2026-02-11 03:24:22,960 - INFO - [assist_09|assist_09_m3grid_gmax_0p6_full|lr=0.0003|drop=0.20] [Diag][M3] Epoch [008] | residual_abs_mean=0.5607, residual_std=0.3638, mf_abs_mean=0.5607, mf_std=0.3638, gate_mean=0.5575, gate_std=0.1001, irt_abs_mean=1.5380, irt_std=0.6813, delta_abs_mean=0.3142, delta_std=0.2152, delta_over_irt=0.2043, graph_row_entropy=4.8122, graph_entropy_ratio=1.0000, alpha_mean=0.1850, alpha_std=0.3856, personal_row_entropy=0.1093
2026-02-11 03:24:22,961 - WARNING - [assist_09|assist_09_m3grid_gmax_0p6_full|lr=0.0003|drop=0.20] [Diag Warning][M3] delta_over_irt has stayed high for 3 epoch(s): delta_over_irt=0.2043, delta_abs_mean=0.3142
2026-02-11 03:24:22,961 - INFO - [assist_09|assist_09_m3grid_gmax_0p6_full|lr=0.0003|drop=0.20] [Grad Norms] Epoch [008] | mf_u_proj=0.045391, mf_v_proj=0.047698, fusion_gate=0.001229, q_gate_raw=0.001240, skill_latent=0.125534
2026-02-11 03:24:23,264 - INFO - [assist_09|assist_09_m3grid_gmax_0p6_full|lr=0.0003|drop=0.20] -> New best AUC=0.7623 at epoch 8
2026-02-11 03:24:55,289 - INFO - [assist_09|assist_09_m3grid_gmax_0p6_full|lr=0.0003|drop=0.20] Epoch [009/30] | Train: Loss=5.0518, BCE=0.4653, Reg=4.5865, AUC=0.8386, ACC=0.7704, RMSE=0.3914 | Val: Loss=5.3545, BCE=0.5431, Reg=4.8115, AUC=0.7637, ACC=0.7322, RMSE=0.4258
2026-02-11 03:24:55,289 - INFO - [assist_09|assist_09_m3grid_gmax_0p6_full|lr=0.0003|drop=0.20] [Reg Terms] Epoch [009] | Train: graph_entropy=4.587974, mf_l2=0.000122, proto_div=0.000000, proto_usage=0.000000, personal_sparse=0.000855, alpha_var=-0.002444, reg_bce_ratio=9.8562 | Val: graph_entropy=4.812184, mf_l2=0.000125, proto_div=0.000000, proto_usage=0.000000, personal_sparse=0.000763, alpha_var=-0.001593, reg_bce_ratio=8.8599
2026-02-11 03:24:55,493 - INFO - [assist_09|assist_09_m3grid_gmax_0p6_full|lr=0.0003|drop=0.20] [Diag][M3] Epoch [009] | residual_abs_mean=0.6103, residual_std=0.3914, mf_abs_mean=0.6103, mf_std=0.3914, gate_mean=0.5649, gate_std=0.0925, irt_abs_mean=1.5351, irt_std=0.6875, delta_abs_mean=0.3454, delta_std=0.2322, delta_over_irt=0.2250, graph_row_entropy=4.8122, graph_entropy_ratio=1.0000, alpha_mean=0.1874, alpha_std=0.3848, personal_row_entropy=0.0858
2026-02-11 03:24:55,493 - WARNING - [assist_09|assist_09_m3grid_gmax_0p6_full|lr=0.0003|drop=0.20] [Diag Warning][M3] delta_over_irt has stayed high for 4 epoch(s): delta_over_irt=0.2250, delta_abs_mean=0.3454
2026-02-11 03:24:55,493 - INFO - [assist_09|assist_09_m3grid_gmax_0p6_full|lr=0.0003|drop=0.20] [Grad Norms] Epoch [009] | mf_u_proj=0.049513, mf_v_proj=0.047444, fusion_gate=0.000875, q_gate_raw=0.002215, skill_latent=0.124776
2026-02-11 03:24:55,813 - INFO - [assist_09|assist_09_m3grid_gmax_0p6_full|lr=0.0003|drop=0.20] -> New best AUC=0.7637 at epoch 9
2026-02-11 03:25:25,227 - INFO - [assist_09|assist_09_m3grid_gmax_0p6_full|lr=0.0003|drop=0.20] Epoch [010/30] | Train: Loss=5.0460, BCE=0.4595, Reg=4.5865, AUC=0.8435, ACC=0.7733, RMSE=0.3887 | Val: Loss=5.3570, BCE=0.5455, Reg=4.8114, AUC=0.7649, ACC=0.7316, RMSE=0.4262
2026-02-11 03:25:25,227 - INFO - [assist_09|assist_09_m3grid_gmax_0p6_full|lr=0.0003|drop=0.20] [Reg Terms] Epoch [010] | Train: graph_entropy=4.588051, mf_l2=0.000134, proto_div=0.000000, proto_usage=0.000000, personal_sparse=0.000751, alpha_var=-0.002442, reg_bce_ratio=9.9819 | Val: graph_entropy=4.812184, mf_l2=0.000138, proto_div=0.000000, proto_usage=0.000000, personal_sparse=0.000705, alpha_var=-0.001597, reg_bce_ratio=8.8196
2026-02-11 03:25:25,412 - INFO - [assist_09|assist_09_m3grid_gmax_0p6_full|lr=0.0003|drop=0.20] [Diag][M3] Epoch [010] | residual_abs_mean=0.6615, residual_std=0.4079, mf_abs_mean=0.6615, mf_std=0.4079, gate_mean=0.5720, gate_std=0.0864, irt_abs_mean=1.6375, irt_std=0.7311, delta_abs_mean=0.3813, delta_std=0.2457, delta_over_irt=0.2328, graph_row_entropy=4.8122, graph_entropy_ratio=1.0000, alpha_mean=0.1847, alpha_std=0.3860, personal_row_entropy=0.0956
2026-02-11 03:25:25,412 - WARNING - [assist_09|assist_09_m3grid_gmax_0p6_full|lr=0.0003|drop=0.20] [Diag Warning][M3] delta_over_irt has stayed high for 5 epoch(s): delta_over_irt=0.2328, delta_abs_mean=0.3813
2026-02-11 03:25:25,412 - INFO - [assist_09|assist_09_m3grid_gmax_0p6_full|lr=0.0003|drop=0.20] [Grad Norms] Epoch [010] | mf_u_proj=0.050942, mf_v_proj=0.055788, fusion_gate=0.004279, q_gate_raw=0.000875, skill_latent=0.127233
2026-02-11 03:25:25,774 - INFO - [assist_09|assist_09_m3grid_gmax_0p6_full|lr=0.0003|drop=0.20] -> New best AUC=0.7649 at epoch 10
2026-02-11 03:25:25,807 - INFO - [assist_09|assist_09_m3grid_gmax_0p6_full|lr=0.0003|drop=0.20] Checkpoint saved: checkpoints/assist_09_m3grid/seed42/gmax_0p6_full/checkpoint_epoch_10.pth
2026-02-11 03:25:25,972 - INFO - [assist_09|assist_09_m3grid_gmax_0p6_full|lr=0.0003|drop=0.20] [Module Activity] Epoch 10: Graph✗ Personal✓ MF✓
2026-02-11 03:25:51,300 - INFO - [assist_09|assist_09_m3grid_gmax_0p6_full|lr=0.0003|drop=0.20] Epoch [011/30] | Train: Loss=5.0400, BCE=0.4537, Reg=4.5863, AUC=0.8477, ACC=0.7769, RMSE=0.3860 | Val: Loss=5.3545, BCE=0.5431, Reg=4.8114, AUC=0.7659, ACC=0.7326, RMSE=0.4252
2026-02-11 03:25:51,300 - INFO - [assist_09|assist_09_m3grid_gmax_0p6_full|lr=0.0003|drop=0.20] [Reg Terms] Epoch [011] | Train: graph_entropy=4.587852, mf_l2=0.000148, proto_div=0.000000, proto_usage=0.000000, personal_sparse=0.000720, alpha_var=-0.002446, reg_bce_ratio=10.1085 | Val: graph_entropy=4.812184, mf_l2=0.000150, proto_div=0.000000, proto_usage=0.000000, personal_sparse=0.000690, alpha_var=-0.001598, reg_bce_ratio=8.8598
2026-02-11 03:25:51,524 - INFO - [assist_09|assist_09_m3grid_gmax_0p6_full|lr=0.0003|drop=0.20] [Diag][M3] Epoch [011] | residual_abs_mean=0.6994, residual_std=0.4391, mf_abs_mean=0.6994, mf_std=0.4391, gate_mean=0.5690, gate_std=0.0942, irt_abs_mean=1.5145, irt_std=0.7124, delta_abs_mean=0.4012, delta_std=0.2654, delta_over_irt=0.2649, graph_row_entropy=4.8122, graph_entropy_ratio=1.0000, alpha_mean=0.1848, alpha_std=0.3861, personal_row_entropy=0.0918
2026-02-11 03:25:51,525 - WARNING - [assist_09|assist_09_m3grid_gmax_0p6_full|lr=0.0003|drop=0.20] [Diag Warning][M3] delta_over_irt has stayed high for 6 epoch(s): delta_over_irt=0.2649, delta_abs_mean=0.4012
2026-02-11 03:25:51,525 - INFO - [assist_09|assist_09_m3grid_gmax_0p6_full|lr=0.0003|drop=0.20] [Grad Norms] Epoch [011] | mf_u_proj=0.046690, mf_v_proj=0.047685, fusion_gate=0.001860, q_gate_raw=0.001821, skill_latent=0.123585
2026-02-11 03:25:51,858 - INFO - [assist_09|assist_09_m3grid_gmax_0p6_full|lr=0.0003|drop=0.20] -> New best AUC=0.7659 at epoch 11
2026-02-11 03:26:24,012 - INFO - [assist_09|assist_09_m3grid_gmax_0p6_full|lr=0.0003|drop=0.20] Epoch [012/30] | Train: Loss=5.0354, BCE=0.4490, Reg=4.5864, AUC=0.8513, ACC=0.7803, RMSE=0.3838 | Val: Loss=5.3549, BCE=0.5435, Reg=4.8114, AUC=0.7662, ACC=0.7323, RMSE=0.4252
2026-02-11 03:26:24,013 - INFO - [assist_09|assist_09_m3grid_gmax_0p6_full|lr=0.0003|drop=0.20] [Reg Terms] Epoch [012] | Train: graph_entropy=4.587989, mf_l2=0.000160, proto_div=0.000000, proto_usage=0.000000, personal_sparse=0.000670, alpha_var=-0.002452, reg_bce_ratio=10.2150 | Val: graph_entropy=4.812184, mf_l2=0.000164, proto_div=0.000000, proto_usage=0.000000, personal_sparse=0.000640, alpha_var=-0.001584, reg_bce_ratio=8.8531
2026-02-11 03:26:24,216 - INFO - [assist_09|assist_09_m3grid_gmax_0p6_full|lr=0.0003|drop=0.20] [Diag][M3] Epoch [012] | residual_abs_mean=0.7402, residual_std=0.4586, mf_abs_mean=0.7402, mf_std=0.4586, gate_mean=0.5737, gate_std=0.0868, irt_abs_mean=1.5298, irt_std=0.7382, delta_abs_mean=0.4272, delta_std=0.2774, delta_over_irt=0.2793, graph_row_entropy=4.8122, graph_entropy_ratio=1.0000, alpha_mean=0.1861, alpha_std=0.3857, personal_row_entropy=0.0900
2026-02-11 03:26:24,216 - WARNING - [assist_09|assist_09_m3grid_gmax_0p6_full|lr=0.0003|drop=0.20] [Diag Warning][M3] delta_over_irt has stayed high for 7 epoch(s): delta_over_irt=0.2793, delta_abs_mean=0.4272
2026-02-11 03:26:24,216 - INFO - [assist_09|assist_09_m3grid_gmax_0p6_full|lr=0.0003|drop=0.20] [Grad Norms] Epoch [012] | mf_u_proj=0.062756, mf_v_proj=0.064837, fusion_gate=0.000542, q_gate_raw=0.002642, skill_latent=0.162760
2026-02-11 03:26:24,517 - INFO - [assist_09|assist_09_m3grid_gmax_0p6_full|lr=0.0003|drop=0.20] -> New best AUC=0.7662 at epoch 12
2026-02-11 03:26:56,732 - INFO - [assist_09|assist_09_m3grid_gmax_0p6_full|lr=0.0003|drop=0.20] Epoch [013/30] | Train: Loss=5.0313, BCE=0.4450, Reg=4.5863, AUC=0.8540, ACC=0.7824, RMSE=0.3819 | Val: Loss=5.3557, BCE=0.5444, Reg=4.8113, AUC=0.7663, ACC=0.7323, RMSE=0.4255
2026-02-11 03:26:56,732 - INFO - [assist_09|assist_09_m3grid_gmax_0p6_full|lr=0.0003|drop=0.20] [Reg Terms] Epoch [013] | Train: graph_entropy=4.587950, mf_l2=0.000173, proto_div=0.000000, proto_usage=0.000000, personal_sparse=0.000627, alpha_var=-0.002450, reg_bce_ratio=10.3058 | Val: graph_entropy=4.812184, mf_l2=0.000174, proto_div=0.000000, proto_usage=0.000000, personal_sparse=0.000572, alpha_var=-0.001590, reg_bce_ratio=8.8385
2026-02-11 03:26:56,953 - INFO - [assist_09|assist_09_m3grid_gmax_0p6_full|lr=0.0003|drop=0.20] [Diag][M3] Epoch [013] | residual_abs_mean=0.7782, residual_std=0.4698, mf_abs_mean=0.7782, mf_std=0.4698, gate_mean=0.5743, gate_std=0.0855, irt_abs_mean=1.5187, irt_std=0.7611, delta_abs_mean=0.4505, delta_std=0.2849, delta_over_irt=0.2966, graph_row_entropy=4.8122, graph_entropy_ratio=1.0000, alpha_mean=0.1859, alpha_std=0.3857, personal_row_entropy=0.0817
2026-02-11 03:26:56,953 - WARNING - [assist_09|assist_09_m3grid_gmax_0p6_full|lr=0.0003|drop=0.20] [Diag Warning][M3] delta_over_irt has stayed high for 8 epoch(s): delta_over_irt=0.2966, delta_abs_mean=0.4505
2026-02-11 03:26:56,954 - INFO - [assist_09|assist_09_m3grid_gmax_0p6_full|lr=0.0003|drop=0.20] [Grad Norms] Epoch [013] | mf_u_proj=0.062504, mf_v_proj=0.062196, fusion_gate=0.000091, q_gate_raw=0.000477, skill_latent=0.144765
2026-02-11 03:26:57,268 - INFO - [assist_09|assist_09_m3grid_gmax_0p6_full|lr=0.0003|drop=0.20] -> New best AUC=0.7663 at epoch 13
2026-02-11 03:27:29,371 - INFO - [assist_09|assist_09_m3grid_gmax_0p6_full|lr=0.0003|drop=0.20] Epoch [014/30] | Train: Loss=5.0283, BCE=0.4419, Reg=4.5864, AUC=0.8563, ACC=0.7844, RMSE=0.3805 | Val: Loss=5.3575, BCE=0.5462, Reg=4.8113, AUC=0.7667, ACC=0.7338, RMSE=0.4257
2026-02-11 03:27:29,371 - INFO - [assist_09|assist_09_m3grid_gmax_0p6_full|lr=0.0003|drop=0.20] [Reg Terms] Epoch [014] | Train: graph_entropy=4.588110, mf_l2=0.000184, proto_div=0.000000, proto_usage=0.000000, personal_sparse=0.000574, alpha_var=-0.002451, reg_bce_ratio=10.3786 | Val: graph_entropy=4.812184, mf_l2=0.000187, proto_div=0.000000, proto_usage=0.000000, personal_sparse=0.000535, alpha_var=-0.001588, reg_bce_ratio=8.8083
2026-02-11 03:27:29,582 - INFO - [assist_09|assist_09_m3grid_gmax_0p6_full|lr=0.0003|drop=0.20] [Diag][M3] Epoch [014] | residual_abs_mean=0.8076, residual_std=0.4838, mf_abs_mean=0.8076, mf_std=0.4838, gate_mean=0.5762, gate_std=0.0834, irt_abs_mean=1.5550, irt_std=0.7704, delta_abs_mean=0.4660, delta_std=0.2946, delta_over_irt=0.2997, graph_row_entropy=4.8122, graph_entropy_ratio=1.0000, alpha_mean=0.1851, alpha_std=0.3860, personal_row_entropy=0.0919
2026-02-11 03:27:29,582 - WARNING - [assist_09|assist_09_m3grid_gmax_0p6_full|lr=0.0003|drop=0.20] [Diag Warning][M3] delta_over_irt has stayed high for 9 epoch(s): delta_over_irt=0.2997, delta_abs_mean=0.4660
2026-02-11 03:27:29,582 - INFO - [assist_09|assist_09_m3grid_gmax_0p6_full|lr=0.0003|drop=0.20] [Grad Norms] Epoch [014] | mf_u_proj=0.061797, mf_v_proj=0.062779, fusion_gate=0.001041, q_gate_raw=0.002110, skill_latent=0.152018
2026-02-11 03:27:29,904 - INFO - [assist_09|assist_09_m3grid_gmax_0p6_full|lr=0.0003|drop=0.20] -> New best AUC=0.7667 at epoch 14
2026-02-11 03:28:02,084 - INFO - [assist_09|assist_09_m3grid_gmax_0p6_full|lr=0.0003|drop=0.20] Epoch [015/30] | Train: Loss=5.0184, BCE=0.4322, Reg=4.5863, AUC=0.8645, ACC=0.7895, RMSE=0.3757 | Val: Loss=5.3599, BCE=0.5486, Reg=4.8113, AUC=0.7665, ACC=0.7338, RMSE=0.4261
2026-02-11 03:28:02,084 - INFO - [assist_09|assist_09_m3grid_gmax_0p6_full|lr=0.0003|drop=0.20] [Reg Terms] Epoch [015] | Train: graph_entropy=4.588008, mf_l2=0.000195, proto_div=0.000000, proto_usage=0.000000, personal_sparse=0.000524, alpha_var=-0.002457, reg_bce_ratio=10.6120 | Val: graph_entropy=4.812184, mf_l2=0.000200, proto_div=0.000000, proto_usage=0.000000, personal_sparse=0.000475, alpha_var=-0.001589, reg_bce_ratio=8.7703
2026-02-11 03:28:02,294 - INFO - [assist_09|assist_09_m3grid_gmax_0p6_full|lr=0.0003|drop=0.20] [Diag][M3] Epoch [015] | residual_abs_mean=0.8284, residual_std=0.4945, mf_abs_mean=0.8284, mf_std=0.4945, gate_mean=0.5767, gate_std=0.0852, irt_abs_mean=1.5953, irt_std=0.8086, delta_abs_mean=0.4789, delta_std=0.3011, delta_over_irt=0.3002, graph_row_entropy=4.8122, graph_entropy_ratio=1.0000, alpha_mean=0.1852, alpha_std=0.3859, personal_row_entropy=0.0826
2026-02-11 03:28:02,294 - WARNING - [assist_09|assist_09_m3grid_gmax_0p6_full|lr=0.0003|drop=0.20] [Diag Warning][M3] delta_over_irt has stayed high for 10 epoch(s): delta_over_irt=0.3002, delta_abs_mean=0.4789
2026-02-11 03:28:02,294 - INFO - [assist_09|assist_09_m3grid_gmax_0p6_full|lr=0.0003|drop=0.20] [Grad Norms] Epoch [015] | mf_u_proj=0.065794, mf_v_proj=0.067095, fusion_gate=0.005169, q_gate_raw=0.000891, skill_latent=0.153574
2026-02-11 03:28:02,294 - INFO - [assist_09|assist_09_m3grid_gmax_0p6_full|lr=0.0003|drop=0.20] -> No improvement 1 epoch(s) (best AUC=0.7667 @ 14)
2026-02-11 03:28:34,421 - INFO - [assist_09|assist_09_m3grid_gmax_0p6_full|lr=0.0003|drop=0.20] Epoch [016/30] | Train: Loss=5.0160, BCE=0.4298, Reg=4.5862, AUC=0.8656, ACC=0.7914, RMSE=0.3746 | Val: Loss=5.3625, BCE=0.5512, Reg=4.8112, AUC=0.7661, ACC=0.7326, RMSE=0.4267
2026-02-11 03:28:34,422 - INFO - [assist_09|assist_09_m3grid_gmax_0p6_full|lr=0.0003|drop=0.20] [Reg Terms] Epoch [016] | Train: graph_entropy=4.587935, mf_l2=0.000208, proto_div=0.000000, proto_usage=0.000000, personal_sparse=0.000473, alpha_var=-0.002457, reg_bce_ratio=10.6694 | Val: graph_entropy=4.812184, mf_l2=0.000212, proto_div=0.000000, proto_usage=0.000000, personal_sparse=0.000444, alpha_var=-0.001592, reg_bce_ratio=8.7281
2026-02-11 03:28:34,618 - INFO - [assist_09|assist_09_m3grid_gmax_0p6_full|lr=0.0003|drop=0.20] [Diag][M3] Epoch [016] | residual_abs_mean=0.8526, residual_std=0.5005, mf_abs_mean=0.8526, mf_std=0.5005, gate_mean=0.5777, gate_std=0.0842, irt_abs_mean=1.6111, irt_std=0.8219, delta_abs_mean=0.4924, delta_std=0.3053, delta_over_irt=0.3056, graph_row_entropy=4.8122, graph_entropy_ratio=1.0000, alpha_mean=0.1848, alpha_std=0.3862, personal_row_entropy=0.0761
2026-02-11 03:28:34,618 - WARNING - [assist_09|assist_09_m3grid_gmax_0p6_full|lr=0.0003|drop=0.20] [Diag Warning][M3] delta_over_irt has stayed high for 11 epoch(s): delta_over_irt=0.3056, delta_abs_mean=0.4924
2026-02-11 03:28:34,618 - INFO - [assist_09|assist_09_m3grid_gmax_0p6_full|lr=0.0003|drop=0.20] [Grad Norms] Epoch [016] | mf_u_proj=0.068508, mf_v_proj=0.072851, fusion_gate=0.004369, q_gate_raw=0.001763, skill_latent=0.172040
2026-02-11 03:28:34,619 - INFO - [assist_09|assist_09_m3grid_gmax_0p6_full|lr=0.0003|drop=0.20] -> No improvement 2 epoch(s) (best AUC=0.7667 @ 14)
2026-02-11 03:29:06,721 - INFO - [assist_09|assist_09_m3grid_gmax_0p6_full|lr=0.0003|drop=0.20] Epoch [017/30] | Train: Loss=5.0140, BCE=0.4278, Reg=4.5862, AUC=0.8670, ACC=0.7930, RMSE=0.3736 | Val: Loss=5.3631, BCE=0.5519, Reg=4.8112, AUC=0.7659, ACC=0.7330, RMSE=0.4268
2026-02-11 03:29:06,721 - INFO - [assist_09|assist_09_m3grid_gmax_0p6_full|lr=0.0003|drop=0.20] [Reg Terms] Epoch [017] | Train: graph_entropy=4.588006, mf_l2=0.000220, proto_div=0.000000, proto_usage=0.000000, personal_sparse=0.000449, alpha_var=-0.002456, reg_bce_ratio=10.7201 | Val: graph_entropy=4.812184, mf_l2=0.000224, proto_div=0.000000, proto_usage=0.000000, personal_sparse=0.000422, alpha_var=-0.001590, reg_bce_ratio=8.7180
2026-02-11 03:29:06,928 - INFO - [assist_09|assist_09_m3grid_gmax_0p6_full|lr=0.0003|drop=0.20] [Diag][M3] Epoch [017] | residual_abs_mean=0.8702, residual_std=0.5127, mf_abs_mean=0.8702, mf_std=0.5127, gate_mean=0.5781, gate_std=0.0823, irt_abs_mean=1.6195, irt_std=0.8460, delta_abs_mean=0.5025, delta_std=0.3118, delta_over_irt=0.3103, graph_row_entropy=4.8122, graph_entropy_ratio=1.0000, alpha_mean=0.1852, alpha_std=0.3859, personal_row_entropy=0.0687
2026-02-11 03:29:06,929 - WARNING - [assist_09|assist_09_m3grid_gmax_0p6_full|lr=0.0003|drop=0.20] [Diag Warning][M3] delta_over_irt has stayed high for 12 epoch(s): delta_over_irt=0.3103, delta_abs_mean=0.5025
2026-02-11 03:29:06,929 - INFO - [assist_09|assist_09_m3grid_gmax_0p6_full|lr=0.0003|drop=0.20] [Grad Norms] Epoch [017] | mf_u_proj=0.067934, mf_v_proj=0.069166, fusion_gate=0.006594, q_gate_raw=0.001559, skill_latent=0.154549
2026-02-11 03:29:06,929 - INFO - [assist_09|assist_09_m3grid_gmax_0p6_full|lr=0.0003|drop=0.20] -> No improvement 3 epoch(s) (best AUC=0.7667 @ 14)
2026-02-11 03:29:06,929 - INFO - [assist_09|assist_09_m3grid_gmax_0p6_full|lr=0.0003|drop=0.20] Early stopping at epoch 17 (best AUC=0.7667 @ 14)
2026-02-11 03:29:06,934 - INFO - Epoch-wise metrics saved to checkpoints/assist_09_m3grid/seed42/gmax_0p6_full/metrics_history.csv
2026-02-11 03:29:06,935 - INFO - [assist_09|assist_09_m3grid_gmax_0p6_full|lr=0.0003|drop=0.20] Training completed! Best Val AUC=0.7667 @ epoch 14
2026-02-11 03:29:07,131 - INFO - 
============================================================
         MODULE ACTIVITY REPORT
============================================================
Dataset: assist_09 | Seed: 42 | Epoch: 17

1. Soft Prototype Module:
   - Status: DISABLED (num_prototypes=0 or use_soft_prototype=False)

2. Concept Graph Module:
   - Mean row entropy: 4.812 / 4.812
   - Entropy ratio: 100.0%
   - Status: ✗ TRIVIAL (uniform distribution, not learning)
   → Consider: increase lambda_sparse or training longer

3. Personal Graph Module:
   - Gate alpha mean: 0.268
   - Gate alpha std: 0.441
   - Status: ✓ ACTIVE (using personalization)

4. Skill/MF Module:
   - MF logit |mean|: 0.8516
   - MF logit std: 0.9714
   - Fusion gate mean: 0.581
   - Status: ✓ ACTIVE (contributing to predictions)

------------------------------------------------------------
SUMMARY:
   Active modules: Personal Graph, Skill/MF
   ⚠ Inactive modules: Concept Graph
============================================================
2026-02-11 03:29:07,131 - INFO - [assist_09|assist_09_m3grid_gmax_0p6_full|lr=0.0003|drop=0.20] Module activity saved to checkpoints/assist_09_m3grid/seed42/gmax_0p6_full/module_activity.json
2026-02-11 03:29:07,189 - INFO - Using device: cuda:0 (physical gpu 1)
2026-02-11 03:29:07,189 - INFO - Loading model from checkpoints/assist_09_m3grid/seed42/gmax_0p6_full/best_model.pth...
2026-02-11 03:29:07,655 - INFO - Inference switches: ablate_module1=False, ablate_module2=False, ablate_module3=False | enable_module1=True, enable_module2=True, enable_module3=True | use_soft_prototype=False, use_mf_branch=True, use_concept_graph=True, use_q_aligned_residual=True, use_soft_prototype_main_path=False | effective(num_gnn_layers=1, num_prototypes=0)
2026-02-11 03:29:07,681 - INFO - [Inference] Ablation runtime check: args(ablate_module1=False,ablate_module2=False,ablate_module3=False) | model(enable_module1=True,enable_module2=True,enable_module3=True) | physical(has_knowledge_encoder=True,has_mf_branch=True,has_soft_prototype=False)
2026-02-11 03:29:07,682 - INFO - Model loaded from epoch 14. Start testing...
2026-02-11 03:29:08,889 - INFO - [Test] 200/411 batches done, samples=25600
2026-02-11 03:29:10,016 - INFO - [Test] 400/411 batches done, samples=51200
2026-02-11 03:29:10,136 - INFO - 
==================================================
2026-02-11 03:29:10,136 - INFO - Test Results:
2026-02-11 03:29:10,136 - INFO - AUC: 0.7704
2026-02-11 03:29:10,136 - INFO - ACC: 0.7376
2026-02-11 03:29:10,136 - INFO - RMSE: 0.4229
2026-02-11 03:29:10,136 - INFO - ==================================================
2026-02-11 03:29:10,145 - INFO - Summary appended to /home/zsh/ConceptSkillCDM/results/experiment_results.csv
2026-02-11 03:29:10,151 - INFO - Run completed.
2026-02-11 03:29:10,151 - INFO - Best validation AUC: 0.7667 at epoch 14
2026-02-11 03:29:10,151 - INFO - Test metrics - AUC: 0.7704, ACC: 0.7376, RMSE: 0.4229
