2026-02-11 05:49:07,761 - INFO - Arguments:
2026-02-11 05:49:07,761 - INFO -   ablate_concept_graph: False
2026-02-11 05:49:07,761 - INFO -   ablate_module1: False
2026-02-11 05:49:07,761 - INFO -   ablate_module2: False
2026-02-11 05:49:07,761 - INFO -   ablate_module3: False
2026-02-11 05:49:07,761 - INFO -   ablate_skill_encoder: False
2026-02-11 05:49:07,761 - INFO -   ablate_soft_prototype: True
2026-02-11 05:49:07,761 - INFO -   allow_self_loop: True
2026-02-11 05:49:07,762 - INFO -   batch_size: 128
2026-02-11 05:49:07,762 - INFO -   data_dir: ./data/assist_09
2026-02-11 05:49:07,762 - INFO -   dataset_name: assist_09
2026-02-11 05:49:07,762 - INFO -   debug_module3_diag: True
2026-02-11 05:49:07,762 - INFO -   diag_batches: 2
2026-02-11 05:49:07,762 - INFO -   disable_q_aligned_residual: False
2026-02-11 05:49:07,762 - INFO -   disable_q_conditioning: False
2026-02-11 05:49:07,762 - INFO -   disable_self_loop: False
2026-02-11 05:49:07,762 - INFO -   disable_soft_prototype: True
2026-02-11 05:49:07,762 - INFO -   dropout: 0.1
2026-02-11 05:49:07,762 - INFO -   early_stop_patience: 3
2026-02-11 05:49:07,762 - INFO -   enable_module1: True
2026-02-11 05:49:07,762 - INFO -   enable_module2: True
2026-02-11 05:49:07,762 - INFO -   enable_module3: True
2026-02-11 05:49:07,762 - INFO -   enable_soft_prototype: False
2026-02-11 05:49:07,762 - INFO -   epochs: 30
2026-02-11 05:49:07,762 - INFO -   exercise_dim: 64
2026-02-11 05:49:07,762 - INFO -   exercise_l2_lambda: 5e-05
2026-02-11 05:49:07,762 - INFO -   fusion_gate_bias_init: -2.5
2026-02-11 05:49:07,762 - INFO -   fusion_gate_max: 0.4
2026-02-11 05:49:07,762 - INFO -   generate_diagnosis: False
2026-02-11 05:49:07,762 - INFO -   gnn_residual_weight: 0.5
2026-02-11 05:49:07,762 - INFO -   gpu_candidates: None
2026-02-11 05:49:07,762 - INFO -   gpu_ids: None
2026-02-11 05:49:07,762 - INFO -   gpu_memory_threshold: 2000
2026-02-11 05:49:07,762 - INFO -   gpus: None
2026-02-11 05:49:07,762 - INFO -   graph_topk: None
2026-02-11 05:49:07,762 - INFO -   knowledge_dim: 64
2026-02-11 05:49:07,762 - INFO -   lambda_alpha: 0.01
2026-02-11 05:49:07,763 - INFO -   lambda_proto_div: 0.0
2026-02-11 05:49:07,763 - INFO -   lambda_proto_usage: 0.0
2026-02-11 05:49:07,763 - INFO -   lambda_sparse: 0.01
2026-02-11 05:49:07,763 - INFO -   lambda_sparse_personal: 0.005
2026-02-11 05:49:07,763 - INFO -   learning_rate: 0.0003
2026-02-11 05:49:07,763 - INFO -   log_dir: logs/assist_09_m3grid/seed42/s0p01_d0p1_full
2026-02-11 05:49:07,763 - INFO -   min_exer_interactions: 0
2026-02-11 05:49:07,763 - INFO -   min_poison_count: 0
2026-02-11 05:49:07,763 - INFO -   min_stu_interactions: 15
2026-02-11 05:49:07,763 - INFO -   model_variant: assist_09_m3grid_s0p01_d0p1_full
2026-02-11 05:49:07,763 - INFO -   multi_gpu: False
2026-02-11 05:49:07,763 - INFO -   no_cuda: False
2026-02-11 05:49:07,763 - INFO -   num_gnn_layers: 1
2026-02-11 05:49:07,763 - INFO -   num_gpus: 1
2026-02-11 05:49:07,763 - INFO -   num_prototypes: 0
2026-02-11 05:49:07,763 - INFO -   num_relation_heads: 2
2026-02-11 05:49:07,763 - INFO -   num_workers: 4
2026-02-11 05:49:07,763 - INFO -   patience: 5
2026-02-11 05:49:07,763 - INFO -   personal_rank: 4
2026-02-11 05:49:07,763 - INFO -   proto_lambda: 0.0
2026-02-11 05:49:07,763 - INFO -   proto_tau: 1.0
2026-02-11 05:49:07,763 - INFO -   residual_clip_t: 2.0
2026-02-11 05:49:07,763 - INFO -   save_dir: checkpoints/assist_09_m3grid/seed42/s0p01_d0p1_full
2026-02-11 05:49:07,763 - INFO -   save_interval: 10
2026-02-11 05:49:07,763 - INFO -   seed: 42
2026-02-11 05:49:07,763 - INFO -   skill_dim: 128
2026-02-11 05:49:07,763 - INFO -   use_concept_graph: True
2026-02-11 05:49:07,763 - INFO -   use_exercise_graph: True
2026-02-11 05:49:07,763 - INFO -   use_mf_branch: True
2026-02-11 05:49:07,763 - INFO -   use_personal_graph: True
2026-02-11 05:49:07,764 - INFO -   use_q_aligned_residual: True
2026-02-11 05:49:07,764 - INFO -   use_q_conditioning: True
2026-02-11 05:49:07,764 - INFO -   use_skill_encoder: True
2026-02-11 05:49:07,764 - INFO -   use_soft_prototype: False
2026-02-11 05:49:07,764 - INFO -   use_soft_prototype_main_path: False
2026-02-11 05:49:07,764 - INFO -   weight_decay: 1e-05
2026-02-11 05:49:07,853 - INFO - Using device: cuda:0 (physical gpu 3)
2026-02-11 05:49:07,853 - INFO - [assist_09|assist_09_m3grid_s0p01_d0p1_full|lr=0.0003|drop=0.10] Loading datasets...
2026-02-11 05:49:07,853 - INFO - [assist_09|assist_09_m3grid_s0p01_d0p1_full|lr=0.0003|drop=0.10] Regularization: graph_entropy(lambda_sparse)=0.010000, proto_div=0.000000, proto_usage=0.000000, personal_sparse=0.005000, alpha_penalty=0.010000, mf_l2(exercise_l2_lambda)=0.000050
2026-02-11 05:49:07,980 - INFO - [数据清洗] 学生交互次数 < 15 次的学生：共移除 0 个学生（仅统计用户数）
2026-02-11 05:49:07,992 - INFO - [数据清洗] 学生冷启动过滤：在 train/valid/test 中共删除 0 条记录。
2026-02-11 05:49:07,992 - INFO - [数据清洗] 跳过题目冷门过滤（min_exer_interactions <= 0）。
2026-02-11 05:49:07,992 - INFO - [数据清洗] 跳过毒题清洗（min_poison_count <= 0）。
2026-02-11 05:49:22,304 - INFO - [assist_09|assist_09_m3grid_s0p01_d0p1_full|lr=0.0003|drop=0.10] Train samples: 194489, Val samples: 20385
2026-02-11 05:49:22,305 - INFO - [assist_09|assist_09_m3grid_s0p01_d0p1_full|lr=0.0003|drop=0.10] Number of students: 2493
2026-02-11 05:49:22,305 - INFO - [assist_09|assist_09_m3grid_s0p01_d0p1_full|lr=0.0003|drop=0.10] Number of exercises: 17676
2026-02-11 05:49:22,305 - INFO - [assist_09|assist_09_m3grid_s0p01_d0p1_full|lr=0.0003|drop=0.10] Number of concepts: 123
2026-02-11 05:49:22,305 - INFO - [assist_09|assist_09_m3grid_s0p01_d0p1_full|lr=0.0003|drop=0.10] Creating model...
2026-02-11 05:49:22,305 - INFO - [assist_09|assist_09_m3grid_s0p01_d0p1_full|lr=0.0003|drop=0.10] Ablation switches: ablate_module1=False, ablate_module2=False, ablate_module3=False | enable_module1=True, enable_module2=True, enable_module3=True | use_soft_prototype=False, use_mf_branch=True, use_concept_graph=True, use_q_aligned_residual=True, use_soft_prototype_main_path=False | effective(num_gnn_layers=1, num_prototypes=0)
2026-02-11 05:49:22,445 - INFO - [assist_09|assist_09_m3grid_s0p01_d0p1_full|lr=0.0003|drop=0.10] Ablation runtime check: args(ablate_module1=False,ablate_module2=False,ablate_module3=False) | model(enable_module1=True,enable_module2=True,enable_module3=True) | physical(has_knowledge_encoder=True,has_mf_branch=True,has_soft_prototype=False)
2026-02-11 05:49:22,445 - INFO - [assist_09|assist_09_m3grid_s0p01_d0p1_full|lr=0.0003|drop=0.10] Debug diagnostics enabled: diag_batches=2
2026-02-11 05:49:22,445 - INFO - [assist_09|assist_09_m3grid_s0p01_d0p1_full|lr=0.0003|drop=0.10] Total parameters: 652,399
2026-02-11 05:49:22,445 - INFO - [assist_09|assist_09_m3grid_s0p01_d0p1_full|lr=0.0003|drop=0.10] Trainable parameters: 652,399
2026-02-11 05:49:23,426 - INFO - [assist_09|assist_09_m3grid_s0p01_d0p1_full|lr=0.0003|drop=0.10] Starting training...
2026-02-11 05:49:54,596 - INFO - [assist_09|assist_09_m3grid_s0p01_d0p1_full|lr=0.0003|drop=0.10] Epoch [001/30] | Train: Loss=0.6430, BCE=0.5855, Reg=0.0575, AUC=0.6936, ACC=0.6957, RMSE=0.4471 | Val: Loss=0.6150, BCE=0.5637, Reg=0.0513, AUC=0.7311, ACC=0.7140, RMSE=0.4366
2026-02-11 05:49:54,596 - INFO - [assist_09|assist_09_m3grid_s0p01_d0p1_full|lr=0.0003|drop=0.10] [Reg Terms] Epoch [001] | Train: graph_entropy=0.047064, mf_l2=0.000002, proto_div=0.000000, proto_usage=0.000000, personal_sparse=0.012271, alpha_var=-0.001834, reg_bce_ratio=0.0982 | Val: graph_entropy=0.048122, mf_l2=0.000005, proto_div=0.000000, proto_usage=0.000000, personal_sparse=0.004800, alpha_var=-0.001634, reg_bce_ratio=0.0910
2026-02-11 05:49:54,808 - INFO - [assist_09|assist_09_m3grid_s0p01_d0p1_full|lr=0.0003|drop=0.10] [Diag][M3] Epoch [001] | residual_abs_mean=0.2010, residual_std=0.1344, mf_abs_mean=0.2010, mf_std=0.1344, gate_mean=0.0604, gate_std=0.0098, irt_abs_mean=1.2640, irt_std=0.5679, delta_abs_mean=0.0126, delta_std=0.0095, delta_over_irt=0.0100, graph_row_entropy=4.8122, graph_entropy_ratio=1.0000, alpha_mean=0.1608, alpha_std=0.3663, personal_row_entropy=0.6525
2026-02-11 05:49:54,808 - INFO - [assist_09|assist_09_m3grid_s0p01_d0p1_full|lr=0.0003|drop=0.10] [Grad Norms] Epoch [001] | mf_u_proj=0.001587, mf_v_proj=0.001643, fusion_gate=0.000575, q_gate_raw=0.000122, skill_latent=0.008906
2026-02-11 05:49:55,051 - INFO - [assist_09|assist_09_m3grid_s0p01_d0p1_full|lr=0.0003|drop=0.10] -> New best AUC=0.7311 at epoch 1
2026-02-11 05:50:28,022 - INFO - [assist_09|assist_09_m3grid_s0p01_d0p1_full|lr=0.0003|drop=0.10] Epoch [002/30] | Train: Loss=0.5943, BCE=0.5461, Reg=0.0482, AUC=0.7503, ACC=0.7248, RMSE=0.4283 | Val: Loss=0.6079, BCE=0.5589, Reg=0.0490, AUC=0.7369, ACC=0.7157, RMSE=0.4346
2026-02-11 05:50:28,023 - INFO - [assist_09|assist_09_m3grid_s0p01_d0p1_full|lr=0.0003|drop=0.10] [Reg Terms] Epoch [002] | Train: graph_entropy=0.047064, mf_l2=0.000012, proto_div=0.000000, proto_usage=0.000000, personal_sparse=0.003486, alpha_var=-0.002385, reg_bce_ratio=0.0882 | Val: graph_entropy=0.048122, mf_l2=0.000017, proto_div=0.000000, proto_usage=0.000000, personal_sparse=0.002603, alpha_var=-0.001712, reg_bce_ratio=0.0877
2026-02-11 05:50:28,306 - INFO - [assist_09|assist_09_m3grid_s0p01_d0p1_full|lr=0.0003|drop=0.10] [Diag][M3] Epoch [002] | residual_abs_mean=0.2956, residual_std=0.1885, mf_abs_mean=0.2956, mf_std=0.1885, gate_mean=0.1229, gate_std=0.0378, irt_abs_mean=1.2767, irt_std=0.5830, delta_abs_mean=0.0378, delta_std=0.0318, delta_over_irt=0.0296, graph_row_entropy=4.8122, graph_entropy_ratio=1.0000, alpha_mean=0.1840, alpha_std=0.3847, personal_row_entropy=0.3241
2026-02-11 05:50:28,307 - INFO - [assist_09|assist_09_m3grid_s0p01_d0p1_full|lr=0.0003|drop=0.10] [Grad Norms] Epoch [002] | mf_u_proj=0.003692, mf_v_proj=0.004283, fusion_gate=0.001209, q_gate_raw=0.001186, skill_latent=0.017128
2026-02-11 05:50:28,694 - INFO - [assist_09|assist_09_m3grid_s0p01_d0p1_full|lr=0.0003|drop=0.10] -> New best AUC=0.7369 at epoch 2
2026-02-11 05:51:00,950 - INFO - [assist_09|assist_09_m3grid_s0p01_d0p1_full|lr=0.0003|drop=0.10] Epoch [003/30] | Train: Loss=0.5784, BCE=0.5316, Reg=0.0468, AUC=0.7677, ACC=0.7335, RMSE=0.4218 | Val: Loss=0.6048, BCE=0.5566, Reg=0.0482, AUC=0.7410, ACC=0.7164, RMSE=0.4335
2026-02-11 05:51:00,951 - INFO - [assist_09|assist_09_m3grid_s0p01_d0p1_full|lr=0.0003|drop=0.10] [Reg Terms] Epoch [003] | Train: graph_entropy=0.047064, mf_l2=0.000028, proto_div=0.000000, proto_usage=0.000000, personal_sparse=0.002141, alpha_var=-0.002419, reg_bce_ratio=0.0881 | Val: graph_entropy=0.048122, mf_l2=0.000035, proto_div=0.000000, proto_usage=0.000000, personal_sparse=0.001758, alpha_var=-0.001677, reg_bce_ratio=0.0867
2026-02-11 05:51:01,235 - INFO - [assist_09|assist_09_m3grid_s0p01_d0p1_full|lr=0.0003|drop=0.10] [Diag][M3] Epoch [003] | residual_abs_mean=0.3886, residual_std=0.2449, mf_abs_mean=0.3886, mf_std=0.2449, gate_mean=0.2197, gate_std=0.0692, irt_abs_mean=1.3519, irt_std=0.6004, delta_abs_mean=0.0893, delta_std=0.0751, delta_over_irt=0.0661, graph_row_entropy=4.8122, graph_entropy_ratio=1.0000, alpha_mean=0.1851, alpha_std=0.3856, personal_row_entropy=0.3008
2026-02-11 05:51:01,235 - INFO - [assist_09|assist_09_m3grid_s0p01_d0p1_full|lr=0.0003|drop=0.10] [Grad Norms] Epoch [003] | mf_u_proj=0.007588, mf_v_proj=0.007252, fusion_gate=0.005897, q_gate_raw=0.001974, skill_latent=0.028881
2026-02-11 05:51:01,577 - INFO - [assist_09|assist_09_m3grid_s0p01_d0p1_full|lr=0.0003|drop=0.10] -> New best AUC=0.7410 at epoch 3
2026-02-11 05:51:33,746 - INFO - [assist_09|assist_09_m3grid_s0p01_d0p1_full|lr=0.0003|drop=0.10] Epoch [004/30] | Train: Loss=0.5648, BCE=0.5185, Reg=0.0463, AUC=0.7835, ACC=0.7393, RMSE=0.4160 | Val: Loss=0.6013, BCE=0.5534, Reg=0.0479, AUC=0.7454, ACC=0.7180, RMSE=0.4320
2026-02-11 05:51:33,747 - INFO - [assist_09|assist_09_m3grid_s0p01_d0p1_full|lr=0.0003|drop=0.10] [Reg Terms] Epoch [004] | Train: graph_entropy=0.047063, mf_l2=0.000049, proto_div=0.000000, proto_usage=0.000000, personal_sparse=0.001653, alpha_var=-0.002434, reg_bce_ratio=0.0894 | Val: graph_entropy=0.048122, mf_l2=0.000056, proto_div=0.000000, proto_usage=0.000000, personal_sparse=0.001394, alpha_var=-0.001699, reg_bce_ratio=0.0865
2026-02-11 05:51:34,036 - INFO - [assist_09|assist_09_m3grid_s0p01_d0p1_full|lr=0.0003|drop=0.10] [Diag][M3] Epoch [004] | residual_abs_mean=0.4380, residual_std=0.3028, mf_abs_mean=0.4380, mf_std=0.3028, gate_mean=0.2832, gate_std=0.0820, irt_abs_mean=1.3263, irt_std=0.5888, delta_abs_mean=0.1277, delta_std=0.1077, delta_over_irt=0.0963, graph_row_entropy=4.8122, graph_entropy_ratio=1.0000, alpha_mean=0.1857, alpha_std=0.3845, personal_row_entropy=0.4883
2026-02-11 05:51:34,037 - INFO - [assist_09|assist_09_m3grid_s0p01_d0p1_full|lr=0.0003|drop=0.10] [Grad Norms] Epoch [004] | mf_u_proj=0.014991, mf_v_proj=0.014848, fusion_gate=0.003384, q_gate_raw=0.001376, skill_latent=0.052469
2026-02-11 05:51:34,386 - INFO - [assist_09|assist_09_m3grid_s0p01_d0p1_full|lr=0.0003|drop=0.10] -> New best AUC=0.7454 at epoch 4
2026-02-11 05:52:05,833 - INFO - [assist_09|assist_09_m3grid_s0p01_d0p1_full|lr=0.0003|drop=0.10] Epoch [005/30] | Train: Loss=0.5520, BCE=0.5060, Reg=0.0460, AUC=0.7981, ACC=0.7447, RMSE=0.4105 | Val: Loss=0.5971, BCE=0.5495, Reg=0.0476, AUC=0.7496, ACC=0.7225, RMSE=0.4301
2026-02-11 05:52:05,834 - INFO - [assist_09|assist_09_m3grid_s0p01_d0p1_full|lr=0.0003|drop=0.10] [Reg Terms] Epoch [005] | Train: graph_entropy=0.047063, mf_l2=0.000069, proto_div=0.000000, proto_usage=0.000000, personal_sparse=0.001305, alpha_var=-0.002443, reg_bce_ratio=0.0909 | Val: graph_entropy=0.048122, mf_l2=0.000077, proto_div=0.000000, proto_usage=0.000000, personal_sparse=0.001117, alpha_var=-0.001709, reg_bce_ratio=0.0866
2026-02-11 05:52:06,049 - INFO - [assist_09|assist_09_m3grid_s0p01_d0p1_full|lr=0.0003|drop=0.10] [Diag][M3] Epoch [005] | residual_abs_mean=0.4790, residual_std=0.3354, mf_abs_mean=0.4790, mf_std=0.3354, gate_mean=0.3182, gate_std=0.0857, irt_abs_mean=1.2887, irt_std=0.6312, delta_abs_mean=0.1555, delta_std=0.1269, delta_over_irt=0.1207, graph_row_entropy=4.8122, graph_entropy_ratio=1.0000, alpha_mean=0.2630, alpha_std=0.4380, personal_row_entropy=0.2785
2026-02-11 05:52:06,050 - INFO - [assist_09|assist_09_m3grid_s0p01_d0p1_full|lr=0.0003|drop=0.10] [Grad Norms] Epoch [005] | mf_u_proj=0.024872, mf_v_proj=0.025268, fusion_gate=0.004705, q_gate_raw=0.001767, skill_latent=0.097455
2026-02-11 05:52:06,355 - INFO - [assist_09|assist_09_m3grid_s0p01_d0p1_full|lr=0.0003|drop=0.10] -> New best AUC=0.7496 at epoch 5
2026-02-11 05:52:39,350 - INFO - [assist_09|assist_09_m3grid_s0p01_d0p1_full|lr=0.0003|drop=0.10] Epoch [006/30] | Train: Loss=0.5411, BCE=0.4953, Reg=0.0458, AUC=0.8104, ACC=0.7509, RMSE=0.4056 | Val: Loss=0.5958, BCE=0.5483, Reg=0.0475, AUC=0.7530, ACC=0.7233, RMSE=0.4293
2026-02-11 05:52:39,351 - INFO - [assist_09|assist_09_m3grid_s0p01_d0p1_full|lr=0.0003|drop=0.10] [Reg Terms] Epoch [006] | Train: graph_entropy=0.047063, mf_l2=0.000090, proto_div=0.000000, proto_usage=0.000000, personal_sparse=0.001094, alpha_var=-0.002452, reg_bce_ratio=0.0925 | Val: graph_entropy=0.048122, mf_l2=0.000098, proto_div=0.000000, proto_usage=0.000000, personal_sparse=0.001004, alpha_var=-0.001710, reg_bce_ratio=0.0867
2026-02-11 05:52:39,638 - INFO - [assist_09|assist_09_m3grid_s0p01_d0p1_full|lr=0.0003|drop=0.10] [Diag][M3] Epoch [006] | residual_abs_mean=0.5347, residual_std=0.3447, mf_abs_mean=0.5347, mf_std=0.3447, gate_mean=0.3456, gate_std=0.0817, irt_abs_mean=1.3582, irt_std=0.6420, delta_abs_mean=0.1867, delta_std=0.1356, delta_over_irt=0.1375, graph_row_entropy=4.8122, graph_entropy_ratio=1.0000, alpha_mean=0.2633, alpha_std=0.4373, personal_row_entropy=0.2507
2026-02-11 05:52:39,639 - INFO - [assist_09|assist_09_m3grid_s0p01_d0p1_full|lr=0.0003|drop=0.10] [Grad Norms] Epoch [006] | mf_u_proj=0.023526, mf_v_proj=0.022915, fusion_gate=0.003234, q_gate_raw=0.002305, skill_latent=0.066315
2026-02-11 05:52:39,974 - INFO - [assist_09|assist_09_m3grid_s0p01_d0p1_full|lr=0.0003|drop=0.10] -> New best AUC=0.7530 at epoch 6
2026-02-11 05:53:11,574 - INFO - [assist_09|assist_09_m3grid_s0p01_d0p1_full|lr=0.0003|drop=0.10] Epoch [007/30] | Train: Loss=0.5313, BCE=0.4856, Reg=0.0457, AUC=0.8204, ACC=0.7558, RMSE=0.4012 | Val: Loss=0.5951, BCE=0.5477, Reg=0.0474, AUC=0.7553, ACC=0.7277, RMSE=0.4285
2026-02-11 05:53:11,574 - INFO - [assist_09|assist_09_m3grid_s0p01_d0p1_full|lr=0.0003|drop=0.10] [Reg Terms] Epoch [007] | Train: graph_entropy=0.047063, mf_l2=0.000111, proto_div=0.000000, proto_usage=0.000000, personal_sparse=0.000958, alpha_var=-0.002457, reg_bce_ratio=0.0941 | Val: graph_entropy=0.048122, mf_l2=0.000116, proto_div=0.000000, proto_usage=0.000000, personal_sparse=0.000853, alpha_var=-0.001715, reg_bce_ratio=0.0865
2026-02-11 05:53:11,784 - INFO - [assist_09|assist_09_m3grid_s0p01_d0p1_full|lr=0.0003|drop=0.10] [Diag][M3] Epoch [007] | residual_abs_mean=0.5666, residual_std=0.3763, mf_abs_mean=0.5666, mf_std=0.3763, gate_mean=0.3598, gate_std=0.0769, irt_abs_mean=1.4206, irt_std=0.7003, delta_abs_mean=0.2066, delta_std=0.1494, delta_over_irt=0.1454, graph_row_entropy=4.8122, graph_entropy_ratio=1.0000, alpha_mean=0.2633, alpha_std=0.4375, personal_row_entropy=0.1494
2026-02-11 05:53:11,784 - INFO - [assist_09|assist_09_m3grid_s0p01_d0p1_full|lr=0.0003|drop=0.10] [Grad Norms] Epoch [007] | mf_u_proj=0.036274, mf_v_proj=0.035855, fusion_gate=0.001806, q_gate_raw=0.000738, skill_latent=0.097467
2026-02-11 05:53:12,124 - INFO - [assist_09|assist_09_m3grid_s0p01_d0p1_full|lr=0.0003|drop=0.10] -> New best AUC=0.7553 at epoch 7
2026-02-11 05:53:45,202 - INFO - [assist_09|assist_09_m3grid_s0p01_d0p1_full|lr=0.0003|drop=0.10] Epoch [008/30] | Train: Loss=0.5224, BCE=0.4768, Reg=0.0456, AUC=0.8288, ACC=0.7618, RMSE=0.3971 | Val: Loss=0.5932, BCE=0.5459, Reg=0.0474, AUC=0.7575, ACC=0.7267, RMSE=0.4276
2026-02-11 05:53:45,202 - INFO - [assist_09|assist_09_m3grid_s0p01_d0p1_full|lr=0.0003|drop=0.10] [Reg Terms] Epoch [008] | Train: graph_entropy=0.047063, mf_l2=0.000128, proto_div=0.000000, proto_usage=0.000000, personal_sparse=0.000849, alpha_var=-0.002455, reg_bce_ratio=0.0956 | Val: graph_entropy=0.048122, mf_l2=0.000131, proto_div=0.000000, proto_usage=0.000000, personal_sparse=0.000802, alpha_var=-0.001702, reg_bce_ratio=0.0867
2026-02-11 05:53:45,560 - INFO - [assist_09|assist_09_m3grid_s0p01_d0p1_full|lr=0.0003|drop=0.10] [Diag][M3] Epoch [008] | residual_abs_mean=0.6218, residual_std=0.3949, mf_abs_mean=0.6218, mf_std=0.3949, gate_mean=0.3686, gate_std=0.0721, irt_abs_mean=1.4535, irt_std=0.7322, delta_abs_mean=0.2310, delta_std=0.1586, delta_over_irt=0.1589, graph_row_entropy=4.8122, graph_entropy_ratio=1.0000, alpha_mean=0.2629, alpha_std=0.4375, personal_row_entropy=0.1350
2026-02-11 05:53:45,561 - INFO - [assist_09|assist_09_m3grid_s0p01_d0p1_full|lr=0.0003|drop=0.10] [Grad Norms] Epoch [008] | mf_u_proj=0.039045, mf_v_proj=0.038066, fusion_gate=0.002581, q_gate_raw=0.001212, skill_latent=0.105753
2026-02-11 05:53:45,920 - INFO - [assist_09|assist_09_m3grid_s0p01_d0p1_full|lr=0.0003|drop=0.10] -> New best AUC=0.7575 at epoch 8
2026-02-11 05:54:19,557 - INFO - [assist_09|assist_09_m3grid_s0p01_d0p1_full|lr=0.0003|drop=0.10] Epoch [009/30] | Train: Loss=0.5138, BCE=0.4683, Reg=0.0455, AUC=0.8367, ACC=0.7672, RMSE=0.3931 | Val: Loss=0.5922, BCE=0.5450, Reg=0.0472, AUC=0.7594, ACC=0.7297, RMSE=0.4270
2026-02-11 05:54:19,557 - INFO - [assist_09|assist_09_m3grid_s0p01_d0p1_full|lr=0.0003|drop=0.10] [Reg Terms] Epoch [009] | Train: graph_entropy=0.047064, mf_l2=0.000143, proto_div=0.000000, proto_usage=0.000000, personal_sparse=0.000764, alpha_var=-0.002454, reg_bce_ratio=0.0972 | Val: graph_entropy=0.048122, mf_l2=0.000147, proto_div=0.000000, proto_usage=0.000000, personal_sparse=0.000682, alpha_var=-0.001704, reg_bce_ratio=0.0867
2026-02-11 05:54:19,774 - INFO - [assist_09|assist_09_m3grid_s0p01_d0p1_full|lr=0.0003|drop=0.10] [Diag][M3] Epoch [009] | residual_abs_mean=0.6558, residual_std=0.4393, mf_abs_mean=0.6558, mf_std=0.4393, gate_mean=0.3743, gate_std=0.0669, irt_abs_mean=1.4572, irt_std=0.7375, delta_abs_mean=0.2470, delta_std=0.1766, delta_over_irt=0.1695, graph_row_entropy=4.8122, graph_entropy_ratio=1.0000, alpha_mean=0.2631, alpha_std=0.4382, personal_row_entropy=0.1717
2026-02-11 05:54:19,775 - WARNING - [assist_09|assist_09_m3grid_s0p01_d0p1_full|lr=0.0003|drop=0.10] [Diag Warning][M3] delta_over_irt has stayed high for 2 epoch(s): delta_over_irt=0.1695, delta_abs_mean=0.2470
2026-02-11 05:54:19,775 - INFO - [assist_09|assist_09_m3grid_s0p01_d0p1_full|lr=0.0003|drop=0.10] [Grad Norms] Epoch [009] | mf_u_proj=0.036085, mf_v_proj=0.034550, fusion_gate=0.000224, q_gate_raw=0.000322, skill_latent=0.084746
2026-02-11 05:54:20,148 - INFO - [assist_09|assist_09_m3grid_s0p01_d0p1_full|lr=0.0003|drop=0.10] -> New best AUC=0.7594 at epoch 9
2026-02-11 05:54:51,185 - INFO - [assist_09|assist_09_m3grid_s0p01_d0p1_full|lr=0.0003|drop=0.10] Epoch [010/30] | Train: Loss=0.5072, BCE=0.4617, Reg=0.0455, AUC=0.8423, ACC=0.7715, RMSE=0.3899 | Val: Loss=0.5933, BCE=0.5460, Reg=0.0472, AUC=0.7610, ACC=0.7307, RMSE=0.4269
2026-02-11 05:54:51,185 - INFO - [assist_09|assist_09_m3grid_s0p01_d0p1_full|lr=0.0003|drop=0.10] [Reg Terms] Epoch [010] | Train: graph_entropy=0.047064, mf_l2=0.000157, proto_div=0.000000, proto_usage=0.000000, personal_sparse=0.000688, alpha_var=-0.002452, reg_bce_ratio=0.0985 | Val: graph_entropy=0.048122, mf_l2=0.000159, proto_div=0.000000, proto_usage=0.000000, personal_sparse=0.000641, alpha_var=-0.001687, reg_bce_ratio=0.0865
2026-02-11 05:54:51,403 - INFO - [assist_09|assist_09_m3grid_s0p01_d0p1_full|lr=0.0003|drop=0.10] [Diag][M3] Epoch [010] | residual_abs_mean=0.7273, residual_std=0.4474, mf_abs_mean=0.7273, mf_std=0.4474, gate_mean=0.3797, gate_std=0.0594, irt_abs_mean=1.5651, irt_std=0.7767, delta_abs_mean=0.2771, delta_std=0.1804, delta_over_irt=0.1770, graph_row_entropy=4.8122, graph_entropy_ratio=1.0000, alpha_mean=0.2643, alpha_std=0.4370, personal_row_entropy=0.1442
2026-02-11 05:54:51,404 - WARNING - [assist_09|assist_09_m3grid_s0p01_d0p1_full|lr=0.0003|drop=0.10] [Diag Warning][M3] delta_over_irt has stayed high for 3 epoch(s): delta_over_irt=0.1770, delta_abs_mean=0.2771
2026-02-11 05:54:51,404 - INFO - [assist_09|assist_09_m3grid_s0p01_d0p1_full|lr=0.0003|drop=0.10] [Grad Norms] Epoch [010] | mf_u_proj=0.041093, mf_v_proj=0.041810, fusion_gate=0.007691, q_gate_raw=0.000766, skill_latent=0.101374
2026-02-11 05:54:51,762 - INFO - [assist_09|assist_09_m3grid_s0p01_d0p1_full|lr=0.0003|drop=0.10] -> New best AUC=0.7610 at epoch 10
2026-02-11 05:54:51,815 - INFO - [assist_09|assist_09_m3grid_s0p01_d0p1_full|lr=0.0003|drop=0.10] Checkpoint saved: checkpoints/assist_09_m3grid/seed42/s0p01_d0p1_full/checkpoint_epoch_10.pth
2026-02-11 05:54:52,020 - INFO - [assist_09|assist_09_m3grid_s0p01_d0p1_full|lr=0.0003|drop=0.10] [Module Activity] Epoch 10: Graph✗ Personal✓ MF✓
2026-02-11 05:55:23,103 - INFO - [assist_09|assist_09_m3grid_s0p01_d0p1_full|lr=0.0003|drop=0.10] Epoch [011/30] | Train: Loss=0.5018, BCE=0.4564, Reg=0.0454, AUC=0.8465, ACC=0.7747, RMSE=0.3875 | Val: Loss=0.5908, BCE=0.5436, Reg=0.0472, AUC=0.7616, ACC=0.7299, RMSE=0.4259
2026-02-11 05:55:23,103 - INFO - [assist_09|assist_09_m3grid_s0p01_d0p1_full|lr=0.0003|drop=0.10] [Reg Terms] Epoch [011] | Train: graph_entropy=0.047063, mf_l2=0.000169, proto_div=0.000000, proto_usage=0.000000, personal_sparse=0.000646, alpha_var=-0.002450, reg_bce_ratio=0.0995 | Val: graph_entropy=0.048122, mf_l2=0.000170, proto_div=0.000000, proto_usage=0.000000, personal_sparse=0.000602, alpha_var=-0.001700, reg_bce_ratio=0.0868
2026-02-11 05:55:23,317 - INFO - [assist_09|assist_09_m3grid_s0p01_d0p1_full|lr=0.0003|drop=0.10] [Diag][M3] Epoch [011] | residual_abs_mean=0.7665, residual_std=0.4714, mf_abs_mean=0.7665, mf_std=0.4714, gate_mean=0.3803, gate_std=0.0567, irt_abs_mean=1.4499, irt_std=0.7762, delta_abs_mean=0.2923, delta_std=0.1897, delta_over_irt=0.2016, graph_row_entropy=4.8122, graph_entropy_ratio=1.0000, alpha_mean=0.2630, alpha_std=0.4380, personal_row_entropy=0.1287
2026-02-11 05:55:23,318 - WARNING - [assist_09|assist_09_m3grid_s0p01_d0p1_full|lr=0.0003|drop=0.10] [Diag Warning][M3] delta_over_irt has stayed high for 4 epoch(s): delta_over_irt=0.2016, delta_abs_mean=0.2923
2026-02-11 05:55:23,318 - INFO - [assist_09|assist_09_m3grid_s0p01_d0p1_full|lr=0.0003|drop=0.10] [Grad Norms] Epoch [011] | mf_u_proj=0.036039, mf_v_proj=0.035779, fusion_gate=0.000165, q_gate_raw=0.000294, skill_latent=0.096997
2026-02-11 05:55:23,644 - INFO - [assist_09|assist_09_m3grid_s0p01_d0p1_full|lr=0.0003|drop=0.10] -> New best AUC=0.7616 at epoch 11
2026-02-11 05:55:55,529 - INFO - [assist_09|assist_09_m3grid_s0p01_d0p1_full|lr=0.0003|drop=0.10] Epoch [012/30] | Train: Loss=0.4963, BCE=0.4509, Reg=0.0454, AUC=0.8506, ACC=0.7781, RMSE=0.3849 | Val: Loss=0.5903, BCE=0.5431, Reg=0.0472, AUC=0.7632, ACC=0.7301, RMSE=0.4255
2026-02-11 05:55:55,529 - INFO - [assist_09|assist_09_m3grid_s0p01_d0p1_full|lr=0.0003|drop=0.10] [Reg Terms] Epoch [012] | Train: graph_entropy=0.047064, mf_l2=0.000179, proto_div=0.000000, proto_usage=0.000000, personal_sparse=0.000595, alpha_var=-0.002456, reg_bce_ratio=0.1006 | Val: graph_entropy=0.048122, mf_l2=0.000180, proto_div=0.000000, proto_usage=0.000000, personal_sparse=0.000579, alpha_var=-0.001694, reg_bce_ratio=0.0869
2026-02-11 05:55:55,931 - INFO - [assist_09|assist_09_m3grid_s0p01_d0p1_full|lr=0.0003|drop=0.10] [Diag][M3] Epoch [012] | residual_abs_mean=0.8129, residual_std=0.4934, mf_abs_mean=0.8129, mf_std=0.4934, gate_mean=0.3829, gate_std=0.0525, irt_abs_mean=1.4897, irt_std=0.8049, delta_abs_mean=0.3132, delta_std=0.1987, delta_over_irt=0.2102, graph_row_entropy=4.8122, graph_entropy_ratio=1.0000, alpha_mean=0.2629, alpha_std=0.4370, personal_row_entropy=0.1126
2026-02-11 05:55:55,932 - WARNING - [assist_09|assist_09_m3grid_s0p01_d0p1_full|lr=0.0003|drop=0.10] [Diag Warning][M3] delta_over_irt has stayed high for 5 epoch(s): delta_over_irt=0.2102, delta_abs_mean=0.3132
2026-02-11 05:55:55,932 - INFO - [assist_09|assist_09_m3grid_s0p01_d0p1_full|lr=0.0003|drop=0.10] [Grad Norms] Epoch [012] | mf_u_proj=0.049226, mf_v_proj=0.050000, fusion_gate=0.001486, q_gate_raw=0.002424, skill_latent=0.118063
2026-02-11 05:55:56,297 - INFO - [assist_09|assist_09_m3grid_s0p01_d0p1_full|lr=0.0003|drop=0.10] -> New best AUC=0.7632 at epoch 12
2026-02-11 05:56:27,624 - INFO - [assist_09|assist_09_m3grid_s0p01_d0p1_full|lr=0.0003|drop=0.10] Epoch [013/30] | Train: Loss=0.4915, BCE=0.4462, Reg=0.0454, AUC=0.8543, ACC=0.7804, RMSE=0.3826 | Val: Loss=0.5899, BCE=0.5428, Reg=0.0471, AUC=0.7632, ACC=0.7281, RMSE=0.4256
2026-02-11 05:56:27,624 - INFO - [assist_09|assist_09_m3grid_s0p01_d0p1_full|lr=0.0003|drop=0.10] [Reg Terms] Epoch [013] | Train: graph_entropy=0.047063, mf_l2=0.000189, proto_div=0.000000, proto_usage=0.000000, personal_sparse=0.000564, alpha_var=-0.002450, reg_bce_ratio=0.1017 | Val: graph_entropy=0.048122, mf_l2=0.000188, proto_div=0.000000, proto_usage=0.000000, personal_sparse=0.000525, alpha_var=-0.001687, reg_bce_ratio=0.0869
2026-02-11 05:56:27,955 - INFO - [assist_09|assist_09_m3grid_s0p01_d0p1_full|lr=0.0003|drop=0.10] [Diag][M3] Epoch [013] | residual_abs_mean=0.8534, residual_std=0.5148, mf_abs_mean=0.8534, mf_std=0.5148, gate_mean=0.3840, gate_std=0.0503, irt_abs_mean=1.4888, irt_std=0.8189, delta_abs_mean=0.3294, delta_std=0.2074, delta_over_irt=0.2213, graph_row_entropy=4.8122, graph_entropy_ratio=1.0000, alpha_mean=0.2628, alpha_std=0.4381, personal_row_entropy=0.1239
2026-02-11 05:56:27,956 - WARNING - [assist_09|assist_09_m3grid_s0p01_d0p1_full|lr=0.0003|drop=0.10] [Diag Warning][M3] delta_over_irt has stayed high for 6 epoch(s): delta_over_irt=0.2213, delta_abs_mean=0.3294
2026-02-11 05:56:27,956 - INFO - [assist_09|assist_09_m3grid_s0p01_d0p1_full|lr=0.0003|drop=0.10] [Grad Norms] Epoch [013] | mf_u_proj=0.045476, mf_v_proj=0.048016, fusion_gate=0.000104, q_gate_raw=0.000751, skill_latent=0.109307
2026-02-11 05:56:27,956 - INFO - [assist_09|assist_09_m3grid_s0p01_d0p1_full|lr=0.0003|drop=0.10] -> No improvement 1 epoch(s) (best AUC=0.7632 @ 12)
2026-02-11 05:56:59,743 - INFO - [assist_09|assist_09_m3grid_s0p01_d0p1_full|lr=0.0003|drop=0.10] Epoch [014/30] | Train: Loss=0.4875, BCE=0.4422, Reg=0.0454, AUC=0.8573, ACC=0.7822, RMSE=0.3807 | Val: Loss=0.5914, BCE=0.5442, Reg=0.0471, AUC=0.7639, ACC=0.7316, RMSE=0.4256
2026-02-11 05:56:59,743 - INFO - [assist_09|assist_09_m3grid_s0p01_d0p1_full|lr=0.0003|drop=0.10] [Reg Terms] Epoch [014] | Train: graph_entropy=0.047064, mf_l2=0.000198, proto_div=0.000000, proto_usage=0.000000, personal_sparse=0.000537, alpha_var=-0.002449, reg_bce_ratio=0.1026 | Val: graph_entropy=0.048122, mf_l2=0.000199, proto_div=0.000000, proto_usage=0.000000, personal_sparse=0.000502, alpha_var=-0.001687, reg_bce_ratio=0.0866
2026-02-11 05:56:59,963 - INFO - [assist_09|assist_09_m3grid_s0p01_d0p1_full|lr=0.0003|drop=0.10] [Diag][M3] Epoch [014] | residual_abs_mean=0.8917, residual_std=0.5284, mf_abs_mean=0.8917, mf_std=0.5284, gate_mean=0.3861, gate_std=0.0495, irt_abs_mean=1.5629, irt_std=0.8385, delta_abs_mean=0.3450, delta_std=0.2124, delta_over_irt=0.2207, graph_row_entropy=4.8122, graph_entropy_ratio=1.0000, alpha_mean=0.2621, alpha_std=0.4378, personal_row_entropy=0.1417
2026-02-11 05:56:59,963 - WARNING - [assist_09|assist_09_m3grid_s0p01_d0p1_full|lr=0.0003|drop=0.10] [Diag Warning][M3] delta_over_irt has stayed high for 7 epoch(s): delta_over_irt=0.2207, delta_abs_mean=0.3450
2026-02-11 05:56:59,963 - INFO - [assist_09|assist_09_m3grid_s0p01_d0p1_full|lr=0.0003|drop=0.10] [Grad Norms] Epoch [014] | mf_u_proj=0.047780, mf_v_proj=0.047946, fusion_gate=0.000760, q_gate_raw=0.000024, skill_latent=0.111210
2026-02-11 05:57:00,310 - INFO - [assist_09|assist_09_m3grid_s0p01_d0p1_full|lr=0.0003|drop=0.10] -> New best AUC=0.7639 at epoch 14
2026-02-11 05:57:32,088 - INFO - [assist_09|assist_09_m3grid_s0p01_d0p1_full|lr=0.0003|drop=0.10] Epoch [015/30] | Train: Loss=0.4835, BCE=0.4382, Reg=0.0453, AUC=0.8602, ACC=0.7850, RMSE=0.3788 | Val: Loss=0.5920, BCE=0.5448, Reg=0.0471, AUC=0.7645, ACC=0.7314, RMSE=0.4256
2026-02-11 05:57:32,088 - INFO - [assist_09|assist_09_m3grid_s0p01_d0p1_full|lr=0.0003|drop=0.10] [Reg Terms] Epoch [015] | Train: graph_entropy=0.047064, mf_l2=0.000209, proto_div=0.000000, proto_usage=0.000000, personal_sparse=0.000513, alpha_var=-0.002449, reg_bce_ratio=0.1035 | Val: graph_entropy=0.048122, mf_l2=0.000210, proto_div=0.000000, proto_usage=0.000000, personal_sparse=0.000498, alpha_var=-0.001690, reg_bce_ratio=0.0865
2026-02-11 05:57:32,372 - INFO - [assist_09|assist_09_m3grid_s0p01_d0p1_full|lr=0.0003|drop=0.10] [Diag][M3] Epoch [015] | residual_abs_mean=0.9174, residual_std=0.5493, mf_abs_mean=0.9174, mf_std=0.5493, gate_mean=0.3867, gate_std=0.0481, irt_abs_mean=1.5361, irt_std=0.8399, delta_abs_mean=0.3556, delta_std=0.2211, delta_over_irt=0.2315, graph_row_entropy=4.8122, graph_entropy_ratio=1.0000, alpha_mean=0.2623, alpha_std=0.4379, personal_row_entropy=0.1232
2026-02-11 05:57:32,373 - WARNING - [assist_09|assist_09_m3grid_s0p01_d0p1_full|lr=0.0003|drop=0.10] [Diag Warning][M3] delta_over_irt has stayed high for 8 epoch(s): delta_over_irt=0.2315, delta_abs_mean=0.3556
2026-02-11 05:57:32,373 - INFO - [assist_09|assist_09_m3grid_s0p01_d0p1_full|lr=0.0003|drop=0.10] [Grad Norms] Epoch [015] | mf_u_proj=0.047292, mf_v_proj=0.050911, fusion_gate=0.002114, q_gate_raw=0.001126, skill_latent=0.118796
2026-02-11 05:57:32,751 - INFO - [assist_09|assist_09_m3grid_s0p01_d0p1_full|lr=0.0003|drop=0.10] -> New best AUC=0.7645 at epoch 15
2026-02-11 05:58:04,573 - INFO - [assist_09|assist_09_m3grid_s0p01_d0p1_full|lr=0.0003|drop=0.10] Epoch [016/30] | Train: Loss=0.4808, BCE=0.4355, Reg=0.0453, AUC=0.8619, ACC=0.7866, RMSE=0.3775 | Val: Loss=0.5924, BCE=0.5453, Reg=0.0471, AUC=0.7652, ACC=0.7325, RMSE=0.4256
2026-02-11 05:58:04,574 - INFO - [assist_09|assist_09_m3grid_s0p01_d0p1_full|lr=0.0003|drop=0.10] [Reg Terms] Epoch [016] | Train: graph_entropy=0.047064, mf_l2=0.000219, proto_div=0.000000, proto_usage=0.000000, personal_sparse=0.000504, alpha_var=-0.002451, reg_bce_ratio=0.1041 | Val: graph_entropy=0.048122, mf_l2=0.000220, proto_div=0.000000, proto_usage=0.000000, personal_sparse=0.000468, alpha_var=-0.001703, reg_bce_ratio=0.0864
2026-02-11 05:58:04,865 - INFO - [assist_09|assist_09_m3grid_s0p01_d0p1_full|lr=0.0003|drop=0.10] [Diag][M3] Epoch [016] | residual_abs_mean=0.9555, residual_std=0.5681, mf_abs_mean=0.9555, mf_std=0.5681, gate_mean=0.3894, gate_std=0.0423, irt_abs_mean=1.5973, irt_std=0.8666, delta_abs_mean=0.3736, delta_std=0.2287, delta_over_irt=0.2339, graph_row_entropy=4.8122, graph_entropy_ratio=1.0000, alpha_mean=0.2626, alpha_std=0.4384, personal_row_entropy=0.1025
2026-02-11 05:58:04,866 - WARNING - [assist_09|assist_09_m3grid_s0p01_d0p1_full|lr=0.0003|drop=0.10] [Diag Warning][M3] delta_over_irt has stayed high for 9 epoch(s): delta_over_irt=0.2339, delta_abs_mean=0.3736
2026-02-11 05:58:04,866 - INFO - [assist_09|assist_09_m3grid_s0p01_d0p1_full|lr=0.0003|drop=0.10] [Grad Norms] Epoch [016] | mf_u_proj=0.052228, mf_v_proj=0.053552, fusion_gate=0.001757, q_gate_raw=0.002398, skill_latent=0.136098
2026-02-11 05:58:05,251 - INFO - [assist_09|assist_09_m3grid_s0p01_d0p1_full|lr=0.0003|drop=0.10] -> New best AUC=0.7652 at epoch 16
2026-02-11 05:58:34,822 - INFO - [assist_09|assist_09_m3grid_s0p01_d0p1_full|lr=0.0003|drop=0.10] Epoch [017/30] | Train: Loss=0.4776, BCE=0.4323, Reg=0.0453, AUC=0.8643, ACC=0.7887, RMSE=0.3760 | Val: Loss=0.5934, BCE=0.5463, Reg=0.0471, AUC=0.7652, ACC=0.7327, RMSE=0.4256
2026-02-11 05:58:34,822 - INFO - [assist_09|assist_09_m3grid_s0p01_d0p1_full|lr=0.0003|drop=0.10] [Reg Terms] Epoch [017] | Train: graph_entropy=0.047064, mf_l2=0.000229, proto_div=0.000000, proto_usage=0.000000, personal_sparse=0.000478, alpha_var=-0.002455, reg_bce_ratio=0.1048 | Val: graph_entropy=0.048122, mf_l2=0.000230, proto_div=0.000000, proto_usage=0.000000, personal_sparse=0.000448, alpha_var=-0.001699, reg_bce_ratio=0.0862
2026-02-11 05:58:35,048 - INFO - [assist_09|assist_09_m3grid_s0p01_d0p1_full|lr=0.0003|drop=0.10] [Diag][M3] Epoch [017] | residual_abs_mean=1.0076, residual_std=0.5659, mf_abs_mean=1.0076, mf_std=0.5659, gate_mean=0.3902, gate_std=0.0379, irt_abs_mean=1.6156, irt_std=0.8843, delta_abs_mean=0.3937, delta_std=0.2267, delta_over_irt=0.2437, graph_row_entropy=4.8122, graph_entropy_ratio=1.0000, alpha_mean=0.2617, alpha_std=0.4376, personal_row_entropy=0.1309
2026-02-11 05:58:35,049 - WARNING - [assist_09|assist_09_m3grid_s0p01_d0p1_full|lr=0.0003|drop=0.10] [Diag Warning][M3] delta_over_irt has stayed high for 10 epoch(s): delta_over_irt=0.2437, delta_abs_mean=0.3937
2026-02-11 05:58:35,049 - INFO - [assist_09|assist_09_m3grid_s0p01_d0p1_full|lr=0.0003|drop=0.10] [Grad Norms] Epoch [017] | mf_u_proj=0.049570, mf_v_proj=0.050632, fusion_gate=0.005072, q_gate_raw=0.000893, skill_latent=0.113467
2026-02-11 05:58:35,049 - INFO - [assist_09|assist_09_m3grid_s0p01_d0p1_full|lr=0.0003|drop=0.10] -> No improvement 1 epoch(s) (best AUC=0.7652 @ 16)
2026-02-11 05:59:04,073 - INFO - [assist_09|assist_09_m3grid_s0p01_d0p1_full|lr=0.0003|drop=0.10] Epoch [018/30] | Train: Loss=0.4744, BCE=0.4291, Reg=0.0453, AUC=0.8665, ACC=0.7905, RMSE=0.3744 | Val: Loss=0.5937, BCE=0.5466, Reg=0.0471, AUC=0.7642, ACC=0.7321, RMSE=0.4259
2026-02-11 05:59:04,073 - INFO - [assist_09|assist_09_m3grid_s0p01_d0p1_full|lr=0.0003|drop=0.10] [Reg Terms] Epoch [018] | Train: graph_entropy=0.047064, mf_l2=0.000239, proto_div=0.000000, proto_usage=0.000000, personal_sparse=0.000453, alpha_var=-0.002448, reg_bce_ratio=0.1056 | Val: graph_entropy=0.048122, mf_l2=0.000238, proto_div=0.000000, proto_usage=0.000000, personal_sparse=0.000424, alpha_var=-0.001712, reg_bce_ratio=0.0861
2026-02-11 05:59:04,315 - INFO - [assist_09|assist_09_m3grid_s0p01_d0p1_full|lr=0.0003|drop=0.10] [Diag][M3] Epoch [018] | residual_abs_mean=1.0420, residual_std=0.5897, mf_abs_mean=1.0420, mf_std=0.5897, gate_mean=0.3926, gate_std=0.0309, irt_abs_mean=1.5158, irt_std=0.8836, delta_abs_mean=0.4093, delta_std=0.2355, delta_over_irt=0.2701, graph_row_entropy=4.8122, graph_entropy_ratio=1.0000, alpha_mean=0.2627, alpha_std=0.4376, personal_row_entropy=0.0929
2026-02-11 05:59:04,315 - WARNING - [assist_09|assist_09_m3grid_s0p01_d0p1_full|lr=0.0003|drop=0.10] [Diag Warning][M3] delta_over_irt has stayed high for 11 epoch(s): delta_over_irt=0.2701, delta_abs_mean=0.4093
2026-02-11 05:59:04,315 - INFO - [assist_09|assist_09_m3grid_s0p01_d0p1_full|lr=0.0003|drop=0.10] [Grad Norms] Epoch [018] | mf_u_proj=0.050603, mf_v_proj=0.052691, fusion_gate=0.004664, q_gate_raw=0.000404, skill_latent=0.120976
2026-02-11 05:59:04,315 - INFO - [assist_09|assist_09_m3grid_s0p01_d0p1_full|lr=0.0003|drop=0.10] -> No improvement 2 epoch(s) (best AUC=0.7652 @ 16)
2026-02-11 05:59:37,186 - INFO - [assist_09|assist_09_m3grid_s0p01_d0p1_full|lr=0.0003|drop=0.10] Epoch [019/30] | Train: Loss=0.4714, BCE=0.4261, Reg=0.0453, AUC=0.8687, ACC=0.7933, RMSE=0.3730 | Val: Loss=0.5948, BCE=0.5477, Reg=0.0471, AUC=0.7647, ACC=0.7346, RMSE=0.4258
2026-02-11 05:59:37,186 - INFO - [assist_09|assist_09_m3grid_s0p01_d0p1_full|lr=0.0003|drop=0.10] [Reg Terms] Epoch [019] | Train: graph_entropy=0.047063, mf_l2=0.000248, proto_div=0.000000, proto_usage=0.000000, personal_sparse=0.000435, alpha_var=-0.002451, reg_bce_ratio=0.1063 | Val: graph_entropy=0.048122, mf_l2=0.000250, proto_div=0.000000, proto_usage=0.000000, personal_sparse=0.000406, alpha_var=-0.001711, reg_bce_ratio=0.0859
2026-02-11 05:59:37,404 - INFO - [assist_09|assist_09_m3grid_s0p01_d0p1_full|lr=0.0003|drop=0.10] [Diag][M3] Epoch [019] | residual_abs_mean=1.0728, residual_std=0.5968, mf_abs_mean=1.0728, mf_std=0.5968, gate_mean=0.3941, gate_std=0.0241, irt_abs_mean=1.6062, irt_std=0.9239, delta_abs_mean=0.4228, delta_std=0.2379, delta_over_irt=0.2632, graph_row_entropy=4.8122, graph_entropy_ratio=1.0000, alpha_mean=0.2621, alpha_std=0.4383, personal_row_entropy=0.1063
2026-02-11 05:59:37,404 - WARNING - [assist_09|assist_09_m3grid_s0p01_d0p1_full|lr=0.0003|drop=0.10] [Diag Warning][M3] delta_over_irt has stayed high for 12 epoch(s): delta_over_irt=0.2632, delta_abs_mean=0.4228
2026-02-11 05:59:37,404 - INFO - [assist_09|assist_09_m3grid_s0p01_d0p1_full|lr=0.0003|drop=0.10] [Grad Norms] Epoch [019] | mf_u_proj=0.044423, mf_v_proj=0.041559, fusion_gate=0.004750, q_gate_raw=0.002049, skill_latent=0.136031
2026-02-11 05:59:37,405 - INFO - [assist_09|assist_09_m3grid_s0p01_d0p1_full|lr=0.0003|drop=0.10] -> No improvement 3 epoch(s) (best AUC=0.7652 @ 16)
2026-02-11 05:59:37,405 - INFO - [assist_09|assist_09_m3grid_s0p01_d0p1_full|lr=0.0003|drop=0.10] Early stopping at epoch 19 (best AUC=0.7652 @ 16)
2026-02-11 05:59:37,412 - INFO - Epoch-wise metrics saved to checkpoints/assist_09_m3grid/seed42/s0p01_d0p1_full/metrics_history.csv
2026-02-11 05:59:37,414 - INFO - [assist_09|assist_09_m3grid_s0p01_d0p1_full|lr=0.0003|drop=0.10] Training completed! Best Val AUC=0.7652 @ epoch 16
2026-02-11 05:59:37,623 - INFO - 
============================================================
         MODULE ACTIVITY REPORT
============================================================
Dataset: assist_09 | Seed: 42 | Epoch: 19

1. Soft Prototype Module:
   - Status: DISABLED (num_prototypes=0 or use_soft_prototype=False)

2. Concept Graph Module:
   - Mean row entropy: 4.812 / 4.812
   - Entropy ratio: 100.0%
   - Status: ✗ TRIVIAL (uniform distribution, not learning)
   → Consider: increase lambda_sparse or training longer

3. Personal Graph Module:
   - Gate alpha mean: 0.316
   - Gate alpha std: 0.464
   - Status: ✓ ACTIVE (using personalization)

4. Skill/MF Module:
   - MF logit |mean|: 1.0843
   - MF logit std: 1.1837
   - Fusion gate mean: 0.395
   - Status: ✓ ACTIVE (contributing to predictions)

------------------------------------------------------------
SUMMARY:
   Active modules: Personal Graph, Skill/MF
   ⚠ Inactive modules: Concept Graph
============================================================
2026-02-11 05:59:37,623 - INFO - [assist_09|assist_09_m3grid_s0p01_d0p1_full|lr=0.0003|drop=0.10] Module activity saved to checkpoints/assist_09_m3grid/seed42/s0p01_d0p1_full/module_activity.json
2026-02-11 05:59:37,684 - INFO - Using device: cuda:0 (physical gpu 3)
2026-02-11 05:59:37,685 - INFO - Loading model from checkpoints/assist_09_m3grid/seed42/s0p01_d0p1_full/best_model.pth...
2026-02-11 05:59:38,235 - INFO - Inference switches: ablate_module1=False, ablate_module2=False, ablate_module3=False | enable_module1=True, enable_module2=True, enable_module3=True | use_soft_prototype=False, use_mf_branch=True, use_concept_graph=True, use_q_aligned_residual=True, use_soft_prototype_main_path=False | effective(num_gnn_layers=1, num_prototypes=0)
2026-02-11 05:59:38,255 - INFO - [Inference] Ablation runtime check: args(ablate_module1=False,ablate_module2=False,ablate_module3=False) | model(enable_module1=True,enable_module2=True,enable_module3=True) | physical(has_knowledge_encoder=True,has_mf_branch=True,has_soft_prototype=False)
2026-02-11 05:59:38,257 - INFO - Model loaded from epoch 16. Start testing...
2026-02-11 05:59:39,500 - INFO - [Test] 200/411 batches done, samples=25600
2026-02-11 05:59:40,586 - INFO - [Test] 400/411 batches done, samples=51200
2026-02-11 05:59:40,695 - INFO - 
==================================================
2026-02-11 05:59:40,695 - INFO - Test Results:
2026-02-11 05:59:40,695 - INFO - AUC: 0.7686
2026-02-11 05:59:40,695 - INFO - ACC: 0.7357
2026-02-11 05:59:40,696 - INFO - RMSE: 0.4231
2026-02-11 05:59:40,696 - INFO - ==================================================
2026-02-11 05:59:40,711 - INFO - Summary appended to /home/zsh/ConceptSkillCDM/results/experiment_results.csv
2026-02-11 05:59:40,717 - INFO - Run completed.
2026-02-11 05:59:40,717 - INFO - Best validation AUC: 0.7652 at epoch 16
2026-02-11 05:59:40,717 - INFO - Test metrics - AUC: 0.7686, ACC: 0.7357, RMSE: 0.4231
