2026-01-13 02:54:44,641 - INFO - Arguments:
2026-01-13 02:54:44,641 - INFO -   ablate_concept_graph: False
2026-01-13 02:54:44,641 - INFO -   ablate_module1: False
2026-01-13 02:54:44,641 - INFO -   ablate_module2: False
2026-01-13 02:54:44,641 - INFO -   ablate_module3: True
2026-01-13 02:54:44,641 - INFO -   ablate_skill_encoder: False
2026-01-13 02:54:44,641 - INFO -   ablate_soft_prototype: False
2026-01-13 02:54:44,641 - INFO -   allow_self_loop: True
2026-01-13 02:54:44,641 - INFO -   batch_size: 128
2026-01-13 02:54:44,641 - INFO -   data_dir: ./data/assist_09
2026-01-13 02:54:44,641 - INFO -   dataset_name: assist_09
2026-01-13 02:54:44,641 - INFO -   disable_q_conditioning: False
2026-01-13 02:54:44,641 - INFO -   disable_self_loop: False
2026-01-13 02:54:44,641 - INFO -   disable_soft_prototype: False
2026-01-13 02:54:44,642 - INFO -   dropout: 0.2
2026-01-13 02:54:44,642 - INFO -   early_stop_patience: 3
2026-01-13 02:54:44,642 - INFO -   enable_module1: True
2026-01-13 02:54:44,642 - INFO -   enable_module2: True
2026-01-13 02:54:44,642 - INFO -   enable_module3: False
2026-01-13 02:54:44,642 - INFO -   epochs: 100
2026-01-13 02:54:44,642 - INFO -   exercise_dim: 64
2026-01-13 02:54:44,642 - INFO -   exercise_l2_lambda: 5e-05
2026-01-13 02:54:44,642 - INFO -   generate_diagnosis: False
2026-01-13 02:54:44,642 - INFO -   gnn_residual_weight: 0.5
2026-01-13 02:54:44,642 - INFO -   gpu_candidates: None
2026-01-13 02:54:44,642 - INFO -   graph_topk: None
2026-01-13 02:54:44,642 - INFO -   knowledge_dim: 64
2026-01-13 02:54:44,642 - INFO -   lambda_alpha: 0.0
2026-01-13 02:54:44,642 - INFO -   lambda_proto_div: 0.0
2026-01-13 02:54:44,642 - INFO -   lambda_proto_usage: 0.0
2026-01-13 02:54:44,642 - INFO -   lambda_sparse: 1.0
2026-01-13 02:54:44,642 - INFO -   lambda_sparse_personal: 0.0
2026-01-13 02:54:44,642 - INFO -   learning_rate: 0.0003
2026-01-13 02:54:44,642 - INFO -   log_dir: logs/assist_09_ablation_no_module3_seed42
2026-01-13 02:54:44,642 - INFO -   min_exer_interactions: 0
2026-01-13 02:54:44,642 - INFO -   min_poison_count: 0
2026-01-13 02:54:44,642 - INFO -   min_stu_interactions: 15
2026-01-13 02:54:44,642 - INFO -   model_variant: gpd_base_no_module3
2026-01-13 02:54:44,642 - INFO -   no_cuda: False
2026-01-13 02:54:44,643 - INFO -   num_gnn_layers: 1
2026-01-13 02:54:44,643 - INFO -   num_prototypes: 0
2026-01-13 02:54:44,643 - INFO -   num_relation_heads: 2
2026-01-13 02:54:44,643 - INFO -   num_workers: 4
2026-01-13 02:54:44,643 - INFO -   patience: 5
2026-01-13 02:54:44,643 - INFO -   personal_rank: 4
2026-01-13 02:54:44,643 - INFO -   proto_lambda: 5.0
2026-01-13 02:54:44,643 - INFO -   proto_tau: 1.0
2026-01-13 02:54:44,643 - INFO -   save_dir: checkpoints/assist_09_ablation_no_module3_seed42
2026-01-13 02:54:44,643 - INFO -   save_interval: 10
2026-01-13 02:54:44,643 - INFO -   seed: 42
2026-01-13 02:54:44,643 - INFO -   skill_dim: 64
2026-01-13 02:54:44,643 - INFO -   use_concept_graph: True
2026-01-13 02:54:44,643 - INFO -   use_exercise_graph: True
2026-01-13 02:54:44,643 - INFO -   use_mf_branch: False
2026-01-13 02:54:44,643 - INFO -   use_personal_graph: False
2026-01-13 02:54:44,643 - INFO -   use_q_conditioning: True
2026-01-13 02:54:44,643 - INFO -   use_skill_encoder: False
2026-01-13 02:54:44,643 - INFO -   use_soft_prototype: False
2026-01-13 02:54:44,643 - INFO -   weight_decay: 1e-05
2026-01-13 02:54:44,763 - INFO - Using device: cuda:0 (physical gpu 2)
2026-01-13 02:54:44,763 - INFO - [assist_09|gpd_base_no_module3|lr=0.0003|drop=0.20] Loading datasets...
2026-01-13 02:54:44,764 - INFO - [assist_09|gpd_base_no_module3|lr=0.0003|drop=0.20] Regularization: graph_entropy(lambda_sparse)=1.000000, proto_div=0.000000, proto_usage=0.000000, personal_sparse=0.000000, alpha_penalty=0.000000, mf_l2(exercise_l2_lambda)=0.000050
2026-01-13 02:54:44,946 - INFO - [数据清洗] 学生交互次数 < 15 次的学生：共移除 0 个学生（仅统计用户数）
2026-01-13 02:54:44,968 - INFO - [数据清洗] 学生冷启动过滤：在 train/valid/test 中共删除 0 条记录。
2026-01-13 02:54:44,969 - INFO - [数据清洗] 跳过题目冷门过滤（min_exer_interactions <= 0）。
2026-01-13 02:54:44,970 - INFO - [数据清洗] 跳过毒题清洗（min_poison_count <= 0）。
2026-01-13 02:55:03,925 - INFO - [assist_09|gpd_base_no_module3|lr=0.0003|drop=0.20] Train samples: 194489, Val samples: 20385
2026-01-13 02:55:03,925 - INFO - [assist_09|gpd_base_no_module3|lr=0.0003|drop=0.20] Number of students: 2493
2026-01-13 02:55:03,925 - INFO - [assist_09|gpd_base_no_module3|lr=0.0003|drop=0.20] Number of exercises: 17676
2026-01-13 02:55:03,925 - INFO - [assist_09|gpd_base_no_module3|lr=0.0003|drop=0.20] Number of concepts: 123
2026-01-13 02:55:03,925 - INFO - [assist_09|gpd_base_no_module3|lr=0.0003|drop=0.20] Creating model...
2026-01-13 02:55:03,925 - INFO - [assist_09|gpd_base_no_module3|lr=0.0003|drop=0.20] Ablation switches: use_soft_prototype=False, use_mf_branch=False, use_concept_graph=True (effective num_gnn_layers=1, num_prototypes=0)
2026-01-13 02:55:04,084 - INFO - [assist_09|gpd_base_no_module3|lr=0.0003|drop=0.20] Total parameters: 227,614
2026-01-13 02:55:04,085 - INFO - [assist_09|gpd_base_no_module3|lr=0.0003|drop=0.20] Trainable parameters: 227,614
2026-01-13 02:55:05,909 - INFO - [assist_09|gpd_base_no_module3|lr=0.0003|drop=0.20] Starting training...
2026-01-13 02:55:27,659 - INFO - [assist_09|gpd_base_no_module3|lr=0.0003|drop=0.20] Epoch [001/100] | Train: Loss=5.1779, BCE=0.5899, Reg=4.5880, AUC=0.6873, ACC=0.6916, RMSE=0.4493 | Val: Loss=5.3797, BCE=0.5675, Reg=4.8122, AUC=0.7271, ACC=0.7105, RMSE=0.4384
2026-01-13 02:55:28,128 - INFO - [assist_09|gpd_base_no_module3|lr=0.0003|drop=0.20] -> New best AUC=0.7271 at epoch 1
2026-01-13 02:55:49,782 - INFO - [assist_09|gpd_base_no_module3|lr=0.0003|drop=0.20] Epoch [002/100] | Train: Loss=5.1413, BCE=0.5533, Reg=4.5880, AUC=0.7424, ACC=0.7197, RMSE=0.4317 | Val: Loss=5.3738, BCE=0.5616, Reg=4.8122, AUC=0.7352, ACC=0.7125, RMSE=0.4358
2026-01-13 02:55:50,444 - INFO - [assist_09|gpd_base_no_module3|lr=0.0003|drop=0.20] -> New best AUC=0.7352 at epoch 2
2026-01-13 02:56:13,202 - INFO - [assist_09|gpd_base_no_module3|lr=0.0003|drop=0.20] Epoch [003/100] | Train: Loss=5.1301, BCE=0.5422, Reg=4.5880, AUC=0.7557, ACC=0.7253, RMSE=0.4268 | Val: Loss=5.3705, BCE=0.5583, Reg=4.8122, AUC=0.7388, ACC=0.7162, RMSE=0.4344
2026-01-13 02:56:13,658 - INFO - [assist_09|gpd_base_no_module3|lr=0.0003|drop=0.20] -> New best AUC=0.7388 at epoch 3
2026-01-13 02:56:36,092 - INFO - [assist_09|gpd_base_no_module3|lr=0.0003|drop=0.20] Epoch [004/100] | Train: Loss=5.1210, BCE=0.5329, Reg=4.5881, AUC=0.7665, ACC=0.7310, RMSE=0.4226 | Val: Loss=5.3679, BCE=0.5558, Reg=4.8122, AUC=0.7420, ACC=0.7149, RMSE=0.4331
2026-01-13 02:56:36,541 - INFO - [assist_09|gpd_base_no_module3|lr=0.0003|drop=0.20] -> New best AUC=0.7420 at epoch 4
2026-01-13 02:56:59,360 - INFO - [assist_09|gpd_base_no_module3|lr=0.0003|drop=0.20] Epoch [005/100] | Train: Loss=5.1122, BCE=0.5241, Reg=4.5880, AUC=0.7763, ACC=0.7356, RMSE=0.4188 | Val: Loss=5.3673, BCE=0.5551, Reg=4.8122, AUC=0.7442, ACC=0.7188, RMSE=0.4326
2026-01-13 02:56:59,788 - INFO - [assist_09|gpd_base_no_module3|lr=0.0003|drop=0.20] -> New best AUC=0.7442 at epoch 5
2026-01-13 02:57:22,201 - INFO - [assist_09|gpd_base_no_module3|lr=0.0003|drop=0.20] Epoch [006/100] | Train: Loss=5.1048, BCE=0.5167, Reg=4.5881, AUC=0.7845, ACC=0.7392, RMSE=0.4155 | Val: Loss=5.3661, BCE=0.5539, Reg=4.8122, AUC=0.7466, ACC=0.7171, RMSE=0.4320
2026-01-13 02:57:22,650 - INFO - [assist_09|gpd_base_no_module3|lr=0.0003|drop=0.20] -> New best AUC=0.7466 at epoch 6
2026-01-13 02:57:44,850 - INFO - [assist_09|gpd_base_no_module3|lr=0.0003|drop=0.20] Epoch [007/100] | Train: Loss=5.0981, BCE=0.5101, Reg=4.5880, AUC=0.7918, ACC=0.7426, RMSE=0.4126 | Val: Loss=5.3641, BCE=0.5519, Reg=4.8122, AUC=0.7477, ACC=0.7190, RMSE=0.4309
2026-01-13 02:57:45,360 - INFO - [assist_09|gpd_base_no_module3|lr=0.0003|drop=0.20] -> New best AUC=0.7477 at epoch 7
2026-01-13 02:58:07,824 - INFO - [assist_09|gpd_base_no_module3|lr=0.0003|drop=0.20] Epoch [008/100] | Train: Loss=5.0927, BCE=0.5047, Reg=4.5879, AUC=0.7971, ACC=0.7452, RMSE=0.4103 | Val: Loss=5.3665, BCE=0.5544, Reg=4.8122, AUC=0.7484, ACC=0.7214, RMSE=0.4317
2026-01-13 02:58:08,257 - INFO - [assist_09|gpd_base_no_module3|lr=0.0003|drop=0.20] -> New best AUC=0.7484 at epoch 8
2026-01-13 02:58:31,224 - INFO - [assist_09|gpd_base_no_module3|lr=0.0003|drop=0.20] Epoch [009/100] | Train: Loss=5.0876, BCE=0.4997, Reg=4.5880, AUC=0.8025, ACC=0.7478, RMSE=0.4081 | Val: Loss=5.3652, BCE=0.5530, Reg=4.8122, AUC=0.7498, ACC=0.7210, RMSE=0.4310
2026-01-13 02:58:31,700 - INFO - [assist_09|gpd_base_no_module3|lr=0.0003|drop=0.20] -> New best AUC=0.7498 at epoch 9
2026-01-13 02:58:54,364 - INFO - [assist_09|gpd_base_no_module3|lr=0.0003|drop=0.20] Epoch [010/100] | Train: Loss=5.0837, BCE=0.4957, Reg=4.5880, AUC=0.8062, ACC=0.7495, RMSE=0.4064 | Val: Loss=5.3662, BCE=0.5540, Reg=4.8122, AUC=0.7501, ACC=0.7217, RMSE=0.4313
2026-01-13 02:58:54,818 - INFO - [assist_09|gpd_base_no_module3|lr=0.0003|drop=0.20] -> New best AUC=0.7501 at epoch 10
2026-01-13 02:58:54,971 - INFO - [assist_09|gpd_base_no_module3|lr=0.0003|drop=0.20] Checkpoint saved: checkpoints/assist_09_ablation_no_module3_seed42/checkpoint_epoch_10.pth
2026-01-13 02:59:18,171 - INFO - [assist_09|gpd_base_no_module3|lr=0.0003|drop=0.20] Epoch [011/100] | Train: Loss=5.0800, BCE=0.4919, Reg=4.5881, AUC=0.8099, ACC=0.7520, RMSE=0.4047 | Val: Loss=5.3661, BCE=0.5540, Reg=4.8122, AUC=0.7514, ACC=0.7239, RMSE=0.4308
2026-01-13 02:59:18,655 - INFO - [assist_09|gpd_base_no_module3|lr=0.0003|drop=0.20] -> New best AUC=0.7514 at epoch 11
2026-01-13 02:59:41,492 - INFO - [assist_09|gpd_base_no_module3|lr=0.0003|drop=0.20] Epoch [012/100] | Train: Loss=5.0762, BCE=0.4883, Reg=4.5880, AUC=0.8135, ACC=0.7531, RMSE=0.4032 | Val: Loss=5.3646, BCE=0.5524, Reg=4.8122, AUC=0.7522, ACC=0.7243, RMSE=0.4304
2026-01-13 02:59:42,013 - INFO - [assist_09|gpd_base_no_module3|lr=0.0003|drop=0.20] -> New best AUC=0.7522 at epoch 12
2026-01-13 03:00:06,705 - INFO - [assist_09|gpd_base_no_module3|lr=0.0003|drop=0.20] Epoch [013/100] | Train: Loss=5.0728, BCE=0.4848, Reg=4.5879, AUC=0.8168, ACC=0.7549, RMSE=0.4017 | Val: Loss=5.3661, BCE=0.5539, Reg=4.8122, AUC=0.7520, ACC=0.7247, RMSE=0.4308
2026-01-13 03:00:06,706 - INFO - [assist_09|gpd_base_no_module3|lr=0.0003|drop=0.20] -> No improvement 1 epoch(s) (best AUC=0.7522 @ 12)
2026-01-13 03:00:31,372 - INFO - [assist_09|gpd_base_no_module3|lr=0.0003|drop=0.20] Epoch [014/100] | Train: Loss=5.0655, BCE=0.4775, Reg=4.5879, AUC=0.8244, ACC=0.7596, RMSE=0.3982 | Val: Loss=5.3687, BCE=0.5565, Reg=4.8122, AUC=0.7525, ACC=0.7250, RMSE=0.4313
2026-01-13 03:00:31,852 - INFO - [assist_09|gpd_base_no_module3|lr=0.0003|drop=0.20] -> New best AUC=0.7525 at epoch 14
2026-01-13 03:00:56,515 - INFO - [assist_09|gpd_base_no_module3|lr=0.0003|drop=0.20] Epoch [015/100] | Train: Loss=5.0645, BCE=0.4764, Reg=4.5881, AUC=0.8249, ACC=0.7596, RMSE=0.3978 | Val: Loss=5.3690, BCE=0.5568, Reg=4.8122, AUC=0.7528, ACC=0.7246, RMSE=0.4313
2026-01-13 03:00:57,032 - INFO - [assist_09|gpd_base_no_module3|lr=0.0003|drop=0.20] -> New best AUC=0.7528 at epoch 15
2026-01-13 03:01:21,904 - INFO - [assist_09|gpd_base_no_module3|lr=0.0003|drop=0.20] Epoch [016/100] | Train: Loss=5.0623, BCE=0.4742, Reg=4.5881, AUC=0.8268, ACC=0.7601, RMSE=0.3969 | Val: Loss=5.3706, BCE=0.5584, Reg=4.8122, AUC=0.7532, ACC=0.7250, RMSE=0.4316
2026-01-13 03:01:22,496 - INFO - [assist_09|gpd_base_no_module3|lr=0.0003|drop=0.20] -> New best AUC=0.7532 at epoch 16
2026-01-13 03:01:46,071 - INFO - [assist_09|gpd_base_no_module3|lr=0.0003|drop=0.20] Epoch [017/100] | Train: Loss=5.0609, BCE=0.4728, Reg=4.5881, AUC=0.8279, ACC=0.7606, RMSE=0.3963 | Val: Loss=5.3701, BCE=0.5579, Reg=4.8122, AUC=0.7530, ACC=0.7249, RMSE=0.4313
2026-01-13 03:01:46,072 - INFO - [assist_09|gpd_base_no_module3|lr=0.0003|drop=0.20] -> No improvement 1 epoch(s) (best AUC=0.7532 @ 16)
2026-01-13 03:02:07,682 - INFO - [assist_09|gpd_base_no_module3|lr=0.0003|drop=0.20] Epoch [018/100] | Train: Loss=5.0593, BCE=0.4713, Reg=4.5881, AUC=0.8292, ACC=0.7623, RMSE=0.3956 | Val: Loss=5.3724, BCE=0.5603, Reg=4.8122, AUC=0.7530, ACC=0.7249, RMSE=0.4319
2026-01-13 03:02:07,682 - INFO - [assist_09|gpd_base_no_module3|lr=0.0003|drop=0.20] -> No improvement 2 epoch(s) (best AUC=0.7532 @ 16)
2026-01-13 03:02:29,511 - INFO - [assist_09|gpd_base_no_module3|lr=0.0003|drop=0.20] Epoch [019/100] | Train: Loss=5.0583, BCE=0.4703, Reg=4.5880, AUC=0.8302, ACC=0.7628, RMSE=0.3951 | Val: Loss=5.3699, BCE=0.5577, Reg=4.8122, AUC=0.7526, ACC=0.7223, RMSE=0.4314
2026-01-13 03:02:29,511 - INFO - [assist_09|gpd_base_no_module3|lr=0.0003|drop=0.20] -> No improvement 3 epoch(s) (best AUC=0.7532 @ 16)
2026-01-13 03:02:29,511 - INFO - [assist_09|gpd_base_no_module3|lr=0.0003|drop=0.20] Early stopping at epoch 19 (best AUC=0.7532 @ 16)
2026-01-13 03:02:29,518 - INFO - Epoch-wise metrics saved to checkpoints/assist_09_ablation_no_module3_seed42/metrics_history.csv
2026-01-13 03:02:29,520 - INFO - [assist_09|gpd_base_no_module3|lr=0.0003|drop=0.20] Training completed! Best Val AUC=0.7532 @ epoch 16
2026-01-13 03:02:29,613 - INFO - Using device: cuda:0 (physical gpu 2)
2026-01-13 03:02:29,613 - INFO - Loading model from checkpoints/assist_09_ablation_no_module3_seed42/best_model.pth...
2026-01-13 03:02:30,437 - INFO - Inference switches: use_soft_prototype=False, use_mf_branch=False, use_concept_graph=True (effective num_gnn_layers=1, num_prototypes=0)
2026-01-13 03:02:30,449 - INFO - Model loaded from epoch 16. Start testing...
2026-01-13 03:02:31,553 - INFO - [Test] 200/411 batches done, samples=25600
2026-01-13 03:02:32,654 - INFO - [Test] 400/411 batches done, samples=51200
2026-01-13 03:02:32,798 - INFO - 
==================================================
2026-01-13 03:02:32,799 - INFO - Test Results:
2026-01-13 03:02:32,799 - INFO - AUC: 0.7568
2026-01-13 03:02:32,799 - INFO - ACC: 0.7299
2026-01-13 03:02:32,799 - INFO - RMSE: 0.4286
2026-01-13 03:02:32,799 - INFO - ==================================================
2026-01-13 03:02:32,819 - INFO - Summary appended to /home/zsh/ConceptSkillCDM/results/experiment_results.csv
2026-01-13 03:02:32,825 - INFO - Run completed.
2026-01-13 03:02:32,825 - INFO - Best validation AUC: 0.7532 at epoch 16
2026-01-13 03:02:32,825 - INFO - Test metrics - AUC: 0.7568, ACC: 0.7299, RMSE: 0.4286
