2026-02-11 16:42:53,157 - INFO - Arguments:
2026-02-11 16:42:53,157 - INFO -   ablate_concept_graph: False
2026-02-11 16:42:53,157 - INFO -   ablate_module1: False
2026-02-11 16:42:53,157 - INFO -   ablate_module2: False
2026-02-11 16:42:53,157 - INFO -   ablate_module3: True
2026-02-11 16:42:53,157 - INFO -   ablate_skill_encoder: False
2026-02-11 16:42:53,157 - INFO -   ablate_soft_prototype: False
2026-02-11 16:42:53,157 - INFO -   allow_self_loop: True
2026-02-11 16:42:53,157 - INFO -   batch_size: 128
2026-02-11 16:42:53,157 - INFO -   data_dir: ./data/assist_09
2026-02-11 16:42:53,157 - INFO -   dataset_name: assist_09
2026-02-11 16:42:53,157 - INFO -   debug_module3_diag: False
2026-02-11 16:42:53,157 - INFO -   diag_batches: 2
2026-02-11 16:42:53,157 - INFO -   disable_q_aligned_residual: False
2026-02-11 16:42:53,157 - INFO -   disable_q_conditioning: False
2026-02-11 16:42:53,157 - INFO -   disable_self_loop: False
2026-02-11 16:42:53,157 - INFO -   disable_soft_prototype: False
2026-02-11 16:42:53,157 - INFO -   dropout: 0.2
2026-02-11 16:42:53,157 - INFO -   early_stop_patience: 3
2026-02-11 16:42:53,157 - INFO -   enable_module1: True
2026-02-11 16:42:53,157 - INFO -   enable_module2: True
2026-02-11 16:42:53,158 - INFO -   enable_module3: False
2026-02-11 16:42:53,158 - INFO -   enable_soft_prototype: False
2026-02-11 16:42:53,158 - INFO -   epochs: 100
2026-02-11 16:42:53,158 - INFO -   exercise_dim: 64
2026-02-11 16:42:53,158 - INFO -   exercise_l2_lambda: 5e-05
2026-02-11 16:42:53,158 - INFO -   fusion_gate_bias_init: -1.1
2026-02-11 16:42:53,158 - INFO -   fusion_gate_max: 1.0
2026-02-11 16:42:53,158 - INFO -   generate_diagnosis: False
2026-02-11 16:42:53,158 - INFO -   gnn_residual_weight: 0.5
2026-02-11 16:42:53,158 - INFO -   gpu_candidates: None
2026-02-11 16:42:53,158 - INFO -   gpu_ids: None
2026-02-11 16:42:53,158 - INFO -   gpu_memory_threshold: 2000
2026-02-11 16:42:53,158 - INFO -   gpus: None
2026-02-11 16:42:53,158 - INFO -   graph_topk: None
2026-02-11 16:42:53,158 - INFO -   knowledge_dim: 64
2026-02-11 16:42:53,158 - INFO -   lambda_alpha: 0.01
2026-02-11 16:42:53,158 - INFO -   lambda_proto_div: 0.0
2026-02-11 16:42:53,158 - INFO -   lambda_proto_usage: 0.0
2026-02-11 16:42:53,158 - INFO -   lambda_sparse: 1.0
2026-02-11 16:42:53,158 - INFO -   lambda_sparse_personal: 0.005
2026-02-11 16:42:53,158 - INFO -   learning_rate: 0.0003
2026-02-11 16:42:53,158 - INFO -   log_dir: logs/assist_09_ablation_no_module3_seed42
2026-02-11 16:42:53,158 - INFO -   min_exer_interactions: 0
2026-02-11 16:42:53,158 - INFO -   min_poison_count: 0
2026-02-11 16:42:53,158 - INFO -   min_stu_interactions: 15
2026-02-11 16:42:53,158 - INFO -   model_variant: gpd_base_no_module3
2026-02-11 16:42:53,158 - INFO -   multi_gpu: False
2026-02-11 16:42:53,158 - INFO -   no_cuda: False
2026-02-11 16:42:53,158 - INFO -   num_gnn_layers: 1
2026-02-11 16:42:53,158 - INFO -   num_gpus: 1
2026-02-11 16:42:53,159 - INFO -   num_prototypes: 0
2026-02-11 16:42:53,159 - INFO -   num_relation_heads: 2
2026-02-11 16:42:53,159 - INFO -   num_workers: 4
2026-02-11 16:42:53,159 - INFO -   patience: 5
2026-02-11 16:42:53,159 - INFO -   personal_rank: 4
2026-02-11 16:42:53,159 - INFO -   proto_lambda: 0.0
2026-02-11 16:42:53,159 - INFO -   proto_tau: 1.0
2026-02-11 16:42:53,159 - INFO -   residual_clip_t: 2.0
2026-02-11 16:42:53,159 - INFO -   residual_scale_init: 0.1
2026-02-11 16:42:53,159 - INFO -   save_dir: checkpoints/assist_09_ablation_no_module3_seed42
2026-02-11 16:42:53,159 - INFO -   save_interval: 10
2026-02-11 16:42:53,159 - INFO -   seed: 42
2026-02-11 16:42:53,159 - INFO -   skill_dim: 128
2026-02-11 16:42:53,159 - INFO -   use_concept_graph: True
2026-02-11 16:42:53,159 - INFO -   use_exercise_graph: True
2026-02-11 16:42:53,159 - INFO -   use_mf_branch: False
2026-02-11 16:42:53,159 - INFO -   use_personal_graph: True
2026-02-11 16:42:53,159 - INFO -   use_q_aligned_residual: True
2026-02-11 16:42:53,159 - INFO -   use_q_conditioning: True
2026-02-11 16:42:53,159 - INFO -   use_skill_encoder: False
2026-02-11 16:42:53,159 - INFO -   use_soft_prototype: False
2026-02-11 16:42:53,159 - INFO -   use_soft_prototype_main_path: False
2026-02-11 16:42:53,159 - INFO -   weight_decay: 1e-05
2026-02-11 16:42:53,258 - INFO - Using device: cuda:0 (physical gpu 3)
2026-02-11 16:42:53,258 - INFO - [assist_09|gpd_base_no_module3|lr=0.0003|drop=0.20] Loading datasets...
2026-02-11 16:42:53,258 - INFO - [assist_09|gpd_base_no_module3|lr=0.0003|drop=0.20] Regularization: graph_entropy(lambda_sparse)=1.000000, proto_div=0.000000, proto_usage=0.000000, personal_sparse=0.005000, alpha_penalty=0.010000, mf_l2(exercise_l2_lambda)=0.000050
2026-02-11 16:42:53,366 - INFO - [数据清洗] 学生交互次数 < 15 次的学生：共移除 0 个学生（仅统计用户数）
2026-02-11 16:42:53,378 - INFO - [数据清洗] 学生冷启动过滤：在 train/valid/test 中共删除 0 条记录。
2026-02-11 16:42:53,378 - INFO - [数据清洗] 跳过题目冷门过滤（min_exer_interactions <= 0）。
2026-02-11 16:42:53,378 - INFO - [数据清洗] 跳过毒题清洗（min_poison_count <= 0）。
2026-02-11 16:43:05,592 - INFO - [assist_09|gpd_base_no_module3|lr=0.0003|drop=0.20] Train samples: 194489, Val samples: 20385
2026-02-11 16:43:05,592 - INFO - [assist_09|gpd_base_no_module3|lr=0.0003|drop=0.20] Number of students: 2493
2026-02-11 16:43:05,592 - INFO - [assist_09|gpd_base_no_module3|lr=0.0003|drop=0.20] Number of exercises: 17676
2026-02-11 16:43:05,592 - INFO - [assist_09|gpd_base_no_module3|lr=0.0003|drop=0.20] Number of concepts: 123
2026-02-11 16:43:05,592 - INFO - [assist_09|gpd_base_no_module3|lr=0.0003|drop=0.20] Creating model...
2026-02-11 16:43:05,593 - INFO - [assist_09|gpd_base_no_module3|lr=0.0003|drop=0.20] Ablation switches: ablate_module1=False, ablate_module2=False, ablate_module3=True | enable_module1=True, enable_module2=True, enable_module3=False | use_soft_prototype=False, use_mf_branch=False, use_concept_graph=True, use_q_aligned_residual=True, use_soft_prototype_main_path=False | effective(num_gnn_layers=1, num_prototypes=0)
2026-02-11 16:43:05,709 - INFO - [assist_09|gpd_base_no_module3|lr=0.0003|drop=0.20] Ablation runtime check: args(ablate_module1=False,ablate_module2=False,ablate_module3=True) | model(enable_module1=True,enable_module2=True,enable_module3=False) | physical(has_knowledge_encoder=True,has_mf_branch=False,has_soft_prototype=False)
2026-02-11 16:43:05,709 - INFO - [assist_09|gpd_base_no_module3|lr=0.0003|drop=0.20] [Module3 Init] fusion_gate_bias=0.0000, fusion_gate_max=0.0000, implied_gate=0.0000, q_gate=0.0000, mf_scale=0.0000, bias_scale=0.0000
2026-02-11 16:43:05,709 - INFO - [assist_09|gpd_base_no_module3|lr=0.0003|drop=0.20] Total parameters: 292,959
2026-02-11 16:43:05,709 - INFO - [assist_09|gpd_base_no_module3|lr=0.0003|drop=0.20] Trainable parameters: 292,959
2026-02-11 16:43:06,652 - INFO - [assist_09|gpd_base_no_module3|lr=0.0003|drop=0.20] Starting training...
2026-02-11 16:43:31,544 - INFO - [assist_09|gpd_base_no_module3|lr=0.0003|drop=0.20] Epoch [001/100] | Train: Loss=0.6033, BCE=0.5885, Reg=0.0148, AUC=0.6890, ACC=0.6934, RMSE=0.4485 | Val: Loss=0.6222, BCE=0.5680, Reg=0.0542, AUC=0.7285, ACC=0.7096, RMSE=0.4386
2026-02-11 16:43:31,544 - INFO - [assist_09|gpd_base_no_module3|lr=0.0003|drop=0.20] [Reg Terms] Epoch [001] | Train: graph_entropy=0.003415, mf_l2=0.000000, proto_div=0.000000, proto_usage=0.000000, personal_sparse=0.012754, alpha_var=-0.001771, reg_bce_ratio=0.0252 | Val: graph_entropy=0.050000, mf_l2=0.000000, proto_div=0.000000, proto_usage=0.000000, personal_sparse=0.005222, alpha_var=-0.001383, reg_bce_ratio=0.0955
2026-02-11 16:43:31,858 - INFO - [assist_09|gpd_base_no_module3|lr=0.0003|drop=0.20] -> New best AUC=0.7285 at epoch 1
2026-02-11 16:43:57,453 - INFO - [assist_09|gpd_base_no_module3|lr=0.0003|drop=0.20] Epoch [002/100] | Train: Loss=0.5545, BCE=0.5489, Reg=0.0057, AUC=0.7479, ACC=0.7241, RMSE=0.4294 | Val: Loss=0.6147, BCE=0.5622, Reg=0.0524, AUC=0.7360, ACC=0.7161, RMSE=0.4360
2026-02-11 16:43:57,453 - INFO - [assist_09|gpd_base_no_module3|lr=0.0003|drop=0.20] [Reg Terms] Epoch [002] | Train: graph_entropy=0.003379, mf_l2=0.000000, proto_div=0.000000, proto_usage=0.000000, personal_sparse=0.004242, alpha_var=-0.002353, reg_bce_ratio=0.0103 | Val: graph_entropy=0.050000, mf_l2=0.000000, proto_div=0.000000, proto_usage=0.000000, personal_sparse=0.003493, alpha_var=-0.001471, reg_bce_ratio=0.0933
2026-02-11 16:43:57,759 - INFO - [assist_09|gpd_base_no_module3|lr=0.0003|drop=0.20] -> New best AUC=0.7360 at epoch 2
2026-02-11 16:44:24,944 - INFO - [assist_09|gpd_base_no_module3|lr=0.0003|drop=0.20] Epoch [003/100] | Train: Loss=0.5400, BCE=0.5355, Reg=0.0045, AUC=0.7636, ACC=0.7326, RMSE=0.4233 | Val: Loss=0.6122, BCE=0.5607, Reg=0.0515, AUC=0.7395, ACC=0.7154, RMSE=0.4354
2026-02-11 16:44:24,944 - INFO - [assist_09|gpd_base_no_module3|lr=0.0003|drop=0.20] [Reg Terms] Epoch [003] | Train: graph_entropy=0.003429, mf_l2=0.000000, proto_div=0.000000, proto_usage=0.000000, personal_sparse=0.003020, alpha_var=-0.002403, reg_bce_ratio=0.0083 | Val: graph_entropy=0.050000, mf_l2=0.000000, proto_div=0.000000, proto_usage=0.000000, personal_sparse=0.002558, alpha_var=-0.001490, reg_bce_ratio=0.0918
2026-02-11 16:44:25,272 - INFO - [assist_09|gpd_base_no_module3|lr=0.0003|drop=0.20] -> New best AUC=0.7395 at epoch 3
2026-02-11 16:44:51,438 - INFO - [assist_09|gpd_base_no_module3|lr=0.0003|drop=0.20] Epoch [004/100] | Train: Loss=0.5300, BCE=0.5263, Reg=0.0038, AUC=0.7743, ACC=0.7373, RMSE=0.4193 | Val: Loss=0.6077, BCE=0.5567, Reg=0.0509, AUC=0.7427, ACC=0.7177, RMSE=0.4337
2026-02-11 16:44:51,439 - INFO - [assist_09|gpd_base_no_module3|lr=0.0003|drop=0.20] [Reg Terms] Epoch [004] | Train: graph_entropy=0.003397, mf_l2=0.000000, proto_div=0.000000, proto_usage=0.000000, personal_sparse=0.002384, alpha_var=-0.002420, reg_bce_ratio=0.0072 | Val: graph_entropy=0.050000, mf_l2=0.000000, proto_div=0.000000, proto_usage=0.000000, personal_sparse=0.002023, alpha_var=-0.001505, reg_bce_ratio=0.0915
2026-02-11 16:44:51,744 - INFO - [assist_09|gpd_base_no_module3|lr=0.0003|drop=0.20] -> New best AUC=0.7427 at epoch 4
2026-02-11 16:45:16,450 - INFO - [assist_09|gpd_base_no_module3|lr=0.0003|drop=0.20] Epoch [005/100] | Train: Loss=0.5216, BCE=0.5182, Reg=0.0034, AUC=0.7831, ACC=0.7417, RMSE=0.4157 | Val: Loss=0.6076, BCE=0.5570, Reg=0.0506, AUC=0.7435, ACC=0.7182, RMSE=0.4336
2026-02-11 16:45:16,450 - INFO - [assist_09|gpd_base_no_module3|lr=0.0003|drop=0.20] [Reg Terms] Epoch [005] | Train: graph_entropy=0.003424, mf_l2=0.000000, proto_div=0.000000, proto_usage=0.000000, personal_sparse=0.001958, alpha_var=-0.002422, reg_bce_ratio=0.0065 | Val: graph_entropy=0.050000, mf_l2=0.000000, proto_div=0.000000, proto_usage=0.000000, personal_sparse=0.001743, alpha_var=-0.001509, reg_bce_ratio=0.0909
2026-02-11 16:45:16,809 - INFO - [assist_09|gpd_base_no_module3|lr=0.0003|drop=0.20] -> New best AUC=0.7435 at epoch 5
2026-02-11 16:45:41,623 - INFO - [assist_09|gpd_base_no_module3|lr=0.0003|drop=0.20] Epoch [006/100] | Train: Loss=0.5146, BCE=0.5116, Reg=0.0030, AUC=0.7906, ACC=0.7446, RMSE=0.4128 | Val: Loss=0.6062, BCE=0.5559, Reg=0.0504, AUC=0.7447, ACC=0.7206, RMSE=0.4329
2026-02-11 16:45:41,624 - INFO - [assist_09|gpd_base_no_module3|lr=0.0003|drop=0.20] [Reg Terms] Epoch [006] | Train: graph_entropy=0.003402, mf_l2=0.000001, proto_div=0.000000, proto_usage=0.000000, personal_sparse=0.001636, alpha_var=-0.002432, reg_bce_ratio=0.0059 | Val: graph_entropy=0.050000, mf_l2=0.000001, proto_div=0.000000, proto_usage=0.000000, personal_sparse=0.001468, alpha_var=-0.001504, reg_bce_ratio=0.0906
2026-02-11 16:45:41,961 - INFO - [assist_09|gpd_base_no_module3|lr=0.0003|drop=0.20] -> New best AUC=0.7447 at epoch 6
2026-02-11 16:46:07,376 - INFO - [assist_09|gpd_base_no_module3|lr=0.0003|drop=0.20] Epoch [007/100] | Train: Loss=0.5085, BCE=0.5056, Reg=0.0028, AUC=0.7968, ACC=0.7476, RMSE=0.4102 | Val: Loss=0.6078, BCE=0.5576, Reg=0.0502, AUC=0.7455, ACC=0.7196, RMSE=0.4334
2026-02-11 16:46:07,377 - INFO - [assist_09|gpd_base_no_module3|lr=0.0003|drop=0.20] [Reg Terms] Epoch [007] | Train: graph_entropy=0.003430, mf_l2=0.000001, proto_div=0.000000, proto_usage=0.000000, personal_sparse=0.001447, alpha_var=-0.002437, reg_bce_ratio=0.0056 | Val: graph_entropy=0.050000, mf_l2=0.000001, proto_div=0.000000, proto_usage=0.000000, personal_sparse=0.001345, alpha_var=-0.001524, reg_bce_ratio=0.0901
2026-02-11 16:46:07,702 - INFO - [assist_09|gpd_base_no_module3|lr=0.0003|drop=0.20] -> New best AUC=0.7455 at epoch 7
2026-02-11 16:46:35,525 - INFO - [assist_09|gpd_base_no_module3|lr=0.0003|drop=0.20] Epoch [008/100] | Train: Loss=0.5033, BCE=0.5006, Reg=0.0027, AUC=0.8019, ACC=0.7499, RMSE=0.4080 | Val: Loss=0.6070, BCE=0.5569, Reg=0.0501, AUC=0.7460, ACC=0.7199, RMSE=0.4331
2026-02-11 16:46:35,526 - INFO - [assist_09|gpd_base_no_module3|lr=0.0003|drop=0.20] [Reg Terms] Epoch [008] | Train: graph_entropy=0.003415, mf_l2=0.000001, proto_div=0.000000, proto_usage=0.000000, personal_sparse=0.001312, alpha_var=-0.002443, reg_bce_ratio=0.0054 | Val: graph_entropy=0.050000, mf_l2=0.000001, proto_div=0.000000, proto_usage=0.000000, personal_sparse=0.001208, alpha_var=-0.001510, reg_bce_ratio=0.0900
2026-02-11 16:46:35,807 - INFO - [assist_09|gpd_base_no_module3|lr=0.0003|drop=0.20] -> New best AUC=0.7460 at epoch 8
2026-02-11 16:47:02,780 - INFO - [assist_09|gpd_base_no_module3|lr=0.0003|drop=0.20] Epoch [009/100] | Train: Loss=0.4986, BCE=0.4960, Reg=0.0026, AUC=0.8064, ACC=0.7516, RMSE=0.4061 | Val: Loss=0.6073, BCE=0.5573, Reg=0.0500, AUC=0.7465, ACC=0.7211, RMSE=0.4329
2026-02-11 16:47:02,780 - INFO - [assist_09|gpd_base_no_module3|lr=0.0003|drop=0.20] [Reg Terms] Epoch [009] | Train: graph_entropy=0.003427, mf_l2=0.000001, proto_div=0.000000, proto_usage=0.000000, personal_sparse=0.001189, alpha_var=-0.002444, reg_bce_ratio=0.0052 | Val: graph_entropy=0.050000, mf_l2=0.000001, proto_div=0.000000, proto_usage=0.000000, personal_sparse=0.001106, alpha_var=-0.001500, reg_bce_ratio=0.0897
2026-02-11 16:47:03,095 - INFO - [assist_09|gpd_base_no_module3|lr=0.0003|drop=0.20] -> New best AUC=0.7465 at epoch 9
2026-02-11 16:47:30,449 - INFO - [assist_09|gpd_base_no_module3|lr=0.0003|drop=0.20] Epoch [010/100] | Train: Loss=0.4941, BCE=0.4917, Reg=0.0025, AUC=0.8105, ACC=0.7534, RMSE=0.4042 | Val: Loss=0.6086, BCE=0.5587, Reg=0.0499, AUC=0.7468, ACC=0.7203, RMSE=0.4333
2026-02-11 16:47:30,449 - INFO - [assist_09|gpd_base_no_module3|lr=0.0003|drop=0.20] [Reg Terms] Epoch [010] | Train: graph_entropy=0.003422, mf_l2=0.000001, proto_div=0.000000, proto_usage=0.000000, personal_sparse=0.001107, alpha_var=-0.002449, reg_bce_ratio=0.0051 | Val: graph_entropy=0.050000, mf_l2=0.000002, proto_div=0.000000, proto_usage=0.000000, personal_sparse=0.001046, alpha_var=-0.001515, reg_bce_ratio=0.0894
2026-02-11 16:47:30,731 - INFO - [assist_09|gpd_base_no_module3|lr=0.0003|drop=0.20] -> New best AUC=0.7468 at epoch 10
2026-02-11 16:47:30,815 - INFO - [assist_09|gpd_base_no_module3|lr=0.0003|drop=0.20] Checkpoint saved: checkpoints/assist_09_ablation_no_module3_seed42/checkpoint_epoch_10.pth
2026-02-11 16:47:31,001 - INFO - [assist_09|gpd_base_no_module3|lr=0.0003|drop=0.20] [Module Activity] Epoch 10: Graph✗ Personal✓ MF✗
2026-02-11 16:47:59,965 - INFO - [assist_09|gpd_base_no_module3|lr=0.0003|drop=0.20] Epoch [011/100] | Train: Loss=0.4903, BCE=0.4879, Reg=0.0024, AUC=0.8140, ACC=0.7555, RMSE=0.4026 | Val: Loss=0.6053, BCE=0.5555, Reg=0.0499, AUC=0.7489, ACC=0.7209, RMSE=0.4320
2026-02-11 16:47:59,965 - INFO - [assist_09|gpd_base_no_module3|lr=0.0003|drop=0.20] [Reg Terms] Epoch [011] | Train: graph_entropy=0.003434, mf_l2=0.000002, proto_div=0.000000, proto_usage=0.000000, personal_sparse=0.001038, alpha_var=-0.002449, reg_bce_ratio=0.0050 | Val: graph_entropy=0.050000, mf_l2=0.000002, proto_div=0.000000, proto_usage=0.000000, personal_sparse=0.000960, alpha_var=-0.001515, reg_bce_ratio=0.0898
2026-02-11 16:48:00,275 - INFO - [assist_09|gpd_base_no_module3|lr=0.0003|drop=0.20] -> New best AUC=0.7489 at epoch 11
2026-02-11 16:48:27,968 - INFO - [assist_09|gpd_base_no_module3|lr=0.0003|drop=0.20] Epoch [012/100] | Train: Loss=0.4866, BCE=0.4842, Reg=0.0024, AUC=0.8176, ACC=0.7567, RMSE=0.4010 | Val: Loss=0.6089, BCE=0.5591, Reg=0.0498, AUC=0.7491, ACC=0.7223, RMSE=0.4332
2026-02-11 16:48:27,969 - INFO - [assist_09|gpd_base_no_module3|lr=0.0003|drop=0.20] [Reg Terms] Epoch [012] | Train: graph_entropy=0.003452, mf_l2=0.000002, proto_div=0.000000, proto_usage=0.000000, personal_sparse=0.000960, alpha_var=-0.002449, reg_bce_ratio=0.0049 | Val: graph_entropy=0.050000, mf_l2=0.000002, proto_div=0.000000, proto_usage=0.000000, personal_sparse=0.000903, alpha_var=-0.001509, reg_bce_ratio=0.0891
2026-02-11 16:48:28,313 - INFO - [assist_09|gpd_base_no_module3|lr=0.0003|drop=0.20] -> New best AUC=0.7491 at epoch 12
2026-02-11 16:48:54,511 - INFO - [assist_09|gpd_base_no_module3|lr=0.0003|drop=0.20] Epoch [013/100] | Train: Loss=0.4838, BCE=0.4815, Reg=0.0023, AUC=0.8201, ACC=0.7583, RMSE=0.3999 | Val: Loss=0.6063, BCE=0.5566, Reg=0.0497, AUC=0.7503, ACC=0.7221, RMSE=0.4318
2026-02-11 16:48:54,511 - INFO - [assist_09|gpd_base_no_module3|lr=0.0003|drop=0.20] [Reg Terms] Epoch [013] | Train: graph_entropy=0.003412, mf_l2=0.000002, proto_div=0.000000, proto_usage=0.000000, personal_sparse=0.000901, alpha_var=-0.002445, reg_bce_ratio=0.0047 | Val: graph_entropy=0.050000, mf_l2=0.000002, proto_div=0.000000, proto_usage=0.000000, personal_sparse=0.000826, alpha_var=-0.001498, reg_bce_ratio=0.0894
2026-02-11 16:48:54,813 - INFO - [assist_09|gpd_base_no_module3|lr=0.0003|drop=0.20] -> New best AUC=0.7503 at epoch 13
2026-02-11 16:49:23,970 - INFO - [assist_09|gpd_base_no_module3|lr=0.0003|drop=0.20] Epoch [014/100] | Train: Loss=0.4786, BCE=0.4784, Reg=0.0002, AUC=0.8229, ACC=0.7596, RMSE=0.3985 | Val: Loss=0.6002, BCE=0.5554, Reg=0.0448, AUC=0.7507, ACC=0.7241, RMSE=0.4313
2026-02-11 16:49:23,970 - INFO - [assist_09|gpd_base_no_module3|lr=0.0003|drop=0.20] [Reg Terms] Epoch [014] | Train: graph_entropy=0.001371, mf_l2=0.000002, proto_div=0.000000, proto_usage=0.000000, personal_sparse=0.000855, alpha_var=-0.002447, reg_bce_ratio=0.0003 | Val: graph_entropy=0.045161, mf_l2=0.000003, proto_div=0.000000, proto_usage=0.000000, personal_sparse=0.000778, alpha_var=-0.001511, reg_bce_ratio=0.0807
2026-02-11 16:49:24,303 - INFO - [assist_09|gpd_base_no_module3|lr=0.0003|drop=0.20] -> New best AUC=0.7507 at epoch 14
2026-02-11 16:49:52,162 - INFO - [assist_09|gpd_base_no_module3|lr=0.0003|drop=0.20] Epoch [015/100] | Train: Loss=0.4746, BCE=0.4759, Reg=-0.0013, AUC=0.8251, ACC=0.7607, RMSE=0.3974 | Val: Loss=0.6024, BCE=0.5573, Reg=0.0451, AUC=0.7510, ACC=0.7230, RMSE=0.4317
2026-02-11 16:49:52,162 - INFO - [assist_09|gpd_base_no_module3|lr=0.0003|drop=0.20] [Reg Terms] Epoch [015] | Train: graph_entropy=0.000005, mf_l2=0.000003, proto_div=0.000000, proto_usage=0.000000, personal_sparse=0.000796, alpha_var=-0.002451, reg_bce_ratio=-0.0027 | Val: graph_entropy=0.045501, mf_l2=0.000003, proto_div=0.000000, proto_usage=0.000000, personal_sparse=0.000754, alpha_var=-0.001520, reg_bce_ratio=0.0809
2026-02-11 16:49:52,511 - INFO - [assist_09|gpd_base_no_module3|lr=0.0003|drop=0.20] -> New best AUC=0.7510 at epoch 15
2026-02-11 16:50:20,772 - INFO - [assist_09|gpd_base_no_module3|lr=0.0003|drop=0.20] Epoch [016/100] | Train: Loss=0.4724, BCE=0.4737, Reg=-0.0013, AUC=0.8269, ACC=0.7614, RMSE=0.3965 | Val: Loss=0.6010, BCE=0.5563, Reg=0.0447, AUC=0.7509, ACC=0.7247, RMSE=0.4312
2026-02-11 16:50:20,772 - INFO - [assist_09|gpd_base_no_module3|lr=0.0003|drop=0.20] [Reg Terms] Epoch [016] | Train: graph_entropy=0.000005, mf_l2=0.000003, proto_div=0.000000, proto_usage=0.000000, personal_sparse=0.000765, alpha_var=-0.002450, reg_bce_ratio=-0.0028 | Val: graph_entropy=0.045145, mf_l2=0.000003, proto_div=0.000000, proto_usage=0.000000, personal_sparse=0.000711, alpha_var=-0.001501, reg_bce_ratio=0.0804
2026-02-11 16:50:20,772 - INFO - [assist_09|gpd_base_no_module3|lr=0.0003|drop=0.20] -> No improvement 1 epoch(s) (best AUC=0.7510 @ 15)
2026-02-11 16:50:47,490 - INFO - [assist_09|gpd_base_no_module3|lr=0.0003|drop=0.20] Epoch [017/100] | Train: Loss=0.4695, BCE=0.4708, Reg=-0.0013, AUC=0.8295, ACC=0.7633, RMSE=0.3952 | Val: Loss=0.6035, BCE=0.5584, Reg=0.0452, AUC=0.7511, ACC=0.7242, RMSE=0.4318
2026-02-11 16:50:47,490 - INFO - [assist_09|gpd_base_no_module3|lr=0.0003|drop=0.20] [Reg Terms] Epoch [017] | Train: graph_entropy=0.000003, mf_l2=0.000003, proto_div=0.000000, proto_usage=0.000000, personal_sparse=0.000728, alpha_var=-0.002445, reg_bce_ratio=-0.0029 | Val: graph_entropy=0.045635, mf_l2=0.000003, proto_div=0.000000, proto_usage=0.000000, personal_sparse=0.000682, alpha_var=-0.001501, reg_bce_ratio=0.0809
2026-02-11 16:50:47,823 - INFO - [assist_09|gpd_base_no_module3|lr=0.0003|drop=0.20] -> New best AUC=0.7511 at epoch 17
2026-02-11 16:51:12,708 - INFO - [assist_09|gpd_base_no_module3|lr=0.0003|drop=0.20] Epoch [018/100] | Train: Loss=0.4673, BCE=0.4687, Reg=-0.0014, AUC=0.8314, ACC=0.7638, RMSE=0.3943 | Val: Loss=0.6027, BCE=0.5592, Reg=0.0435, AUC=0.7513, ACC=0.7236, RMSE=0.4318
2026-02-11 16:51:12,709 - INFO - [assist_09|gpd_base_no_module3|lr=0.0003|drop=0.20] [Reg Terms] Epoch [018] | Train: graph_entropy=0.000002, mf_l2=0.000003, proto_div=0.000000, proto_usage=0.000000, personal_sparse=0.000691, alpha_var=-0.002444, reg_bce_ratio=-0.0029 | Val: graph_entropy=0.044037, mf_l2=0.000004, proto_div=0.000000, proto_usage=0.000000, personal_sparse=0.000648, alpha_var=-0.001510, reg_bce_ratio=0.0779
2026-02-11 16:51:13,017 - INFO - [assist_09|gpd_base_no_module3|lr=0.0003|drop=0.20] -> New best AUC=0.7513 at epoch 18
2026-02-11 16:51:41,268 - INFO - [assist_09|gpd_base_no_module3|lr=0.0003|drop=0.20] Epoch [019/100] | Train: Loss=0.4643, BCE=0.4657, Reg=-0.0014, AUC=0.8337, ACC=0.7664, RMSE=0.3930 | Val: Loss=0.6025, BCE=0.5582, Reg=0.0443, AUC=0.7517, ACC=0.7245, RMSE=0.4315
2026-02-11 16:51:41,269 - INFO - [assist_09|gpd_base_no_module3|lr=0.0003|drop=0.20] [Reg Terms] Epoch [019] | Train: graph_entropy=0.000001, mf_l2=0.000004, proto_div=0.000000, proto_usage=0.000000, personal_sparse=0.000660, alpha_var=-0.002450, reg_bce_ratio=-0.0030 | Val: graph_entropy=0.044798, mf_l2=0.000004, proto_div=0.000000, proto_usage=0.000000, personal_sparse=0.000617, alpha_var=-0.001525, reg_bce_ratio=0.0793
2026-02-11 16:51:41,572 - INFO - [assist_09|gpd_base_no_module3|lr=0.0003|drop=0.20] -> New best AUC=0.7517 at epoch 19
2026-02-11 16:52:09,288 - INFO - [assist_09|gpd_base_no_module3|lr=0.0003|drop=0.20] Epoch [020/100] | Train: Loss=0.4634, BCE=0.4648, Reg=-0.0014, AUC=0.8347, ACC=0.7651, RMSE=0.3926 | Val: Loss=0.6031, BCE=0.5581, Reg=0.0450, AUC=0.7529, ACC=0.7259, RMSE=0.4312
2026-02-11 16:52:09,288 - INFO - [assist_09|gpd_base_no_module3|lr=0.0003|drop=0.20] [Reg Terms] Epoch [020] | Train: graph_entropy=0.000003, mf_l2=0.000004, proto_div=0.000000, proto_usage=0.000000, personal_sparse=0.000639, alpha_var=-0.002450, reg_bce_ratio=-0.0031 | Val: graph_entropy=0.045496, mf_l2=0.000004, proto_div=0.000000, proto_usage=0.000000, personal_sparse=0.000619, alpha_var=-0.001515, reg_bce_ratio=0.0806
2026-02-11 16:52:09,589 - INFO - [assist_09|gpd_base_no_module3|lr=0.0003|drop=0.20] -> New best AUC=0.7529 at epoch 20
2026-02-11 16:52:09,678 - INFO - [assist_09|gpd_base_no_module3|lr=0.0003|drop=0.20] Checkpoint saved: checkpoints/assist_09_ablation_no_module3_seed42/checkpoint_epoch_20.pth
2026-02-11 16:52:09,878 - INFO - [assist_09|gpd_base_no_module3|lr=0.0003|drop=0.20] [Module Activity] Epoch 20: Graph✗ Personal✓ MF✗
2026-02-11 16:52:36,924 - INFO - [assist_09|gpd_base_no_module3|lr=0.0003|drop=0.20] Epoch [021/100] | Train: Loss=0.4568, BCE=0.4583, Reg=-0.0015, AUC=0.8404, ACC=0.7689, RMSE=0.3896 | Val: Loss=0.6045, BCE=0.5612, Reg=0.0433, AUC=0.7525, ACC=0.7256, RMSE=0.4319
2026-02-11 16:52:36,924 - INFO - [assist_09|gpd_base_no_module3|lr=0.0003|drop=0.20] [Reg Terms] Epoch [021] | Train: graph_entropy=0.000003, mf_l2=0.000004, proto_div=0.000000, proto_usage=0.000000, personal_sparse=0.000600, alpha_var=-0.002452, reg_bce_ratio=-0.0032 | Val: graph_entropy=0.043907, mf_l2=0.000004, proto_div=0.000000, proto_usage=0.000000, personal_sparse=0.000553, alpha_var=-0.001522, reg_bce_ratio=0.0772
2026-02-11 16:52:36,925 - INFO - [assist_09|gpd_base_no_module3|lr=0.0003|drop=0.20] -> No improvement 1 epoch(s) (best AUC=0.7529 @ 20)
2026-02-11 16:53:03,749 - INFO - [assist_09|gpd_base_no_module3|lr=0.0003|drop=0.20] Epoch [022/100] | Train: Loss=0.4554, BCE=0.4569, Reg=-0.0015, AUC=0.8414, ACC=0.7695, RMSE=0.3891 | Val: Loss=0.6069, BCE=0.5624, Reg=0.0445, AUC=0.7526, ACC=0.7262, RMSE=0.4319
2026-02-11 16:53:03,749 - INFO - [assist_09|gpd_base_no_module3|lr=0.0003|drop=0.20] [Reg Terms] Epoch [022] | Train: graph_entropy=0.000001, mf_l2=0.000004, proto_div=0.000000, proto_usage=0.000000, personal_sparse=0.000556, alpha_var=-0.002450, reg_bce_ratio=-0.0033 | Val: graph_entropy=0.045162, mf_l2=0.000004, proto_div=0.000000, proto_usage=0.000000, personal_sparse=0.000521, alpha_var=-0.001521, reg_bce_ratio=0.0792
2026-02-11 16:53:03,749 - INFO - [assist_09|gpd_base_no_module3|lr=0.0003|drop=0.20] -> No improvement 2 epoch(s) (best AUC=0.7529 @ 20)
2026-02-11 16:53:28,713 - INFO - [assist_09|gpd_base_no_module3|lr=0.0003|drop=0.20] Epoch [023/100] | Train: Loss=0.4547, BCE=0.4562, Reg=-0.0015, AUC=0.8416, ACC=0.7700, RMSE=0.3888 | Val: Loss=0.6074, BCE=0.5630, Reg=0.0444, AUC=0.7527, ACC=0.7259, RMSE=0.4321
2026-02-11 16:53:28,714 - INFO - [assist_09|gpd_base_no_module3|lr=0.0003|drop=0.20] [Reg Terms] Epoch [023] | Train: graph_entropy=0.000002, mf_l2=0.000004, proto_div=0.000000, proto_usage=0.000000, personal_sparse=0.000531, alpha_var=-0.002450, reg_bce_ratio=-0.0034 | Val: graph_entropy=0.045021, mf_l2=0.000004, proto_div=0.000000, proto_usage=0.000000, personal_sparse=0.000499, alpha_var=-0.001524, reg_bce_ratio=0.0788
2026-02-11 16:53:28,714 - INFO - [assist_09|gpd_base_no_module3|lr=0.0003|drop=0.20] -> No improvement 3 epoch(s) (best AUC=0.7529 @ 20)
2026-02-11 16:53:28,714 - INFO - [assist_09|gpd_base_no_module3|lr=0.0003|drop=0.20] Early stopping at epoch 23 (best AUC=0.7529 @ 20)
2026-02-11 16:53:28,721 - INFO - Epoch-wise metrics saved to checkpoints/assist_09_ablation_no_module3_seed42/metrics_history.csv
2026-02-11 16:53:28,723 - INFO - [assist_09|gpd_base_no_module3|lr=0.0003|drop=0.20] Training completed! Best Val AUC=0.7529 @ epoch 20
2026-02-11 16:53:28,978 - INFO - 
============================================================
         MODULE ACTIVITY REPORT
============================================================
Dataset: assist_09 | Seed: 42 | Epoch: 23

1. Soft Prototype Module:
   - Status: DISABLED (num_prototypes=0 or use_soft_prototype=False)

2. Concept Graph Module:
   - Mean row entropy: 4.788 / 4.812
   - Entropy ratio: 99.5%
   - Status: ✗ TRIVIAL (uniform distribution, not learning)
   → Consider: increase lambda_sparse or training longer

3. Personal Graph Module:
   - Gate alpha mean: 0.328
   - Gate alpha std: 0.467
   - Status: ✓ ACTIVE (using personalization)

4. Skill/MF Module:
   - MF logit |mean|: 0.0000
   - MF logit std: 0.0000
   - Fusion gate mean: 0.000
   - Status: ✗ INACTIVE (near-zero contribution)
   → Consider: check skill_dim or learning_rate

------------------------------------------------------------
SUMMARY:
   Active modules: Personal Graph
   ⚠ Inactive modules: Concept Graph, Skill/MF
============================================================
2026-02-11 16:53:28,979 - INFO - [assist_09|gpd_base_no_module3|lr=0.0003|drop=0.20] Module activity saved to checkpoints/assist_09_ablation_no_module3_seed42/module_activity.json
2026-02-11 16:53:29,054 - INFO - Using device: cuda:0 (physical gpu 3)
2026-02-11 16:53:29,054 - INFO - Loading model from checkpoints/assist_09_ablation_no_module3_seed42/best_model.pth...
2026-02-11 16:53:29,557 - INFO - Inference switches: ablate_module1=False, ablate_module2=False, ablate_module3=True | enable_module1=True, enable_module2=True, enable_module3=False | use_soft_prototype=False, use_mf_branch=False, use_concept_graph=True, use_q_aligned_residual=True, use_soft_prototype_main_path=False | effective(num_gnn_layers=1, num_prototypes=0)
2026-02-11 16:53:29,566 - INFO - [Inference] Ablation runtime check: args(ablate_module1=False,ablate_module2=False,ablate_module3=True) | model(enable_module1=True,enable_module2=True,enable_module3=False) | physical(has_knowledge_encoder=True,has_mf_branch=False,has_soft_prototype=False)
2026-02-11 16:53:29,566 - INFO - [Inference] [Module3 Init] fusion_gate_bias=0.0000, fusion_gate_max=0.0000, implied_gate=0.0000, q_gate=0.0000, mf_scale=0.0000, bias_scale=0.0000
2026-02-11 16:53:29,567 - INFO - Model loaded from epoch 20. Start testing...
2026-02-11 16:53:30,459 - INFO - [Test] 200/411 batches done, samples=25600
2026-02-11 16:53:31,335 - INFO - [Test] 400/411 batches done, samples=51200
2026-02-11 16:53:31,448 - INFO - 
==================================================
2026-02-11 16:53:31,448 - INFO - Test Results:
2026-02-11 16:53:31,448 - INFO - AUC: 0.7573
2026-02-11 16:53:31,448 - INFO - ACC: 0.7295
2026-02-11 16:53:31,448 - INFO - RMSE: 0.4283
2026-02-11 16:53:31,448 - INFO - ==================================================
2026-02-11 16:53:31,462 - INFO - Summary appended to /home/zsh/ConceptSkillCDM/results/experiment_results.csv
2026-02-11 16:53:31,467 - INFO - Run completed.
2026-02-11 16:53:31,468 - INFO - Best validation AUC: 0.7529 at epoch 20
2026-02-11 16:53:31,468 - INFO - Test metrics - AUC: 0.7573, ACC: 0.7295, RMSE: 0.4283
