2026-03-13 05:09:16,490 - INFO - Arguments:
2026-03-13 05:09:16,490 - INFO -   ablate_concept_graph: False
2026-03-13 05:09:16,490 - INFO -   ablate_module1: False
2026-03-13 05:09:16,490 - INFO -   ablate_module2: False
2026-03-13 05:09:16,490 - INFO -   ablate_module3: False
2026-03-13 05:09:16,490 - INFO -   ablate_skill_encoder: True
2026-03-13 05:09:16,490 - INFO -   ablate_soft_prototype: False
2026-03-13 05:09:16,490 - INFO -   allow_self_loop: True
2026-03-13 05:09:16,490 - INFO -   batch_size: 128
2026-03-13 05:09:16,490 - INFO -   data_dir: ./data/assist_09
2026-03-13 05:09:16,490 - INFO -   dataset_name: assist_09
2026-03-13 05:09:16,490 - INFO -   debug_module3_diag: True
2026-03-13 05:09:16,490 - INFO -   diag_batches: 1
2026-03-13 05:09:16,490 - INFO -   disable_q_aligned_residual: False
2026-03-13 05:09:16,490 - INFO -   disable_q_conditioning: False
2026-03-13 05:09:16,490 - INFO -   disable_self_loop: False
2026-03-13 05:09:16,490 - INFO -   disable_soft_prototype: False
2026-03-13 05:09:16,490 - INFO -   dropout: 0.2
2026-03-13 05:09:16,490 - INFO -   early_stop_patience: 3
2026-03-13 05:09:16,490 - INFO -   enable_module1: True
2026-03-13 05:09:16,490 - INFO -   enable_module2: True
2026-03-13 05:09:16,490 - INFO -   enable_module3: True
2026-03-13 05:09:16,490 - INFO -   enable_soft_prototype: True
2026-03-13 05:09:16,491 - INFO -   epochs: 100
2026-03-13 05:09:16,491 - INFO -   exercise_dim: 64
2026-03-13 05:09:16,491 - INFO -   exercise_l2_lambda: 1e-05
2026-03-13 05:09:16,491 - INFO -   fusion_gate_bias_init: -0.9
2026-03-13 05:09:16,491 - INFO -   fusion_gate_max: 1.0
2026-03-13 05:09:16,491 - INFO -   generate_diagnosis: False
2026-03-13 05:09:16,491 - INFO -   gnn_residual_weight: 0.5
2026-03-13 05:09:16,491 - INFO -   gpu_candidates: None
2026-03-13 05:09:16,491 - INFO -   gpu_ids: None
2026-03-13 05:09:16,491 - INFO -   gpu_memory_threshold: 2000
2026-03-13 05:09:16,491 - INFO -   gpus: None
2026-03-13 05:09:16,491 - INFO -   graph_dropout: 0.0
2026-03-13 05:09:16,491 - INFO -   graph_entropy_max: 0.8
2026-03-13 05:09:16,491 - INFO -   graph_entropy_min: 0.15
2026-03-13 05:09:16,491 - INFO -   graph_reg_cap_ratio: 6.0
2026-03-13 05:09:16,491 - INFO -   graph_reg_warmup_epochs: 0
2026-03-13 05:09:16,491 - INFO -   graph_tau_init: 0.55
2026-03-13 05:09:16,491 - INFO -   graph_topk: 12
2026-03-13 05:09:16,491 - INFO -   graph_uniform_margin: 0.1
2026-03-13 05:09:16,491 - INFO -   knowledge_dim: 64
2026-03-13 05:09:16,491 - INFO -   lambda_alpha: 0.05
2026-03-13 05:09:16,491 - INFO -   lambda_graph_diag: 0.1
2026-03-13 05:09:16,491 - INFO -   lambda_graph_uniform: 0.04
2026-03-13 05:09:16,491 - INFO -   lambda_proto_div: 0.0005
2026-03-13 05:09:16,491 - INFO -   lambda_proto_usage: 0.0005
2026-03-13 05:09:16,491 - INFO -   lambda_sparse: 1.0
2026-03-13 05:09:16,491 - INFO -   lambda_sparse_personal: 0.002
2026-03-13 05:09:16,491 - INFO -   learning_rate: 0.0003
2026-03-13 05:09:16,491 - INFO -   log_dir: logs/abce_diag/abce_rescue_v1/assist_09/seed42/best_no_B
2026-03-13 05:09:16,492 - INFO -   min_exer_interactions: 0
2026-03-13 05:09:16,492 - INFO -   min_poison_count: 0
2026-03-13 05:09:16,492 - INFO -   min_stu_interactions: 15
2026-03-13 05:09:16,492 - INFO -   model_variant: assist_09_abce_best_no_B
2026-03-13 05:09:16,492 - INFO -   multi_gpu: False
2026-03-13 05:09:16,492 - INFO -   no_cuda: False
2026-03-13 05:09:16,492 - INFO -   num_gnn_layers: 1
2026-03-13 05:09:16,492 - INFO -   num_gpus: 1
2026-03-13 05:09:16,492 - INFO -   num_prototypes: 4
2026-03-13 05:09:16,492 - INFO -   num_relation_heads: 2
2026-03-13 05:09:16,492 - INFO -   num_workers: 4
2026-03-13 05:09:16,492 - INFO -   patience: 5
2026-03-13 05:09:16,492 - INFO -   personal_rank: 4
2026-03-13 05:09:16,492 - INFO -   proto_lambda: 0.12
2026-03-13 05:09:16,492 - INFO -   proto_tau: 1.0
2026-03-13 05:09:16,492 - INFO -   residual_clip_t: 2.0
2026-03-13 05:09:16,492 - INFO -   residual_scale_init: 0.25
2026-03-13 05:09:16,492 - INFO -   save_dir: checkpoints/abce_diag/abce_rescue_v1/assist_09/seed42/best_no_B
2026-03-13 05:09:16,492 - INFO -   save_interval: 10
2026-03-13 05:09:16,492 - INFO -   seed: 42
2026-03-13 05:09:16,492 - INFO -   skill_dim: 128
2026-03-13 05:09:16,492 - INFO -   use_concept_graph: True
2026-03-13 05:09:16,492 - INFO -   use_exercise_graph: True
2026-03-13 05:09:16,492 - INFO -   use_mf_branch: False
2026-03-13 05:09:16,492 - INFO -   use_personal_graph: True
2026-03-13 05:09:16,492 - INFO -   use_q_aligned_residual: True
2026-03-13 05:09:16,492 - INFO -   use_q_conditioning: True
2026-03-13 05:09:16,492 - INFO -   use_skill_encoder: False
2026-03-13 05:09:16,492 - INFO -   use_soft_prototype: True
2026-03-13 05:09:16,492 - INFO -   use_soft_prototype_main_path: True
2026-03-13 05:09:16,493 - INFO -   weight_decay: 1e-05
2026-03-13 05:09:16,587 - INFO - Using device: cuda:0 (physical gpu 1)
2026-03-13 05:09:16,587 - INFO - [assist_09|assist_09_abce_best_no_B|lr=0.0003|drop=0.20] Loading datasets...
2026-03-13 05:09:16,588 - INFO - [assist_09|assist_09_abce_best_no_B|lr=0.0003|drop=0.20] Regularization: graph_entropy(lambda_sparse)=1.000000, graph_diag=0.100000, graph_uniform=0.040000, proto_div=0.000500, proto_usage=0.000500, personal_sparse=0.002000, alpha_penalty=0.050000, mf_l2(exercise_l2_lambda)=0.000010
2026-03-13 05:09:16,588 - INFO - [assist_09|assist_09_abce_best_no_B|lr=0.0003|drop=0.20] Graph controls: entropy_band=[0.15, 0.80], uniform_margin=0.10, warmup_epochs=0, cap_ratio=6.00, graph_dropout=0.000, graph_tau_init=0.550
2026-03-13 05:09:16,706 - INFO - [数据清洗] 学生交互次数 < 15 次的学生：共移除 0 个学生（仅统计用户数）
2026-03-13 05:09:16,720 - INFO - [数据清洗] 学生冷启动过滤：在 train/valid/test 中共删除 0 条记录。
2026-03-13 05:09:16,720 - INFO - [数据清洗] 跳过题目冷门过滤（min_exer_interactions <= 0）。
2026-03-13 05:09:16,720 - INFO - [数据清洗] 跳过毒题清洗（min_poison_count <= 0）。
2026-03-13 05:09:25,981 - INFO - [assist_09|assist_09_abce_best_no_B|lr=0.0003|drop=0.20] Train samples: 194489, Val samples: 20385
2026-03-13 05:09:25,981 - INFO - [assist_09|assist_09_abce_best_no_B|lr=0.0003|drop=0.20] Number of students: 2493
2026-03-13 05:09:25,981 - INFO - [assist_09|assist_09_abce_best_no_B|lr=0.0003|drop=0.20] Number of exercises: 17676
2026-03-13 05:09:25,981 - INFO - [assist_09|assist_09_abce_best_no_B|lr=0.0003|drop=0.20] Number of concepts: 123
2026-03-13 05:09:25,981 - INFO - [assist_09|assist_09_abce_best_no_B|lr=0.0003|drop=0.20] Creating model...
2026-03-13 05:09:25,981 - INFO - [assist_09|assist_09_abce_best_no_B|lr=0.0003|drop=0.20] Ablation switches: ablate_module1=False, ablate_module2=False, ablate_module3=False | enable_module1=True, enable_module2=True, enable_module3=True | use_soft_prototype=True, use_mf_branch=False, use_concept_graph=True, use_q_aligned_residual=True, use_soft_prototype_main_path=True | effective(num_gnn_layers=1, num_prototypes=4)
2026-03-13 05:09:26,100 - INFO - [assist_09|assist_09_abce_best_no_B|lr=0.0003|drop=0.20] Ablation runtime check: args(ablate_module1=False,ablate_module2=False,ablate_module3=False) | model(enable_module1=True,enable_module2=True,enable_module3=True) | physical(has_knowledge_encoder=True,has_mf_branch=False,has_soft_prototype=True)
2026-03-13 05:09:26,100 - INFO - [assist_09|assist_09_abce_best_no_B|lr=0.0003|drop=0.20] Debug diagnostics enabled: diag_batches=1
2026-03-13 05:09:26,121 - INFO - [assist_09|assist_09_abce_best_no_B|lr=0.0003|drop=0.20] [Module3 Init] fusion_gate_bias=0.0000, fusion_gate_max=0.0000, implied_gate=0.0000, q_gate=0.0000, mf_scale=0.0000, bias_scale=0.0000, graph_tau_mean=1.0055, graph_tau_std=0.0000, graph_dropout=0.000
2026-03-13 05:09:26,122 - INFO - [assist_09|assist_09_abce_best_no_B|lr=0.0003|drop=0.20] Total parameters: 452,921
2026-03-13 05:09:26,122 - INFO - [assist_09|assist_09_abce_best_no_B|lr=0.0003|drop=0.20] Trainable parameters: 452,921
2026-03-13 05:09:26,939 - INFO - [assist_09|assist_09_abce_best_no_B|lr=0.0003|drop=0.20] Starting training...
2026-03-13 05:10:20,482 - INFO - [assist_09|assist_09_abce_best_no_B|lr=0.0003|drop=0.20] Epoch [001/100] | Train: Loss=0.5959, BCE=0.5898, Reg=0.0061, AUC=0.6877, ACC=0.6919, RMSE=0.4492 | Val: Loss=0.5730, BCE=0.5693, Reg=0.0037, AUC=0.7243, ACC=0.7107, RMSE=0.4394
2026-03-13 05:10:20,482 - INFO - [assist_09|assist_09_abce_best_no_B|lr=0.0003|drop=0.20] [Reg Terms] Epoch [001] | Train: graph_entropy=0.000000, graph_diag=0.002390, graph_uniform=0.003004, graph_reg_scale=1.0000, mf_l2=0.000000, proto_div=0.000000, proto_usage=0.000000, personal_sparse=0.000737, alpha_var=-0.000002, reg_bce_ratio=0.0104 | Val: graph_entropy=0.000000, graph_diag=0.000344, graph_uniform=0.003007, graph_reg_scale=1.0000, mf_l2=0.000000, proto_div=0.000000, proto_usage=0.000000, personal_sparse=0.000378, alpha_var=-0.000000, reg_bce_ratio=0.0065
2026-03-13 05:10:20,759 - INFO - [assist_09|assist_09_abce_best_no_B|lr=0.0003|drop=0.20] [Diag][M3] Epoch [001] | residual_abs_mean=0.0000, residual_std=0.0000, mf_abs_mean=0.0000, mf_std=0.0000, gate_mean=0.0000, gate_std=0.0000, irt_abs_mean=1.2687, irt_std=0.6163, delta_abs_mean=0.0000, delta_std=0.0000, delta_over_irt=0.0000, graph_row_entropy=2.4816, graph_entropy_ratio=0.5157, alpha_mean=0.3494, alpha_std=0.0005, personal_row_entropy=0.1581
2026-03-13 05:10:20,760 - INFO - [assist_09|assist_09_abce_best_no_B|lr=0.0003|drop=0.20] [Diag][Graph] Epoch [001] | entropy_ratio=0.5157, diag_mass=0.0034, to_uniform_l2=0.024819, to_identity_l2=0.093575, tau_mean=0.8775, tau_std=0.0006, graph_reg_scale(train/val)=1.0000/1.0000
2026-03-13 05:10:20,760 - INFO - [assist_09|assist_09_abce_best_no_B|lr=0.0003|drop=0.20] [Grad Norms] Epoch [001] | mf_u_proj=0.000000, mf_v_proj=0.000000, fusion_gate=0.000000, q_gate_raw=0.000000, skill_latent=0.000000, relation_emb=2.923086e-03, relation_tau=3.177568e-04, relation_wq=3.841331e-04, relation_wk=4.523072e-04, personal_u=2.376428e-02, personal_v=1.453212e-02
2026-03-13 05:10:20,991 - INFO - [assist_09|assist_09_abce_best_no_B|lr=0.0003|drop=0.20] -> New best AUC=0.7243 at epoch 1
2026-03-13 05:11:12,452 - INFO - [assist_09|assist_09_abce_best_no_B|lr=0.0003|drop=0.20] Epoch [002/100] | Train: Loss=0.5569, BCE=0.5534, Reg=0.0036, AUC=0.7425, ACC=0.7196, RMSE=0.4317 | Val: Loss=0.5659, BCE=0.5624, Reg=0.0034, AUC=0.7343, ACC=0.7123, RMSE=0.4362
2026-03-13 05:11:12,453 - INFO - [assist_09|assist_09_abce_best_no_B|lr=0.0003|drop=0.20] [Reg Terms] Epoch [002] | Train: graph_entropy=0.000000, graph_diag=0.000281, graph_uniform=0.003006, graph_reg_scale=1.0000, mf_l2=0.000000, proto_div=0.000000, proto_usage=0.000000, personal_sparse=0.000301, alpha_var=-0.000000, reg_bce_ratio=0.0065 | Val: graph_entropy=0.000000, graph_diag=0.000187, graph_uniform=0.003005, graph_reg_scale=1.0000, mf_l2=0.000000, proto_div=0.000000, proto_usage=0.000000, personal_sparse=0.000235, alpha_var=-0.000000, reg_bce_ratio=0.0061
2026-03-13 05:11:12,730 - INFO - [assist_09|assist_09_abce_best_no_B|lr=0.0003|drop=0.20] [Diag][M3] Epoch [002] | residual_abs_mean=0.0000, residual_std=0.0000, mf_abs_mean=0.0000, mf_std=0.0000, gate_mean=0.0000, gate_std=0.0000, irt_abs_mean=1.3561, irt_std=0.6586, delta_abs_mean=0.0000, delta_std=0.0000, delta_over_irt=0.0000, graph_row_entropy=2.4799, graph_entropy_ratio=0.5153, alpha_mean=0.3489, alpha_std=0.0008, personal_row_entropy=0.0890
2026-03-13 05:11:12,731 - INFO - [assist_09|assist_09_abce_best_no_B|lr=0.0003|drop=0.20] [Diag][Graph] Epoch [002] | entropy_ratio=0.5153, diag_mass=0.0019, to_uniform_l2=0.024868, to_identity_l2=0.093724, tau_mean=0.8051, tau_std=0.0084, graph_reg_scale(train/val)=1.0000/1.0000
2026-03-13 05:11:12,731 - INFO - [assist_09|assist_09_abce_best_no_B|lr=0.0003|drop=0.20] [Grad Norms] Epoch [002] | mf_u_proj=0.000000, mf_v_proj=0.000000, fusion_gate=0.000000, q_gate_raw=0.000000, skill_latent=0.000000, relation_emb=1.910586e-03, relation_tau=1.466808e-04, relation_wq=2.197890e-04, relation_wk=2.318495e-04, personal_u=4.882051e-02, personal_v=1.921307e-02
2026-03-13 05:11:13,083 - INFO - [assist_09|assist_09_abce_best_no_B|lr=0.0003|drop=0.20] -> New best AUC=0.7343 at epoch 2
2026-03-13 05:12:05,957 - INFO - [assist_09|assist_09_abce_best_no_B|lr=0.0003|drop=0.20] Epoch [003/100] | Train: Loss=0.5450, BCE=0.5415, Reg=0.0035, AUC=0.7566, ACC=0.7265, RMSE=0.4264 | Val: Loss=0.5631, BCE=0.5596, Reg=0.0035, AUC=0.7375, ACC=0.7144, RMSE=0.4350
2026-03-13 05:12:05,958 - INFO - [assist_09|assist_09_abce_best_no_B|lr=0.0003|drop=0.20] [Reg Terms] Epoch [003] | Train: graph_entropy=0.000000, graph_diag=0.000229, graph_uniform=0.003004, graph_reg_scale=1.0000, mf_l2=0.000000, proto_div=0.000000, proto_usage=0.000000, personal_sparse=0.000250, alpha_var=-0.000000, reg_bce_ratio=0.0064 | Val: graph_entropy=0.000000, graph_diag=0.000238, graph_uniform=0.003003, graph_reg_scale=1.0000, mf_l2=0.000000, proto_div=0.000000, proto_usage=0.000000, personal_sparse=0.000262, alpha_var=-0.000000, reg_bce_ratio=0.0063
2026-03-13 05:12:06,213 - INFO - [assist_09|assist_09_abce_best_no_B|lr=0.0003|drop=0.20] [Diag][M3] Epoch [003] | residual_abs_mean=0.0000, residual_std=0.0000, mf_abs_mean=0.0000, mf_std=0.0000, gate_mean=0.0000, gate_std=0.0000, irt_abs_mean=1.3935, irt_std=0.6740, delta_abs_mean=0.0000, delta_std=0.0000, delta_over_irt=0.0000, graph_row_entropy=2.4783, graph_entropy_ratio=0.5150, alpha_mean=0.3469, alpha_std=0.0013, personal_row_entropy=0.1033
2026-03-13 05:12:06,213 - INFO - [assist_09|assist_09_abce_best_no_B|lr=0.0003|drop=0.20] [Diag][Graph] Epoch [003] | entropy_ratio=0.5150, diag_mass=0.0024, to_uniform_l2=0.024914, to_identity_l2=0.093692, tau_mean=0.7434, tau_std=0.0153, graph_reg_scale(train/val)=1.0000/1.0000
2026-03-13 05:12:06,213 - INFO - [assist_09|assist_09_abce_best_no_B|lr=0.0003|drop=0.20] [Grad Norms] Epoch [003] | mf_u_proj=0.000000, mf_v_proj=0.000000, fusion_gate=0.000000, q_gate_raw=0.000000, skill_latent=0.000000, relation_emb=3.100667e-03, relation_tau=1.694714e-04, relation_wq=2.072460e-04, relation_wk=4.044097e-04, personal_u=4.540386e-02, personal_v=2.109588e-02
2026-03-13 05:12:06,591 - INFO - [assist_09|assist_09_abce_best_no_B|lr=0.0003|drop=0.20] -> New best AUC=0.7375 at epoch 3
2026-03-13 05:12:59,087 - INFO - [assist_09|assist_09_abce_best_no_B|lr=0.0003|drop=0.20] Epoch [004/100] | Train: Loss=0.5354, BCE=0.5319, Reg=0.0035, AUC=0.7677, ACC=0.7317, RMSE=0.4221 | Val: Loss=0.5583, BCE=0.5547, Reg=0.0036, AUC=0.7435, ACC=0.7180, RMSE=0.4326
2026-03-13 05:12:59,088 - INFO - [assist_09|assist_09_abce_best_no_B|lr=0.0003|drop=0.20] [Reg Terms] Epoch [004] | Train: graph_entropy=0.000000, graph_diag=0.000197, graph_uniform=0.003005, graph_reg_scale=1.0000, mf_l2=0.000000, proto_div=0.000000, proto_usage=0.000001, personal_sparse=0.000276, alpha_var=-0.000000, reg_bce_ratio=0.0065 | Val: graph_entropy=0.000000, graph_diag=0.000278, graph_uniform=0.003006, graph_reg_scale=1.0000, mf_l2=0.000000, proto_div=0.000000, proto_usage=0.000002, personal_sparse=0.000321, alpha_var=-0.000000, reg_bce_ratio=0.0065
2026-03-13 05:12:59,358 - INFO - [assist_09|assist_09_abce_best_no_B|lr=0.0003|drop=0.20] [Diag][M3] Epoch [004] | residual_abs_mean=0.0000, residual_std=0.0000, mf_abs_mean=0.0000, mf_std=0.0000, gate_mean=0.0000, gate_std=0.0000, irt_abs_mean=1.4518, irt_std=0.7561, delta_abs_mean=0.0000, delta_std=0.0000, delta_over_irt=0.0000, graph_row_entropy=2.4810, graph_entropy_ratio=0.5156, alpha_mean=0.3475, alpha_std=0.0007, personal_row_entropy=0.1428
2026-03-13 05:12:59,358 - INFO - [assist_09|assist_09_abce_best_no_B|lr=0.0003|drop=0.20] [Diag][Graph] Epoch [004] | entropy_ratio=0.5156, diag_mass=0.0028, to_uniform_l2=0.024838, to_identity_l2=0.093637, tau_mean=0.7013, tau_std=0.0205, graph_reg_scale(train/val)=1.0000/1.0000
2026-03-13 05:12:59,359 - INFO - [assist_09|assist_09_abce_best_no_B|lr=0.0003|drop=0.20] [Grad Norms] Epoch [004] | mf_u_proj=0.000000, mf_v_proj=0.000000, fusion_gate=0.000000, q_gate_raw=0.000000, skill_latent=0.000000, relation_emb=6.147399e-03, relation_tau=7.917899e-04, relation_wq=4.434703e-04, relation_wk=8.874190e-04, personal_u=9.286277e-02, personal_v=5.004451e-02
2026-03-13 05:12:59,702 - INFO - [assist_09|assist_09_abce_best_no_B|lr=0.0003|drop=0.20] -> New best AUC=0.7435 at epoch 4
2026-03-13 05:13:52,192 - INFO - [assist_09|assist_09_abce_best_no_B|lr=0.0003|drop=0.20] Epoch [005/100] | Train: Loss=0.5259, BCE=0.5224, Reg=0.0035, AUC=0.7785, ACC=0.7369, RMSE=0.4179 | Val: Loss=0.5579, BCE=0.5545, Reg=0.0034, AUC=0.7447, ACC=0.7185, RMSE=0.4325
2026-03-13 05:13:52,193 - INFO - [assist_09|assist_09_abce_best_no_B|lr=0.0003|drop=0.20] [Reg Terms] Epoch [005] | Train: graph_entropy=0.000000, graph_diag=0.000190, graph_uniform=0.003009, graph_reg_scale=1.0000, mf_l2=0.000000, proto_div=0.000000, proto_usage=0.000001, personal_sparse=0.000323, alpha_var=-0.000000, reg_bce_ratio=0.0067 | Val: graph_entropy=0.000000, graph_diag=0.000033, graph_uniform=0.003010, graph_reg_scale=1.0000, mf_l2=0.000000, proto_div=0.000000, proto_usage=0.000002, personal_sparse=0.000358, alpha_var=-0.000000, reg_bce_ratio=0.0061
2026-03-13 05:13:52,457 - INFO - [assist_09|assist_09_abce_best_no_B|lr=0.0003|drop=0.20] [Diag][M3] Epoch [005] | residual_abs_mean=0.0000, residual_std=0.0000, mf_abs_mean=0.0000, mf_std=0.0000, gate_mean=0.0000, gate_std=0.0000, irt_abs_mean=1.4588, irt_std=0.8072, delta_abs_mean=0.0000, delta_std=0.0000, delta_over_irt=0.0000, graph_row_entropy=2.4845, graph_entropy_ratio=0.5163, alpha_mean=0.3465, alpha_std=0.0013, personal_row_entropy=0.1643
2026-03-13 05:13:52,458 - INFO - [assist_09|assist_09_abce_best_no_B|lr=0.0003|drop=0.20] [Diag][Graph] Epoch [005] | entropy_ratio=0.5163, diag_mass=0.0003, to_uniform_l2=0.024738, to_identity_l2=0.093823, tau_mean=0.6807, tau_std=0.0237, graph_reg_scale(train/val)=1.0000/1.0000
2026-03-13 05:13:52,458 - INFO - [assist_09|assist_09_abce_best_no_B|lr=0.0003|drop=0.20] [Grad Norms] Epoch [005] | mf_u_proj=0.000000, mf_v_proj=0.000000, fusion_gate=0.000000, q_gate_raw=0.000000, skill_latent=0.000000, relation_emb=9.211440e-04, relation_tau=9.761730e-05, relation_wq=1.088382e-04, relation_wk=1.661775e-04, personal_u=9.205621e-02, personal_v=3.814342e-02
2026-03-13 05:13:52,834 - INFO - [assist_09|assist_09_abce_best_no_B|lr=0.0003|drop=0.20] -> New best AUC=0.7447 at epoch 5
2026-03-13 05:14:43,961 - INFO - [assist_09|assist_09_abce_best_no_B|lr=0.0003|drop=0.20] Epoch [006/100] | Train: Loss=0.5178, BCE=0.5144, Reg=0.0034, AUC=0.7871, ACC=0.7417, RMSE=0.4143 | Val: Loss=0.5556, BCE=0.5522, Reg=0.0034, AUC=0.7479, ACC=0.7200, RMSE=0.4313
2026-03-13 05:14:43,962 - INFO - [assist_09|assist_09_abce_best_no_B|lr=0.0003|drop=0.20] [Reg Terms] Epoch [006] | Train: graph_entropy=0.000000, graph_diag=0.000042, graph_uniform=0.003011, graph_reg_scale=1.0000, mf_l2=0.000000, proto_div=0.000000, proto_usage=0.000001, personal_sparse=0.000377, alpha_var=-0.000000, reg_bce_ratio=0.0067 | Val: graph_entropy=0.000000, graph_diag=0.000000, graph_uniform=0.003011, graph_reg_scale=1.0000, mf_l2=0.000000, proto_div=0.000000, proto_usage=0.000003, personal_sparse=0.000391, alpha_var=-0.000000, reg_bce_ratio=0.0062
2026-03-13 05:14:44,254 - INFO - [assist_09|assist_09_abce_best_no_B|lr=0.0003|drop=0.20] [Diag][M3] Epoch [006] | residual_abs_mean=0.0000, residual_std=0.0000, mf_abs_mean=0.0000, mf_std=0.0000, gate_mean=0.0000, gate_std=0.0000, irt_abs_mean=1.4889, irt_std=0.8521, delta_abs_mean=0.0000, delta_std=0.0000, delta_over_irt=0.0000, graph_row_entropy=2.4849, graph_entropy_ratio=0.5164, alpha_mean=0.3449, alpha_std=0.0029, personal_row_entropy=0.1862
2026-03-13 05:14:44,255 - INFO - [assist_09|assist_09_abce_best_no_B|lr=0.0003|drop=0.20] [Diag][Graph] Epoch [006] | entropy_ratio=0.5164, diag_mass=0.0000, to_uniform_l2=0.024727, to_identity_l2=0.093849, tau_mean=0.6805, tau_std=0.0223, graph_reg_scale(train/val)=1.0000/1.0000
2026-03-13 05:14:44,255 - INFO - [assist_09|assist_09_abce_best_no_B|lr=0.0003|drop=0.20] [Grad Norms] Epoch [006] | mf_u_proj=0.000000, mf_v_proj=0.000000, fusion_gate=0.000000, q_gate_raw=0.000000, skill_latent=0.000000, relation_emb=7.702372e-05, relation_tau=1.506822e-06, relation_wq=1.637577e-05, relation_wk=2.136853e-05, personal_u=6.437292e-02, personal_v=3.826346e-02
2026-03-13 05:14:44,690 - INFO - [assist_09|assist_09_abce_best_no_B|lr=0.0003|drop=0.20] -> New best AUC=0.7479 at epoch 6
2026-03-13 05:15:38,050 - INFO - [assist_09|assist_09_abce_best_no_B|lr=0.0003|drop=0.20] Epoch [007/100] | Train: Loss=0.5106, BCE=0.5071, Reg=0.0035, AUC=0.7947, ACC=0.7455, RMSE=0.4111 | Val: Loss=0.5587, BCE=0.5551, Reg=0.0036, AUC=0.7456, ACC=0.7186, RMSE=0.4324
2026-03-13 05:15:38,050 - INFO - [assist_09|assist_09_abce_best_no_B|lr=0.0003|drop=0.20] [Reg Terms] Epoch [007] | Train: graph_entropy=0.000000, graph_diag=0.000000, graph_uniform=0.003011, graph_reg_scale=1.0000, mf_l2=0.000000, proto_div=0.000000, proto_usage=0.000002, personal_sparse=0.000456, alpha_var=-0.000000, reg_bce_ratio=0.0068 | Val: graph_entropy=0.000000, graph_diag=0.000000, graph_uniform=0.003011, graph_reg_scale=1.0000, mf_l2=0.000000, proto_div=0.000000, proto_usage=0.000003, personal_sparse=0.000593, alpha_var=-0.000000, reg_bce_ratio=0.0065
2026-03-13 05:15:38,343 - INFO - [assist_09|assist_09_abce_best_no_B|lr=0.0003|drop=0.20] [Diag][M3] Epoch [007] | residual_abs_mean=0.0000, residual_std=0.0000, mf_abs_mean=0.0000, mf_std=0.0000, gate_mean=0.0000, gate_std=0.0000, irt_abs_mean=1.4876, irt_std=0.9260, delta_abs_mean=0.0000, delta_std=0.0000, delta_over_irt=0.0000, graph_row_entropy=2.4849, graph_entropy_ratio=0.5164, alpha_mean=0.3484, alpha_std=0.0009, personal_row_entropy=0.3031
2026-03-13 05:15:38,344 - INFO - [assist_09|assist_09_abce_best_no_B|lr=0.0003|drop=0.20] [Diag][Graph] Epoch [007] | entropy_ratio=0.5164, diag_mass=0.0000, to_uniform_l2=0.024727, to_identity_l2=0.093849, tau_mean=0.6826, tau_std=0.0194, graph_reg_scale(train/val)=1.0000/1.0000
2026-03-13 05:15:38,344 - INFO - [assist_09|assist_09_abce_best_no_B|lr=0.0003|drop=0.20] [Grad Norms] Epoch [007] | mf_u_proj=0.000000, mf_v_proj=0.000000, fusion_gate=0.000000, q_gate_raw=0.000000, skill_latent=0.000000, relation_emb=5.996527e-06, relation_tau=2.219862e-07, relation_wq=4.995232e-06, relation_wk=2.531177e-06, personal_u=8.309652e-02, personal_v=3.610767e-02
2026-03-13 05:15:38,344 - INFO - [assist_09|assist_09_abce_best_no_B|lr=0.0003|drop=0.20] -> No improvement 1 epoch(s) (best AUC=0.7479 @ 6)
2026-03-13 05:16:30,930 - INFO - [assist_09|assist_09_abce_best_no_B|lr=0.0003|drop=0.20] Epoch [008/100] | Train: Loss=0.5069, BCE=0.5030, Reg=0.0039, AUC=0.7991, ACC=0.7466, RMSE=0.4094 | Val: Loss=0.5611, BCE=0.5571, Reg=0.0040, AUC=0.7477, ACC=0.7196, RMSE=0.4330
2026-03-13 05:16:30,930 - INFO - [assist_09|assist_09_abce_best_no_B|lr=0.0003|drop=0.20] [Reg Terms] Epoch [008] | Train: graph_entropy=0.000000, graph_diag=0.000000, graph_uniform=0.003011, graph_reg_scale=1.0000, mf_l2=0.000000, proto_div=0.000000, proto_usage=0.000002, personal_sparse=0.000902, alpha_var=-0.000000, reg_bce_ratio=0.0078 | Val: graph_entropy=0.000000, graph_diag=0.000000, graph_uniform=0.003011, graph_reg_scale=1.0000, mf_l2=0.000000, proto_div=0.000000, proto_usage=0.000002, personal_sparse=0.001018, alpha_var=-0.000000, reg_bce_ratio=0.0072
2026-03-13 05:16:31,235 - INFO - [assist_09|assist_09_abce_best_no_B|lr=0.0003|drop=0.20] [Diag][M3] Epoch [008] | residual_abs_mean=0.0000, residual_std=0.0000, mf_abs_mean=0.0000, mf_std=0.0000, gate_mean=0.0000, gate_std=0.0000, irt_abs_mean=1.6604, irt_std=0.9244, delta_abs_mean=0.0000, delta_std=0.0000, delta_over_irt=0.0000, graph_row_entropy=2.4849, graph_entropy_ratio=0.5164, alpha_mean=0.3494, alpha_std=0.0003, personal_row_entropy=0.5134
2026-03-13 05:16:31,236 - INFO - [assist_09|assist_09_abce_best_no_B|lr=0.0003|drop=0.20] [Diag][Graph] Epoch [008] | entropy_ratio=0.5164, diag_mass=0.0000, to_uniform_l2=0.024727, to_identity_l2=0.093849, tau_mean=0.6858, tau_std=0.0146, graph_reg_scale(train/val)=1.0000/1.0000
2026-03-13 05:16:31,236 - INFO - [assist_09|assist_09_abce_best_no_B|lr=0.0003|drop=0.20] [Grad Norms] Epoch [008] | mf_u_proj=0.000000, mf_v_proj=0.000000, fusion_gate=0.000000, q_gate_raw=0.000000, skill_latent=0.000000, relation_emb=2.405179e-07, relation_tau=7.028729e-09, relation_wq=4.850157e-07, relation_wk=1.423164e-07, personal_u=1.136566e-01, personal_v=3.558681e-02
2026-03-13 05:16:31,236 - INFO - [assist_09|assist_09_abce_best_no_B|lr=0.0003|drop=0.20] -> No improvement 2 epoch(s) (best AUC=0.7479 @ 6)
2026-03-13 05:17:24,246 - INFO - [assist_09|assist_09_abce_best_no_B|lr=0.0003|drop=0.20] Epoch [009/100] | Train: Loss=0.5032, BCE=0.4991, Reg=0.0042, AUC=0.8032, ACC=0.7493, RMSE=0.4077 | Val: Loss=0.5601, BCE=0.5560, Reg=0.0041, AUC=0.7502, ACC=0.7207, RMSE=0.4324
2026-03-13 05:17:24,246 - INFO - [assist_09|assist_09_abce_best_no_B|lr=0.0003|drop=0.20] [Reg Terms] Epoch [009] | Train: graph_entropy=0.000000, graph_diag=0.000000, graph_uniform=0.003011, graph_reg_scale=1.0000, mf_l2=0.000000, proto_div=0.000000, proto_usage=0.000001, personal_sparse=0.001142, alpha_var=-0.000000, reg_bce_ratio=0.0083 | Val: graph_entropy=0.000000, graph_diag=0.000000, graph_uniform=0.003011, graph_reg_scale=1.0000, mf_l2=0.000000, proto_div=0.000000, proto_usage=0.000002, personal_sparse=0.001109, alpha_var=-0.000000, reg_bce_ratio=0.0074
2026-03-13 05:17:24,562 - INFO - [assist_09|assist_09_abce_best_no_B|lr=0.0003|drop=0.20] [Diag][M3] Epoch [009] | residual_abs_mean=0.0000, residual_std=0.0000, mf_abs_mean=0.0000, mf_std=0.0000, gate_mean=0.0000, gate_std=0.0000, irt_abs_mean=1.6600, irt_std=0.9699, delta_abs_mean=0.0000, delta_std=0.0000, delta_over_irt=0.0000, graph_row_entropy=2.4849, graph_entropy_ratio=0.5164, alpha_mean=0.3496, alpha_std=0.0002, personal_row_entropy=0.5614
2026-03-13 05:17:24,562 - INFO - [assist_09|assist_09_abce_best_no_B|lr=0.0003|drop=0.20] [Diag][Graph] Epoch [009] | entropy_ratio=0.5164, diag_mass=0.0000, to_uniform_l2=0.024727, to_identity_l2=0.093849, tau_mean=0.6899, tau_std=0.0078, graph_reg_scale(train/val)=1.0000/1.0000
2026-03-13 05:17:24,562 - INFO - [assist_09|assist_09_abce_best_no_B|lr=0.0003|drop=0.20] [Grad Norms] Epoch [009] | mf_u_proj=0.000000, mf_v_proj=0.000000, fusion_gate=0.000000, q_gate_raw=0.000000, skill_latent=0.000000, relation_emb=2.110439e-11, relation_tau=1.333366e-07, relation_wq=1.309462e-09, relation_wk=2.984522e-11, personal_u=1.082466e-01, personal_v=3.081680e-02
2026-03-13 05:17:24,909 - INFO - [assist_09|assist_09_abce_best_no_B|lr=0.0003|drop=0.20] -> New best AUC=0.7502 at epoch 9
2026-03-13 05:18:19,900 - INFO - [assist_09|assist_09_abce_best_no_B|lr=0.0003|drop=0.20] Epoch [010/100] | Train: Loss=0.4983, BCE=0.4942, Reg=0.0041, AUC=0.8079, ACC=0.7514, RMSE=0.4056 | Val: Loss=0.5575, BCE=0.5533, Reg=0.0041, AUC=0.7491, ACC=0.7215, RMSE=0.4314
2026-03-13 05:18:19,901 - INFO - [assist_09|assist_09_abce_best_no_B|lr=0.0003|drop=0.20] [Reg Terms] Epoch [010] | Train: graph_entropy=0.000000, graph_diag=0.000000, graph_uniform=0.003011, graph_reg_scale=1.0000, mf_l2=0.000000, proto_div=0.000000, proto_usage=0.000001, personal_sparse=0.001092, alpha_var=-0.000000, reg_bce_ratio=0.0083 | Val: graph_entropy=0.000000, graph_diag=0.000000, graph_uniform=0.003011, graph_reg_scale=1.0000, mf_l2=0.000000, proto_div=0.000002, proto_usage=0.000003, personal_sparse=0.001119, alpha_var=-0.000000, reg_bce_ratio=0.0075
2026-03-13 05:18:20,198 - INFO - [assist_09|assist_09_abce_best_no_B|lr=0.0003|drop=0.20] [Diag][M3] Epoch [010] | residual_abs_mean=0.0000, residual_std=0.0000, mf_abs_mean=0.0000, mf_std=0.0000, gate_mean=0.0000, gate_std=0.0000, irt_abs_mean=1.5288, irt_std=0.9465, delta_abs_mean=0.0000, delta_std=0.0000, delta_over_irt=0.0000, graph_row_entropy=2.4849, graph_entropy_ratio=0.5164, alpha_mean=0.3495, alpha_std=0.0001, personal_row_entropy=0.5308
2026-03-13 05:18:20,198 - INFO - [assist_09|assist_09_abce_best_no_B|lr=0.0003|drop=0.20] [Diag][Graph] Epoch [010] | entropy_ratio=0.5164, diag_mass=0.0000, to_uniform_l2=0.024727, to_identity_l2=0.093849, tau_mean=0.6928, tau_std=0.0022, graph_reg_scale(train/val)=1.0000/1.0000
2026-03-13 05:18:20,199 - INFO - [assist_09|assist_09_abce_best_no_B|lr=0.0003|drop=0.20] [Grad Norms] Epoch [010] | mf_u_proj=0.000000, mf_v_proj=0.000000, fusion_gate=0.000000, q_gate_raw=0.000000, skill_latent=0.000000, relation_emb=1.600212e-15, relation_tau=1.679769e-08, relation_wq=4.935084e-13, relation_wk=1.432828e-15, personal_u=6.067310e-02, personal_v=2.745392e-02
2026-03-13 05:18:20,199 - INFO - [assist_09|assist_09_abce_best_no_B|lr=0.0003|drop=0.20] -> No improvement 1 epoch(s) (best AUC=0.7502 @ 9)
2026-03-13 05:18:20,245 - INFO - [assist_09|assist_09_abce_best_no_B|lr=0.0003|drop=0.20] Checkpoint saved: checkpoints/abce_diag/abce_rescue_v1/assist_09/seed42/best_no_B/checkpoint_epoch_10.pth
2026-03-13 05:18:20,512 - INFO - [assist_09|assist_09_abce_best_no_B|lr=0.0003|drop=0.20] [Module Activity] Epoch 10: Proto✓ Graph✓ Personal✗ MF✗
2026-03-13 05:19:13,809 - INFO - [assist_09|assist_09_abce_best_no_B|lr=0.0003|drop=0.20] Epoch [011/100] | Train: Loss=0.4935, BCE=0.4894, Reg=0.0040, AUC=0.8129, ACC=0.7541, RMSE=0.4034 | Val: Loss=0.5573, BCE=0.5532, Reg=0.0041, AUC=0.7509, ACC=0.7207, RMSE=0.4314
2026-03-13 05:19:13,809 - INFO - [assist_09|assist_09_abce_best_no_B|lr=0.0003|drop=0.20] [Reg Terms] Epoch [011] | Train: graph_entropy=0.000000, graph_diag=0.000000, graph_uniform=0.003011, graph_reg_scale=1.0000, mf_l2=0.000000, proto_div=0.000000, proto_usage=0.000002, personal_sparse=0.001012, alpha_var=-0.000000, reg_bce_ratio=0.0082 | Val: graph_entropy=0.000000, graph_diag=0.000000, graph_uniform=0.003011, graph_reg_scale=1.0000, mf_l2=0.000000, proto_div=0.000001, proto_usage=0.000004, personal_sparse=0.001102, alpha_var=-0.000000, reg_bce_ratio=0.0074
2026-03-13 05:19:14,090 - INFO - [assist_09|assist_09_abce_best_no_B|lr=0.0003|drop=0.20] [Diag][M3] Epoch [011] | residual_abs_mean=0.0000, residual_std=0.0000, mf_abs_mean=0.0000, mf_std=0.0000, gate_mean=0.0000, gate_std=0.0000, irt_abs_mean=1.6424, irt_std=1.0227, delta_abs_mean=0.0000, delta_std=0.0000, delta_over_irt=0.0000, graph_row_entropy=2.4849, graph_entropy_ratio=0.5164, alpha_mean=0.3492, alpha_std=0.0002, personal_row_entropy=0.5432
2026-03-13 05:19:14,090 - INFO - [assist_09|assist_09_abce_best_no_B|lr=0.0003|drop=0.20] [Diag][Graph] Epoch [011] | entropy_ratio=0.5164, diag_mass=0.0000, to_uniform_l2=0.024727, to_identity_l2=0.093849, tau_mean=0.6933, tau_std=0.0001, graph_reg_scale(train/val)=1.0000/1.0000
2026-03-13 05:19:14,090 - INFO - [assist_09|assist_09_abce_best_no_B|lr=0.0003|drop=0.20] [Grad Norms] Epoch [011] | mf_u_proj=0.000000, mf_v_proj=0.000000, fusion_gate=0.000000, q_gate_raw=0.000000, skill_latent=0.000000, relation_emb=0.000000e+00, relation_tau=8.276543e-09, relation_wq=2.730114e-19, relation_wk=1.425441e-22, personal_u=1.340436e-01, personal_v=2.502560e-02
2026-03-13 05:19:14,488 - INFO - [assist_09|assist_09_abce_best_no_B|lr=0.0003|drop=0.20] -> New best AUC=0.7509 at epoch 11
2026-03-13 05:20:07,337 - INFO - [assist_09|assist_09_abce_best_no_B|lr=0.0003|drop=0.20] Epoch [012/100] | Train: Loss=0.4893, BCE=0.4853, Reg=0.0040, AUC=0.8166, ACC=0.7555, RMSE=0.4017 | Val: Loss=0.5583, BCE=0.5542, Reg=0.0041, AUC=0.7492, ACC=0.7211, RMSE=0.4317
2026-03-13 05:20:07,337 - INFO - [assist_09|assist_09_abce_best_no_B|lr=0.0003|drop=0.20] [Reg Terms] Epoch [012] | Train: graph_entropy=0.000000, graph_diag=0.000000, graph_uniform=0.003011, graph_reg_scale=1.0000, mf_l2=0.000000, proto_div=0.000000, proto_usage=0.000003, personal_sparse=0.000987, alpha_var=-0.000000, reg_bce_ratio=0.0082 | Val: graph_entropy=0.000000, graph_diag=0.000000, graph_uniform=0.003011, graph_reg_scale=1.0000, mf_l2=0.000000, proto_div=0.000001, proto_usage=0.000004, personal_sparse=0.001112, alpha_var=-0.000000, reg_bce_ratio=0.0074
2026-03-13 05:20:07,623 - INFO - [assist_09|assist_09_abce_best_no_B|lr=0.0003|drop=0.20] [Diag][M3] Epoch [012] | residual_abs_mean=0.0000, residual_std=0.0000, mf_abs_mean=0.0000, mf_std=0.0000, gate_mean=0.0000, gate_std=0.0000, irt_abs_mean=1.5961, irt_std=1.0399, delta_abs_mean=0.0000, delta_std=0.0000, delta_over_irt=0.0000, graph_row_entropy=2.4849, graph_entropy_ratio=0.5164, alpha_mean=0.3496, alpha_std=0.0001, personal_row_entropy=0.5888
2026-03-13 05:20:07,624 - INFO - [assist_09|assist_09_abce_best_no_B|lr=0.0003|drop=0.20] [Diag][Graph] Epoch [012] | entropy_ratio=0.5164, diag_mass=0.0000, to_uniform_l2=0.024727, to_identity_l2=0.093849, tau_mean=0.6932, tau_std=0.0000, graph_reg_scale(train/val)=1.0000/1.0000
2026-03-13 05:20:07,624 - INFO - [assist_09|assist_09_abce_best_no_B|lr=0.0003|drop=0.20] [Grad Norms] Epoch [012] | mf_u_proj=0.000000, mf_v_proj=0.000000, fusion_gate=0.000000, q_gate_raw=0.000000, skill_latent=0.000000, relation_emb=0.000000e+00, relation_tau=3.176881e-08, relation_wq=0.000000e+00, relation_wk=0.000000e+00, personal_u=6.115872e-02, personal_v=1.512075e-02
2026-03-13 05:20:07,624 - INFO - [assist_09|assist_09_abce_best_no_B|lr=0.0003|drop=0.20] -> No improvement 1 epoch(s) (best AUC=0.7509 @ 11)
2026-03-13 05:21:02,144 - INFO - [assist_09|assist_09_abce_best_no_B|lr=0.0003|drop=0.20] Epoch [013/100] | Train: Loss=0.4823, BCE=0.4783, Reg=0.0041, AUC=0.8234, ACC=0.7593, RMSE=0.3984 | Val: Loss=0.5601, BCE=0.5560, Reg=0.0042, AUC=0.7492, ACC=0.7224, RMSE=0.4320
2026-03-13 05:21:02,145 - INFO - [assist_09|assist_09_abce_best_no_B|lr=0.0003|drop=0.20] [Reg Terms] Epoch [013] | Train: graph_entropy=0.000000, graph_diag=0.000000, graph_uniform=0.003011, graph_reg_scale=1.0000, mf_l2=0.000000, proto_div=0.000000, proto_usage=0.000002, personal_sparse=0.001042, alpha_var=-0.000000, reg_bce_ratio=0.0085 | Val: graph_entropy=0.000000, graph_diag=0.000000, graph_uniform=0.003011, graph_reg_scale=1.0000, mf_l2=0.000000, proto_div=0.000000, proto_usage=0.000003, personal_sparse=0.001144, alpha_var=-0.000000, reg_bce_ratio=0.0075
2026-03-13 05:21:02,415 - INFO - [assist_09|assist_09_abce_best_no_B|lr=0.0003|drop=0.20] [Diag][M3] Epoch [013] | residual_abs_mean=0.0000, residual_std=0.0000, mf_abs_mean=0.0000, mf_std=0.0000, gate_mean=0.0000, gate_std=0.0000, irt_abs_mean=1.6516, irt_std=1.0444, delta_abs_mean=0.0000, delta_std=0.0000, delta_over_irt=0.0000, graph_row_entropy=2.4849, graph_entropy_ratio=0.5164, alpha_mean=0.3498, alpha_std=0.0000, personal_row_entropy=0.6127
2026-03-13 05:21:02,415 - INFO - [assist_09|assist_09_abce_best_no_B|lr=0.0003|drop=0.20] [Diag][Graph] Epoch [013] | entropy_ratio=0.5164, diag_mass=0.0000, to_uniform_l2=0.024727, to_identity_l2=0.093849, tau_mean=0.6932, tau_std=0.0000, graph_reg_scale(train/val)=1.0000/1.0000
2026-03-13 05:21:02,415 - INFO - [assist_09|assist_09_abce_best_no_B|lr=0.0003|drop=0.20] [Grad Norms] Epoch [013] | mf_u_proj=0.000000, mf_v_proj=0.000000, fusion_gate=0.000000, q_gate_raw=0.000000, skill_latent=0.000000, relation_emb=0.000000e+00, relation_tau=4.032449e-10, relation_wq=0.000000e+00, relation_wk=0.000000e+00, personal_u=7.605238e-02, personal_v=1.612832e-02
2026-03-13 05:21:02,415 - INFO - [assist_09|assist_09_abce_best_no_B|lr=0.0003|drop=0.20] -> No improvement 2 epoch(s) (best AUC=0.7509 @ 11)
2026-03-13 05:21:56,838 - INFO - [assist_09|assist_09_abce_best_no_B|lr=0.0003|drop=0.20] Epoch [014/100] | Train: Loss=0.4797, BCE=0.4760, Reg=0.0038, AUC=0.8251, ACC=0.7612, RMSE=0.3974 | Val: Loss=0.5596, BCE=0.5557, Reg=0.0039, AUC=0.7498, ACC=0.7217, RMSE=0.4319
2026-03-13 05:21:56,838 - INFO - [assist_09|assist_09_abce_best_no_B|lr=0.0003|drop=0.20] [Reg Terms] Epoch [014] | Train: graph_entropy=0.000000, graph_diag=0.000000, graph_uniform=0.003011, graph_reg_scale=1.0000, mf_l2=0.000000, proto_div=0.000000, proto_usage=0.000002, personal_sparse=0.000746, alpha_var=-0.000000, reg_bce_ratio=0.0079 | Val: graph_entropy=0.000000, graph_diag=0.000000, graph_uniform=0.003011, graph_reg_scale=1.0000, mf_l2=0.000000, proto_div=0.000000, proto_usage=0.000002, personal_sparse=0.000869, alpha_var=-0.000000, reg_bce_ratio=0.0070
2026-03-13 05:21:57,117 - INFO - [assist_09|assist_09_abce_best_no_B|lr=0.0003|drop=0.20] [Diag][M3] Epoch [014] | residual_abs_mean=0.0000, residual_std=0.0000, mf_abs_mean=0.0000, mf_std=0.0000, gate_mean=0.0000, gate_std=0.0000, irt_abs_mean=1.6716, irt_std=1.0875, delta_abs_mean=0.0000, delta_std=0.0000, delta_over_irt=0.0000, graph_row_entropy=2.4849, graph_entropy_ratio=0.5164, alpha_mean=0.3497, alpha_std=0.0001, personal_row_entropy=0.4487
2026-03-13 05:21:57,118 - INFO - [assist_09|assist_09_abce_best_no_B|lr=0.0003|drop=0.20] [Diag][Graph] Epoch [014] | entropy_ratio=0.5164, diag_mass=0.0000, to_uniform_l2=0.024727, to_identity_l2=0.093849, tau_mean=0.6932, tau_std=0.0000, graph_reg_scale(train/val)=1.0000/1.0000
2026-03-13 05:21:57,118 - INFO - [assist_09|assist_09_abce_best_no_B|lr=0.0003|drop=0.20] [Grad Norms] Epoch [014] | mf_u_proj=0.000000, mf_v_proj=0.000000, fusion_gate=0.000000, q_gate_raw=0.000000, skill_latent=0.000000, relation_emb=0.000000e+00, relation_tau=1.494938e-08, relation_wq=0.000000e+00, relation_wk=0.000000e+00, personal_u=2.343996e-01, personal_v=5.226594e-02
2026-03-13 05:21:57,118 - INFO - [assist_09|assist_09_abce_best_no_B|lr=0.0003|drop=0.20] -> No improvement 3 epoch(s) (best AUC=0.7509 @ 11)
2026-03-13 05:21:57,118 - INFO - [assist_09|assist_09_abce_best_no_B|lr=0.0003|drop=0.20] Early stopping at epoch 14 (best AUC=0.7509 @ 11)
2026-03-13 05:21:57,126 - INFO - Epoch-wise metrics saved to checkpoints/abce_diag/abce_rescue_v1/assist_09/seed42/best_no_B/metrics_history.csv
2026-03-13 05:21:57,127 - INFO - [assist_09|assist_09_abce_best_no_B|lr=0.0003|drop=0.20] Training completed! Best Val AUC=0.7509 @ epoch 11
2026-03-13 05:21:57,398 - INFO - 
============================================================
         MODULE ACTIVITY REPORT
============================================================
Dataset: assist_09 | Seed: 42 | Epoch: 14

1. Soft Prototype Module:
   - Usage entropy: 1.353 / 1.386
   - Usage ratio: 97.6%
   - Prototype distribution: ['0.37', '0.22', '0.21', '0.21']
   - Status: ✓ ACTIVE

2. Concept Graph Module:
   - Mean row entropy: 2.485 / 4.812
   - Entropy ratio: 51.6%
   - Status: ✓ ACTIVE (learning meaningful structure)

3. Personal Graph Module:
   - Gate alpha mean: 0.350
   - Gate alpha std: 0.000
   - Status: ⚠ MARGINAL (low alpha values)

4. Skill/MF Module:
   - MF logit |mean|: 0.0000
   - MF logit std: 0.0000
   - Fusion gate mean: 0.000
   - Status: ✗ INACTIVE (near-zero contribution)
   → Consider: check skill_dim or learning_rate

------------------------------------------------------------
SUMMARY:
   Active modules: Soft Prototype, Concept Graph
   ⚠ Inactive modules: Personal Graph, Skill/MF
============================================================
2026-03-13 05:21:57,399 - INFO - [assist_09|assist_09_abce_best_no_B|lr=0.0003|drop=0.20] Module activity saved to checkpoints/abce_diag/abce_rescue_v1/assist_09/seed42/best_no_B/module_activity.json
2026-03-13 05:21:57,475 - INFO - Using device: cuda:0 (physical gpu 1)
2026-03-13 05:21:57,475 - INFO - Loading model from checkpoints/abce_diag/abce_rescue_v1/assist_09/seed42/best_no_B/best_model.pth...
2026-03-13 05:21:58,008 - INFO - Inference switches: ablate_module1=False, ablate_module2=False, ablate_module3=False | enable_module1=True, enable_module2=True, enable_module3=True | use_soft_prototype=True, use_mf_branch=False, use_concept_graph=True, use_q_aligned_residual=True, use_soft_prototype_main_path=True | effective(num_gnn_layers=1, num_prototypes=4)
2026-03-13 05:21:58,019 - INFO - [Inference] Ablation runtime check: args(ablate_module1=False,ablate_module2=False,ablate_module3=False) | model(enable_module1=True,enable_module2=True,enable_module3=True) | physical(has_knowledge_encoder=True,has_mf_branch=False,has_soft_prototype=True)
2026-03-13 05:21:58,020 - INFO - [Inference] [Module3 Init] fusion_gate_bias=0.0000, fusion_gate_max=0.0000, implied_gate=0.0000, q_gate=0.0000, mf_scale=0.0000, bias_scale=0.0000, graph_tau_mean=1.0055, graph_tau_std=0.0000, graph_dropout=0.000
2026-03-13 05:21:58,021 - INFO - Model loaded from epoch 11. Start testing...
2026-03-13 05:21:59,554 - INFO - [Test] 200/411 batches done, samples=25600
2026-03-13 05:22:00,910 - INFO - [Test] 400/411 batches done, samples=51200
2026-03-13 05:22:01,072 - INFO - 
==================================================
2026-03-13 05:22:01,073 - INFO - Test Results:
2026-03-13 05:22:01,073 - INFO - AUC: 0.7544
2026-03-13 05:22:01,073 - INFO - ACC: 0.7266
2026-03-13 05:22:01,073 - INFO - RMSE: 0.4283
2026-03-13 05:22:01,073 - INFO - ==================================================
2026-03-13 05:22:01,092 - INFO - Summary appended to /home/zsh/ConceptSkillCDM/results/experiment_results.csv
2026-03-13 05:22:01,098 - INFO - Run completed.
2026-03-13 05:22:01,098 - INFO - Best validation AUC: 0.7509 at epoch 11
2026-03-13 05:22:01,098 - INFO - Test metrics - AUC: 0.7544, ACC: 0.7266, RMSE: 0.4283
