2026-04-16 07:23:12,205 - INFO - Arguments:
2026-04-16 07:23:12,205 - INFO -   ablate_concept_graph: True
2026-04-16 07:23:12,205 - INFO -   ablate_module1: False
2026-04-16 07:23:12,205 - INFO -   allow_self_loop: True
2026-04-16 07:23:12,205 - INFO -   alpha_min_target: 0.05
2026-04-16 07:23:12,205 - INFO -   batch_size: 128
2026-04-16 07:23:12,205 - INFO -   data_dir: ./data/assist_09
2026-04-16 07:23:12,205 - INFO -   dataset_name: assist_09
2026-04-16 07:23:12,205 - INFO -   debug_graph_diag: True
2026-04-16 07:23:12,205 - INFO -   diag_batches: 1
2026-04-16 07:23:12,205 - INFO -   disable_self_loop: False
2026-04-16 07:23:12,205 - INFO -   dropout: 0.2
2026-04-16 07:23:12,205 - INFO -   early_stop_patience: 3
2026-04-16 07:23:12,205 - INFO -   enable_module1: True
2026-04-16 07:23:12,206 - INFO -   epochs: 100
2026-04-16 07:23:12,206 - INFO -   generate_diagnosis: False
2026-04-16 07:23:12,206 - INFO -   gnn_residual_weight: 0.5
2026-04-16 07:23:12,206 - INFO -   gpu_candidates: None
2026-04-16 07:23:12,206 - INFO -   gpu_ids: None
2026-04-16 07:23:12,206 - INFO -   gpu_memory_threshold: 2000
2026-04-16 07:23:12,206 - INFO -   gpus: None
2026-04-16 07:23:12,206 - INFO -   graph_dropout: 0.0
2026-04-16 07:23:12,206 - INFO -   graph_entropy_max: 0.75
2026-04-16 07:23:12,206 - INFO -   graph_entropy_min: 0.25
2026-04-16 07:23:12,206 - INFO -   graph_identity_residual: 0.05
2026-04-16 07:23:12,206 - INFO -   graph_propagation_alpha: 0.24
2026-04-16 07:23:12,206 - INFO -   graph_query_writeback_2hop_scale: 0.2
2026-04-16 07:23:12,206 - INFO -   graph_query_writeback_scale: 0.6
2026-04-16 07:23:12,206 - INFO -   graph_readout_1hop_scale: 0.6
2026-04-16 07:23:12,206 - INFO -   graph_readout_2hop_scale: 0.2
2026-04-16 07:23:12,206 - INFO -   graph_reg_cap_ratio: 6.0
2026-04-16 07:23:12,206 - INFO -   graph_reg_warmup_epochs: 4
2026-04-16 07:23:12,206 - INFO -   graph_tau_init: 0.55
2026-04-16 07:23:12,206 - INFO -   graph_topk: 12
2026-04-16 07:23:12,206 - INFO -   graph_uniform_margin: 0.1
2026-04-16 07:23:12,206 - INFO -   knowledge_dim: 64
2026-04-16 07:23:12,206 - INFO -   lambda_alpha: 0.0
2026-04-16 07:23:12,206 - INFO -   lambda_alpha_min: 0.08
2026-04-16 07:23:12,206 - INFO -   lambda_graph_diag: 0.1
2026-04-16 07:23:12,206 - INFO -   lambda_graph_uniform: 0.04
2026-04-16 07:23:12,206 - INFO -   lambda_sparse: 0.8
2026-04-16 07:23:12,206 - INFO -   lambda_sparse_personal: 0.0005
2026-04-16 07:23:12,206 - INFO -   learning_rate: 0.0003
2026-04-16 07:23:12,207 - INFO -   log_dir: logs/abce_diag/remote_sparse_local_20260416_d3a8de0/assist_09/seed42/best_no_A
2026-04-16 07:23:12,207 - INFO -   max_test_batches: None
2026-04-16 07:23:12,207 - INFO -   max_train_batches: None
2026-04-16 07:23:12,207 - INFO -   max_val_batches: None
2026-04-16 07:23:12,207 - INFO -   min_exer_interactions: 0
2026-04-16 07:23:12,207 - INFO -   min_poison_count: 0
2026-04-16 07:23:12,207 - INFO -   min_stu_interactions: 15
2026-04-16 07:23:12,207 - INFO -   model_variant: assist_09_abce_best_no_A
2026-04-16 07:23:12,207 - INFO -   multi_gpu: False
2026-04-16 07:23:12,207 - INFO -   no_cuda: False
2026-04-16 07:23:12,207 - INFO -   num_gnn_layers: 2
2026-04-16 07:23:12,207 - INFO -   num_gpus: 1
2026-04-16 07:23:12,207 - INFO -   num_relation_heads: 2
2026-04-16 07:23:12,207 - INFO -   num_workers: 4
2026-04-16 07:23:12,207 - INFO -   patience: 5
2026-04-16 07:23:12,207 - INFO -   personal_alpha_base_init: 0.05
2026-04-16 07:23:12,207 - INFO -   personal_alpha_bias_scale: 0.0
2026-04-16 07:23:12,207 - INFO -   personal_alpha_budget: 0.1
2026-04-16 07:23:12,207 - INFO -   personal_alpha_temperature: 2.2
2026-04-16 07:23:12,207 - INFO -   personal_delta_scale: 4.0
2026-04-16 07:23:12,207 - INFO -   personal_disable_student_global_context: True
2026-04-16 07:23:12,207 - INFO -   personal_id_lr_mult: 0.5
2026-04-16 07:23:12,207 - INFO -   personal_local_hops: 1
2026-04-16 07:23:12,207 - INFO -   personal_max_alpha: 0.28
2026-04-16 07:23:12,207 - INFO -   personal_neighbor_row_budget: 0.35
2026-04-16 07:23:12,207 - INFO -   personal_query_row_budget: 1.0
2026-04-16 07:23:12,207 - INFO -   personal_rank: 8
2026-04-16 07:23:12,207 - INFO -   personal_reg_warmup_epochs: 8
2026-04-16 07:23:12,207 - INFO -   personal_state_lr_mult: 1.0
2026-04-16 07:23:12,208 - INFO -   personal_student_dim: 32
2026-04-16 07:23:12,208 - INFO -   personal_support_only: True
2026-04-16 07:23:12,208 - INFO -   personal_warmup_epochs: 8
2026-04-16 07:23:12,208 - INFO -   prediction_l2_lambda: 1e-05
2026-04-16 07:23:12,208 - INFO -   save_dir: checkpoints/abce_diag/remote_sparse_local_20260416_d3a8de0/assist_09/seed42/best_no_A
2026-04-16 07:23:12,208 - INFO -   save_interval: 10
2026-04-16 07:23:12,208 - INFO -   seed: 42
2026-04-16 07:23:12,208 - INFO -   share_concept_embeddings: True
2026-04-16 07:23:12,208 - INFO -   use_concept_graph: False
2026-04-16 07:23:12,208 - INFO -   use_exercise_graph: False
2026-04-16 07:23:12,208 - INFO -   use_personal_graph: True
2026-04-16 07:23:12,208 - INFO -   weight_decay: 1e-05
2026-04-16 07:23:12,309 - INFO - Using device: cuda:0 (physical gpu 2)
2026-04-16 07:23:12,309 - INFO - [assist_09|assist_09_abce_best_no_A|lr=0.0003|drop=0.20] Loading datasets...
2026-04-16 07:23:12,309 - INFO - [assist_09|assist_09_abce_best_no_A|lr=0.0003|drop=0.20] Regularization: graph_entropy(lambda_sparse)=0.800000, graph_diag=0.100000, graph_uniform=0.040000, personal_sparse=0.000500, alpha_penalty=0.000000, alpha_min=0.080000, prediction_l2=0.000010
2026-04-16 07:23:12,309 - INFO - [assist_09|assist_09_abce_best_no_A|lr=0.0003|drop=0.20] Graph controls: entropy_band=[0.25, 0.75], uniform_margin=0.10, warmup_epochs=4, cap_ratio=6.00, graph_dropout=0.000, graph_tau_init=0.550
2026-04-16 07:23:12,310 - INFO - [assist_09|assist_09_abce_best_no_A|lr=0.0003|drop=0.20] Personal controls: personal_max_alpha=0.280, personal_delta_scale=4.000, personal_warmup_epochs=8, personal_student_dim=32, alpha_min_target=0.0500, personal_local_hops=1, personal_support_only=True, personal_alpha_temperature=2.200, personal_alpha_budget=0.100, personal_query_row_budget=1.000, personal_neighbor_row_budget=0.350, personal_state_lr_mult=1.000, personal_id_lr_mult=0.500, graph_propagation_alpha=0.240, graph_query_writeback_scale=0.600, graph_query_writeback_2hop_scale=0.200
2026-04-16 07:23:12,409 - INFO - [assist_09] [数据清洗] 学生交互次数 < 15 次的学生：共移除 313 个学生（仅统计用户数）
2026-04-16 07:23:12,425 - INFO - [assist_09] [数据清洗] 学生冷启动过滤：在 train/valid/test 中共删除 5118 条记录。
2026-04-16 07:23:12,425 - INFO - [assist_09] [数据清洗] 跳过题目冷门过滤（min_exer_interactions <= 0）。
2026-04-16 07:23:12,425 - INFO - [assist_09] [数据清洗] 跳过毒题清洗（min_poison_count <= 0）。
2026-04-16 07:23:12,425 - INFO - [assist_09] 正在构建ID映射...
2026-04-16 07:23:12,684 - INFO - [assist_09] 正在构建Q矩阵...
2026-04-16 07:23:21,363 - INFO - [assist_09] [数据清洗] Valid train-seen 过滤：before=20072, after=19875, dropped=197, coverage=99.02%
2026-04-16 07:23:21,371 - INFO - [assist_09] [数据清洗] Test train-seen 过滤：before=51610, after=51090, dropped=520, coverage=98.99%
2026-04-16 07:23:21,372 - INFO - [assist_09] [统计] 开始统计清洗后每道题的概念数量分布...
2026-04-16 07:23:21,379 - INFO - [assist_09] [Train] 概念数统计：题目数=17057, 平均概念数=1.1995, min=1, max=4, 1概念=14129 (82.83%), ≥2概念=2928 (17.17%)
2026-04-16 07:23:21,379 - INFO - [assist_09] [Train] 概念数直方图（概念数: 题目数量）: {1: 14129, 2: 2533, 3: 315, 4: 80}
2026-04-16 07:23:21,383 - INFO - [assist_09] [Valid] 概念数统计：题目数=9034, 平均概念数=1.1996, min=1, max=4, 1概念=7500 (83.02%), ≥2概念=1534 (16.98%)
2026-04-16 07:23:21,383 - INFO - [assist_09] [Valid] 概念数直方图（概念数: 题目数量）: {1: 7500, 2: 1314, 3: 171, 4: 49}
2026-04-16 07:23:21,387 - INFO - [assist_09] [Test] 概念数统计：题目数=12825, 平均概念数=1.1994, min=1, max=4, 1概念=10661 (83.13%), ≥2概念=2164 (16.87%)
2026-04-16 07:23:21,388 - INFO - [assist_09] [Test] 概念数直方图（概念数: 题目数量）: {1: 10661, 2: 1836, 3: 263, 4: 65}
2026-04-16 07:23:21,388 - INFO - [assist_09] [统计] 概念数量统计完成。
2026-04-16 07:23:21,388 - INFO - [assist_09] 正在加载数据集...
2026-04-16 07:23:21,463 - INFO - [assist_09|assist_09_abce_best_no_A|lr=0.0003|drop=0.20] Train samples: 190623, Val samples: 19875
2026-04-16 07:23:21,463 - INFO - [assist_09|assist_09_abce_best_no_A|lr=0.0003|drop=0.20] Number of students: 2180
2026-04-16 07:23:21,463 - INFO - [assist_09|assist_09_abce_best_no_A|lr=0.0003|drop=0.20] Number of exercises: 17057
2026-04-16 07:23:21,463 - INFO - [assist_09|assist_09_abce_best_no_A|lr=0.0003|drop=0.20] Number of concepts: 123
2026-04-16 07:23:21,463 - INFO - [assist_09|assist_09_abce_best_no_A|lr=0.0003|drop=0.20] Creating model...
2026-04-16 07:23:21,463 - INFO - [assist_09|assist_09_abce_best_no_A|lr=0.0003|drop=0.20] Ablation switches: ablate_module1=False | enable_module1=True | use_concept_graph=False | effective(num_gnn_layers=2)
2026-04-16 07:23:21,854 - INFO - [assist_09|assist_09_abce_best_no_A|lr=0.0003|drop=0.20] Ablation runtime check: args(ablate_module1=False) | expect(use_concept_graph=False,use_personal_graph=True) | model(enable_module1=True,use_concept_graph=False,use_personal_graph=True) | physical(has_knowledge_encoder=True,has_relation_learning=False,has_adaptive_gate=True,has_personal_generator=True)
2026-04-16 07:23:21,855 - INFO - [assist_09|assist_09_abce_best_no_A|lr=0.0003|drop=0.20] Debug diagnostics enabled: diag_batches=1
2026-04-16 07:23:21,855 - INFO - [assist_09|assist_09_abce_best_no_A|lr=0.0003|drop=0.20] [Graph Init] graph_tau_mean=0.0000, graph_tau_std=0.0000, graph_dropout=0.000, use_personal_graph=True
2026-04-16 07:23:21,855 - INFO - [assist_09|assist_09_abce_best_no_A|lr=0.0003|drop=0.20] Total parameters: 910,297
2026-04-16 07:23:21,855 - INFO - [assist_09|assist_09_abce_best_no_A|lr=0.0003|drop=0.20] Trainable parameters: 910,297
2026-04-16 07:23:23,120 - INFO - [assist_09|assist_09_abce_best_no_A|lr=0.0003|drop=0.20] Optimizer param groups: backbone@lr=0.0003, personal_state@lr=0.0003, personal_id@lr=0.00015
2026-04-16 07:23:23,120 - INFO - [assist_09|assist_09_abce_best_no_A|lr=0.0003|drop=0.20] Monitor config: scheduler=val_auc(max), best_checkpoint=val_auc(max), early_stop=val_auc(max)
2026-04-16 07:23:23,120 - INFO - [assist_09|assist_09_abce_best_no_A|lr=0.0003|drop=0.20] Starting training...
2026-04-16 07:27:10,398 - INFO - [assist_09|assist_09_abce_best_no_A|lr=0.0003|drop=0.20] Epoch [001/100] | Train: Loss=0.5931, BCE=0.5927, Reg=0.0005, AUC=0.6839, ACC=0.6926, RMSE=0.4504 | Val: Loss=0.5713, BCE=0.5708, Reg=0.0005, AUC=0.7235, ACC=0.7084, RMSE=0.4400
2026-04-16 07:27:10,398 - INFO - [assist_09|assist_09_abce_best_no_A|lr=0.0003|drop=0.20] [Reg Terms] Epoch [001] | Train: graph_entropy=0.000000, graph_diag=0.000000, graph_uniform=0.000000, graph_reg_scale=1.0000, prediction_l2=0.000000, personal_sparse=0.000090, alpha_var=0.000000, alpha_collapse=0.000361, reg_bce_ratio=0.0008 | Val: graph_entropy=0.000000, graph_diag=0.000000, graph_uniform=0.000000, graph_reg_scale=1.0000, prediction_l2=0.000000, personal_sparse=0.000109, alpha_var=0.000000, alpha_collapse=0.000352, reg_bce_ratio=0.0008
2026-04-16 07:27:10,620 - INFO - [assist_09|assist_09_abce_best_no_A|lr=0.0003|drop=0.20] [Diag][AE] Epoch [001] | irt_abs_mean=1.2754, irt_std=0.5582, personal_warmup_scale=0.12, graph_row_entropy=0.0000, graph_entropy_ratio=0.0000, alpha_mean=0.0595, alpha_std=0.0155, alpha_base_mean=0.0559, alpha_delta_absmean=0.0930, alpha_saturation_ratio=0.0000, alpha_bias_std=NA, alpha_state_path=5.0409, alpha_id_path=0.0000, alpha_bias_path=0.0000, head_bias_path=1.3919, personal_row_entropy=4.1326, personal_matrix_delta=0.0081, personal_matrix_student_std=0.0046, personal_delta_pre_softmax_norm=2.3539, personal_delta_student_std=1.1346, alpha_head_std=0.0138, query_row_graph_delta=0.2694, query_row_personal_delta=2.2461, neighbor_row_personal_delta=0.0000, personal_row_budget_mean=1.0000, personal_query_row_std=0.0472, readout_query_support_mass=0.0000, personal_student_mix=0.0076, personal_student_adapter=0.0170, local_row_ratio=0.0098, support_density=0.4010, readout_query_delta=0.0266, personal_bad_rows=460.00, personal_fallback_rows=460.00, personal_logits_absmax=30.0000
2026-04-16 07:27:10,620 - INFO - [assist_09|assist_09_abce_best_no_A|lr=0.0003|drop=0.20] [Diag][A] Epoch [001] | entropy_ratio=0.0000, diag_mass=1.0000, to_uniform_l2=0.089800, to_identity_l2=0.000000, relation_identity_delta=0.000000, knowledge_state_graph_delta=0.619470, knowledge_state_personal_delta=0.018479, share_concept_embeddings=True, tau_mean=0.0000, tau_std=0.0000, graph_reg_scale(train/val)=1.0000/1.0000
2026-04-16 07:27:10,620 - INFO - [assist_09|assist_09_abce_best_no_A|lr=0.0003|drop=0.20] [Grad Norms] Epoch [001] | relation_emb=0.000000e+00, relation_tau=0.000000e+00, relation_wq=0.000000e+00, relation_wk=0.000000e+00, personal_u=7.260791e-03, personal_v=2.747108e-03, personal_alpha_bias=0.000000e+00, personal_gate_emb=1.108068e-12, personal_gate_state_proj=4.862426e-08, personal_gate_context_proj=1.665504e-07, personal_gate_state_direct=2.895910e-04, personal_gate_id_direct=6.052832e-11, personal_gate_context_direct=9.874769e-04, personal_gate_out=5.066610e-07, personal_generator_emb=1.232429e-12, personal_generator_context_proj=4.117715e-13, personal_generator_context_hidden=2.824116e-14, personal_generator_context_to_u=1.770192e-10, personal_generator_context_to_v=7.547692e-11, personal_generator_state_row=6.396165e-07, personal_generator_state_col=2.965982e-07, personal_generator_id_row=2.009166e-09, personal_generator_id_col=9.099558e-10, personal_generator_state_adapter=1.698251e-11, personal_generator_id_adapter=1.402650e-16, personal_generator_context_adapter=3.201603e-16, personal_generator_direct_scale=3.558572e-06
2026-04-16 07:27:10,840 - INFO - [assist_09|assist_09_abce_best_no_A|lr=0.0003|drop=0.20] -> New best AUC=0.7235 at epoch 1
2026-04-16 07:28:53,278 - INFO - [assist_09|assist_09_abce_best_no_A|lr=0.0003|drop=0.20] Epoch [002/100] | Train: Loss=0.5583, BCE=0.5577, Reg=0.0006, AUC=0.7370, ACC=0.7177, RMSE=0.4337 | Val: Loss=0.5687, BCE=0.5681, Reg=0.0006, AUC=0.7317, ACC=0.7106, RMSE=0.4388
2026-04-16 07:28:53,279 - INFO - [assist_09|assist_09_abce_best_no_A|lr=0.0003|drop=0.20] [Reg Terms] Epoch [002] | Train: graph_entropy=0.000000, graph_diag=0.000000, graph_uniform=0.000000, graph_reg_scale=1.0000, prediction_l2=0.000000, personal_sparse=0.000182, alpha_var=0.000000, alpha_collapse=0.000412, reg_bce_ratio=0.0011 | Val: graph_entropy=0.000000, graph_diag=0.000000, graph_uniform=0.000000, graph_reg_scale=1.0000, prediction_l2=0.000000, personal_sparse=0.000217, alpha_var=0.000000, alpha_collapse=0.000366, reg_bce_ratio=0.0010
2026-04-16 07:28:53,564 - INFO - [assist_09|assist_09_abce_best_no_A|lr=0.0003|drop=0.20] [Diag][AE] Epoch [002] | irt_abs_mean=1.4274, irt_std=0.6289, personal_warmup_scale=0.25, graph_row_entropy=0.0000, graph_entropy_ratio=0.0000, alpha_mean=0.0615, alpha_std=0.0331, alpha_base_mean=0.0586, alpha_delta_absmean=0.0974, alpha_saturation_ratio=0.0000, alpha_bias_std=NA, alpha_state_path=5.9190, alpha_id_path=0.0000, alpha_bias_path=0.0000, head_bias_path=1.3429, personal_row_entropy=4.1177, personal_matrix_delta=0.0082, personal_matrix_student_std=0.0047, personal_delta_pre_softmax_norm=2.3424, personal_delta_student_std=1.1393, alpha_head_std=0.0313, query_row_graph_delta=0.3011, query_row_personal_delta=2.2257, neighbor_row_personal_delta=0.0000, personal_row_budget_mean=1.0000, personal_query_row_std=0.0477, readout_query_support_mass=0.0000, personal_student_mix=0.0109, personal_student_adapter=0.0226, local_row_ratio=0.0098, support_density=0.4010, readout_query_delta=0.0298, personal_bad_rows=460.00, personal_fallback_rows=460.00, personal_logits_absmax=30.0000
2026-04-16 07:28:53,564 - INFO - [assist_09|assist_09_abce_best_no_A|lr=0.0003|drop=0.20] [Diag][A] Epoch [002] | entropy_ratio=0.0000, diag_mass=1.0000, to_uniform_l2=0.089800, to_identity_l2=0.000000, relation_identity_delta=0.000000, knowledge_state_graph_delta=0.672395, knowledge_state_personal_delta=0.018194, share_concept_embeddings=True, tau_mean=0.0000, tau_std=0.0000, graph_reg_scale(train/val)=1.0000/1.0000
2026-04-16 07:28:53,564 - INFO - [assist_09|assist_09_abce_best_no_A|lr=0.0003|drop=0.20] [Grad Norms] Epoch [002] | relation_emb=0.000000e+00, relation_tau=0.000000e+00, relation_wq=0.000000e+00, relation_wk=0.000000e+00, personal_u=1.487546e-02, personal_v=3.352802e-03, personal_alpha_bias=0.000000e+00, personal_gate_emb=3.828941e-16, personal_gate_state_proj=4.095227e-13, personal_gate_context_proj=8.786267e-13, personal_gate_state_direct=2.355200e-04, personal_gate_id_direct=1.014811e-13, personal_gate_context_direct=5.209495e-04, personal_gate_out=4.152652e-10, personal_generator_emb=1.383292e-13, personal_generator_context_proj=4.647547e-19, personal_generator_context_hidden=1.123018e-22, personal_generator_context_to_u=1.360491e-14, personal_generator_context_to_v=4.144649e-15, personal_generator_state_row=7.335280e-07, personal_generator_state_col=2.287093e-07, personal_generator_id_row=7.244236e-13, personal_generator_id_col=4.525749e-13, personal_generator_state_adapter=1.073917e-10, personal_generator_id_adapter=1.006811e-19, personal_generator_context_adapter=6.280054e-25, personal_generator_direct_scale=6.109152e-06
2026-04-16 07:28:53,985 - INFO - [assist_09|assist_09_abce_best_no_A|lr=0.0003|drop=0.20] -> New best AUC=0.7317 at epoch 2
2026-04-16 07:30:34,118 - INFO - [assist_09|assist_09_abce_best_no_A|lr=0.0003|drop=0.20] Epoch [003/100] | Train: Loss=0.5490, BCE=0.5487, Reg=0.0004, AUC=0.7486, ACC=0.7215, RMSE=0.4298 | Val: Loss=0.5658, BCE=0.5655, Reg=0.0003, AUC=0.7369, ACC=0.7118, RMSE=0.4376
2026-04-16 07:30:34,119 - INFO - [assist_09|assist_09_abce_best_no_A|lr=0.0003|drop=0.20] [Reg Terms] Epoch [003] | Train: graph_entropy=0.000000, graph_diag=0.000000, graph_uniform=0.000000, graph_reg_scale=1.0000, prediction_l2=0.000000, personal_sparse=0.000270, alpha_var=0.000000, alpha_collapse=0.000096, reg_bce_ratio=0.0007 | Val: graph_entropy=0.000000, graph_diag=0.000000, graph_uniform=0.000000, graph_reg_scale=1.0000, prediction_l2=0.000000, personal_sparse=0.000325, alpha_var=0.000000, alpha_collapse=0.000020, reg_bce_ratio=0.0006
2026-04-16 07:30:34,338 - INFO - [assist_09|assist_09_abce_best_no_A|lr=0.0003|drop=0.20] [Diag][AE] Epoch [003] | irt_abs_mean=1.4529, irt_std=0.7303, personal_warmup_scale=0.38, graph_row_entropy=0.0000, graph_entropy_ratio=0.0000, alpha_mean=0.0634, alpha_std=0.0511, alpha_base_mean=0.0605, alpha_delta_absmean=0.0974, alpha_saturation_ratio=0.0000, alpha_bias_std=NA, alpha_state_path=6.1373, alpha_id_path=0.0000, alpha_bias_path=0.0000, head_bias_path=1.3184, personal_row_entropy=4.1033, personal_matrix_delta=0.0083, personal_matrix_student_std=0.0047, personal_delta_pre_softmax_norm=2.3210, personal_delta_student_std=1.1179, alpha_head_std=0.0495, query_row_graph_delta=0.3209, query_row_personal_delta=2.1914, neighbor_row_personal_delta=0.0000, personal_row_budget_mean=1.0000, personal_query_row_std=0.0601, readout_query_support_mass=0.0000, personal_student_mix=0.0150, personal_student_adapter=0.0284, local_row_ratio=0.0098, support_density=0.4010, readout_query_delta=0.0317, personal_bad_rows=460.00, personal_fallback_rows=460.00, personal_logits_absmax=30.0000
2026-04-16 07:30:34,339 - INFO - [assist_09|assist_09_abce_best_no_A|lr=0.0003|drop=0.20] [Diag][A] Epoch [003] | entropy_ratio=0.0000, diag_mass=1.0000, to_uniform_l2=0.089800, to_identity_l2=0.000000, relation_identity_delta=0.000000, knowledge_state_graph_delta=0.696137, knowledge_state_personal_delta=0.016960, share_concept_embeddings=True, tau_mean=0.0000, tau_std=0.0000, graph_reg_scale(train/val)=1.0000/1.0000
2026-04-16 07:30:34,339 - INFO - [assist_09|assist_09_abce_best_no_A|lr=0.0003|drop=0.20] [Grad Norms] Epoch [003] | relation_emb=0.000000e+00, relation_tau=0.000000e+00, relation_wq=0.000000e+00, relation_wk=0.000000e+00, personal_u=1.752504e-02, personal_v=8.501456e-03, personal_alpha_bias=0.000000e+00, personal_gate_emb=4.905421e-18, personal_gate_state_proj=1.325959e-19, personal_gate_context_proj=2.061836e-19, personal_gate_state_direct=6.845982e-04, personal_gate_id_direct=2.359781e-19, personal_gate_context_direct=1.066486e-03, personal_gate_out=9.441205e-14, personal_generator_emb=8.430193e-17, personal_generator_context_proj=0.000000e+00, personal_generator_context_hidden=0.000000e+00, personal_generator_context_to_u=0.000000e+00, personal_generator_context_to_v=0.000000e+00, personal_generator_state_row=1.610805e-08, personal_generator_state_col=6.104888e-09, personal_generator_id_row=7.085306e-15, personal_generator_id_col=2.116641e-15, personal_generator_state_adapter=8.249276e-13, personal_generator_id_adapter=2.509767e-25, personal_generator_context_adapter=5.044674e-44, personal_generator_direct_scale=4.227206e-06
2026-04-16 07:30:34,701 - INFO - [assist_09|assist_09_abce_best_no_A|lr=0.0003|drop=0.20] -> New best AUC=0.7369 at epoch 3
2026-04-16 07:32:19,604 - INFO - [assist_09|assist_09_abce_best_no_A|lr=0.0003|drop=0.20] Epoch [004/100] | Train: Loss=0.5422, BCE=0.5418, Reg=0.0004, AUC=0.7569, ACC=0.7249, RMSE=0.4268 | Val: Loss=0.5580, BCE=0.5576, Reg=0.0004, AUC=0.7411, ACC=0.7136, RMSE=0.4342
2026-04-16 07:32:19,604 - INFO - [assist_09|assist_09_abce_best_no_A|lr=0.0003|drop=0.20] [Reg Terms] Epoch [004] | Train: graph_entropy=0.000000, graph_diag=0.000000, graph_uniform=0.000000, graph_reg_scale=1.0000, prediction_l2=0.000000, personal_sparse=0.000361, alpha_var=0.000000, alpha_collapse=0.000000, reg_bce_ratio=0.0007 | Val: graph_entropy=0.000000, graph_diag=0.000000, graph_uniform=0.000000, graph_reg_scale=1.0000, prediction_l2=0.000000, personal_sparse=0.000432, alpha_var=0.000000, alpha_collapse=0.000000, reg_bce_ratio=0.0008
2026-04-16 07:32:19,892 - INFO - [assist_09|assist_09_abce_best_no_A|lr=0.0003|drop=0.20] [Diag][AE] Epoch [004] | irt_abs_mean=1.3760, irt_std=0.6717, personal_warmup_scale=0.50, graph_row_entropy=0.0000, graph_entropy_ratio=0.0000, alpha_mean=0.0666, alpha_std=0.0601, alpha_base_mean=0.0614, alpha_delta_absmean=0.0941, alpha_saturation_ratio=0.0000, alpha_bias_std=NA, alpha_state_path=4.3547, alpha_id_path=0.0000, alpha_bias_path=0.0000, head_bias_path=1.3006, personal_row_entropy=4.0892, personal_matrix_delta=0.0084, personal_matrix_student_std=0.0047, personal_delta_pre_softmax_norm=2.3082, personal_delta_student_std=1.1094, alpha_head_std=0.0572, query_row_graph_delta=0.3307, query_row_personal_delta=2.1714, neighbor_row_personal_delta=0.0000, personal_row_budget_mean=1.0000, personal_query_row_std=0.0587, readout_query_support_mass=0.0000, personal_student_mix=0.0195, personal_student_adapter=0.0339, local_row_ratio=0.0098, support_density=0.4010, readout_query_delta=0.0327, personal_bad_rows=460.00, personal_fallback_rows=460.00, personal_logits_absmax=30.0000
2026-04-16 07:32:19,892 - INFO - [assist_09|assist_09_abce_best_no_A|lr=0.0003|drop=0.20] [Diag][A] Epoch [004] | entropy_ratio=0.0000, diag_mass=1.0000, to_uniform_l2=0.089800, to_identity_l2=0.000000, relation_identity_delta=0.000000, knowledge_state_graph_delta=0.699969, knowledge_state_personal_delta=0.015677, share_concept_embeddings=True, tau_mean=0.0000, tau_std=0.0000, graph_reg_scale(train/val)=1.0000/1.0000
2026-04-16 07:32:19,892 - INFO - [assist_09|assist_09_abce_best_no_A|lr=0.0003|drop=0.20] [Grad Norms] Epoch [004] | relation_emb=0.000000e+00, relation_tau=0.000000e+00, relation_wq=0.000000e+00, relation_wk=0.000000e+00, personal_u=6.292468e-03, personal_v=4.178971e-03, personal_alpha_bias=0.000000e+00, personal_gate_emb=0.000000e+00, personal_gate_state_proj=9.169026e-19, personal_gate_context_proj=1.535199e-18, personal_gate_state_direct=1.333216e-03, personal_gate_id_direct=1.715438e-22, personal_gate_context_direct=2.003440e-03, personal_gate_out=9.906661e-07, personal_generator_emb=0.000000e+00, personal_generator_context_proj=0.000000e+00, personal_generator_context_hidden=0.000000e+00, personal_generator_context_to_u=0.000000e+00, personal_generator_context_to_v=0.000000e+00, personal_generator_state_row=8.739934e-16, personal_generator_state_col=7.647181e-16, personal_generator_id_row=4.157020e-21, personal_generator_id_col=2.729854e-21, personal_generator_state_adapter=4.852726e-28, personal_generator_id_adapter=8.247633e-38, personal_generator_context_adapter=0.000000e+00, personal_generator_direct_scale=6.387074e-06
2026-04-16 07:32:20,303 - INFO - [assist_09|assist_09_abce_best_no_A|lr=0.0003|drop=0.20] -> New best AUC=0.7411 at epoch 4
2026-04-16 07:34:02,761 - INFO - [assist_09|assist_09_abce_best_no_A|lr=0.0003|drop=0.20] Epoch [005/100] | Train: Loss=0.5355, BCE=0.5351, Reg=0.0004, AUC=0.7652, ACC=0.7287, RMSE=0.4238 | Val: Loss=0.5573, BCE=0.5568, Reg=0.0005, AUC=0.7441, ACC=0.7158, RMSE=0.4337
2026-04-16 07:34:02,761 - INFO - [assist_09|assist_09_abce_best_no_A|lr=0.0003|drop=0.20] [Reg Terms] Epoch [005] | Train: graph_entropy=0.000000, graph_diag=0.000000, graph_uniform=0.000000, graph_reg_scale=1.0000, prediction_l2=0.000000, personal_sparse=0.000448, alpha_var=0.000000, alpha_collapse=0.000000, reg_bce_ratio=0.0008 | Val: graph_entropy=0.000000, graph_diag=0.000000, graph_uniform=0.000000, graph_reg_scale=1.0000, prediction_l2=0.000000, personal_sparse=0.000538, alpha_var=0.000000, alpha_collapse=0.000000, reg_bce_ratio=0.0010
2026-04-16 07:34:03,057 - INFO - [assist_09|assist_09_abce_best_no_A|lr=0.0003|drop=0.20] [Diag][AE] Epoch [005] | irt_abs_mean=1.4435, irt_std=0.7354, personal_warmup_scale=0.62, graph_row_entropy=0.0000, graph_entropy_ratio=0.0000, alpha_mean=0.0773, alpha_std=0.0657, alpha_base_mean=0.0631, alpha_delta_absmean=0.0916, alpha_saturation_ratio=0.0000, alpha_bias_std=NA, alpha_state_path=4.0161, alpha_id_path=0.0000, alpha_bias_path=0.0000, head_bias_path=1.2659, personal_row_entropy=4.0666, personal_matrix_delta=0.0086, personal_matrix_student_std=0.0048, personal_delta_pre_softmax_norm=2.2958, personal_delta_student_std=1.1173, alpha_head_std=0.0609, query_row_graph_delta=0.3373, query_row_personal_delta=2.1557, neighbor_row_personal_delta=0.0000, personal_row_budget_mean=1.0000, personal_query_row_std=0.0624, readout_query_support_mass=0.0000, personal_student_mix=0.0245, personal_student_adapter=0.0380, local_row_ratio=0.0098, support_density=0.4010, readout_query_delta=0.0334, personal_bad_rows=460.00, personal_fallback_rows=460.00, personal_logits_absmax=30.0000
2026-04-16 07:34:03,058 - INFO - [assist_09|assist_09_abce_best_no_A|lr=0.0003|drop=0.20] [Diag][A] Epoch [005] | entropy_ratio=0.0000, diag_mass=1.0000, to_uniform_l2=0.089800, to_identity_l2=0.000000, relation_identity_delta=0.000000, knowledge_state_graph_delta=0.721275, knowledge_state_personal_delta=0.015214, share_concept_embeddings=True, tau_mean=0.0000, tau_std=0.0000, graph_reg_scale(train/val)=1.0000/1.0000
2026-04-16 07:34:03,058 - INFO - [assist_09|assist_09_abce_best_no_A|lr=0.0003|drop=0.20] [Grad Norms] Epoch [005] | relation_emb=0.000000e+00, relation_tau=0.000000e+00, relation_wq=0.000000e+00, relation_wk=0.000000e+00, personal_u=1.720387e-02, personal_v=8.631960e-03, personal_alpha_bias=0.000000e+00, personal_gate_emb=0.000000e+00, personal_gate_state_proj=0.000000e+00, personal_gate_context_proj=0.000000e+00, personal_gate_state_direct=1.656668e-03, personal_gate_id_direct=0.000000e+00, personal_gate_context_direct=1.235627e-03, personal_gate_out=7.040686e-07, personal_generator_emb=0.000000e+00, personal_generator_context_proj=0.000000e+00, personal_generator_context_hidden=0.000000e+00, personal_generator_context_to_u=0.000000e+00, personal_generator_context_to_v=0.000000e+00, personal_generator_state_row=0.000000e+00, personal_generator_state_col=0.000000e+00, personal_generator_id_row=0.000000e+00, personal_generator_id_col=0.000000e+00, personal_generator_state_adapter=0.000000e+00, personal_generator_id_adapter=0.000000e+00, personal_generator_context_adapter=0.000000e+00, personal_generator_direct_scale=8.644263e-06
2026-04-16 07:34:03,474 - INFO - [assist_09|assist_09_abce_best_no_A|lr=0.0003|drop=0.20] -> New best AUC=0.7441 at epoch 5
2026-04-16 07:35:41,338 - INFO - [assist_09|assist_09_abce_best_no_A|lr=0.0003|drop=0.20] Epoch [006/100] | Train: Loss=0.5289, BCE=0.5284, Reg=0.0005, AUC=0.7727, ACC=0.7320, RMSE=0.4208 | Val: Loss=0.5554, BCE=0.5548, Reg=0.0006, AUC=0.7474, ACC=0.7172, RMSE=0.4327
2026-04-16 07:35:41,339 - INFO - [assist_09|assist_09_abce_best_no_A|lr=0.0003|drop=0.20] [Reg Terms] Epoch [006] | Train: graph_entropy=0.000000, graph_diag=0.000000, graph_uniform=0.000000, graph_reg_scale=1.0000, prediction_l2=0.000000, personal_sparse=0.000536, alpha_var=0.000000, alpha_collapse=0.000000, reg_bce_ratio=0.0010 | Val: graph_entropy=0.000000, graph_diag=0.000000, graph_uniform=0.000000, graph_reg_scale=1.0000, prediction_l2=0.000000, personal_sparse=0.000643, alpha_var=0.000000, alpha_collapse=0.000000, reg_bce_ratio=0.0012
2026-04-16 07:35:41,626 - INFO - [assist_09|assist_09_abce_best_no_A|lr=0.0003|drop=0.20] [Diag][AE] Epoch [006] | irt_abs_mean=1.4667, irt_std=0.7660, personal_warmup_scale=0.75, graph_row_entropy=0.0000, graph_entropy_ratio=0.0000, alpha_mean=0.0864, alpha_std=0.0729, alpha_base_mean=0.0652, alpha_delta_absmean=0.0907, alpha_saturation_ratio=0.0000, alpha_bias_std=NA, alpha_state_path=4.0502, alpha_id_path=0.0000, alpha_bias_path=0.0000, head_bias_path=1.2235, personal_row_entropy=4.0517, personal_matrix_delta=0.0087, personal_matrix_student_std=0.0049, personal_delta_pre_softmax_norm=2.2806, personal_delta_student_std=1.1195, alpha_head_std=0.0674, query_row_graph_delta=0.3416, query_row_personal_delta=2.1325, neighbor_row_personal_delta=0.0000, personal_row_budget_mean=1.0000, personal_query_row_std=0.0722, readout_query_support_mass=0.0000, personal_student_mix=0.0294, personal_student_adapter=0.0398, local_row_ratio=0.0098, support_density=0.4010, readout_query_delta=0.0338, personal_bad_rows=460.00, personal_fallback_rows=460.00, personal_logits_absmax=30.0000
2026-04-16 07:35:41,626 - INFO - [assist_09|assist_09_abce_best_no_A|lr=0.0003|drop=0.20] [Diag][A] Epoch [006] | entropy_ratio=0.0000, diag_mass=1.0000, to_uniform_l2=0.089800, to_identity_l2=0.000000, relation_identity_delta=0.000000, knowledge_state_graph_delta=0.727534, knowledge_state_personal_delta=0.016427, share_concept_embeddings=True, tau_mean=0.0000, tau_std=0.0000, graph_reg_scale(train/val)=1.0000/1.0000
2026-04-16 07:35:41,627 - INFO - [assist_09|assist_09_abce_best_no_A|lr=0.0003|drop=0.20] [Grad Norms] Epoch [006] | relation_emb=0.000000e+00, relation_tau=0.000000e+00, relation_wq=0.000000e+00, relation_wk=0.000000e+00, personal_u=5.019476e-02, personal_v=1.609271e-02, personal_alpha_bias=0.000000e+00, personal_gate_emb=0.000000e+00, personal_gate_state_proj=0.000000e+00, personal_gate_context_proj=0.000000e+00, personal_gate_state_direct=1.270556e-03, personal_gate_id_direct=0.000000e+00, personal_gate_context_direct=1.823431e-03, personal_gate_out=9.887766e-07, personal_generator_emb=0.000000e+00, personal_generator_context_proj=0.000000e+00, personal_generator_context_hidden=0.000000e+00, personal_generator_context_to_u=0.000000e+00, personal_generator_context_to_v=0.000000e+00, personal_generator_state_row=0.000000e+00, personal_generator_state_col=0.000000e+00, personal_generator_id_row=0.000000e+00, personal_generator_id_col=0.000000e+00, personal_generator_state_adapter=0.000000e+00, personal_generator_id_adapter=0.000000e+00, personal_generator_context_adapter=0.000000e+00, personal_generator_direct_scale=2.886922e-05
2026-04-16 07:35:41,934 - INFO - [assist_09|assist_09_abce_best_no_A|lr=0.0003|drop=0.20] -> New best AUC=0.7474 at epoch 6
2026-04-16 07:37:21,743 - INFO - [assist_09|assist_09_abce_best_no_A|lr=0.0003|drop=0.20] Epoch [007/100] | Train: Loss=0.5224, BCE=0.5218, Reg=0.0006, AUC=0.7801, ACC=0.7358, RMSE=0.4178 | Val: Loss=0.5525, BCE=0.5518, Reg=0.0007, AUC=0.7500, ACC=0.7180, RMSE=0.4313
2026-04-16 07:37:21,744 - INFO - [assist_09|assist_09_abce_best_no_A|lr=0.0003|drop=0.20] [Reg Terms] Epoch [007] | Train: graph_entropy=0.000000, graph_diag=0.000000, graph_uniform=0.000000, graph_reg_scale=1.0000, prediction_l2=0.000000, personal_sparse=0.000623, alpha_var=0.000000, alpha_collapse=0.000000, reg_bce_ratio=0.0012 | Val: graph_entropy=0.000000, graph_diag=0.000000, graph_uniform=0.000000, graph_reg_scale=1.0000, prediction_l2=0.000000, personal_sparse=0.000747, alpha_var=0.000000, alpha_collapse=0.000000, reg_bce_ratio=0.0014
2026-04-16 07:37:22,025 - INFO - [assist_09|assist_09_abce_best_no_A|lr=0.0003|drop=0.20] [Diag][AE] Epoch [007] | irt_abs_mean=1.4913, irt_std=0.7768, personal_warmup_scale=0.88, graph_row_entropy=0.0000, graph_entropy_ratio=0.0000, alpha_mean=0.1014, alpha_std=0.0788, alpha_base_mean=0.0682, alpha_delta_absmean=0.0884, alpha_saturation_ratio=0.0000, alpha_bias_std=NA, alpha_state_path=4.0826, alpha_id_path=0.0000, alpha_bias_path=0.0000, head_bias_path=1.1645, personal_row_entropy=4.0352, personal_matrix_delta=0.0088, personal_matrix_student_std=0.0050, personal_delta_pre_softmax_norm=2.2770, personal_delta_student_std=1.1299, alpha_head_std=0.0701, query_row_graph_delta=0.3482, query_row_personal_delta=2.1265, neighbor_row_personal_delta=0.0000, personal_row_budget_mean=1.0000, personal_query_row_std=0.0667, readout_query_support_mass=0.0000, personal_student_mix=0.0345, personal_student_adapter=0.0400, local_row_ratio=0.0098, support_density=0.4010, readout_query_delta=0.0344, personal_bad_rows=460.00, personal_fallback_rows=460.00, personal_logits_absmax=30.0000
2026-04-16 07:37:22,025 - INFO - [assist_09|assist_09_abce_best_no_A|lr=0.0003|drop=0.20] [Diag][A] Epoch [007] | entropy_ratio=0.0000, diag_mass=1.0000, to_uniform_l2=0.089800, to_identity_l2=0.000000, relation_identity_delta=0.000000, knowledge_state_graph_delta=0.748568, knowledge_state_personal_delta=0.017851, share_concept_embeddings=True, tau_mean=0.0000, tau_std=0.0000, graph_reg_scale(train/val)=1.0000/1.0000
2026-04-16 07:37:22,025 - INFO - [assist_09|assist_09_abce_best_no_A|lr=0.0003|drop=0.20] [Grad Norms] Epoch [007] | relation_emb=0.000000e+00, relation_tau=0.000000e+00, relation_wq=0.000000e+00, relation_wk=0.000000e+00, personal_u=6.090377e-02, personal_v=2.287384e-02, personal_alpha_bias=0.000000e+00, personal_gate_emb=0.000000e+00, personal_gate_state_proj=0.000000e+00, personal_gate_context_proj=0.000000e+00, personal_gate_state_direct=2.132801e-03, personal_gate_id_direct=0.000000e+00, personal_gate_context_direct=3.587029e-03, personal_gate_out=2.131347e-06, personal_generator_emb=0.000000e+00, personal_generator_context_proj=0.000000e+00, personal_generator_context_hidden=0.000000e+00, personal_generator_context_to_u=0.000000e+00, personal_generator_context_to_v=0.000000e+00, personal_generator_state_row=0.000000e+00, personal_generator_state_col=0.000000e+00, personal_generator_id_row=0.000000e+00, personal_generator_id_col=0.000000e+00, personal_generator_state_adapter=0.000000e+00, personal_generator_id_adapter=0.000000e+00, personal_generator_context_adapter=0.000000e+00, personal_generator_direct_scale=5.260494e-05
2026-04-16 07:37:22,463 - INFO - [assist_09|assist_09_abce_best_no_A|lr=0.0003|drop=0.20] -> New best AUC=0.7500 at epoch 7
2026-04-16 07:39:03,387 - INFO - [assist_09|assist_09_abce_best_no_A|lr=0.0003|drop=0.20] Epoch [008/100] | Train: Loss=0.5160, BCE=0.5153, Reg=0.0007, AUC=0.7870, ACC=0.7396, RMSE=0.4149 | Val: Loss=0.5500, BCE=0.5490, Reg=0.0010, AUC=0.7513, ACC=0.7198, RMSE=0.4300
2026-04-16 07:39:03,388 - INFO - [assist_09|assist_09_abce_best_no_A|lr=0.0003|drop=0.20] [Reg Terms] Epoch [008] | Train: graph_entropy=0.000000, graph_diag=0.000000, graph_uniform=0.000000, graph_reg_scale=1.0000, prediction_l2=0.000000, personal_sparse=0.000709, alpha_var=0.000000, alpha_collapse=0.000000, reg_bce_ratio=0.0014 | Val: graph_entropy=0.000000, graph_diag=0.000000, graph_uniform=0.000000, graph_reg_scale=1.0000, prediction_l2=0.000000, personal_sparse=0.000853, alpha_var=0.000000, alpha_collapse=0.000167, reg_bce_ratio=0.0019
2026-04-16 07:39:03,697 - INFO - [assist_09|assist_09_abce_best_no_A|lr=0.0003|drop=0.20] [Diag][AE] Epoch [008] | irt_abs_mean=1.4181, irt_std=0.7923, personal_warmup_scale=1.00, graph_row_entropy=0.0000, graph_entropy_ratio=0.0000, alpha_mean=0.1447, alpha_std=0.0555, alpha_base_mean=0.0714, alpha_delta_absmean=0.0820, alpha_saturation_ratio=0.0000, alpha_bias_std=NA, alpha_state_path=3.8081, alpha_id_path=0.0000, alpha_bias_path=0.0000, head_bias_path=1.1042, personal_row_entropy=4.0272, personal_matrix_delta=0.0089, personal_matrix_student_std=0.0051, personal_delta_pre_softmax_norm=2.2889, personal_delta_student_std=1.1526, alpha_head_std=0.0431, query_row_graph_delta=0.3534, query_row_personal_delta=2.1396, neighbor_row_personal_delta=0.0000, personal_row_budget_mean=1.0000, personal_query_row_std=0.0673, readout_query_support_mass=0.0000, personal_student_mix=0.0390, personal_student_adapter=0.0400, local_row_ratio=0.0098, support_density=0.4010, readout_query_delta=0.0350, personal_bad_rows=460.00, personal_fallback_rows=460.00, personal_logits_absmax=30.0000
2026-04-16 07:39:03,697 - INFO - [assist_09|assist_09_abce_best_no_A|lr=0.0003|drop=0.20] [Diag][A] Epoch [008] | entropy_ratio=0.0000, diag_mass=1.0000, to_uniform_l2=0.089800, to_identity_l2=0.000000, relation_identity_delta=0.000000, knowledge_state_graph_delta=0.759940, knowledge_state_personal_delta=0.019912, share_concept_embeddings=True, tau_mean=0.0000, tau_std=0.0000, graph_reg_scale(train/val)=1.0000/1.0000
2026-04-16 07:39:03,697 - INFO - [assist_09|assist_09_abce_best_no_A|lr=0.0003|drop=0.20] [Grad Norms] Epoch [008] | relation_emb=0.000000e+00, relation_tau=0.000000e+00, relation_wq=0.000000e+00, relation_wk=0.000000e+00, personal_u=4.522018e-02, personal_v=1.850534e-02, personal_alpha_bias=0.000000e+00, personal_gate_emb=0.000000e+00, personal_gate_state_proj=0.000000e+00, personal_gate_context_proj=0.000000e+00, personal_gate_state_direct=1.551955e-03, personal_gate_id_direct=0.000000e+00, personal_gate_context_direct=2.411838e-03, personal_gate_out=8.876192e-06, personal_generator_emb=0.000000e+00, personal_generator_context_proj=0.000000e+00, personal_generator_context_hidden=0.000000e+00, personal_generator_context_to_u=0.000000e+00, personal_generator_context_to_v=0.000000e+00, personal_generator_state_row=0.000000e+00, personal_generator_state_col=0.000000e+00, personal_generator_id_row=0.000000e+00, personal_generator_id_col=0.000000e+00, personal_generator_state_adapter=0.000000e+00, personal_generator_id_adapter=0.000000e+00, personal_generator_context_adapter=0.000000e+00, personal_generator_direct_scale=2.199643e-05
2026-04-16 07:39:04,084 - INFO - [assist_09|assist_09_abce_best_no_A|lr=0.0003|drop=0.20] -> New best AUC=0.7513 at epoch 8
2026-04-16 07:40:59,844 - INFO - [assist_09|assist_09_abce_best_no_A|lr=0.0003|drop=0.20] Epoch [009/100] | Train: Loss=0.5099, BCE=0.5092, Reg=0.0007, AUC=0.7937, ACC=0.7429, RMSE=0.4121 | Val: Loss=0.5515, BCE=0.5503, Reg=0.0011, AUC=0.7520, ACC=0.7205, RMSE=0.4303
2026-04-16 07:40:59,844 - INFO - [assist_09|assist_09_abce_best_no_A|lr=0.0003|drop=0.20] [Reg Terms] Epoch [009] | Train: graph_entropy=0.000000, graph_diag=0.000000, graph_uniform=0.000000, graph_reg_scale=1.0000, prediction_l2=0.000000, personal_sparse=0.000709, alpha_var=0.000000, alpha_collapse=0.000009, reg_bce_ratio=0.0014 | Val: graph_entropy=0.000000, graph_diag=0.000000, graph_uniform=0.000000, graph_reg_scale=1.0000, prediction_l2=0.000000, personal_sparse=0.000853, alpha_var=0.000000, alpha_collapse=0.000293, reg_bce_ratio=0.0021
2026-04-16 07:41:00,164 - INFO - [assist_09|assist_09_abce_best_no_A|lr=0.0003|drop=0.20] [Diag][AE] Epoch [009] | irt_abs_mean=1.5695, irt_std=0.8347, personal_warmup_scale=1.00, graph_row_entropy=0.0000, graph_entropy_ratio=0.0000, alpha_mean=0.1558, alpha_std=0.0514, alpha_base_mean=0.0758, alpha_delta_absmean=0.0867, alpha_saturation_ratio=0.0000, alpha_bias_std=NA, alpha_state_path=4.5290, alpha_id_path=0.0000, alpha_bias_path=0.0000, head_bias_path=1.0246, personal_row_entropy=4.0285, personal_matrix_delta=0.0089, personal_matrix_student_std=0.0050, personal_delta_pre_softmax_norm=2.2886, personal_delta_student_std=1.1399, alpha_head_std=0.0390, query_row_graph_delta=0.3672, query_row_personal_delta=2.1378, neighbor_row_personal_delta=0.0000, personal_row_budget_mean=1.0000, personal_query_row_std=0.0746, readout_query_support_mass=0.0000, personal_student_mix=0.0439, personal_student_adapter=0.0400, local_row_ratio=0.0098, support_density=0.4010, readout_query_delta=0.0363, personal_bad_rows=460.00, personal_fallback_rows=460.00, personal_logits_absmax=30.0000
2026-04-16 07:41:00,164 - INFO - [assist_09|assist_09_abce_best_no_A|lr=0.0003|drop=0.20] [Diag][A] Epoch [009] | entropy_ratio=0.0000, diag_mass=1.0000, to_uniform_l2=0.089800, to_identity_l2=0.000000, relation_identity_delta=0.000000, knowledge_state_graph_delta=0.795384, knowledge_state_personal_delta=0.021209, share_concept_embeddings=True, tau_mean=0.0000, tau_std=0.0000, graph_reg_scale(train/val)=1.0000/1.0000
2026-04-16 07:41:00,164 - INFO - [assist_09|assist_09_abce_best_no_A|lr=0.0003|drop=0.20] [Grad Norms] Epoch [009] | relation_emb=0.000000e+00, relation_tau=0.000000e+00, relation_wq=0.000000e+00, relation_wk=0.000000e+00, personal_u=9.981656e-02, personal_v=2.576463e-02, personal_alpha_bias=0.000000e+00, personal_gate_emb=0.000000e+00, personal_gate_state_proj=0.000000e+00, personal_gate_context_proj=0.000000e+00, personal_gate_state_direct=1.976243e-03, personal_gate_id_direct=0.000000e+00, personal_gate_context_direct=2.237659e-03, personal_gate_out=2.828944e-06, personal_generator_emb=0.000000e+00, personal_generator_context_proj=0.000000e+00, personal_generator_context_hidden=0.000000e+00, personal_generator_context_to_u=0.000000e+00, personal_generator_context_to_v=0.000000e+00, personal_generator_state_row=0.000000e+00, personal_generator_state_col=0.000000e+00, personal_generator_id_row=0.000000e+00, personal_generator_id_col=0.000000e+00, personal_generator_state_adapter=0.000000e+00, personal_generator_id_adapter=0.000000e+00, personal_generator_context_adapter=0.000000e+00, personal_generator_direct_scale=2.947146e-04
2026-04-16 07:41:00,549 - INFO - [assist_09|assist_09_abce_best_no_A|lr=0.0003|drop=0.20] -> New best AUC=0.7520 at epoch 9
2026-04-16 07:42:53,512 - INFO - [assist_09|assist_09_abce_best_no_A|lr=0.0003|drop=0.20] Epoch [010/100] | Train: Loss=0.5044, BCE=0.5037, Reg=0.0007, AUC=0.7993, ACC=0.7456, RMSE=0.4097 | Val: Loss=0.5499, BCE=0.5487, Reg=0.0012, AUC=0.7525, ACC=0.7221, RMSE=0.4295
2026-04-16 07:42:53,512 - INFO - [assist_09|assist_09_abce_best_no_A|lr=0.0003|drop=0.20] [Reg Terms] Epoch [010] | Train: graph_entropy=0.000000, graph_diag=0.000000, graph_uniform=0.000000, graph_reg_scale=1.0000, prediction_l2=0.000000, personal_sparse=0.000711, alpha_var=0.000000, alpha_collapse=0.000006, reg_bce_ratio=0.0014 | Val: graph_entropy=0.000000, graph_diag=0.000000, graph_uniform=0.000000, graph_reg_scale=1.0000, prediction_l2=0.000000, personal_sparse=0.000849, alpha_var=0.000000, alpha_collapse=0.000348, reg_bce_ratio=0.0022
2026-04-16 07:42:53,813 - INFO - [assist_09|assist_09_abce_best_no_A|lr=0.0003|drop=0.20] [Diag][AE] Epoch [010] | irt_abs_mean=1.5336, irt_std=0.8527, personal_warmup_scale=1.00, graph_row_entropy=0.0000, graph_entropy_ratio=0.0000, alpha_mean=0.1676, alpha_std=0.0449, alpha_base_mean=0.0798, alpha_delta_absmean=0.0925, alpha_saturation_ratio=0.0000, alpha_bias_std=NA, alpha_state_path=5.1091, alpha_id_path=0.0000, alpha_bias_path=0.0000, head_bias_path=0.9518, personal_row_entropy=4.0146, personal_matrix_delta=0.0090, personal_matrix_student_std=0.0051, personal_delta_pre_softmax_norm=2.2745, personal_delta_student_std=1.1355, alpha_head_std=0.0331, query_row_graph_delta=0.3777, query_row_personal_delta=2.1185, neighbor_row_personal_delta=0.0000, personal_row_budget_mean=1.0000, personal_query_row_std=0.0813, readout_query_support_mass=0.0000, personal_student_mix=0.0483, personal_student_adapter=0.0400, local_row_ratio=0.0098, support_density=0.4010, readout_query_delta=0.0374, personal_bad_rows=460.00, personal_fallback_rows=460.00, personal_logits_absmax=30.0000
2026-04-16 07:42:53,813 - INFO - [assist_09|assist_09_abce_best_no_A|lr=0.0003|drop=0.20] [Diag][A] Epoch [010] | entropy_ratio=0.0000, diag_mass=1.0000, to_uniform_l2=0.089800, to_identity_l2=0.000000, relation_identity_delta=0.000000, knowledge_state_graph_delta=0.820330, knowledge_state_personal_delta=0.022660, share_concept_embeddings=True, tau_mean=0.0000, tau_std=0.0000, graph_reg_scale(train/val)=1.0000/1.0000
2026-04-16 07:42:53,813 - INFO - [assist_09|assist_09_abce_best_no_A|lr=0.0003|drop=0.20] [Grad Norms] Epoch [010] | relation_emb=0.000000e+00, relation_tau=0.000000e+00, relation_wq=0.000000e+00, relation_wk=0.000000e+00, personal_u=9.298512e-02, personal_v=2.313606e-02, personal_alpha_bias=0.000000e+00, personal_gate_emb=0.000000e+00, personal_gate_state_proj=0.000000e+00, personal_gate_context_proj=0.000000e+00, personal_gate_state_direct=1.625493e-03, personal_gate_id_direct=0.000000e+00, personal_gate_context_direct=1.354957e-03, personal_gate_out=1.187871e-06, personal_generator_emb=0.000000e+00, personal_generator_context_proj=0.000000e+00, personal_generator_context_hidden=0.000000e+00, personal_generator_context_to_u=0.000000e+00, personal_generator_context_to_v=0.000000e+00, personal_generator_state_row=0.000000e+00, personal_generator_state_col=0.000000e+00, personal_generator_id_row=0.000000e+00, personal_generator_id_col=0.000000e+00, personal_generator_state_adapter=0.000000e+00, personal_generator_id_adapter=0.000000e+00, personal_generator_context_adapter=0.000000e+00, personal_generator_direct_scale=1.480206e-04
2026-04-16 07:42:54,159 - INFO - [assist_09|assist_09_abce_best_no_A|lr=0.0003|drop=0.20] -> New best AUC=0.7525 at epoch 10
2026-04-16 07:42:54,207 - INFO - [assist_09|assist_09_abce_best_no_A|lr=0.0003|drop=0.20] Checkpoint saved: checkpoints/abce_diag/remote_sparse_local_20260416_d3a8de0/assist_09/seed42/best_no_A/checkpoint_epoch_10.pth
2026-04-16 07:42:54,591 - INFO - [assist_09|assist_09_abce_best_no_A|lr=0.0003|drop=0.20] [Module Activity] Epoch 10: Personal[X]
2026-04-16 07:44:40,331 - INFO - [assist_09|assist_09_abce_best_no_A|lr=0.0003|drop=0.20] Epoch [011/100] | Train: Loss=0.4996, BCE=0.4988, Reg=0.0007, AUC=0.8043, ACC=0.7477, RMSE=0.4076 | Val: Loss=0.5500, BCE=0.5489, Reg=0.0011, AUC=0.7533, ACC=0.7230, RMSE=0.4295
2026-04-16 07:44:40,331 - INFO - [assist_09|assist_09_abce_best_no_A|lr=0.0003|drop=0.20] [Reg Terms] Epoch [011] | Train: graph_entropy=0.000000, graph_diag=0.000000, graph_uniform=0.000000, graph_reg_scale=1.0000, prediction_l2=0.000000, personal_sparse=0.000708, alpha_var=0.000000, alpha_collapse=0.000011, reg_bce_ratio=0.0014 | Val: graph_entropy=0.000000, graph_diag=0.000000, graph_uniform=0.000000, graph_reg_scale=1.0000, prediction_l2=0.000000, personal_sparse=0.000847, alpha_var=0.000000, alpha_collapse=0.000250, reg_bce_ratio=0.0020
2026-04-16 07:44:40,562 - INFO - [assist_09|assist_09_abce_best_no_A|lr=0.0003|drop=0.20] [Diag][AE] Epoch [011] | irt_abs_mean=1.5949, irt_std=0.8819, personal_warmup_scale=1.00, graph_row_entropy=0.0000, graph_entropy_ratio=0.0000, alpha_mean=0.1710, alpha_std=0.0483, alpha_base_mean=0.0842, alpha_delta_absmean=0.0927, alpha_saturation_ratio=0.0000, alpha_bias_std=NA, alpha_state_path=4.9773, alpha_id_path=0.0000, alpha_bias_path=0.0000, head_bias_path=0.8759, personal_row_entropy=4.0051, personal_matrix_delta=0.0090, personal_matrix_student_std=0.0050, personal_delta_pre_softmax_norm=2.2539, personal_delta_student_std=1.1160, alpha_head_std=0.0350, query_row_graph_delta=0.3846, query_row_personal_delta=2.0892, neighbor_row_personal_delta=0.0000, personal_row_budget_mean=1.0000, personal_query_row_std=0.0940, readout_query_support_mass=0.0000, personal_student_mix=0.0526, personal_student_adapter=0.0400, local_row_ratio=0.0098, support_density=0.4010, readout_query_delta=0.0380, personal_bad_rows=460.00, personal_fallback_rows=460.00, personal_logits_absmax=30.0000
2026-04-16 07:44:40,562 - INFO - [assist_09|assist_09_abce_best_no_A|lr=0.0003|drop=0.20] [Diag][A] Epoch [011] | entropy_ratio=0.0000, diag_mass=1.0000, to_uniform_l2=0.089800, to_identity_l2=0.000000, relation_identity_delta=0.000000, knowledge_state_graph_delta=0.838846, knowledge_state_personal_delta=0.023896, share_concept_embeddings=True, tau_mean=0.0000, tau_std=0.0000, graph_reg_scale(train/val)=1.0000/1.0000
2026-04-16 07:44:40,562 - INFO - [assist_09|assist_09_abce_best_no_A|lr=0.0003|drop=0.20] [Grad Norms] Epoch [011] | relation_emb=0.000000e+00, relation_tau=0.000000e+00, relation_wq=0.000000e+00, relation_wk=0.000000e+00, personal_u=2.738980e-01, personal_v=5.657144e-02, personal_alpha_bias=0.000000e+00, personal_gate_emb=0.000000e+00, personal_gate_state_proj=0.000000e+00, personal_gate_context_proj=0.000000e+00, personal_gate_state_direct=1.356447e-03, personal_gate_id_direct=0.000000e+00, personal_gate_context_direct=1.528655e-03, personal_gate_out=7.242224e-07, personal_generator_emb=0.000000e+00, personal_generator_context_proj=0.000000e+00, personal_generator_context_hidden=0.000000e+00, personal_generator_context_to_u=0.000000e+00, personal_generator_context_to_v=0.000000e+00, personal_generator_state_row=0.000000e+00, personal_generator_state_col=0.000000e+00, personal_generator_id_row=0.000000e+00, personal_generator_id_col=0.000000e+00, personal_generator_state_adapter=0.000000e+00, personal_generator_id_adapter=0.000000e+00, personal_generator_context_adapter=0.000000e+00, personal_generator_direct_scale=2.956903e-04
2026-04-16 07:44:40,888 - INFO - [assist_09|assist_09_abce_best_no_A|lr=0.0003|drop=0.20] -> New best AUC=0.7533 at epoch 11
2026-04-16 07:46:31,020 - INFO - [assist_09|assist_09_abce_best_no_A|lr=0.0003|drop=0.20] Epoch [012/100] | Train: Loss=0.4952, BCE=0.4944, Reg=0.0007, AUC=0.8085, ACC=0.7505, RMSE=0.4056 | Val: Loss=0.5501, BCE=0.5489, Reg=0.0012, AUC=0.7528, ACC=0.7233, RMSE=0.4295
2026-04-16 07:46:31,020 - INFO - [assist_09|assist_09_abce_best_no_A|lr=0.0003|drop=0.20] [Reg Terms] Epoch [012] | Train: graph_entropy=0.000000, graph_diag=0.000000, graph_uniform=0.000000, graph_reg_scale=1.0000, prediction_l2=0.000000, personal_sparse=0.000706, alpha_var=0.000000, alpha_collapse=0.000007, reg_bce_ratio=0.0014 | Val: graph_entropy=0.000000, graph_diag=0.000000, graph_uniform=0.000000, graph_reg_scale=1.0000, prediction_l2=0.000000, personal_sparse=0.000847, alpha_var=0.000000, alpha_collapse=0.000319, reg_bce_ratio=0.0021
2026-04-16 07:46:31,252 - INFO - [assist_09|assist_09_abce_best_no_A|lr=0.0003|drop=0.20] [Diag][AE] Epoch [012] | irt_abs_mean=1.5679, irt_std=0.8436, personal_warmup_scale=1.00, graph_row_entropy=0.0000, graph_entropy_ratio=0.0000, alpha_mean=0.1775, alpha_std=0.0468, alpha_base_mean=0.0884, alpha_delta_absmean=0.0945, alpha_saturation_ratio=0.0000, alpha_bias_std=NA, alpha_state_path=5.4508, alpha_id_path=0.0000, alpha_bias_path=0.0000, head_bias_path=0.8057, personal_row_entropy=3.9982, personal_matrix_delta=0.0091, personal_matrix_student_std=0.0049, personal_delta_pre_softmax_norm=2.2333, personal_delta_student_std=1.0612, alpha_head_std=0.0344, query_row_graph_delta=0.3921, query_row_personal_delta=2.0575, neighbor_row_personal_delta=0.0000, personal_row_budget_mean=1.0000, personal_query_row_std=0.1086, readout_query_support_mass=0.0000, personal_student_mix=0.0566, personal_student_adapter=0.0400, local_row_ratio=0.0098, support_density=0.4010, readout_query_delta=0.0388, personal_bad_rows=460.00, personal_fallback_rows=460.00, personal_logits_absmax=30.0000
2026-04-16 07:46:31,252 - INFO - [assist_09|assist_09_abce_best_no_A|lr=0.0003|drop=0.20] [Diag][A] Epoch [012] | entropy_ratio=0.0000, diag_mass=1.0000, to_uniform_l2=0.089800, to_identity_l2=0.000000, relation_identity_delta=0.000000, knowledge_state_graph_delta=0.853055, knowledge_state_personal_delta=0.025428, share_concept_embeddings=True, tau_mean=0.0000, tau_std=0.0000, graph_reg_scale(train/val)=1.0000/1.0000
2026-04-16 07:46:31,252 - INFO - [assist_09|assist_09_abce_best_no_A|lr=0.0003|drop=0.20] [Grad Norms] Epoch [012] | relation_emb=0.000000e+00, relation_tau=0.000000e+00, relation_wq=0.000000e+00, relation_wk=0.000000e+00, personal_u=7.261260e-02, personal_v=2.234760e-02, personal_alpha_bias=0.000000e+00, personal_gate_emb=0.000000e+00, personal_gate_state_proj=0.000000e+00, personal_gate_context_proj=0.000000e+00, personal_gate_state_direct=9.131046e-04, personal_gate_id_direct=0.000000e+00, personal_gate_context_direct=1.636699e-03, personal_gate_out=5.030979e-07, personal_generator_emb=0.000000e+00, personal_generator_context_proj=0.000000e+00, personal_generator_context_hidden=0.000000e+00, personal_generator_context_to_u=0.000000e+00, personal_generator_context_to_v=0.000000e+00, personal_generator_state_row=0.000000e+00, personal_generator_state_col=0.000000e+00, personal_generator_id_row=0.000000e+00, personal_generator_id_col=0.000000e+00, personal_generator_state_adapter=0.000000e+00, personal_generator_id_adapter=0.000000e+00, personal_generator_context_adapter=0.000000e+00, personal_generator_direct_scale=3.892637e-04
2026-04-16 07:46:31,252 - INFO - [assist_09|assist_09_abce_best_no_A|lr=0.0003|drop=0.20] -> No improvement 1 epoch(s) (best AUC=0.7533 @ 11)
2026-04-16 07:48:07,794 - INFO - [assist_09|assist_09_abce_best_no_A|lr=0.0003|drop=0.20] Epoch [013/100] | Train: Loss=0.4911, BCE=0.4904, Reg=0.0007, AUC=0.8125, ACC=0.7525, RMSE=0.4039 | Val: Loss=0.5500, BCE=0.5490, Reg=0.0010, AUC=0.7525, ACC=0.7234, RMSE=0.4293
2026-04-16 07:48:07,795 - INFO - [assist_09|assist_09_abce_best_no_A|lr=0.0003|drop=0.20] [Reg Terms] Epoch [013] | Train: graph_entropy=0.000000, graph_diag=0.000000, graph_uniform=0.000000, graph_reg_scale=1.0000, prediction_l2=0.000000, personal_sparse=0.000704, alpha_var=0.000000, alpha_collapse=0.000009, reg_bce_ratio=0.0015 | Val: graph_entropy=0.000000, graph_diag=0.000000, graph_uniform=0.000000, graph_reg_scale=1.0000, prediction_l2=0.000000, personal_sparse=0.000839, alpha_var=0.000000, alpha_collapse=0.000182, reg_bce_ratio=0.0019
2026-04-16 07:48:08,001 - INFO - [assist_09|assist_09_abce_best_no_A|lr=0.0003|drop=0.20] [Diag][AE] Epoch [013] | irt_abs_mean=1.6039, irt_std=0.9257, personal_warmup_scale=1.00, graph_row_entropy=0.0000, graph_entropy_ratio=0.0000, alpha_mean=0.1811, alpha_std=0.0488, alpha_base_mean=0.0925, alpha_delta_absmean=0.0950, alpha_saturation_ratio=0.0000, alpha_bias_std=NA, alpha_state_path=5.2572, alpha_id_path=0.0000, alpha_bias_path=0.0000, head_bias_path=0.7366, personal_row_entropy=3.9648, personal_matrix_delta=0.0093, personal_matrix_student_std=0.0049, personal_delta_pre_softmax_norm=2.2060, personal_delta_student_std=1.0589, alpha_head_std=0.0355, query_row_graph_delta=0.4011, query_row_personal_delta=2.0144, neighbor_row_personal_delta=0.0000, personal_row_budget_mean=1.0000, personal_query_row_std=0.1252, readout_query_support_mass=0.0000, personal_student_mix=0.0602, personal_student_adapter=0.0400, local_row_ratio=0.0098, support_density=0.4010, readout_query_delta=0.0397, personal_bad_rows=460.00, personal_fallback_rows=460.00, personal_logits_absmax=30.0000
2026-04-16 07:48:08,001 - INFO - [assist_09|assist_09_abce_best_no_A|lr=0.0003|drop=0.20] [Diag][A] Epoch [013] | entropy_ratio=0.0000, diag_mass=1.0000, to_uniform_l2=0.089800, to_identity_l2=0.000000, relation_identity_delta=0.000000, knowledge_state_graph_delta=0.873530, knowledge_state_personal_delta=0.025621, share_concept_embeddings=True, tau_mean=0.0000, tau_std=0.0000, graph_reg_scale(train/val)=1.0000/1.0000
2026-04-16 07:48:08,001 - INFO - [assist_09|assist_09_abce_best_no_A|lr=0.0003|drop=0.20] [Grad Norms] Epoch [013] | relation_emb=0.000000e+00, relation_tau=0.000000e+00, relation_wq=0.000000e+00, relation_wk=0.000000e+00, personal_u=1.334271e-01, personal_v=4.466207e-02, personal_alpha_bias=0.000000e+00, personal_gate_emb=0.000000e+00, personal_gate_state_proj=0.000000e+00, personal_gate_context_proj=0.000000e+00, personal_gate_state_direct=1.777191e-03, personal_gate_id_direct=0.000000e+00, personal_gate_context_direct=2.225932e-03, personal_gate_out=1.866645e-06, personal_generator_emb=0.000000e+00, personal_generator_context_proj=0.000000e+00, personal_generator_context_hidden=0.000000e+00, personal_generator_context_to_u=0.000000e+00, personal_generator_context_to_v=0.000000e+00, personal_generator_state_row=0.000000e+00, personal_generator_state_col=0.000000e+00, personal_generator_id_row=0.000000e+00, personal_generator_id_col=0.000000e+00, personal_generator_state_adapter=0.000000e+00, personal_generator_id_adapter=0.000000e+00, personal_generator_context_adapter=0.000000e+00, personal_generator_direct_scale=4.248116e-04
2026-04-16 07:48:08,002 - INFO - [assist_09|assist_09_abce_best_no_A|lr=0.0003|drop=0.20] -> No improvement 2 epoch(s) (best AUC=0.7533 @ 11)
2026-04-16 07:49:55,235 - INFO - [assist_09|assist_09_abce_best_no_A|lr=0.0003|drop=0.20] Epoch [014/100] | Train: Loss=0.4873, BCE=0.4866, Reg=0.0007, AUC=0.8157, ACC=0.7546, RMSE=0.4022 | Val: Loss=0.5515, BCE=0.5505, Reg=0.0010, AUC=0.7529, ACC=0.7235, RMSE=0.4296
2026-04-16 07:49:55,235 - INFO - [assist_09|assist_09_abce_best_no_A|lr=0.0003|drop=0.20] [Reg Terms] Epoch [014] | Train: graph_entropy=0.000000, graph_diag=0.000000, graph_uniform=0.000000, graph_reg_scale=1.0000, prediction_l2=0.000001, personal_sparse=0.000698, alpha_var=0.000000, alpha_collapse=0.000003, reg_bce_ratio=0.0014 | Val: graph_entropy=0.000000, graph_diag=0.000000, graph_uniform=0.000000, graph_reg_scale=1.0000, prediction_l2=0.000001, personal_sparse=0.000834, alpha_var=0.000000, alpha_collapse=0.000214, reg_bce_ratio=0.0019
2026-04-16 07:49:55,499 - INFO - [assist_09|assist_09_abce_best_no_A|lr=0.0003|drop=0.20] [Diag][AE] Epoch [014] | irt_abs_mean=1.7134, irt_std=0.9782, personal_warmup_scale=1.00, graph_row_entropy=0.0000, graph_entropy_ratio=0.0000, alpha_mean=0.1855, alpha_std=0.0494, alpha_base_mean=0.0961, alpha_delta_absmean=0.0960, alpha_saturation_ratio=0.0000, alpha_bias_std=NA, alpha_state_path=5.6146, alpha_id_path=0.0000, alpha_bias_path=0.0000, head_bias_path=0.6778, personal_row_entropy=3.9458, personal_matrix_delta=0.0095, personal_matrix_student_std=0.0049, personal_delta_pre_softmax_norm=2.1852, personal_delta_student_std=1.0236, alpha_head_std=0.0356, query_row_graph_delta=0.4066, query_row_personal_delta=1.9798, neighbor_row_personal_delta=0.0000, personal_row_budget_mean=1.0000, personal_query_row_std=0.1411, readout_query_support_mass=0.0000, personal_student_mix=0.0631, personal_student_adapter=0.0400, local_row_ratio=0.0098, support_density=0.4010, readout_query_delta=0.0402, personal_bad_rows=460.00, personal_fallback_rows=460.00, personal_logits_absmax=30.0000
2026-04-16 07:49:55,499 - INFO - [assist_09|assist_09_abce_best_no_A|lr=0.0003|drop=0.20] [Diag][A] Epoch [014] | entropy_ratio=0.0000, diag_mass=1.0000, to_uniform_l2=0.089800, to_identity_l2=0.000000, relation_identity_delta=0.000000, knowledge_state_graph_delta=0.889848, knowledge_state_personal_delta=0.026593, share_concept_embeddings=True, tau_mean=0.0000, tau_std=0.0000, graph_reg_scale(train/val)=1.0000/1.0000
2026-04-16 07:49:55,499 - INFO - [assist_09|assist_09_abce_best_no_A|lr=0.0003|drop=0.20] [Grad Norms] Epoch [014] | relation_emb=0.000000e+00, relation_tau=0.000000e+00, relation_wq=0.000000e+00, relation_wk=0.000000e+00, personal_u=1.702793e-01, personal_v=5.002921e-02, personal_alpha_bias=0.000000e+00, personal_gate_emb=0.000000e+00, personal_gate_state_proj=0.000000e+00, personal_gate_context_proj=0.000000e+00, personal_gate_state_direct=9.309863e-04, personal_gate_id_direct=0.000000e+00, personal_gate_context_direct=1.824947e-03, personal_gate_out=2.959599e-06, personal_generator_emb=0.000000e+00, personal_generator_context_proj=0.000000e+00, personal_generator_context_hidden=0.000000e+00, personal_generator_context_to_u=0.000000e+00, personal_generator_context_to_v=0.000000e+00, personal_generator_state_row=0.000000e+00, personal_generator_state_col=0.000000e+00, personal_generator_id_row=0.000000e+00, personal_generator_id_col=0.000000e+00, personal_generator_state_adapter=0.000000e+00, personal_generator_id_adapter=0.000000e+00, personal_generator_context_adapter=0.000000e+00, personal_generator_direct_scale=1.069944e-03
2026-04-16 07:49:55,499 - INFO - [assist_09|assist_09_abce_best_no_A|lr=0.0003|drop=0.20] -> No improvement 3 epoch(s) (best AUC=0.7533 @ 11)
2026-04-16 07:49:55,500 - INFO - [assist_09|assist_09_abce_best_no_A|lr=0.0003|drop=0.20] Early stopping at epoch 14 (best AUC=0.7533 @ 11)
2026-04-16 07:49:55,506 - INFO - Epoch-wise metrics saved to checkpoints/abce_diag/remote_sparse_local_20260416_d3a8de0/assist_09/seed42/best_no_A/metrics_history.csv
2026-04-16 07:49:55,508 - INFO - [assist_09|assist_09_abce_best_no_A|lr=0.0003|drop=0.20] Training completed! Best Val AUC=0.7533 @ epoch 11
2026-04-16 07:49:55,821 - INFO - 
============================================================
         MODULE ACTIVITY REPORT
============================================================
Dataset: assist_09 | Seed: 42 | Epoch: 14

1. Concept Graph Module (A):
   - Status: DISABLED (use_concept_graph=False or no_A)

2. Personal Graph Module (E):
   - Alpha mean: 0.185
   - Alpha std: 0.048
   - Alpha bias std: 0.000
   - Personal/global delta: 0.0095
   - Inter-student matrix std: 0.0051
   - Status: MARGINAL (some movement, but personalization is weak)

------------------------------------------------------------
SUMMARY:
   Inactive modules: Personal Graph (E)
============================================================
2026-04-16 07:49:55,821 - INFO - [assist_09|assist_09_abce_best_no_A|lr=0.0003|drop=0.20] Module activity saved to checkpoints/abce_diag/remote_sparse_local_20260416_d3a8de0/assist_09/seed42/best_no_A/module_activity.json
2026-04-16 07:49:55,878 - INFO - Using device: cuda:0 (physical gpu 2)
2026-04-16 07:49:55,879 - INFO - Loading model from checkpoints/abce_diag/remote_sparse_local_20260416_d3a8de0/assist_09/seed42/best_no_A/best_model.pth...
2026-04-16 07:49:55,994 - INFO - [Inference Filter] before=52549, after=51090, dropped=1459, coverage=97.22% (train-only seen student/item support)
2026-04-16 07:49:56,014 - INFO - Inference switches: ablate_module1=False | enable_module1=True | use_concept_graph=False | effective(num_gnn_layers=2)
2026-04-16 07:49:56,036 - INFO - [Inference] Ablation runtime check: args(ablate_module1=False) | expect(use_concept_graph=False,use_personal_graph=True) | model(enable_module1=True,use_concept_graph=False,use_personal_graph=True) | physical(has_knowledge_encoder=True,has_relation_learning=False,has_adaptive_gate=True,has_personal_generator=True)
2026-04-16 07:49:56,036 - INFO - [Inference] [Graph Init] graph_tau_mean=0.0000, graph_tau_std=0.0000, graph_dropout=0.000, use_personal_graph=True
2026-04-16 07:49:56,038 - INFO - Model loaded from epoch 11. Start testing...
2026-04-16 07:50:02,173 - INFO - [Test] 200/400 batches done, samples=25600
2026-04-16 07:50:08,315 - INFO - [Test] 400/400 batches done, samples=51090
2026-04-16 07:50:08,394 - INFO - 
==================================================
2026-04-16 07:50:08,394 - INFO - Test Results:
2026-04-16 07:50:08,394 - INFO - AUC: 0.7547
2026-04-16 07:50:08,394 - INFO - ACC: 0.7276
2026-04-16 07:50:08,394 - INFO - RMSE: 0.4271
2026-04-16 07:50:08,394 - INFO - ==================================================
2026-04-16 07:50:08,405 - INFO - Summary appended to /home/zsh/ConceptSkillCDM/results/experiment_results.csv
2026-04-16 07:50:08,409 - INFO - Run completed.
2026-04-16 07:50:08,410 - INFO - Best validation AUC: 0.7533 at epoch 11
2026-04-16 07:50:08,410 - INFO - Test metrics - AUC: 0.7547, ACC: 0.7276, RMSE: 0.4271
