2026-04-14 10:13:25,337 - INFO - Arguments:
2026-04-14 10:13:25,337 - INFO -   ablate_concept_graph: True
2026-04-14 10:13:25,337 - INFO -   ablate_module1: False
2026-04-14 10:13:25,337 - INFO -   allow_self_loop: True
2026-04-14 10:13:25,337 - INFO -   alpha_min_target: 0.05
2026-04-14 10:13:25,337 - INFO -   batch_size: 128
2026-04-14 10:13:25,337 - INFO -   data_dir: ./data/assist_09
2026-04-14 10:13:25,337 - INFO -   dataset_name: assist_09
2026-04-14 10:13:25,337 - INFO -   debug_graph_diag: True
2026-04-14 10:13:25,337 - INFO -   diag_batches: 1
2026-04-14 10:13:25,337 - INFO -   disable_self_loop: False
2026-04-14 10:13:25,337 - INFO -   dropout: 0.2
2026-04-14 10:13:25,337 - INFO -   early_stop_patience: 3
2026-04-14 10:13:25,337 - INFO -   enable_module1: True
2026-04-14 10:13:25,337 - INFO -   epochs: 100
2026-04-14 10:13:25,338 - INFO -   generate_diagnosis: True
2026-04-14 10:13:25,338 - INFO -   gnn_residual_weight: 0.5
2026-04-14 10:13:25,338 - INFO -   gpu_candidates: None
2026-04-14 10:13:25,338 - INFO -   gpu_ids: None
2026-04-14 10:13:25,338 - INFO -   gpu_memory_threshold: 2000
2026-04-14 10:13:25,338 - INFO -   gpus: None
2026-04-14 10:13:25,338 - INFO -   graph_dropout: 0.0
2026-04-14 10:13:25,338 - INFO -   graph_entropy_max: 0.75
2026-04-14 10:13:25,338 - INFO -   graph_entropy_min: 0.25
2026-04-14 10:13:25,338 - INFO -   graph_identity_residual: 0.05
2026-04-14 10:13:25,338 - INFO -   graph_reg_cap_ratio: 6.0
2026-04-14 10:13:25,338 - INFO -   graph_reg_warmup_epochs: 4
2026-04-14 10:13:25,338 - INFO -   graph_tau_init: 0.55
2026-04-14 10:13:25,338 - INFO -   graph_topk: 12
2026-04-14 10:13:25,338 - INFO -   graph_uniform_margin: 0.1
2026-04-14 10:13:25,338 - INFO -   knowledge_dim: 64
2026-04-14 10:13:25,338 - INFO -   lambda_alpha: 0.0
2026-04-14 10:13:25,338 - INFO -   lambda_alpha_min: 0.1
2026-04-14 10:13:25,338 - INFO -   lambda_graph_diag: 0.1
2026-04-14 10:13:25,338 - INFO -   lambda_graph_uniform: 0.04
2026-04-14 10:13:25,338 - INFO -   lambda_sparse: 0.8
2026-04-14 10:13:25,338 - INFO -   lambda_sparse_personal: 0.0005
2026-04-14 10:13:25,338 - INFO -   learning_rate: 0.0003
2026-04-14 10:13:25,338 - INFO -   log_dir: logs/abce_diag/remote_ae_verify_20260414_f28ff9d/assist_09/seed42/ae_dominant_no_A
2026-04-14 10:13:25,338 - INFO -   min_exer_interactions: 0
2026-04-14 10:13:25,338 - INFO -   min_poison_count: 0
2026-04-14 10:13:25,338 - INFO -   min_stu_interactions: 15
2026-04-14 10:13:25,338 - INFO -   model_variant: assist_09_abce_ae_dominant_no_A
2026-04-14 10:13:25,338 - INFO -   multi_gpu: False
2026-04-14 10:13:25,338 - INFO -   no_cuda: False
2026-04-14 10:13:25,338 - INFO -   num_gnn_layers: 1
2026-04-14 10:13:25,338 - INFO -   num_gpus: 1
2026-04-14 10:13:25,338 - INFO -   num_relation_heads: 2
2026-04-14 10:13:25,338 - INFO -   num_workers: 4
2026-04-14 10:13:25,338 - INFO -   patience: 5
2026-04-14 10:13:25,338 - INFO -   personal_alpha_bias_scale: 0.03
2026-04-14 10:13:25,338 - INFO -   personal_delta_scale: 7.0
2026-04-14 10:13:25,338 - INFO -   personal_direct_bias_scale: 0.0
2026-04-14 10:13:25,338 - INFO -   personal_disable_direct_bias: True
2026-04-14 10:13:25,338 - INFO -   personal_disable_student_global_context: True
2026-04-14 10:13:25,339 - INFO -   personal_max_alpha: 0.45
2026-04-14 10:13:25,339 - INFO -   personal_rank: 8
2026-04-14 10:13:25,339 - INFO -   personal_reg_warmup_epochs: 6
2026-04-14 10:13:25,339 - INFO -   personal_student_dim: 32
2026-04-14 10:13:25,339 - INFO -   personal_warmup_epochs: 6
2026-04-14 10:13:25,339 - INFO -   prediction_l2_lambda: 1e-05
2026-04-14 10:13:25,339 - INFO -   save_dir: checkpoints/abce_diag/remote_ae_verify_20260414_f28ff9d/assist_09/seed42/ae_dominant_no_A
2026-04-14 10:13:25,339 - INFO -   save_interval: 10
2026-04-14 10:13:25,339 - INFO -   seed: 42
2026-04-14 10:13:25,339 - INFO -   share_concept_embeddings: True
2026-04-14 10:13:25,339 - INFO -   use_concept_graph: False
2026-04-14 10:13:25,339 - INFO -   use_exercise_graph: False
2026-04-14 10:13:25,339 - INFO -   use_personal_graph: True
2026-04-14 10:13:25,339 - INFO -   weight_decay: 1e-05
2026-04-14 10:13:25,417 - INFO - Using device: cuda:0 (physical gpu 3)
2026-04-14 10:13:25,417 - INFO - [assist_09|assist_09_abce_ae_dominant_no_A|lr=0.0003|drop=0.20] Loading datasets...
2026-04-14 10:13:25,417 - INFO - [assist_09|assist_09_abce_ae_dominant_no_A|lr=0.0003|drop=0.20] Regularization: graph_entropy(lambda_sparse)=0.800000, graph_diag=0.100000, graph_uniform=0.040000, personal_sparse=0.000500, alpha_penalty=0.000000, alpha_min=0.100000, prediction_l2=0.000010
2026-04-14 10:13:25,417 - INFO - [assist_09|assist_09_abce_ae_dominant_no_A|lr=0.0003|drop=0.20] Graph controls: entropy_band=[0.25, 0.75], uniform_margin=0.10, warmup_epochs=4, cap_ratio=6.00, graph_dropout=0.000, graph_tau_init=0.550
2026-04-14 10:13:25,417 - INFO - [assist_09|assist_09_abce_ae_dominant_no_A|lr=0.0003|drop=0.20] Personal controls: personal_max_alpha=0.450, personal_delta_scale=7.000, personal_warmup_epochs=6, personal_student_dim=32, alpha_min_target=0.0500
2026-04-14 10:13:25,488 - INFO - [assist_09] [数据清洗] 学生交互次数 < 15 次的学生：共移除 313 个学生（仅统计用户数）
2026-04-14 10:13:25,499 - INFO - [assist_09] [数据清洗] 学生冷启动过滤：在 train/valid/test 中共删除 5118 条记录。
2026-04-14 10:13:25,499 - INFO - [assist_09] [数据清洗] 跳过题目冷门过滤（min_exer_interactions <= 0）。
2026-04-14 10:13:25,499 - INFO - [assist_09] [数据清洗] 跳过毒题清洗（min_poison_count <= 0）。
2026-04-14 10:13:25,499 - INFO - [assist_09] 正在构建ID映射...
2026-04-14 10:13:25,681 - INFO - [assist_09] 正在构建Q矩阵...
2026-04-14 10:13:32,671 - INFO - [assist_09] [数据清洗] Valid train-seen 过滤：before=20072, after=19875, dropped=197, coverage=99.02%
2026-04-14 10:13:32,677 - INFO - [assist_09] [数据清洗] Test train-seen 过滤：before=51610, after=51090, dropped=520, coverage=98.99%
2026-04-14 10:13:32,683 - INFO - [assist_09] [统计] 开始统计清洗后每道题的概念数量分布...
2026-04-14 10:13:32,688 - INFO - [assist_09] [Train] 概念数统计：题目数=17057, 平均概念数=1.1995, min=1, max=4, 1概念=14129 (82.83%), ≥2概念=2928 (17.17%)
2026-04-14 10:13:32,689 - INFO - [assist_09] [Train] 概念数直方图（概念数: 题目数量）: {1: 14129, 2: 2533, 3: 315, 4: 80}
2026-04-14 10:13:32,692 - INFO - [assist_09] [Valid] 概念数统计：题目数=9034, 平均概念数=1.1996, min=1, max=4, 1概念=7500 (83.02%), ≥2概念=1534 (16.98%)
2026-04-14 10:13:32,692 - INFO - [assist_09] [Valid] 概念数直方图（概念数: 题目数量）: {1: 7500, 2: 1314, 3: 171, 4: 49}
2026-04-14 10:13:32,695 - INFO - [assist_09] [Test] 概念数统计：题目数=12825, 平均概念数=1.1994, min=1, max=4, 1概念=10661 (83.13%), ≥2概念=2164 (16.87%)
2026-04-14 10:13:32,696 - INFO - [assist_09] [Test] 概念数直方图（概念数: 题目数量）: {1: 10661, 2: 1836, 3: 263, 4: 65}
2026-04-14 10:13:32,696 - INFO - [assist_09] [统计] 概念数量统计完成。
2026-04-14 10:13:32,696 - INFO - [assist_09] 正在加载数据集...
2026-04-14 10:13:32,774 - INFO - [assist_09|assist_09_abce_ae_dominant_no_A|lr=0.0003|drop=0.20] Train samples: 190623, Val samples: 19875
2026-04-14 10:13:32,774 - INFO - [assist_09|assist_09_abce_ae_dominant_no_A|lr=0.0003|drop=0.20] Number of students: 2180
2026-04-14 10:13:32,774 - INFO - [assist_09|assist_09_abce_ae_dominant_no_A|lr=0.0003|drop=0.20] Number of exercises: 17057
2026-04-14 10:13:32,774 - INFO - [assist_09|assist_09_abce_ae_dominant_no_A|lr=0.0003|drop=0.20] Number of concepts: 123
2026-04-14 10:13:32,774 - INFO - [assist_09|assist_09_abce_ae_dominant_no_A|lr=0.0003|drop=0.20] Creating model...
2026-04-14 10:13:32,774 - INFO - [assist_09|assist_09_abce_ae_dominant_no_A|lr=0.0003|drop=0.20] Ablation switches: ablate_module1=False | enable_module1=True | use_concept_graph=False | effective(num_gnn_layers=1)
2026-04-14 10:13:32,925 - INFO - [assist_09|assist_09_abce_ae_dominant_no_A|lr=0.0003|drop=0.20] Ablation runtime check: args(ablate_module1=False) | expect(use_concept_graph=False,use_personal_graph=True) | model(enable_module1=True,use_concept_graph=False,use_personal_graph=True) | physical(has_knowledge_encoder=True,has_relation_learning=False,has_adaptive_gate=True,has_personal_generator=True)
2026-04-14 10:13:32,925 - INFO - [assist_09|assist_09_abce_ae_dominant_no_A|lr=0.0003|drop=0.20] Debug diagnostics enabled: diag_batches=1
2026-04-14 10:13:32,925 - INFO - [assist_09|assist_09_abce_ae_dominant_no_A|lr=0.0003|drop=0.20] [Graph Init] graph_tau_mean=0.0000, graph_tau_std=0.0000, graph_dropout=0.000, use_personal_graph=True
2026-04-14 10:13:32,925 - INFO - [assist_09|assist_09_abce_ae_dominant_no_A|lr=0.0003|drop=0.20] Total parameters: 774,266
2026-04-14 10:13:32,925 - INFO - [assist_09|assist_09_abce_ae_dominant_no_A|lr=0.0003|drop=0.20] Trainable parameters: 774,266
2026-04-14 10:13:33,887 - INFO - [assist_09|assist_09_abce_ae_dominant_no_A|lr=0.0003|drop=0.20] Monitor config: scheduler=val_auc(max), best_checkpoint=val_auc(max), early_stop=val_auc(max)
2026-04-14 10:13:33,887 - INFO - [assist_09|assist_09_abce_ae_dominant_no_A|lr=0.0003|drop=0.20] Starting training...
2026-04-14 10:14:03,296 - INFO - [assist_09|assist_09_abce_ae_dominant_no_A|lr=0.0003|drop=0.20] Epoch [001/100] | Train: Loss=0.5907, BCE=0.5897, Reg=0.0010, AUC=0.6870, ACC=0.6930, RMSE=0.4491 | Val: Loss=0.5696, BCE=0.5685, Reg=0.0010, AUC=0.7280, ACC=0.7091, RMSE=0.4390
2026-04-14 10:14:03,296 - INFO - [assist_09|assist_09_abce_ae_dominant_no_A|lr=0.0003|drop=0.20] [Reg Terms] Epoch [001] | Train: graph_entropy=0.000000, graph_diag=0.000000, graph_uniform=0.000000, graph_reg_scale=1.0000, prediction_l2=0.000000, personal_sparse=0.000399, alpha_var=0.000000, alpha_collapse=0.000633, reg_bce_ratio=0.0018 | Val: graph_entropy=0.000000, graph_diag=0.000000, graph_uniform=0.000000, graph_reg_scale=1.0000, prediction_l2=0.000000, personal_sparse=0.000399, alpha_var=0.000000, alpha_collapse=0.000650, reg_bce_ratio=0.0018
2026-04-14 10:14:03,482 - INFO - [assist_09|assist_09_abce_ae_dominant_no_A|lr=0.0003|drop=0.20] [Diag][AE] Epoch [001] | irt_abs_mean=1.4049, irt_std=0.6192, personal_warmup_scale=0.17, graph_row_entropy=0.0000, graph_entropy_ratio=0.0000, alpha_mean=0.0377, alpha_std=0.0372, alpha_bias_std=0.0002, alpha_state_path=7.3924, alpha_id_path=0.0000, alpha_bias_path=0.0002, personal_row_entropy=4.7899, personal_matrix_delta=0.0161, personal_matrix_student_std=0.0004, personal_delta_pre_softmax_norm=0.5800, personal_delta_student_std=0.1549, alpha_head_std=0.0371, personal_student_mix=0.0483, personal_student_adapter=0.0108, personal_bad_rows=0.00, personal_fallback_rows=0.00, personal_logits_absmax=0.3917
2026-04-14 10:14:03,482 - INFO - [assist_09|assist_09_abce_ae_dominant_no_A|lr=0.0003|drop=0.20] [Diag][A] Epoch [001] | entropy_ratio=0.0000, diag_mass=1.0000, to_uniform_l2=0.089800, to_identity_l2=0.000000, relation_identity_delta=0.000000, knowledge_state_graph_delta=0.730100, knowledge_state_personal_delta=0.239055, share_concept_embeddings=True, tau_mean=0.0000, tau_std=0.0000, graph_reg_scale(train/val)=1.0000/1.0000
2026-04-14 10:14:03,482 - INFO - [assist_09|assist_09_abce_ae_dominant_no_A|lr=0.0003|drop=0.20] [Grad Norms] Epoch [001] | relation_emb=0.000000e+00, relation_tau=0.000000e+00, relation_wq=0.000000e+00, relation_wk=0.000000e+00, personal_u=8.967525e-05, personal_v=2.354474e-05, personal_alpha_bias=3.249188e-05, personal_gate_emb=1.490476e-13, personal_gate_state_proj=3.239291e-05, personal_gate_context_proj=1.926938e-04, personal_gate_state_direct=2.927658e-04, personal_gate_id_direct=1.293979e-11, personal_gate_context_direct=9.406752e-04, personal_gate_out=5.600392e-05, personal_generator_emb=3.246381e-04, personal_generator_context_proj=3.176128e-09, personal_generator_context_hidden=5.431131e-10, personal_generator_context_to_u=1.833273e-07, personal_generator_context_to_v=3.810838e-08, personal_generator_student_row=0.000000e+00, personal_generator_student_col=0.000000e+00, personal_generator_student_adapter=5.779475e-07, personal_generator_context_adapter=1.758960e-12, personal_generator_direct_scale=0.000000e+00
2026-04-14 10:14:03,721 - INFO - [assist_09|assist_09_abce_ae_dominant_no_A|lr=0.0003|drop=0.20] -> New best AUC=0.7280 at epoch 1
2026-04-14 10:14:33,372 - INFO - [assist_09|assist_09_abce_ae_dominant_no_A|lr=0.0003|drop=0.20] Epoch [002/100] | Train: Loss=0.5547, BCE=0.5531, Reg=0.0016, AUC=0.7423, ACC=0.7199, RMSE=0.4317 | Val: Loss=0.5627, BCE=0.5611, Reg=0.0016, AUC=0.7348, ACC=0.7119, RMSE=0.4358
2026-04-14 10:14:33,373 - INFO - [assist_09|assist_09_abce_ae_dominant_no_A|lr=0.0003|drop=0.20] [Reg Terms] Epoch [002] | Train: graph_entropy=0.000000, graph_diag=0.000000, graph_uniform=0.000000, graph_reg_scale=1.0000, prediction_l2=0.000000, personal_sparse=0.000788, alpha_var=0.000000, alpha_collapse=0.000805, reg_bce_ratio=0.0029 | Val: graph_entropy=0.000000, graph_diag=0.000000, graph_uniform=0.000000, graph_reg_scale=1.0000, prediction_l2=0.000000, personal_sparse=0.000788, alpha_var=0.000000, alpha_collapse=0.000823, reg_bce_ratio=0.0029
2026-04-14 10:14:33,811 - INFO - [assist_09|assist_09_abce_ae_dominant_no_A|lr=0.0003|drop=0.20] [Diag][AE] Epoch [002] | irt_abs_mean=1.3455, irt_std=0.6931, personal_warmup_scale=0.33, graph_row_entropy=0.0000, graph_entropy_ratio=0.0000, alpha_mean=0.0757, alpha_std=0.0723, alpha_bias_std=0.0001, alpha_state_path=5.1231, alpha_id_path=0.0000, alpha_bias_path=0.0001, personal_row_entropy=4.7345, personal_matrix_delta=0.0161, personal_matrix_student_std=0.0007, personal_delta_pre_softmax_norm=0.5791, personal_delta_student_std=0.1610, alpha_head_std=0.0720, personal_student_mix=0.0524, personal_student_adapter=0.0200, personal_bad_rows=0.00, personal_fallback_rows=0.00, personal_logits_absmax=0.7723
2026-04-14 10:14:33,811 - INFO - [assist_09|assist_09_abce_ae_dominant_no_A|lr=0.0003|drop=0.20] [Diag][A] Epoch [002] | entropy_ratio=0.0000, diag_mass=1.0000, to_uniform_l2=0.089800, to_identity_l2=0.000000, relation_identity_delta=0.000000, knowledge_state_graph_delta=0.737330, knowledge_state_personal_delta=0.223862, share_concept_embeddings=True, tau_mean=0.0000, tau_std=0.0000, graph_reg_scale(train/val)=1.0000/1.0000
2026-04-14 10:14:33,811 - INFO - [assist_09|assist_09_abce_ae_dominant_no_A|lr=0.0003|drop=0.20] [Grad Norms] Epoch [002] | relation_emb=0.000000e+00, relation_tau=0.000000e+00, relation_wq=0.000000e+00, relation_wk=0.000000e+00, personal_u=1.489153e-04, personal_v=6.261781e-05, personal_alpha_bias=6.293430e-05, personal_gate_emb=6.083867e-18, personal_gate_state_proj=1.633424e-04, personal_gate_context_proj=4.997971e-04, personal_gate_state_direct=1.453999e-03, personal_gate_id_direct=2.133024e-16, personal_gate_context_direct=3.778225e-03, personal_gate_out=4.875322e-05, personal_generator_emb=4.068237e-04, personal_generator_context_proj=3.104425e-14, personal_generator_context_hidden=6.592546e-16, personal_generator_context_to_u=3.162655e-11, personal_generator_context_to_v=1.276877e-11, personal_generator_student_row=0.000000e+00, personal_generator_student_col=0.000000e+00, personal_generator_student_adapter=9.290262e-07, personal_generator_context_adapter=4.839928e-19, personal_generator_direct_scale=0.000000e+00
2026-04-14 10:14:34,163 - INFO - [assist_09|assist_09_abce_ae_dominant_no_A|lr=0.0003|drop=0.20] -> New best AUC=0.7348 at epoch 2
2026-04-14 10:15:04,255 - INFO - [assist_09|assist_09_abce_ae_dominant_no_A|lr=0.0003|drop=0.20] Epoch [003/100] | Train: Loss=0.5445, BCE=0.5421, Reg=0.0024, AUC=0.7557, ACC=0.7255, RMSE=0.4267 | Val: Loss=0.5592, BCE=0.5568, Reg=0.0024, AUC=0.7401, ACC=0.7133, RMSE=0.4338
2026-04-14 10:15:04,255 - INFO - [assist_09|assist_09_abce_ae_dominant_no_A|lr=0.0003|drop=0.20] [Reg Terms] Epoch [003] | Train: graph_entropy=0.000000, graph_diag=0.000000, graph_uniform=0.000000, graph_reg_scale=1.0000, prediction_l2=0.000000, personal_sparse=0.001165, alpha_var=0.000000, alpha_collapse=0.001188, reg_bce_ratio=0.0043 | Val: graph_entropy=0.000000, graph_diag=0.000000, graph_uniform=0.000000, graph_reg_scale=1.0000, prediction_l2=0.000000, personal_sparse=0.001167, alpha_var=0.000000, alpha_collapse=0.001223, reg_bce_ratio=0.0043
2026-04-14 10:15:04,792 - INFO - [assist_09|assist_09_abce_ae_dominant_no_A|lr=0.0003|drop=0.20] [Diag][AE] Epoch [003] | irt_abs_mean=1.3908, irt_std=0.6881, personal_warmup_scale=0.50, graph_row_entropy=0.0000, graph_entropy_ratio=0.0000, alpha_mean=0.1074, alpha_std=0.0982, alpha_bias_std=0.0000, alpha_state_path=3.5971, alpha_id_path=0.0000, alpha_bias_path=0.0000, personal_row_entropy=4.6789, personal_matrix_delta=0.0161, personal_matrix_student_std=0.0012, personal_delta_pre_softmax_norm=0.5775, personal_delta_student_std=0.1576, alpha_head_std=0.0962, personal_student_mix=0.0543, personal_student_adapter=0.0331, personal_bad_rows=0.00, personal_fallback_rows=0.00, personal_logits_absmax=1.1171
2026-04-14 10:15:04,792 - INFO - [assist_09|assist_09_abce_ae_dominant_no_A|lr=0.0003|drop=0.20] [Diag][A] Epoch [003] | entropy_ratio=0.0000, diag_mass=1.0000, to_uniform_l2=0.089800, to_identity_l2=0.000000, relation_identity_delta=0.000000, knowledge_state_graph_delta=0.740294, knowledge_state_personal_delta=0.217916, share_concept_embeddings=True, tau_mean=0.0000, tau_std=0.0000, graph_reg_scale(train/val)=1.0000/1.0000
2026-04-14 10:15:04,792 - INFO - [assist_09|assist_09_abce_ae_dominant_no_A|lr=0.0003|drop=0.20] [Grad Norms] Epoch [003] | relation_emb=0.000000e+00, relation_tau=0.000000e+00, relation_wq=0.000000e+00, relation_wk=0.000000e+00, personal_u=1.491098e-04, personal_v=4.867246e-05, personal_alpha_bias=8.766100e-05, personal_gate_emb=0.000000e+00, personal_gate_state_proj=1.665161e-04, personal_gate_context_proj=2.161763e-04, personal_gate_state_direct=1.591997e-03, personal_gate_id_direct=0.000000e+00, personal_gate_context_direct=2.918146e-03, personal_gate_out=2.450735e-04, personal_generator_emb=1.900972e-04, personal_generator_context_proj=0.000000e+00, personal_generator_context_hidden=0.000000e+00, personal_generator_context_to_u=1.895082e-18, personal_generator_context_to_v=8.762172e-19, personal_generator_student_row=0.000000e+00, personal_generator_student_col=0.000000e+00, personal_generator_student_adapter=6.325491e-06, personal_generator_context_adapter=5.551931e-33, personal_generator_direct_scale=0.000000e+00
2026-04-14 10:15:05,123 - INFO - [assist_09|assist_09_abce_ae_dominant_no_A|lr=0.0003|drop=0.20] -> New best AUC=0.7401 at epoch 3
2026-04-14 10:15:34,228 - INFO - [assist_09|assist_09_abce_ae_dominant_no_A|lr=0.0003|drop=0.20] Epoch [004/100] | Train: Loss=0.5358, BCE=0.5328, Reg=0.0031, AUC=0.7666, ACC=0.7311, RMSE=0.4226 | Val: Loss=0.5583, BCE=0.5551, Reg=0.0032, AUC=0.7428, ACC=0.7165, RMSE=0.4329
2026-04-14 10:15:34,229 - INFO - [assist_09|assist_09_abce_ae_dominant_no_A|lr=0.0003|drop=0.20] [Reg Terms] Epoch [004] | Train: graph_entropy=0.000000, graph_diag=0.000000, graph_uniform=0.000000, graph_reg_scale=1.0000, prediction_l2=0.000000, personal_sparse=0.001532, alpha_var=0.000000, alpha_collapse=0.001561, reg_bce_ratio=0.0058 | Val: graph_entropy=0.000000, graph_diag=0.000000, graph_uniform=0.000000, graph_reg_scale=1.0000, prediction_l2=0.000000, personal_sparse=0.001530, alpha_var=0.000000, alpha_collapse=0.001621, reg_bce_ratio=0.0057
2026-04-14 10:15:34,827 - INFO - [assist_09|assist_09_abce_ae_dominant_no_A|lr=0.0003|drop=0.20] [Diag][AE] Epoch [004] | irt_abs_mean=1.4376, irt_std=0.7207, personal_warmup_scale=0.67, graph_row_entropy=0.0000, graph_entropy_ratio=0.0000, alpha_mean=0.1557, alpha_std=0.1203, alpha_bias_std=0.0002, alpha_state_path=2.5191, alpha_id_path=0.0000, alpha_bias_path=0.0002, personal_row_entropy=4.6042, personal_matrix_delta=0.0161, personal_matrix_student_std=0.0020, personal_delta_pre_softmax_norm=0.5765, personal_delta_student_std=0.1668, alpha_head_std=0.1113, personal_student_mix=0.0560, personal_student_adapter=0.0494, personal_bad_rows=0.00, personal_fallback_rows=0.00, personal_logits_absmax=1.4838
2026-04-14 10:15:34,828 - INFO - [assist_09|assist_09_abce_ae_dominant_no_A|lr=0.0003|drop=0.20] [Diag][A] Epoch [004] | entropy_ratio=0.0000, diag_mass=1.0000, to_uniform_l2=0.089800, to_identity_l2=0.000000, relation_identity_delta=0.000000, knowledge_state_graph_delta=0.743830, knowledge_state_personal_delta=0.215042, share_concept_embeddings=True, tau_mean=0.0000, tau_std=0.0000, graph_reg_scale(train/val)=1.0000/1.0000
2026-04-14 10:15:34,828 - INFO - [assist_09|assist_09_abce_ae_dominant_no_A|lr=0.0003|drop=0.20] [Grad Norms] Epoch [004] | relation_emb=0.000000e+00, relation_tau=0.000000e+00, relation_wq=0.000000e+00, relation_wk=0.000000e+00, personal_u=2.862593e-04, personal_v=1.213934e-04, personal_alpha_bias=1.090926e-04, personal_gate_emb=0.000000e+00, personal_gate_state_proj=1.949562e-04, personal_gate_context_proj=1.780440e-04, personal_gate_state_direct=5.348759e-03, personal_gate_id_direct=0.000000e+00, personal_gate_context_direct=4.809496e-03, personal_gate_out=1.776366e-04, personal_generator_emb=1.221785e-03, personal_generator_context_proj=0.000000e+00, personal_generator_context_hidden=0.000000e+00, personal_generator_context_to_u=3.743392e-23, personal_generator_context_to_v=0.000000e+00, personal_generator_student_row=0.000000e+00, personal_generator_student_col=0.000000e+00, personal_generator_student_adapter=4.497509e-05, personal_generator_context_adapter=4.943781e-42, personal_generator_direct_scale=0.000000e+00
2026-04-14 10:15:35,135 - INFO - [assist_09|assist_09_abce_ae_dominant_no_A|lr=0.0003|drop=0.20] -> New best AUC=0.7428 at epoch 4
2026-04-14 10:16:04,853 - INFO - [assist_09|assist_09_abce_ae_dominant_no_A|lr=0.0003|drop=0.20] Epoch [005/100] | Train: Loss=0.5271, BCE=0.5233, Reg=0.0038, AUC=0.7773, ACC=0.7363, RMSE=0.4183 | Val: Loss=0.5602, BCE=0.5563, Reg=0.0039, AUC=0.7441, ACC=0.7170, RMSE=0.4334
2026-04-14 10:16:04,854 - INFO - [assist_09|assist_09_abce_ae_dominant_no_A|lr=0.0003|drop=0.20] [Reg Terms] Epoch [005] | Train: graph_entropy=0.000000, graph_diag=0.000000, graph_uniform=0.000000, graph_reg_scale=1.0000, prediction_l2=0.000000, personal_sparse=0.001877, alpha_var=0.000000, alpha_collapse=0.001925, reg_bce_ratio=0.0073 | Val: graph_entropy=0.000000, graph_diag=0.000000, graph_uniform=0.000000, graph_reg_scale=1.0000, prediction_l2=0.000000, personal_sparse=0.001879, alpha_var=0.000000, alpha_collapse=0.002016, reg_bce_ratio=0.0070
2026-04-14 10:16:05,042 - INFO - [assist_09|assist_09_abce_ae_dominant_no_A|lr=0.0003|drop=0.20] [Diag][AE] Epoch [005] | irt_abs_mean=1.5376, irt_std=0.7604, personal_warmup_scale=0.83, graph_row_entropy=0.0000, graph_entropy_ratio=0.0000, alpha_mean=0.2045, alpha_std=0.1315, alpha_bias_std=0.0004, alpha_state_path=1.8294, alpha_id_path=0.0000, alpha_bias_path=0.0003, personal_row_entropy=4.5359, personal_matrix_delta=0.0161, personal_matrix_student_std=0.0024, personal_delta_pre_softmax_norm=0.5749, personal_delta_student_std=0.1765, alpha_head_std=0.1150, personal_student_mix=0.0575, personal_student_adapter=0.0659, personal_bad_rows=0.00, personal_fallback_rows=0.00, personal_logits_absmax=1.8437
2026-04-14 10:16:05,043 - INFO - [assist_09|assist_09_abce_ae_dominant_no_A|lr=0.0003|drop=0.20] [Diag][A] Epoch [005] | entropy_ratio=0.0000, diag_mass=1.0000, to_uniform_l2=0.089800, to_identity_l2=0.000000, relation_identity_delta=0.000000, knowledge_state_graph_delta=0.748950, knowledge_state_personal_delta=0.214520, share_concept_embeddings=True, tau_mean=0.0000, tau_std=0.0000, graph_reg_scale(train/val)=1.0000/1.0000
2026-04-14 10:16:05,043 - INFO - [assist_09|assist_09_abce_ae_dominant_no_A|lr=0.0003|drop=0.20] [Grad Norms] Epoch [005] | relation_emb=0.000000e+00, relation_tau=0.000000e+00, relation_wq=0.000000e+00, relation_wk=0.000000e+00, personal_u=3.467566e-04, personal_v=3.058756e-04, personal_alpha_bias=1.643212e-04, personal_gate_emb=0.000000e+00, personal_gate_state_proj=1.257536e-04, personal_gate_context_proj=1.230669e-04, personal_gate_state_direct=5.207686e-03, personal_gate_id_direct=0.000000e+00, personal_gate_context_direct=6.262749e-03, personal_gate_out=8.720828e-05, personal_generator_emb=1.682947e-03, personal_generator_context_proj=0.000000e+00, personal_generator_context_hidden=0.000000e+00, personal_generator_context_to_u=2.490532e-06, personal_generator_context_to_v=1.596184e-06, personal_generator_student_row=0.000000e+00, personal_generator_student_col=0.000000e+00, personal_generator_student_adapter=2.204760e-05, personal_generator_context_adapter=3.061222e-09, personal_generator_direct_scale=0.000000e+00
2026-04-14 10:16:05,348 - INFO - [assist_09|assist_09_abce_ae_dominant_no_A|lr=0.0003|drop=0.20] -> New best AUC=0.7441 at epoch 5
2026-04-14 10:16:35,695 - INFO - [assist_09|assist_09_abce_ae_dominant_no_A|lr=0.0003|drop=0.20] Epoch [006/100] | Train: Loss=0.5199, BCE=0.5154, Reg=0.0045, AUC=0.7860, ACC=0.7404, RMSE=0.4148 | Val: Loss=0.5596, BCE=0.5550, Reg=0.0046, AUC=0.7450, ACC=0.7189, RMSE=0.4327
2026-04-14 10:16:35,695 - INFO - [assist_09|assist_09_abce_ae_dominant_no_A|lr=0.0003|drop=0.20] [Reg Terms] Epoch [006] | Train: graph_entropy=0.000000, graph_diag=0.000000, graph_uniform=0.000000, graph_reg_scale=1.0000, prediction_l2=0.000000, personal_sparse=0.002222, alpha_var=0.000000, alpha_collapse=0.002280, reg_bce_ratio=0.0087 | Val: graph_entropy=0.000000, graph_diag=0.000000, graph_uniform=0.000000, graph_reg_scale=1.0000, prediction_l2=0.000000, personal_sparse=0.002224, alpha_var=0.000000, alpha_collapse=0.002398, reg_bce_ratio=0.0083
2026-04-14 10:16:35,892 - INFO - [assist_09|assist_09_abce_ae_dominant_no_A|lr=0.0003|drop=0.20] [Diag][AE] Epoch [006] | irt_abs_mean=1.4972, irt_std=0.7397, personal_warmup_scale=1.00, graph_row_entropy=0.0000, graph_entropy_ratio=0.0000, alpha_mean=0.2475, alpha_std=0.1535, alpha_bias_std=0.0006, alpha_state_path=1.7505, alpha_id_path=0.0000, alpha_bias_path=0.0005, personal_row_entropy=4.4753, personal_matrix_delta=0.0161, personal_matrix_student_std=0.0029, personal_delta_pre_softmax_norm=0.5749, personal_delta_student_std=0.1900, alpha_head_std=0.1267, personal_student_mix=0.0617, personal_student_adapter=0.0792, personal_bad_rows=0.00, personal_fallback_rows=0.00, personal_logits_absmax=2.2176
2026-04-14 10:16:35,893 - INFO - [assist_09|assist_09_abce_ae_dominant_no_A|lr=0.0003|drop=0.20] [Diag][A] Epoch [006] | entropy_ratio=0.0000, diag_mass=1.0000, to_uniform_l2=0.089800, to_identity_l2=0.000000, relation_identity_delta=0.000000, knowledge_state_graph_delta=0.750113, knowledge_state_personal_delta=0.214544, share_concept_embeddings=True, tau_mean=0.0000, tau_std=0.0000, graph_reg_scale(train/val)=1.0000/1.0000
2026-04-14 10:16:35,893 - INFO - [assist_09|assist_09_abce_ae_dominant_no_A|lr=0.0003|drop=0.20] [Grad Norms] Epoch [006] | relation_emb=0.000000e+00, relation_tau=0.000000e+00, relation_wq=0.000000e+00, relation_wk=0.000000e+00, personal_u=9.442429e-04, personal_v=4.953069e-04, personal_alpha_bias=1.552708e-04, personal_gate_emb=0.000000e+00, personal_gate_state_proj=7.370501e-05, personal_gate_context_proj=6.111272e-05, personal_gate_state_direct=7.463940e-03, personal_gate_id_direct=0.000000e+00, personal_gate_context_direct=6.215448e-03, personal_gate_out=5.085755e-05, personal_generator_emb=2.805069e-03, personal_generator_context_proj=0.000000e+00, personal_generator_context_hidden=0.000000e+00, personal_generator_context_to_u=9.943902e-07, personal_generator_context_to_v=4.282774e-07, personal_generator_student_row=0.000000e+00, personal_generator_student_col=0.000000e+00, personal_generator_student_adapter=4.072481e-05, personal_generator_context_adapter=7.891967e-10, personal_generator_direct_scale=0.000000e+00
2026-04-14 10:16:36,136 - INFO - [assist_09|assist_09_abce_ae_dominant_no_A|lr=0.0003|drop=0.20] -> New best AUC=0.7450 at epoch 6
2026-04-14 10:17:06,355 - INFO - [assist_09|assist_09_abce_ae_dominant_no_A|lr=0.0003|drop=0.20] Epoch [007/100] | Train: Loss=0.5137, BCE=0.5093, Reg=0.0045, AUC=0.7927, ACC=0.7435, RMSE=0.4122 | Val: Loss=0.5585, BCE=0.5539, Reg=0.0046, AUC=0.7461, ACC=0.7212, RMSE=0.4320
2026-04-14 10:17:06,356 - INFO - [assist_09|assist_09_abce_ae_dominant_no_A|lr=0.0003|drop=0.20] [Reg Terms] Epoch [007] | Train: graph_entropy=0.000000, graph_diag=0.000000, graph_uniform=0.000000, graph_reg_scale=1.0000, prediction_l2=0.000000, personal_sparse=0.002191, alpha_var=0.000000, alpha_collapse=0.002262, reg_bce_ratio=0.0087 | Val: graph_entropy=0.000000, graph_diag=0.000000, graph_uniform=0.000000, graph_reg_scale=1.0000, prediction_l2=0.000000, personal_sparse=0.002206, alpha_var=0.000000, alpha_collapse=0.002391, reg_bce_ratio=0.0083
2026-04-14 10:17:06,566 - INFO - [assist_09|assist_09_abce_ae_dominant_no_A|lr=0.0003|drop=0.20] [Diag][AE] Epoch [007] | irt_abs_mean=1.5046, irt_std=0.7791, personal_warmup_scale=1.00, graph_row_entropy=0.0000, graph_entropy_ratio=0.0000, alpha_mean=0.2722, alpha_std=0.1219, alpha_bias_std=0.0007, alpha_state_path=1.3153, alpha_id_path=0.0000, alpha_bias_path=0.0005, personal_row_entropy=4.4427, personal_matrix_delta=0.0161, personal_matrix_student_std=0.0030, personal_delta_pre_softmax_norm=0.5764, personal_delta_student_std=0.2029, alpha_head_std=0.0893, personal_student_mix=0.0668, personal_student_adapter=0.0910, personal_bad_rows=0.00, personal_fallback_rows=0.00, personal_logits_absmax=2.2261
2026-04-14 10:17:06,566 - INFO - [assist_09|assist_09_abce_ae_dominant_no_A|lr=0.0003|drop=0.20] [Diag][A] Epoch [007] | entropy_ratio=0.0000, diag_mass=1.0000, to_uniform_l2=0.089800, to_identity_l2=0.000000, relation_identity_delta=0.000000, knowledge_state_graph_delta=0.752302, knowledge_state_personal_delta=0.211959, share_concept_embeddings=True, tau_mean=0.0000, tau_std=0.0000, graph_reg_scale(train/val)=1.0000/1.0000
2026-04-14 10:17:06,567 - INFO - [assist_09|assist_09_abce_ae_dominant_no_A|lr=0.0003|drop=0.20] [Grad Norms] Epoch [007] | relation_emb=0.000000e+00, relation_tau=0.000000e+00, relation_wq=0.000000e+00, relation_wk=0.000000e+00, personal_u=2.556792e-03, personal_v=9.720976e-04, personal_alpha_bias=1.555090e-04, personal_gate_emb=0.000000e+00, personal_gate_state_proj=8.259150e-06, personal_gate_context_proj=1.492148e-05, personal_gate_state_direct=5.661309e-03, personal_gate_id_direct=0.000000e+00, personal_gate_context_direct=7.005497e-03, personal_gate_out=3.280455e-05, personal_generator_emb=1.103965e-02, personal_generator_context_proj=0.000000e+00, personal_generator_context_hidden=0.000000e+00, personal_generator_context_to_u=1.391811e-05, personal_generator_context_to_v=5.149638e-06, personal_generator_student_row=0.000000e+00, personal_generator_student_col=0.000000e+00, personal_generator_student_adapter=7.652344e-05, personal_generator_context_adapter=8.100642e-08, personal_generator_direct_scale=0.000000e+00
2026-04-14 10:17:06,870 - INFO - [assist_09|assist_09_abce_ae_dominant_no_A|lr=0.0003|drop=0.20] -> New best AUC=0.7461 at epoch 7
2026-04-14 10:17:35,805 - INFO - [assist_09|assist_09_abce_ae_dominant_no_A|lr=0.0003|drop=0.20] Epoch [008/100] | Train: Loss=0.5077, BCE=0.5033, Reg=0.0044, AUC=0.7985, ACC=0.7462, RMSE=0.4095 | Val: Loss=0.5601, BCE=0.5555, Reg=0.0046, AUC=0.7465, ACC=0.7205, RMSE=0.4327
2026-04-14 10:17:35,806 - INFO - [assist_09|assist_09_abce_ae_dominant_no_A|lr=0.0003|drop=0.20] [Reg Terms] Epoch [008] | Train: graph_entropy=0.000000, graph_diag=0.000000, graph_uniform=0.000000, graph_reg_scale=1.0000, prediction_l2=0.000000, personal_sparse=0.002163, alpha_var=0.000000, alpha_collapse=0.002255, reg_bce_ratio=0.0088 | Val: graph_entropy=0.000000, graph_diag=0.000000, graph_uniform=0.000000, graph_reg_scale=1.0000, prediction_l2=0.000000, personal_sparse=0.002175, alpha_var=0.000000, alpha_collapse=0.002395, reg_bce_ratio=0.0082
2026-04-14 10:17:36,002 - INFO - [assist_09|assist_09_abce_ae_dominant_no_A|lr=0.0003|drop=0.20] [Diag][AE] Epoch [008] | irt_abs_mean=1.5508, irt_std=0.8376, personal_warmup_scale=1.00, graph_row_entropy=0.0000, graph_entropy_ratio=0.0000, alpha_mean=0.3220, alpha_std=0.1219, alpha_bias_std=0.0007, alpha_state_path=1.8514, alpha_id_path=0.0000, alpha_bias_path=0.0005, personal_row_entropy=4.3671, personal_matrix_delta=0.0161, personal_matrix_student_std=0.0032, personal_delta_pre_softmax_norm=0.5762, personal_delta_student_std=0.2217, alpha_head_std=0.1024, personal_student_mix=0.0728, personal_student_adapter=0.1021, personal_bad_rows=0.00, personal_fallback_rows=0.00, personal_logits_absmax=2.3044
2026-04-14 10:17:36,002 - INFO - [assist_09|assist_09_abce_ae_dominant_no_A|lr=0.0003|drop=0.20] [Diag][A] Epoch [008] | entropy_ratio=0.0000, diag_mass=1.0000, to_uniform_l2=0.089800, to_identity_l2=0.000000, relation_identity_delta=0.000000, knowledge_state_graph_delta=0.752698, knowledge_state_personal_delta=0.213487, share_concept_embeddings=True, tau_mean=0.0000, tau_std=0.0000, graph_reg_scale(train/val)=1.0000/1.0000
2026-04-14 10:17:36,002 - INFO - [assist_09|assist_09_abce_ae_dominant_no_A|lr=0.0003|drop=0.20] [Grad Norms] Epoch [008] | relation_emb=0.000000e+00, relation_tau=0.000000e+00, relation_wq=0.000000e+00, relation_wk=0.000000e+00, personal_u=3.088576e-03, personal_v=9.870827e-04, personal_alpha_bias=1.664947e-04, personal_gate_emb=0.000000e+00, personal_gate_state_proj=3.004519e-06, personal_gate_context_proj=3.148337e-06, personal_gate_state_direct=4.154200e-03, personal_gate_id_direct=0.000000e+00, personal_gate_context_direct=3.952422e-03, personal_gate_out=3.222799e-05, personal_generator_emb=1.789551e-02, personal_generator_context_proj=0.000000e+00, personal_generator_context_hidden=0.000000e+00, personal_generator_context_to_u=5.366658e-07, personal_generator_context_to_v=1.562945e-07, personal_generator_student_row=0.000000e+00, personal_generator_student_col=0.000000e+00, personal_generator_student_adapter=2.589880e-05, personal_generator_context_adapter=2.046992e-11, personal_generator_direct_scale=0.000000e+00
2026-04-14 10:17:36,339 - INFO - [assist_09|assist_09_abce_ae_dominant_no_A|lr=0.0003|drop=0.20] -> New best AUC=0.7465 at epoch 8
2026-04-14 10:18:05,974 - INFO - [assist_09|assist_09_abce_ae_dominant_no_A|lr=0.0003|drop=0.20] Epoch [009/100] | Train: Loss=0.5025, BCE=0.4981, Reg=0.0044, AUC=0.8039, ACC=0.7483, RMSE=0.4073 | Val: Loss=0.5618, BCE=0.5571, Reg=0.0047, AUC=0.7459, ACC=0.7199, RMSE=0.4330
2026-04-14 10:18:05,974 - INFO - [assist_09|assist_09_abce_ae_dominant_no_A|lr=0.0003|drop=0.20] [Reg Terms] Epoch [009] | Train: graph_entropy=0.000000, graph_diag=0.000000, graph_uniform=0.000000, graph_reg_scale=1.0000, prediction_l2=0.000000, personal_sparse=0.002135, alpha_var=0.000000, alpha_collapse=0.002251, reg_bce_ratio=0.0088 | Val: graph_entropy=0.000000, graph_diag=0.000000, graph_uniform=0.000000, graph_reg_scale=1.0000, prediction_l2=0.000000, personal_sparse=0.002137, alpha_var=0.000000, alpha_collapse=0.002567, reg_bce_ratio=0.0084
2026-04-14 10:18:06,173 - INFO - [assist_09|assist_09_abce_ae_dominant_no_A|lr=0.0003|drop=0.20] [Diag][AE] Epoch [009] | irt_abs_mean=1.6088, irt_std=0.8874, personal_warmup_scale=1.00, graph_row_entropy=0.0000, graph_entropy_ratio=0.0000, alpha_mean=0.3791, alpha_std=0.0715, alpha_bias_std=0.0006, alpha_state_path=2.2534, alpha_id_path=0.0000, alpha_bias_path=0.0005, personal_row_entropy=4.2699, personal_matrix_delta=0.0160, personal_matrix_student_std=0.0034, personal_delta_pre_softmax_norm=0.5764, personal_delta_student_std=0.2253, alpha_head_std=0.0535, personal_student_mix=0.0808, personal_student_adapter=0.1134, personal_bad_rows=0.00, personal_fallback_rows=0.00, personal_logits_absmax=2.3234
2026-04-14 10:18:06,173 - INFO - [assist_09|assist_09_abce_ae_dominant_no_A|lr=0.0003|drop=0.20] [Diag][A] Epoch [009] | entropy_ratio=0.0000, diag_mass=1.0000, to_uniform_l2=0.089800, to_identity_l2=0.000000, relation_identity_delta=0.000000, knowledge_state_graph_delta=0.752769, knowledge_state_personal_delta=0.210870, share_concept_embeddings=True, tau_mean=0.0000, tau_std=0.0000, graph_reg_scale(train/val)=1.0000/1.0000
2026-04-14 10:18:06,174 - INFO - [assist_09|assist_09_abce_ae_dominant_no_A|lr=0.0003|drop=0.20] [Grad Norms] Epoch [009] | relation_emb=0.000000e+00, relation_tau=0.000000e+00, relation_wq=0.000000e+00, relation_wk=0.000000e+00, personal_u=6.885569e-03, personal_v=1.999745e-03, personal_alpha_bias=1.520399e-04, personal_gate_emb=0.000000e+00, personal_gate_state_proj=2.769054e-08, personal_gate_context_proj=9.845187e-08, personal_gate_state_direct=6.382926e-04, personal_gate_id_direct=0.000000e+00, personal_gate_context_direct=2.279555e-03, personal_gate_out=4.906300e-06, personal_generator_emb=2.377407e-02, personal_generator_context_proj=0.000000e+00, personal_generator_context_hidden=0.000000e+00, personal_generator_context_to_u=3.885958e-05, personal_generator_context_to_v=1.196408e-05, personal_generator_student_row=0.000000e+00, personal_generator_student_col=0.000000e+00, personal_generator_student_adapter=4.351777e-04, personal_generator_context_adapter=6.667803e-08, personal_generator_direct_scale=0.000000e+00
2026-04-14 10:18:06,174 - INFO - [assist_09|assist_09_abce_ae_dominant_no_A|lr=0.0003|drop=0.20] -> No improvement 1 epoch(s) (best AUC=0.7465 @ 8)
2026-04-14 10:18:35,921 - INFO - [assist_09|assist_09_abce_ae_dominant_no_A|lr=0.0003|drop=0.20] Epoch [010/100] | Train: Loss=0.4975, BCE=0.4932, Reg=0.0044, AUC=0.8090, ACC=0.7510, RMSE=0.4052 | Val: Loss=0.5615, BCE=0.5568, Reg=0.0047, AUC=0.7472, ACC=0.7209, RMSE=0.4325
2026-04-14 10:18:35,921 - INFO - [assist_09|assist_09_abce_ae_dominant_no_A|lr=0.0003|drop=0.20] [Reg Terms] Epoch [010] | Train: graph_entropy=0.000000, graph_diag=0.000000, graph_uniform=0.000000, graph_reg_scale=1.0000, prediction_l2=0.000000, personal_sparse=0.002124, alpha_var=0.000000, alpha_collapse=0.002251, reg_bce_ratio=0.0089 | Val: graph_entropy=0.000000, graph_diag=0.000000, graph_uniform=0.000000, graph_reg_scale=1.0000, prediction_l2=0.000000, personal_sparse=0.002140, alpha_var=0.000000, alpha_collapse=0.002511, reg_bce_ratio=0.0084
2026-04-14 10:18:36,120 - INFO - [assist_09|assist_09_abce_ae_dominant_no_A|lr=0.0003|drop=0.20] [Diag][AE] Epoch [010] | irt_abs_mean=1.6158, irt_std=0.9121, personal_warmup_scale=1.00, graph_row_entropy=0.0000, graph_entropy_ratio=0.0000, alpha_mean=0.3758, alpha_std=0.0759, alpha_bias_std=0.0006, alpha_state_path=2.2494, alpha_id_path=0.0000, alpha_bias_path=0.0004, personal_row_entropy=4.2743, personal_matrix_delta=0.0161, personal_matrix_student_std=0.0036, personal_delta_pre_softmax_norm=0.5753, personal_delta_student_std=0.2435, alpha_head_std=0.0573, personal_student_mix=0.0900, personal_student_adapter=0.1247, personal_bad_rows=0.00, personal_fallback_rows=0.00, personal_logits_absmax=2.3340
2026-04-14 10:18:36,120 - INFO - [assist_09|assist_09_abce_ae_dominant_no_A|lr=0.0003|drop=0.20] [Diag][A] Epoch [010] | entropy_ratio=0.0000, diag_mass=1.0000, to_uniform_l2=0.089800, to_identity_l2=0.000000, relation_identity_delta=0.000000, knowledge_state_graph_delta=0.753453, knowledge_state_personal_delta=0.209756, share_concept_embeddings=True, tau_mean=0.0000, tau_std=0.0000, graph_reg_scale(train/val)=1.0000/1.0000
2026-04-14 10:18:36,120 - INFO - [assist_09|assist_09_abce_ae_dominant_no_A|lr=0.0003|drop=0.20] [Grad Norms] Epoch [010] | relation_emb=0.000000e+00, relation_tau=0.000000e+00, relation_wq=0.000000e+00, relation_wk=0.000000e+00, personal_u=2.018632e-02, personal_v=3.489236e-03, personal_alpha_bias=1.684684e-04, personal_gate_emb=0.000000e+00, personal_gate_state_proj=5.758924e-11, personal_gate_context_proj=1.080320e-10, personal_gate_state_direct=2.223440e-03, personal_gate_id_direct=0.000000e+00, personal_gate_context_direct=3.110025e-03, personal_gate_out=7.620627e-06, personal_generator_emb=3.564364e-02, personal_generator_context_proj=0.000000e+00, personal_generator_context_hidden=0.000000e+00, personal_generator_context_to_u=8.347964e-07, personal_generator_context_to_v=1.653840e-07, personal_generator_student_row=0.000000e+00, personal_generator_student_col=0.000000e+00, personal_generator_student_adapter=2.829968e-04, personal_generator_context_adapter=1.378285e-11, personal_generator_direct_scale=0.000000e+00
2026-04-14 10:18:36,476 - INFO - [assist_09|assist_09_abce_ae_dominant_no_A|lr=0.0003|drop=0.20] -> New best AUC=0.7472 at epoch 10
2026-04-14 10:18:36,511 - INFO - [assist_09|assist_09_abce_ae_dominant_no_A|lr=0.0003|drop=0.20] Checkpoint saved: checkpoints/abce_diag/remote_ae_verify_20260414_f28ff9d/assist_09/seed42/ae_dominant_no_A/checkpoint_epoch_10.pth
2026-04-14 10:18:36,685 - INFO - [assist_09|assist_09_abce_ae_dominant_no_A|lr=0.0003|drop=0.20] [Module Activity] Epoch 10: Personal[OK]
2026-04-14 10:19:06,974 - INFO - [assist_09|assist_09_abce_ae_dominant_no_A|lr=0.0003|drop=0.20] Epoch [011/100] | Train: Loss=0.4932, BCE=0.4889, Reg=0.0044, AUC=0.8129, ACC=0.7535, RMSE=0.4033 | Val: Loss=0.5641, BCE=0.5587, Reg=0.0054, AUC=0.7464, ACC=0.7199, RMSE=0.4333
2026-04-14 10:19:06,975 - INFO - [assist_09|assist_09_abce_ae_dominant_no_A|lr=0.0003|drop=0.20] [Reg Terms] Epoch [011] | Train: graph_entropy=0.000000, graph_diag=0.000000, graph_uniform=0.000000, graph_reg_scale=1.0000, prediction_l2=0.000000, personal_sparse=0.002120, alpha_var=0.000000, alpha_collapse=0.002250, reg_bce_ratio=0.0089 | Val: graph_entropy=0.000000, graph_diag=0.000000, graph_uniform=0.000000, graph_reg_scale=1.0000, prediction_l2=0.000000, personal_sparse=0.002118, alpha_var=0.000000, alpha_collapse=0.003260, reg_bce_ratio=0.0096
2026-04-14 10:19:07,202 - INFO - [assist_09|assist_09_abce_ae_dominant_no_A|lr=0.0003|drop=0.20] [Diag][AE] Epoch [011] | irt_abs_mean=1.6120, irt_std=0.9123, personal_warmup_scale=1.00, graph_row_entropy=0.0000, graph_entropy_ratio=0.0000, alpha_mean=0.4020, alpha_std=0.0482, alpha_bias_std=0.0005, alpha_state_path=2.5977, alpha_id_path=0.0000, alpha_bias_path=0.0004, personal_row_entropy=4.2301, personal_matrix_delta=0.0161, personal_matrix_student_std=0.0038, personal_delta_pre_softmax_norm=0.5760, personal_delta_student_std=0.2550, alpha_head_std=0.0306, personal_student_mix=0.0992, personal_student_adapter=0.1359, personal_bad_rows=0.00, personal_fallback_rows=0.00, personal_logits_absmax=2.3428
2026-04-14 10:19:07,203 - INFO - [assist_09|assist_09_abce_ae_dominant_no_A|lr=0.0003|drop=0.20] [Diag][A] Epoch [011] | entropy_ratio=0.0000, diag_mass=1.0000, to_uniform_l2=0.089800, to_identity_l2=0.000000, relation_identity_delta=0.000000, knowledge_state_graph_delta=0.753143, knowledge_state_personal_delta=0.216392, share_concept_embeddings=True, tau_mean=0.0000, tau_std=0.0000, graph_reg_scale(train/val)=1.0000/1.0000
2026-04-14 10:19:07,203 - INFO - [assist_09|assist_09_abce_ae_dominant_no_A|lr=0.0003|drop=0.20] [Grad Norms] Epoch [011] | relation_emb=0.000000e+00, relation_tau=0.000000e+00, relation_wq=0.000000e+00, relation_wk=0.000000e+00, personal_u=1.403142e-02, personal_v=3.141997e-03, personal_alpha_bias=1.683502e-04, personal_gate_emb=0.000000e+00, personal_gate_state_proj=3.750829e-14, personal_gate_context_proj=8.428448e-14, personal_gate_state_direct=1.605993e-03, personal_gate_id_direct=0.000000e+00, personal_gate_context_direct=3.561144e-03, personal_gate_out=2.921760e-06, personal_generator_emb=6.409293e-02, personal_generator_context_proj=0.000000e+00, personal_generator_context_hidden=0.000000e+00, personal_generator_context_to_u=6.632827e-05, personal_generator_context_to_v=1.462609e-05, personal_generator_student_row=0.000000e+00, personal_generator_student_col=0.000000e+00, personal_generator_student_adapter=4.099644e-04, personal_generator_context_adapter=1.919809e-06, personal_generator_direct_scale=0.000000e+00
2026-04-14 10:19:07,203 - INFO - [assist_09|assist_09_abce_ae_dominant_no_A|lr=0.0003|drop=0.20] -> No improvement 1 epoch(s) (best AUC=0.7472 @ 10)
2026-04-14 10:19:37,303 - INFO - [assist_09|assist_09_abce_ae_dominant_no_A|lr=0.0003|drop=0.20] Epoch [012/100] | Train: Loss=0.4901, BCE=0.4858, Reg=0.0044, AUC=0.8156, ACC=0.7544, RMSE=0.4020 | Val: Loss=0.5625, BCE=0.5573, Reg=0.0052, AUC=0.7490, ACC=0.7240, RMSE=0.4322
2026-04-14 10:19:37,304 - INFO - [assist_09|assist_09_abce_ae_dominant_no_A|lr=0.0003|drop=0.20] [Reg Terms] Epoch [012] | Train: graph_entropy=0.000000, graph_diag=0.000000, graph_uniform=0.000000, graph_reg_scale=1.0000, prediction_l2=0.000000, personal_sparse=0.002116, alpha_var=0.000000, alpha_collapse=0.002251, reg_bce_ratio=0.0090 | Val: graph_entropy=0.000000, graph_diag=0.000000, graph_uniform=0.000000, graph_reg_scale=1.0000, prediction_l2=0.000000, personal_sparse=0.002118, alpha_var=0.000000, alpha_collapse=0.003094, reg_bce_ratio=0.0094
2026-04-14 10:19:37,495 - INFO - [assist_09|assist_09_abce_ae_dominant_no_A|lr=0.0003|drop=0.20] [Diag][AE] Epoch [012] | irt_abs_mean=1.7555, irt_std=0.9766, personal_warmup_scale=1.00, graph_row_entropy=0.0000, graph_entropy_ratio=0.0000, alpha_mean=0.4073, alpha_std=0.0508, alpha_bias_std=0.0004, alpha_state_path=2.9411, alpha_id_path=0.0000, alpha_bias_path=0.0003, personal_row_entropy=4.2250, personal_matrix_delta=0.0160, personal_matrix_student_std=0.0038, personal_delta_pre_softmax_norm=0.5757, personal_delta_student_std=0.2525, alpha_head_std=0.0332, personal_student_mix=0.1095, personal_student_adapter=0.1457, personal_bad_rows=0.00, personal_fallback_rows=0.00, personal_logits_absmax=2.3697
2026-04-14 10:19:37,495 - INFO - [assist_09|assist_09_abce_ae_dominant_no_A|lr=0.0003|drop=0.20] [Diag][A] Epoch [012] | entropy_ratio=0.0000, diag_mass=1.0000, to_uniform_l2=0.089800, to_identity_l2=0.000000, relation_identity_delta=0.000000, knowledge_state_graph_delta=0.755727, knowledge_state_personal_delta=0.213367, share_concept_embeddings=True, tau_mean=0.0000, tau_std=0.0000, graph_reg_scale(train/val)=1.0000/1.0000
2026-04-14 10:19:37,495 - INFO - [assist_09|assist_09_abce_ae_dominant_no_A|lr=0.0003|drop=0.20] [Grad Norms] Epoch [012] | relation_emb=0.000000e+00, relation_tau=0.000000e+00, relation_wq=0.000000e+00, relation_wk=0.000000e+00, personal_u=1.509912e-02, personal_v=3.901305e-03, personal_alpha_bias=1.471318e-04, personal_gate_emb=0.000000e+00, personal_gate_state_proj=9.000076e-19, personal_gate_context_proj=7.052690e-19, personal_gate_state_direct=2.406240e-03, personal_gate_id_direct=0.000000e+00, personal_gate_context_direct=1.874733e-03, personal_gate_out=2.247341e-06, personal_generator_emb=2.918131e-02, personal_generator_context_proj=0.000000e+00, personal_generator_context_hidden=0.000000e+00, personal_generator_context_to_u=1.025822e-05, personal_generator_context_to_v=2.668940e-06, personal_generator_student_row=0.000000e+00, personal_generator_student_col=0.000000e+00, personal_generator_student_adapter=5.067159e-04, personal_generator_context_adapter=2.252283e-08, personal_generator_direct_scale=0.000000e+00
2026-04-14 10:19:37,848 - INFO - [assist_09|assist_09_abce_ae_dominant_no_A|lr=0.0003|drop=0.20] -> New best AUC=0.7490 at epoch 12
2026-04-14 10:20:06,443 - INFO - [assist_09|assist_09_abce_ae_dominant_no_A|lr=0.0003|drop=0.20] Epoch [013/100] | Train: Loss=0.4856, BCE=0.4812, Reg=0.0044, AUC=0.8199, ACC=0.7579, RMSE=0.3999 | Val: Loss=0.5647, BCE=0.5594, Reg=0.0054, AUC=0.7486, ACC=0.7234, RMSE=0.4328
2026-04-14 10:20:06,443 - INFO - [assist_09|assist_09_abce_ae_dominant_no_A|lr=0.0003|drop=0.20] [Reg Terms] Epoch [013] | Train: graph_entropy=0.000000, graph_diag=0.000000, graph_uniform=0.000000, graph_reg_scale=1.0000, prediction_l2=0.000000, personal_sparse=0.002115, alpha_var=0.000000, alpha_collapse=0.002251, reg_bce_ratio=0.0091 | Val: graph_entropy=0.000000, graph_diag=0.000000, graph_uniform=0.000000, graph_reg_scale=1.0000, prediction_l2=0.000000, personal_sparse=0.002116, alpha_var=0.000000, alpha_collapse=0.003241, reg_bce_ratio=0.0096
2026-04-14 10:20:06,633 - INFO - [assist_09|assist_09_abce_ae_dominant_no_A|lr=0.0003|drop=0.20] [Diag][AE] Epoch [013] | irt_abs_mean=1.7632, irt_std=1.0118, personal_warmup_scale=1.00, graph_row_entropy=0.0000, graph_entropy_ratio=0.0000, alpha_mean=0.4127, alpha_std=0.0459, alpha_bias_std=0.0003, alpha_state_path=3.1009, alpha_id_path=0.0000, alpha_bias_path=0.0002, personal_row_entropy=4.2176, personal_matrix_delta=0.0160, personal_matrix_student_std=0.0039, personal_delta_pre_softmax_norm=0.5741, personal_delta_student_std=0.2559, alpha_head_std=0.0290, personal_student_mix=0.1189, personal_student_adapter=0.1544, personal_bad_rows=0.00, personal_fallback_rows=0.00, personal_logits_absmax=2.3849
2026-04-14 10:20:06,634 - INFO - [assist_09|assist_09_abce_ae_dominant_no_A|lr=0.0003|drop=0.20] [Diag][A] Epoch [013] | entropy_ratio=0.0000, diag_mass=1.0000, to_uniform_l2=0.089800, to_identity_l2=0.000000, relation_identity_delta=0.000000, knowledge_state_graph_delta=0.755639, knowledge_state_personal_delta=0.215425, share_concept_embeddings=True, tau_mean=0.0000, tau_std=0.0000, graph_reg_scale(train/val)=1.0000/1.0000
2026-04-14 10:20:06,634 - INFO - [assist_09|assist_09_abce_ae_dominant_no_A|lr=0.0003|drop=0.20] [Grad Norms] Epoch [013] | relation_emb=0.000000e+00, relation_tau=0.000000e+00, relation_wq=0.000000e+00, relation_wk=0.000000e+00, personal_u=3.385990e-02, personal_v=5.965452e-03, personal_alpha_bias=1.826852e-04, personal_gate_emb=0.000000e+00, personal_gate_state_proj=0.000000e+00, personal_gate_context_proj=0.000000e+00, personal_gate_state_direct=5.902700e-03, personal_gate_id_direct=0.000000e+00, personal_gate_context_direct=3.286251e-03, personal_gate_out=6.673503e-07, personal_generator_emb=7.341985e-02, personal_generator_context_proj=0.000000e+00, personal_generator_context_hidden=0.000000e+00, personal_generator_context_to_u=1.262660e-04, personal_generator_context_to_v=2.260899e-05, personal_generator_student_row=0.000000e+00, personal_generator_student_col=0.000000e+00, personal_generator_student_adapter=1.109359e-04, personal_generator_context_adapter=1.131785e-06, personal_generator_direct_scale=0.000000e+00
2026-04-14 10:20:06,634 - INFO - [assist_09|assist_09_abce_ae_dominant_no_A|lr=0.0003|drop=0.20] -> No improvement 1 epoch(s) (best AUC=0.7490 @ 12)
2026-04-14 10:20:35,849 - INFO - [assist_09|assist_09_abce_ae_dominant_no_A|lr=0.0003|drop=0.20] Epoch [014/100] | Train: Loss=0.4828, BCE=0.4784, Reg=0.0044, AUC=0.8226, ACC=0.7576, RMSE=0.3988 | Val: Loss=0.5647, BCE=0.5593, Reg=0.0054, AUC=0.7497, ACC=0.7233, RMSE=0.4325
2026-04-14 10:20:35,849 - INFO - [assist_09|assist_09_abce_ae_dominant_no_A|lr=0.0003|drop=0.20] [Reg Terms] Epoch [014] | Train: graph_entropy=0.000000, graph_diag=0.000000, graph_uniform=0.000000, graph_reg_scale=1.0000, prediction_l2=0.000001, personal_sparse=0.002113, alpha_var=0.000000, alpha_collapse=0.002252, reg_bce_ratio=0.0091 | Val: graph_entropy=0.000000, graph_diag=0.000000, graph_uniform=0.000000, graph_reg_scale=1.0000, prediction_l2=0.000001, personal_sparse=0.002113, alpha_var=0.000000, alpha_collapse=0.003279, reg_bce_ratio=0.0096
2026-04-14 10:20:36,059 - INFO - [assist_09|assist_09_abce_ae_dominant_no_A|lr=0.0003|drop=0.20] [Diag][AE] Epoch [014] | irt_abs_mean=1.7677, irt_std=1.0123, personal_warmup_scale=1.00, graph_row_entropy=0.0000, graph_entropy_ratio=0.0000, alpha_mean=0.4170, alpha_std=0.0442, alpha_bias_std=0.0002, alpha_state_path=3.4029, alpha_id_path=0.0000, alpha_bias_path=0.0002, personal_row_entropy=4.2111, personal_matrix_delta=0.0160, personal_matrix_student_std=0.0040, personal_delta_pre_softmax_norm=0.5731, personal_delta_student_std=0.2599, alpha_head_std=0.0279, personal_student_mix=0.1289, personal_student_adapter=0.1632, personal_bad_rows=0.00, personal_fallback_rows=0.00, personal_logits_absmax=2.3982
2026-04-14 10:20:36,059 - INFO - [assist_09|assist_09_abce_ae_dominant_no_A|lr=0.0003|drop=0.20] [Diag][A] Epoch [014] | entropy_ratio=0.0000, diag_mass=1.0000, to_uniform_l2=0.089800, to_identity_l2=0.000000, relation_identity_delta=0.000000, knowledge_state_graph_delta=0.756849, knowledge_state_personal_delta=0.214972, share_concept_embeddings=True, tau_mean=0.0000, tau_std=0.0000, graph_reg_scale(train/val)=1.0000/1.0000
2026-04-14 10:20:36,059 - INFO - [assist_09|assist_09_abce_ae_dominant_no_A|lr=0.0003|drop=0.20] [Grad Norms] Epoch [014] | relation_emb=0.000000e+00, relation_tau=0.000000e+00, relation_wq=0.000000e+00, relation_wk=0.000000e+00, personal_u=5.130215e-02, personal_v=8.997314e-03, personal_alpha_bias=1.510270e-04, personal_gate_emb=0.000000e+00, personal_gate_state_proj=0.000000e+00, personal_gate_context_proj=0.000000e+00, personal_gate_state_direct=5.913656e-04, personal_gate_id_direct=0.000000e+00, personal_gate_context_direct=1.304223e-03, personal_gate_out=2.926396e-07, personal_generator_emb=1.590097e-01, personal_generator_context_proj=0.000000e+00, personal_generator_context_hidden=0.000000e+00, personal_generator_context_to_u=6.275444e-05, personal_generator_context_to_v=9.752041e-06, personal_generator_student_row=0.000000e+00, personal_generator_student_col=0.000000e+00, personal_generator_student_adapter=2.333255e-03, personal_generator_context_adapter=1.136597e-06, personal_generator_direct_scale=0.000000e+00
2026-04-14 10:20:36,392 - INFO - [assist_09|assist_09_abce_ae_dominant_no_A|lr=0.0003|drop=0.20] -> New best AUC=0.7497 at epoch 14
2026-04-14 10:21:05,622 - INFO - [assist_09|assist_09_abce_ae_dominant_no_A|lr=0.0003|drop=0.20] Epoch [015/100] | Train: Loss=0.4793, BCE=0.4749, Reg=0.0044, AUC=0.8254, ACC=0.7602, RMSE=0.3973 | Val: Loss=0.5656, BCE=0.5603, Reg=0.0053, AUC=0.7484, ACC=0.7236, RMSE=0.4329
2026-04-14 10:21:05,622 - INFO - [assist_09|assist_09_abce_ae_dominant_no_A|lr=0.0003|drop=0.20] [Reg Terms] Epoch [015] | Train: graph_entropy=0.000000, graph_diag=0.000000, graph_uniform=0.000000, graph_reg_scale=1.0000, prediction_l2=0.000001, personal_sparse=0.002113, alpha_var=0.000000, alpha_collapse=0.002252, reg_bce_ratio=0.0092 | Val: graph_entropy=0.000000, graph_diag=0.000000, graph_uniform=0.000000, graph_reg_scale=1.0000, prediction_l2=0.000001, personal_sparse=0.002115, alpha_var=0.000000, alpha_collapse=0.003164, reg_bce_ratio=0.0094
2026-04-14 10:21:05,809 - INFO - [assist_09|assist_09_abce_ae_dominant_no_A|lr=0.0003|drop=0.20] [Diag][AE] Epoch [015] | irt_abs_mean=1.7734, irt_std=1.0181, personal_warmup_scale=1.00, graph_row_entropy=0.0000, graph_entropy_ratio=0.0000, alpha_mean=0.4165, alpha_std=0.0461, alpha_bias_std=0.0002, alpha_state_path=3.3770, alpha_id_path=0.0000, alpha_bias_path=0.0002, personal_row_entropy=4.2097, personal_matrix_delta=0.0160, personal_matrix_student_std=0.0042, personal_delta_pre_softmax_norm=0.5711, personal_delta_student_std=0.2720, alpha_head_std=0.0279, personal_student_mix=0.1367, personal_student_adapter=0.1716, personal_bad_rows=0.00, personal_fallback_rows=0.00, personal_logits_absmax=2.3979
2026-04-14 10:21:05,809 - INFO - [assist_09|assist_09_abce_ae_dominant_no_A|lr=0.0003|drop=0.20] [Diag][A] Epoch [015] | entropy_ratio=0.0000, diag_mass=1.0000, to_uniform_l2=0.089800, to_identity_l2=0.000000, relation_identity_delta=0.000000, knowledge_state_graph_delta=0.759414, knowledge_state_personal_delta=0.221329, share_concept_embeddings=True, tau_mean=0.0000, tau_std=0.0000, graph_reg_scale(train/val)=1.0000/1.0000
2026-04-14 10:21:05,809 - INFO - [assist_09|assist_09_abce_ae_dominant_no_A|lr=0.0003|drop=0.20] [Grad Norms] Epoch [015] | relation_emb=0.000000e+00, relation_tau=0.000000e+00, relation_wq=0.000000e+00, relation_wk=0.000000e+00, personal_u=5.460852e-02, personal_v=8.306873e-03, personal_alpha_bias=1.613630e-04, personal_gate_emb=0.000000e+00, personal_gate_state_proj=0.000000e+00, personal_gate_context_proj=0.000000e+00, personal_gate_state_direct=1.858047e-03, personal_gate_id_direct=0.000000e+00, personal_gate_context_direct=1.165965e-03, personal_gate_out=2.138072e-07, personal_generator_emb=1.106497e-01, personal_generator_context_proj=0.000000e+00, personal_generator_context_hidden=0.000000e+00, personal_generator_context_to_u=9.143709e-05, personal_generator_context_to_v=1.249332e-05, personal_generator_student_row=0.000000e+00, personal_generator_student_col=0.000000e+00, personal_generator_student_adapter=1.264891e-03, personal_generator_context_adapter=4.730575e-08, personal_generator_direct_scale=0.000000e+00
2026-04-14 10:21:05,810 - INFO - [assist_09|assist_09_abce_ae_dominant_no_A|lr=0.0003|drop=0.20] -> No improvement 1 epoch(s) (best AUC=0.7497 @ 14)
2026-04-14 10:21:35,519 - INFO - [assist_09|assist_09_abce_ae_dominant_no_A|lr=0.0003|drop=0.20] Epoch [016/100] | Train: Loss=0.4766, BCE=0.4722, Reg=0.0044, AUC=0.8278, ACC=0.7608, RMSE=0.3961 | Val: Loss=0.5647, BCE=0.5591, Reg=0.0056, AUC=0.7500, ACC=0.7229, RMSE=0.4319
2026-04-14 10:21:35,520 - INFO - [assist_09|assist_09_abce_ae_dominant_no_A|lr=0.0003|drop=0.20] [Reg Terms] Epoch [016] | Train: graph_entropy=0.000000, graph_diag=0.000000, graph_uniform=0.000000, graph_reg_scale=1.0000, prediction_l2=0.000001, personal_sparse=0.002109, alpha_var=0.000000, alpha_collapse=0.002253, reg_bce_ratio=0.0092 | Val: graph_entropy=0.000000, graph_diag=0.000000, graph_uniform=0.000000, graph_reg_scale=1.0000, prediction_l2=0.000001, personal_sparse=0.002107, alpha_var=0.000000, alpha_collapse=0.003525, reg_bce_ratio=0.0101
2026-04-14 10:21:35,723 - INFO - [assist_09|assist_09_abce_ae_dominant_no_A|lr=0.0003|drop=0.20] [Diag][AE] Epoch [016] | irt_abs_mean=1.8198, irt_std=1.0627, personal_warmup_scale=1.00, graph_row_entropy=0.0000, graph_entropy_ratio=0.0000, alpha_mean=0.4238, alpha_std=0.0361, alpha_bias_std=0.0002, alpha_state_path=3.6033, alpha_id_path=0.0000, alpha_bias_path=0.0002, personal_row_entropy=4.1969, personal_matrix_delta=0.0160, personal_matrix_student_std=0.0042, personal_delta_pre_softmax_norm=0.5698, personal_delta_student_std=0.2717, alpha_head_std=0.0217, personal_student_mix=0.1444, personal_student_adapter=0.1778, personal_bad_rows=0.00, personal_fallback_rows=0.00, personal_logits_absmax=2.4043
2026-04-14 10:21:35,723 - INFO - [assist_09|assist_09_abce_ae_dominant_no_A|lr=0.0003|drop=0.20] [Diag][A] Epoch [016] | entropy_ratio=0.0000, diag_mass=1.0000, to_uniform_l2=0.089800, to_identity_l2=0.000000, relation_identity_delta=0.000000, knowledge_state_graph_delta=0.759626, knowledge_state_personal_delta=0.220509, share_concept_embeddings=True, tau_mean=0.0000, tau_std=0.0000, graph_reg_scale(train/val)=1.0000/1.0000
2026-04-14 10:21:35,723 - INFO - [assist_09|assist_09_abce_ae_dominant_no_A|lr=0.0003|drop=0.20] [Grad Norms] Epoch [016] | relation_emb=0.000000e+00, relation_tau=0.000000e+00, relation_wq=0.000000e+00, relation_wk=0.000000e+00, personal_u=5.145968e-02, personal_v=8.300632e-03, personal_alpha_bias=2.010962e-04, personal_gate_emb=0.000000e+00, personal_gate_state_proj=0.000000e+00, personal_gate_context_proj=0.000000e+00, personal_gate_state_direct=9.237744e-03, personal_gate_id_direct=0.000000e+00, personal_gate_context_direct=3.366566e-03, personal_gate_out=1.907794e-05, personal_generator_emb=7.507087e-02, personal_generator_context_proj=0.000000e+00, personal_generator_context_hidden=0.000000e+00, personal_generator_context_to_u=4.749415e-05, personal_generator_context_to_v=6.973833e-06, personal_generator_student_row=0.000000e+00, personal_generator_student_col=0.000000e+00, personal_generator_student_adapter=1.989567e-03, personal_generator_context_adapter=1.750192e-08, personal_generator_direct_scale=0.000000e+00
2026-04-14 10:21:36,059 - INFO - [assist_09|assist_09_abce_ae_dominant_no_A|lr=0.0003|drop=0.20] -> New best AUC=0.7500 at epoch 16
2026-04-14 10:22:05,309 - INFO - [assist_09|assist_09_abce_ae_dominant_no_A|lr=0.0003|drop=0.20] Epoch [017/100] | Train: Loss=0.4731, BCE=0.4688, Reg=0.0044, AUC=0.8307, ACC=0.7628, RMSE=0.3946 | Val: Loss=0.5669, BCE=0.5614, Reg=0.0055, AUC=0.7485, ACC=0.7235, RMSE=0.4329
2026-04-14 10:22:05,309 - INFO - [assist_09|assist_09_abce_ae_dominant_no_A|lr=0.0003|drop=0.20] [Reg Terms] Epoch [017] | Train: graph_entropy=0.000000, graph_diag=0.000000, graph_uniform=0.000000, graph_reg_scale=1.0000, prediction_l2=0.000001, personal_sparse=0.002111, alpha_var=0.000000, alpha_collapse=0.002253, reg_bce_ratio=0.0093 | Val: graph_entropy=0.000000, graph_diag=0.000000, graph_uniform=0.000000, graph_reg_scale=1.0000, prediction_l2=0.000001, personal_sparse=0.002109, alpha_var=0.000000, alpha_collapse=0.003439, reg_bce_ratio=0.0099
2026-04-14 10:22:05,478 - INFO - [assist_09|assist_09_abce_ae_dominant_no_A|lr=0.0003|drop=0.20] [Diag][AE] Epoch [017] | irt_abs_mean=1.8150, irt_std=1.0597, personal_warmup_scale=1.00, graph_row_entropy=0.0000, graph_entropy_ratio=0.0000, alpha_mean=0.4233, alpha_std=0.0375, alpha_bias_std=0.0001, alpha_state_path=3.6534, alpha_id_path=0.0000, alpha_bias_path=0.0001, personal_row_entropy=4.1982, personal_matrix_delta=0.0160, personal_matrix_student_std=0.0043, personal_delta_pre_softmax_norm=0.5679, personal_delta_student_std=0.2756, alpha_head_std=0.0229, personal_student_mix=0.1506, personal_student_adapter=0.1857, personal_bad_rows=0.00, personal_fallback_rows=0.00, personal_logits_absmax=2.4035
2026-04-14 10:22:05,479 - INFO - [assist_09|assist_09_abce_ae_dominant_no_A|lr=0.0003|drop=0.20] [Diag][A] Epoch [017] | entropy_ratio=0.0000, diag_mass=1.0000, to_uniform_l2=0.089800, to_identity_l2=0.000000, relation_identity_delta=0.000000, knowledge_state_graph_delta=0.757802, knowledge_state_personal_delta=0.222884, share_concept_embeddings=True, tau_mean=0.0000, tau_std=0.0000, graph_reg_scale(train/val)=1.0000/1.0000
2026-04-14 10:22:05,479 - INFO - [assist_09|assist_09_abce_ae_dominant_no_A|lr=0.0003|drop=0.20] [Grad Norms] Epoch [017] | relation_emb=0.000000e+00, relation_tau=0.000000e+00, relation_wq=0.000000e+00, relation_wk=0.000000e+00, personal_u=6.497660e-02, personal_v=9.075012e-03, personal_alpha_bias=1.566863e-04, personal_gate_emb=0.000000e+00, personal_gate_state_proj=0.000000e+00, personal_gate_context_proj=0.000000e+00, personal_gate_state_direct=2.659208e-04, personal_gate_id_direct=0.000000e+00, personal_gate_context_direct=9.043403e-04, personal_gate_out=5.969779e-07, personal_generator_emb=1.680386e-01, personal_generator_context_proj=0.000000e+00, personal_generator_context_hidden=2.551089e-12, personal_generator_context_to_u=4.500758e-05, personal_generator_context_to_v=6.626597e-06, personal_generator_student_row=0.000000e+00, personal_generator_student_col=0.000000e+00, personal_generator_student_adapter=1.488630e-04, personal_generator_context_adapter=2.153278e-07, personal_generator_direct_scale=0.000000e+00
2026-04-14 10:22:05,479 - INFO - [assist_09|assist_09_abce_ae_dominant_no_A|lr=0.0003|drop=0.20] -> No improvement 1 epoch(s) (best AUC=0.7500 @ 16)
2026-04-14 10:22:34,916 - INFO - [assist_09|assist_09_abce_ae_dominant_no_A|lr=0.0003|drop=0.20] Epoch [018/100] | Train: Loss=0.4709, BCE=0.4666, Reg=0.0044, AUC=0.8325, ACC=0.7638, RMSE=0.3936 | Val: Loss=0.5717, BCE=0.5665, Reg=0.0052, AUC=0.7495, ACC=0.7245, RMSE=0.4337
2026-04-14 10:22:34,916 - INFO - [assist_09|assist_09_abce_ae_dominant_no_A|lr=0.0003|drop=0.20] [Reg Terms] Epoch [018] | Train: graph_entropy=0.000000, graph_diag=0.000000, graph_uniform=0.000000, graph_reg_scale=1.0000, prediction_l2=0.000001, personal_sparse=0.002114, alpha_var=0.000000, alpha_collapse=0.002251, reg_bce_ratio=0.0094 | Val: graph_entropy=0.000000, graph_diag=0.000000, graph_uniform=0.000000, graph_reg_scale=1.0000, prediction_l2=0.000001, personal_sparse=0.002115, alpha_var=0.000000, alpha_collapse=0.003079, reg_bce_ratio=0.0092
2026-04-14 10:22:35,103 - INFO - [assist_09|assist_09_abce_ae_dominant_no_A|lr=0.0003|drop=0.20] [Diag][AE] Epoch [018] | irt_abs_mean=1.9733, irt_std=1.1719, personal_warmup_scale=1.00, graph_row_entropy=0.0000, graph_entropy_ratio=0.0000, alpha_mean=0.4167, alpha_std=0.0496, alpha_bias_std=0.0002, alpha_state_path=3.5932, alpha_id_path=0.0000, alpha_bias_path=0.0002, personal_row_entropy=4.2074, personal_matrix_delta=0.0160, personal_matrix_student_std=0.0043, personal_delta_pre_softmax_norm=0.5670, personal_delta_student_std=0.2753, alpha_head_std=0.0299, personal_student_mix=0.1562, personal_student_adapter=0.1918, personal_bad_rows=0.00, personal_fallback_rows=0.00, personal_logits_absmax=2.4209
2026-04-14 10:22:35,103 - INFO - [assist_09|assist_09_abce_ae_dominant_no_A|lr=0.0003|drop=0.20] [Diag][A] Epoch [018] | entropy_ratio=0.0000, diag_mass=1.0000, to_uniform_l2=0.089800, to_identity_l2=0.000000, relation_identity_delta=0.000000, knowledge_state_graph_delta=0.760195, knowledge_state_personal_delta=0.225311, share_concept_embeddings=True, tau_mean=0.0000, tau_std=0.0000, graph_reg_scale(train/val)=1.0000/1.0000
2026-04-14 10:22:35,103 - INFO - [assist_09|assist_09_abce_ae_dominant_no_A|lr=0.0003|drop=0.20] [Grad Norms] Epoch [018] | relation_emb=0.000000e+00, relation_tau=0.000000e+00, relation_wq=0.000000e+00, relation_wk=0.000000e+00, personal_u=5.482865e-02, personal_v=1.321339e-02, personal_alpha_bias=1.682419e-04, personal_gate_emb=0.000000e+00, personal_gate_state_proj=0.000000e+00, personal_gate_context_proj=0.000000e+00, personal_gate_state_direct=1.377870e-03, personal_gate_id_direct=0.000000e+00, personal_gate_context_direct=2.099171e-03, personal_gate_out=6.429475e-06, personal_generator_emb=1.269113e-01, personal_generator_context_proj=0.000000e+00, personal_generator_context_hidden=1.415011e-14, personal_generator_context_to_u=4.994907e-05, personal_generator_context_to_v=1.022334e-05, personal_generator_student_row=0.000000e+00, personal_generator_student_col=0.000000e+00, personal_generator_student_adapter=1.285734e-04, personal_generator_context_adapter=8.857882e-08, personal_generator_direct_scale=0.000000e+00
2026-04-14 10:22:35,104 - INFO - [assist_09|assist_09_abce_ae_dominant_no_A|lr=0.0003|drop=0.20] -> No improvement 2 epoch(s) (best AUC=0.7500 @ 16)
2026-04-14 10:23:04,749 - INFO - [assist_09|assist_09_abce_ae_dominant_no_A|lr=0.0003|drop=0.20] Epoch [019/100] | Train: Loss=0.4683, BCE=0.4639, Reg=0.0044, AUC=0.8345, ACC=0.7651, RMSE=0.3925 | Val: Loss=0.5690, BCE=0.5636, Reg=0.0054, AUC=0.7484, ACC=0.7238, RMSE=0.4331
2026-04-14 10:23:04,750 - INFO - [assist_09|assist_09_abce_ae_dominant_no_A|lr=0.0003|drop=0.20] [Reg Terms] Epoch [019] | Train: graph_entropy=0.000000, graph_diag=0.000000, graph_uniform=0.000000, graph_reg_scale=1.0000, prediction_l2=0.000001, personal_sparse=0.002108, alpha_var=0.000000, alpha_collapse=0.002253, reg_bce_ratio=0.0094 | Val: graph_entropy=0.000000, graph_diag=0.000000, graph_uniform=0.000000, graph_reg_scale=1.0000, prediction_l2=0.000001, personal_sparse=0.002110, alpha_var=0.000000, alpha_collapse=0.003250, reg_bce_ratio=0.0095
2026-04-14 10:23:04,957 - INFO - [assist_09|assist_09_abce_ae_dominant_no_A|lr=0.0003|drop=0.20] [Diag][AE] Epoch [019] | irt_abs_mean=1.8745, irt_std=1.1472, personal_warmup_scale=1.00, graph_row_entropy=0.0000, graph_entropy_ratio=0.0000, alpha_mean=0.4194, alpha_std=0.0453, alpha_bias_std=0.0001, alpha_state_path=3.6799, alpha_id_path=0.0000, alpha_bias_path=0.0001, personal_row_entropy=4.2040, personal_matrix_delta=0.0160, personal_matrix_student_std=0.0044, personal_delta_pre_softmax_norm=0.5643, personal_delta_student_std=0.2784, alpha_head_std=0.0275, personal_student_mix=0.1615, personal_student_adapter=0.1977, personal_bad_rows=0.00, personal_fallback_rows=0.00, personal_logits_absmax=2.4339
2026-04-14 10:23:04,957 - INFO - [assist_09|assist_09_abce_ae_dominant_no_A|lr=0.0003|drop=0.20] [Diag][A] Epoch [019] | entropy_ratio=0.0000, diag_mass=1.0000, to_uniform_l2=0.089800, to_identity_l2=0.000000, relation_identity_delta=0.000000, knowledge_state_graph_delta=0.755195, knowledge_state_personal_delta=0.224511, share_concept_embeddings=True, tau_mean=0.0000, tau_std=0.0000, graph_reg_scale(train/val)=1.0000/1.0000
2026-04-14 10:23:04,957 - INFO - [assist_09|assist_09_abce_ae_dominant_no_A|lr=0.0003|drop=0.20] [Grad Norms] Epoch [019] | relation_emb=0.000000e+00, relation_tau=0.000000e+00, relation_wq=0.000000e+00, relation_wk=0.000000e+00, personal_u=6.932013e-02, personal_v=1.430328e-02, personal_alpha_bias=1.575172e-04, personal_gate_emb=0.000000e+00, personal_gate_state_proj=0.000000e+00, personal_gate_context_proj=0.000000e+00, personal_gate_state_direct=2.025790e-03, personal_gate_id_direct=0.000000e+00, personal_gate_context_direct=2.356176e-03, personal_gate_out=8.724975e-06, personal_generator_emb=1.404967e-01, personal_generator_context_proj=0.000000e+00, personal_generator_context_hidden=1.442931e-14, personal_generator_context_to_u=1.177293e-04, personal_generator_context_to_v=2.286776e-05, personal_generator_student_row=0.000000e+00, personal_generator_student_col=0.000000e+00, personal_generator_student_adapter=8.119517e-04, personal_generator_context_adapter=1.763585e-06, personal_generator_direct_scale=0.000000e+00
2026-04-14 10:23:04,957 - INFO - [assist_09|assist_09_abce_ae_dominant_no_A|lr=0.0003|drop=0.20] -> No improvement 3 epoch(s) (best AUC=0.7500 @ 16)
2026-04-14 10:23:04,957 - INFO - [assist_09|assist_09_abce_ae_dominant_no_A|lr=0.0003|drop=0.20] Early stopping at epoch 19 (best AUC=0.7500 @ 16)
2026-04-14 10:23:04,964 - INFO - Epoch-wise metrics saved to checkpoints/abce_diag/remote_ae_verify_20260414_f28ff9d/assist_09/seed42/ae_dominant_no_A/metrics_history.csv
2026-04-14 10:23:04,966 - INFO - [assist_09|assist_09_abce_ae_dominant_no_A|lr=0.0003|drop=0.20] Training completed! Best Val AUC=0.7500 @ epoch 16
2026-04-14 10:23:05,155 - INFO - 
============================================================
         MODULE ACTIVITY REPORT
============================================================
Dataset: assist_09 | Seed: 42 | Epoch: 19

1. Concept Graph Module (A):
   - Status: DISABLED (use_concept_graph=False or no_A)

2. Personal Graph Module (E):
   - Alpha mean: 0.411
   - Alpha std: 0.064
   - Alpha bias std: 0.003
   - Personal/global delta: 0.0160
   - Inter-student matrix std: 0.0041
   - Status: ACTIVE (student-specific personalization is visible)

------------------------------------------------------------
SUMMARY:
   Active modules: Personal Graph (E)
   All enabled graph modules are functioning properly.
============================================================
2026-04-14 10:23:05,155 - INFO - [assist_09|assist_09_abce_ae_dominant_no_A|lr=0.0003|drop=0.20] Module activity saved to checkpoints/abce_diag/remote_ae_verify_20260414_f28ff9d/assist_09/seed42/ae_dominant_no_A/module_activity.json
2026-04-14 10:23:05,203 - INFO - Using device: cuda:0 (physical gpu 3)
2026-04-14 10:23:05,204 - INFO - Loading model from checkpoints/abce_diag/remote_ae_verify_20260414_f28ff9d/assist_09/seed42/ae_dominant_no_A/best_model.pth...
2026-04-14 10:23:05,319 - INFO - [Inference Filter] before=52549, after=51090, dropped=1459, coverage=97.22% (train-only seen student/item support)
2026-04-14 10:23:05,346 - INFO - Inference switches: ablate_module1=False | enable_module1=True | use_concept_graph=False | effective(num_gnn_layers=1)
2026-04-14 10:23:05,377 - INFO - [Inference] Ablation runtime check: args(ablate_module1=False) | expect(use_concept_graph=False,use_personal_graph=True) | model(enable_module1=True,use_concept_graph=False,use_personal_graph=True) | physical(has_knowledge_encoder=True,has_relation_learning=False,has_adaptive_gate=True,has_personal_generator=True)
2026-04-14 10:23:05,377 - INFO - [Inference] [Graph Init] graph_tau_mean=0.0000, graph_tau_std=0.0000, graph_dropout=0.000, use_personal_graph=True
2026-04-14 10:23:05,379 - INFO - Model loaded from epoch 16. Start testing...
2026-04-14 10:23:06,662 - INFO - [Test] 200/400 batches done, samples=25600
2026-04-14 10:23:07,838 - INFO - [Test] 400/400 batches done, samples=51090
2026-04-14 10:23:07,898 - INFO - 
==================================================
2026-04-14 10:23:07,898 - INFO - Test Results:
2026-04-14 10:23:07,898 - INFO - AUC: 0.7536
2026-04-14 10:23:07,898 - INFO - ACC: 0.7287
2026-04-14 10:23:07,898 - INFO - RMSE: 0.4289
2026-04-14 10:23:07,898 - INFO - ==================================================
2026-04-14 10:23:07,914 - INFO - Summary appended to /home/zsh/ConceptSkillCDM/results/experiment_results.csv
2026-04-14 10:23:07,915 - INFO - 
Generating student diagnosis reports...
2026-04-14 10:23:07,943 - INFO - Student diagnosis reports saved to checkpoints/abce_diag/remote_ae_verify_20260414_f28ff9d/assist_09/seed42/ae_dominant_no_A/student_diagnosis.json
2026-04-14 10:23:07,948 - INFO - Run completed.
2026-04-14 10:23:07,948 - INFO - Best validation AUC: 0.7500 at epoch 16
2026-04-14 10:23:07,949 - INFO - Test metrics - AUC: 0.7536, ACC: 0.7287, RMSE: 0.4289
2026-04-14 10:23:08,128 - INFO - [数据清洗] 学生交互次数 < 15 次的学生：共移除 313 个学生（仅统计用户数）
2026-04-14 10:23:08,142 - INFO - [数据清洗] 学生冷启动过滤：在 train/valid/test 中共删除 5118 条记录。
2026-04-14 10:23:08,142 - INFO - [数据清洗] 跳过题目冷门过滤（min_exer_interactions <= 0）。
2026-04-14 10:23:08,142 - INFO - [数据清洗] 跳过毒题清洗（min_poison_count <= 0）。
2026-04-14 10:23:08,142 - INFO - 正在构建ID映射...
2026-04-14 10:23:08,359 - INFO - 正在构建Q矩阵...
2026-04-14 10:23:14,885 - INFO - [数据清洗] Valid train-seen 过滤：before=20072, after=19875, dropped=197, coverage=99.02%
2026-04-14 10:23:14,892 - INFO - [数据清洗] Test train-seen 过滤：before=51610, after=51090, dropped=520, coverage=98.99%
2026-04-14 10:23:14,895 - INFO - [统计] 开始统计清洗后每道题的概念数量分布...
2026-04-14 10:23:14,901 - INFO - [Train] 概念数统计：题目数=17057, 平均概念数=1.1995, min=1, max=4, 1概念=14129 (82.83%), ≥2概念=2928 (17.17%)
2026-04-14 10:23:14,901 - INFO - [Train] 概念数直方图（概念数: 题目数量）: {1: 14129, 2: 2533, 3: 315, 4: 80}
2026-04-14 10:23:14,907 - INFO - [Valid] 概念数统计：题目数=9034, 平均概念数=1.1996, min=1, max=4, 1概念=7500 (83.02%), ≥2概念=1534 (16.98%)
2026-04-14 10:23:14,907 - INFO - [Valid] 概念数直方图（概念数: 题目数量）: {1: 7500, 2: 1314, 3: 171, 4: 49}
2026-04-14 10:23:14,913 - INFO - [Test] 概念数统计：题目数=12825, 平均概念数=1.1994, min=1, max=4, 1概念=10661 (83.13%), ≥2概念=2164 (16.87%)
2026-04-14 10:23:14,913 - INFO - [Test] 概念数直方图（概念数: 题目数量）: {1: 10661, 2: 1836, 3: 263, 4: 65}
2026-04-14 10:23:14,913 - INFO - [统计] 概念数量统计完成。
2026-04-14 10:23:14,913 - INFO - 正在加载数据集...
2026-04-14 10:23:15,205 - INFO - [Component Analysis] Gate alpha samples: 200
2026-04-14 10:23:15,215 - INFO - [Component Analysis] Personal graph samples: (10, 2, 123, 123)
2026-04-14 10:23:15,290 - INFO - [Component Analysis] Data saved to checkpoints/abce_diag/remote_ae_verify_20260414_f28ff9d/assist_09/seed42/ae_dominant_no_A/component_analysis_data.npz
2026-04-14 10:23:15,842 - INFO - Generating component analysis visualizations...
2026-04-14 10:23:16,118 - WARNING - Failed to generate visualizations: Invalid shape (2, 123, 123) for image data
