2026-04-16 07:56:14,158 - INFO - Arguments:
2026-04-16 07:56:14,158 - INFO -   ablate_concept_graph: False
2026-04-16 07:56:14,158 - INFO -   ablate_module1: False
2026-04-16 07:56:14,158 - INFO -   allow_self_loop: True
2026-04-16 07:56:14,158 - INFO -   alpha_min_target: 0.05
2026-04-16 07:56:14,158 - INFO -   batch_size: 128
2026-04-16 07:56:14,158 - INFO -   data_dir: ./data/assist_09
2026-04-16 07:56:14,158 - INFO -   dataset_name: assist_09
2026-04-16 07:56:14,158 - INFO -   debug_graph_diag: True
2026-04-16 07:56:14,158 - INFO -   diag_batches: 1
2026-04-16 07:56:14,158 - INFO -   disable_self_loop: False
2026-04-16 07:56:14,158 - INFO -   dropout: 0.2
2026-04-16 07:56:14,159 - INFO -   early_stop_patience: 3
2026-04-16 07:56:14,159 - INFO -   enable_module1: True
2026-04-16 07:56:14,159 - INFO -   epochs: 100
2026-04-16 07:56:14,159 - INFO -   generate_diagnosis: False
2026-04-16 07:56:14,159 - INFO -   gnn_residual_weight: 0.5
2026-04-16 07:56:14,159 - INFO -   gpu_candidates: None
2026-04-16 07:56:14,159 - INFO -   gpu_ids: None
2026-04-16 07:56:14,159 - INFO -   gpu_memory_threshold: 2000
2026-04-16 07:56:14,159 - INFO -   gpus: None
2026-04-16 07:56:14,159 - INFO -   graph_dropout: 0.0
2026-04-16 07:56:14,159 - INFO -   graph_entropy_max: 0.75
2026-04-16 07:56:14,159 - INFO -   graph_entropy_min: 0.25
2026-04-16 07:56:14,159 - INFO -   graph_identity_residual: 0.05
2026-04-16 07:56:14,159 - INFO -   graph_propagation_alpha: 0.26
2026-04-16 07:56:14,159 - INFO -   graph_query_writeback_2hop_scale: 0.22
2026-04-16 07:56:14,159 - INFO -   graph_query_writeback_scale: 0.65
2026-04-16 07:56:14,159 - INFO -   graph_readout_1hop_scale: 0.65
2026-04-16 07:56:14,159 - INFO -   graph_readout_2hop_scale: 0.22
2026-04-16 07:56:14,159 - INFO -   graph_reg_cap_ratio: 6.0
2026-04-16 07:56:14,159 - INFO -   graph_reg_warmup_epochs: 4
2026-04-16 07:56:14,159 - INFO -   graph_tau_init: 0.55
2026-04-16 07:56:14,159 - INFO -   graph_topk: 12
2026-04-16 07:56:14,159 - INFO -   graph_uniform_margin: 0.1
2026-04-16 07:56:14,159 - INFO -   knowledge_dim: 64
2026-04-16 07:56:14,159 - INFO -   lambda_alpha: 0.0
2026-04-16 07:56:14,159 - INFO -   lambda_alpha_min: 0.1
2026-04-16 07:56:14,159 - INFO -   lambda_graph_diag: 0.1
2026-04-16 07:56:14,160 - INFO -   lambda_graph_uniform: 0.04
2026-04-16 07:56:14,160 - INFO -   lambda_sparse: 0.8
2026-04-16 07:56:14,160 - INFO -   lambda_sparse_personal: 0.0005
2026-04-16 07:56:14,160 - INFO -   learning_rate: 0.0003
2026-04-16 07:56:14,160 - INFO -   log_dir: logs/abce_diag/remote_sparse_local_20260416_d3a8de0/assist_09/seed42/ae_dominant_full
2026-04-16 07:56:14,160 - INFO -   max_test_batches: None
2026-04-16 07:56:14,160 - INFO -   max_train_batches: None
2026-04-16 07:56:14,160 - INFO -   max_val_batches: None
2026-04-16 07:56:14,160 - INFO -   min_exer_interactions: 0
2026-04-16 07:56:14,160 - INFO -   min_poison_count: 0
2026-04-16 07:56:14,160 - INFO -   min_stu_interactions: 15
2026-04-16 07:56:14,160 - INFO -   model_variant: assist_09_abce_ae_dominant_full
2026-04-16 07:56:14,160 - INFO -   multi_gpu: False
2026-04-16 07:56:14,160 - INFO -   no_cuda: False
2026-04-16 07:56:14,160 - INFO -   num_gnn_layers: 2
2026-04-16 07:56:14,160 - INFO -   num_gpus: 1
2026-04-16 07:56:14,160 - INFO -   num_relation_heads: 2
2026-04-16 07:56:14,160 - INFO -   num_workers: 4
2026-04-16 07:56:14,160 - INFO -   patience: 5
2026-04-16 07:56:14,160 - INFO -   personal_alpha_base_init: 0.05
2026-04-16 07:56:14,160 - INFO -   personal_alpha_bias_scale: 0.0
2026-04-16 07:56:14,160 - INFO -   personal_alpha_budget: 0.12
2026-04-16 07:56:14,160 - INFO -   personal_alpha_temperature: 2.4
2026-04-16 07:56:14,160 - INFO -   personal_delta_scale: 4.8
2026-04-16 07:56:14,160 - INFO -   personal_disable_student_global_context: True
2026-04-16 07:56:14,160 - INFO -   personal_id_lr_mult: 0.5
2026-04-16 07:56:14,160 - INFO -   personal_local_hops: 1
2026-04-16 07:56:14,161 - INFO -   personal_max_alpha: 0.3
2026-04-16 07:56:14,161 - INFO -   personal_neighbor_row_budget: 0.4
2026-04-16 07:56:14,161 - INFO -   personal_query_row_budget: 1.0
2026-04-16 07:56:14,161 - INFO -   personal_rank: 8
2026-04-16 07:56:14,161 - INFO -   personal_reg_warmup_epochs: 6
2026-04-16 07:56:14,161 - INFO -   personal_state_lr_mult: 1.0
2026-04-16 07:56:14,161 - INFO -   personal_student_dim: 32
2026-04-16 07:56:14,161 - INFO -   personal_support_only: True
2026-04-16 07:56:14,161 - INFO -   personal_warmup_epochs: 6
2026-04-16 07:56:14,161 - INFO -   prediction_l2_lambda: 1e-05
2026-04-16 07:56:14,161 - INFO -   save_dir: checkpoints/abce_diag/remote_sparse_local_20260416_d3a8de0/assist_09/seed42/ae_dominant_full
2026-04-16 07:56:14,161 - INFO -   save_interval: 10
2026-04-16 07:56:14,161 - INFO -   seed: 42
2026-04-16 07:56:14,161 - INFO -   share_concept_embeddings: True
2026-04-16 07:56:14,161 - INFO -   use_concept_graph: True
2026-04-16 07:56:14,161 - INFO -   use_exercise_graph: True
2026-04-16 07:56:14,161 - INFO -   use_personal_graph: True
2026-04-16 07:56:14,161 - INFO -   weight_decay: 1e-05
2026-04-16 07:56:14,255 - INFO - Using device: cuda:0 (physical gpu 1)
2026-04-16 07:56:14,255 - INFO - [assist_09|assist_09_abce_ae_dominant_full|lr=0.0003|drop=0.20] Loading datasets...
2026-04-16 07:56:14,256 - INFO - [assist_09|assist_09_abce_ae_dominant_full|lr=0.0003|drop=0.20] Regularization: graph_entropy(lambda_sparse)=0.800000, graph_diag=0.100000, graph_uniform=0.040000, personal_sparse=0.000500, alpha_penalty=0.000000, alpha_min=0.100000, prediction_l2=0.000010
2026-04-16 07:56:14,256 - INFO - [assist_09|assist_09_abce_ae_dominant_full|lr=0.0003|drop=0.20] Graph controls: entropy_band=[0.25, 0.75], uniform_margin=0.10, warmup_epochs=4, cap_ratio=6.00, graph_dropout=0.000, graph_tau_init=0.550
2026-04-16 07:56:14,256 - INFO - [assist_09|assist_09_abce_ae_dominant_full|lr=0.0003|drop=0.20] Personal controls: personal_max_alpha=0.300, personal_delta_scale=4.800, personal_warmup_epochs=6, personal_student_dim=32, alpha_min_target=0.0500, personal_local_hops=1, personal_support_only=True, personal_alpha_temperature=2.400, personal_alpha_budget=0.120, personal_query_row_budget=1.000, personal_neighbor_row_budget=0.400, personal_state_lr_mult=1.000, personal_id_lr_mult=0.500, graph_propagation_alpha=0.260, graph_query_writeback_scale=0.650, graph_query_writeback_2hop_scale=0.220
2026-04-16 07:56:14,363 - INFO - [assist_09] [数据清洗] 学生交互次数 < 15 次的学生：共移除 313 个学生（仅统计用户数）
2026-04-16 07:56:14,382 - INFO - [assist_09] [数据清洗] 学生冷启动过滤：在 train/valid/test 中共删除 5118 条记录。
2026-04-16 07:56:14,383 - INFO - [assist_09] [数据清洗] 跳过题目冷门过滤（min_exer_interactions <= 0）。
2026-04-16 07:56:14,383 - INFO - [assist_09] [数据清洗] 跳过毒题清洗（min_poison_count <= 0）。
2026-04-16 07:56:14,383 - INFO - [assist_09] 正在构建ID映射...
2026-04-16 07:56:14,665 - INFO - [assist_09] 正在构建Q矩阵...
2026-04-16 07:56:23,885 - INFO - [assist_09] [数据清洗] Valid train-seen 过滤：before=20072, after=19875, dropped=197, coverage=99.02%
2026-04-16 07:56:23,899 - INFO - [assist_09] [数据清洗] Test train-seen 过滤：before=51610, after=51090, dropped=520, coverage=98.99%
2026-04-16 07:56:23,907 - INFO - [assist_09] [统计] 开始统计清洗后每道题的概念数量分布...
2026-04-16 07:56:23,923 - INFO - [assist_09] [Train] 概念数统计：题目数=17057, 平均概念数=1.1995, min=1, max=4, 1概念=14129 (82.83%), ≥2概念=2928 (17.17%)
2026-04-16 07:56:23,924 - INFO - [assist_09] [Train] 概念数直方图（概念数: 题目数量）: {1: 14129, 2: 2533, 3: 315, 4: 80}
2026-04-16 07:56:23,928 - INFO - [assist_09] [Valid] 概念数统计：题目数=9034, 平均概念数=1.1996, min=1, max=4, 1概念=7500 (83.02%), ≥2概念=1534 (16.98%)
2026-04-16 07:56:23,929 - INFO - [assist_09] [Valid] 概念数直方图（概念数: 题目数量）: {1: 7500, 2: 1314, 3: 171, 4: 49}
2026-04-16 07:56:23,933 - INFO - [assist_09] [Test] 概念数统计：题目数=12825, 平均概念数=1.1994, min=1, max=4, 1概念=10661 (83.13%), ≥2概念=2164 (16.87%)
2026-04-16 07:56:23,934 - INFO - [assist_09] [Test] 概念数直方图（概念数: 题目数量）: {1: 10661, 2: 1836, 3: 263, 4: 65}
2026-04-16 07:56:23,934 - INFO - [assist_09] [统计] 概念数量统计完成。
2026-04-16 07:56:23,934 - INFO - [assist_09] 正在加载数据集...
2026-04-16 07:56:24,063 - INFO - [assist_09|assist_09_abce_ae_dominant_full|lr=0.0003|drop=0.20] Train samples: 190623, Val samples: 19875
2026-04-16 07:56:24,063 - INFO - [assist_09|assist_09_abce_ae_dominant_full|lr=0.0003|drop=0.20] Number of students: 2180
2026-04-16 07:56:24,064 - INFO - [assist_09|assist_09_abce_ae_dominant_full|lr=0.0003|drop=0.20] Number of exercises: 17057
2026-04-16 07:56:24,064 - INFO - [assist_09|assist_09_abce_ae_dominant_full|lr=0.0003|drop=0.20] Number of concepts: 123
2026-04-16 07:56:24,064 - INFO - [assist_09|assist_09_abce_ae_dominant_full|lr=0.0003|drop=0.20] Creating model...
2026-04-16 07:56:24,064 - INFO - [assist_09|assist_09_abce_ae_dominant_full|lr=0.0003|drop=0.20] Ablation switches: ablate_module1=False | enable_module1=True | use_concept_graph=True | effective(num_gnn_layers=2)
2026-04-16 07:56:24,290 - INFO - [assist_09|assist_09_abce_ae_dominant_full|lr=0.0003|drop=0.20] Ablation runtime check: args(ablate_module1=False) | expect(use_concept_graph=True,use_personal_graph=True) | model(enable_module1=True,use_concept_graph=True,use_personal_graph=True) | physical(has_knowledge_encoder=True,has_relation_learning=True,has_adaptive_gate=True,has_personal_generator=True)
2026-04-16 07:56:24,291 - INFO - [assist_09|assist_09_abce_ae_dominant_full|lr=0.0003|drop=0.20] Debug diagnostics enabled: diag_batches=1
2026-04-16 07:56:24,328 - INFO - [assist_09|assist_09_abce_ae_dominant_full|lr=0.0003|drop=0.20] [Graph Init] graph_tau_mean=1.0055, graph_tau_std=0.0000, graph_dropout=0.000, use_personal_graph=True
2026-04-16 07:56:24,329 - INFO - [assist_09|assist_09_abce_ae_dominant_full|lr=0.0003|drop=0.20] Total parameters: 934,557
2026-04-16 07:56:24,329 - INFO - [assist_09|assist_09_abce_ae_dominant_full|lr=0.0003|drop=0.20] Trainable parameters: 934,557
2026-04-16 07:56:25,961 - INFO - [assist_09|assist_09_abce_ae_dominant_full|lr=0.0003|drop=0.20] Optimizer param groups: backbone@lr=0.0003, personal_state@lr=0.0003, personal_id@lr=0.00015
2026-04-16 07:56:25,962 - INFO - [assist_09|assist_09_abce_ae_dominant_full|lr=0.0003|drop=0.20] Monitor config: scheduler=val_auc(max), best_checkpoint=val_auc(max), early_stop=val_auc(max)
2026-04-16 07:56:25,962 - INFO - [assist_09|assist_09_abce_ae_dominant_full|lr=0.0003|drop=0.20] Starting training...
2026-04-16 07:58:19,817 - INFO - [assist_09|assist_09_abce_ae_dominant_full|lr=0.0003|drop=0.20] Epoch [001/100] | Train: Loss=0.5943, BCE=0.5886, Reg=0.0057, AUC=0.6900, ACC=0.6947, RMSE=0.4485 | Val: Loss=0.5742, BCE=0.5690, Reg=0.0052, AUC=0.7255, ACC=0.7079, RMSE=0.4392
2026-04-16 07:58:19,818 - INFO - [assist_09|assist_09_abce_ae_dominant_full|lr=0.0003|drop=0.20] [Reg Terms] Epoch [001] | Train: graph_entropy=0.000000, graph_diag=0.004484, graph_uniform=0.000737, graph_reg_scale=1.0000, prediction_l2=0.000000, personal_sparse=0.000071, alpha_var=0.000000, alpha_collapse=0.000431, reg_bce_ratio=0.0097 | Val: graph_entropy=0.000000, graph_diag=0.004026, graph_uniform=0.000742, graph_reg_scale=1.0000, prediction_l2=0.000000, personal_sparse=0.000079, alpha_var=0.000000, alpha_collapse=0.000357, reg_bce_ratio=0.0091
2026-04-16 07:58:20,125 - INFO - [assist_09|assist_09_abce_ae_dominant_full|lr=0.0003|drop=0.20] [Diag][AE] Epoch [001] | irt_abs_mean=1.2787, irt_std=0.5765, personal_warmup_scale=0.17, graph_row_entropy=2.4531, graph_entropy_ratio=0.5098, alpha_mean=0.0510, alpha_std=0.0286, alpha_base_mean=0.0510, alpha_delta_absmean=0.1191, alpha_saturation_ratio=0.0000, alpha_bias_std=NA, alpha_state_path=6.7463, alpha_id_path=0.0000, alpha_bias_path=0.0000, head_bias_path=1.6001, personal_row_entropy=1.9407, personal_matrix_delta=0.0714, personal_matrix_student_std=0.0471, personal_delta_pre_softmax_norm=1.4269, personal_delta_student_std=0.7651, alpha_head_std=0.0286, query_row_graph_delta=0.2411, query_row_personal_delta=2.6780, neighbor_row_personal_delta=1.2281, personal_row_budget_mean=0.4312, personal_query_row_std=0.1150, readout_query_support_mass=0.8223, personal_student_mix=0.0075, personal_student_adapter=0.0170, local_row_ratio=0.1884, support_density=0.4456, readout_query_delta=0.0238, personal_bad_rows=7380.00, personal_fallback_rows=7380.00, personal_logits_absmax=30.0000
2026-04-16 07:58:20,126 - INFO - [assist_09|assist_09_abce_ae_dominant_full|lr=0.0003|drop=0.20] [Diag][A] Epoch [001] | entropy_ratio=0.5098, diag_mass=0.1610, to_uniform_l2=0.025786, to_identity_l2=0.079012, relation_identity_delta=0.079012, knowledge_state_graph_delta=0.577581, knowledge_state_personal_delta=0.002070, share_concept_embeddings=True, tau_mean=0.8379, tau_std=0.0008, graph_reg_scale(train/val)=1.0000/1.0000
2026-04-16 07:58:20,126 - INFO - [assist_09|assist_09_abce_ae_dominant_full|lr=0.0003|drop=0.20] [Grad Norms] Epoch [001] | relation_emb=1.111023e-01, relation_tau=4.819556e-06, relation_wq=9.590552e-05, relation_wk=8.755151e-05, personal_u=7.824294e-03, personal_v=6.794941e-03, personal_alpha_bias=0.000000e+00, personal_gate_emb=1.491188e-12, personal_gate_state_proj=4.819722e-07, personal_gate_context_proj=1.222858e-06, personal_gate_state_direct=1.828353e-05, personal_gate_id_direct=4.140725e-12, personal_gate_context_direct=5.760233e-05, personal_gate_out=4.088344e-07, personal_generator_emb=5.001659e-13, personal_generator_context_proj=3.801284e-14, personal_generator_context_hidden=1.686003e-15, personal_generator_context_to_u=1.008473e-10, personal_generator_context_to_v=1.125137e-10, personal_generator_state_row=3.279768e-07, personal_generator_state_col=3.563561e-07, personal_generator_id_row=1.411595e-09, personal_generator_id_col=1.337671e-09, personal_generator_state_adapter=2.083576e-10, personal_generator_id_adapter=2.657738e-16, personal_generator_context_adapter=1.911314e-19, personal_generator_direct_scale=7.373008e-07
2026-04-16 07:58:20,408 - INFO - [assist_09|assist_09_abce_ae_dominant_full|lr=0.0003|drop=0.20] -> New best AUC=0.7255 at epoch 1
2026-04-16 08:00:10,435 - INFO - [assist_09|assist_09_abce_ae_dominant_full|lr=0.0003|drop=0.20] Epoch [002/100] | Train: Loss=0.5662, BCE=0.5582, Reg=0.0080, AUC=0.7367, ACC=0.7172, RMSE=0.4339 | Val: Loss=0.5692, BCE=0.5646, Reg=0.0047, AUC=0.7317, ACC=0.7115, RMSE=0.4373
2026-04-16 08:00:10,435 - INFO - [assist_09|assist_09_abce_ae_dominant_full|lr=0.0003|drop=0.20] [Reg Terms] Epoch [002] | Train: graph_entropy=0.000000, graph_diag=0.006311, graph_uniform=0.001498, graph_reg_scale=1.0000, prediction_l2=0.000000, personal_sparse=0.000160, alpha_var=0.000000, alpha_collapse=0.000003, reg_bce_ratio=0.0143 | Val: graph_entropy=0.000000, graph_diag=0.002965, graph_uniform=0.001521, graph_reg_scale=1.0000, prediction_l2=0.000000, personal_sparse=0.000182, alpha_var=0.000000, alpha_collapse=0.000003, reg_bce_ratio=0.0083
2026-04-16 08:00:10,630 - INFO - [assist_09|assist_09_abce_ae_dominant_full|lr=0.0003|drop=0.20] [Diag][AE] Epoch [002] | irt_abs_mean=1.2849, irt_std=0.6227, personal_warmup_scale=0.33, graph_row_entropy=2.5490, graph_entropy_ratio=0.5297, alpha_mean=0.0529, alpha_std=0.0507, alpha_base_mean=0.0527, alpha_delta_absmean=0.1152, alpha_saturation_ratio=0.0000, alpha_bias_std=NA, alpha_state_path=4.7883, alpha_id_path=0.0000, alpha_bias_path=0.0000, head_bias_path=1.5736, personal_row_entropy=2.0716, personal_matrix_delta=0.0672, personal_matrix_student_std=0.0433, personal_delta_pre_softmax_norm=1.4234, personal_delta_student_std=0.7447, alpha_head_std=0.0507, query_row_graph_delta=0.2813, query_row_personal_delta=2.6629, neighbor_row_personal_delta=1.2321, personal_row_budget_mean=0.4299, personal_query_row_std=0.1094, readout_query_support_mass=1.1556, personal_student_mix=0.0109, personal_student_adapter=0.0226, local_row_ratio=0.1965, support_density=0.4614, readout_query_delta=0.0278, personal_bad_rows=7126.00, personal_fallback_rows=7126.00, personal_logits_absmax=30.0000
2026-04-16 08:00:10,630 - INFO - [assist_09|assist_09_abce_ae_dominant_full|lr=0.0003|drop=0.20] [Diag][A] Epoch [002] | entropy_ratio=0.5297, diag_mass=0.0593, to_uniform_l2=0.023944, to_identity_l2=0.088347, relation_identity_delta=0.088347, knowledge_state_graph_delta=0.616658, knowledge_state_personal_delta=0.002337, share_concept_embeddings=True, tau_mean=0.6470, tau_std=0.0309, graph_reg_scale(train/val)=1.0000/1.0000
2026-04-16 08:00:10,630 - INFO - [assist_09|assist_09_abce_ae_dominant_full|lr=0.0003|drop=0.20] [Grad Norms] Epoch [002] | relation_emb=1.237263e-01, relation_tau=4.973893e-05, relation_wq=2.146881e-04, relation_wk=2.207775e-04, personal_u=6.926604e-03, personal_v=5.026882e-03, personal_alpha_bias=0.000000e+00, personal_gate_emb=1.798228e-15, personal_gate_state_proj=2.127922e-09, personal_gate_context_proj=9.437964e-09, personal_gate_state_direct=5.523283e-05, personal_gate_id_direct=1.980133e-13, personal_gate_context_direct=2.429000e-04, personal_gate_out=1.630792e-07, personal_generator_emb=2.672442e-14, personal_generator_context_proj=1.715438e-22, personal_generator_context_hidden=0.000000e+00, personal_generator_context_to_u=1.487078e-16, personal_generator_context_to_v=1.304271e-16, personal_generator_state_row=2.156570e-07, personal_generator_state_col=1.947835e-07, personal_generator_id_row=1.016137e-11, personal_generator_id_col=8.082542e-12, personal_generator_state_adapter=1.177703e-10, personal_generator_id_adapter=7.069185e-20, personal_generator_context_adapter=3.419469e-29, personal_generator_direct_scale=4.304722e-07
2026-04-16 08:00:10,974 - INFO - [assist_09|assist_09_abce_ae_dominant_full|lr=0.0003|drop=0.20] -> New best AUC=0.7317 at epoch 2
2026-04-16 08:02:03,658 - INFO - [assist_09|assist_09_abce_ae_dominant_full|lr=0.0003|drop=0.20] Epoch [003/100] | Train: Loss=0.5555, BCE=0.5492, Reg=0.0063, AUC=0.7478, ACC=0.7210, RMSE=0.4300 | Val: Loss=0.5680, BCE=0.5617, Reg=0.0063, AUC=0.7358, ACC=0.7139, RMSE=0.4361
2026-04-16 08:02:03,659 - INFO - [assist_09|assist_09_abce_ae_dominant_full|lr=0.0003|drop=0.20] [Reg Terms] Epoch [003] | Train: graph_entropy=0.000000, graph_diag=0.003802, graph_uniform=0.002286, graph_reg_scale=1.0000, prediction_l2=0.000000, personal_sparse=0.000256, alpha_var=0.000000, alpha_collapse=0.000000, reg_bce_ratio=0.0116 | Val: graph_entropy=0.000000, graph_diag=0.003750, graph_uniform=0.002286, graph_reg_scale=1.0000, prediction_l2=0.000000, personal_sparse=0.000289, alpha_var=0.000000, alpha_collapse=0.000007, reg_bce_ratio=0.0113
2026-04-16 08:02:03,868 - INFO - [assist_09|assist_09_abce_ae_dominant_full|lr=0.0003|drop=0.20] [Diag][AE] Epoch [003] | irt_abs_mean=1.3642, irt_std=0.6638, personal_warmup_scale=0.50, graph_row_entropy=2.5592, graph_entropy_ratio=0.5318, alpha_mean=0.0697, alpha_std=0.0523, alpha_base_mean=0.0539, alpha_delta_absmean=0.0789, alpha_saturation_ratio=0.0000, alpha_bias_std=NA, alpha_state_path=2.4501, alpha_id_path=0.0000, alpha_bias_path=0.0000, head_bias_path=1.5473, personal_row_entropy=2.0665, personal_matrix_delta=0.0687, personal_matrix_student_std=0.0540, personal_delta_pre_softmax_norm=1.4221, personal_delta_student_std=0.9237, alpha_head_std=0.0522, query_row_graph_delta=0.3013, query_row_personal_delta=2.6910, neighbor_row_personal_delta=1.2304, personal_row_budget_mean=0.4292, personal_query_row_std=0.1046, readout_query_support_mass=0.9328, personal_student_mix=0.0154, personal_student_adapter=0.0284, local_row_ratio=0.2007, support_density=0.5878, readout_query_delta=0.0298, personal_bad_rows=4432.00, personal_fallback_rows=4432.00, personal_logits_absmax=30.0000
2026-04-16 08:02:03,869 - INFO - [assist_09|assist_09_abce_ae_dominant_full|lr=0.0003|drop=0.20] [Diag][A] Epoch [003] | entropy_ratio=0.5318, diag_mass=0.0500, to_uniform_l2=0.023784, to_identity_l2=0.089156, relation_identity_delta=0.089156, knowledge_state_graph_delta=0.635866, knowledge_state_personal_delta=0.002632, share_concept_embeddings=True, tau_mean=0.6526, tau_std=0.0317, graph_reg_scale(train/val)=1.0000/1.0000
2026-04-16 08:02:03,869 - INFO - [assist_09|assist_09_abce_ae_dominant_full|lr=0.0003|drop=0.20] [Grad Norms] Epoch [003] | relation_emb=1.258449e-01, relation_tau=1.480336e-06, relation_wq=1.733544e-05, relation_wk=1.757051e-05, personal_u=7.839146e-03, personal_v=6.756081e-03, personal_alpha_bias=0.000000e+00, personal_gate_emb=2.125615e-18, personal_gate_state_proj=1.794330e-13, personal_gate_context_proj=3.497052e-13, personal_gate_state_direct=6.540194e-04, personal_gate_id_direct=1.459621e-15, personal_gate_context_direct=8.440012e-04, personal_gate_out=5.811379e-07, personal_generator_emb=1.024804e-17, personal_generator_context_proj=0.000000e+00, personal_generator_context_hidden=0.000000e+00, personal_generator_context_to_u=0.000000e+00, personal_generator_context_to_v=0.000000e+00, personal_generator_state_row=2.114780e-08, personal_generator_state_col=2.675362e-08, personal_generator_id_row=3.740661e-15, personal_generator_id_col=5.084289e-15, personal_generator_state_adapter=9.661129e-14, personal_generator_id_adapter=6.173857e-26, personal_generator_context_adapter=0.000000e+00, personal_generator_direct_scale=1.442738e-06
2026-04-16 08:02:04,205 - INFO - [assist_09|assist_09_abce_ae_dominant_full|lr=0.0003|drop=0.20] -> New best AUC=0.7358 at epoch 3
2026-04-16 08:03:55,669 - INFO - [assist_09|assist_09_abce_ae_dominant_full|lr=0.0003|drop=0.20] Epoch [004/100] | Train: Loss=0.5514, BCE=0.5430, Reg=0.0084, AUC=0.7553, ACC=0.7240, RMSE=0.4273 | Val: Loss=0.5659, BCE=0.5574, Reg=0.0084, AUC=0.7381, ACC=0.7130, RMSE=0.4340
2026-04-16 08:03:55,670 - INFO - [assist_09|assist_09_abce_ae_dominant_full|lr=0.0003|drop=0.20] [Reg Terms] Epoch [004] | Train: graph_entropy=0.000000, graph_diag=0.005000, graph_uniform=0.003049, graph_reg_scale=1.0000, prediction_l2=0.000000, personal_sparse=0.000348, alpha_var=0.000000, alpha_collapse=0.000001, reg_bce_ratio=0.0155 | Val: graph_entropy=0.000000, graph_diag=0.005000, graph_uniform=0.003049, graph_reg_scale=1.0000, prediction_l2=0.000000, personal_sparse=0.000361, alpha_var=0.000000, alpha_collapse=0.000039, reg_bce_ratio=0.0152
2026-04-16 08:03:56,008 - INFO - [assist_09|assist_09_abce_ae_dominant_full|lr=0.0003|drop=0.20] [Diag][AE] Epoch [004] | irt_abs_mean=1.2277, irt_std=0.6749, personal_warmup_scale=0.67, graph_row_entropy=2.5592, graph_entropy_ratio=0.5318, alpha_mean=0.0988, alpha_std=0.0517, alpha_base_mean=0.0567, alpha_delta_absmean=0.0648, alpha_saturation_ratio=0.0000, alpha_bias_std=NA, alpha_state_path=3.0002, alpha_id_path=0.0000, alpha_bias_path=0.0000, head_bias_path=1.4895, personal_row_entropy=2.0598, personal_matrix_delta=0.0695, personal_matrix_student_std=0.0447, personal_delta_pre_softmax_norm=1.4071, personal_delta_student_std=0.7486, alpha_head_std=0.0514, query_row_graph_delta=0.3142, query_row_personal_delta=2.6477, neighbor_row_personal_delta=1.2166, personal_row_budget_mean=0.4275, personal_query_row_std=0.1191, readout_query_support_mass=1.0118, personal_student_mix=0.0212, personal_student_adapter=0.0339, local_row_ratio=0.2134, support_density=0.4525, readout_query_delta=0.0311, personal_bad_rows=8130.00, personal_fallback_rows=8130.00, personal_logits_absmax=30.0000
2026-04-16 08:03:56,009 - INFO - [assist_09|assist_09_abce_ae_dominant_full|lr=0.0003|drop=0.20] [Diag][A] Epoch [004] | entropy_ratio=0.5318, diag_mass=0.0500, to_uniform_l2=0.023784, to_identity_l2=0.089156, relation_identity_delta=0.089156, knowledge_state_graph_delta=0.644750, knowledge_state_personal_delta=0.003757, share_concept_embeddings=True, tau_mean=0.6623, tau_std=0.0280, graph_reg_scale(train/val)=1.0000/1.0000
2026-04-16 08:03:56,009 - INFO - [assist_09|assist_09_abce_ae_dominant_full|lr=0.0003|drop=0.20] [Grad Norms] Epoch [004] | relation_emb=1.922999e-01, relation_tau=5.160572e-08, relation_wq=4.055693e-06, relation_wk=3.215873e-06, personal_u=2.379489e-02, personal_v=1.279124e-02, personal_alpha_bias=0.000000e+00, personal_gate_emb=2.507514e-21, personal_gate_state_proj=2.632254e-16, personal_gate_context_proj=2.648578e-16, personal_gate_state_direct=9.047362e-04, personal_gate_id_direct=0.000000e+00, personal_gate_context_direct=1.022696e-03, personal_gate_out=1.786426e-07, personal_generator_emb=5.132681e-22, personal_generator_context_proj=0.000000e+00, personal_generator_context_hidden=0.000000e+00, personal_generator_context_to_u=0.000000e+00, personal_generator_context_to_v=0.000000e+00, personal_generator_state_row=2.028815e-12, personal_generator_state_col=1.494900e-12, personal_generator_id_row=6.531556e-18, personal_generator_id_col=5.666471e-18, personal_generator_state_adapter=7.937876e-21, personal_generator_id_adapter=3.570526e-32, personal_generator_context_adapter=0.000000e+00, personal_generator_direct_scale=1.728762e-05
2026-04-16 08:03:56,441 - INFO - [assist_09|assist_09_abce_ae_dominant_full|lr=0.0003|drop=0.20] -> New best AUC=0.7381 at epoch 4
2026-04-16 08:05:52,744 - INFO - [assist_09|assist_09_abce_ae_dominant_full|lr=0.0003|drop=0.20] Epoch [005/100] | Train: Loss=0.5447, BCE=0.5362, Reg=0.0085, AUC=0.7631, ACC=0.7281, RMSE=0.4243 | Val: Loss=0.5661, BCE=0.5574, Reg=0.0087, AUC=0.7420, ACC=0.7158, RMSE=0.4341
2026-04-16 08:05:52,744 - INFO - [assist_09|assist_09_abce_ae_dominant_full|lr=0.0003|drop=0.20] [Reg Terms] Epoch [005] | Train: graph_entropy=0.000000, graph_diag=0.005000, graph_uniform=0.003049, graph_reg_scale=1.0000, prediction_l2=0.000000, personal_sparse=0.000441, alpha_var=0.000000, alpha_collapse=0.000004, reg_bce_ratio=0.0158 | Val: graph_entropy=0.000000, graph_diag=0.005000, graph_uniform=0.003049, graph_reg_scale=1.0000, prediction_l2=0.000000, personal_sparse=0.000502, alpha_var=0.000000, alpha_collapse=0.000127, reg_bce_ratio=0.0156
2026-04-16 08:05:52,960 - INFO - [assist_09|assist_09_abce_ae_dominant_full|lr=0.0003|drop=0.20] [Diag][AE] Epoch [005] | irt_abs_mean=1.4992, irt_std=0.7169, personal_warmup_scale=0.83, graph_row_entropy=2.5592, graph_entropy_ratio=0.5318, alpha_mean=0.1275, alpha_std=0.0533, alpha_base_mean=0.0610, alpha_delta_absmean=0.0821, alpha_saturation_ratio=0.0000, alpha_bias_std=NA, alpha_state_path=3.9874, alpha_id_path=0.0000, alpha_bias_path=0.0000, head_bias_path=1.4089, personal_row_entropy=2.0939, personal_matrix_delta=0.0660, personal_matrix_student_std=0.0513, personal_delta_pre_softmax_norm=1.4147, personal_delta_student_std=0.9121, alpha_head_std=0.0502, query_row_graph_delta=0.3196, query_row_personal_delta=2.6436, neighbor_row_personal_delta=1.2246, personal_row_budget_mean=0.4290, personal_query_row_std=0.1489, readout_query_support_mass=0.8784, personal_student_mix=0.0288, personal_student_adapter=0.0380, local_row_ratio=0.2020, support_density=0.5779, readout_query_delta=0.0316, personal_bad_rows=4646.00, personal_fallback_rows=4646.00, personal_logits_absmax=30.0000
2026-04-16 08:05:52,960 - INFO - [assist_09|assist_09_abce_ae_dominant_full|lr=0.0003|drop=0.20] [Diag][A] Epoch [005] | entropy_ratio=0.5318, diag_mass=0.0500, to_uniform_l2=0.023784, to_identity_l2=0.089156, relation_identity_delta=0.089156, knowledge_state_graph_delta=0.675225, knowledge_state_personal_delta=0.005069, share_concept_embeddings=True, tau_mean=0.6742, tau_std=0.0188, graph_reg_scale(train/val)=1.0000/1.0000
2026-04-16 08:05:52,960 - INFO - [assist_09|assist_09_abce_ae_dominant_full|lr=0.0003|drop=0.20] [Grad Norms] Epoch [005] | relation_emb=2.488836e-01, relation_tau=1.095219e-07, relation_wq=4.107615e-06, relation_wk=3.443779e-06, personal_u=4.580450e-02, personal_v=1.624692e-02, personal_alpha_bias=0.000000e+00, personal_gate_emb=0.000000e+00, personal_gate_state_proj=0.000000e+00, personal_gate_context_proj=0.000000e+00, personal_gate_state_direct=4.251947e-04, personal_gate_id_direct=0.000000e+00, personal_gate_context_direct=7.880800e-04, personal_gate_out=1.498637e-06, personal_generator_emb=0.000000e+00, personal_generator_context_proj=0.000000e+00, personal_generator_context_hidden=0.000000e+00, personal_generator_context_to_u=0.000000e+00, personal_generator_context_to_v=0.000000e+00, personal_generator_state_row=2.432053e-21, personal_generator_state_col=1.106044e-21, personal_generator_id_row=0.000000e+00, personal_generator_id_col=0.000000e+00, personal_generator_state_adapter=1.473668e-38, personal_generator_id_adapter=0.000000e+00, personal_generator_context_adapter=0.000000e+00, personal_generator_direct_scale=4.128081e-05
2026-04-16 08:05:53,309 - INFO - [assist_09|assist_09_abce_ae_dominant_full|lr=0.0003|drop=0.20] -> New best AUC=0.7420 at epoch 5
2026-04-16 08:07:46,520 - INFO - [assist_09|assist_09_abce_ae_dominant_full|lr=0.0003|drop=0.20] Epoch [006/100] | Train: Loss=0.5384, BCE=0.5298, Reg=0.0086, AUC=0.7706, ACC=0.7312, RMSE=0.4214 | Val: Loss=0.5651, BCE=0.5562, Reg=0.0089, AUC=0.7461, ACC=0.7159, RMSE=0.4334
2026-04-16 08:07:46,520 - INFO - [assist_09|assist_09_abce_ae_dominant_full|lr=0.0003|drop=0.20] [Reg Terms] Epoch [006] | Train: graph_entropy=0.000000, graph_diag=0.005000, graph_uniform=0.003049, graph_reg_scale=1.0000, prediction_l2=0.000000, personal_sparse=0.000551, alpha_var=0.000000, alpha_collapse=0.000007, reg_bce_ratio=0.0162 | Val: graph_entropy=0.000000, graph_diag=0.005000, graph_uniform=0.003049, graph_reg_scale=1.0000, prediction_l2=0.000000, personal_sparse=0.000620, alpha_var=0.000000, alpha_collapse=0.000220, reg_bce_ratio=0.0160
2026-04-16 08:07:46,769 - INFO - [assist_09|assist_09_abce_ae_dominant_full|lr=0.0003|drop=0.20] [Diag][AE] Epoch [006] | irt_abs_mean=1.4904, irt_std=0.7824, personal_warmup_scale=1.00, graph_row_entropy=2.5592, graph_entropy_ratio=0.5318, alpha_mean=0.1580, alpha_std=0.0567, alpha_base_mean=0.0658, alpha_delta_absmean=0.0957, alpha_saturation_ratio=0.0000, alpha_bias_std=NA, alpha_state_path=4.5924, alpha_id_path=0.0000, alpha_bias_path=0.0000, head_bias_path=1.3181, personal_row_entropy=2.0905, personal_matrix_delta=0.0665, personal_matrix_student_std=0.0524, personal_delta_pre_softmax_norm=1.4075, personal_delta_student_std=0.9321, alpha_head_std=0.0468, query_row_graph_delta=0.3274, query_row_personal_delta=2.6467, neighbor_row_personal_delta=1.2158, personal_row_budget_mean=0.4285, personal_query_row_std=0.0952, readout_query_support_mass=1.0050, personal_student_mix=0.0372, personal_student_adapter=0.0398, local_row_ratio=0.2058, support_density=0.6174, readout_query_delta=0.0324, personal_bad_rows=4016.00, personal_fallback_rows=4016.00, personal_logits_absmax=30.0000
2026-04-16 08:07:46,769 - INFO - [assist_09|assist_09_abce_ae_dominant_full|lr=0.0003|drop=0.20] [Diag][A] Epoch [006] | entropy_ratio=0.5318, diag_mass=0.0500, to_uniform_l2=0.023784, to_identity_l2=0.089156, relation_identity_delta=0.089156, knowledge_state_graph_delta=0.698739, knowledge_state_personal_delta=0.007498, share_concept_embeddings=True, tau_mean=0.6858, tau_std=0.0076, graph_reg_scale(train/val)=1.0000/1.0000
2026-04-16 08:07:46,769 - INFO - [assist_09|assist_09_abce_ae_dominant_full|lr=0.0003|drop=0.20] [Grad Norms] Epoch [006] | relation_emb=2.371267e-01, relation_tau=2.285705e-07, relation_wq=9.772905e-06, relation_wk=3.978197e-06, personal_u=1.796661e-02, personal_v=8.676336e-03, personal_alpha_bias=0.000000e+00, personal_gate_emb=0.000000e+00, personal_gate_state_proj=0.000000e+00, personal_gate_context_proj=0.000000e+00, personal_gate_state_direct=4.389374e-03, personal_gate_id_direct=0.000000e+00, personal_gate_context_direct=2.405162e-03, personal_gate_out=7.551084e-06, personal_generator_emb=0.000000e+00, personal_generator_context_proj=0.000000e+00, personal_generator_context_hidden=0.000000e+00, personal_generator_context_to_u=0.000000e+00, personal_generator_context_to_v=0.000000e+00, personal_generator_state_row=0.000000e+00, personal_generator_state_col=0.000000e+00, personal_generator_id_row=0.000000e+00, personal_generator_id_col=0.000000e+00, personal_generator_state_adapter=0.000000e+00, personal_generator_id_adapter=0.000000e+00, personal_generator_context_adapter=0.000000e+00, personal_generator_direct_scale=9.768110e-06
2026-04-16 08:07:47,090 - INFO - [assist_09|assist_09_abce_ae_dominant_full|lr=0.0003|drop=0.20] -> New best AUC=0.7461 at epoch 6
2026-04-16 08:09:35,633 - INFO - [assist_09|assist_09_abce_ae_dominant_full|lr=0.0003|drop=0.20] Epoch [007/100] | Train: Loss=0.5317, BCE=0.5231, Reg=0.0086, AUC=0.7784, ACC=0.7352, RMSE=0.4184 | Val: Loss=0.5604, BCE=0.5515, Reg=0.0089, AUC=0.7477, ACC=0.7188, RMSE=0.4313
2026-04-16 08:09:35,633 - INFO - [assist_09|assist_09_abce_ae_dominant_full|lr=0.0003|drop=0.20] [Reg Terms] Epoch [007] | Train: graph_entropy=0.000000, graph_diag=0.005000, graph_uniform=0.003049, graph_reg_scale=1.0000, prediction_l2=0.000000, personal_sparse=0.000548, alpha_var=0.000000, alpha_collapse=0.000010, reg_bce_ratio=0.0165 | Val: graph_entropy=0.000000, graph_diag=0.005000, graph_uniform=0.003049, graph_reg_scale=1.0000, prediction_l2=0.000000, personal_sparse=0.000591, alpha_var=0.000000, alpha_collapse=0.000228, reg_bce_ratio=0.0161
2026-04-16 08:09:35,887 - INFO - [assist_09|assist_09_abce_ae_dominant_full|lr=0.0003|drop=0.20] [Diag][AE] Epoch [007] | irt_abs_mean=1.4749, irt_std=0.7926, personal_warmup_scale=1.00, graph_row_entropy=2.5592, graph_entropy_ratio=0.5318, alpha_mean=0.1648, alpha_std=0.0630, alpha_base_mean=0.0713, alpha_delta_absmean=0.1011, alpha_saturation_ratio=0.0000, alpha_bias_std=NA, alpha_state_path=5.0631, alpha_id_path=0.0000, alpha_bias_path=0.0000, head_bias_path=1.2166, personal_row_entropy=2.0805, personal_matrix_delta=0.0678, personal_matrix_student_std=0.0488, personal_delta_pre_softmax_norm=1.3875, personal_delta_student_std=0.8244, alpha_head_std=0.0479, query_row_graph_delta=0.3502, query_row_personal_delta=2.5627, neighbor_row_personal_delta=1.1954, personal_row_budget_mean=0.4274, personal_query_row_std=0.1234, readout_query_support_mass=1.0093, personal_student_mix=0.0459, personal_student_adapter=0.0400, local_row_ratio=0.2140, support_density=0.5371, readout_query_delta=0.0346, personal_bad_rows=5806.00, personal_fallback_rows=5806.00, personal_logits_absmax=30.0000
2026-04-16 08:09:35,887 - INFO - [assist_09|assist_09_abce_ae_dominant_full|lr=0.0003|drop=0.20] [Diag][A] Epoch [007] | entropy_ratio=0.5318, diag_mass=0.0500, to_uniform_l2=0.023784, to_identity_l2=0.089156, relation_identity_delta=0.089156, knowledge_state_graph_delta=0.740768, knowledge_state_personal_delta=0.009756, share_concept_embeddings=True, tau_mean=0.6897, tau_std=0.0035, graph_reg_scale(train/val)=1.0000/1.0000
2026-04-16 08:09:35,887 - INFO - [assist_09|assist_09_abce_ae_dominant_full|lr=0.0003|drop=0.20] [Grad Norms] Epoch [007] | relation_emb=2.636330e-01, relation_tau=8.465771e-06, relation_wq=1.108386e-05, relation_wk=4.966010e-06, personal_u=1.534713e-02, personal_v=1.299906e-02, personal_alpha_bias=0.000000e+00, personal_gate_emb=0.000000e+00, personal_gate_state_proj=0.000000e+00, personal_gate_context_proj=0.000000e+00, personal_gate_state_direct=1.317559e-03, personal_gate_id_direct=0.000000e+00, personal_gate_context_direct=6.699489e-04, personal_gate_out=2.128155e-06, personal_generator_emb=0.000000e+00, personal_generator_context_proj=0.000000e+00, personal_generator_context_hidden=0.000000e+00, personal_generator_context_to_u=0.000000e+00, personal_generator_context_to_v=0.000000e+00, personal_generator_state_row=0.000000e+00, personal_generator_state_col=0.000000e+00, personal_generator_id_row=0.000000e+00, personal_generator_id_col=0.000000e+00, personal_generator_state_adapter=0.000000e+00, personal_generator_id_adapter=0.000000e+00, personal_generator_context_adapter=0.000000e+00, personal_generator_direct_scale=1.194491e-04
2026-04-16 08:09:36,235 - INFO - [assist_09|assist_09_abce_ae_dominant_full|lr=0.0003|drop=0.20] -> New best AUC=0.7477 at epoch 7
2026-04-16 08:11:23,282 - INFO - [assist_09|assist_09_abce_ae_dominant_full|lr=0.0003|drop=0.20] Epoch [008/100] | Train: Loss=0.5260, BCE=0.5174, Reg=0.0086, AUC=0.7849, ACC=0.7382, RMSE=0.4159 | Val: Loss=0.5586, BCE=0.5496, Reg=0.0089, AUC=0.7503, ACC=0.7178, RMSE=0.4304
2026-04-16 08:11:23,283 - INFO - [assist_09|assist_09_abce_ae_dominant_full|lr=0.0003|drop=0.20] [Reg Terms] Epoch [008] | Train: graph_entropy=0.000000, graph_diag=0.005000, graph_uniform=0.003049, graph_reg_scale=1.0000, prediction_l2=0.000000, personal_sparse=0.000558, alpha_var=0.000000, alpha_collapse=0.000009, reg_bce_ratio=0.0167 | Val: graph_entropy=0.000000, graph_diag=0.005000, graph_uniform=0.003049, graph_reg_scale=1.0000, prediction_l2=0.000000, personal_sparse=0.000586, alpha_var=0.000000, alpha_collapse=0.000305, reg_bce_ratio=0.0163
2026-04-16 08:11:23,615 - INFO - [assist_09|assist_09_abce_ae_dominant_full|lr=0.0003|drop=0.20] [Diag][AE] Epoch [008] | irt_abs_mean=1.4903, irt_std=0.8424, personal_warmup_scale=1.00, graph_row_entropy=2.5592, graph_entropy_ratio=0.5318, alpha_mean=0.1750, alpha_std=0.0601, alpha_base_mean=0.0769, alpha_delta_absmean=0.1033, alpha_saturation_ratio=0.0000, alpha_bias_std=NA, alpha_state_path=5.3297, alpha_id_path=0.0000, alpha_bias_path=0.0000, head_bias_path=1.1167, personal_row_entropy=2.0715, personal_matrix_delta=0.0688, personal_matrix_student_std=0.0512, personal_delta_pre_softmax_norm=1.3989, personal_delta_student_std=0.8714, alpha_head_std=0.0466, query_row_graph_delta=0.3613, query_row_personal_delta=2.5634, neighbor_row_personal_delta=1.2148, personal_row_budget_mean=0.4272, personal_query_row_std=0.1333, readout_query_support_mass=0.8288, personal_student_mix=0.0537, personal_student_adapter=0.0400, local_row_ratio=0.2154, support_density=0.5637, readout_query_delta=0.0357, personal_bad_rows=5250.00, personal_fallback_rows=5250.00, personal_logits_absmax=30.0000
2026-04-16 08:11:23,616 - INFO - [assist_09|assist_09_abce_ae_dominant_full|lr=0.0003|drop=0.20] [Diag][A] Epoch [008] | entropy_ratio=0.5318, diag_mass=0.0500, to_uniform_l2=0.023784, to_identity_l2=0.089156, relation_identity_delta=0.089156, knowledge_state_graph_delta=0.772926, knowledge_state_personal_delta=0.012081, share_concept_embeddings=True, tau_mean=0.6860, tau_std=0.0072, graph_reg_scale(train/val)=1.0000/1.0000
2026-04-16 08:11:23,616 - INFO - [assist_09|assist_09_abce_ae_dominant_full|lr=0.0003|drop=0.20] [Grad Norms] Epoch [008] | relation_emb=3.178695e-01, relation_tau=1.367582e-05, relation_wq=2.848356e-05, relation_wk=1.469125e-05, personal_u=3.260180e-02, personal_v=1.484829e-02, personal_alpha_bias=0.000000e+00, personal_gate_emb=0.000000e+00, personal_gate_state_proj=0.000000e+00, personal_gate_context_proj=0.000000e+00, personal_gate_state_direct=2.005416e-04, personal_gate_id_direct=0.000000e+00, personal_gate_context_direct=2.834124e-04, personal_gate_out=5.545102e-10, personal_generator_emb=0.000000e+00, personal_generator_context_proj=0.000000e+00, personal_generator_context_hidden=0.000000e+00, personal_generator_context_to_u=0.000000e+00, personal_generator_context_to_v=0.000000e+00, personal_generator_state_row=0.000000e+00, personal_generator_state_col=0.000000e+00, personal_generator_id_row=0.000000e+00, personal_generator_id_col=0.000000e+00, personal_generator_state_adapter=0.000000e+00, personal_generator_id_adapter=0.000000e+00, personal_generator_context_adapter=0.000000e+00, personal_generator_direct_scale=2.129129e-04
2026-04-16 08:11:23,979 - INFO - [assist_09|assist_09_abce_ae_dominant_full|lr=0.0003|drop=0.20] -> New best AUC=0.7503 at epoch 8
2026-04-16 08:13:10,071 - INFO - [assist_09|assist_09_abce_ae_dominant_full|lr=0.0003|drop=0.20] Epoch [009/100] | Train: Loss=0.5198, BCE=0.5112, Reg=0.0086, AUC=0.7916, ACC=0.7415, RMSE=0.4130 | Val: Loss=0.5596, BCE=0.5508, Reg=0.0088, AUC=0.7505, ACC=0.7223, RMSE=0.4307
2026-04-16 08:13:10,072 - INFO - [assist_09|assist_09_abce_ae_dominant_full|lr=0.0003|drop=0.20] [Reg Terms] Epoch [009] | Train: graph_entropy=0.000000, graph_diag=0.005000, graph_uniform=0.003049, graph_reg_scale=1.0000, prediction_l2=0.000000, personal_sparse=0.000561, alpha_var=0.000000, alpha_collapse=0.000008, reg_bce_ratio=0.0169 | Val: graph_entropy=0.000000, graph_diag=0.005000, graph_uniform=0.003049, graph_reg_scale=1.0000, prediction_l2=0.000000, personal_sparse=0.000618, alpha_var=0.000000, alpha_collapse=0.000170, reg_bce_ratio=0.0160
2026-04-16 08:13:10,409 - INFO - [assist_09|assist_09_abce_ae_dominant_full|lr=0.0003|drop=0.20] [Diag][AE] Epoch [009] | irt_abs_mean=1.5578, irt_std=0.8673, personal_warmup_scale=1.00, graph_row_entropy=2.5592, graph_entropy_ratio=0.5318, alpha_mean=0.1805, alpha_std=0.0652, alpha_base_mean=0.0832, alpha_delta_absmean=0.1046, alpha_saturation_ratio=0.0000, alpha_bias_std=NA, alpha_state_path=5.3895, alpha_id_path=0.0000, alpha_bias_path=0.0000, head_bias_path=1.0121, personal_row_entropy=2.0693, personal_matrix_delta=0.0688, personal_matrix_student_std=0.0524, personal_delta_pre_softmax_norm=1.4043, personal_delta_student_std=0.8884, alpha_head_std=0.0504, query_row_graph_delta=0.3694, query_row_personal_delta=2.5070, neighbor_row_personal_delta=1.2110, personal_row_budget_mean=0.4300, personal_query_row_std=0.1331, readout_query_support_mass=1.0236, personal_student_mix=0.0612, personal_student_adapter=0.0400, local_row_ratio=0.1954, support_density=0.5722, readout_query_delta=0.0365, personal_bad_rows=4600.00, personal_fallback_rows=4600.00, personal_logits_absmax=30.0000
2026-04-16 08:13:10,409 - INFO - [assist_09|assist_09_abce_ae_dominant_full|lr=0.0003|drop=0.20] [Diag][A] Epoch [009] | entropy_ratio=0.5318, diag_mass=0.0500, to_uniform_l2=0.023784, to_identity_l2=0.089156, relation_identity_delta=0.089156, knowledge_state_graph_delta=0.807425, knowledge_state_personal_delta=0.012937, share_concept_embeddings=True, tau_mean=0.6687, tau_std=0.0249, graph_reg_scale(train/val)=1.0000/1.0000
2026-04-16 08:13:10,410 - INFO - [assist_09|assist_09_abce_ae_dominant_full|lr=0.0003|drop=0.20] [Grad Norms] Epoch [009] | relation_emb=3.702224e-01, relation_tau=8.966699e-05, relation_wq=7.571892e-05, relation_wk=3.331881e-05, personal_u=5.492778e-02, personal_v=1.412882e-02, personal_alpha_bias=0.000000e+00, personal_gate_emb=0.000000e+00, personal_gate_state_proj=0.000000e+00, personal_gate_context_proj=0.000000e+00, personal_gate_state_direct=1.101685e-03, personal_gate_id_direct=0.000000e+00, personal_gate_context_direct=4.973092e-04, personal_gate_out=7.634442e-07, personal_generator_emb=0.000000e+00, personal_generator_context_proj=0.000000e+00, personal_generator_context_hidden=0.000000e+00, personal_generator_context_to_u=0.000000e+00, personal_generator_context_to_v=0.000000e+00, personal_generator_state_row=0.000000e+00, personal_generator_state_col=0.000000e+00, personal_generator_id_row=0.000000e+00, personal_generator_id_col=0.000000e+00, personal_generator_state_adapter=0.000000e+00, personal_generator_id_adapter=0.000000e+00, personal_generator_context_adapter=0.000000e+00, personal_generator_direct_scale=1.680736e-03
2026-04-16 08:13:10,767 - INFO - [assist_09|assist_09_abce_ae_dominant_full|lr=0.0003|drop=0.20] -> New best AUC=0.7505 at epoch 9
2026-04-16 08:15:02,684 - INFO - [assist_09|assist_09_abce_ae_dominant_full|lr=0.0003|drop=0.20] Epoch [010/100] | Train: Loss=0.5142, BCE=0.5056, Reg=0.0086, AUC=0.7975, ACC=0.7448, RMSE=0.4106 | Val: Loss=0.5570, BCE=0.5481, Reg=0.0089, AUC=0.7532, ACC=0.7214, RMSE=0.4297
2026-04-16 08:15:02,684 - INFO - [assist_09|assist_09_abce_ae_dominant_full|lr=0.0003|drop=0.20] [Reg Terms] Epoch [010] | Train: graph_entropy=0.000000, graph_diag=0.005000, graph_uniform=0.003049, graph_reg_scale=1.0000, prediction_l2=0.000000, personal_sparse=0.000557, alpha_var=0.000000, alpha_collapse=0.000006, reg_bce_ratio=0.0170 | Val: graph_entropy=0.000000, graph_diag=0.005000, graph_uniform=0.003049, graph_reg_scale=1.0000, prediction_l2=0.000000, personal_sparse=0.000594, alpha_var=0.000000, alpha_collapse=0.000295, reg_bce_ratio=0.0163
2026-04-16 08:15:02,924 - INFO - [assist_09|assist_09_abce_ae_dominant_full|lr=0.0003|drop=0.20] [Diag][AE] Epoch [010] | irt_abs_mean=1.5250, irt_std=0.8415, personal_warmup_scale=1.00, graph_row_entropy=2.5592, graph_entropy_ratio=0.5318, alpha_mean=0.1955, alpha_std=0.0525, alpha_base_mean=0.0891, alpha_delta_absmean=0.1080, alpha_saturation_ratio=0.0000, alpha_bias_std=NA, alpha_state_path=5.8087, alpha_id_path=0.0000, alpha_bias_path=0.0000, head_bias_path=0.9157, personal_row_entropy=2.0737, personal_matrix_delta=0.0681, personal_matrix_student_std=0.0504, personal_delta_pre_softmax_norm=1.3746, personal_delta_student_std=0.8421, alpha_head_std=0.0441, query_row_graph_delta=0.3928, query_row_personal_delta=2.3544, neighbor_row_personal_delta=1.1891, personal_row_budget_mean=0.4278, personal_query_row_std=0.1483, readout_query_support_mass=1.0223, personal_student_mix=0.0671, personal_student_adapter=0.0400, local_row_ratio=0.2112, support_density=0.5527, readout_query_delta=0.0389, personal_bad_rows=5382.00, personal_fallback_rows=5382.00, personal_logits_absmax=30.0000
2026-04-16 08:15:02,924 - INFO - [assist_09|assist_09_abce_ae_dominant_full|lr=0.0003|drop=0.20] [Diag][A] Epoch [010] | entropy_ratio=0.5318, diag_mass=0.0500, to_uniform_l2=0.023784, to_identity_l2=0.089156, relation_identity_delta=0.089156, knowledge_state_graph_delta=0.848963, knowledge_state_personal_delta=0.016099, share_concept_embeddings=True, tau_mean=0.6509, tau_std=0.0423, graph_reg_scale(train/val)=1.0000/1.0000
2026-04-16 08:15:02,925 - INFO - [assist_09|assist_09_abce_ae_dominant_full|lr=0.0003|drop=0.20] [Grad Norms] Epoch [010] | relation_emb=3.509077e-01, relation_tau=4.816016e-04, relation_wq=1.754478e-04, relation_wk=1.382468e-04, personal_u=2.133667e-02, personal_v=1.764658e-02, personal_alpha_bias=0.000000e+00, personal_gate_emb=0.000000e+00, personal_gate_state_proj=0.000000e+00, personal_gate_context_proj=0.000000e+00, personal_gate_state_direct=8.358207e-04, personal_gate_id_direct=0.000000e+00, personal_gate_context_direct=6.485436e-04, personal_gate_out=7.918142e-08, personal_generator_emb=0.000000e+00, personal_generator_context_proj=0.000000e+00, personal_generator_context_hidden=0.000000e+00, personal_generator_context_to_u=0.000000e+00, personal_generator_context_to_v=0.000000e+00, personal_generator_state_row=0.000000e+00, personal_generator_state_col=0.000000e+00, personal_generator_id_row=0.000000e+00, personal_generator_id_col=0.000000e+00, personal_generator_state_adapter=0.000000e+00, personal_generator_id_adapter=0.000000e+00, personal_generator_context_adapter=0.000000e+00, personal_generator_direct_scale=6.191271e-03
2026-04-16 08:15:03,324 - INFO - [assist_09|assist_09_abce_ae_dominant_full|lr=0.0003|drop=0.20] -> New best AUC=0.7532 at epoch 10
2026-04-16 08:15:03,369 - INFO - [assist_09|assist_09_abce_ae_dominant_full|lr=0.0003|drop=0.20] Checkpoint saved: checkpoints/abce_diag/remote_sparse_local_20260416_d3a8de0/assist_09/seed42/ae_dominant_full/checkpoint_epoch_10.pth
2026-04-16 08:15:03,659 - INFO - [assist_09|assist_09_abce_ae_dominant_full|lr=0.0003|drop=0.20] [Module Activity] Epoch 10: Graph[OK] Personal[OK]
2026-04-16 08:16:55,935 - INFO - [assist_09|assist_09_abce_ae_dominant_full|lr=0.0003|drop=0.20] Epoch [011/100] | Train: Loss=0.5091, BCE=0.5005, Reg=0.0086, AUC=0.8028, ACC=0.7473, RMSE=0.4083 | Val: Loss=0.5586, BCE=0.5498, Reg=0.0088, AUC=0.7532, ACC=0.7227, RMSE=0.4301
2026-04-16 08:16:55,935 - INFO - [assist_09|assist_09_abce_ae_dominant_full|lr=0.0003|drop=0.20] [Reg Terms] Epoch [011] | Train: graph_entropy=0.000000, graph_diag=0.005000, graph_uniform=0.003049, graph_reg_scale=1.0000, prediction_l2=0.000000, personal_sparse=0.000577, alpha_var=0.000000, alpha_collapse=0.000006, reg_bce_ratio=0.0172 | Val: graph_entropy=0.000000, graph_diag=0.005000, graph_uniform=0.003049, graph_reg_scale=1.0000, prediction_l2=0.000000, personal_sparse=0.000621, alpha_var=0.000000, alpha_collapse=0.000127, reg_bce_ratio=0.0160
2026-04-16 08:16:56,165 - INFO - [assist_09|assist_09_abce_ae_dominant_full|lr=0.0003|drop=0.20] [Diag][AE] Epoch [011] | irt_abs_mean=1.5356, irt_std=0.8604, personal_warmup_scale=1.00, graph_row_entropy=2.5592, graph_entropy_ratio=0.5318, alpha_mean=0.1993, alpha_std=0.0577, alpha_base_mean=0.0946, alpha_delta_absmean=0.1081, alpha_saturation_ratio=0.0000, alpha_bias_std=NA, alpha_state_path=5.7780, alpha_id_path=0.0000, alpha_bias_path=0.0000, head_bias_path=0.8280, personal_row_entropy=2.0575, personal_matrix_delta=0.0695, personal_matrix_student_std=0.0499, personal_delta_pre_softmax_norm=1.3453, personal_delta_student_std=0.7987, alpha_head_std=0.0476, query_row_graph_delta=0.4056, query_row_personal_delta=2.1504, neighbor_row_personal_delta=1.1526, personal_row_budget_mean=0.4287, personal_query_row_std=0.2118, readout_query_support_mass=0.9845, personal_student_mix=0.0707, personal_student_adapter=0.0400, local_row_ratio=0.2045, support_density=0.5469, readout_query_delta=0.0401, personal_bad_rows=5336.00, personal_fallback_rows=5336.00, personal_logits_absmax=30.0000
2026-04-16 08:16:56,165 - INFO - [assist_09|assist_09_abce_ae_dominant_full|lr=0.0003|drop=0.20] [Diag][A] Epoch [011] | entropy_ratio=0.5318, diag_mass=0.0500, to_uniform_l2=0.023784, to_identity_l2=0.089156, relation_identity_delta=0.089156, knowledge_state_graph_delta=0.885616, knowledge_state_personal_delta=0.016667, share_concept_embeddings=True, tau_mean=0.6378, tau_std=0.0559, graph_reg_scale(train/val)=1.0000/1.0000
2026-04-16 08:16:56,165 - INFO - [assist_09|assist_09_abce_ae_dominant_full|lr=0.0003|drop=0.20] [Grad Norms] Epoch [011] | relation_emb=3.761374e-01, relation_tau=1.261704e-04, relation_wq=1.550584e-04, relation_wk=5.892377e-05, personal_u=2.982402e-02, personal_v=2.387412e-02, personal_alpha_bias=0.000000e+00, personal_gate_emb=0.000000e+00, personal_gate_state_proj=0.000000e+00, personal_gate_context_proj=0.000000e+00, personal_gate_state_direct=2.875881e-04, personal_gate_id_direct=0.000000e+00, personal_gate_context_direct=4.966837e-04, personal_gate_out=5.619439e-08, personal_generator_emb=0.000000e+00, personal_generator_context_proj=0.000000e+00, personal_generator_context_hidden=0.000000e+00, personal_generator_context_to_u=0.000000e+00, personal_generator_context_to_v=0.000000e+00, personal_generator_state_row=0.000000e+00, personal_generator_state_col=0.000000e+00, personal_generator_id_row=0.000000e+00, personal_generator_id_col=0.000000e+00, personal_generator_state_adapter=0.000000e+00, personal_generator_id_adapter=0.000000e+00, personal_generator_context_adapter=0.000000e+00, personal_generator_direct_scale=2.155961e-04
2026-04-16 08:16:56,504 - INFO - [assist_09|assist_09_abce_ae_dominant_full|lr=0.0003|drop=0.20] -> New best AUC=0.7532 at epoch 11
2026-04-16 08:18:48,248 - INFO - [assist_09|assist_09_abce_ae_dominant_full|lr=0.0003|drop=0.20] Epoch [012/100] | Train: Loss=0.5042, BCE=0.4956, Reg=0.0086, AUC=0.8075, ACC=0.7501, RMSE=0.4062 | Val: Loss=0.5568, BCE=0.5481, Reg=0.0088, AUC=0.7526, ACC=0.7235, RMSE=0.4294
2026-04-16 08:18:48,249 - INFO - [assist_09|assist_09_abce_ae_dominant_full|lr=0.0003|drop=0.20] [Reg Terms] Epoch [012] | Train: graph_entropy=0.000000, graph_diag=0.005000, graph_uniform=0.003049, graph_reg_scale=1.0000, prediction_l2=0.000000, personal_sparse=0.000577, alpha_var=0.000000, alpha_collapse=0.000004, reg_bce_ratio=0.0174 | Val: graph_entropy=0.000000, graph_diag=0.005000, graph_uniform=0.003049, graph_reg_scale=1.0000, prediction_l2=0.000000, personal_sparse=0.000594, alpha_var=0.000000, alpha_collapse=0.000140, reg_bce_ratio=0.0160
2026-04-16 08:18:48,514 - INFO - [assist_09|assist_09_abce_ae_dominant_full|lr=0.0003|drop=0.20] [Diag][AE] Epoch [012] | irt_abs_mean=1.5331, irt_std=0.9056, personal_warmup_scale=1.00, graph_row_entropy=2.5591, graph_entropy_ratio=0.5318, alpha_mean=0.2068, alpha_std=0.0533, alpha_base_mean=0.0989, alpha_delta_absmean=0.1096, alpha_saturation_ratio=0.0000, alpha_bias_std=NA, alpha_state_path=5.8395, alpha_id_path=0.0000, alpha_bias_path=0.0000, head_bias_path=0.7601, personal_row_entropy=2.0612, personal_matrix_delta=0.0690, personal_matrix_student_std=0.0512, personal_delta_pre_softmax_norm=1.3374, personal_delta_student_std=0.8142, alpha_head_std=0.0464, query_row_graph_delta=0.4095, query_row_personal_delta=2.1160, neighbor_row_personal_delta=1.1469, personal_row_budget_mean=0.4275, personal_query_row_std=0.2044, readout_query_support_mass=0.9066, personal_student_mix=0.0721, personal_student_adapter=0.0400, local_row_ratio=0.2135, support_density=0.5472, readout_query_delta=0.0405, personal_bad_rows=5564.00, personal_fallback_rows=5564.00, personal_logits_absmax=30.0000
2026-04-16 08:18:48,515 - INFO - [assist_09|assist_09_abce_ae_dominant_full|lr=0.0003|drop=0.20] [Diag][A] Epoch [012] | entropy_ratio=0.5318, diag_mass=0.0500, to_uniform_l2=0.023785, to_identity_l2=0.089157, relation_identity_delta=0.089157, knowledge_state_graph_delta=0.894931, knowledge_state_personal_delta=0.016080, share_concept_embeddings=True, tau_mean=0.6288, tau_std=0.0645, graph_reg_scale(train/val)=1.0000/1.0000
2026-04-16 08:18:48,515 - INFO - [assist_09|assist_09_abce_ae_dominant_full|lr=0.0003|drop=0.20] [Grad Norms] Epoch [012] | relation_emb=4.770554e-01, relation_tau=3.027944e-04, relation_wq=1.769115e-04, relation_wk=1.217874e-04, personal_u=7.458294e-02, personal_v=3.745456e-02, personal_alpha_bias=0.000000e+00, personal_gate_emb=0.000000e+00, personal_gate_state_proj=0.000000e+00, personal_gate_context_proj=0.000000e+00, personal_gate_state_direct=3.757352e-04, personal_gate_id_direct=0.000000e+00, personal_gate_context_direct=2.611551e-04, personal_gate_out=2.141267e-08, personal_generator_emb=2.446558e-17, personal_generator_context_proj=0.000000e+00, personal_generator_context_hidden=0.000000e+00, personal_generator_context_to_u=0.000000e+00, personal_generator_context_to_v=0.000000e+00, personal_generator_state_row=1.015214e-07, personal_generator_state_col=7.572763e-08, personal_generator_id_row=1.446274e-08, personal_generator_id_col=1.078815e-08, personal_generator_state_adapter=5.201663e-12, personal_generator_id_adapter=2.577575e-13, personal_generator_context_adapter=0.000000e+00, personal_generator_direct_scale=1.154727e-03
2026-04-16 08:18:48,515 - INFO - [assist_09|assist_09_abce_ae_dominant_full|lr=0.0003|drop=0.20] -> No improvement 1 epoch(s) (best AUC=0.7532 @ 11)
2026-04-16 08:20:40,444 - INFO - [assist_09|assist_09_abce_ae_dominant_full|lr=0.0003|drop=0.20] Epoch [013/100] | Train: Loss=0.5000, BCE=0.4914, Reg=0.0086, AUC=0.8116, ACC=0.7527, RMSE=0.4043 | Val: Loss=0.5610, BCE=0.5522, Reg=0.0088, AUC=0.7544, ACC=0.7225, RMSE=0.4305
2026-04-16 08:20:40,444 - INFO - [assist_09|assist_09_abce_ae_dominant_full|lr=0.0003|drop=0.20] [Reg Terms] Epoch [013] | Train: graph_entropy=0.000000, graph_diag=0.005000, graph_uniform=0.003049, graph_reg_scale=1.0000, prediction_l2=0.000000, personal_sparse=0.000575, alpha_var=0.000000, alpha_collapse=0.000002, reg_bce_ratio=0.0176 | Val: graph_entropy=0.000000, graph_diag=0.005000, graph_uniform=0.003049, graph_reg_scale=1.0000, prediction_l2=0.000000, personal_sparse=0.000600, alpha_var=0.000000, alpha_collapse=0.000111, reg_bce_ratio=0.0159
2026-04-16 08:20:40,715 - INFO - [assist_09|assist_09_abce_ae_dominant_full|lr=0.0003|drop=0.20] [Diag][AE] Epoch [013] | irt_abs_mean=1.6974, irt_std=0.9489, personal_warmup_scale=1.00, graph_row_entropy=2.5591, graph_entropy_ratio=0.5318, alpha_mean=0.2142, alpha_std=0.0498, alpha_base_mean=0.1033, alpha_delta_absmean=0.1117, alpha_saturation_ratio=0.0000, alpha_bias_std=NA, alpha_state_path=5.8792, alpha_id_path=0.0000, alpha_bias_path=0.0000, head_bias_path=0.6910, personal_row_entropy=2.0579, personal_matrix_delta=0.0694, personal_matrix_student_std=0.0508, personal_delta_pre_softmax_norm=1.3453, personal_delta_student_std=0.8132, alpha_head_std=0.0441, query_row_graph_delta=0.4230, query_row_personal_delta=2.1489, neighbor_row_personal_delta=1.1536, personal_row_budget_mean=0.4283, personal_query_row_std=0.1728, readout_query_support_mass=1.2214, personal_student_mix=0.0726, personal_student_adapter=0.0403, local_row_ratio=0.2073, support_density=0.5542, readout_query_delta=0.0418, personal_bad_rows=5250.00, personal_fallback_rows=5250.00, personal_logits_absmax=30.0000
2026-04-16 08:20:40,715 - INFO - [assist_09|assist_09_abce_ae_dominant_full|lr=0.0003|drop=0.20] [Diag][A] Epoch [013] | entropy_ratio=0.5318, diag_mass=0.0500, to_uniform_l2=0.023785, to_identity_l2=0.089157, relation_identity_delta=0.089157, knowledge_state_graph_delta=0.927587, knowledge_state_personal_delta=0.015126, share_concept_embeddings=True, tau_mean=0.6183, tau_std=0.0758, graph_reg_scale(train/val)=1.0000/1.0000
2026-04-16 08:20:40,715 - INFO - [assist_09|assist_09_abce_ae_dominant_full|lr=0.0003|drop=0.20] [Grad Norms] Epoch [013] | relation_emb=6.402599e-01, relation_tau=1.867543e-05, relation_wq=3.463563e-04, relation_wk=3.554764e-05, personal_u=7.641453e-02, personal_v=4.457869e-02, personal_alpha_bias=0.000000e+00, personal_gate_emb=0.000000e+00, personal_gate_state_proj=0.000000e+00, personal_gate_context_proj=0.000000e+00, personal_gate_state_direct=1.435947e-03, personal_gate_id_direct=0.000000e+00, personal_gate_context_direct=3.797510e-04, personal_gate_out=5.912867e-07, personal_generator_emb=2.456825e-06, personal_generator_context_proj=0.000000e+00, personal_generator_context_hidden=0.000000e+00, personal_generator_context_to_u=1.516988e-06, personal_generator_context_to_v=1.693779e-06, personal_generator_state_row=5.913325e-05, personal_generator_state_col=6.389213e-05, personal_generator_id_row=1.892088e-06, personal_generator_id_col=2.156894e-06, personal_generator_state_adapter=3.300195e-06, personal_generator_id_adapter=6.092332e-09, personal_generator_context_adapter=2.658518e-09, personal_generator_direct_scale=7.660780e-03
2026-04-16 08:20:41,043 - INFO - [assist_09|assist_09_abce_ae_dominant_full|lr=0.0003|drop=0.20] -> New best AUC=0.7544 at epoch 13
2026-04-16 08:22:27,803 - INFO - [assist_09|assist_09_abce_ae_dominant_full|lr=0.0003|drop=0.20] Epoch [014/100] | Train: Loss=0.4966, BCE=0.4879, Reg=0.0086, AUC=0.8148, ACC=0.7531, RMSE=0.4028 | Val: Loss=0.5595, BCE=0.5507, Reg=0.0088, AUC=0.7520, ACC=0.7236, RMSE=0.4302
2026-04-16 08:22:27,804 - INFO - [assist_09|assist_09_abce_ae_dominant_full|lr=0.0003|drop=0.20] [Reg Terms] Epoch [014] | Train: graph_entropy=0.000000, graph_diag=0.005003, graph_uniform=0.003049, graph_reg_scale=1.0000, prediction_l2=0.000001, personal_sparse=0.000573, alpha_var=0.000000, alpha_collapse=0.000003, reg_bce_ratio=0.0177 | Val: graph_entropy=0.000000, graph_diag=0.005032, graph_uniform=0.003048, graph_reg_scale=1.0000, prediction_l2=0.000001, personal_sparse=0.000614, alpha_var=0.000000, alpha_collapse=0.000135, reg_bce_ratio=0.0160
2026-04-16 08:22:28,015 - INFO - [assist_09|assist_09_abce_ae_dominant_full|lr=0.0003|drop=0.20] [Diag][AE] Epoch [014] | irt_abs_mean=1.6034, irt_std=0.9242, personal_warmup_scale=1.00, graph_row_entropy=2.5587, graph_entropy_ratio=0.5317, alpha_mean=0.2221, alpha_std=0.0430, alpha_base_mean=0.1071, alpha_delta_absmean=0.1153, alpha_saturation_ratio=0.0000, alpha_bias_std=NA, alpha_state_path=6.0663, alpha_id_path=0.0000, alpha_bias_path=0.0000, head_bias_path=0.6316, personal_row_entropy=2.0520, personal_matrix_delta=0.0693, personal_matrix_student_std=0.0494, personal_delta_pre_softmax_norm=1.3372, personal_delta_student_std=0.7895, alpha_head_std=0.0408, query_row_graph_delta=0.4339, query_row_personal_delta=2.0877, neighbor_row_personal_delta=1.1430, personal_row_budget_mean=0.4290, personal_query_row_std=0.1895, readout_query_support_mass=0.9806, personal_student_mix=0.0727, personal_student_adapter=0.0406, local_row_ratio=0.2023, support_density=0.5288, readout_query_delta=0.0429, personal_bad_rows=5662.00, personal_fallback_rows=5662.00, personal_logits_absmax=30.0000
2026-04-16 08:22:28,016 - INFO - [assist_09|assist_09_abce_ae_dominant_full|lr=0.0003|drop=0.20] [Diag][A] Epoch [014] | entropy_ratio=0.5317, diag_mass=0.0503, to_uniform_l2=0.023792, to_identity_l2=0.089129, relation_identity_delta=0.089129, knowledge_state_graph_delta=0.941076, knowledge_state_personal_delta=0.017304, share_concept_embeddings=True, tau_mean=0.6104, tau_std=0.0832, graph_reg_scale(train/val)=1.0000/1.0000
2026-04-16 08:22:28,016 - INFO - [assist_09|assist_09_abce_ae_dominant_full|lr=0.0003|drop=0.20] [Grad Norms] Epoch [014] | relation_emb=5.596421e-01, relation_tau=5.239990e-04, relation_wq=4.783650e-04, relation_wk=1.692048e-04, personal_u=1.020949e-01, personal_v=5.650561e-02, personal_alpha_bias=0.000000e+00, personal_gate_emb=0.000000e+00, personal_gate_state_proj=0.000000e+00, personal_gate_context_proj=0.000000e+00, personal_gate_state_direct=1.792752e-03, personal_gate_id_direct=0.000000e+00, personal_gate_context_direct=5.916497e-04, personal_gate_out=2.608020e-07, personal_generator_emb=6.956761e-06, personal_generator_context_proj=0.000000e+00, personal_generator_context_hidden=0.000000e+00, personal_generator_context_to_u=2.294222e-08, personal_generator_context_to_v=1.500436e-08, personal_generator_state_row=1.149590e-04, personal_generator_state_col=8.510972e-05, personal_generator_id_row=5.202975e-06, personal_generator_id_col=3.675471e-06, personal_generator_state_adapter=1.678358e-06, personal_generator_id_adapter=7.448367e-09, personal_generator_context_adapter=5.697388e-13, personal_generator_direct_scale=7.366119e-03
2026-04-16 08:22:28,016 - INFO - [assist_09|assist_09_abce_ae_dominant_full|lr=0.0003|drop=0.20] -> No improvement 1 epoch(s) (best AUC=0.7544 @ 13)
2026-04-16 08:24:16,665 - INFO - [assist_09|assist_09_abce_ae_dominant_full|lr=0.0003|drop=0.20] Epoch [015/100] | Train: Loss=0.4933, BCE=0.4847, Reg=0.0086, AUC=0.8178, ACC=0.7551, RMSE=0.4014 | Val: Loss=0.5583, BCE=0.5495, Reg=0.0088, AUC=0.7528, ACC=0.7245, RMSE=0.4295
2026-04-16 08:24:16,665 - INFO - [assist_09|assist_09_abce_ae_dominant_full|lr=0.0003|drop=0.20] [Reg Terms] Epoch [015] | Train: graph_entropy=0.000000, graph_diag=0.005001, graph_uniform=0.003049, graph_reg_scale=1.0000, prediction_l2=0.000001, personal_sparse=0.000570, alpha_var=0.000000, alpha_collapse=0.000003, reg_bce_ratio=0.0178 | Val: graph_entropy=0.000000, graph_diag=0.005000, graph_uniform=0.003049, graph_reg_scale=1.0000, prediction_l2=0.000001, personal_sparse=0.000588, alpha_var=0.000000, alpha_collapse=0.000148, reg_bce_ratio=0.0160
2026-04-16 08:24:16,887 - INFO - [assist_09|assist_09_abce_ae_dominant_full|lr=0.0003|drop=0.20] [Diag][AE] Epoch [015] | irt_abs_mean=1.6085, irt_std=0.9362, personal_warmup_scale=1.00, graph_row_entropy=2.5591, graph_entropy_ratio=0.5318, alpha_mean=0.2263, alpha_std=0.0434, alpha_base_mean=0.1108, alpha_delta_absmean=0.1158, alpha_saturation_ratio=0.0000, alpha_bias_std=NA, alpha_state_path=6.2999, alpha_id_path=0.0000, alpha_bias_path=0.0000, head_bias_path=0.5739, personal_row_entropy=2.0533, personal_matrix_delta=0.0694, personal_matrix_student_std=0.0508, personal_delta_pre_softmax_norm=1.2951, personal_delta_student_std=0.7747, alpha_head_std=0.0409, query_row_graph_delta=0.4559, query_row_personal_delta=2.0116, neighbor_row_personal_delta=1.0954, personal_row_budget_mean=0.4278, personal_query_row_std=0.2512, readout_query_support_mass=0.9296, personal_student_mix=0.0727, personal_student_adapter=0.0411, local_row_ratio=0.2111, support_density=0.5524, readout_query_delta=0.0451, personal_bad_rows=5386.00, personal_fallback_rows=5386.00, personal_logits_absmax=30.0000
2026-04-16 08:24:16,888 - INFO - [assist_09|assist_09_abce_ae_dominant_full|lr=0.0003|drop=0.20] [Diag][A] Epoch [015] | entropy_ratio=0.5318, diag_mass=0.0500, to_uniform_l2=0.023787, to_identity_l2=0.089157, relation_identity_delta=0.089157, knowledge_state_graph_delta=0.964029, knowledge_state_personal_delta=0.018898, share_concept_embeddings=True, tau_mean=0.6024, tau_std=0.0906, graph_reg_scale(train/val)=1.0000/1.0000
2026-04-16 08:24:16,888 - INFO - [assist_09|assist_09_abce_ae_dominant_full|lr=0.0003|drop=0.20] [Grad Norms] Epoch [015] | relation_emb=3.501792e-01, relation_tau=5.669881e-04, relation_wq=3.465722e-04, relation_wk=2.111209e-04, personal_u=3.216378e-02, personal_v=2.918364e-02, personal_alpha_bias=0.000000e+00, personal_gate_emb=0.000000e+00, personal_gate_state_proj=0.000000e+00, personal_gate_context_proj=0.000000e+00, personal_gate_state_direct=1.166409e-03, personal_gate_id_direct=0.000000e+00, personal_gate_context_direct=3.564095e-04, personal_gate_out=2.478391e-07, personal_generator_emb=1.178307e-05, personal_generator_context_proj=0.000000e+00, personal_generator_context_hidden=0.000000e+00, personal_generator_context_to_u=1.144297e-07, personal_generator_context_to_v=1.412742e-07, personal_generator_state_row=1.654725e-04, personal_generator_state_col=2.094077e-04, personal_generator_id_row=7.586808e-06, personal_generator_id_col=5.910835e-06, personal_generator_state_adapter=3.453639e-06, personal_generator_id_adapter=1.154314e-08, personal_generator_context_adapter=1.018235e-12, personal_generator_direct_scale=7.544695e-03
2026-04-16 08:24:16,888 - INFO - [assist_09|assist_09_abce_ae_dominant_full|lr=0.0003|drop=0.20] -> No improvement 2 epoch(s) (best AUC=0.7544 @ 13)
2026-04-16 08:26:01,311 - INFO - [assist_09|assist_09_abce_ae_dominant_full|lr=0.0003|drop=0.20] Epoch [016/100] | Train: Loss=0.4903, BCE=0.4817, Reg=0.0086, AUC=0.8205, ACC=0.7575, RMSE=0.4001 | Val: Loss=0.5581, BCE=0.5493, Reg=0.0088, AUC=0.7534, ACC=0.7206, RMSE=0.4297
2026-04-16 08:26:01,311 - INFO - [assist_09|assist_09_abce_ae_dominant_full|lr=0.0003|drop=0.20] [Reg Terms] Epoch [016] | Train: graph_entropy=0.000000, graph_diag=0.005000, graph_uniform=0.003048, graph_reg_scale=1.0000, prediction_l2=0.000001, personal_sparse=0.000572, alpha_var=0.000000, alpha_collapse=0.000001, reg_bce_ratio=0.0179 | Val: graph_entropy=0.000000, graph_diag=0.005000, graph_uniform=0.003048, graph_reg_scale=1.0000, prediction_l2=0.000001, personal_sparse=0.000638, alpha_var=0.000000, alpha_collapse=0.000073, reg_bce_ratio=0.0159
2026-04-16 08:26:01,529 - INFO - [assist_09|assist_09_abce_ae_dominant_full|lr=0.0003|drop=0.20] [Diag][AE] Epoch [016] | irt_abs_mean=1.5963, irt_std=0.9572, personal_warmup_scale=1.00, graph_row_entropy=2.5590, graph_entropy_ratio=0.5318, alpha_mean=0.2289, alpha_std=0.0458, alpha_base_mean=0.1145, alpha_delta_absmean=0.1151, alpha_saturation_ratio=0.0000, alpha_bias_std=NA, alpha_state_path=6.0977, alpha_id_path=0.0000, alpha_bias_path=0.0000, head_bias_path=0.5413, personal_row_entropy=2.0458, personal_matrix_delta=0.0701, personal_matrix_student_std=0.0572, personal_delta_pre_softmax_norm=1.3514, personal_delta_student_std=0.9296, alpha_head_std=0.0422, query_row_graph_delta=0.4423, query_row_personal_delta=2.1496, neighbor_row_personal_delta=1.1500, personal_row_budget_mean=0.4309, personal_query_row_std=0.2231, readout_query_support_mass=1.0811, personal_student_mix=0.0729, personal_student_adapter=0.0413, local_row_ratio=0.1900, support_density=0.6491, readout_query_delta=0.0437, personal_bad_rows=3234.00, personal_fallback_rows=3234.00, personal_logits_absmax=30.0000
2026-04-16 08:26:01,529 - INFO - [assist_09|assist_09_abce_ae_dominant_full|lr=0.0003|drop=0.20] [Diag][A] Epoch [016] | entropy_ratio=0.5318, diag_mass=0.0500, to_uniform_l2=0.023789, to_identity_l2=0.089158, relation_identity_delta=0.089158, knowledge_state_graph_delta=0.964955, knowledge_state_personal_delta=0.018062, share_concept_embeddings=True, tau_mean=0.5953, tau_std=0.0981, graph_reg_scale(train/val)=1.0000/1.0000
2026-04-16 08:26:01,530 - INFO - [assist_09|assist_09_abce_ae_dominant_full|lr=0.0003|drop=0.20] [Grad Norms] Epoch [016] | relation_emb=3.751959e-01, relation_tau=3.907722e-04, relation_wq=4.446685e-04, relation_wk=5.958949e-05, personal_u=4.807240e-02, personal_v=4.313019e-02, personal_alpha_bias=0.000000e+00, personal_gate_emb=0.000000e+00, personal_gate_state_proj=0.000000e+00, personal_gate_context_proj=0.000000e+00, personal_gate_state_direct=6.326346e-04, personal_gate_id_direct=0.000000e+00, personal_gate_context_direct=2.628827e-04, personal_gate_out=1.499406e-07, personal_generator_emb=2.791269e-05, personal_generator_context_proj=0.000000e+00, personal_generator_context_hidden=0.000000e+00, personal_generator_context_to_u=2.551214e-07, personal_generator_context_to_v=2.968943e-07, personal_generator_state_row=3.502276e-04, personal_generator_state_col=4.190712e-04, personal_generator_id_row=2.083899e-05, personal_generator_id_col=2.498531e-05, personal_generator_state_adapter=1.624708e-05, personal_generator_id_adapter=6.334967e-08, personal_generator_context_adapter=5.443283e-11, personal_generator_direct_scale=2.905848e-03
2026-04-16 08:26:01,530 - INFO - [assist_09|assist_09_abce_ae_dominant_full|lr=0.0003|drop=0.20] -> No improvement 3 epoch(s) (best AUC=0.7544 @ 13)
2026-04-16 08:26:01,530 - INFO - [assist_09|assist_09_abce_ae_dominant_full|lr=0.0003|drop=0.20] Early stopping at epoch 16 (best AUC=0.7544 @ 13)
2026-04-16 08:26:01,536 - INFO - Epoch-wise metrics saved to checkpoints/abce_diag/remote_sparse_local_20260416_d3a8de0/assist_09/seed42/ae_dominant_full/metrics_history.csv
2026-04-16 08:26:01,538 - INFO - [assist_09|assist_09_abce_ae_dominant_full|lr=0.0003|drop=0.20] Training completed! Best Val AUC=0.7544 @ epoch 13
2026-04-16 08:26:01,834 - INFO - 
============================================================
         MODULE ACTIVITY REPORT
============================================================
Dataset: assist_09 | Seed: 42 | Epoch: 16

1. Concept Graph Module (A):
   - Mean row entropy: 2.559 / 4.812
   - Entropy ratio: 53.2%
   - Status: ACTIVE (learning meaningful structure)

2. Personal Graph Module (E):
   - Alpha mean: 0.225
   - Alpha std: 0.054
   - Alpha bias std: 0.000
   - Personal/global delta: 0.0697
   - Inter-student matrix std: 0.0562
   - Status: ACTIVE (student-specific personalization is visible)

------------------------------------------------------------
SUMMARY:
   Active modules: Concept Graph (A), Personal Graph (E)
   All enabled graph modules are functioning properly.
============================================================
2026-04-16 08:26:01,835 - INFO - [assist_09|assist_09_abce_ae_dominant_full|lr=0.0003|drop=0.20] Module activity saved to checkpoints/abce_diag/remote_sparse_local_20260416_d3a8de0/assist_09/seed42/ae_dominant_full/module_activity.json
2026-04-16 08:26:01,888 - INFO - Using device: cuda:0 (physical gpu 1)
2026-04-16 08:26:01,888 - INFO - Loading model from checkpoints/abce_diag/remote_sparse_local_20260416_d3a8de0/assist_09/seed42/ae_dominant_full/best_model.pth...
2026-04-16 08:26:02,005 - INFO - [Inference Filter] before=52549, after=51090, dropped=1459, coverage=97.22% (train-only seen student/item support)
2026-04-16 08:26:02,025 - INFO - Inference switches: ablate_module1=False | enable_module1=True | use_concept_graph=True | effective(num_gnn_layers=2)
2026-04-16 08:26:02,045 - INFO - [Inference] Ablation runtime check: args(ablate_module1=False) | expect(use_concept_graph=True,use_personal_graph=True) | model(enable_module1=True,use_concept_graph=True,use_personal_graph=True) | physical(has_knowledge_encoder=True,has_relation_learning=True,has_adaptive_gate=True,has_personal_generator=True)
2026-04-16 08:26:02,045 - INFO - [Inference] [Graph Init] graph_tau_mean=1.0055, graph_tau_std=0.0000, graph_dropout=0.000, use_personal_graph=True
2026-04-16 08:26:02,048 - INFO - Model loaded from epoch 13. Start testing...
2026-04-16 08:26:08,068 - INFO - [Test] 200/400 batches done, samples=25600
2026-04-16 08:26:14,088 - INFO - [Test] 400/400 batches done, samples=51090
2026-04-16 08:26:14,177 - INFO - 
==================================================
2026-04-16 08:26:14,177 - INFO - Test Results:
2026-04-16 08:26:14,178 - INFO - AUC: 0.7554
2026-04-16 08:26:14,178 - INFO - ACC: 0.7283
2026-04-16 08:26:14,178 - INFO - RMSE: 0.4281
2026-04-16 08:26:14,178 - INFO - ==================================================
2026-04-16 08:26:14,197 - INFO - Summary appended to /home/zsh/ConceptSkillCDM/results/experiment_results.csv
2026-04-16 08:26:14,205 - INFO - Run completed.
2026-04-16 08:26:14,205 - INFO - Best validation AUC: 0.7544 at epoch 13
2026-04-16 08:26:14,205 - INFO - Test metrics - AUC: 0.7554, ACC: 0.7283, RMSE: 0.4281
