2026-03-13 04:58:25,725 - INFO - Arguments:
2026-03-13 04:58:25,725 - INFO -   ablate_concept_graph: False
2026-03-13 04:58:25,725 - INFO -   ablate_module1: False
2026-03-13 04:58:25,725 - INFO -   ablate_module2: False
2026-03-13 04:58:25,725 - INFO -   ablate_module3: False
2026-03-13 04:58:25,725 - INFO -   ablate_skill_encoder: False
2026-03-13 04:58:25,725 - INFO -   ablate_soft_prototype: False
2026-03-13 04:58:25,725 - INFO -   allow_self_loop: True
2026-03-13 04:58:25,725 - INFO -   batch_size: 128
2026-03-13 04:58:25,725 - INFO -   data_dir: ./data/assist_09
2026-03-13 04:58:25,725 - INFO -   dataset_name: assist_09
2026-03-13 04:58:25,725 - INFO -   debug_module3_diag: True
2026-03-13 04:58:25,725 - INFO -   diag_batches: 1
2026-03-13 04:58:25,725 - INFO -   disable_q_aligned_residual: False
2026-03-13 04:58:25,725 - INFO -   disable_q_conditioning: False
2026-03-13 04:58:25,725 - INFO -   disable_self_loop: False
2026-03-13 04:58:25,725 - INFO -   disable_soft_prototype: False
2026-03-13 04:58:25,725 - INFO -   dropout: 0.2
2026-03-13 04:58:25,725 - INFO -   early_stop_patience: 3
2026-03-13 04:58:25,725 - INFO -   enable_module1: True
2026-03-13 04:58:25,725 - INFO -   enable_module2: True
2026-03-13 04:58:25,725 - INFO -   enable_module3: True
2026-03-13 04:58:25,725 - INFO -   enable_soft_prototype: True
2026-03-13 04:58:25,725 - INFO -   epochs: 100
2026-03-13 04:58:25,725 - INFO -   exercise_dim: 64
2026-03-13 04:58:25,725 - INFO -   exercise_l2_lambda: 1e-05
2026-03-13 04:58:25,725 - INFO -   fusion_gate_bias_init: -0.9
2026-03-13 04:58:25,725 - INFO -   fusion_gate_max: 1.0
2026-03-13 04:58:25,726 - INFO -   generate_diagnosis: False
2026-03-13 04:58:25,726 - INFO -   gnn_residual_weight: 0.5
2026-03-13 04:58:25,726 - INFO -   gpu_candidates: None
2026-03-13 04:58:25,726 - INFO -   gpu_ids: None
2026-03-13 04:58:25,726 - INFO -   gpu_memory_threshold: 2000
2026-03-13 04:58:25,726 - INFO -   gpus: None
2026-03-13 04:58:25,726 - INFO -   graph_dropout: 0.0
2026-03-13 04:58:25,726 - INFO -   graph_entropy_max: 0.8
2026-03-13 04:58:25,726 - INFO -   graph_entropy_min: 0.15
2026-03-13 04:58:25,726 - INFO -   graph_reg_cap_ratio: 6.0
2026-03-13 04:58:25,726 - INFO -   graph_reg_warmup_epochs: 0
2026-03-13 04:58:25,726 - INFO -   graph_tau_init: 0.55
2026-03-13 04:58:25,726 - INFO -   graph_topk: 12
2026-03-13 04:58:25,726 - INFO -   graph_uniform_margin: 0.1
2026-03-13 04:58:25,726 - INFO -   knowledge_dim: 64
2026-03-13 04:58:25,726 - INFO -   lambda_alpha: 0.05
2026-03-13 04:58:25,726 - INFO -   lambda_graph_diag: 0.1
2026-03-13 04:58:25,726 - INFO -   lambda_graph_uniform: 0.04
2026-03-13 04:58:25,726 - INFO -   lambda_proto_div: 0.0005
2026-03-13 04:58:25,726 - INFO -   lambda_proto_usage: 0.0005
2026-03-13 04:58:25,726 - INFO -   lambda_sparse: 1.0
2026-03-13 04:58:25,726 - INFO -   lambda_sparse_personal: 0.002
2026-03-13 04:58:25,726 - INFO -   learning_rate: 0.0003
2026-03-13 04:58:25,726 - INFO -   log_dir: logs/abce_diag/abce_rescue_v1/assist_09/seed42/best_no_E
2026-03-13 04:58:25,726 - INFO -   min_exer_interactions: 0
2026-03-13 04:58:25,726 - INFO -   min_poison_count: 0
2026-03-13 04:58:25,726 - INFO -   min_stu_interactions: 15
2026-03-13 04:58:25,726 - INFO -   model_variant: assist_09_abce_best_no_E
2026-03-13 04:58:25,726 - INFO -   multi_gpu: False
2026-03-13 04:58:25,726 - INFO -   no_cuda: False
2026-03-13 04:58:25,726 - INFO -   num_gnn_layers: 1
2026-03-13 04:58:25,726 - INFO -   num_gpus: 1
2026-03-13 04:58:25,726 - INFO -   num_prototypes: 4
2026-03-13 04:58:25,726 - INFO -   num_relation_heads: 2
2026-03-13 04:58:25,726 - INFO -   num_workers: 4
2026-03-13 04:58:25,726 - INFO -   patience: 5
2026-03-13 04:58:25,726 - INFO -   personal_rank: 4
2026-03-13 04:58:25,726 - INFO -   proto_lambda: 0.12
2026-03-13 04:58:25,726 - INFO -   proto_tau: 1.0
2026-03-13 04:58:25,726 - INFO -   residual_clip_t: 2.0
2026-03-13 04:58:25,726 - INFO -   residual_scale_init: 0.25
2026-03-13 04:58:25,726 - INFO -   save_dir: checkpoints/abce_diag/abce_rescue_v1/assist_09/seed42/best_no_E
2026-03-13 04:58:25,726 - INFO -   save_interval: 10
2026-03-13 04:58:25,727 - INFO -   seed: 42
2026-03-13 04:58:25,727 - INFO -   skill_dim: 128
2026-03-13 04:58:25,727 - INFO -   use_concept_graph: True
2026-03-13 04:58:25,727 - INFO -   use_exercise_graph: True
2026-03-13 04:58:25,727 - INFO -   use_mf_branch: True
2026-03-13 04:58:25,727 - INFO -   use_personal_graph: False
2026-03-13 04:58:25,727 - INFO -   use_q_aligned_residual: True
2026-03-13 04:58:25,727 - INFO -   use_q_conditioning: True
2026-03-13 04:58:25,727 - INFO -   use_skill_encoder: True
2026-03-13 04:58:25,727 - INFO -   use_soft_prototype: True
2026-03-13 04:58:25,727 - INFO -   use_soft_prototype_main_path: True
2026-03-13 04:58:25,727 - INFO -   weight_decay: 1e-05
2026-03-13 04:58:25,928 - INFO - Using device: cuda:0 (physical gpu 3)
2026-03-13 04:58:25,928 - INFO - [assist_09|assist_09_abce_best_no_E|lr=0.0003|drop=0.20] Loading datasets...
2026-03-13 04:58:25,928 - INFO - [assist_09|assist_09_abce_best_no_E|lr=0.0003|drop=0.20] Regularization: graph_entropy(lambda_sparse)=1.000000, graph_diag=0.100000, graph_uniform=0.040000, proto_div=0.000500, proto_usage=0.000500, personal_sparse=0.002000, alpha_penalty=0.050000, mf_l2(exercise_l2_lambda)=0.000010
2026-03-13 04:58:25,928 - INFO - [assist_09|assist_09_abce_best_no_E|lr=0.0003|drop=0.20] Graph controls: entropy_band=[0.15, 0.80], uniform_margin=0.10, warmup_epochs=0, cap_ratio=6.00, graph_dropout=0.000, graph_tau_init=0.550
2026-03-13 04:58:26,040 - INFO - [数据清洗] 学生交互次数 < 15 次的学生：共移除 0 个学生（仅统计用户数）
2026-03-13 04:58:26,052 - INFO - [数据清洗] 学生冷启动过滤：在 train/valid/test 中共删除 0 条记录。
2026-03-13 04:58:26,052 - INFO - [数据清洗] 跳过题目冷门过滤（min_exer_interactions <= 0）。
2026-03-13 04:58:26,052 - INFO - [数据清洗] 跳过毒题清洗（min_poison_count <= 0）。
2026-03-13 04:58:35,171 - INFO - [assist_09|assist_09_abce_best_no_E|lr=0.0003|drop=0.20] Train samples: 194489, Val samples: 20385
2026-03-13 04:58:35,172 - INFO - [assist_09|assist_09_abce_best_no_E|lr=0.0003|drop=0.20] Number of students: 2493
2026-03-13 04:58:35,172 - INFO - [assist_09|assist_09_abce_best_no_E|lr=0.0003|drop=0.20] Number of exercises: 17676
2026-03-13 04:58:35,172 - INFO - [assist_09|assist_09_abce_best_no_E|lr=0.0003|drop=0.20] Number of concepts: 123
2026-03-13 04:58:35,172 - INFO - [assist_09|assist_09_abce_best_no_E|lr=0.0003|drop=0.20] Creating model...
2026-03-13 04:58:35,172 - INFO - [assist_09|assist_09_abce_best_no_E|lr=0.0003|drop=0.20] Ablation switches: ablate_module1=False, ablate_module2=False, ablate_module3=False | enable_module1=True, enable_module2=True, enable_module3=True | use_soft_prototype=True, use_mf_branch=True, use_concept_graph=True, use_q_aligned_residual=True, use_soft_prototype_main_path=True | effective(num_gnn_layers=1, num_prototypes=4)
2026-03-13 04:58:35,301 - INFO - [assist_09|assist_09_abce_best_no_E|lr=0.0003|drop=0.20] Ablation runtime check: args(ablate_module1=False,ablate_module2=False,ablate_module3=False) | model(enable_module1=True,enable_module2=True,enable_module3=True) | physical(has_knowledge_encoder=True,has_mf_branch=True,has_soft_prototype=True)
2026-03-13 04:58:35,302 - INFO - [assist_09|assist_09_abce_best_no_E|lr=0.0003|drop=0.20] Debug diagnostics enabled: diag_batches=1
2026-03-13 04:58:35,323 - INFO - [assist_09|assist_09_abce_best_no_E|lr=0.0003|drop=0.20] [Module3 Init] fusion_gate_bias=-0.9000, fusion_gate_max=1.0000, implied_gate=0.2891, q_gate=0.5000, mf_scale=0.2500, bias_scale=0.2500, graph_tau_mean=1.0055, graph_tau_std=0.0000, graph_dropout=0.000
2026-03-13 04:58:35,324 - INFO - [assist_09|assist_09_abce_best_no_E|lr=0.0003|drop=0.20] Total parameters: 1,742,515
2026-03-13 04:58:35,324 - INFO - [assist_09|assist_09_abce_best_no_E|lr=0.0003|drop=0.20] Trainable parameters: 1,742,515
2026-03-13 04:58:36,218 - INFO - [assist_09|assist_09_abce_best_no_E|lr=0.0003|drop=0.20] Starting training...
2026-03-13 04:59:26,022 - INFO - [assist_09|assist_09_abce_best_no_E|lr=0.0003|drop=0.20] Epoch [001/100] | Train: Loss=0.5944, BCE=0.5889, Reg=0.0055, AUC=0.6887, ACC=0.6921, RMSE=0.4489 | Val: Loss=0.5676, BCE=0.5642, Reg=0.0033, AUC=0.7300, ACC=0.7100, RMSE=0.4371
2026-03-13 04:59:26,023 - INFO - [assist_09|assist_09_abce_best_no_E|lr=0.0003|drop=0.20] [Reg Terms] Epoch [001] | Train: graph_entropy=0.000000, graph_diag=0.002509, graph_uniform=0.003001, graph_reg_scale=1.0000, mf_l2=0.000000, proto_div=0.000001, proto_usage=0.000000, personal_sparse=0.000000, alpha_var=0.000000, reg_bce_ratio=0.0094 | Val: graph_entropy=0.000000, graph_diag=0.000339, graph_uniform=0.003002, graph_reg_scale=1.0000, mf_l2=0.000001, proto_div=0.000000, proto_usage=0.000000, personal_sparse=0.000000, alpha_var=0.000000, reg_bce_ratio=0.0059
2026-03-13 04:59:26,205 - INFO - [assist_09|assist_09_abce_best_no_E|lr=0.0003|drop=0.20] [Diag][M3] Epoch [001] | residual_abs_mean=0.0840, residual_std=0.0577, mf_abs_mean=0.0840, mf_std=0.0577, gate_mean=0.6910, gate_std=0.1486, irt_abs_mean=1.2144, irt_std=0.6193, delta_abs_mean=0.0604, delta_std=0.0487, delta_over_irt=0.0497, graph_row_entropy=2.4774, graph_entropy_ratio=0.5148, alpha_mean=0.0000, alpha_std=0.0000, personal_row_entropy=0.0000
2026-03-13 04:59:26,205 - INFO - [assist_09|assist_09_abce_best_no_E|lr=0.0003|drop=0.20] [Diag][Graph] Epoch [001] | entropy_ratio=0.5148, diag_mass=0.0034, to_uniform_l2=0.024940, to_identity_l2=0.093611, tau_mean=0.8672, tau_std=0.0005, graph_reg_scale(train/val)=1.0000/1.0000
2026-03-13 04:59:26,205 - INFO - [assist_09|assist_09_abce_best_no_E|lr=0.0003|drop=0.20] [Grad Norms] Epoch [001] | mf_u_proj=0.007126, mf_v_proj=0.007573, fusion_gate=0.000853, q_gate_raw=0.000485, skill_latent=0.053145, relation_emb=6.340241e-03, relation_tau=2.539856e-05, relation_wq=8.338770e-04, relation_wk=9.631335e-04, personal_u=0.000000e+00, personal_v=0.000000e+00
2026-03-13 04:59:26,457 - INFO - [assist_09|assist_09_abce_best_no_E|lr=0.0003|drop=0.20] -> New best AUC=0.7300 at epoch 1
2026-03-13 05:00:16,260 - INFO - [assist_09|assist_09_abce_best_no_E|lr=0.0003|drop=0.20] Epoch [002/100] | Train: Loss=0.5439, BCE=0.5407, Reg=0.0033, AUC=0.7598, ACC=0.7259, RMSE=0.4261 | Val: Loss=0.5496, BCE=0.5462, Reg=0.0035, AUC=0.7540, ACC=0.7231, RMSE=0.4289
2026-03-13 05:00:16,260 - INFO - [assist_09|assist_09_abce_best_no_E|lr=0.0003|drop=0.20] [Reg Terms] Epoch [002] | Train: graph_entropy=0.000000, graph_diag=0.000265, graph_uniform=0.003000, graph_reg_scale=1.0000, mf_l2=0.000004, proto_div=0.000002, proto_usage=0.000002, personal_sparse=0.000000, alpha_var=0.000000, reg_bce_ratio=0.0061 | Val: graph_entropy=0.000000, graph_diag=0.000443, graph_uniform=0.002997, graph_reg_scale=1.0000, mf_l2=0.000006, proto_div=0.000006, proto_usage=0.000005, personal_sparse=0.000000, alpha_var=0.000000, reg_bce_ratio=0.0063
2026-03-13 05:00:16,523 - INFO - [assist_09|assist_09_abce_best_no_E|lr=0.0003|drop=0.20] [Diag][M3] Epoch [002] | residual_abs_mean=0.1805, residual_std=0.1072, mf_abs_mean=0.1805, mf_std=0.1072, gate_mean=0.9095, gate_std=0.1207, irt_abs_mean=1.3086, irt_std=0.6737, delta_abs_mean=0.1651, delta_std=0.1024, delta_over_irt=0.1262, graph_row_entropy=2.4731, graph_entropy_ratio=0.5139, alpha_mean=0.0000, alpha_std=0.0000, personal_row_entropy=0.0000
2026-03-13 05:00:16,524 - INFO - [assist_09|assist_09_abce_best_no_E|lr=0.0003|drop=0.20] [Diag][Graph] Epoch [002] | entropy_ratio=0.5139, diag_mass=0.0044, to_uniform_l2=0.025081, to_identity_l2=0.093559, tau_mean=0.7965, tau_std=0.0054, graph_reg_scale(train/val)=1.0000/1.0000
2026-03-13 05:00:16,524 - INFO - [assist_09|assist_09_abce_best_no_E|lr=0.0003|drop=0.20] [Grad Norms] Epoch [002] | mf_u_proj=0.012671, mf_v_proj=0.014871, fusion_gate=0.001096, q_gate_raw=0.000878, skill_latent=0.083923, relation_emb=4.194661e-03, relation_tau=1.082470e-04, relation_wq=4.341925e-04, relation_wk=4.540139e-04, personal_u=0.000000e+00, personal_v=0.000000e+00
2026-03-13 05:00:17,062 - INFO - [assist_09|assist_09_abce_best_no_E|lr=0.0003|drop=0.20] -> New best AUC=0.7540 at epoch 2
2026-03-13 05:01:07,644 - INFO - [assist_09|assist_09_abce_best_no_E|lr=0.0003|drop=0.20] Epoch [003/100] | Train: Loss=0.5089, BCE=0.5058, Reg=0.0032, AUC=0.8025, ACC=0.7477, RMSE=0.4095 | Val: Loss=0.5398, BCE=0.5367, Reg=0.0031, AUC=0.7672, ACC=0.7292, RMSE=0.4244
2026-03-13 05:01:07,644 - INFO - [assist_09|assist_09_abce_best_no_E|lr=0.0003|drop=0.20] [Reg Terms] Epoch [003] | Train: graph_entropy=0.000000, graph_diag=0.000167, graph_uniform=0.002982, graph_reg_scale=1.0000, mf_l2=0.000009, proto_div=0.000004, proto_usage=0.000005, personal_sparse=0.000000, alpha_var=0.000000, reg_bce_ratio=0.0063 | Val: graph_entropy=0.000000, graph_diag=0.000117, graph_uniform=0.002957, graph_reg_scale=1.0000, mf_l2=0.000011, proto_div=0.000006, proto_usage=0.000006, personal_sparse=0.000000, alpha_var=0.000000, reg_bce_ratio=0.0058
2026-03-13 05:01:07,897 - INFO - [assist_09|assist_09_abce_best_no_E|lr=0.0003|drop=0.20] [Diag][M3] Epoch [003] | residual_abs_mean=0.2405, residual_std=0.1489, mf_abs_mean=0.2405, mf_std=0.1489, gate_mean=0.9640, gate_std=0.0707, irt_abs_mean=1.4063, irt_std=0.7000, delta_abs_mean=0.2328, delta_std=0.1456, delta_over_irt=0.1655, graph_row_entropy=2.4474, graph_entropy_ratio=0.5086, alpha_mean=0.0000, alpha_std=0.0000, personal_row_entropy=0.0000
2026-03-13 05:01:07,897 - INFO - [assist_09|assist_09_abce_best_no_E|lr=0.0003|drop=0.20] [Diag][Graph] Epoch [003] | entropy_ratio=0.5086, diag_mass=0.0012, to_uniform_l2=0.026076, to_identity_l2=0.094113, tau_mean=0.7369, tau_std=0.0056, graph_reg_scale(train/val)=1.0000/1.0000
2026-03-13 05:01:07,897 - WARNING - [assist_09|assist_09_abce_best_no_E|lr=0.0003|drop=0.20] [Diag Warning][M3] gate_mean has stayed high for 2 epoch(s): gate_mean=0.9640, gate_std=0.0707
2026-03-13 05:01:07,897 - INFO - [assist_09|assist_09_abce_best_no_E|lr=0.0003|drop=0.20] [Grad Norms] Epoch [003] | mf_u_proj=0.020399, mf_v_proj=0.020872, fusion_gate=0.001622, q_gate_raw=0.002550, skill_latent=0.105589, relation_emb=4.294774e-03, relation_tau=8.706341e-04, relation_wq=5.062383e-04, relation_wk=5.139519e-04, personal_u=0.000000e+00, personal_v=0.000000e+00
2026-03-13 05:01:08,404 - INFO - [assist_09|assist_09_abce_best_no_E|lr=0.0003|drop=0.20] -> New best AUC=0.7672 at epoch 3
2026-03-13 05:02:00,398 - INFO - [assist_09|assist_09_abce_best_no_E|lr=0.0003|drop=0.20] Epoch [004/100] | Train: Loss=0.4764, BCE=0.4740, Reg=0.0024, AUC=0.8360, ACC=0.7698, RMSE=0.3939 | Val: Loss=0.5313, BCE=0.5296, Reg=0.0017, AUC=0.7744, ACC=0.7351, RMSE=0.4211
2026-03-13 05:02:00,399 - INFO - [assist_09|assist_09_abce_best_no_E|lr=0.0003|drop=0.20] [Reg Terms] Epoch [004] | Train: graph_entropy=0.000000, graph_diag=0.000046, graph_uniform=0.002354, graph_reg_scale=1.0000, mf_l2=0.000014, proto_div=0.000003, proto_usage=0.000006, personal_sparse=0.000000, alpha_var=0.000000, reg_bce_ratio=0.0051 | Val: graph_entropy=0.000000, graph_diag=0.000054, graph_uniform=0.001595, graph_reg_scale=1.0000, mf_l2=0.000016, proto_div=0.000003, proto_usage=0.000006, personal_sparse=0.000000, alpha_var=0.000000, reg_bce_ratio=0.0032
2026-03-13 05:02:00,677 - INFO - [assist_09|assist_09_abce_best_no_E|lr=0.0003|drop=0.20] [Diag][M3] Epoch [004] | residual_abs_mean=0.3043, residual_std=0.1912, mf_abs_mean=0.3043, mf_std=0.1912, gate_mean=0.9804, gate_std=0.0461, irt_abs_mean=1.4116, irt_std=0.6982, delta_abs_mean=0.2995, delta_std=0.1903, delta_over_irt=0.2122, graph_row_entropy=1.4807, graph_entropy_ratio=0.3077, alpha_mean=0.0000, alpha_std=0.0000, personal_row_entropy=0.0000
2026-03-13 05:02:00,678 - INFO - [assist_09|assist_09_abce_best_no_E|lr=0.0003|drop=0.20] [Diag][Graph] Epoch [004] | entropy_ratio=0.3077, diag_mass=0.0005, to_uniform_l2=0.060125, to_identity_l2=0.108639, tau_mean=0.6677, tau_std=0.0031, graph_reg_scale(train/val)=1.0000/1.0000
2026-03-13 05:02:00,678 - WARNING - [assist_09|assist_09_abce_best_no_E|lr=0.0003|drop=0.20] [Diag Warning][M3] gate_mean has stayed high for 3 epoch(s): gate_mean=0.9804, gate_std=0.0461
2026-03-13 05:02:00,678 - WARNING - [assist_09|assist_09_abce_best_no_E|lr=0.0003|drop=0.20] [Diag Warning][M3] delta_over_irt has stayed high for 2 epoch(s): delta_over_irt=0.2122, delta_abs_mean=0.2995
2026-03-13 05:02:00,678 - INFO - [assist_09|assist_09_abce_best_no_E|lr=0.0003|drop=0.20] [Grad Norms] Epoch [004] | mf_u_proj=0.026106, mf_v_proj=0.029112, fusion_gate=0.000830, q_gate_raw=0.003034, skill_latent=0.118721, relation_emb=1.036285e-02, relation_tau=1.086906e-03, relation_wq=8.410953e-04, relation_wk=3.750786e-04, personal_u=0.000000e+00, personal_v=0.000000e+00
2026-03-13 05:02:01,183 - INFO - [assist_09|assist_09_abce_best_no_E|lr=0.0003|drop=0.20] -> New best AUC=0.7744 at epoch 4
2026-03-13 05:02:53,770 - INFO - [assist_09|assist_09_abce_best_no_E|lr=0.0003|drop=0.20] Epoch [005/100] | Train: Loss=0.4464, BCE=0.4447, Reg=0.0016, AUC=0.8638, ACC=0.7916, RMSE=0.3789 | Val: Loss=0.5278, BCE=0.5262, Reg=0.0016, AUC=0.7799, ACC=0.7383, RMSE=0.4191
2026-03-13 05:02:53,770 - INFO - [assist_09|assist_09_abce_best_no_E|lr=0.0003|drop=0.20] [Reg Terms] Epoch [005] | Train: graph_entropy=0.000000, graph_diag=0.000026, graph_uniform=0.001588, graph_reg_scale=1.0000, mf_l2=0.000018, proto_div=0.000002, proto_usage=0.000005, personal_sparse=0.000000, alpha_var=0.000000, reg_bce_ratio=0.0037 | Val: graph_entropy=0.000000, graph_diag=0.000031, graph_uniform=0.001528, graph_reg_scale=1.0000, mf_l2=0.000020, proto_div=0.000001, proto_usage=0.000004, personal_sparse=0.000000, alpha_var=0.000000, reg_bce_ratio=0.0030
2026-03-13 05:02:54,046 - INFO - [assist_09|assist_09_abce_best_no_E|lr=0.0003|drop=0.20] [Diag][M3] Epoch [005] | residual_abs_mean=0.3350, residual_std=0.2351, mf_abs_mean=0.3350, mf_std=0.2351, gate_mean=0.9840, gate_std=0.0436, irt_abs_mean=1.4783, irt_std=0.7460, delta_abs_mean=0.3320, delta_std=0.2357, delta_over_irt=0.2246, graph_row_entropy=1.4222, graph_entropy_ratio=0.2955, alpha_mean=0.0000, alpha_std=0.0000, personal_row_entropy=0.0000
2026-03-13 05:02:54,046 - INFO - [assist_09|assist_09_abce_best_no_E|lr=0.0003|drop=0.20] [Diag][Graph] Epoch [005] | entropy_ratio=0.2955, diag_mass=0.0003, to_uniform_l2=0.061792, to_identity_l2=0.109588, tau_mean=0.6429, tau_std=0.0010, graph_reg_scale(train/val)=1.0000/1.0000
2026-03-13 05:02:54,047 - WARNING - [assist_09|assist_09_abce_best_no_E|lr=0.0003|drop=0.20] [Diag Warning][M3] gate_mean has stayed high for 4 epoch(s): gate_mean=0.9840, gate_std=0.0436
2026-03-13 05:02:54,047 - WARNING - [assist_09|assist_09_abce_best_no_E|lr=0.0003|drop=0.20] [Diag Warning][M3] delta_over_irt has stayed high for 3 epoch(s): delta_over_irt=0.2246, delta_abs_mean=0.3320
2026-03-13 05:02:54,047 - INFO - [assist_09|assist_09_abce_best_no_E|lr=0.0003|drop=0.20] [Grad Norms] Epoch [005] | mf_u_proj=0.034515, mf_v_proj=0.034790, fusion_gate=0.000199, q_gate_raw=0.000592, skill_latent=0.149054, relation_emb=2.645506e-03, relation_tau=1.963422e-04, relation_wq=2.711962e-04, relation_wk=7.802778e-05, personal_u=0.000000e+00, personal_v=0.000000e+00
2026-03-13 05:02:54,540 - INFO - [assist_09|assist_09_abce_best_no_E|lr=0.0003|drop=0.20] -> New best AUC=0.7799 at epoch 5
2026-03-13 05:03:47,835 - INFO - [assist_09|assist_09_abce_best_no_E|lr=0.0003|drop=0.20] Epoch [006/100] | Train: Loss=0.4193, BCE=0.4177, Reg=0.0016, AUC=0.8859, ACC=0.8101, RMSE=0.3648 | Val: Loss=0.5248, BCE=0.5233, Reg=0.0015, AUC=0.7829, ACC=0.7393, RMSE=0.4175
2026-03-13 05:03:47,835 - INFO - [assist_09|assist_09_abce_best_no_E|lr=0.0003|drop=0.20] [Reg Terms] Epoch [006] | Train: graph_entropy=0.000000, graph_diag=0.000018, graph_uniform=0.001509, graph_reg_scale=1.0000, mf_l2=0.000022, proto_div=0.000002, proto_usage=0.000004, personal_sparse=0.000000, alpha_var=0.000000, reg_bce_ratio=0.0037 | Val: graph_entropy=0.000000, graph_diag=0.000038, graph_uniform=0.001465, graph_reg_scale=1.0000, mf_l2=0.000023, proto_div=0.000001, proto_usage=0.000004, personal_sparse=0.000000, alpha_var=0.000000, reg_bce_ratio=0.0029
2026-03-13 05:03:48,104 - INFO - [assist_09|assist_09_abce_best_no_E|lr=0.0003|drop=0.20] [Diag][M3] Epoch [006] | residual_abs_mean=0.4025, residual_std=0.2787, mf_abs_mean=0.4025, mf_std=0.2787, gate_mean=0.9917, gate_std=0.0243, irt_abs_mean=1.4378, irt_std=0.7388, delta_abs_mean=0.4003, delta_std=0.2791, delta_over_irt=0.2784, graph_row_entropy=1.3598, graph_entropy_ratio=0.2826, alpha_mean=0.0000, alpha_std=0.0000, personal_row_entropy=0.0000
2026-03-13 05:03:48,105 - INFO - [assist_09|assist_09_abce_best_no_E|lr=0.0003|drop=0.20] [Diag][Graph] Epoch [006] | entropy_ratio=0.2826, diag_mass=0.0004, to_uniform_l2=0.063369, to_identity_l2=0.110479, tau_mean=0.6155, tau_std=0.0001, graph_reg_scale(train/val)=1.0000/1.0000
2026-03-13 05:03:48,105 - WARNING - [assist_09|assist_09_abce_best_no_E|lr=0.0003|drop=0.20] [Diag Warning][M3] gate_mean has stayed high for 5 epoch(s): gate_mean=0.9917, gate_std=0.0243
2026-03-13 05:03:48,105 - WARNING - [assist_09|assist_09_abce_best_no_E|lr=0.0003|drop=0.20] [Diag Warning][M3] delta_over_irt has stayed high for 4 epoch(s): delta_over_irt=0.2784, delta_abs_mean=0.4003
2026-03-13 05:03:48,105 - INFO - [assist_09|assist_09_abce_best_no_E|lr=0.0003|drop=0.20] [Grad Norms] Epoch [006] | mf_u_proj=0.038648, mf_v_proj=0.039109, fusion_gate=0.000181, q_gate_raw=0.004381, skill_latent=0.189932, relation_emb=3.736350e-03, relation_tau=1.865402e-03, relation_wq=5.033958e-04, relation_wk=3.854674e-04, personal_u=0.000000e+00, personal_v=0.000000e+00
2026-03-13 05:03:48,566 - INFO - [assist_09|assist_09_abce_best_no_E|lr=0.0003|drop=0.20] -> New best AUC=0.7829 at epoch 6
2026-03-13 05:04:42,336 - INFO - [assist_09|assist_09_abce_best_no_E|lr=0.0003|drop=0.20] Epoch [007/100] | Train: Loss=0.3940, BCE=0.3925, Reg=0.0015, AUC=0.9048, ACC=0.8278, RMSE=0.3511 | Val: Loss=0.5233, BCE=0.5218, Reg=0.0015, AUC=0.7850, ACC=0.7446, RMSE=0.4163
2026-03-13 05:04:42,337 - INFO - [assist_09|assist_09_abce_best_no_E|lr=0.0003|drop=0.20] [Reg Terms] Epoch [007] | Train: graph_entropy=0.000000, graph_diag=0.000012, graph_uniform=0.001469, graph_reg_scale=1.0000, mf_l2=0.000024, proto_div=0.000002, proto_usage=0.000003, personal_sparse=0.000000, alpha_var=0.000000, reg_bce_ratio=0.0038 | Val: graph_entropy=0.000000, graph_diag=0.000000, graph_uniform=0.001448, graph_reg_scale=1.0000, mf_l2=0.000025, proto_div=0.000001, proto_usage=0.000003, personal_sparse=0.000000, alpha_var=0.000000, reg_bce_ratio=0.0028
2026-03-13 05:04:42,604 - INFO - [assist_09|assist_09_abce_best_no_E|lr=0.0003|drop=0.20] [Diag][M3] Epoch [007] | residual_abs_mean=0.4344, residual_std=0.3191, mf_abs_mean=0.4344, mf_std=0.3191, gate_mean=0.9911, gate_std=0.0322, irt_abs_mean=1.4920, irt_std=0.8017, delta_abs_mean=0.4332, delta_std=0.3193, delta_over_irt=0.2904, graph_row_entropy=1.3434, graph_entropy_ratio=0.2792, alpha_mean=0.0000, alpha_std=0.0000, personal_row_entropy=0.0000
2026-03-13 05:04:42,604 - INFO - [assist_09|assist_09_abce_best_no_E|lr=0.0003|drop=0.20] [Diag][Graph] Epoch [007] | entropy_ratio=0.2792, diag_mass=0.0000, to_uniform_l2=0.063805, to_identity_l2=0.110757, tau_mean=0.5867, tau_std=0.0004, graph_reg_scale(train/val)=1.0000/1.0000
2026-03-13 05:04:42,604 - WARNING - [assist_09|assist_09_abce_best_no_E|lr=0.0003|drop=0.20] [Diag Warning][M3] gate_mean has stayed high for 6 epoch(s): gate_mean=0.9911, gate_std=0.0322
2026-03-13 05:04:42,604 - WARNING - [assist_09|assist_09_abce_best_no_E|lr=0.0003|drop=0.20] [Diag Warning][M3] delta_over_irt has stayed high for 5 epoch(s): delta_over_irt=0.2904, delta_abs_mean=0.4332
2026-03-13 05:04:42,604 - INFO - [assist_09|assist_09_abce_best_no_E|lr=0.0003|drop=0.20] [Grad Norms] Epoch [007] | mf_u_proj=0.038403, mf_v_proj=0.041943, fusion_gate=0.000069, q_gate_raw=0.002254, skill_latent=0.165524, relation_emb=2.143811e-03, relation_tau=3.824910e-04, relation_wq=3.443126e-04, relation_wk=1.227106e-04, personal_u=0.000000e+00, personal_v=0.000000e+00
2026-03-13 05:04:43,054 - INFO - [assist_09|assist_09_abce_best_no_E|lr=0.0003|drop=0.20] -> New best AUC=0.7850 at epoch 7
2026-03-13 05:05:34,946 - INFO - [assist_09|assist_09_abce_best_no_E|lr=0.0003|drop=0.20] Epoch [008/100] | Train: Loss=0.3719, BCE=0.3704, Reg=0.0015, AUC=0.9189, ACC=0.8418, RMSE=0.3390 | Val: Loss=0.5235, BCE=0.5221, Reg=0.0014, AUC=0.7870, ACC=0.7440, RMSE=0.4161
2026-03-13 05:05:34,946 - INFO - [assist_09|assist_09_abce_best_no_E|lr=0.0003|drop=0.20] [Reg Terms] Epoch [008] | Train: graph_entropy=0.000000, graph_diag=0.000008, graph_uniform=0.001432, graph_reg_scale=1.0000, mf_l2=0.000026, proto_div=0.000003, proto_usage=0.000002, personal_sparse=0.000000, alpha_var=0.000000, reg_bce_ratio=0.0040 | Val: graph_entropy=0.000000, graph_diag=0.000000, graph_uniform=0.001413, graph_reg_scale=1.0000, mf_l2=0.000027, proto_div=0.000003, proto_usage=0.000002, personal_sparse=0.000000, alpha_var=0.000000, reg_bce_ratio=0.0028
2026-03-13 05:05:35,225 - INFO - [assist_09|assist_09_abce_best_no_E|lr=0.0003|drop=0.20] [Diag][M3] Epoch [008] | residual_abs_mean=0.4711, residual_std=0.3530, mf_abs_mean=0.4711, mf_std=0.3530, gate_mean=0.9957, gate_std=0.0148, irt_abs_mean=1.5664, irt_std=0.8337, delta_abs_mean=0.4703, delta_std=0.3534, delta_over_irt=0.3002, graph_row_entropy=1.3089, graph_entropy_ratio=0.2720, alpha_mean=0.0000, alpha_std=0.0000, personal_row_entropy=0.0000
2026-03-13 05:05:35,225 - INFO - [assist_09|assist_09_abce_best_no_E|lr=0.0003|drop=0.20] [Diag][Graph] Epoch [008] | entropy_ratio=0.2720, diag_mass=0.0000, to_uniform_l2=0.064673, to_identity_l2=0.111260, tau_mean=0.5540, tau_std=0.0015, graph_reg_scale(train/val)=1.0000/1.0000
2026-03-13 05:05:35,225 - WARNING - [assist_09|assist_09_abce_best_no_E|lr=0.0003|drop=0.20] [Diag Warning][M3] gate_mean has stayed high for 7 epoch(s): gate_mean=0.9957, gate_std=0.0148
2026-03-13 05:05:35,226 - WARNING - [assist_09|assist_09_abce_best_no_E|lr=0.0003|drop=0.20] [Diag Warning][M3] delta_over_irt has stayed high for 6 epoch(s): delta_over_irt=0.3002, delta_abs_mean=0.4703
2026-03-13 05:05:35,226 - INFO - [assist_09|assist_09_abce_best_no_E|lr=0.0003|drop=0.20] [Grad Norms] Epoch [008] | mf_u_proj=0.054804, mf_v_proj=0.061623, fusion_gate=0.000085, q_gate_raw=0.005269, skill_latent=0.204297, relation_emb=2.540206e-03, relation_tau=6.921330e-04, relation_wq=2.846616e-04, relation_wk=1.821700e-04, personal_u=0.000000e+00, personal_v=0.000000e+00
2026-03-13 05:05:35,707 - INFO - [assist_09|assist_09_abce_best_no_E|lr=0.0003|drop=0.20] -> New best AUC=0.7870 at epoch 8
2026-03-13 05:06:26,203 - INFO - [assist_09|assist_09_abce_best_no_E|lr=0.0003|drop=0.20] Epoch [009/100] | Train: Loss=0.3519, BCE=0.3504, Reg=0.0014, AUC=0.9301, ACC=0.8557, RMSE=0.3278 | Val: Loss=0.5269, BCE=0.5255, Reg=0.0014, AUC=0.7876, ACC=0.7467, RMSE=0.4165
2026-03-13 05:06:26,204 - INFO - [assist_09|assist_09_abce_best_no_E|lr=0.0003|drop=0.20] [Reg Terms] Epoch [009] | Train: graph_entropy=0.000000, graph_diag=0.000005, graph_uniform=0.001405, graph_reg_scale=1.0000, mf_l2=0.000028, proto_div=0.000003, proto_usage=0.000001, personal_sparse=0.000000, alpha_var=0.000000, reg_bce_ratio=0.0041 | Val: graph_entropy=0.000000, graph_diag=0.000000, graph_uniform=0.001403, graph_reg_scale=1.0000, mf_l2=0.000029, proto_div=0.000002, proto_usage=0.000001, personal_sparse=0.000000, alpha_var=0.000000, reg_bce_ratio=0.0027
2026-03-13 05:06:26,473 - INFO - [assist_09|assist_09_abce_best_no_E|lr=0.0003|drop=0.20] [Diag][M3] Epoch [009] | residual_abs_mean=0.5594, residual_std=0.3793, mf_abs_mean=0.5594, mf_std=0.3793, gate_mean=0.9982, gate_std=0.0060, irt_abs_mean=1.6301, irt_std=0.8836, delta_abs_mean=0.5588, delta_std=0.3795, delta_over_irt=0.3428, graph_row_entropy=1.3001, graph_entropy_ratio=0.2702, alpha_mean=0.0000, alpha_std=0.0000, personal_row_entropy=0.0000
2026-03-13 05:06:26,474 - INFO - [assist_09|assist_09_abce_best_no_E|lr=0.0003|drop=0.20] [Diag][Graph] Epoch [009] | entropy_ratio=0.2702, diag_mass=0.0000, to_uniform_l2=0.064928, to_identity_l2=0.111409, tau_mean=0.5180, tau_std=0.0023, graph_reg_scale(train/val)=1.0000/1.0000
2026-03-13 05:06:26,474 - WARNING - [assist_09|assist_09_abce_best_no_E|lr=0.0003|drop=0.20] [Diag Warning][M3] gate_mean has stayed high for 8 epoch(s): gate_mean=0.9982, gate_std=0.0060
2026-03-13 05:06:26,474 - WARNING - [assist_09|assist_09_abce_best_no_E|lr=0.0003|drop=0.20] [Diag Warning][M3] delta_over_irt has stayed high for 7 epoch(s): delta_over_irt=0.3428, delta_abs_mean=0.5588
2026-03-13 05:06:26,474 - INFO - [assist_09|assist_09_abce_best_no_E|lr=0.0003|drop=0.20] [Grad Norms] Epoch [009] | mf_u_proj=0.068450, mf_v_proj=0.072119, fusion_gate=0.000067, q_gate_raw=0.000821, skill_latent=0.244524, relation_emb=1.887653e-03, relation_tau=1.314530e-03, relation_wq=4.094506e-04, relation_wk=3.215754e-04, personal_u=0.000000e+00, personal_v=0.000000e+00
2026-03-13 05:06:26,967 - INFO - [assist_09|assist_09_abce_best_no_E|lr=0.0003|drop=0.20] -> New best AUC=0.7876 at epoch 9
2026-03-13 05:07:19,751 - INFO - [assist_09|assist_09_abce_best_no_E|lr=0.0003|drop=0.20] Epoch [010/100] | Train: Loss=0.3346, BCE=0.3332, Reg=0.0014, AUC=0.9388, ACC=0.8664, RMSE=0.3178 | Val: Loss=0.5244, BCE=0.5232, Reg=0.0012, AUC=0.7895, ACC=0.7471, RMSE=0.4155
2026-03-13 05:07:19,752 - INFO - [assist_09|assist_09_abce_best_no_E|lr=0.0003|drop=0.20] [Reg Terms] Epoch [010] | Train: graph_entropy=0.000000, graph_diag=0.000001, graph_uniform=0.001350, graph_reg_scale=1.0000, mf_l2=0.000030, proto_div=0.000002, proto_usage=0.000001, personal_sparse=0.000000, alpha_var=0.000000, reg_bce_ratio=0.0042 | Val: graph_entropy=0.000000, graph_diag=0.000000, graph_uniform=0.001201, graph_reg_scale=1.0000, mf_l2=0.000031, proto_div=0.000001, proto_usage=0.000001, personal_sparse=0.000000, alpha_var=0.000000, reg_bce_ratio=0.0024
2026-03-13 05:07:20,006 - INFO - [assist_09|assist_09_abce_best_no_E|lr=0.0003|drop=0.20] [Diag][M3] Epoch [010] | residual_abs_mean=0.5842, residual_std=0.4213, mf_abs_mean=0.5842, mf_std=0.4213, gate_mean=0.9975, gate_std=0.0094, irt_abs_mean=1.5386, irt_std=0.8869, delta_abs_mean=0.5836, delta_std=0.4216, delta_over_irt=0.3793, graph_row_entropy=1.0709, graph_entropy_ratio=0.2225, alpha_mean=0.0000, alpha_std=0.0000, personal_row_entropy=0.0000
2026-03-13 05:07:20,007 - INFO - [assist_09|assist_09_abce_best_no_E|lr=0.0003|drop=0.20] [Diag][Graph] Epoch [010] | entropy_ratio=0.2225, diag_mass=0.0000, to_uniform_l2=0.069972, to_identity_l2=0.114422, tau_mean=0.4712, tau_std=0.0025, graph_reg_scale(train/val)=1.0000/1.0000
2026-03-13 05:07:20,007 - WARNING - [assist_09|assist_09_abce_best_no_E|lr=0.0003|drop=0.20] [Diag Warning][M3] gate_mean has stayed high for 9 epoch(s): gate_mean=0.9975, gate_std=0.0094
2026-03-13 05:07:20,007 - WARNING - [assist_09|assist_09_abce_best_no_E|lr=0.0003|drop=0.20] [Diag Warning][M3] delta_over_irt has stayed high for 8 epoch(s): delta_over_irt=0.3793, delta_abs_mean=0.5836
2026-03-13 05:07:20,007 - INFO - [assist_09|assist_09_abce_best_no_E|lr=0.0003|drop=0.20] [Grad Norms] Epoch [010] | mf_u_proj=0.070990, mf_v_proj=0.078887, fusion_gate=0.000026, q_gate_raw=0.004866, skill_latent=0.283637, relation_emb=4.015138e-03, relation_tau=5.316809e-04, relation_wq=3.596983e-04, relation_wk=1.237090e-04, personal_u=0.000000e+00, personal_v=0.000000e+00
2026-03-13 05:07:20,476 - INFO - [assist_09|assist_09_abce_best_no_E|lr=0.0003|drop=0.20] -> New best AUC=0.7895 at epoch 10
2026-03-13 05:07:20,554 - INFO - [assist_09|assist_09_abce_best_no_E|lr=0.0003|drop=0.20] Checkpoint saved: checkpoints/abce_diag/abce_rescue_v1/assist_09/seed42/best_no_E/checkpoint_epoch_10.pth
2026-03-13 05:07:20,852 - INFO - [assist_09|assist_09_abce_best_no_E|lr=0.0003|drop=0.20] [Module Activity] Epoch 10: Proto✓ Graph✓ MF✓
2026-03-13 05:08:13,532 - INFO - [assist_09|assist_09_abce_best_no_E|lr=0.0003|drop=0.20] Epoch [011/100] | Train: Loss=0.3171, BCE=0.3160, Reg=0.0011, AUC=0.9473, ACC=0.8755, RMSE=0.3078 | Val: Loss=0.5272, BCE=0.5262, Reg=0.0010, AUC=0.7898, ACC=0.7507, RMSE=0.4157
2026-03-13 05:08:13,533 - INFO - [assist_09|assist_09_abce_best_no_E|lr=0.0003|drop=0.20] [Reg Terms] Epoch [011] | Train: graph_entropy=0.000000, graph_diag=0.000000, graph_uniform=0.001083, graph_reg_scale=1.0000, mf_l2=0.000031, proto_div=0.000001, proto_usage=0.000000, personal_sparse=0.000000, alpha_var=0.000000, reg_bce_ratio=0.0035 | Val: graph_entropy=0.000000, graph_diag=0.000000, graph_uniform=0.000961, graph_reg_scale=1.0000, mf_l2=0.000032, proto_div=0.000000, proto_usage=0.000000, personal_sparse=0.000000, alpha_var=0.000000, reg_bce_ratio=0.0019
2026-03-13 05:08:13,796 - INFO - [assist_09|assist_09_abce_best_no_E|lr=0.0003|drop=0.20] [Diag][M3] Epoch [011] | residual_abs_mean=0.6363, residual_std=0.4222, mf_abs_mean=0.6363, mf_std=0.4222, gate_mean=0.9979, gate_std=0.0089, irt_abs_mean=1.6144, irt_std=0.9450, delta_abs_mean=0.6359, delta_std=0.4224, delta_over_irt=0.3939, graph_row_entropy=0.7777, graph_entropy_ratio=0.1616, alpha_mean=0.0000, alpha_std=0.0000, personal_row_entropy=0.0000
2026-03-13 05:08:13,796 - INFO - [assist_09|assist_09_abce_best_no_E|lr=0.0003|drop=0.20] [Diag][Graph] Epoch [011] | entropy_ratio=0.1616, diag_mass=0.0000, to_uniform_l2=0.075970, to_identity_l2=0.118185, tau_mean=0.4170, tau_std=0.0023, graph_reg_scale(train/val)=1.0000/1.0000
2026-03-13 05:08:13,796 - WARNING - [assist_09|assist_09_abce_best_no_E|lr=0.0003|drop=0.20] [Diag Warning][M3] gate_mean has stayed high for 10 epoch(s): gate_mean=0.9979, gate_std=0.0089
2026-03-13 05:08:13,797 - WARNING - [assist_09|assist_09_abce_best_no_E|lr=0.0003|drop=0.20] [Diag Warning][M3] delta_over_irt has stayed high for 9 epoch(s): delta_over_irt=0.3939, delta_abs_mean=0.6359
2026-03-13 05:08:13,797 - INFO - [assist_09|assist_09_abce_best_no_E|lr=0.0003|drop=0.20] [Grad Norms] Epoch [011] | mf_u_proj=0.063676, mf_v_proj=0.068819, fusion_gate=0.000048, q_gate_raw=0.005901, skill_latent=0.242924, relation_emb=3.947071e-03, relation_tau=6.395149e-04, relation_wq=1.894712e-04, relation_wk=1.323118e-04, personal_u=0.000000e+00, personal_v=0.000000e+00
2026-03-13 05:08:14,273 - INFO - [assist_09|assist_09_abce_best_no_E|lr=0.0003|drop=0.20] -> New best AUC=0.7898 at epoch 11
2026-03-13 05:09:06,218 - INFO - [assist_09|assist_09_abce_best_no_E|lr=0.0003|drop=0.20] Epoch [012/100] | Train: Loss=0.3035, BCE=0.3025, Reg=0.0010, AUC=0.9527, ACC=0.8847, RMSE=0.2995 | Val: Loss=0.5287, BCE=0.5278, Reg=0.0009, AUC=0.7905, ACC=0.7496, RMSE=0.4161
2026-03-13 05:09:06,218 - INFO - [assist_09|assist_09_abce_best_no_E|lr=0.0003|drop=0.20] [Reg Terms] Epoch [012] | Train: graph_entropy=0.000000, graph_diag=0.000000, graph_uniform=0.000978, graph_reg_scale=1.0000, mf_l2=0.000033, proto_div=0.000000, proto_usage=0.000000, personal_sparse=0.000000, alpha_var=0.000000, reg_bce_ratio=0.0033 | Val: graph_entropy=0.000000, graph_diag=0.000000, graph_uniform=0.000915, graph_reg_scale=1.0000, mf_l2=0.000034, proto_div=0.000000, proto_usage=0.000000, personal_sparse=0.000000, alpha_var=0.000000, reg_bce_ratio=0.0018
2026-03-13 05:09:06,490 - INFO - [assist_09|assist_09_abce_best_no_E|lr=0.0003|drop=0.20] [Diag][M3] Epoch [012] | residual_abs_mean=0.7056, residual_std=0.4575, mf_abs_mean=0.7056, mf_std=0.4575, gate_mean=0.9984, gate_std=0.0057, irt_abs_mean=1.6503, irt_std=0.9636, delta_abs_mean=0.7051, delta_std=0.4578, delta_over_irt=0.4273, graph_row_entropy=0.7270, graph_entropy_ratio=0.1511, alpha_mean=0.0000, alpha_std=0.0000, personal_row_entropy=0.0000
2026-03-13 05:09:06,491 - INFO - [assist_09|assist_09_abce_best_no_E|lr=0.0003|drop=0.20] [Diag][Graph] Epoch [012] | entropy_ratio=0.1511, diag_mass=0.0000, to_uniform_l2=0.077133, to_identity_l2=0.118936, tau_mean=0.4043, tau_std=0.0034, graph_reg_scale(train/val)=1.0000/1.0000
2026-03-13 05:09:06,491 - WARNING - [assist_09|assist_09_abce_best_no_E|lr=0.0003|drop=0.20] [Diag Warning][M3] gate_mean has stayed high for 11 epoch(s): gate_mean=0.9984, gate_std=0.0057
2026-03-13 05:09:06,491 - WARNING - [assist_09|assist_09_abce_best_no_E|lr=0.0003|drop=0.20] [Diag Warning][M3] delta_over_irt has stayed high for 10 epoch(s): delta_over_irt=0.4273, delta_abs_mean=0.7051
2026-03-13 05:09:06,491 - INFO - [assist_09|assist_09_abce_best_no_E|lr=0.0003|drop=0.20] [Grad Norms] Epoch [012] | mf_u_proj=0.069129, mf_v_proj=0.078404, fusion_gate=0.000019, q_gate_raw=0.000657, skill_latent=0.269092, relation_emb=1.012556e-02, relation_tau=8.164616e-04, relation_wq=3.212004e-04, relation_wk=2.172275e-04, personal_u=0.000000e+00, personal_v=0.000000e+00
2026-03-13 05:09:06,975 - INFO - [assist_09|assist_09_abce_best_no_E|lr=0.0003|drop=0.20] -> New best AUC=0.7905 at epoch 12
2026-03-13 05:09:58,547 - INFO - [assist_09|assist_09_abce_best_no_E|lr=0.0003|drop=0.20] Epoch [013/100] | Train: Loss=0.2912, BCE=0.2902, Reg=0.0010, AUC=0.9576, ACC=0.8915, RMSE=0.2921 | Val: Loss=0.5295, BCE=0.5285, Reg=0.0010, AUC=0.7918, ACC=0.7497, RMSE=0.4159
2026-03-13 05:09:58,547 - INFO - [assist_09|assist_09_abce_best_no_E|lr=0.0003|drop=0.20] [Reg Terms] Epoch [013] | Train: graph_entropy=0.000000, graph_diag=0.000000, graph_uniform=0.000982, graph_reg_scale=1.0000, mf_l2=0.000034, proto_div=0.000000, proto_usage=0.000000, personal_sparse=0.000000, alpha_var=0.000000, reg_bce_ratio=0.0035 | Val: graph_entropy=0.000000, graph_diag=0.000000, graph_uniform=0.000954, graph_reg_scale=1.0000, mf_l2=0.000035, proto_div=0.000000, proto_usage=0.000000, personal_sparse=0.000000, alpha_var=0.000000, reg_bce_ratio=0.0019
2026-03-13 05:09:58,825 - INFO - [assist_09|assist_09_abce_best_no_E|lr=0.0003|drop=0.20] [Diag][M3] Epoch [013] | residual_abs_mean=0.7693, residual_std=0.4601, mf_abs_mean=0.7693, mf_std=0.4601, gate_mean=0.9984, gate_std=0.0059, irt_abs_mean=1.6295, irt_std=0.9815, delta_abs_mean=0.7688, delta_std=0.4605, delta_over_irt=0.4718, graph_row_entropy=0.7834, graph_entropy_ratio=0.1628, alpha_mean=0.0000, alpha_std=0.0000, personal_row_entropy=0.0000
2026-03-13 05:09:58,826 - INFO - [assist_09|assist_09_abce_best_no_E|lr=0.0003|drop=0.20] [Diag][Graph] Epoch [013] | entropy_ratio=0.1628, diag_mass=0.0000, to_uniform_l2=0.076140, to_identity_l2=0.118294, tau_mean=0.4012, tau_std=0.0038, graph_reg_scale(train/val)=1.0000/1.0000
2026-03-13 05:09:58,826 - WARNING - [assist_09|assist_09_abce_best_no_E|lr=0.0003|drop=0.20] [Diag Warning][M3] gate_mean has stayed high for 12 epoch(s): gate_mean=0.9984, gate_std=0.0059
2026-03-13 05:09:58,826 - WARNING - [assist_09|assist_09_abce_best_no_E|lr=0.0003|drop=0.20] [Diag Warning][M3] delta_over_irt has stayed high for 11 epoch(s): delta_over_irt=0.4718, delta_abs_mean=0.7688
2026-03-13 05:09:58,826 - INFO - [assist_09|assist_09_abce_best_no_E|lr=0.0003|drop=0.20] [Grad Norms] Epoch [013] | mf_u_proj=0.076597, mf_v_proj=0.077001, fusion_gate=0.000044, q_gate_raw=0.002137, skill_latent=0.246407, relation_emb=5.393485e-03, relation_tau=8.827497e-04, relation_wq=3.540665e-04, relation_wk=2.421317e-04, personal_u=0.000000e+00, personal_v=0.000000e+00
2026-03-13 05:09:59,318 - INFO - [assist_09|assist_09_abce_best_no_E|lr=0.0003|drop=0.20] -> New best AUC=0.7918 at epoch 13
2026-03-13 05:10:50,502 - INFO - [assist_09|assist_09_abce_best_no_E|lr=0.0003|drop=0.20] Epoch [014/100] | Train: Loss=0.2705, BCE=0.2696, Reg=0.0010, AUC=0.9663, ACC=0.9041, RMSE=0.2786 | Val: Loss=0.5305, BCE=0.5295, Reg=0.0010, AUC=0.7927, ACC=0.7506, RMSE=0.4157
2026-03-13 05:10:50,503 - INFO - [assist_09|assist_09_abce_best_no_E|lr=0.0003|drop=0.20] [Reg Terms] Epoch [014] | Train: graph_entropy=0.000000, graph_diag=0.000000, graph_uniform=0.000945, graph_reg_scale=1.0000, mf_l2=0.000035, proto_div=0.000000, proto_usage=0.000000, personal_sparse=0.000000, alpha_var=0.000000, reg_bce_ratio=0.0036 | Val: graph_entropy=0.000000, graph_diag=0.000000, graph_uniform=0.000992, graph_reg_scale=1.0000, mf_l2=0.000035, proto_div=0.000000, proto_usage=0.000000, personal_sparse=0.000000, alpha_var=0.000000, reg_bce_ratio=0.0019
2026-03-13 05:10:50,785 - INFO - [assist_09|assist_09_abce_best_no_E|lr=0.0003|drop=0.20] [Diag][M3] Epoch [014] | residual_abs_mean=0.8004, residual_std=0.4728, mf_abs_mean=0.8004, mf_std=0.4728, gate_mean=0.9987, gate_std=0.0040, irt_abs_mean=1.6713, irt_std=1.0070, delta_abs_mean=0.7999, delta_std=0.4731, delta_over_irt=0.4786, graph_row_entropy=0.8343, graph_entropy_ratio=0.1734, alpha_mean=0.0000, alpha_std=0.0000, personal_row_entropy=0.0000
2026-03-13 05:10:50,786 - INFO - [assist_09|assist_09_abce_best_no_E|lr=0.0003|drop=0.20] [Diag][Graph] Epoch [014] | entropy_ratio=0.1734, diag_mass=0.0000, to_uniform_l2=0.075194, to_identity_l2=0.117687, tau_mean=0.3997, tau_std=0.0040, graph_reg_scale(train/val)=1.0000/1.0000
2026-03-13 05:10:50,786 - WARNING - [assist_09|assist_09_abce_best_no_E|lr=0.0003|drop=0.20] [Diag Warning][M3] gate_mean has stayed high for 13 epoch(s): gate_mean=0.9987, gate_std=0.0040
2026-03-13 05:10:50,786 - WARNING - [assist_09|assist_09_abce_best_no_E|lr=0.0003|drop=0.20] [Diag Warning][M3] delta_over_irt has stayed high for 12 epoch(s): delta_over_irt=0.4786, delta_abs_mean=0.7999
2026-03-13 05:10:50,786 - INFO - [assist_09|assist_09_abce_best_no_E|lr=0.0003|drop=0.20] [Grad Norms] Epoch [014] | mf_u_proj=0.068373, mf_v_proj=0.071376, fusion_gate=0.000038, q_gate_raw=0.001844, skill_latent=0.228399, relation_emb=7.079486e-03, relation_tau=9.261100e-04, relation_wq=4.081257e-04, relation_wk=2.496818e-04, personal_u=0.000000e+00, personal_v=0.000000e+00
2026-03-13 05:10:51,339 - INFO - [assist_09|assist_09_abce_best_no_E|lr=0.0003|drop=0.20] -> New best AUC=0.7927 at epoch 14
2026-03-13 05:11:43,262 - INFO - [assist_09|assist_09_abce_best_no_E|lr=0.0003|drop=0.20] Epoch [015/100] | Train: Loss=0.2647, BCE=0.2637, Reg=0.0010, AUC=0.9682, ACC=0.9076, RMSE=0.2747 | Val: Loss=0.5311, BCE=0.5301, Reg=0.0010, AUC=0.7932, ACC=0.7513, RMSE=0.4156
2026-03-13 05:11:43,263 - INFO - [assist_09|assist_09_abce_best_no_E|lr=0.0003|drop=0.20] [Reg Terms] Epoch [015] | Train: graph_entropy=0.000000, graph_diag=0.000000, graph_uniform=0.000952, graph_reg_scale=1.0000, mf_l2=0.000036, proto_div=0.000000, proto_usage=0.000000, personal_sparse=0.000000, alpha_var=0.000000, reg_bce_ratio=0.0037 | Val: graph_entropy=0.000000, graph_diag=0.000000, graph_uniform=0.000985, graph_reg_scale=1.0000, mf_l2=0.000036, proto_div=0.000000, proto_usage=0.000000, personal_sparse=0.000000, alpha_var=0.000000, reg_bce_ratio=0.0019
2026-03-13 05:11:43,551 - INFO - [assist_09|assist_09_abce_best_no_E|lr=0.0003|drop=0.20] [Diag][M3] Epoch [015] | residual_abs_mean=0.8082, residual_std=0.4809, mf_abs_mean=0.8082, mf_std=0.4809, gate_mean=0.9988, gate_std=0.0033, irt_abs_mean=1.6511, irt_std=1.0045, delta_abs_mean=0.8078, delta_std=0.4811, delta_over_irt=0.4892, graph_row_entropy=0.8239, graph_entropy_ratio=0.1712, alpha_mean=0.0000, alpha_std=0.0000, personal_row_entropy=0.0000
2026-03-13 05:11:43,551 - INFO - [assist_09|assist_09_abce_best_no_E|lr=0.0003|drop=0.20] [Diag][Graph] Epoch [015] | entropy_ratio=0.1712, diag_mass=0.0000, to_uniform_l2=0.075376, to_identity_l2=0.117803, tau_mean=0.3981, tau_std=0.0038, graph_reg_scale(train/val)=1.0000/1.0000
2026-03-13 05:11:43,551 - WARNING - [assist_09|assist_09_abce_best_no_E|lr=0.0003|drop=0.20] [Diag Warning][M3] gate_mean has stayed high for 14 epoch(s): gate_mean=0.9988, gate_std=0.0033
2026-03-13 05:11:43,551 - WARNING - [assist_09|assist_09_abce_best_no_E|lr=0.0003|drop=0.20] [Diag Warning][M3] delta_over_irt has stayed high for 13 epoch(s): delta_over_irt=0.4892, delta_abs_mean=0.8078
2026-03-13 05:11:43,551 - INFO - [assist_09|assist_09_abce_best_no_E|lr=0.0003|drop=0.20] [Grad Norms] Epoch [015] | mf_u_proj=0.072749, mf_v_proj=0.084907, fusion_gate=0.000057, q_gate_raw=0.000079, skill_latent=0.269498, relation_emb=3.656978e-03, relation_tau=6.953745e-05, relation_wq=2.015087e-04, relation_wk=2.288117e-05, personal_u=0.000000e+00, personal_v=0.000000e+00
2026-03-13 05:11:44,080 - INFO - [assist_09|assist_09_abce_best_no_E|lr=0.0003|drop=0.20] -> New best AUC=0.7932 at epoch 15
2026-03-13 05:12:35,809 - INFO - [assist_09|assist_09_abce_best_no_E|lr=0.0003|drop=0.20] Epoch [016/100] | Train: Loss=0.2597, BCE=0.2587, Reg=0.0010, AUC=0.9699, ACC=0.9106, RMSE=0.2715 | Val: Loss=0.5333, BCE=0.5322, Reg=0.0010, AUC=0.7933, ACC=0.7504, RMSE=0.4161
2026-03-13 05:12:35,809 - INFO - [assist_09|assist_09_abce_best_no_E|lr=0.0003|drop=0.20] [Reg Terms] Epoch [016] | Train: graph_entropy=0.000000, graph_diag=0.000000, graph_uniform=0.000954, graph_reg_scale=1.0000, mf_l2=0.000036, proto_div=0.000000, proto_usage=0.000000, personal_sparse=0.000000, alpha_var=0.000000, reg_bce_ratio=0.0038 | Val: graph_entropy=0.000000, graph_diag=0.000000, graph_uniform=0.000992, graph_reg_scale=1.0000, mf_l2=0.000036, proto_div=0.000000, proto_usage=0.000000, personal_sparse=0.000000, alpha_var=0.000000, reg_bce_ratio=0.0019
2026-03-13 05:12:36,077 - INFO - [assist_09|assist_09_abce_best_no_E|lr=0.0003|drop=0.20] [Diag][M3] Epoch [016] | residual_abs_mean=0.8427, residual_std=0.4868, mf_abs_mean=0.8427, mf_std=0.4868, gate_mean=0.9990, gate_std=0.0033, irt_abs_mean=1.6820, irt_std=1.0047, delta_abs_mean=0.8423, delta_std=0.4870, delta_over_irt=0.5008, graph_row_entropy=0.8327, graph_entropy_ratio=0.1730, alpha_mean=0.0000, alpha_std=0.0000, personal_row_entropy=0.0000
2026-03-13 05:12:36,078 - INFO - [assist_09|assist_09_abce_best_no_E|lr=0.0003|drop=0.20] [Diag][Graph] Epoch [016] | entropy_ratio=0.1730, diag_mass=0.0000, to_uniform_l2=0.075204, to_identity_l2=0.117694, tau_mean=0.3968, tau_std=0.0038, graph_reg_scale(train/val)=1.0000/1.0000
2026-03-13 05:12:36,078 - WARNING - [assist_09|assist_09_abce_best_no_E|lr=0.0003|drop=0.20] [Diag Warning][M3] gate_mean has stayed high for 15 epoch(s): gate_mean=0.9990, gate_std=0.0033
2026-03-13 05:12:36,078 - WARNING - [assist_09|assist_09_abce_best_no_E|lr=0.0003|drop=0.20] [Diag Warning][M3] delta_over_irt has stayed high for 14 epoch(s): delta_over_irt=0.5008, delta_abs_mean=0.8423
2026-03-13 05:12:36,078 - INFO - [assist_09|assist_09_abce_best_no_E|lr=0.0003|drop=0.20] [Grad Norms] Epoch [016] | mf_u_proj=0.072697, mf_v_proj=0.074458, fusion_gate=0.000077, q_gate_raw=0.002392, skill_latent=0.257206, relation_emb=1.121861e-02, relation_tau=1.165009e-03, relation_wq=5.852731e-04, relation_wk=3.081452e-04, personal_u=0.000000e+00, personal_v=0.000000e+00
2026-03-13 05:12:36,593 - INFO - [assist_09|assist_09_abce_best_no_E|lr=0.0003|drop=0.20] -> New best AUC=0.7933 at epoch 16
2026-03-13 05:13:29,670 - INFO - [assist_09|assist_09_abce_best_no_E|lr=0.0003|drop=0.20] Epoch [017/100] | Train: Loss=0.2543, BCE=0.2533, Reg=0.0010, AUC=0.9715, ACC=0.9130, RMSE=0.2679 | Val: Loss=0.5324, BCE=0.5314, Reg=0.0010, AUC=0.7942, ACC=0.7512, RMSE=0.4155
2026-03-13 05:13:29,670 - INFO - [assist_09|assist_09_abce_best_no_E|lr=0.0003|drop=0.20] [Reg Terms] Epoch [017] | Train: graph_entropy=0.000000, graph_diag=0.000000, graph_uniform=0.000955, graph_reg_scale=1.0000, mf_l2=0.000037, proto_div=0.000000, proto_usage=0.000000, personal_sparse=0.000000, alpha_var=0.000000, reg_bce_ratio=0.0039 | Val: graph_entropy=0.000000, graph_diag=0.000000, graph_uniform=0.000960, graph_reg_scale=1.0000, mf_l2=0.000037, proto_div=0.000000, proto_usage=0.000000, personal_sparse=0.000000, alpha_var=0.000000, reg_bce_ratio=0.0019
2026-03-13 05:13:29,925 - INFO - [assist_09|assist_09_abce_best_no_E|lr=0.0003|drop=0.20] [Diag][M3] Epoch [017] | residual_abs_mean=0.8623, residual_std=0.4951, mf_abs_mean=0.8623, mf_std=0.4951, gate_mean=0.9991, gate_std=0.0026, irt_abs_mean=1.6657, irt_std=1.0115, delta_abs_mean=0.8619, delta_std=0.4953, delta_over_irt=0.5174, graph_row_entropy=0.7919, graph_entropy_ratio=0.1646, alpha_mean=0.0000, alpha_std=0.0000, personal_row_entropy=0.0000
2026-03-13 05:13:29,926 - INFO - [assist_09|assist_09_abce_best_no_E|lr=0.0003|drop=0.20] [Diag][Graph] Epoch [017] | entropy_ratio=0.1646, diag_mass=0.0000, to_uniform_l2=0.075989, to_identity_l2=0.118197, tau_mean=0.3953, tau_std=0.0039, graph_reg_scale(train/val)=1.0000/1.0000
2026-03-13 05:13:29,926 - WARNING - [assist_09|assist_09_abce_best_no_E|lr=0.0003|drop=0.20] [Diag Warning][M3] gate_mean has stayed high for 16 epoch(s): gate_mean=0.9991, gate_std=0.0026
2026-03-13 05:13:29,926 - WARNING - [assist_09|assist_09_abce_best_no_E|lr=0.0003|drop=0.20] [Diag Warning][M3] delta_over_irt has stayed high for 15 epoch(s): delta_over_irt=0.5174, delta_abs_mean=0.8619
2026-03-13 05:13:29,926 - INFO - [assist_09|assist_09_abce_best_no_E|lr=0.0003|drop=0.20] [Grad Norms] Epoch [017] | mf_u_proj=0.058838, mf_v_proj=0.061868, fusion_gate=0.000051, q_gate_raw=0.000736, skill_latent=0.214046, relation_emb=3.561304e-03, relation_tau=4.750397e-04, relation_wq=2.692934e-04, relation_wk=1.040558e-04, personal_u=0.000000e+00, personal_v=0.000000e+00
2026-03-13 05:13:30,428 - INFO - [assist_09|assist_09_abce_best_no_E|lr=0.0003|drop=0.20] -> New best AUC=0.7942 at epoch 17
2026-03-13 05:14:23,384 - INFO - [assist_09|assist_09_abce_best_no_E|lr=0.0003|drop=0.20] Epoch [018/100] | Train: Loss=0.2486, BCE=0.2477, Reg=0.0010, AUC=0.9733, ACC=0.9157, RMSE=0.2642 | Val: Loss=0.5352, BCE=0.5343, Reg=0.0010, AUC=0.7935, ACC=0.7519, RMSE=0.4162
2026-03-13 05:14:23,384 - INFO - [assist_09|assist_09_abce_best_no_E|lr=0.0003|drop=0.20] [Reg Terms] Epoch [018] | Train: graph_entropy=0.000000, graph_diag=0.000000, graph_uniform=0.000953, graph_reg_scale=1.0000, mf_l2=0.000037, proto_div=0.000000, proto_usage=0.000000, personal_sparse=0.000000, alpha_var=0.000000, reg_bce_ratio=0.0040 | Val: graph_entropy=0.000000, graph_diag=0.000000, graph_uniform=0.000915, graph_reg_scale=1.0000, mf_l2=0.000038, proto_div=0.000000, proto_usage=0.000000, personal_sparse=0.000000, alpha_var=0.000000, reg_bce_ratio=0.0018
2026-03-13 05:14:23,677 - INFO - [assist_09|assist_09_abce_best_no_E|lr=0.0003|drop=0.20] [Diag][M3] Epoch [018] | residual_abs_mean=0.8859, residual_std=0.5109, mf_abs_mean=0.8859, mf_std=0.5109, gate_mean=0.9987, gate_std=0.0051, irt_abs_mean=1.7139, irt_std=1.0426, delta_abs_mean=0.8855, delta_std=0.5111, delta_over_irt=0.5167, graph_row_entropy=0.7307, graph_entropy_ratio=0.1518, alpha_mean=0.0000, alpha_std=0.0000, personal_row_entropy=0.0000
2026-03-13 05:14:23,678 - INFO - [assist_09|assist_09_abce_best_no_E|lr=0.0003|drop=0.20] [Diag][Graph] Epoch [018] | entropy_ratio=0.1518, diag_mass=0.0000, to_uniform_l2=0.077126, to_identity_l2=0.118931, tau_mean=0.3937, tau_std=0.0038, graph_reg_scale(train/val)=1.0000/1.0000
2026-03-13 05:14:23,678 - WARNING - [assist_09|assist_09_abce_best_no_E|lr=0.0003|drop=0.20] [Diag Warning][M3] gate_mean has stayed high for 17 epoch(s): gate_mean=0.9987, gate_std=0.0051
2026-03-13 05:14:23,678 - WARNING - [assist_09|assist_09_abce_best_no_E|lr=0.0003|drop=0.20] [Diag Warning][M3] delta_over_irt has stayed high for 16 epoch(s): delta_over_irt=0.5167, delta_abs_mean=0.8855
2026-03-13 05:14:23,678 - INFO - [assist_09|assist_09_abce_best_no_E|lr=0.0003|drop=0.20] [Grad Norms] Epoch [018] | mf_u_proj=0.063022, mf_v_proj=0.066607, fusion_gate=0.000039, q_gate_raw=0.002584, skill_latent=0.189983, relation_emb=5.799222e-03, relation_tau=1.425611e-03, relation_wq=4.780409e-04, relation_wk=3.887691e-04, personal_u=0.000000e+00, personal_v=0.000000e+00
2026-03-13 05:14:23,679 - INFO - [assist_09|assist_09_abce_best_no_E|lr=0.0003|drop=0.20] -> No improvement 1 epoch(s) (best AUC=0.7942 @ 17)
2026-03-13 05:15:15,955 - INFO - [assist_09|assist_09_abce_best_no_E|lr=0.0003|drop=0.20] Epoch [019/100] | Train: Loss=0.2447, BCE=0.2437, Reg=0.0010, AUC=0.9745, ACC=0.9178, RMSE=0.2617 | Val: Loss=0.5356, BCE=0.5346, Reg=0.0010, AUC=0.7940, ACC=0.7520, RMSE=0.4162
2026-03-13 05:15:15,955 - INFO - [assist_09|assist_09_abce_best_no_E|lr=0.0003|drop=0.20] [Reg Terms] Epoch [019] | Train: graph_entropy=0.000000, graph_diag=0.000000, graph_uniform=0.000956, graph_reg_scale=1.0000, mf_l2=0.000038, proto_div=0.000000, proto_usage=0.000000, personal_sparse=0.000000, alpha_var=0.000000, reg_bce_ratio=0.0041 | Val: graph_entropy=0.000000, graph_diag=0.000000, graph_uniform=0.000987, graph_reg_scale=1.0000, mf_l2=0.000038, proto_div=0.000000, proto_usage=0.000001, personal_sparse=0.000000, alpha_var=0.000000, reg_bce_ratio=0.0019
2026-03-13 05:15:16,231 - INFO - [assist_09|assist_09_abce_best_no_E|lr=0.0003|drop=0.20] [Diag][M3] Epoch [019] | residual_abs_mean=0.9389, residual_std=0.5034, mf_abs_mean=0.9389, mf_std=0.5034, gate_mean=0.9993, gate_std=0.0020, irt_abs_mean=1.6943, irt_std=1.0443, delta_abs_mean=0.9385, delta_std=0.5036, delta_over_irt=0.5539, graph_row_entropy=0.8271, graph_entropy_ratio=0.1719, alpha_mean=0.0000, alpha_std=0.0000, personal_row_entropy=0.0000
2026-03-13 05:15:16,232 - INFO - [assist_09|assist_09_abce_best_no_E|lr=0.0003|drop=0.20] [Diag][Graph] Epoch [019] | entropy_ratio=0.1719, diag_mass=0.0000, to_uniform_l2=0.075324, to_identity_l2=0.117770, tau_mean=0.3932, tau_std=0.0038, graph_reg_scale(train/val)=1.0000/1.0000
2026-03-13 05:15:16,232 - WARNING - [assist_09|assist_09_abce_best_no_E|lr=0.0003|drop=0.20] [Diag Warning][M3] gate_mean has stayed high for 18 epoch(s): gate_mean=0.9993, gate_std=0.0020
2026-03-13 05:15:16,232 - WARNING - [assist_09|assist_09_abce_best_no_E|lr=0.0003|drop=0.20] [Diag Warning][M3] delta_over_irt has stayed high for 17 epoch(s): delta_over_irt=0.5539, delta_abs_mean=0.9385
2026-03-13 05:15:16,232 - INFO - [assist_09|assist_09_abce_best_no_E|lr=0.0003|drop=0.20] [Grad Norms] Epoch [019] | mf_u_proj=0.055445, mf_v_proj=0.058384, fusion_gate=0.000011, q_gate_raw=0.000587, skill_latent=0.177018, relation_emb=9.479590e-03, relation_tau=6.261828e-04, relation_wq=3.316214e-04, relation_wk=1.782115e-04, personal_u=0.000000e+00, personal_v=0.000000e+00
2026-03-13 05:15:16,233 - INFO - [assist_09|assist_09_abce_best_no_E|lr=0.0003|drop=0.20] -> No improvement 2 epoch(s) (best AUC=0.7942 @ 17)
2026-03-13 05:16:08,864 - INFO - [assist_09|assist_09_abce_best_no_E|lr=0.0003|drop=0.20] Epoch [020/100] | Train: Loss=0.2355, BCE=0.2345, Reg=0.0010, AUC=0.9773, ACC=0.9234, RMSE=0.2550 | Val: Loss=0.5355, BCE=0.5345, Reg=0.0010, AUC=0.7946, ACC=0.7509, RMSE=0.4160
2026-03-13 05:16:08,865 - INFO - [assist_09|assist_09_abce_best_no_E|lr=0.0003|drop=0.20] [Reg Terms] Epoch [020] | Train: graph_entropy=0.000000, graph_diag=0.000000, graph_uniform=0.000936, graph_reg_scale=1.0000, mf_l2=0.000038, proto_div=0.000000, proto_usage=0.000001, personal_sparse=0.000000, alpha_var=0.000000, reg_bce_ratio=0.0042 | Val: graph_entropy=0.000000, graph_diag=0.000000, graph_uniform=0.000957, graph_reg_scale=1.0000, mf_l2=0.000038, proto_div=0.000000, proto_usage=0.000001, personal_sparse=0.000000, alpha_var=0.000000, reg_bce_ratio=0.0019
2026-03-13 05:16:09,132 - INFO - [assist_09|assist_09_abce_best_no_E|lr=0.0003|drop=0.20] [Diag][M3] Epoch [020] | residual_abs_mean=0.9476, residual_std=0.5171, mf_abs_mean=0.9476, mf_std=0.5171, gate_mean=0.9991, gate_std=0.0031, irt_abs_mean=1.6959, irt_std=1.0468, delta_abs_mean=0.9472, delta_std=0.5173, delta_over_irt=0.5585, graph_row_entropy=0.7887, graph_entropy_ratio=0.1639, alpha_mean=0.0000, alpha_std=0.0000, personal_row_entropy=0.0000
2026-03-13 05:16:09,132 - INFO - [assist_09|assist_09_abce_best_no_E|lr=0.0003|drop=0.20] [Diag][Graph] Epoch [020] | entropy_ratio=0.1639, diag_mass=0.0000, to_uniform_l2=0.076081, to_identity_l2=0.118256, tau_mean=0.3924, tau_std=0.0039, graph_reg_scale(train/val)=1.0000/1.0000
2026-03-13 05:16:09,132 - WARNING - [assist_09|assist_09_abce_best_no_E|lr=0.0003|drop=0.20] [Diag Warning][M3] gate_mean has stayed high for 19 epoch(s): gate_mean=0.9991, gate_std=0.0031
2026-03-13 05:16:09,132 - WARNING - [assist_09|assist_09_abce_best_no_E|lr=0.0003|drop=0.20] [Diag Warning][M3] delta_over_irt has stayed high for 18 epoch(s): delta_over_irt=0.5585, delta_abs_mean=0.9472
2026-03-13 05:16:09,132 - INFO - [assist_09|assist_09_abce_best_no_E|lr=0.0003|drop=0.20] [Grad Norms] Epoch [020] | mf_u_proj=0.055113, mf_v_proj=0.057597, fusion_gate=0.000035, q_gate_raw=0.000002, skill_latent=0.192153, relation_emb=3.423750e-03, relation_tau=5.783451e-04, relation_wq=3.524854e-04, relation_wk=1.438807e-04, personal_u=0.000000e+00, personal_v=0.000000e+00
2026-03-13 05:16:09,730 - INFO - [assist_09|assist_09_abce_best_no_E|lr=0.0003|drop=0.20] -> New best AUC=0.7946 at epoch 20
2026-03-13 05:16:09,826 - INFO - [assist_09|assist_09_abce_best_no_E|lr=0.0003|drop=0.20] Checkpoint saved: checkpoints/abce_diag/abce_rescue_v1/assist_09/seed42/best_no_E/checkpoint_epoch_20.pth
2026-03-13 05:16:10,113 - INFO - [assist_09|assist_09_abce_best_no_E|lr=0.0003|drop=0.20] [Module Activity] Epoch 20: Proto✓ Graph✓ MF✓
2026-03-13 05:17:03,267 - INFO - [assist_09|assist_09_abce_best_no_E|lr=0.0003|drop=0.20] Epoch [021/100] | Train: Loss=0.2330, BCE=0.2321, Reg=0.0010, AUC=0.9780, ACC=0.9241, RMSE=0.2534 | Val: Loss=0.5377, BCE=0.5368, Reg=0.0010, AUC=0.7945, ACC=0.7527, RMSE=0.4163
2026-03-13 05:17:03,268 - INFO - [assist_09|assist_09_abce_best_no_E|lr=0.0003|drop=0.20] [Reg Terms] Epoch [021] | Train: graph_entropy=0.000000, graph_diag=0.000000, graph_uniform=0.000934, graph_reg_scale=1.0000, mf_l2=0.000038, proto_div=0.000000, proto_usage=0.000001, personal_sparse=0.000000, alpha_var=0.000000, reg_bce_ratio=0.0042 | Val: graph_entropy=0.000000, graph_diag=0.000000, graph_uniform=0.000938, graph_reg_scale=1.0000, mf_l2=0.000038, proto_div=0.000000, proto_usage=0.000001, personal_sparse=0.000000, alpha_var=0.000000, reg_bce_ratio=0.0018
2026-03-13 05:17:03,534 - INFO - [assist_09|assist_09_abce_best_no_E|lr=0.0003|drop=0.20] [Diag][M3] Epoch [021] | residual_abs_mean=0.9448, residual_std=0.5329, mf_abs_mean=0.9448, mf_std=0.5329, gate_mean=0.9990, gate_std=0.0032, irt_abs_mean=1.7394, irt_std=1.0707, delta_abs_mean=0.9445, delta_std=0.5332, delta_over_irt=0.5430, graph_row_entropy=0.7647, graph_entropy_ratio=0.1589, alpha_mean=0.0000, alpha_std=0.0000, personal_row_entropy=0.0000
2026-03-13 05:17:03,534 - INFO - [assist_09|assist_09_abce_best_no_E|lr=0.0003|drop=0.20] [Diag][Graph] Epoch [021] | entropy_ratio=0.1589, diag_mass=0.0000, to_uniform_l2=0.076553, to_identity_l2=0.118560, tau_mean=0.3918, tau_std=0.0039, graph_reg_scale(train/val)=1.0000/1.0000
2026-03-13 05:17:03,534 - WARNING - [assist_09|assist_09_abce_best_no_E|lr=0.0003|drop=0.20] [Diag Warning][M3] gate_mean has stayed high for 20 epoch(s): gate_mean=0.9990, gate_std=0.0032
2026-03-13 05:17:03,534 - WARNING - [assist_09|assist_09_abce_best_no_E|lr=0.0003|drop=0.20] [Diag Warning][M3] delta_over_irt has stayed high for 19 epoch(s): delta_over_irt=0.5430, delta_abs_mean=0.9445
2026-03-13 05:17:03,534 - INFO - [assist_09|assist_09_abce_best_no_E|lr=0.0003|drop=0.20] [Grad Norms] Epoch [021] | mf_u_proj=0.065485, mf_v_proj=0.068281, fusion_gate=0.000031, q_gate_raw=0.000516, skill_latent=0.222508, relation_emb=8.045977e-03, relation_tau=3.939478e-04, relation_wq=3.805410e-04, relation_wk=1.068708e-04, personal_u=0.000000e+00, personal_v=0.000000e+00
2026-03-13 05:17:03,534 - INFO - [assist_09|assist_09_abce_best_no_E|lr=0.0003|drop=0.20] -> No improvement 1 epoch(s) (best AUC=0.7946 @ 20)
2026-03-13 05:17:56,931 - INFO - [assist_09|assist_09_abce_best_no_E|lr=0.0003|drop=0.20] Epoch [022/100] | Train: Loss=0.2300, BCE=0.2290, Reg=0.0010, AUC=0.9789, ACC=0.9261, RMSE=0.2513 | Val: Loss=0.5378, BCE=0.5368, Reg=0.0009, AUC=0.7943, ACC=0.7522, RMSE=0.4164
2026-03-13 05:17:56,931 - INFO - [assist_09|assist_09_abce_best_no_E|lr=0.0003|drop=0.20] [Reg Terms] Epoch [022] | Train: graph_entropy=0.000000, graph_diag=0.000000, graph_uniform=0.000931, graph_reg_scale=1.0000, mf_l2=0.000038, proto_div=0.000000, proto_usage=0.000001, personal_sparse=0.000000, alpha_var=0.000000, reg_bce_ratio=0.0042 | Val: graph_entropy=0.000000, graph_diag=0.000000, graph_uniform=0.000906, graph_reg_scale=1.0000, mf_l2=0.000039, proto_div=0.000000, proto_usage=0.000001, personal_sparse=0.000000, alpha_var=0.000000, reg_bce_ratio=0.0018
2026-03-13 05:17:57,211 - INFO - [assist_09|assist_09_abce_best_no_E|lr=0.0003|drop=0.20] [Diag][M3] Epoch [022] | residual_abs_mean=0.9584, residual_std=0.5298, mf_abs_mean=0.9584, mf_std=0.5298, gate_mean=0.9989, gate_std=0.0040, irt_abs_mean=1.7405, irt_std=1.0743, delta_abs_mean=0.9581, delta_std=0.5300, delta_over_irt=0.5504, graph_row_entropy=0.7219, graph_entropy_ratio=0.1500, alpha_mean=0.0000, alpha_std=0.0000, personal_row_entropy=0.0000
2026-03-13 05:17:57,212 - INFO - [assist_09|assist_09_abce_best_no_E|lr=0.0003|drop=0.20] [Diag][Graph] Epoch [022] | entropy_ratio=0.1500, diag_mass=0.0000, to_uniform_l2=0.077359, to_identity_l2=0.119082, tau_mean=0.3910, tau_std=0.0038, graph_reg_scale(train/val)=1.0000/1.0000
2026-03-13 05:17:57,212 - WARNING - [assist_09|assist_09_abce_best_no_E|lr=0.0003|drop=0.20] [Diag Warning][M3] gate_mean has stayed high for 21 epoch(s): gate_mean=0.9989, gate_std=0.0040
2026-03-13 05:17:57,212 - WARNING - [assist_09|assist_09_abce_best_no_E|lr=0.0003|drop=0.20] [Diag Warning][M3] delta_over_irt has stayed high for 20 epoch(s): delta_over_irt=0.5504, delta_abs_mean=0.9581
2026-03-13 05:17:57,212 - INFO - [assist_09|assist_09_abce_best_no_E|lr=0.0003|drop=0.20] [Grad Norms] Epoch [022] | mf_u_proj=0.043320, mf_v_proj=0.044818, fusion_gate=0.000022, q_gate_raw=0.000766, skill_latent=0.151556, relation_emb=5.993769e-03, relation_tau=1.438411e-03, relation_wq=4.140488e-04, relation_wk=3.859503e-04, personal_u=0.000000e+00, personal_v=0.000000e+00
2026-03-13 05:17:57,212 - INFO - [assist_09|assist_09_abce_best_no_E|lr=0.0003|drop=0.20] -> No improvement 2 epoch(s) (best AUC=0.7946 @ 20)
2026-03-13 05:18:49,302 - INFO - [assist_09|assist_09_abce_best_no_E|lr=0.0003|drop=0.20] Epoch [023/100] | Train: Loss=0.2289, BCE=0.2279, Reg=0.0010, AUC=0.9790, ACC=0.9262, RMSE=0.2506 | Val: Loss=0.5369, BCE=0.5359, Reg=0.0010, AUC=0.7942, ACC=0.7518, RMSE=0.4163
2026-03-13 05:18:49,303 - INFO - [assist_09|assist_09_abce_best_no_E|lr=0.0003|drop=0.20] [Reg Terms] Epoch [023] | Train: graph_entropy=0.000000, graph_diag=0.000000, graph_uniform=0.000932, graph_reg_scale=1.0000, mf_l2=0.000039, proto_div=0.000000, proto_usage=0.000001, personal_sparse=0.000000, alpha_var=0.000000, reg_bce_ratio=0.0043 | Val: graph_entropy=0.000000, graph_diag=0.000000, graph_uniform=0.000954, graph_reg_scale=1.0000, mf_l2=0.000039, proto_div=0.000000, proto_usage=0.000001, personal_sparse=0.000000, alpha_var=0.000000, reg_bce_ratio=0.0019
2026-03-13 05:18:49,588 - INFO - [assist_09|assist_09_abce_best_no_E|lr=0.0003|drop=0.20] [Diag][M3] Epoch [023] | residual_abs_mean=0.9774, residual_std=0.5313, mf_abs_mean=0.9774, mf_std=0.5313, gate_mean=0.9990, gate_std=0.0031, irt_abs_mean=1.7036, irt_std=1.0687, delta_abs_mean=0.9770, delta_std=0.5316, delta_over_irt=0.5735, graph_row_entropy=0.7868, graph_entropy_ratio=0.1635, alpha_mean=0.0000, alpha_std=0.0000, personal_row_entropy=0.0000
2026-03-13 05:18:49,589 - INFO - [assist_09|assist_09_abce_best_no_E|lr=0.0003|drop=0.20] [Diag][Graph] Epoch [023] | entropy_ratio=0.1635, diag_mass=0.0000, to_uniform_l2=0.076146, to_identity_l2=0.118298, tau_mean=0.3908, tau_std=0.0039, graph_reg_scale(train/val)=1.0000/1.0000
2026-03-13 05:18:49,589 - WARNING - [assist_09|assist_09_abce_best_no_E|lr=0.0003|drop=0.20] [Diag Warning][M3] gate_mean has stayed high for 22 epoch(s): gate_mean=0.9990, gate_std=0.0031
2026-03-13 05:18:49,589 - WARNING - [assist_09|assist_09_abce_best_no_E|lr=0.0003|drop=0.20] [Diag Warning][M3] delta_over_irt has stayed high for 21 epoch(s): delta_over_irt=0.5735, delta_abs_mean=0.9770
2026-03-13 05:18:49,589 - INFO - [assist_09|assist_09_abce_best_no_E|lr=0.0003|drop=0.20] [Grad Norms] Epoch [023] | mf_u_proj=0.072693, mf_v_proj=0.073741, fusion_gate=0.000015, q_gate_raw=0.003296, skill_latent=0.267990, relation_emb=6.624802e-03, relation_tau=5.600653e-04, relation_wq=3.971016e-04, relation_wk=1.387146e-04, personal_u=0.000000e+00, personal_v=0.000000e+00
2026-03-13 05:18:49,589 - INFO - [assist_09|assist_09_abce_best_no_E|lr=0.0003|drop=0.20] -> No improvement 3 epoch(s) (best AUC=0.7946 @ 20)
2026-03-13 05:18:49,589 - INFO - [assist_09|assist_09_abce_best_no_E|lr=0.0003|drop=0.20] Early stopping at epoch 23 (best AUC=0.7946 @ 20)
2026-03-13 05:18:49,607 - INFO - Epoch-wise metrics saved to checkpoints/abce_diag/abce_rescue_v1/assist_09/seed42/best_no_E/metrics_history.csv
2026-03-13 05:18:49,611 - INFO - [assist_09|assist_09_abce_best_no_E|lr=0.0003|drop=0.20] Training completed! Best Val AUC=0.7946 @ epoch 20
2026-03-13 05:18:49,907 - INFO - 
============================================================
         MODULE ACTIVITY REPORT
============================================================
Dataset: assist_09 | Seed: 42 | Epoch: 23

1. Soft Prototype Module:
   - Usage entropy: 1.372 / 1.386
   - Usage ratio: 99.0%
   - Prototype distribution: ['0.24', '0.31', '0.25', '0.20']
   - Status: ✓ ACTIVE

2. Concept Graph Module:
   - Mean row entropy: 0.787 / 4.812
   - Entropy ratio: 16.4%
   - Status: ✓ ACTIVE (learning meaningful structure)

3. Personal Graph Module:
   - Status: DISABLED (use_personal_graph=False)

4. Skill/MF Module:
   - MF logit |mean|: 0.9471
   - MF logit std: 1.0314
   - Fusion gate mean: 0.999
   - Status: ✓ ACTIVE (contributing to predictions)

------------------------------------------------------------
SUMMARY:
   Active modules: Soft Prototype, Concept Graph, Skill/MF
   All enabled modules are functioning properly!
============================================================
2026-03-13 05:18:49,908 - INFO - [assist_09|assist_09_abce_best_no_E|lr=0.0003|drop=0.20] Module activity saved to checkpoints/abce_diag/abce_rescue_v1/assist_09/seed42/best_no_E/module_activity.json
2026-03-13 05:18:49,987 - INFO - Using device: cuda:0 (physical gpu 3)
2026-03-13 05:18:49,987 - INFO - Loading model from checkpoints/abce_diag/abce_rescue_v1/assist_09/seed42/best_no_E/best_model.pth...
2026-03-13 05:18:50,517 - INFO - Inference switches: ablate_module1=False, ablate_module2=False, ablate_module3=False | enable_module1=True, enable_module2=True, enable_module3=True | use_soft_prototype=True, use_mf_branch=True, use_concept_graph=True, use_q_aligned_residual=True, use_soft_prototype_main_path=True | effective(num_gnn_layers=1, num_prototypes=4)
2026-03-13 05:18:50,551 - INFO - [Inference] Ablation runtime check: args(ablate_module1=False,ablate_module2=False,ablate_module3=False) | model(enable_module1=True,enable_module2=True,enable_module3=True) | physical(has_knowledge_encoder=True,has_mf_branch=True,has_soft_prototype=True)
2026-03-13 05:18:50,552 - INFO - [Inference] [Module3 Init] fusion_gate_bias=-0.9000, fusion_gate_max=1.0000, implied_gate=0.2891, q_gate=0.5000, mf_scale=0.2500, bias_scale=0.2500, graph_tau_mean=1.0055, graph_tau_std=0.0000, graph_dropout=0.000
2026-03-13 05:18:50,553 - INFO - Model loaded from epoch 20. Start testing...
2026-03-13 05:18:51,998 - INFO - [Test] 200/411 batches done, samples=25600
2026-03-13 05:18:53,403 - INFO - [Test] 400/411 batches done, samples=51200
2026-03-13 05:18:53,547 - INFO - 
==================================================
2026-03-13 05:18:53,548 - INFO - Test Results:
2026-03-13 05:18:53,548 - INFO - AUC: 0.7939
2026-03-13 05:18:53,548 - INFO - ACC: 0.7526
2026-03-13 05:18:53,548 - INFO - RMSE: 0.4159
2026-03-13 05:18:53,548 - INFO - ==================================================
2026-03-13 05:18:53,568 - INFO - Summary appended to /home/zsh/ConceptSkillCDM/results/experiment_results.csv
2026-03-13 05:18:53,574 - INFO - Run completed.
2026-03-13 05:18:53,574 - INFO - Best validation AUC: 0.7946 at epoch 20
2026-03-13 05:18:53,574 - INFO - Test metrics - AUC: 0.7939, ACC: 0.7526, RMSE: 0.4159
