2026-02-11 06:00:08,534 - INFO - Arguments:
2026-02-11 06:00:08,534 - INFO -   ablate_concept_graph: False
2026-02-11 06:00:08,534 - INFO -   ablate_module1: False
2026-02-11 06:00:08,534 - INFO -   ablate_module2: False
2026-02-11 06:00:08,534 - INFO -   ablate_module3: False
2026-02-11 06:00:08,534 - INFO -   ablate_skill_encoder: False
2026-02-11 06:00:08,534 - INFO -   ablate_soft_prototype: True
2026-02-11 06:00:08,534 - INFO -   allow_self_loop: True
2026-02-11 06:00:08,534 - INFO -   batch_size: 128
2026-02-11 06:00:08,534 - INFO -   data_dir: ./data/assist_09
2026-02-11 06:00:08,534 - INFO -   dataset_name: assist_09
2026-02-11 06:00:08,534 - INFO -   debug_module3_diag: True
2026-02-11 06:00:08,534 - INFO -   diag_batches: 2
2026-02-11 06:00:08,534 - INFO -   disable_q_aligned_residual: False
2026-02-11 06:00:08,534 - INFO -   disable_q_conditioning: False
2026-02-11 06:00:08,534 - INFO -   disable_self_loop: False
2026-02-11 06:00:08,534 - INFO -   disable_soft_prototype: True
2026-02-11 06:00:08,534 - INFO -   dropout: 0.2
2026-02-11 06:00:08,534 - INFO -   early_stop_patience: 3
2026-02-11 06:00:08,534 - INFO -   enable_module1: True
2026-02-11 06:00:08,534 - INFO -   enable_module2: True
2026-02-11 06:00:08,534 - INFO -   enable_module3: True
2026-02-11 06:00:08,534 - INFO -   enable_soft_prototype: False
2026-02-11 06:00:08,534 - INFO -   epochs: 30
2026-02-11 06:00:08,535 - INFO -   exercise_dim: 64
2026-02-11 06:00:08,535 - INFO -   exercise_l2_lambda: 5e-05
2026-02-11 06:00:08,535 - INFO -   fusion_gate_bias_init: -2.5
2026-02-11 06:00:08,535 - INFO -   fusion_gate_max: 0.4
2026-02-11 06:00:08,535 - INFO -   generate_diagnosis: False
2026-02-11 06:00:08,535 - INFO -   gnn_residual_weight: 0.5
2026-02-11 06:00:08,535 - INFO -   gpu_candidates: None
2026-02-11 06:00:08,535 - INFO -   gpu_ids: None
2026-02-11 06:00:08,535 - INFO -   gpu_memory_threshold: 2000
2026-02-11 06:00:08,535 - INFO -   gpus: None
2026-02-11 06:00:08,535 - INFO -   graph_topk: None
2026-02-11 06:00:08,535 - INFO -   knowledge_dim: 64
2026-02-11 06:00:08,535 - INFO -   lambda_alpha: 0.01
2026-02-11 06:00:08,535 - INFO -   lambda_proto_div: 0.0
2026-02-11 06:00:08,535 - INFO -   lambda_proto_usage: 0.0
2026-02-11 06:00:08,535 - INFO -   lambda_sparse: 0.1
2026-02-11 06:00:08,535 - INFO -   lambda_sparse_personal: 0.005
2026-02-11 06:00:08,535 - INFO -   learning_rate: 0.0003
2026-02-11 06:00:08,535 - INFO -   log_dir: logs/assist_09_m3grid/seed42/s0p1_c2p5_full
2026-02-11 06:00:08,535 - INFO -   min_exer_interactions: 0
2026-02-11 06:00:08,535 - INFO -   min_poison_count: 0
2026-02-11 06:00:08,535 - INFO -   min_stu_interactions: 15
2026-02-11 06:00:08,535 - INFO -   model_variant: assist_09_m3grid_s0p1_c2p5_full
2026-02-11 06:00:08,535 - INFO -   multi_gpu: False
2026-02-11 06:00:08,535 - INFO -   no_cuda: False
2026-02-11 06:00:08,535 - INFO -   num_gnn_layers: 1
2026-02-11 06:00:08,535 - INFO -   num_gpus: 1
2026-02-11 06:00:08,535 - INFO -   num_prototypes: 0
2026-02-11 06:00:08,535 - INFO -   num_relation_heads: 2
2026-02-11 06:00:08,535 - INFO -   num_workers: 4
2026-02-11 06:00:08,536 - INFO -   patience: 5
2026-02-11 06:00:08,536 - INFO -   personal_rank: 4
2026-02-11 06:00:08,536 - INFO -   proto_lambda: 0.0
2026-02-11 06:00:08,536 - INFO -   proto_tau: 1.0
2026-02-11 06:00:08,536 - INFO -   residual_clip_t: 2.5
2026-02-11 06:00:08,536 - INFO -   save_dir: checkpoints/assist_09_m3grid/seed42/s0p1_c2p5_full
2026-02-11 06:00:08,536 - INFO -   save_interval: 10
2026-02-11 06:00:08,536 - INFO -   seed: 42
2026-02-11 06:00:08,536 - INFO -   skill_dim: 128
2026-02-11 06:00:08,536 - INFO -   use_concept_graph: True
2026-02-11 06:00:08,536 - INFO -   use_exercise_graph: True
2026-02-11 06:00:08,536 - INFO -   use_mf_branch: True
2026-02-11 06:00:08,536 - INFO -   use_personal_graph: True
2026-02-11 06:00:08,536 - INFO -   use_q_aligned_residual: True
2026-02-11 06:00:08,536 - INFO -   use_q_conditioning: True
2026-02-11 06:00:08,536 - INFO -   use_skill_encoder: True
2026-02-11 06:00:08,536 - INFO -   use_soft_prototype: False
2026-02-11 06:00:08,536 - INFO -   use_soft_prototype_main_path: False
2026-02-11 06:00:08,536 - INFO -   weight_decay: 1e-05
2026-02-11 06:00:08,631 - INFO - Using device: cuda:0
2026-02-11 06:00:08,632 - INFO - [assist_09|assist_09_m3grid_s0p1_c2p5_full|lr=0.0003|drop=0.20] Loading datasets...
2026-02-11 06:00:08,632 - INFO - [assist_09|assist_09_m3grid_s0p1_c2p5_full|lr=0.0003|drop=0.20] Regularization: graph_entropy(lambda_sparse)=0.100000, proto_div=0.000000, proto_usage=0.000000, personal_sparse=0.005000, alpha_penalty=0.010000, mf_l2(exercise_l2_lambda)=0.000050
2026-02-11 06:00:08,744 - INFO - [数据清洗] 学生交互次数 < 15 次的学生：共移除 0 个学生（仅统计用户数）
2026-02-11 06:00:08,761 - INFO - [数据清洗] 学生冷启动过滤：在 train/valid/test 中共删除 0 条记录。
2026-02-11 06:00:08,761 - INFO - [数据清洗] 跳过题目冷门过滤（min_exer_interactions <= 0）。
2026-02-11 06:00:08,761 - INFO - [数据清洗] 跳过毒题清洗（min_poison_count <= 0）。
2026-02-11 06:00:20,373 - INFO - [assist_09|assist_09_m3grid_s0p1_c2p5_full|lr=0.0003|drop=0.20] Train samples: 194489, Val samples: 20385
2026-02-11 06:00:20,373 - INFO - [assist_09|assist_09_m3grid_s0p1_c2p5_full|lr=0.0003|drop=0.20] Number of students: 2493
2026-02-11 06:00:20,373 - INFO - [assist_09|assist_09_m3grid_s0p1_c2p5_full|lr=0.0003|drop=0.20] Number of exercises: 17676
2026-02-11 06:00:20,373 - INFO - [assist_09|assist_09_m3grid_s0p1_c2p5_full|lr=0.0003|drop=0.20] Number of concepts: 123
2026-02-11 06:00:20,373 - INFO - [assist_09|assist_09_m3grid_s0p1_c2p5_full|lr=0.0003|drop=0.20] Creating model...
2026-02-11 06:00:20,373 - INFO - [assist_09|assist_09_m3grid_s0p1_c2p5_full|lr=0.0003|drop=0.20] Ablation switches: ablate_module1=False, ablate_module2=False, ablate_module3=False | enable_module1=True, enable_module2=True, enable_module3=True | use_soft_prototype=False, use_mf_branch=True, use_concept_graph=True, use_q_aligned_residual=True, use_soft_prototype_main_path=False | effective(num_gnn_layers=1, num_prototypes=0)
2026-02-11 06:00:20,541 - INFO - [assist_09|assist_09_m3grid_s0p1_c2p5_full|lr=0.0003|drop=0.20] Ablation runtime check: args(ablate_module1=False,ablate_module2=False,ablate_module3=False) | model(enable_module1=True,enable_module2=True,enable_module3=True) | physical(has_knowledge_encoder=True,has_mf_branch=True,has_soft_prototype=False)
2026-02-11 06:00:20,541 - INFO - [assist_09|assist_09_m3grid_s0p1_c2p5_full|lr=0.0003|drop=0.20] Debug diagnostics enabled: diag_batches=2
2026-02-11 06:00:20,541 - INFO - [assist_09|assist_09_m3grid_s0p1_c2p5_full|lr=0.0003|drop=0.20] Total parameters: 652,399
2026-02-11 06:00:20,541 - INFO - [assist_09|assist_09_m3grid_s0p1_c2p5_full|lr=0.0003|drop=0.20] Trainable parameters: 652,399
2026-02-11 06:00:21,486 - INFO - [assist_09|assist_09_m3grid_s0p1_c2p5_full|lr=0.0003|drop=0.20] Starting training...
2026-02-11 06:00:52,562 - INFO - [assist_09|assist_09_m3grid_s0p1_c2p5_full|lr=0.0003|drop=0.20] Epoch [001/30] | Train: Loss=1.0579, BCE=0.5881, Reg=0.4698, AUC=0.6892, ACC=0.6946, RMSE=0.4483 | Val: Loss=1.0496, BCE=0.5649, Reg=0.4847, AUC=0.7303, ACC=0.7133, RMSE=0.4371
2026-02-11 06:00:52,563 - INFO - [assist_09|assist_09_m3grid_s0p1_c2p5_full|lr=0.0003|drop=0.20] [Reg Terms] Epoch [001] | Train: graph_entropy=0.458806, mf_l2=0.000002, proto_div=0.000000, proto_usage=0.000000, personal_sparse=0.012749, alpha_var=-0.001768, reg_bce_ratio=0.7989 | Val: graph_entropy=0.481218, mf_l2=0.000004, proto_div=0.000000, proto_usage=0.000000, personal_sparse=0.005014, alpha_var=-0.001528, reg_bce_ratio=0.8581
2026-02-11 06:00:52,767 - INFO - [assist_09|assist_09_m3grid_s0p1_c2p5_full|lr=0.0003|drop=0.20] [Diag][M3] Epoch [001] | residual_abs_mean=0.1929, residual_std=0.1271, mf_abs_mean=0.1929, mf_std=0.1271, gate_mean=0.0601, gate_std=0.0095, irt_abs_mean=1.3082, irt_std=0.5746, delta_abs_mean=0.0119, delta_std=0.0088, delta_over_irt=0.0091, graph_row_entropy=4.8122, graph_entropy_ratio=1.0000, alpha_mean=0.1609, alpha_std=0.3661, personal_row_entropy=0.6482
2026-02-11 06:00:52,768 - INFO - [assist_09|assist_09_m3grid_s0p1_c2p5_full|lr=0.0003|drop=0.20] [Grad Norms] Epoch [001] | mf_u_proj=0.001746, mf_v_proj=0.001822, fusion_gate=0.000553, q_gate_raw=0.000066, skill_latent=0.009931
2026-02-11 06:00:52,994 - INFO - [assist_09|assist_09_m3grid_s0p1_c2p5_full|lr=0.0003|drop=0.20] -> New best AUC=0.7303 at epoch 1
2026-02-11 06:01:26,125 - INFO - [assist_09|assist_09_m3grid_s0p1_c2p5_full|lr=0.0003|drop=0.20] Epoch [002/30] | Train: Loss=1.0084, BCE=0.5480, Reg=0.4603, AUC=0.7480, ACC=0.7243, RMSE=0.4291 | Val: Loss=1.0435, BCE=0.5608, Reg=0.4826, AUC=0.7360, ACC=0.7135, RMSE=0.4354
2026-02-11 06:01:26,125 - INFO - [assist_09|assist_09_m3grid_s0p1_c2p5_full|lr=0.0003|drop=0.20] [Reg Terms] Epoch [002] | Train: graph_entropy=0.458799, mf_l2=0.000011, proto_div=0.000000, proto_usage=0.000000, personal_sparse=0.003847, alpha_var=-0.002322, reg_bce_ratio=0.8400 | Val: graph_entropy=0.481218, mf_l2=0.000016, proto_div=0.000000, proto_usage=0.000000, personal_sparse=0.003031, alpha_var=-0.001619, reg_bce_ratio=0.8606
2026-02-11 06:01:26,326 - INFO - [assist_09|assist_09_m3grid_s0p1_c2p5_full|lr=0.0003|drop=0.20] [Diag][M3] Epoch [002] | residual_abs_mean=0.2842, residual_std=0.1932, mf_abs_mean=0.2842, mf_std=0.1932, gate_mean=0.1217, gate_std=0.0355, irt_abs_mean=1.3251, irt_std=0.5874, delta_abs_mean=0.0364, delta_std=0.0317, delta_over_irt=0.0275, graph_row_entropy=4.8122, graph_entropy_ratio=1.0000, alpha_mean=0.1738, alpha_std=0.3754, personal_row_entropy=0.5279
2026-02-11 06:01:26,327 - INFO - [assist_09|assist_09_m3grid_s0p1_c2p5_full|lr=0.0003|drop=0.20] [Grad Norms] Epoch [002] | mf_u_proj=0.003966, mf_v_proj=0.004294, fusion_gate=0.001579, q_gate_raw=0.000603, skill_latent=0.020292
2026-02-11 06:01:26,701 - INFO - [assist_09|assist_09_m3grid_s0p1_c2p5_full|lr=0.0003|drop=0.20] -> New best AUC=0.7360 at epoch 2
2026-02-11 06:01:57,314 - INFO - [assist_09|assist_09_m3grid_s0p1_c2p5_full|lr=0.0003|drop=0.20] Epoch [003/30] | Train: Loss=0.9926, BCE=0.5336, Reg=0.4590, AUC=0.7656, ACC=0.7327, RMSE=0.4226 | Val: Loss=1.0409, BCE=0.5592, Reg=0.4817, AUC=0.7409, ACC=0.7178, RMSE=0.4345
2026-02-11 06:01:57,314 - INFO - [assist_09|assist_09_m3grid_s0p1_c2p5_full|lr=0.0003|drop=0.20] [Reg Terms] Epoch [003] | Train: graph_entropy=0.458793, mf_l2=0.000026, proto_div=0.000000, proto_usage=0.000000, personal_sparse=0.002536, alpha_var=-0.002369, reg_bce_ratio=0.8602 | Val: graph_entropy=0.481218, mf_l2=0.000032, proto_div=0.000000, proto_usage=0.000000, personal_sparse=0.002049, alpha_var=-0.001610, reg_bce_ratio=0.8614
2026-02-11 06:01:57,592 - INFO - [assist_09|assist_09_m3grid_s0p1_c2p5_full|lr=0.0003|drop=0.20] [Diag][M3] Epoch [003] | residual_abs_mean=0.3625, residual_std=0.2490, mf_abs_mean=0.3625, mf_std=0.2490, gate_mean=0.2134, gate_std=0.0670, irt_abs_mean=1.4058, irt_std=0.6058, delta_abs_mean=0.0817, delta_std=0.0738, delta_over_irt=0.0581, graph_row_entropy=4.8122, graph_entropy_ratio=1.0000, alpha_mean=0.1961, alpha_std=0.3947, personal_row_entropy=0.3589
2026-02-11 06:01:57,592 - INFO - [assist_09|assist_09_m3grid_s0p1_c2p5_full|lr=0.0003|drop=0.20] [Grad Norms] Epoch [003] | mf_u_proj=0.007374, mf_v_proj=0.007108, fusion_gate=0.005968, q_gate_raw=0.001868, skill_latent=0.031404
2026-02-11 06:01:57,909 - INFO - [assist_09|assist_09_m3grid_s0p1_c2p5_full|lr=0.0003|drop=0.20] -> New best AUC=0.7409 at epoch 3
2026-02-11 06:02:27,897 - INFO - [assist_09|assist_09_m3grid_s0p1_c2p5_full|lr=0.0003|drop=0.20] Epoch [004/30] | Train: Loss=0.9798, BCE=0.5215, Reg=0.4583, AUC=0.7804, ACC=0.7383, RMSE=0.4172 | Val: Loss=1.0372, BCE=0.5559, Reg=0.4813, AUC=0.7445, ACC=0.7204, RMSE=0.4330
2026-02-11 06:02:27,897 - INFO - [assist_09|assist_09_m3grid_s0p1_c2p5_full|lr=0.0003|drop=0.20] [Reg Terms] Epoch [004] | Train: graph_entropy=0.458790, mf_l2=0.000044, proto_div=0.000000, proto_usage=0.000000, personal_sparse=0.001894, alpha_var=-0.002384, reg_bce_ratio=0.8790 | Val: graph_entropy=0.481218, mf_l2=0.000050, proto_div=0.000000, proto_usage=0.000000, personal_sparse=0.001633, alpha_var=-0.001609, reg_bce_ratio=0.8658
2026-02-11 06:02:28,105 - INFO - [assist_09|assist_09_m3grid_s0p1_c2p5_full|lr=0.0003|drop=0.20] [Diag][M3] Epoch [004] | residual_abs_mean=0.4155, residual_std=0.2976, mf_abs_mean=0.4155, mf_std=0.2976, gate_mean=0.2799, gate_std=0.0800, irt_abs_mean=1.3720, irt_std=0.6086, delta_abs_mean=0.1214, delta_std=0.1056, delta_over_irt=0.0885, graph_row_entropy=4.8122, graph_entropy_ratio=1.0000, alpha_mean=0.1951, alpha_std=0.3948, personal_row_entropy=0.5145
2026-02-11 06:02:28,105 - INFO - [assist_09|assist_09_m3grid_s0p1_c2p5_full|lr=0.0003|drop=0.20] [Grad Norms] Epoch [004] | mf_u_proj=0.014769, mf_v_proj=0.014445, fusion_gate=0.004289, q_gate_raw=0.001920, skill_latent=0.054781
2026-02-11 06:02:28,440 - INFO - [assist_09|assist_09_m3grid_s0p1_c2p5_full|lr=0.0003|drop=0.20] -> New best AUC=0.7445 at epoch 4
2026-02-11 06:03:00,004 - INFO - [assist_09|assist_09_m3grid_s0p1_c2p5_full|lr=0.0003|drop=0.20] Epoch [005/30] | Train: Loss=0.9676, BCE=0.5096, Reg=0.4580, AUC=0.7945, ACC=0.7433, RMSE=0.4120 | Val: Loss=1.0323, BCE=0.5513, Reg=0.4810, AUC=0.7500, ACC=0.7218, RMSE=0.4306
2026-02-11 06:03:00,004 - INFO - [assist_09|assist_09_m3grid_s0p1_c2p5_full|lr=0.0003|drop=0.20] [Reg Terms] Epoch [005] | Train: graph_entropy=0.458800, mf_l2=0.000062, proto_div=0.000000, proto_usage=0.000000, personal_sparse=0.001536, alpha_var=-0.002388, reg_bce_ratio=0.8988 | Val: graph_entropy=0.481218, mf_l2=0.000068, proto_div=0.000000, proto_usage=0.000000, personal_sparse=0.001349, alpha_var=-0.001621, reg_bce_ratio=0.8725
2026-02-11 06:03:00,327 - INFO - [assist_09|assist_09_m3grid_s0p1_c2p5_full|lr=0.0003|drop=0.20] [Diag][M3] Epoch [005] | residual_abs_mean=0.4745, residual_std=0.3381, mf_abs_mean=0.4745, mf_std=0.3381, gate_mean=0.3167, gate_std=0.0839, irt_abs_mean=1.3431, irt_std=0.6301, delta_abs_mean=0.1550, delta_std=0.1282, delta_over_irt=0.1154, graph_row_entropy=4.8122, graph_entropy_ratio=1.0000, alpha_mean=0.1959, alpha_std=0.3957, personal_row_entropy=0.2562
2026-02-11 06:03:00,328 - INFO - [assist_09|assist_09_m3grid_s0p1_c2p5_full|lr=0.0003|drop=0.20] [Grad Norms] Epoch [005] | mf_u_proj=0.025912, mf_v_proj=0.023602, fusion_gate=0.003464, q_gate_raw=0.002905, skill_latent=0.098188
2026-02-11 06:03:00,703 - INFO - [assist_09|assist_09_m3grid_s0p1_c2p5_full|lr=0.0003|drop=0.20] -> New best AUC=0.7500 at epoch 5
2026-02-11 06:03:34,473 - INFO - [assist_09|assist_09_m3grid_s0p1_c2p5_full|lr=0.0003|drop=0.20] Epoch [006/30] | Train: Loss=0.9569, BCE=0.4991, Reg=0.4578, AUC=0.8064, ACC=0.7489, RMSE=0.4073 | Val: Loss=1.0304, BCE=0.5496, Reg=0.4808, AUC=0.7536, ACC=0.7249, RMSE=0.4297
2026-02-11 06:03:34,474 - INFO - [assist_09|assist_09_m3grid_s0p1_c2p5_full|lr=0.0003|drop=0.20] [Reg Terms] Epoch [006] | Train: graph_entropy=0.458800, mf_l2=0.000079, proto_div=0.000000, proto_usage=0.000000, personal_sparse=0.001267, alpha_var=-0.002392, reg_bce_ratio=0.9171 | Val: graph_entropy=0.481218, mf_l2=0.000086, proto_div=0.000000, proto_usage=0.000000, personal_sparse=0.001113, alpha_var=-0.001615, reg_bce_ratio=0.8748
2026-02-11 06:03:34,767 - INFO - [assist_09|assist_09_m3grid_s0p1_c2p5_full|lr=0.0003|drop=0.20] [Diag][M3] Epoch [006] | residual_abs_mean=0.5324, residual_std=0.3695, mf_abs_mean=0.5324, mf_std=0.3695, gate_mean=0.3444, gate_std=0.0808, irt_abs_mean=1.3998, irt_std=0.6440, delta_abs_mean=0.1876, delta_std=0.1465, delta_over_irt=0.1340, graph_row_entropy=4.8122, graph_entropy_ratio=1.0000, alpha_mean=0.1967, alpha_std=0.3955, personal_row_entropy=0.1494
2026-02-11 06:03:34,767 - INFO - [assist_09|assist_09_m3grid_s0p1_c2p5_full|lr=0.0003|drop=0.20] [Grad Norms] Epoch [006] | mf_u_proj=0.023526, mf_v_proj=0.024191, fusion_gate=0.004113, q_gate_raw=0.003130, skill_latent=0.074588
2026-02-11 06:03:35,121 - INFO - [assist_09|assist_09_m3grid_s0p1_c2p5_full|lr=0.0003|drop=0.20] -> New best AUC=0.7536 at epoch 6
2026-02-11 06:04:09,045 - INFO - [assist_09|assist_09_m3grid_s0p1_c2p5_full|lr=0.0003|drop=0.20] Epoch [007/30] | Train: Loss=0.9477, BCE=0.4901, Reg=0.4576, AUC=0.8158, ACC=0.7547, RMSE=0.4031 | Val: Loss=1.0299, BCE=0.5493, Reg=0.4807, AUC=0.7560, ACC=0.7255, RMSE=0.4291
2026-02-11 06:04:09,045 - INFO - [assist_09|assist_09_m3grid_s0p1_c2p5_full|lr=0.0003|drop=0.20] [Reg Terms] Epoch [007] | Train: graph_entropy=0.458797, mf_l2=0.000097, proto_div=0.000000, proto_usage=0.000000, personal_sparse=0.001066, alpha_var=-0.002406, reg_bce_ratio=0.9336 | Val: graph_entropy=0.481218, mf_l2=0.000102, proto_div=0.000000, proto_usage=0.000000, personal_sparse=0.000992, alpha_var=-0.001624, reg_bce_ratio=0.8752
2026-02-11 06:04:09,330 - INFO - [assist_09|assist_09_m3grid_s0p1_c2p5_full|lr=0.0003|drop=0.20] [Diag][M3] Epoch [007] | residual_abs_mean=0.5763, residual_std=0.3930, mf_abs_mean=0.5763, mf_std=0.3930, gate_mean=0.3603, gate_std=0.0782, irt_abs_mean=1.4931, irt_std=0.6855, delta_abs_mean=0.2087, delta_std=0.1559, delta_over_irt=0.1398, graph_row_entropy=4.8122, graph_entropy_ratio=1.0000, alpha_mean=0.1969, alpha_std=0.3952, personal_row_entropy=0.1903
2026-02-11 06:04:09,330 - INFO - [assist_09|assist_09_m3grid_s0p1_c2p5_full|lr=0.0003|drop=0.20] [Grad Norms] Epoch [007] | mf_u_proj=0.037447, mf_v_proj=0.035324, fusion_gate=0.002354, q_gate_raw=0.000555, skill_latent=0.100988
2026-02-11 06:04:09,692 - INFO - [assist_09|assist_09_m3grid_s0p1_c2p5_full|lr=0.0003|drop=0.20] -> New best AUC=0.7560 at epoch 7
2026-02-11 06:04:40,454 - INFO - [assist_09|assist_09_m3grid_s0p1_c2p5_full|lr=0.0003|drop=0.20] Epoch [008/30] | Train: Loss=0.9391, BCE=0.4817, Reg=0.4575, AUC=0.8242, ACC=0.7596, RMSE=0.3992 | Val: Loss=1.0271, BCE=0.5465, Reg=0.4806, AUC=0.7587, ACC=0.7296, RMSE=0.4277
2026-02-11 06:04:40,454 - INFO - [assist_09|assist_09_m3grid_s0p1_c2p5_full|lr=0.0003|drop=0.20] [Reg Terms] Epoch [008] | Train: graph_entropy=0.458796, mf_l2=0.000113, proto_div=0.000000, proto_usage=0.000000, personal_sparse=0.000955, alpha_var=-0.002413, reg_bce_ratio=0.9497 | Val: graph_entropy=0.481218, mf_l2=0.000118, proto_div=0.000000, proto_usage=0.000000, personal_sparse=0.000861, alpha_var=-0.001620, reg_bce_ratio=0.8794
2026-02-11 06:04:40,669 - INFO - [assist_09|assist_09_m3grid_s0p1_c2p5_full|lr=0.0003|drop=0.20] [Diag][M3] Epoch [008] | residual_abs_mean=0.6486, residual_std=0.4207, mf_abs_mean=0.6486, mf_std=0.4207, gate_mean=0.3679, gate_std=0.0753, irt_abs_mean=1.4947, irt_std=0.7205, delta_abs_mean=0.2395, delta_std=0.1684, delta_over_irt=0.1602, graph_row_entropy=4.8122, graph_entropy_ratio=1.0000, alpha_mean=0.1975, alpha_std=0.3951, personal_row_entropy=0.1730
2026-02-11 06:04:40,670 - INFO - [assist_09|assist_09_m3grid_s0p1_c2p5_full|lr=0.0003|drop=0.20] [Grad Norms] Epoch [008] | mf_u_proj=0.035354, mf_v_proj=0.036913, fusion_gate=0.003142, q_gate_raw=0.000134, skill_latent=0.106229
2026-02-11 06:04:41,023 - INFO - [assist_09|assist_09_m3grid_s0p1_c2p5_full|lr=0.0003|drop=0.20] -> New best AUC=0.7587 at epoch 8
2026-02-11 06:05:13,194 - INFO - [assist_09|assist_09_m3grid_s0p1_c2p5_full|lr=0.0003|drop=0.20] Epoch [009/30] | Train: Loss=0.9311, BCE=0.4738, Reg=0.4574, AUC=0.8314, ACC=0.7645, RMSE=0.3955 | Val: Loss=1.0259, BCE=0.5454, Reg=0.4805, AUC=0.7611, ACC=0.7310, RMSE=0.4271
2026-02-11 06:05:13,195 - INFO - [assist_09|assist_09_m3grid_s0p1_c2p5_full|lr=0.0003|drop=0.20] [Reg Terms] Epoch [009] | Train: graph_entropy=0.458797, mf_l2=0.000128, proto_div=0.000000, proto_usage=0.000000, personal_sparse=0.000852, alpha_var=-0.002421, reg_bce_ratio=0.9653 | Val: graph_entropy=0.481218, mf_l2=0.000131, proto_div=0.000000, proto_usage=0.000000, personal_sparse=0.000788, alpha_var=-0.001612, reg_bce_ratio=0.8810
2026-02-11 06:05:13,494 - INFO - [assist_09|assist_09_m3grid_s0p1_c2p5_full|lr=0.0003|drop=0.20] [Diag][M3] Epoch [009] | residual_abs_mean=0.6805, residual_std=0.4606, mf_abs_mean=0.6805, mf_std=0.4606, gate_mean=0.3731, gate_std=0.0742, irt_abs_mean=1.5318, irt_std=0.7180, delta_abs_mean=0.2531, delta_std=0.1841, delta_over_irt=0.1653, graph_row_entropy=4.8122, graph_entropy_ratio=1.0000, alpha_mean=0.1974, alpha_std=0.3953, personal_row_entropy=0.1154
2026-02-11 06:05:13,494 - WARNING - [assist_09|assist_09_m3grid_s0p1_c2p5_full|lr=0.0003|drop=0.20] [Diag Warning][M3] delta_over_irt has stayed high for 2 epoch(s): delta_over_irt=0.1653, delta_abs_mean=0.2531
2026-02-11 06:05:13,494 - INFO - [assist_09|assist_09_m3grid_s0p1_c2p5_full|lr=0.0003|drop=0.20] [Grad Norms] Epoch [009] | mf_u_proj=0.037277, mf_v_proj=0.036777, fusion_gate=0.001258, q_gate_raw=0.001847, skill_latent=0.094756
2026-02-11 06:05:13,864 - INFO - [assist_09|assist_09_m3grid_s0p1_c2p5_full|lr=0.0003|drop=0.20] -> New best AUC=0.7611 at epoch 9
2026-02-11 06:05:48,713 - INFO - [assist_09|assist_09_m3grid_s0p1_c2p5_full|lr=0.0003|drop=0.20] Epoch [010/30] | Train: Loss=0.9248, BCE=0.4675, Reg=0.4573, AUC=0.8369, ACC=0.7684, RMSE=0.3925 | Val: Loss=1.0270, BCE=0.5465, Reg=0.4805, AUC=0.7623, ACC=0.7303, RMSE=0.4272
2026-02-11 06:05:48,713 - INFO - [assist_09|assist_09_m3grid_s0p1_c2p5_full|lr=0.0003|drop=0.20] [Reg Terms] Epoch [010] | Train: graph_entropy=0.458805, mf_l2=0.000140, proto_div=0.000000, proto_usage=0.000000, personal_sparse=0.000781, alpha_var=-0.002416, reg_bce_ratio=0.9781 | Val: graph_entropy=0.481218, mf_l2=0.000143, proto_div=0.000000, proto_usage=0.000000, personal_sparse=0.000709, alpha_var=-0.001607, reg_bce_ratio=0.8791
2026-02-11 06:05:48,998 - INFO - [assist_09|assist_09_m3grid_s0p1_c2p5_full|lr=0.0003|drop=0.20] [Diag][M3] Epoch [010] | residual_abs_mean=0.7524, residual_std=0.4749, mf_abs_mean=0.7524, mf_std=0.4749, gate_mean=0.3758, gate_std=0.0737, irt_abs_mean=1.6397, irt_std=0.7434, delta_abs_mean=0.2828, delta_std=0.1923, delta_over_irt=0.1725, graph_row_entropy=4.8122, graph_entropy_ratio=1.0000, alpha_mean=0.1973, alpha_std=0.3954, personal_row_entropy=0.1556
2026-02-11 06:05:48,999 - WARNING - [assist_09|assist_09_m3grid_s0p1_c2p5_full|lr=0.0003|drop=0.20] [Diag Warning][M3] delta_over_irt has stayed high for 3 epoch(s): delta_over_irt=0.1725, delta_abs_mean=0.2828
2026-02-11 06:05:48,999 - INFO - [assist_09|assist_09_m3grid_s0p1_c2p5_full|lr=0.0003|drop=0.20] [Grad Norms] Epoch [010] | mf_u_proj=0.039604, mf_v_proj=0.043114, fusion_gate=0.004871, q_gate_raw=0.001445, skill_latent=0.105277
2026-02-11 06:05:49,360 - INFO - [assist_09|assist_09_m3grid_s0p1_c2p5_full|lr=0.0003|drop=0.20] -> New best AUC=0.7623 at epoch 10
2026-02-11 06:05:49,422 - INFO - [assist_09|assist_09_m3grid_s0p1_c2p5_full|lr=0.0003|drop=0.20] Checkpoint saved: checkpoints/assist_09_m3grid/seed42/s0p1_c2p5_full/checkpoint_epoch_10.pth
2026-02-11 06:05:49,673 - INFO - [assist_09|assist_09_m3grid_s0p1_c2p5_full|lr=0.0003|drop=0.20] [Module Activity] Epoch 10: Graph✗ Personal✓ MF✓
2026-02-11 06:06:22,477 - INFO - [assist_09|assist_09_m3grid_s0p1_c2p5_full|lr=0.0003|drop=0.20] Epoch [011/30] | Train: Loss=0.9184, BCE=0.4612, Reg=0.4572, AUC=0.8419, ACC=0.7725, RMSE=0.3896 | Val: Loss=1.0238, BCE=0.5433, Reg=0.4805, AUC=0.7643, ACC=0.7318, RMSE=0.4255
2026-02-11 06:06:22,477 - INFO - [assist_09|assist_09_m3grid_s0p1_c2p5_full|lr=0.0003|drop=0.20] [Reg Terms] Epoch [011] | Train: graph_entropy=0.458785, mf_l2=0.000153, proto_div=0.000000, proto_usage=0.000000, personal_sparse=0.000715, alpha_var=-0.002420, reg_bce_ratio=0.9914 | Val: graph_entropy=0.481218, mf_l2=0.000154, proto_div=0.000000, proto_usage=0.000000, personal_sparse=0.000690, alpha_var=-0.001604, reg_bce_ratio=0.8843
2026-02-11 06:06:22,682 - INFO - [assist_09|assist_09_m3grid_s0p1_c2p5_full|lr=0.0003|drop=0.20] [Diag][M3] Epoch [011] | residual_abs_mean=0.7897, residual_std=0.5109, mf_abs_mean=0.7897, mf_std=0.5109, gate_mean=0.3764, gate_std=0.0724, irt_abs_mean=1.5415, irt_std=0.7472, delta_abs_mean=0.2981, delta_std=0.2059, delta_over_irt=0.1934, graph_row_entropy=4.8122, graph_entropy_ratio=1.0000, alpha_mean=0.1965, alpha_std=0.3957, personal_row_entropy=0.0902
2026-02-11 06:06:22,683 - WARNING - [assist_09|assist_09_m3grid_s0p1_c2p5_full|lr=0.0003|drop=0.20] [Diag Warning][M3] delta_over_irt has stayed high for 4 epoch(s): delta_over_irt=0.1934, delta_abs_mean=0.2981
2026-02-11 06:06:22,683 - INFO - [assist_09|assist_09_m3grid_s0p1_c2p5_full|lr=0.0003|drop=0.20] [Grad Norms] Epoch [011] | mf_u_proj=0.035115, mf_v_proj=0.035853, fusion_gate=0.000592, q_gate_raw=0.000289, skill_latent=0.094006
2026-02-11 06:06:23,016 - INFO - [assist_09|assist_09_m3grid_s0p1_c2p5_full|lr=0.0003|drop=0.20] -> New best AUC=0.7643 at epoch 11
2026-02-11 06:06:57,812 - INFO - [assist_09|assist_09_m3grid_s0p1_c2p5_full|lr=0.0003|drop=0.20] Epoch [012/30] | Train: Loss=0.9138, BCE=0.4566, Reg=0.4572, AUC=0.8455, ACC=0.7763, RMSE=0.3874 | Val: Loss=1.0241, BCE=0.5436, Reg=0.4804, AUC=0.7652, ACC=0.7313, RMSE=0.4256
2026-02-11 06:06:57,813 - INFO - [assist_09|assist_09_m3grid_s0p1_c2p5_full|lr=0.0003|drop=0.20] [Reg Terms] Epoch [012] | Train: graph_entropy=0.458799, mf_l2=0.000163, proto_div=0.000000, proto_usage=0.000000, personal_sparse=0.000669, alpha_var=-0.002422, reg_bce_ratio=1.0014 | Val: graph_entropy=0.481218, mf_l2=0.000164, proto_div=0.000000, proto_usage=0.000000, personal_sparse=0.000628, alpha_var=-0.001600, reg_bce_ratio=0.8837
2026-02-11 06:06:58,029 - INFO - [assist_09|assist_09_m3grid_s0p1_c2p5_full|lr=0.0003|drop=0.20] [Diag][M3] Epoch [012] | residual_abs_mean=0.8329, residual_std=0.5374, mf_abs_mean=0.8329, mf_std=0.5374, gate_mean=0.3791, gate_std=0.0686, irt_abs_mean=1.5861, irt_std=0.7757, delta_abs_mean=0.3167, delta_std=0.2165, delta_over_irt=0.1997, graph_row_entropy=4.8122, graph_entropy_ratio=1.0000, alpha_mean=0.1980, alpha_std=0.3949, personal_row_entropy=0.1036
2026-02-11 06:06:58,029 - WARNING - [assist_09|assist_09_m3grid_s0p1_c2p5_full|lr=0.0003|drop=0.20] [Diag Warning][M3] delta_over_irt has stayed high for 5 epoch(s): delta_over_irt=0.1997, delta_abs_mean=0.3167
2026-02-11 06:06:58,029 - INFO - [assist_09|assist_09_m3grid_s0p1_c2p5_full|lr=0.0003|drop=0.20] [Grad Norms] Epoch [012] | mf_u_proj=0.049146, mf_v_proj=0.051242, fusion_gate=0.000908, q_gate_raw=0.001192, skill_latent=0.133338
2026-02-11 06:06:58,349 - INFO - [assist_09|assist_09_m3grid_s0p1_c2p5_full|lr=0.0003|drop=0.20] -> New best AUC=0.7652 at epoch 12
2026-02-11 06:07:33,743 - INFO - [assist_09|assist_09_m3grid_s0p1_c2p5_full|lr=0.0003|drop=0.20] Epoch [013/30] | Train: Loss=0.9094, BCE=0.4522, Reg=0.4572, AUC=0.8487, ACC=0.7777, RMSE=0.3854 | Val: Loss=1.0227, BCE=0.5424, Reg=0.4804, AUC=0.7660, ACC=0.7334, RMSE=0.4251
2026-02-11 06:07:33,744 - INFO - [assist_09|assist_09_m3grid_s0p1_c2p5_full|lr=0.0003|drop=0.20] [Reg Terms] Epoch [013] | Train: graph_entropy=0.458795, mf_l2=0.000173, proto_div=0.000000, proto_usage=0.000000, personal_sparse=0.000628, alpha_var=-0.002424, reg_bce_ratio=1.0109 | Val: graph_entropy=0.481218, mf_l2=0.000173, proto_div=0.000000, proto_usage=0.000000, personal_sparse=0.000571, alpha_var=-0.001601, reg_bce_ratio=0.8856
2026-02-11 06:07:34,023 - INFO - [assist_09|assist_09_m3grid_s0p1_c2p5_full|lr=0.0003|drop=0.20] [Diag][M3] Epoch [013] | residual_abs_mean=0.8869, residual_std=0.5513, mf_abs_mean=0.8869, mf_std=0.5513, gate_mean=0.3812, gate_std=0.0645, irt_abs_mean=1.5703, irt_std=0.8001, delta_abs_mean=0.3386, delta_std=0.2219, delta_over_irt=0.2156, graph_row_entropy=4.8122, graph_entropy_ratio=1.0000, alpha_mean=0.1978, alpha_std=0.3949, personal_row_entropy=0.1368
2026-02-11 06:07:34,024 - WARNING - [assist_09|assist_09_m3grid_s0p1_c2p5_full|lr=0.0003|drop=0.20] [Diag Warning][M3] delta_over_irt has stayed high for 6 epoch(s): delta_over_irt=0.2156, delta_abs_mean=0.3386
2026-02-11 06:07:34,024 - INFO - [assist_09|assist_09_m3grid_s0p1_c2p5_full|lr=0.0003|drop=0.20] [Grad Norms] Epoch [013] | mf_u_proj=0.047694, mf_v_proj=0.046455, fusion_gate=0.000330, q_gate_raw=0.000186, skill_latent=0.114132
2026-02-11 06:07:34,336 - INFO - [assist_09|assist_09_m3grid_s0p1_c2p5_full|lr=0.0003|drop=0.20] -> New best AUC=0.7660 at epoch 13
2026-02-11 06:08:12,092 - INFO - [assist_09|assist_09_m3grid_s0p1_c2p5_full|lr=0.0003|drop=0.20] Epoch [014/30] | Train: Loss=0.9058, BCE=0.4487, Reg=0.4572, AUC=0.8514, ACC=0.7796, RMSE=0.3838 | Val: Loss=1.0261, BCE=0.5457, Reg=0.4803, AUC=0.7652, ACC=0.7323, RMSE=0.4259
2026-02-11 06:08:12,092 - INFO - [assist_09|assist_09_m3grid_s0p1_c2p5_full|lr=0.0003|drop=0.20] [Reg Terms] Epoch [014] | Train: graph_entropy=0.458811, mf_l2=0.000181, proto_div=0.000000, proto_usage=0.000000, personal_sparse=0.000576, alpha_var=-0.002419, reg_bce_ratio=1.0189 | Val: graph_entropy=0.481218, mf_l2=0.000183, proto_div=0.000000, proto_usage=0.000000, personal_sparse=0.000534, alpha_var=-0.001613, reg_bce_ratio=0.8801
2026-02-11 06:08:12,296 - INFO - [assist_09|assist_09_m3grid_s0p1_c2p5_full|lr=0.0003|drop=0.20] [Diag][M3] Epoch [014] | residual_abs_mean=0.9423, residual_std=0.5579, mf_abs_mean=0.9423, mf_std=0.5579, gate_mean=0.3820, gate_std=0.0634, irt_abs_mean=1.6119, irt_std=0.7976, delta_abs_mean=0.3603, delta_std=0.2249, delta_over_irt=0.2235, graph_row_entropy=4.8122, graph_entropy_ratio=1.0000, alpha_mean=0.2013, alpha_std=0.3935, personal_row_entropy=0.0830
2026-02-11 06:08:12,296 - WARNING - [assist_09|assist_09_m3grid_s0p1_c2p5_full|lr=0.0003|drop=0.20] [Diag Warning][M3] delta_over_irt has stayed high for 7 epoch(s): delta_over_irt=0.2235, delta_abs_mean=0.3603
2026-02-11 06:08:12,296 - INFO - [assist_09|assist_09_m3grid_s0p1_c2p5_full|lr=0.0003|drop=0.20] [Grad Norms] Epoch [014] | mf_u_proj=0.050682, mf_v_proj=0.050660, fusion_gate=0.001531, q_gate_raw=0.003187, skill_latent=0.121629
2026-02-11 06:08:12,296 - INFO - [assist_09|assist_09_m3grid_s0p1_c2p5_full|lr=0.0003|drop=0.20] -> No improvement 1 epoch(s) (best AUC=0.7660 @ 13)
2026-02-11 06:08:50,774 - INFO - [assist_09|assist_09_m3grid_s0p1_c2p5_full|lr=0.0003|drop=0.20] Epoch [015/30] | Train: Loss=0.9018, BCE=0.4447, Reg=0.4571, AUC=0.8545, ACC=0.7820, RMSE=0.3819 | Val: Loss=1.0249, BCE=0.5446, Reg=0.4803, AUC=0.7670, ACC=0.7318, RMSE=0.4252
2026-02-11 06:08:50,775 - INFO - [assist_09|assist_09_m3grid_s0p1_c2p5_full|lr=0.0003|drop=0.20] [Reg Terms] Epoch [015] | Train: graph_entropy=0.458801, mf_l2=0.000192, proto_div=0.000000, proto_usage=0.000000, personal_sparse=0.000537, alpha_var=-0.002429, reg_bce_ratio=1.0279 | Val: graph_entropy=0.481218, mf_l2=0.000193, proto_div=0.000000, proto_usage=0.000000, personal_sparse=0.000526, alpha_var=-0.001604, reg_bce_ratio=0.8820
2026-02-11 06:08:50,975 - INFO - [assist_09|assist_09_m3grid_s0p1_c2p5_full|lr=0.0003|drop=0.20] [Diag][M3] Epoch [015] | residual_abs_mean=0.9665, residual_std=0.5944, mf_abs_mean=0.9665, mf_std=0.5944, gate_mean=0.3833, gate_std=0.0608, irt_abs_mean=1.6273, irt_std=0.8308, delta_abs_mean=0.3714, delta_std=0.2400, delta_over_irt=0.2282, graph_row_entropy=4.8122, graph_entropy_ratio=1.0000, alpha_mean=0.1979, alpha_std=0.3941, personal_row_entropy=0.1041
2026-02-11 06:08:50,975 - WARNING - [assist_09|assist_09_m3grid_s0p1_c2p5_full|lr=0.0003|drop=0.20] [Diag Warning][M3] delta_over_irt has stayed high for 8 epoch(s): delta_over_irt=0.2282, delta_abs_mean=0.3714
2026-02-11 06:08:50,975 - INFO - [assist_09|assist_09_m3grid_s0p1_c2p5_full|lr=0.0003|drop=0.20] [Grad Norms] Epoch [015] | mf_u_proj=0.052261, mf_v_proj=0.052616, fusion_gate=0.001066, q_gate_raw=0.000292, skill_latent=0.130553
2026-02-11 06:08:51,293 - INFO - [assist_09|assist_09_m3grid_s0p1_c2p5_full|lr=0.0003|drop=0.20] -> New best AUC=0.7670 at epoch 15
2026-02-11 06:09:28,578 - INFO - [assist_09|assist_09_m3grid_s0p1_c2p5_full|lr=0.0003|drop=0.20] Epoch [016/30] | Train: Loss=0.8989, BCE=0.4418, Reg=0.4571, AUC=0.8562, ACC=0.7834, RMSE=0.3806 | Val: Loss=1.0267, BCE=0.5463, Reg=0.4803, AUC=0.7671, ACC=0.7314, RMSE=0.4257
2026-02-11 06:09:28,579 - INFO - [assist_09|assist_09_m3grid_s0p1_c2p5_full|lr=0.0003|drop=0.20] [Reg Terms] Epoch [016] | Train: graph_entropy=0.458794, mf_l2=0.000202, proto_div=0.000000, proto_usage=0.000000, personal_sparse=0.000529, alpha_var=-0.002429, reg_bce_ratio=1.0346 | Val: graph_entropy=0.481218, mf_l2=0.000203, proto_div=0.000000, proto_usage=0.000000, personal_sparse=0.000499, alpha_var=-0.001600, reg_bce_ratio=0.8792
2026-02-11 06:09:28,783 - INFO - [assist_09|assist_09_m3grid_s0p1_c2p5_full|lr=0.0003|drop=0.20] [Diag][M3] Epoch [016] | residual_abs_mean=1.0204, residual_std=0.6139, mf_abs_mean=1.0204, mf_std=0.6139, gate_mean=0.3834, gate_std=0.0600, irt_abs_mean=1.6621, irt_std=0.8418, delta_abs_mean=0.3936, delta_std=0.2483, delta_over_irt=0.2368, graph_row_entropy=4.8122, graph_entropy_ratio=1.0000, alpha_mean=0.1968, alpha_std=0.3937, personal_row_entropy=0.0958
2026-02-11 06:09:28,783 - WARNING - [assist_09|assist_09_m3grid_s0p1_c2p5_full|lr=0.0003|drop=0.20] [Diag Warning][M3] delta_over_irt has stayed high for 9 epoch(s): delta_over_irt=0.2368, delta_abs_mean=0.3936
2026-02-11 06:09:28,783 - INFO - [assist_09|assist_09_m3grid_s0p1_c2p5_full|lr=0.0003|drop=0.20] [Grad Norms] Epoch [016] | mf_u_proj=0.052189, mf_v_proj=0.055254, fusion_gate=0.001871, q_gate_raw=0.001273, skill_latent=0.131759
2026-02-11 06:09:29,112 - INFO - [assist_09|assist_09_m3grid_s0p1_c2p5_full|lr=0.0003|drop=0.20] -> New best AUC=0.7671 at epoch 16
2026-02-11 06:10:06,607 - INFO - [assist_09|assist_09_m3grid_s0p1_c2p5_full|lr=0.0003|drop=0.20] Epoch [017/30] | Train: Loss=0.8959, BCE=0.4388, Reg=0.4571, AUC=0.8584, ACC=0.7864, RMSE=0.3791 | Val: Loss=1.0274, BCE=0.5471, Reg=0.4803, AUC=0.7680, ACC=0.7335, RMSE=0.4254
2026-02-11 06:10:06,607 - INFO - [assist_09|assist_09_m3grid_s0p1_c2p5_full|lr=0.0003|drop=0.20] [Reg Terms] Epoch [017] | Train: graph_entropy=0.458801, mf_l2=0.000212, proto_div=0.000000, proto_usage=0.000000, personal_sparse=0.000502, alpha_var=-0.002425, reg_bce_ratio=1.0416 | Val: graph_entropy=0.481218, mf_l2=0.000214, proto_div=0.000000, proto_usage=0.000000, personal_sparse=0.000475, alpha_var=-0.001604, reg_bce_ratio=0.8779
2026-02-11 06:10:06,809 - INFO - [assist_09|assist_09_m3grid_s0p1_c2p5_full|lr=0.0003|drop=0.20] [Diag][M3] Epoch [017] | residual_abs_mean=1.0515, residual_std=0.6448, mf_abs_mean=1.0515, mf_std=0.6448, gate_mean=0.3876, gate_std=0.0488, irt_abs_mean=1.6832, irt_std=0.8760, delta_abs_mean=0.4079, delta_std=0.2584, delta_over_irt=0.2424, graph_row_entropy=4.8122, graph_entropy_ratio=1.0000, alpha_mean=0.1970, alpha_std=0.3949, personal_row_entropy=0.1224
2026-02-11 06:10:06,809 - WARNING - [assist_09|assist_09_m3grid_s0p1_c2p5_full|lr=0.0003|drop=0.20] [Diag Warning][M3] delta_over_irt has stayed high for 10 epoch(s): delta_over_irt=0.2424, delta_abs_mean=0.4079
2026-02-11 06:10:06,809 - INFO - [assist_09|assist_09_m3grid_s0p1_c2p5_full|lr=0.0003|drop=0.20] [Grad Norms] Epoch [017] | mf_u_proj=0.049319, mf_v_proj=0.053534, fusion_gate=0.003392, q_gate_raw=0.000374, skill_latent=0.114940
2026-02-11 06:10:07,160 - INFO - [assist_09|assist_09_m3grid_s0p1_c2p5_full|lr=0.0003|drop=0.20] -> New best AUC=0.7680 at epoch 17
2026-02-11 06:10:46,085 - INFO - [assist_09|assist_09_m3grid_s0p1_c2p5_full|lr=0.0003|drop=0.20] Epoch [018/30] | Train: Loss=0.8936, BCE=0.4365, Reg=0.4571, AUC=0.8599, ACC=0.7871, RMSE=0.3780 | Val: Loss=1.0268, BCE=0.5465, Reg=0.4803, AUC=0.7675, ACC=0.7320, RMSE=0.4255
2026-02-11 06:10:46,086 - INFO - [assist_09|assist_09_m3grid_s0p1_c2p5_full|lr=0.0003|drop=0.20] [Reg Terms] Epoch [018] | Train: graph_entropy=0.458805, mf_l2=0.000221, proto_div=0.000000, proto_usage=0.000000, personal_sparse=0.000505, alpha_var=-0.002425, reg_bce_ratio=1.0471 | Val: graph_entropy=0.481218, mf_l2=0.000219, proto_div=0.000000, proto_usage=0.000000, personal_sparse=0.000471, alpha_var=-0.001584, reg_bce_ratio=0.8789
2026-02-11 06:10:46,301 - INFO - [assist_09|assist_09_m3grid_s0p1_c2p5_full|lr=0.0003|drop=0.20] [Diag][M3] Epoch [018] | residual_abs_mean=1.1028, residual_std=0.6503, mf_abs_mean=1.1028, mf_std=0.6503, gate_mean=0.3884, gate_std=0.0445, irt_abs_mean=1.6077, irt_std=0.8561, delta_abs_mean=0.4283, delta_std=0.2606, delta_over_irt=0.2664, graph_row_entropy=4.8122, graph_entropy_ratio=1.0000, alpha_mean=0.1991, alpha_std=0.3945, personal_row_entropy=0.0818
2026-02-11 06:10:46,301 - WARNING - [assist_09|assist_09_m3grid_s0p1_c2p5_full|lr=0.0003|drop=0.20] [Diag Warning][M3] delta_over_irt has stayed high for 11 epoch(s): delta_over_irt=0.2664, delta_abs_mean=0.4283
2026-02-11 06:10:46,302 - INFO - [assist_09|assist_09_m3grid_s0p1_c2p5_full|lr=0.0003|drop=0.20] [Grad Norms] Epoch [018] | mf_u_proj=0.052772, mf_v_proj=0.057365, fusion_gate=0.001139, q_gate_raw=0.000484, skill_latent=0.123161
2026-02-11 06:10:46,302 - INFO - [assist_09|assist_09_m3grid_s0p1_c2p5_full|lr=0.0003|drop=0.20] -> No improvement 1 epoch(s) (best AUC=0.7680 @ 17)
2026-02-11 06:11:23,654 - INFO - [assist_09|assist_09_m3grid_s0p1_c2p5_full|lr=0.0003|drop=0.20] Epoch [019/30] | Train: Loss=0.8906, BCE=0.4335, Reg=0.4571, AUC=0.8619, ACC=0.7890, RMSE=0.3767 | Val: Loss=1.0301, BCE=0.5498, Reg=0.4803, AUC=0.7670, ACC=0.7335, RMSE=0.4261
2026-02-11 06:11:23,655 - INFO - [assist_09|assist_09_m3grid_s0p1_c2p5_full|lr=0.0003|drop=0.20] [Reg Terms] Epoch [019] | Train: graph_entropy=0.458802, mf_l2=0.000227, proto_div=0.000000, proto_usage=0.000000, personal_sparse=0.000493, alpha_var=-0.002426, reg_bce_ratio=1.0544 | Val: graph_entropy=0.481218, mf_l2=0.000227, proto_div=0.000000, proto_usage=0.000000, personal_sparse=0.000479, alpha_var=-0.001592, reg_bce_ratio=0.8737
2026-02-11 06:11:23,948 - INFO - [assist_09|assist_09_m3grid_s0p1_c2p5_full|lr=0.0003|drop=0.20] [Diag][M3] Epoch [019] | residual_abs_mean=1.1446, residual_std=0.6701, mf_abs_mean=1.1446, mf_std=0.6701, gate_mean=0.3895, gate_std=0.0445, irt_abs_mean=1.6902, irt_std=0.8980, delta_abs_mean=0.4471, delta_std=0.2691, delta_over_irt=0.2645, graph_row_entropy=4.8122, graph_entropy_ratio=1.0000, alpha_mean=0.1977, alpha_std=0.3948, personal_row_entropy=0.0803
2026-02-11 06:11:23,948 - WARNING - [assist_09|assist_09_m3grid_s0p1_c2p5_full|lr=0.0003|drop=0.20] [Diag Warning][M3] delta_over_irt has stayed high for 12 epoch(s): delta_over_irt=0.2645, delta_abs_mean=0.4471
2026-02-11 06:11:23,948 - INFO - [assist_09|assist_09_m3grid_s0p1_c2p5_full|lr=0.0003|drop=0.20] [Grad Norms] Epoch [019] | mf_u_proj=0.040737, mf_v_proj=0.044317, fusion_gate=0.005057, q_gate_raw=0.001368, skill_latent=0.124828
2026-02-11 06:11:23,949 - INFO - [assist_09|assist_09_m3grid_s0p1_c2p5_full|lr=0.0003|drop=0.20] -> No improvement 2 epoch(s) (best AUC=0.7680 @ 17)
2026-02-11 06:11:59,690 - INFO - [assist_09|assist_09_m3grid_s0p1_c2p5_full|lr=0.0003|drop=0.20] Epoch [020/30] | Train: Loss=0.8822, BCE=0.4252, Reg=0.4571, AUC=0.8686, ACC=0.7941, RMSE=0.3724 | Val: Loss=1.0326, BCE=0.5523, Reg=0.4803, AUC=0.7667, ACC=0.7324, RMSE=0.4268
2026-02-11 06:11:59,690 - INFO - [assist_09|assist_09_m3grid_s0p1_c2p5_full|lr=0.0003|drop=0.20] [Reg Terms] Epoch [020] | Train: graph_entropy=0.458792, mf_l2=0.000234, proto_div=0.000000, proto_usage=0.000000, personal_sparse=0.000451, alpha_var=-0.002426, reg_bce_ratio=1.0750 | Val: graph_entropy=0.481218, mf_l2=0.000239, proto_div=0.000000, proto_usage=0.000000, personal_sparse=0.000407, alpha_var=-0.001594, reg_bce_ratio=0.8695
2026-02-11 06:11:59,871 - INFO - [assist_09|assist_09_m3grid_s0p1_c2p5_full|lr=0.0003|drop=0.20] [Diag][M3] Epoch [020] | residual_abs_mean=1.1627, residual_std=0.6806, mf_abs_mean=1.1627, mf_std=0.6806, gate_mean=0.3893, gate_std=0.0447, irt_abs_mean=1.7120, irt_std=0.9266, delta_abs_mean=0.4538, delta_std=0.2734, delta_over_irt=0.2651, graph_row_entropy=4.8122, graph_entropy_ratio=1.0000, alpha_mean=0.1988, alpha_std=0.3943, personal_row_entropy=0.0721
2026-02-11 06:11:59,872 - WARNING - [assist_09|assist_09_m3grid_s0p1_c2p5_full|lr=0.0003|drop=0.20] [Diag Warning][M3] delta_over_irt has stayed high for 13 epoch(s): delta_over_irt=0.2651, delta_abs_mean=0.4538
2026-02-11 06:11:59,872 - INFO - [assist_09|assist_09_m3grid_s0p1_c2p5_full|lr=0.0003|drop=0.20] [Grad Norms] Epoch [020] | mf_u_proj=0.058182, mf_v_proj=0.063144, fusion_gate=0.007951, q_gate_raw=0.000529, skill_latent=0.141610
2026-02-11 06:11:59,872 - INFO - [assist_09|assist_09_m3grid_s0p1_c2p5_full|lr=0.0003|drop=0.20] -> No improvement 3 epoch(s) (best AUC=0.7680 @ 17)
2026-02-11 06:11:59,872 - INFO - [assist_09|assist_09_m3grid_s0p1_c2p5_full|lr=0.0003|drop=0.20] Early stopping at epoch 20 (best AUC=0.7680 @ 17)
2026-02-11 06:11:59,879 - INFO - Epoch-wise metrics saved to checkpoints/assist_09_m3grid/seed42/s0p1_c2p5_full/metrics_history.csv
2026-02-11 06:11:59,881 - INFO - [assist_09|assist_09_m3grid_s0p1_c2p5_full|lr=0.0003|drop=0.20] Training completed! Best Val AUC=0.7680 @ epoch 17
2026-02-11 06:12:00,060 - INFO - 
============================================================
         MODULE ACTIVITY REPORT
============================================================
Dataset: assist_09 | Seed: 42 | Epoch: 20

1. Soft Prototype Module:
   - Status: DISABLED (num_prototypes=0 or use_soft_prototype=False)

2. Concept Graph Module:
   - Mean row entropy: 4.812 / 4.812
   - Entropy ratio: 100.0%
   - Status: ✗ TRIVIAL (uniform distribution, not learning)
   → Consider: increase lambda_sparse or training longer

3. Personal Graph Module:
   - Gate alpha mean: 0.255
   - Gate alpha std: 0.432
   - Status: ✓ ACTIVE (using personalization)

4. Skill/MF Module:
   - MF logit |mean|: 1.1407
   - MF logit std: 1.2833
   - Fusion gate mean: 0.392
   - Status: ✓ ACTIVE (contributing to predictions)

------------------------------------------------------------
SUMMARY:
   Active modules: Personal Graph, Skill/MF
   ⚠ Inactive modules: Concept Graph
============================================================
2026-02-11 06:12:00,061 - INFO - [assist_09|assist_09_m3grid_s0p1_c2p5_full|lr=0.0003|drop=0.20] Module activity saved to checkpoints/assist_09_m3grid/seed42/s0p1_c2p5_full/module_activity.json
2026-02-11 06:12:00,119 - INFO - Using device: cuda:0
2026-02-11 06:12:00,120 - INFO - Loading model from checkpoints/assist_09_m3grid/seed42/s0p1_c2p5_full/best_model.pth...
2026-02-11 06:12:00,597 - INFO - Inference switches: ablate_module1=False, ablate_module2=False, ablate_module3=False | enable_module1=True, enable_module2=True, enable_module3=True | use_soft_prototype=False, use_mf_branch=True, use_concept_graph=True, use_q_aligned_residual=True, use_soft_prototype_main_path=False | effective(num_gnn_layers=1, num_prototypes=0)
2026-02-11 06:12:00,611 - INFO - [Inference] Ablation runtime check: args(ablate_module1=False,ablate_module2=False,ablate_module3=False) | model(enable_module1=True,enable_module2=True,enable_module3=True) | physical(has_knowledge_encoder=True,has_mf_branch=True,has_soft_prototype=False)
2026-02-11 06:12:00,612 - INFO - Model loaded from epoch 17. Start testing...
2026-02-11 06:12:01,581 - INFO - [Test] 200/411 batches done, samples=25600
2026-02-11 06:12:02,366 - INFO - [Test] 400/411 batches done, samples=51200
2026-02-11 06:12:02,464 - INFO - 
==================================================
2026-02-11 06:12:02,464 - INFO - Test Results:
2026-02-11 06:12:02,464 - INFO - AUC: 0.7709
2026-02-11 06:12:02,465 - INFO - ACC: 0.7371
2026-02-11 06:12:02,465 - INFO - RMSE: 0.4229
2026-02-11 06:12:02,465 - INFO - ==================================================
2026-02-11 06:12:02,480 - INFO - Summary appended to /home/zsh/ConceptSkillCDM/results/experiment_results.csv
2026-02-11 06:12:02,485 - INFO - Run completed.
2026-02-11 06:12:02,485 - INFO - Best validation AUC: 0.7680 at epoch 17
2026-02-11 06:12:02,485 - INFO - Test metrics - AUC: 0.7709, ACC: 0.7371, RMSE: 0.4229
