2026-01-15 07:16:26,814 - INFO - Arguments:
2026-01-15 07:16:26,815 - INFO -   ablate_concept_graph: False
2026-01-15 07:16:26,815 - INFO -   ablate_module1: False
2026-01-15 07:16:26,815 - INFO -   ablate_module2: False
2026-01-15 07:16:26,815 - INFO -   ablate_module3: False
2026-01-15 07:16:26,815 - INFO -   ablate_skill_encoder: False
2026-01-15 07:16:26,815 - INFO -   ablate_soft_prototype: False
2026-01-15 07:16:26,815 - INFO -   allow_self_loop: True
2026-01-15 07:16:26,815 - INFO -   batch_size: 256
2026-01-15 07:16:26,815 - INFO -   data_dir: ./data/junyi
2026-01-15 07:16:26,815 - INFO -   dataset_name: junyi
2026-01-15 07:16:26,815 - INFO -   disable_q_conditioning: False
2026-01-15 07:16:26,815 - INFO -   disable_self_loop: False
2026-01-15 07:16:26,815 - INFO -   disable_soft_prototype: False
2026-01-15 07:16:26,815 - INFO -   dropout: 0.4
2026-01-15 07:16:26,815 - INFO -   early_stop_patience: 3
2026-01-15 07:16:26,815 - INFO -   enable_module1: True
2026-01-15 07:16:26,815 - INFO -   enable_module2: True
2026-01-15 07:16:26,815 - INFO -   enable_module3: True
2026-01-15 07:16:26,815 - INFO -   epochs: 100
2026-01-15 07:16:26,815 - INFO -   exercise_dim: 128
2026-01-15 07:16:26,816 - INFO -   exercise_l2_lambda: 5e-05
2026-01-15 07:16:26,816 - INFO -   generate_diagnosis: True
2026-01-15 07:16:26,816 - INFO -   gnn_residual_weight: 0.5
2026-01-15 07:16:26,816 - INFO -   gpu_candidates: None
2026-01-15 07:16:26,816 - INFO -   gpu_ids: 3,1,2
2026-01-15 07:16:26,816 - INFO -   graph_topk: None
2026-01-15 07:16:26,816 - INFO -   knowledge_dim: 128
2026-01-15 07:16:26,816 - INFO -   lambda_alpha: 0.3
2026-01-15 07:16:26,816 - INFO -   lambda_proto_div: 0.1
2026-01-15 07:16:26,816 - INFO -   lambda_proto_usage: 0.1
2026-01-15 07:16:26,816 - INFO -   lambda_sparse: 1.0
2026-01-15 07:16:26,816 - INFO -   lambda_sparse_personal: 0.5
2026-01-15 07:16:26,816 - INFO -   learning_rate: 0.003
2026-01-15 07:16:26,816 - INFO -   log_dir: logs/junyi_best_gpd_base
2026-01-15 07:16:26,816 - INFO -   min_exer_interactions: 0
2026-01-15 07:16:26,816 - INFO -   min_poison_count: 0
2026-01-15 07:16:26,816 - INFO -   min_stu_interactions: 15
2026-01-15 07:16:26,816 - INFO -   model_variant: gpd_base
2026-01-15 07:16:26,816 - INFO -   multi_gpu: True
2026-01-15 07:16:26,816 - INFO -   no_cuda: False
2026-01-15 07:16:26,816 - INFO -   num_gnn_layers: 2
2026-01-15 07:16:26,816 - INFO -   num_prototypes: 3
2026-01-15 07:16:26,817 - INFO -   num_relation_heads: 4
2026-01-15 07:16:26,817 - INFO -   num_workers: 4
2026-01-15 07:16:26,817 - INFO -   patience: 5
2026-01-15 07:16:26,817 - INFO -   personal_rank: 4
2026-01-15 07:16:26,817 - INFO -   proto_lambda: 5.0
2026-01-15 07:16:26,817 - INFO -   proto_tau: 1.0
2026-01-15 07:16:26,817 - INFO -   save_dir: checkpoints/junyi_best_gpd_base
2026-01-15 07:16:26,817 - INFO -   save_interval: 10
2026-01-15 07:16:26,817 - INFO -   seed: 42
2026-01-15 07:16:26,817 - INFO -   skill_dim: 64
2026-01-15 07:16:26,817 - INFO -   use_concept_graph: True
2026-01-15 07:16:26,817 - INFO -   use_exercise_graph: True
2026-01-15 07:16:26,817 - INFO -   use_mf_branch: True
2026-01-15 07:16:26,817 - INFO -   use_personal_graph: True
2026-01-15 07:16:26,817 - INFO -   use_q_conditioning: True
2026-01-15 07:16:26,817 - INFO -   use_skill_encoder: True
2026-01-15 07:16:26,817 - INFO -   use_soft_prototype: True
2026-01-15 07:16:26,817 - INFO -   weight_decay: 0.001
2026-01-15 07:16:26,919 - INFO - Using device: cuda:0 (physical gpu 3)
2026-01-15 07:16:26,919 - INFO - [junyi|gpd_base|lr=0.003|drop=0.40] Loading datasets...
2026-01-15 07:16:26,919 - INFO - [junyi|gpd_base|lr=0.003|drop=0.40] Regularization: graph_entropy(lambda_sparse)=1.000000, proto_div=0.100000, proto_usage=0.100000, personal_sparse=0.500000, alpha_penalty=0.300000, mf_l2(exercise_l2_lambda)=0.000050
2026-01-15 07:16:27,060 - INFO - [数据清洗] 学生交互次数 < 15 次的学生：共移除 0 个学生（仅统计用户数）
2026-01-15 07:16:27,084 - INFO - [数据清洗] 学生冷启动过滤：在 train/valid/test 中共删除 0 条记录。
2026-01-15 07:16:27,085 - INFO - [数据清洗] 跳过题目冷门过滤（min_exer_interactions <= 0）。
2026-01-15 07:16:27,085 - INFO - [数据清洗] 跳过毒题清洗（min_poison_count <= 0）。
2026-01-15 07:16:45,473 - INFO - [junyi|gpd_base|lr=0.003|drop=0.40] Train samples: 262473, Val samples: 24299
2026-01-15 07:16:45,473 - INFO - [junyi|gpd_base|lr=0.003|drop=0.40] Number of students: 10000
2026-01-15 07:16:45,473 - INFO - [junyi|gpd_base|lr=0.003|drop=0.40] Number of exercises: 706
2026-01-15 07:16:45,473 - INFO - [junyi|gpd_base|lr=0.003|drop=0.40] Number of concepts: 706
2026-01-15 07:16:45,473 - INFO - [junyi|gpd_base|lr=0.003|drop=0.40] Creating model...
2026-01-15 07:16:45,474 - INFO - [junyi|gpd_base|lr=0.003|drop=0.40] Ablation switches: use_soft_prototype=True, use_mf_branch=True, use_concept_graph=True (effective num_gnn_layers=2, num_prototypes=3)
2026-01-15 07:16:45,861 - INFO - [junyi|gpd_base|lr=0.003|drop=0.40] Multi-GPU enabled: using 3 GPUs
2026-01-15 07:16:45,862 - INFO - [junyi|gpd_base|lr=0.003|drop=0.40] Total parameters: 3,210,219
2026-01-15 07:16:45,862 - INFO - [junyi|gpd_base|lr=0.003|drop=0.40] Trainable parameters: 3,210,219
2026-01-15 07:16:47,503 - INFO - [junyi|gpd_base|lr=0.003|drop=0.40] Starting training...
2026-01-15 07:19:38,789 - INFO - [junyi|gpd_base|lr=0.003|drop=0.40] Epoch [001/100] | Train: Loss=9.8699, BCE=0.5417, Reg=9.3282, AUC=0.7661, ACC=0.7281, RMSE=0.4266 | Val: Loss=10.3598, BCE=0.5196, Reg=9.8402, AUC=0.7849, ACC=0.7483, RMSE=0.4152
2026-01-15 07:19:39,310 - INFO - [junyi|gpd_base|lr=0.003|drop=0.40] -> New best AUC=0.7849 at epoch 1
2026-01-15 07:22:25,994 - INFO - [junyi|gpd_base|lr=0.003|drop=0.40] Epoch [002/100] | Train: Loss=9.8465, BCE=0.5179, Reg=9.3286, AUC=0.7898, ACC=0.7456, RMSE=0.4152 | Val: Loss=10.3482, BCE=0.5083, Reg=9.8399, AUC=0.7987, ACC=0.7571, RMSE=0.4090
2026-01-15 07:22:26,453 - INFO - [junyi|gpd_base|lr=0.003|drop=0.40] -> New best AUC=0.7987 at epoch 2
2026-01-15 07:25:10,882 - INFO - [junyi|gpd_base|lr=0.003|drop=0.40] Epoch [003/100] | Train: Loss=9.8414, BCE=0.5124, Reg=9.3290, AUC=0.7951, ACC=0.7496, RMSE=0.4125 | Val: Loss=10.3467, BCE=0.5059, Reg=9.8408, AUC=0.8013, ACC=0.7604, RMSE=0.4075
2026-01-15 07:25:11,398 - INFO - [junyi|gpd_base|lr=0.003|drop=0.40] -> New best AUC=0.8013 at epoch 3
2026-01-15 07:27:48,237 - INFO - [junyi|gpd_base|lr=0.003|drop=0.40] Epoch [004/100] | Train: Loss=9.8375, BCE=0.5079, Reg=9.3296, AUC=0.7997, ACC=0.7522, RMSE=0.4103 | Val: Loss=10.3390, BCE=0.4981, Reg=9.8409, AUC=0.8067, ACC=0.7627, RMSE=0.4049
2026-01-15 07:27:48,685 - INFO - [junyi|gpd_base|lr=0.003|drop=0.40] -> New best AUC=0.8067 at epoch 4
2026-01-15 07:30:25,032 - INFO - [junyi|gpd_base|lr=0.003|drop=0.40] Epoch [005/100] | Train: Loss=9.8333, BCE=0.5035, Reg=9.3298, AUC=0.8040, ACC=0.7553, RMSE=0.4082 | Val: Loss=10.3419, BCE=0.5010, Reg=9.8409, AUC=0.8082, ACC=0.7621, RMSE=0.4053
2026-01-15 07:30:25,469 - INFO - [junyi|gpd_base|lr=0.003|drop=0.40] -> New best AUC=0.8082 at epoch 5
2026-01-15 07:32:54,192 - INFO - [junyi|gpd_base|lr=0.003|drop=0.40] Epoch [006/100] | Train: Loss=9.8305, BCE=0.5007, Reg=9.3298, AUC=0.8067, ACC=0.7572, RMSE=0.4069 | Val: Loss=10.3352, BCE=0.4942, Reg=9.8410, AUC=0.8091, ACC=0.7657, RMSE=0.4027
2026-01-15 07:32:54,552 - INFO - [junyi|gpd_base|lr=0.003|drop=0.40] -> New best AUC=0.8091 at epoch 6
2026-01-15 07:35:11,666 - INFO - [junyi|gpd_base|lr=0.003|drop=0.40] Epoch [007/100] | Train: Loss=9.8285, BCE=0.4987, Reg=9.3298, AUC=0.8085, ACC=0.7587, RMSE=0.4060 | Val: Loss=10.3304, BCE=0.4895, Reg=9.8409, AUC=0.8123, ACC=0.7671, RMSE=0.4008
2026-01-15 07:35:12,077 - INFO - [junyi|gpd_base|lr=0.003|drop=0.40] -> New best AUC=0.8123 at epoch 7
2026-01-15 07:37:29,874 - INFO - [junyi|gpd_base|lr=0.003|drop=0.40] Epoch [008/100] | Train: Loss=9.8276, BCE=0.4979, Reg=9.3297, AUC=0.8090, ACC=0.7595, RMSE=0.4055 | Val: Loss=10.3311, BCE=0.4903, Reg=9.8408, AUC=0.8113, ACC=0.7667, RMSE=0.4014
2026-01-15 07:37:29,874 - INFO - [junyi|gpd_base|lr=0.003|drop=0.40] -> No improvement 1 epoch(s) (best AUC=0.8123 @ 7)
2026-01-15 07:39:46,844 - INFO - [junyi|gpd_base|lr=0.003|drop=0.40] Epoch [009/100] | Train: Loss=9.8280, BCE=0.4983, Reg=9.3296, AUC=0.8089, ACC=0.7591, RMSE=0.4057 | Val: Loss=10.3331, BCE=0.4922, Reg=9.8409, AUC=0.8114, ACC=0.7694, RMSE=0.4018
2026-01-15 07:39:46,845 - INFO - [junyi|gpd_base|lr=0.003|drop=0.40] -> No improvement 2 epoch(s) (best AUC=0.8123 @ 7)
2026-01-15 07:42:04,783 - INFO - [junyi|gpd_base|lr=0.003|drop=0.40] Epoch [010/100] | Train: Loss=9.8273, BCE=0.4978, Reg=9.3296, AUC=0.8092, ACC=0.7580, RMSE=0.4055 | Val: Loss=10.3336, BCE=0.4929, Reg=9.8408, AUC=0.8105, ACC=0.7666, RMSE=0.4024
2026-01-15 07:42:04,783 - INFO - [junyi|gpd_base|lr=0.003|drop=0.40] -> No improvement 3 epoch(s) (best AUC=0.8123 @ 7)
2026-01-15 07:42:04,783 - INFO - [junyi|gpd_base|lr=0.003|drop=0.40] Early stopping at epoch 10 (best AUC=0.8123 @ 7)
2026-01-15 07:42:04,789 - INFO - Epoch-wise metrics saved to checkpoints/junyi_best_gpd_base/metrics_history.csv
2026-01-15 07:42:04,790 - INFO - [junyi|gpd_base|lr=0.003|drop=0.40] Training completed! Best Val AUC=0.8123 @ epoch 7
2026-01-15 07:42:05,222 - INFO - 
============================================================
         MODULE ACTIVITY REPORT
============================================================
Dataset: junyi | Seed: 42 | Epoch: 10

1. Soft Prototype Module:
   - Usage entropy: 1.036 / 1.099
   - Usage ratio: 94.3%
   - Prototype distribution: ['0.41', '0.18', '0.42']
   - Status: ✓ ACTIVE

2. Concept Graph Module:
   - Mean row entropy: 6.560 / 6.560
   - Entropy ratio: 100.0%
   - Status: ✗ TRIVIAL (uniform distribution, not learning)
   → Consider: increase lambda_sparse or training longer

3. Personal Graph Module:
   - Gate alpha mean: 0.501
   - Gate alpha std: 0.000
   - Status: ⚠ MARGINAL (low alpha values)

4. Skill/MF Module:
   - MF logit |mean|: 0.1631
   - MF logit std: 0.1894
   - Fusion gate mean: 0.302
   - Status: ✓ ACTIVE (contributing to predictions)

------------------------------------------------------------
SUMMARY:
   Active modules: Soft Prototype, Skill/MF
   ⚠ Inactive modules: Concept Graph, Personal Graph
============================================================
2026-01-15 07:42:05,223 - INFO - [junyi|gpd_base|lr=0.003|drop=0.40] Module activity saved to checkpoints/junyi_best_gpd_base/module_activity.json
2026-01-15 07:42:05,341 - INFO - Using device: cuda:2
2026-01-15 07:42:05,341 - INFO - Loading model from checkpoints/junyi_best_gpd_base/best_model.pth...
2026-01-15 07:42:05,860 - INFO - Inference switches: use_soft_prototype=True, use_mf_branch=True, use_concept_graph=True (effective num_gnn_layers=2, num_prototypes=3)
2026-01-15 07:42:05,911 - INFO - Model loaded from epoch 7. Start testing...
2026-01-15 07:42:20,646 - INFO - [Test] 200/262 batches done, samples=51200
2026-01-15 07:42:25,238 - INFO - 
==================================================
2026-01-15 07:42:25,238 - INFO - Test Results:
2026-01-15 07:42:25,238 - INFO - AUC: 0.8153
2026-01-15 07:42:25,238 - INFO - ACC: 0.7588
2026-01-15 07:42:25,238 - INFO - RMSE: 0.4061
2026-01-15 07:42:25,238 - INFO - ==================================================
2026-01-15 07:42:25,246 - INFO - Summary appended to /home/zsh/ConceptSkillCDM/results/experiment_results.csv
2026-01-15 07:42:25,246 - INFO - 
Generating student diagnosis reports...
2026-01-15 07:42:25,264 - INFO - Student diagnosis reports saved to checkpoints/junyi_best_gpd_base/student_diagnosis.json
2026-01-15 07:42:25,278 - INFO - Run completed.
2026-01-15 07:42:25,278 - INFO - Best validation AUC: 0.8123 at epoch 7
2026-01-15 07:42:25,278 - INFO - Test metrics - AUC: 0.8153, ACC: 0.7588, RMSE: 0.4061
2026-01-15 07:42:25,422 - INFO - [数据清洗] 学生交互次数 < 15 次的学生：共移除 0 个学生（仅统计用户数）
2026-01-15 07:42:25,434 - INFO - [数据清洗] 学生冷启动过滤：在 train/valid/test 中共删除 0 条记录。
2026-01-15 07:42:25,435 - INFO - [数据清洗] 跳过题目冷门过滤（min_exer_interactions <= 0）。
2026-01-15 07:42:25,435 - INFO - [数据清洗] 跳过毒题清洗（min_poison_count <= 0）。
2026-01-15 07:42:34,065 - INFO - [Component Analysis] Prototype: (3, 128), similarity: (3, 3)
2026-01-15 07:42:34,070 - INFO - [Component Analysis] Global graph: torch.Size([4, 706, 706])
2026-01-15 07:42:34,787 - INFO - [Component Analysis] Gate alpha samples: 200
2026-01-15 07:42:34,915 - INFO - [Component Analysis] Personal graph samples: (10, 706, 706)
2026-01-15 07:42:35,029 - INFO - [Component Analysis] Data saved to checkpoints/junyi_best_gpd_base/component_analysis_data.npz
2026-01-15 07:42:35,275 - INFO - Generating component analysis visualizations...
2026-01-15 07:42:36,623 - INFO - Visualizations saved to checkpoints/junyi_best_gpd_base
