2026-05-07 17:46:42,848 - INFO - Arguments:
2026-05-07 17:46:42,848 - INFO -   ablate_concept_graph: False
2026-05-07 17:46:42,848 - INFO -   ablate_module1: False
2026-05-07 17:46:42,848 - INFO -   ae_interaction_logit_scale: 0.25
2026-05-07 17:46:42,848 - INFO -   ae_irt_logit_scale: 1.0
2026-05-07 17:46:42,848 - INFO -   ae_logit_dim: 64
2026-05-07 17:46:42,848 - INFO -   ae_logit_residual_clip: 6.0
2026-05-07 17:46:42,848 - INFO -   ae_logit_residual_scale: 0.5
2026-05-07 17:46:42,848 - INFO -   ae_lr_mult: 1.0
2026-05-07 17:46:42,848 - INFO -   ae_posterior_prior_scale: 1.0
2026-05-07 17:46:42,848 - INFO -   ae_query_residual_scale: 0.0
2026-05-07 17:46:42,848 - INFO -   ae_stat_prior_scale: 1.0
2026-05-07 17:46:42,848 - INFO -   allow_self_loop: True
2026-05-07 17:46:42,849 - INFO -   alpha_min_target: 0.0
2026-05-07 17:46:42,849 - INFO -   batch_size: 256
2026-05-07 17:46:42,849 - INFO -   data_dir: ./data/junyi
2026-05-07 17:46:42,849 - INFO -   dataset_name: junyi
2026-05-07 17:46:42,849 - INFO -   debug_graph_diag: True
2026-05-07 17:46:42,849 - INFO -   diag_batches: 1
2026-05-07 17:46:42,849 - INFO -   disable_self_loop: False
2026-05-07 17:46:42,849 - INFO -   dropout: 0.4
2026-05-07 17:46:42,849 - INFO -   early_stop_patience: 3
2026-05-07 17:46:42,849 - INFO -   enable_module1: True
2026-05-07 17:46:42,849 - INFO -   epochs: 100
2026-05-07 17:46:42,849 - INFO -   generate_diagnosis: True
2026-05-07 17:46:42,849 - INFO -   gnn_residual_weight: 0.5
2026-05-07 17:46:42,849 - INFO -   gpu_candidates: None
2026-05-07 17:46:42,849 - INFO -   gpu_ids: None
2026-05-07 17:46:42,849 - INFO -   gpu_memory_threshold: 2000
2026-05-07 17:46:42,849 - INFO -   gpus: None
2026-05-07 17:46:42,849 - INFO -   graph_dropout: 0.0
2026-05-07 17:46:42,849 - INFO -   graph_edge_bias_rank: 8
2026-05-07 17:46:42,849 - INFO -   graph_entropy_max: 0.7
2026-05-07 17:46:42,849 - INFO -   graph_entropy_min: 0.15
2026-05-07 17:46:42,849 - INFO -   graph_headwise_query_gate: True
2026-05-07 17:46:42,849 - INFO -   graph_identity_residual: 0.05
2026-05-07 17:46:42,849 - INFO -   graph_prior_logit_scale: 0.45
2026-05-07 17:46:42,849 - INFO -   graph_propagation_alpha: 0.25
2026-05-07 17:46:42,849 - INFO -   graph_query_adapter_enable: True
2026-05-07 17:46:42,849 - INFO -   graph_query_readout_2hop_scale: 0.12
2026-05-07 17:46:42,849 - INFO -   graph_query_readout_scale: 0.45
2026-05-07 17:46:42,849 - INFO -   graph_reg_cap_ratio: 6.0
2026-05-07 17:46:42,849 - INFO -   graph_reg_warmup_epochs: 2
2026-05-07 17:46:42,849 - INFO -   graph_tau_init: 0.55
2026-05-07 17:46:42,850 - INFO -   graph_topk: 24
2026-05-07 17:46:42,850 - INFO -   graph_uniform_margin: 0.12
2026-05-07 17:46:42,850 - INFO -   knowledge_dim: 128
2026-05-07 17:46:42,850 - INFO -   lambda_alpha: 0.0
2026-05-07 17:46:42,850 - INFO -   lambda_alpha_min: 0.0
2026-05-07 17:46:42,850 - INFO -   lambda_graph_diag: 0.12
2026-05-07 17:46:42,850 - INFO -   lambda_graph_uniform: 0.06
2026-05-07 17:46:42,850 - INFO -   lambda_personal_kl: 0.03
2026-05-07 17:46:42,850 - INFO -   lambda_personal_query_residual: 0.06
2026-05-07 17:46:42,850 - INFO -   lambda_sparse: 0.6
2026-05-07 17:46:42,850 - INFO -   lambda_sparse_personal: 0.0
2026-05-07 17:46:42,850 - INFO -   learning_rate: 0.003
2026-05-07 17:46:42,850 - INFO -   log_dir: logs/abce_diag/ae_reliability_gpu23_20260507_170717/junyi/seed42/best_no_E
2026-05-07 17:46:42,850 - INFO -   max_test_batches: None
2026-05-07 17:46:42,850 - INFO -   max_train_batches: None
2026-05-07 17:46:42,850 - INFO -   max_val_batches: None
2026-05-07 17:46:42,850 - INFO -   min_exer_interactions: 0
2026-05-07 17:46:42,850 - INFO -   min_poison_count: 0
2026-05-07 17:46:42,850 - INFO -   min_stu_interactions: 15
2026-05-07 17:46:42,850 - INFO -   model_variant: junyi_abce_best_no_E
2026-05-07 17:46:42,850 - INFO -   multi_gpu: False
2026-05-07 17:46:42,850 - INFO -   no_cuda: False
2026-05-07 17:46:42,850 - INFO -   num_gnn_layers: 2
2026-05-07 17:46:42,850 - INFO -   num_gpus: 1
2026-05-07 17:46:42,850 - INFO -   num_relation_heads: 2
2026-05-07 17:46:42,850 - INFO -   num_workers: 4
2026-05-07 17:46:42,850 - INFO -   patience: 1
2026-05-07 17:46:42,850 - INFO -   personal_alpha_base_init: 0.04
2026-05-07 17:46:42,850 - INFO -   personal_alpha_bias_scale: 0.0
2026-05-07 17:46:42,850 - INFO -   personal_alpha_budget: 0.09
2026-05-07 17:46:42,850 - INFO -   personal_alpha_temperature: 1.8
2026-05-07 17:46:42,851 - INFO -   personal_delta_scale: 4.0
2026-05-07 17:46:42,851 - INFO -   personal_disable_student_global_context: True
2026-05-07 17:46:42,851 - INFO -   personal_id_lr_mult: 0.25
2026-05-07 17:46:42,851 - INFO -   personal_include_neighbor_rows: False
2026-05-07 17:46:42,851 - INFO -   personal_local_hops: 1
2026-05-07 17:46:42,851 - INFO -   personal_max_alpha: 0.26
2026-05-07 17:46:42,851 - INFO -   personal_message_alignment_gate: True
2026-05-07 17:46:42,851 - INFO -   personal_neighbor_row_budget: 0.2
2026-05-07 17:46:42,851 - INFO -   personal_projection_hidden_factor: 2
2026-05-07 17:46:42,851 - INFO -   personal_query_correction_max_ratio: 0.2
2026-05-07 17:46:42,851 - INFO -   personal_query_correction_min_graph_anchor: 0.01
2026-05-07 17:46:42,851 - INFO -   personal_query_correction_scale: 0.6
2026-05-07 17:46:42,851 - INFO -   personal_query_message_gain: 1.0
2026-05-07 17:46:42,851 - INFO -   personal_query_residual_margin: 0.12
2026-05-07 17:46:42,851 - INFO -   personal_query_row_budget: 1.3
2026-05-07 17:46:42,851 - INFO -   personal_query_support_hops: 1
2026-05-07 17:46:42,851 - INFO -   personal_rank: 8
2026-05-07 17:46:42,851 - INFO -   personal_reg_warmup_epochs: 5
2026-05-07 17:46:42,851 - INFO -   personal_state_lr_mult: 1.5
2026-05-07 17:46:42,851 - INFO -   personal_student_dim: 64
2026-05-07 17:46:42,851 - INFO -   personal_support_include_graph: True
2026-05-07 17:46:42,851 - INFO -   personal_support_include_neighbors: False
2026-05-07 17:46:42,851 - INFO -   personal_support_include_query_self: True
2026-05-07 17:46:42,851 - INFO -   personal_support_only: True
2026-05-07 17:46:42,851 - INFO -   personal_value_use_global_basis: True
2026-05-07 17:46:42,851 - INFO -   personal_warmup_epochs: 5
2026-05-07 17:46:42,851 - INFO -   prediction_l2_lambda: 1e-05
2026-05-07 17:46:42,851 - INFO -   relation_theta_delta_clip: 2.0
2026-05-07 17:46:42,851 - INFO -   relation_theta_scale: 0.0
2026-05-07 17:46:42,851 - INFO -   save_dir: checkpoints/abce_diag/ae_reliability_gpu23_20260507_170717/junyi/seed42/best_no_E
2026-05-07 17:46:42,851 - INFO -   save_interval: 10
2026-05-07 17:46:42,851 - INFO -   seed: 42
2026-05-07 17:46:42,852 - INFO -   share_concept_embeddings: True
2026-05-07 17:46:42,852 - INFO -   use_concept_graph: True
2026-05-07 17:46:42,852 - INFO -   use_exercise_graph: True
2026-05-07 17:46:42,852 - INFO -   use_personal_graph: False
2026-05-07 17:46:42,852 - INFO -   weight_decay: 0.001
2026-05-07 17:46:42,945 - INFO - Using device: cuda:0 (physical gpu 2)
2026-05-07 17:46:42,945 - INFO - [junyi|junyi_abce_best_no_E|lr=0.003|drop=0.40] Loading datasets...
2026-05-07 17:46:42,945 - INFO - [junyi|junyi_abce_best_no_E|lr=0.003|drop=0.40] Regularization: graph_entropy(lambda_sparse)=0.600000, graph_diag=0.120000, graph_uniform=0.060000, personal_sparse=0.000000, personal_kl=0.030000, personal_query_residual=0.060000, alpha_penalty=0.000000, alpha_min=0.000000, prediction_l2=0.000010
2026-05-07 17:46:42,945 - INFO - [junyi|junyi_abce_best_no_E|lr=0.003|drop=0.40] Graph controls: entropy_band=[0.15, 0.70], uniform_margin=0.12, warmup_epochs=2, cap_ratio=6.00, graph_dropout=0.000, graph_tau_init=0.550
2026-05-07 17:46:42,945 - INFO - [junyi|junyi_abce_best_no_E|lr=0.003|drop=0.40] Personal controls: personal_max_alpha=0.260, personal_delta_scale=4.000, personal_warmup_epochs=5, personal_student_dim=64, alpha_min_target=0.0000, personal_local_hops=1, include_neighbor_rows=False, personal_support_only=True, personal_alpha_temperature=1.800, personal_alpha_budget=0.090, personal_query_row_budget=1.300, personal_neighbor_row_budget=0.200, personal_query_support_hops=1, personal_query_message_gain=1.000, personal_query_correction_scale=0.600, personal_state_lr_mult=1.500, personal_id_lr_mult=0.250, graph_propagation_alpha=0.250, graph_query_readout_scale=0.450, graph_query_readout_2hop_scale=0.120
2026-05-07 17:46:43,064 - INFO - [junyi] [数据清洗] 学生交互次数 < 15 次的学生：共移除 2188 个学生（仅统计用户数）
2026-05-07 17:46:43,085 - INFO - [junyi] [数据清洗] 学生冷启动过滤：在 train/valid/test 中共删除 35779 条记录。
2026-05-07 17:46:43,085 - INFO - [junyi] [数据清洗] 跳过题目冷门过滤（min_exer_interactions <= 0）。
2026-05-07 17:46:43,085 - INFO - [junyi] [数据清洗] 跳过毒题清洗（min_poison_count <= 0）。
2026-05-07 17:46:43,085 - INFO - [junyi] 正在构建ID映射...
2026-05-07 17:46:43,316 - INFO - [junyi] 正在构建Q矩阵...
2026-05-07 17:47:07,701 - INFO - [junyi] [A Prior] train-only evidence: item_edges=0, item_density=0.0000, item_entropy=0.0000, seq_raw_mass=485394.3, seq_weighted_mass=7091.1, seq_students=7812, seq_edges=122199, seq_density=0.2519, seq_entropy=4.2597
2026-05-07 17:47:07,705 - INFO - [junyi] [数据清洗] Valid train-seen 过滤：before=22111, after=22111, dropped=0, coverage=100.00%
2026-05-07 17:47:07,708 - INFO - [junyi] [数据清洗] Test train-seen 过滤：before=60499, after=60494, dropped=5, coverage=99.99%
2026-05-07 17:47:07,711 - INFO - [junyi] [统计] 开始统计清洗后每道题的概念数量分布...
2026-05-07 17:47:07,713 - INFO - [junyi] [Train] 概念数统计：题目数=697, 平均概念数=1.0000, min=1, max=1, 1概念=697 (100.00%), ≥2概念=0 (0.00%)
2026-05-07 17:47:07,713 - INFO - [junyi] [Train] 概念数直方图（概念数: 题目数量）: {1: 697}
2026-05-07 17:47:07,714 - INFO - [junyi] [Valid] 概念数统计：题目数=614, 平均概念数=1.0000, min=1, max=1, 1概念=614 (100.00%), ≥2概念=0 (0.00%)
2026-05-07 17:47:07,714 - INFO - [junyi] [Valid] 概念数直方图（概念数: 题目数量）: {1: 614}
2026-05-07 17:47:07,714 - INFO - [junyi] [Test] 概念数统计：题目数=663, 平均概念数=1.0000, min=1, max=1, 1概念=663 (100.00%), ≥2概念=0 (0.00%)
2026-05-07 17:47:07,715 - INFO - [junyi] [Test] 概念数直方图（概念数: 题目数量）: {1: 663}
2026-05-07 17:47:07,715 - INFO - [junyi] [统计] 概念数量统计完成。
2026-05-07 17:47:07,715 - INFO - [junyi] 正在加载数据集...
2026-05-07 17:47:07,790 - INFO - [junyi|junyi_abce_best_no_E|lr=0.003|drop=0.40] Train samples: 235446, Val samples: 22111
2026-05-07 17:47:07,791 - INFO - [junyi|junyi_abce_best_no_E|lr=0.003|drop=0.40] Number of students: 7812
2026-05-07 17:47:07,791 - INFO - [junyi|junyi_abce_best_no_E|lr=0.003|drop=0.40] Number of exercises: 697
2026-05-07 17:47:07,791 - INFO - [junyi|junyi_abce_best_no_E|lr=0.003|drop=0.40] Number of concepts: 697
2026-05-07 17:47:07,791 - INFO - [junyi|junyi_abce_best_no_E|lr=0.003|drop=0.40] [A Prior] item_edges=0 item_density=0.0000 item_entropy=0.0000 | seq_raw_mass=485394.3 seq_weighted_mass=7091.1 seq_students=7812 seq_edges=122199 seq_density=0.2519 seq_entropy=4.2597
2026-05-07 17:47:07,791 - INFO - [junyi|junyi_abce_best_no_E|lr=0.003|drop=0.40] Creating model...
2026-05-07 17:47:07,791 - INFO - [junyi|junyi_abce_best_no_E|lr=0.003|drop=0.40] Ablation switches: ablate_module1=False | enable_module1=True | use_concept_graph=True | effective(num_gnn_layers=2)
2026-05-07 17:47:11,253 - INFO - [junyi|junyi_abce_best_no_E|lr=0.003|drop=0.40] AE stat priors initialized: scale=1.000, train_global_rate=0.6550, student_absmean=0.4537, exercise_absmean=1.0534, concept_absmean=0.8177, student_concept_absmean=0.0091, reliability_absmean=0.7172
2026-05-07 17:47:11,259 - INFO - [junyi|junyi_abce_best_no_E|lr=0.003|drop=0.40] Ablation runtime check: args(ablate_module1=False) | expect(use_concept_graph=True,use_personal_graph=False) | model(enable_module1=True,use_concept_graph=True,use_personal_graph=False) | physical(has_knowledge_encoder=True,has_relation_learning=True,has_adaptive_gate=False,has_personal_generator=False)
2026-05-07 17:47:11,259 - INFO - [junyi|junyi_abce_best_no_E|lr=0.003|drop=0.40] Debug diagnostics enabled: diag_batches=1
2026-05-07 17:47:11,271 - INFO - [junyi|junyi_abce_best_no_E|lr=0.003|drop=0.40] [Graph Init] graph_tau_mean=1.0055, graph_tau_std=0.0000, graph_dropout=0.000, item_beta=0.4725±0.1800, seq_beta=0.4725±0.1800, self_loop_logit=0.7500, use_personal_graph=False
2026-05-07 17:47:11,271 - INFO - [junyi|junyi_abce_best_no_E|lr=0.003|drop=0.40] Total parameters: 1,167,992
2026-05-07 17:47:11,271 - INFO - [junyi|junyi_abce_best_no_E|lr=0.003|drop=0.40] Trainable parameters: 1,167,992
2026-05-07 17:47:12,266 - INFO - [junyi|junyi_abce_best_no_E|lr=0.003|drop=0.40] Optimizer param groups: backbone@lr=0.003, ae_joint@lr=0.003
2026-05-07 17:47:12,266 - INFO - [junyi|junyi_abce_best_no_E|lr=0.003|drop=0.40] Monitor config: scheduler=val_auc(max), best_checkpoint=val_auc(max), early_stop=val_auc(max)
2026-05-07 17:47:12,266 - INFO - [junyi|junyi_abce_best_no_E|lr=0.003|drop=0.40] Starting training...
2026-05-07 17:48:12,982 - INFO - [junyi|junyi_abce_best_no_E|lr=0.003|drop=0.40] Epoch [001/100] | Train: Loss=0.5548, BCE=0.5483, Reg=0.0065, AUC=0.7942, ACC=0.7335, RMSE=0.4287 | Val: Loss=0.5453, BCE=0.5390, Reg=0.0064, AUC=0.7895, ACC=0.7388, RMSE=0.4244
2026-05-07 17:48:12,983 - INFO - [junyi|junyi_abce_best_no_E|lr=0.003|drop=0.40] [Reg Terms] Epoch [001] | Train: graph_entropy=0.000000, graph_diag=0.003134, graph_uniform=0.003343, graph_reg_scale=1.0000, prediction_l2=0.000000, personal_sparse=0.000000, alpha_var=0.000000, alpha_collapse=0.000000, reg_bce_ratio=0.0118 | Val: graph_entropy=0.000000, graph_diag=0.003023, graph_uniform=0.003342, graph_reg_scale=1.0000, prediction_l2=0.000000, personal_sparse=0.000000, alpha_var=0.000000, alpha_collapse=0.000000, reg_bce_ratio=0.0118
2026-05-07 17:48:13,067 - INFO - [junyi|junyi_abce_best_no_E|lr=0.003|drop=0.40] [Diag][AE] Epoch [001] | irt_abs_mean=0.1092, irt_std=0.0586, personal_warmup_scale=1.00, relation_theta_delta=0.0000, relation_theta_logit=0.0000, relation_theta_neighbor_mass=0.0000, relation_theta_personal_mass=0.0000, ae_posterior_prior_scale=1.0000, ae_posterior_prior_logit=0.0000, ae_posterior_prior_delta=0.0000, graph_row_entropy=3.0566, graph_entropy_ratio=0.4669, alpha_mean=0.0000, alpha_std=0.0000, alpha_base_mean=0.0000, alpha_delta_absmean=0.0000, alpha_saturation_ratio=0.0000, alpha_bias_std=NA, alpha_state_path=0.0000, alpha_id_path=0.0000, alpha_bias_path=0.0000, head_bias_path=0.0000, personal_row_entropy=0.0000, personal_matrix_delta=0.0000, personal_matrix_student_std=0.0000, personal_delta_pre_softmax_norm=0.0000, personal_delta_student_std=0.0000, alpha_head_std=0.0000, query_row_global_readout_delta=0.0984, query_row_personal_message_delta=0.0000, ae_query_state_residual_delta=0.0000, ae_logit_residual_abs_mean=0.8587, query_row_posterior_delta_abs=0.0000, query_row_posterior_kl=0.0000, query_row_delta_local_rms_raw=0.0000, query_row_message_projection_gain=0.0000, personal_to_graph_query_ratio=0.0000, query_row_global_support_mass=0.9498, query_row_personal_support_mass=0.0000, neighbor_row_personal_delta=0.0000, personal_row_budget_mean=0.0000, personal_query_row_std=0.0000, readout_query_support_mass=0.9498, personal_student_mix=0.0000, personal_student_adapter=0.0000, local_row_ratio=0.0000, support_density=0.0000, readout_query_delta=0.0984, personal_bad_rows_active=0.00, personal_fallback_rows_active=0.00, personal_bad_row_rate_active=0.0000, personal_padded_rows=0.00, personal_logits_support_absmax=0.0000, personal_query_trust_scale_mean=1.0000, personal_bad_rows_all=0.00, personal_fallback_rows_all=0.00, personal_logits_absmax_all=0.0000
2026-05-07 17:48:13,067 - INFO - [junyi|junyi_abce_best_no_E|lr=0.003|drop=0.40] [Diag][A] Epoch [001] | entropy_ratio=0.4669, diag_mass=0.0504, to_uniform_l2=0.008595, to_identity_l2=0.036961, relation_identity_delta=0.036961, knowledge_state_graph_delta=0.480902, knowledge_state_personal_delta=0.000000, share_concept_embeddings=True, tau_mean=0.6547, tau_std=0.0012, graph_reg_scale(train/val)=1.0000/1.0000
2026-05-07 17:48:13,067 - INFO - [junyi|junyi_abce_best_no_E|lr=0.003|drop=0.40] [Diag][A Support] Epoch [001] | candidate_size=23.35, final_size=22.47, item_survival=0.0000, seq_survival=0.9610, item_seq_overlap=0.0000, self_retention=1.0000
2026-05-07 17:48:13,068 - INFO - [junyi|junyi_abce_best_no_E|lr=0.003|drop=0.40] [Diag][AE Components] Epoch [001] | student_prior=0.0000, exercise_prior=0.8389, concept_prior=0.8058, query_student_concept=0.0000, graph_student_concept=0.0000, posterior_prior=0.0000, reliability=0.0000, interpretable_bias=0.3317, explicit_feature=0.0000, interaction=0.0000, raw_before_clip=1.8543, raw_after_clip=1.7174
2026-05-07 17:48:13,068 - INFO - [junyi|junyi_abce_best_no_E|lr=0.003|drop=0.40] [Grad Norms] Epoch [001] | relation_emb=0.000000e+00, relation_tau=1.163208e-04, prior_strength=6.025648e-18, receiver_bias=1.764271e-04, self_loop=1.647869e-05, gate_head_bias=0.000000e+00, gate_query_weight=0.000000e+00, gate_context_weight=0.000000e+00, generator_state_mix=0.000000e+00
2026-05-07 17:48:13,232 - INFO - [junyi|junyi_abce_best_no_E|lr=0.003|drop=0.40] -> New best AUC=0.7895 at epoch 1
2026-05-07 17:49:13,776 - INFO - [junyi|junyi_abce_best_no_E|lr=0.003|drop=0.40] Epoch [002/100] | Train: Loss=0.5475, BCE=0.5347, Reg=0.0127, AUC=0.7939, ACC=0.7408, RMSE=0.4221 | Val: Loss=0.5410, BCE=0.5283, Reg=0.0127, AUC=0.7894, ACC=0.7451, RMSE=0.4193
2026-05-07 17:49:13,776 - INFO - [junyi|junyi_abce_best_no_E|lr=0.003|drop=0.40] [Reg Terms] Epoch [002] | Train: graph_entropy=0.000000, graph_diag=0.006034, graph_uniform=0.006683, graph_reg_scale=1.0000, prediction_l2=0.000000, personal_sparse=0.000000, alpha_var=0.000000, alpha_collapse=0.000000, reg_bce_ratio=0.0238 | Val: graph_entropy=0.000000, graph_diag=0.006031, graph_uniform=0.006683, graph_reg_scale=1.0000, prediction_l2=0.000000, personal_sparse=0.000000, alpha_var=0.000000, alpha_collapse=0.000000, reg_bce_ratio=0.0241
2026-05-07 17:49:13,838 - INFO - [junyi|junyi_abce_best_no_E|lr=0.003|drop=0.40] [Diag][AE] Epoch [002] | irt_abs_mean=0.1092, irt_std=0.0587, personal_warmup_scale=1.00, relation_theta_delta=0.0000, relation_theta_logit=0.0000, relation_theta_neighbor_mass=0.0000, relation_theta_personal_mass=0.0000, ae_posterior_prior_scale=1.0000, ae_posterior_prior_logit=0.0000, ae_posterior_prior_delta=0.0000, graph_row_entropy=3.0534, graph_entropy_ratio=0.4664, alpha_mean=0.0000, alpha_std=0.0000, alpha_base_mean=0.0000, alpha_delta_absmean=0.0000, alpha_saturation_ratio=0.0000, alpha_bias_std=NA, alpha_state_path=0.0000, alpha_id_path=0.0000, alpha_bias_path=0.0000, head_bias_path=0.0000, personal_row_entropy=0.0000, personal_matrix_delta=0.0000, personal_matrix_student_std=0.0000, personal_delta_pre_softmax_norm=0.0000, personal_delta_student_std=0.0000, alpha_head_std=0.0000, query_row_global_readout_delta=0.0984, query_row_personal_message_delta=0.0000, ae_query_state_residual_delta=0.0000, ae_logit_residual_abs_mean=0.9296, query_row_posterior_delta_abs=0.0000, query_row_posterior_kl=0.0000, query_row_delta_local_rms_raw=0.0000, query_row_message_projection_gain=0.0000, personal_to_graph_query_ratio=0.0000, query_row_global_support_mass=0.9499, query_row_personal_support_mass=0.0000, neighbor_row_personal_delta=0.0000, personal_row_budget_mean=0.0000, personal_query_row_std=0.0000, readout_query_support_mass=0.9499, personal_student_mix=0.0000, personal_student_adapter=0.0000, local_row_ratio=0.0000, support_density=0.0000, readout_query_delta=0.0984, personal_bad_rows_active=0.00, personal_fallback_rows_active=0.00, personal_bad_row_rate_active=0.0000, personal_padded_rows=0.00, personal_logits_support_absmax=0.0000, personal_query_trust_scale_mean=1.0000, personal_bad_rows_all=0.00, personal_fallback_rows_all=0.00, personal_logits_absmax_all=0.0000
2026-05-07 17:49:13,839 - INFO - [junyi|junyi_abce_best_no_E|lr=0.003|drop=0.40] [Diag][A] Epoch [002] | entropy_ratio=0.4664, diag_mass=0.0503, to_uniform_l2=0.008620, to_identity_l2=0.036971, relation_identity_delta=0.036971, knowledge_state_graph_delta=0.480895, knowledge_state_personal_delta=0.000000, share_concept_embeddings=True, tau_mean=0.6301, tau_std=0.0002, graph_reg_scale(train/val)=1.0000/1.0000
2026-05-07 17:49:13,839 - INFO - [junyi|junyi_abce_best_no_E|lr=0.003|drop=0.40] [Diag][A Support] Epoch [002] | candidate_size=23.35, final_size=22.47, item_survival=0.0000, seq_survival=0.9610, item_seq_overlap=0.0000, self_retention=1.0000
2026-05-07 17:49:13,839 - INFO - [junyi|junyi_abce_best_no_E|lr=0.003|drop=0.40] [Diag][AE Components] Epoch [002] | student_prior=0.0000, exercise_prior=0.8389, concept_prior=0.8058, query_student_concept=0.0000, graph_student_concept=0.0000, posterior_prior=0.0000, reliability=0.0000, interpretable_bias=0.5998, explicit_feature=0.0000, interaction=0.0000, raw_before_clip=2.0374, raw_after_clip=1.8591
2026-05-07 17:49:13,839 - INFO - [junyi|junyi_abce_best_no_E|lr=0.003|drop=0.40] [Grad Norms] Epoch [002] | relation_emb=0.000000e+00, relation_tau=1.179515e-04, prior_strength=8.761266e-18, receiver_bias=1.747607e-04, self_loop=2.215459e-05, gate_head_bias=0.000000e+00, gate_query_weight=0.000000e+00, gate_context_weight=0.000000e+00, generator_state_mix=0.000000e+00
2026-05-07 17:49:13,839 - INFO - [junyi|junyi_abce_best_no_E|lr=0.003|drop=0.40] -> No improvement 1 epoch(s) (best AUC=0.7895 @ 1)
2026-05-07 17:50:14,036 - INFO - [junyi|junyi_abce_best_no_E|lr=0.003|drop=0.40] Epoch [003/100] | Train: Loss=0.5395, BCE=0.5268, Reg=0.0127, AUC=0.7938, ACC=0.7451, RMSE=0.4184 | Val: Loss=0.5345, BCE=0.5218, Reg=0.0127, AUC=0.7894, ACC=0.7499, RMSE=0.4163
2026-05-07 17:50:14,036 - INFO - [junyi|junyi_abce_best_no_E|lr=0.003|drop=0.40] [Reg Terms] Epoch [003] | Train: graph_entropy=0.000000, graph_diag=0.006030, graph_uniform=0.006682, graph_reg_scale=1.0000, prediction_l2=0.000000, personal_sparse=0.000000, alpha_var=0.000000, alpha_collapse=0.000000, reg_bce_ratio=0.0241 | Val: graph_entropy=0.000000, graph_diag=0.006029, graph_uniform=0.006682, graph_reg_scale=1.0000, prediction_l2=0.000000, personal_sparse=0.000000, alpha_var=0.000000, alpha_collapse=0.000000, reg_bce_ratio=0.0244
2026-05-07 17:50:14,103 - INFO - [junyi|junyi_abce_best_no_E|lr=0.003|drop=0.40] [Diag][AE] Epoch [003] | irt_abs_mean=0.1091, irt_std=0.0586, personal_warmup_scale=1.00, relation_theta_delta=0.0000, relation_theta_logit=0.0000, relation_theta_neighbor_mass=0.0000, relation_theta_personal_mass=0.0000, ae_posterior_prior_scale=1.0000, ae_posterior_prior_logit=0.0000, ae_posterior_prior_delta=0.0000, graph_row_entropy=3.0515, graph_entropy_ratio=0.4661, alpha_mean=0.0000, alpha_std=0.0000, alpha_base_mean=0.0000, alpha_delta_absmean=0.0000, alpha_saturation_ratio=0.0000, alpha_bias_std=NA, alpha_state_path=0.0000, alpha_id_path=0.0000, alpha_bias_path=0.0000, head_bias_path=0.0000, personal_row_entropy=0.0000, personal_matrix_delta=0.0000, personal_matrix_student_std=0.0000, personal_delta_pre_softmax_norm=0.0000, personal_delta_student_std=0.0000, alpha_head_std=0.0000, query_row_global_readout_delta=0.0984, query_row_personal_message_delta=0.0000, ae_query_state_residual_delta=0.0000, ae_logit_residual_abs_mean=0.9878, query_row_posterior_delta_abs=0.0000, query_row_posterior_kl=0.0000, query_row_delta_local_rms_raw=0.0000, query_row_message_projection_gain=0.0000, personal_to_graph_query_ratio=0.0000, query_row_global_support_mass=0.9499, query_row_personal_support_mass=0.0000, neighbor_row_personal_delta=0.0000, personal_row_budget_mean=0.0000, personal_query_row_std=0.0000, readout_query_support_mass=0.9499, personal_student_mix=0.0000, personal_student_adapter=0.0000, local_row_ratio=0.0000, support_density=0.0000, readout_query_delta=0.0984, personal_bad_rows_active=0.00, personal_fallback_rows_active=0.00, personal_bad_row_rate_active=0.0000, personal_padded_rows=0.00, personal_logits_support_absmax=0.0000, personal_query_trust_scale_mean=1.0000, personal_bad_rows_all=0.00, personal_fallback_rows_all=0.00, personal_logits_absmax_all=0.0000
2026-05-07 17:50:14,103 - INFO - [junyi|junyi_abce_best_no_E|lr=0.003|drop=0.40] [Diag][A] Epoch [003] | entropy_ratio=0.4661, diag_mass=0.0502, to_uniform_l2=0.008634, to_identity_l2=0.036975, relation_identity_delta=0.036975, knowledge_state_graph_delta=0.480878, knowledge_state_personal_delta=0.000000, share_concept_embeddings=True, tau_mean=0.6245, tau_std=0.0002, graph_reg_scale(train/val)=1.0000/1.0000
2026-05-07 17:50:14,103 - INFO - [junyi|junyi_abce_best_no_E|lr=0.003|drop=0.40] [Diag][A Support] Epoch [003] | candidate_size=23.35, final_size=22.47, item_survival=0.0000, seq_survival=0.9610, item_seq_overlap=0.0000, self_retention=1.0000
2026-05-07 17:50:14,103 - INFO - [junyi|junyi_abce_best_no_E|lr=0.003|drop=0.40] [Diag][AE Components] Epoch [003] | student_prior=0.0000, exercise_prior=0.8389, concept_prior=0.8058, query_student_concept=0.0000, graph_student_concept=0.0000, posterior_prior=0.0000, reliability=0.0000, interpretable_bias=0.8195, explicit_feature=0.0000, interaction=0.0000, raw_before_clip=2.1967, raw_after_clip=1.9756
2026-05-07 17:50:14,103 - INFO - [junyi|junyi_abce_best_no_E|lr=0.003|drop=0.40] [Grad Norms] Epoch [003] | relation_emb=0.000000e+00, relation_tau=2.010927e-04, prior_strength=1.148231e-17, receiver_bias=3.970815e-04, self_loop=2.096983e-05, gate_head_bias=0.000000e+00, gate_query_weight=0.000000e+00, gate_context_weight=0.000000e+00, generator_state_mix=0.000000e+00
2026-05-07 17:50:14,103 - INFO - [junyi|junyi_abce_best_no_E|lr=0.003|drop=0.40] -> No improvement 2 epoch(s) (best AUC=0.7895 @ 1)
2026-05-07 17:51:16,178 - INFO - [junyi|junyi_abce_best_no_E|lr=0.003|drop=0.40] Epoch [004/100] | Train: Loss=0.5356, BCE=0.5229, Reg=0.0127, AUC=0.7936, ACC=0.7468, RMSE=0.4166 | Val: Loss=0.5323, BCE=0.5196, Reg=0.0127, AUC=0.7893, ACC=0.7508, RMSE=0.4153
2026-05-07 17:51:16,178 - INFO - [junyi|junyi_abce_best_no_E|lr=0.003|drop=0.40] [Reg Terms] Epoch [004] | Train: graph_entropy=0.000000, graph_diag=0.006029, graph_uniform=0.006682, graph_reg_scale=1.0000, prediction_l2=0.000000, personal_sparse=0.000000, alpha_var=0.000000, alpha_collapse=0.000000, reg_bce_ratio=0.0243 | Val: graph_entropy=0.000000, graph_diag=0.006030, graph_uniform=0.006682, graph_reg_scale=1.0000, prediction_l2=0.000000, personal_sparse=0.000000, alpha_var=0.000000, alpha_collapse=0.000000, reg_bce_ratio=0.0245
2026-05-07 17:51:16,259 - INFO - [junyi|junyi_abce_best_no_E|lr=0.003|drop=0.40] [Diag][AE] Epoch [004] | irt_abs_mean=0.1091, irt_std=0.0586, personal_warmup_scale=1.00, relation_theta_delta=0.0000, relation_theta_logit=0.0000, relation_theta_neighbor_mass=0.0000, relation_theta_personal_mass=0.0000, ae_posterior_prior_scale=1.0000, ae_posterior_prior_logit=0.0000, ae_posterior_prior_delta=0.0000, graph_row_entropy=3.0525, graph_entropy_ratio=0.4663, alpha_mean=0.0000, alpha_std=0.0000, alpha_base_mean=0.0000, alpha_delta_absmean=0.0000, alpha_saturation_ratio=0.0000, alpha_bias_std=NA, alpha_state_path=0.0000, alpha_id_path=0.0000, alpha_bias_path=0.0000, head_bias_path=0.0000, personal_row_entropy=0.0000, personal_matrix_delta=0.0000, personal_matrix_student_std=0.0000, personal_delta_pre_softmax_norm=0.0000, personal_delta_student_std=0.0000, alpha_head_std=0.0000, query_row_global_readout_delta=0.0984, query_row_personal_message_delta=0.0000, ae_query_state_residual_delta=0.0000, ae_logit_residual_abs_mean=1.0134, query_row_posterior_delta_abs=0.0000, query_row_posterior_kl=0.0000, query_row_delta_local_rms_raw=0.0000, query_row_message_projection_gain=0.0000, personal_to_graph_query_ratio=0.0000, query_row_global_support_mass=0.9499, query_row_personal_support_mass=0.0000, neighbor_row_personal_delta=0.0000, personal_row_budget_mean=0.0000, personal_query_row_std=0.0000, readout_query_support_mass=0.9499, personal_student_mix=0.0000, personal_student_adapter=0.0000, local_row_ratio=0.0000, support_density=0.0000, readout_query_delta=0.0984, personal_bad_rows_active=0.00, personal_fallback_rows_active=0.00, personal_bad_row_rate_active=0.0000, personal_padded_rows=0.00, personal_logits_support_absmax=0.0000, personal_query_trust_scale_mean=1.0000, personal_bad_rows_all=0.00, personal_fallback_rows_all=0.00, personal_logits_absmax_all=0.0000
2026-05-07 17:51:16,259 - INFO - [junyi|junyi_abce_best_no_E|lr=0.003|drop=0.40] [Diag][A] Epoch [004] | entropy_ratio=0.4663, diag_mass=0.0502, to_uniform_l2=0.008626, to_identity_l2=0.036973, relation_identity_delta=0.036973, knowledge_state_graph_delta=0.480882, knowledge_state_personal_delta=0.000000, share_concept_embeddings=True, tau_mean=0.6247, tau_std=0.0002, graph_reg_scale(train/val)=1.0000/1.0000
2026-05-07 17:51:16,259 - INFO - [junyi|junyi_abce_best_no_E|lr=0.003|drop=0.40] [Diag][A Support] Epoch [004] | candidate_size=23.35, final_size=22.47, item_survival=0.0000, seq_survival=0.9610, item_seq_overlap=0.0000, self_retention=1.0000
2026-05-07 17:51:16,259 - INFO - [junyi|junyi_abce_best_no_E|lr=0.003|drop=0.40] [Diag][AE Components] Epoch [004] | student_prior=0.0000, exercise_prior=0.8389, concept_prior=0.8058, query_student_concept=0.0000, graph_student_concept=0.0000, posterior_prior=0.0000, reliability=0.0000, interpretable_bias=0.9145, explicit_feature=0.0000, interaction=0.0000, raw_before_clip=2.2697, raw_after_clip=2.0267
2026-05-07 17:51:16,259 - INFO - [junyi|junyi_abce_best_no_E|lr=0.003|drop=0.40] [Grad Norms] Epoch [004] | relation_emb=0.000000e+00, relation_tau=3.223671e-04, prior_strength=1.423443e-17, receiver_bias=4.747743e-04, self_loop=2.150394e-05, gate_head_bias=0.000000e+00, gate_query_weight=0.000000e+00, gate_context_weight=0.000000e+00, generator_state_mix=0.000000e+00
2026-05-07 17:51:16,259 - INFO - [junyi|junyi_abce_best_no_E|lr=0.003|drop=0.40] -> No improvement 3 epoch(s) (best AUC=0.7895 @ 1)
2026-05-07 17:51:16,259 - INFO - [junyi|junyi_abce_best_no_E|lr=0.003|drop=0.40] Early stopping at epoch 4 (best AUC=0.7895 @ 1)
2026-05-07 17:51:16,268 - INFO - Epoch-wise metrics saved to checkpoints/abce_diag/ae_reliability_gpu23_20260507_170717/junyi/seed42/best_no_E/metrics_history.csv
2026-05-07 17:51:16,269 - INFO - [junyi|junyi_abce_best_no_E|lr=0.003|drop=0.40] Training completed! Best Val AUC=0.7895 @ epoch 1
2026-05-07 17:51:16,389 - INFO - 
============================================================
         MODULE ACTIVITY REPORT
============================================================
Dataset: junyi | Seed: 42 | Epoch: 4

1. Concept Graph Module (A):
   - Mean row entropy: 3.053 / 6.547
   - Entropy ratio: 46.6%
   - Query readout delta: 0.0986
   - Query head var: 0.0000
   - Status: LIVE_BUT_COLLAPSED (graph enters query rows but head diversity is washed out)
   -> Consider: strengthen head-wise query gating or graph query adapter leverage

2. Personal Graph Module (E):
   - Status: DISABLED (use_personal_graph=False or no_E)

------------------------------------------------------------
SUMMARY:
   Active modules: Concept Graph (A)
   All enabled graph modules are functioning properly.
============================================================
2026-05-07 17:51:16,390 - INFO - [junyi|junyi_abce_best_no_E|lr=0.003|drop=0.40] Module activity saved to checkpoints/abce_diag/ae_reliability_gpu23_20260507_170717/junyi/seed42/best_no_E/module_activity.json
2026-05-07 17:51:16,547 - INFO - Using device: cuda:0 (physical gpu 2)
2026-05-07 17:51:16,547 - INFO - Loading model from checkpoints/abce_diag/ae_reliability_gpu23_20260507_170717/junyi/seed42/best_no_E/best_model.pth...
2026-05-07 17:51:16,654 - INFO - [Inference Filter] before=67063, after=60494, dropped=6569, coverage=90.20% (train-only seen student/item support)
2026-05-07 17:51:16,676 - INFO - Inference switches: ablate_module1=False | enable_module1=True | use_concept_graph=True | effective(num_gnn_layers=2)
2026-05-07 17:51:16,898 - INFO - [Inference] Ablation runtime check: args(ablate_module1=False) | expect(use_concept_graph=True,use_personal_graph=False) | model(enable_module1=True,use_concept_graph=True,use_personal_graph=False) | physical(has_knowledge_encoder=True,has_relation_learning=True,has_adaptive_gate=False,has_personal_generator=False)
2026-05-07 17:51:16,899 - INFO - [Inference] [Graph Init] graph_tau_mean=1.0055, graph_tau_std=0.0000, graph_dropout=0.000, item_beta=0.4725±0.1800, seq_beta=0.4725±0.1800, self_loop_logit=0.7500, use_personal_graph=False
2026-05-07 17:51:16,901 - INFO - Model loaded from epoch 1. Start testing...
2026-05-07 17:51:25,137 - INFO - [Test] 200/237 batches done, samples=51200
2026-05-07 17:51:26,521 - INFO - 
==================================================
2026-05-07 17:51:26,521 - INFO - Test Results:
2026-05-07 17:51:26,521 - INFO - AUC: 0.7986
2026-05-07 17:51:26,521 - INFO - ACC: 0.7385
2026-05-07 17:51:26,521 - INFO - RMSE: 0.4256
2026-05-07 17:51:26,521 - INFO - ==================================================
2026-05-07 17:51:26,539 - INFO - Summary appended to /home/zsh/ConceptSkillCDM/results/experiment_results.csv
2026-05-07 17:51:26,539 - INFO - 
Generating student diagnosis reports...
2026-05-07 17:51:26,565 - INFO - Student diagnosis reports saved to checkpoints/abce_diag/ae_reliability_gpu23_20260507_170717/junyi/seed42/best_no_E/student_diagnosis.json
2026-05-07 17:51:26,621 - INFO - Run completed.
2026-05-07 17:51:26,622 - INFO - Best validation AUC: 0.7895 at epoch 1
2026-05-07 17:51:26,622 - INFO - Test metrics - AUC: 0.7986, ACC: 0.7385, RMSE: 0.4256
2026-05-07 17:51:26,899 - INFO - [数据清洗] 学生交互次数 < 15 次的学生：共移除 2188 个学生（仅统计用户数）
2026-05-07 17:51:26,912 - INFO - [数据清洗] 学生冷启动过滤：在 train/valid/test 中共删除 35779 条记录。
2026-05-07 17:51:26,913 - INFO - [数据清洗] 跳过题目冷门过滤（min_exer_interactions <= 0）。
2026-05-07 17:51:26,913 - INFO - [数据清洗] 跳过毒题清洗（min_poison_count <= 0）。
2026-05-07 17:51:26,913 - INFO - 正在构建ID映射...
2026-05-07 17:51:27,142 - INFO - 正在构建Q矩阵...
2026-05-07 17:51:54,687 - INFO - [A Prior] train-only evidence: item_edges=0, item_density=0.0000, item_entropy=0.0000, seq_raw_mass=485394.3, seq_weighted_mass=7091.1, seq_students=7812, seq_edges=122199, seq_density=0.2519, seq_entropy=4.2597
2026-05-07 17:51:54,690 - INFO - [数据清洗] Valid train-seen 过滤：before=22111, after=22111, dropped=0, coverage=100.00%
2026-05-07 17:51:54,694 - INFO - [数据清洗] Test train-seen 过滤：before=60499, after=60494, dropped=5, coverage=99.99%
2026-05-07 17:51:54,698 - INFO - [统计] 开始统计清洗后每道题的概念数量分布...
2026-05-07 17:51:54,701 - INFO - [Train] 概念数统计：题目数=697, 平均概念数=1.0000, min=1, max=1, 1概念=697 (100.00%), ≥2概念=0 (0.00%)
2026-05-07 17:51:54,701 - INFO - [Train] 概念数直方图（概念数: 题目数量）: {1: 697}
2026-05-07 17:51:54,702 - INFO - [Valid] 概念数统计：题目数=614, 平均概念数=1.0000, min=1, max=1, 1概念=614 (100.00%), ≥2概念=0 (0.00%)
2026-05-07 17:51:54,702 - INFO - [Valid] 概念数直方图（概念数: 题目数量）: {1: 614}
2026-05-07 17:51:54,703 - INFO - [Test] 概念数统计：题目数=663, 平均概念数=1.0000, min=1, max=1, 1概念=663 (100.00%), ≥2概念=0 (0.00%)
2026-05-07 17:51:54,703 - INFO - [Test] 概念数直方图（概念数: 题目数量）: {1: 663}
2026-05-07 17:51:54,703 - INFO - [统计] 概念数量统计完成。
2026-05-07 17:51:54,703 - INFO - 正在加载数据集...
2026-05-07 17:51:54,800 - INFO - [Component Analysis] Global graph: torch.Size([2, 697, 697])
2026-05-07 17:51:54,825 - INFO - [Component Analysis] Data saved to checkpoints/abce_diag/ae_reliability_gpu23_20260507_170717/junyi/seed42/best_no_E/component_analysis_data.npz
2026-05-07 17:51:55,071 - INFO - Generating component analysis visualizations...
2026-05-07 17:51:55,342 - INFO - Visualizations saved to checkpoints/abce_diag/ae_reliability_gpu23_20260507_170717/junyi/seed42/best_no_E
