2026-02-11 13:42:44,424 - INFO - Arguments:
2026-02-11 13:42:44,424 - INFO -   ablate_concept_graph: False
2026-02-11 13:42:44,424 - INFO -   ablate_module1: False
2026-02-11 13:42:44,424 - INFO -   ablate_module2: False
2026-02-11 13:42:44,424 - INFO -   ablate_module3: False
2026-02-11 13:42:44,424 - INFO -   ablate_skill_encoder: False
2026-02-11 13:42:44,424 - INFO -   ablate_soft_prototype: False
2026-02-11 13:42:44,424 - INFO -   allow_self_loop: True
2026-02-11 13:42:44,424 - INFO -   batch_size: 256
2026-02-11 13:42:44,424 - INFO -   data_dir: ./data/junyi
2026-02-11 13:42:44,424 - INFO -   dataset_name: junyi
2026-02-11 13:42:44,424 - INFO -   debug_module3_diag: False
2026-02-11 13:42:44,424 - INFO -   diag_batches: 2
2026-02-11 13:42:44,424 - INFO -   disable_q_aligned_residual: False
2026-02-11 13:42:44,424 - INFO -   disable_q_conditioning: False
2026-02-11 13:42:44,424 - INFO -   disable_self_loop: False
2026-02-11 13:42:44,424 - INFO -   disable_soft_prototype: False
2026-02-11 13:42:44,424 - INFO -   dropout: 0.4
2026-02-11 13:42:44,424 - INFO -   early_stop_patience: 3
2026-02-11 13:42:44,424 - INFO -   enable_module1: True
2026-02-11 13:42:44,425 - INFO -   enable_module2: True
2026-02-11 13:42:44,425 - INFO -   enable_module3: True
2026-02-11 13:42:44,425 - INFO -   enable_soft_prototype: False
2026-02-11 13:42:44,425 - INFO -   epochs: 100
2026-02-11 13:42:44,425 - INFO -   exercise_dim: 128
2026-02-11 13:42:44,425 - INFO -   exercise_l2_lambda: 5e-05
2026-02-11 13:42:44,425 - INFO -   fusion_gate_bias_init: -1.1
2026-02-11 13:42:44,425 - INFO -   fusion_gate_max: 1.0
2026-02-11 13:42:44,425 - INFO -   generate_diagnosis: False
2026-02-11 13:42:44,425 - INFO -   gnn_residual_weight: 0.5
2026-02-11 13:42:44,425 - INFO -   gpu_candidates: None
2026-02-11 13:42:44,425 - INFO -   gpu_ids: None
2026-02-11 13:42:44,425 - INFO -   gpu_memory_threshold: 2000
2026-02-11 13:42:44,425 - INFO -   gpus: None
2026-02-11 13:42:44,425 - INFO -   graph_topk: None
2026-02-11 13:42:44,425 - INFO -   knowledge_dim: 128
2026-02-11 13:42:44,425 - INFO -   lambda_alpha: 0.01
2026-02-11 13:42:44,425 - INFO -   lambda_proto_div: 0.0
2026-02-11 13:42:44,425 - INFO -   lambda_proto_usage: 0.0
2026-02-11 13:42:44,425 - INFO -   lambda_sparse: 1.0
2026-02-11 13:42:44,425 - INFO -   lambda_sparse_personal: 0.005
2026-02-11 13:42:44,425 - INFO -   learning_rate: 0.003
2026-02-11 13:42:44,425 - INFO -   log_dir: logs/junyi_ablation_full_seed42
2026-02-11 13:42:44,425 - INFO -   min_exer_interactions: 0
2026-02-11 13:42:44,425 - INFO -   min_poison_count: 0
2026-02-11 13:42:44,425 - INFO -   min_stu_interactions: 15
2026-02-11 13:42:44,425 - INFO -   model_variant: gpd_base_full
2026-02-11 13:42:44,425 - INFO -   multi_gpu: False
2026-02-11 13:42:44,425 - INFO -   no_cuda: False
2026-02-11 13:42:44,425 - INFO -   num_gnn_layers: 2
2026-02-11 13:42:44,426 - INFO -   num_gpus: 1
2026-02-11 13:42:44,426 - INFO -   num_prototypes: 0
2026-02-11 13:42:44,426 - INFO -   num_relation_heads: 2
2026-02-11 13:42:44,426 - INFO -   num_workers: 4
2026-02-11 13:42:44,426 - INFO -   patience: 1
2026-02-11 13:42:44,426 - INFO -   personal_rank: 4
2026-02-11 13:42:44,426 - INFO -   proto_lambda: 0.0
2026-02-11 13:42:44,426 - INFO -   proto_tau: 1.0
2026-02-11 13:42:44,426 - INFO -   residual_clip_t: 2.0
2026-02-11 13:42:44,426 - INFO -   residual_scale_init: 0.1
2026-02-11 13:42:44,426 - INFO -   save_dir: checkpoints/junyi_ablation_full_seed42
2026-02-11 13:42:44,426 - INFO -   save_interval: 10
2026-02-11 13:42:44,426 - INFO -   seed: 42
2026-02-11 13:42:44,426 - INFO -   skill_dim: 64
2026-02-11 13:42:44,426 - INFO -   use_concept_graph: True
2026-02-11 13:42:44,426 - INFO -   use_exercise_graph: True
2026-02-11 13:42:44,426 - INFO -   use_mf_branch: True
2026-02-11 13:42:44,426 - INFO -   use_personal_graph: True
2026-02-11 13:42:44,426 - INFO -   use_q_aligned_residual: True
2026-02-11 13:42:44,426 - INFO -   use_q_conditioning: True
2026-02-11 13:42:44,426 - INFO -   use_skill_encoder: True
2026-02-11 13:42:44,426 - INFO -   use_soft_prototype: False
2026-02-11 13:42:44,426 - INFO -   use_soft_prototype_main_path: False
2026-02-11 13:42:44,426 - INFO -   weight_decay: 0.001
2026-02-11 13:42:44,510 - INFO - Using device: cuda:0 (physical gpu 2)
2026-02-11 13:42:44,510 - INFO - [junyi|gpd_base_full|lr=0.003|drop=0.40] Loading datasets...
2026-02-11 13:42:44,510 - INFO - [junyi|gpd_base_full|lr=0.003|drop=0.40] Regularization: graph_entropy(lambda_sparse)=1.000000, proto_div=0.000000, proto_usage=0.000000, personal_sparse=0.005000, alpha_penalty=0.010000, mf_l2(exercise_l2_lambda)=0.000050
2026-02-11 13:42:44,623 - INFO - [数据清洗] 学生交互次数 < 15 次的学生：共移除 0 个学生（仅统计用户数）
2026-02-11 13:42:44,638 - INFO - [数据清洗] 学生冷启动过滤：在 train/valid/test 中共删除 0 条记录。
2026-02-11 13:42:44,639 - INFO - [数据清洗] 跳过题目冷门过滤（min_exer_interactions <= 0）。
2026-02-11 13:42:44,639 - INFO - [数据清洗] 跳过毒题清洗（min_poison_count <= 0）。
2026-02-11 13:42:54,007 - INFO - [junyi|gpd_base_full|lr=0.003|drop=0.40] Train samples: 262473, Val samples: 24299
2026-02-11 13:42:54,007 - INFO - [junyi|gpd_base_full|lr=0.003|drop=0.40] Number of students: 10000
2026-02-11 13:42:54,007 - INFO - [junyi|gpd_base_full|lr=0.003|drop=0.40] Number of exercises: 706
2026-02-11 13:42:54,007 - INFO - [junyi|gpd_base_full|lr=0.003|drop=0.40] Number of concepts: 706
2026-02-11 13:42:54,007 - INFO - [junyi|gpd_base_full|lr=0.003|drop=0.40] Creating model...
2026-02-11 13:42:54,007 - INFO - [junyi|gpd_base_full|lr=0.003|drop=0.40] Ablation switches: ablate_module1=False, ablate_module2=False, ablate_module3=False | enable_module1=True, enable_module2=True, enable_module3=True | use_soft_prototype=False, use_mf_branch=True, use_concept_graph=True, use_q_aligned_residual=True, use_soft_prototype_main_path=False | effective(num_gnn_layers=2, num_prototypes=0)
2026-02-11 13:42:54,154 - INFO - [junyi|gpd_base_full|lr=0.003|drop=0.40] Ablation runtime check: args(ablate_module1=False,ablate_module2=False,ablate_module3=False) | model(enable_module1=True,enable_module2=True,enable_module3=True) | physical(has_knowledge_encoder=True,has_mf_branch=True,has_soft_prototype=False)
2026-02-11 13:42:54,169 - INFO - [junyi|gpd_base_full|lr=0.003|drop=0.40] [Module3 Init] fusion_gate_bias=-1.1000, fusion_gate_max=1.0000, implied_gate=0.2497, q_gate=0.5000, mf_scale=0.1000, bias_scale=0.1000
2026-02-11 13:42:54,170 - INFO - [junyi|gpd_base_full|lr=0.003|drop=0.40] Total parameters: 3,079,270
2026-02-11 13:42:54,170 - INFO - [junyi|gpd_base_full|lr=0.003|drop=0.40] Trainable parameters: 3,079,270
2026-02-11 13:42:55,073 - INFO - [junyi|gpd_base_full|lr=0.003|drop=0.40] Starting training...
2026-02-11 13:45:24,577 - INFO - [junyi|gpd_base_full|lr=0.003|drop=0.40] Epoch [001/100] | Train: Loss=0.6184, BCE=0.5856, Reg=0.0328, AUC=0.7311, ACC=0.7093, RMSE=0.4470 | Val: Loss=0.6670, BCE=0.5842, Reg=0.0828, AUC=0.7354, ACC=0.6706, RMSE=0.4469
2026-02-11 13:45:24,577 - INFO - [junyi|gpd_base_full|lr=0.003|drop=0.40] [Reg Terms] Epoch [001] | Train: graph_entropy=0.000000, mf_l2=0.000000, proto_div=0.000000, proto_usage=0.000000, personal_sparse=0.032798, alpha_var=-0.000000, reg_bce_ratio=0.0560 | Val: graph_entropy=0.050000, mf_l2=0.000000, proto_div=0.000000, proto_usage=0.000000, personal_sparse=0.032798, alpha_var=-0.000000, reg_bce_ratio=0.1417
2026-02-11 13:45:24,887 - INFO - [junyi|gpd_base_full|lr=0.003|drop=0.40] -> New best AUC=0.7354 at epoch 1
2026-02-11 13:47:54,060 - INFO - [junyi|gpd_base_full|lr=0.003|drop=0.40] Epoch [002/100] | Train: Loss=0.5785, BCE=0.5457, Reg=0.0328, AUC=0.7593, ACC=0.7231, RMSE=0.4286 | Val: Loss=0.5895, BCE=0.5067, Reg=0.0828, AUC=0.7971, ACC=0.7549, RMSE=0.4090
2026-02-11 13:47:54,060 - INFO - [junyi|gpd_base_full|lr=0.003|drop=0.40] [Reg Terms] Epoch [002] | Train: graph_entropy=0.000000, mf_l2=0.000000, proto_div=0.000000, proto_usage=0.000000, personal_sparse=0.032798, alpha_var=-0.000000, reg_bce_ratio=0.0601 | Val: graph_entropy=0.050000, mf_l2=0.000000, proto_div=0.000000, proto_usage=0.000000, personal_sparse=0.032798, alpha_var=-0.000000, reg_bce_ratio=0.1634
2026-02-11 13:47:54,300 - INFO - [junyi|gpd_base_full|lr=0.003|drop=0.40] -> New best AUC=0.7971 at epoch 2
2026-02-11 13:50:23,821 - INFO - [junyi|gpd_base_full|lr=0.003|drop=0.40] Epoch [003/100] | Train: Loss=0.5467, BCE=0.5139, Reg=0.0328, AUC=0.7941, ACC=0.7497, RMSE=0.4130 | Val: Loss=0.5852, BCE=0.5024, Reg=0.0828, AUC=0.8033, ACC=0.7593, RMSE=0.4070
2026-02-11 13:50:23,821 - INFO - [junyi|gpd_base_full|lr=0.003|drop=0.40] [Reg Terms] Epoch [003] | Train: graph_entropy=0.000000, mf_l2=0.000000, proto_div=0.000000, proto_usage=0.000000, personal_sparse=0.032798, alpha_var=-0.000000, reg_bce_ratio=0.0638 | Val: graph_entropy=0.050000, mf_l2=0.000000, proto_div=0.000000, proto_usage=0.000000, personal_sparse=0.032798, alpha_var=-0.000000, reg_bce_ratio=0.1648
2026-02-11 13:50:24,136 - INFO - [junyi|gpd_base_full|lr=0.003|drop=0.40] -> New best AUC=0.8033 at epoch 3
2026-02-11 13:52:53,447 - INFO - [junyi|gpd_base_full|lr=0.003|drop=0.40] Epoch [004/100] | Train: Loss=0.5418, BCE=0.5090, Reg=0.0328, AUC=0.7987, ACC=0.7535, RMSE=0.4106 | Val: Loss=0.5826, BCE=0.4998, Reg=0.0828, AUC=0.8063, ACC=0.7657, RMSE=0.4046
2026-02-11 13:52:53,448 - INFO - [junyi|gpd_base_full|lr=0.003|drop=0.40] [Reg Terms] Epoch [004] | Train: graph_entropy=0.000000, mf_l2=0.000000, proto_div=0.000000, proto_usage=0.000000, personal_sparse=0.032798, alpha_var=-0.000000, reg_bce_ratio=0.0644 | Val: graph_entropy=0.050000, mf_l2=0.000000, proto_div=0.000000, proto_usage=0.000000, personal_sparse=0.032798, alpha_var=-0.000000, reg_bce_ratio=0.1657
2026-02-11 13:52:53,710 - INFO - [junyi|gpd_base_full|lr=0.003|drop=0.40] -> New best AUC=0.8063 at epoch 4
2026-02-11 13:55:23,168 - INFO - [junyi|gpd_base_full|lr=0.003|drop=0.40] Epoch [005/100] | Train: Loss=0.5385, BCE=0.5057, Reg=0.0328, AUC=0.8020, ACC=0.7548, RMSE=0.4089 | Val: Loss=0.5784, BCE=0.4956, Reg=0.0828, AUC=0.8068, ACC=0.7660, RMSE=0.4033
2026-02-11 13:55:23,168 - INFO - [junyi|gpd_base_full|lr=0.003|drop=0.40] [Reg Terms] Epoch [005] | Train: graph_entropy=0.000000, mf_l2=0.000000, proto_div=0.000000, proto_usage=0.000000, personal_sparse=0.032798, alpha_var=-0.000000, reg_bce_ratio=0.0649 | Val: graph_entropy=0.050000, mf_l2=0.000000, proto_div=0.000000, proto_usage=0.000000, personal_sparse=0.032798, alpha_var=-0.000000, reg_bce_ratio=0.1671
2026-02-11 13:55:23,479 - INFO - [junyi|gpd_base_full|lr=0.003|drop=0.40] -> New best AUC=0.8068 at epoch 5
2026-02-11 13:57:52,634 - INFO - [junyi|gpd_base_full|lr=0.003|drop=0.40] Epoch [006/100] | Train: Loss=0.5372, BCE=0.5044, Reg=0.0328, AUC=0.8033, ACC=0.7561, RMSE=0.4083 | Val: Loss=0.5812, BCE=0.4984, Reg=0.0828, AUC=0.8090, ACC=0.7609, RMSE=0.4047
2026-02-11 13:57:52,634 - INFO - [junyi|gpd_base_full|lr=0.003|drop=0.40] [Reg Terms] Epoch [006] | Train: graph_entropy=0.000000, mf_l2=0.000000, proto_div=0.000000, proto_usage=0.000000, personal_sparse=0.032798, alpha_var=-0.000000, reg_bce_ratio=0.0650 | Val: graph_entropy=0.050000, mf_l2=0.000000, proto_div=0.000000, proto_usage=0.000000, personal_sparse=0.032798, alpha_var=-0.000000, reg_bce_ratio=0.1661
2026-02-11 13:57:52,909 - INFO - [junyi|gpd_base_full|lr=0.003|drop=0.40] -> New best AUC=0.8090 at epoch 6
2026-02-11 14:00:22,040 - INFO - [junyi|gpd_base_full|lr=0.003|drop=0.40] Epoch [007/100] | Train: Loss=0.5360, BCE=0.5032, Reg=0.0328, AUC=0.8047, ACC=0.7573, RMSE=0.4077 | Val: Loss=0.5757, BCE=0.4929, Reg=0.0828, AUC=0.8102, ACC=0.7686, RMSE=0.4019
2026-02-11 14:00:22,040 - INFO - [junyi|gpd_base_full|lr=0.003|drop=0.40] [Reg Terms] Epoch [007] | Train: graph_entropy=0.000000, mf_l2=0.000000, proto_div=0.000000, proto_usage=0.000000, personal_sparse=0.032798, alpha_var=-0.000000, reg_bce_ratio=0.0652 | Val: graph_entropy=0.050000, mf_l2=0.000000, proto_div=0.000000, proto_usage=0.000000, personal_sparse=0.032798, alpha_var=-0.000000, reg_bce_ratio=0.1680
2026-02-11 14:00:22,326 - INFO - [junyi|gpd_base_full|lr=0.003|drop=0.40] -> New best AUC=0.8102 at epoch 7
2026-02-11 14:02:51,414 - INFO - [junyi|gpd_base_full|lr=0.003|drop=0.40] Epoch [008/100] | Train: Loss=0.5349, BCE=0.5021, Reg=0.0328, AUC=0.8052, ACC=0.7576, RMSE=0.4072 | Val: Loss=0.5754, BCE=0.4926, Reg=0.0828, AUC=0.8105, ACC=0.7662, RMSE=0.4019
2026-02-11 14:02:51,415 - INFO - [junyi|gpd_base_full|lr=0.003|drop=0.40] [Reg Terms] Epoch [008] | Train: graph_entropy=0.000000, mf_l2=0.000000, proto_div=0.000000, proto_usage=0.000000, personal_sparse=0.032798, alpha_var=-0.000000, reg_bce_ratio=0.0653 | Val: graph_entropy=0.050000, mf_l2=0.000000, proto_div=0.000000, proto_usage=0.000000, personal_sparse=0.032798, alpha_var=-0.000000, reg_bce_ratio=0.1681
2026-02-11 14:02:51,713 - INFO - [junyi|gpd_base_full|lr=0.003|drop=0.40] -> New best AUC=0.8105 at epoch 8
2026-02-11 14:05:20,873 - INFO - [junyi|gpd_base_full|lr=0.003|drop=0.40] Epoch [009/100] | Train: Loss=0.5346, BCE=0.5018, Reg=0.0328, AUC=0.8056, ACC=0.7580, RMSE=0.4071 | Val: Loss=0.5732, BCE=0.4904, Reg=0.0828, AUC=0.8119, ACC=0.7679, RMSE=0.4009
2026-02-11 14:05:20,873 - INFO - [junyi|gpd_base_full|lr=0.003|drop=0.40] [Reg Terms] Epoch [009] | Train: graph_entropy=0.000000, mf_l2=0.000000, proto_div=0.000000, proto_usage=0.000000, personal_sparse=0.032798, alpha_var=-0.000000, reg_bce_ratio=0.0654 | Val: graph_entropy=0.050000, mf_l2=0.000000, proto_div=0.000000, proto_usage=0.000000, personal_sparse=0.032798, alpha_var=-0.000000, reg_bce_ratio=0.1688
2026-02-11 14:05:21,186 - INFO - [junyi|gpd_base_full|lr=0.003|drop=0.40] -> New best AUC=0.8119 at epoch 9
2026-02-11 14:07:50,364 - INFO - [junyi|gpd_base_full|lr=0.003|drop=0.40] Epoch [010/100] | Train: Loss=0.5346, BCE=0.5018, Reg=0.0328, AUC=0.8057, ACC=0.7588, RMSE=0.4070 | Val: Loss=0.5791, BCE=0.4963, Reg=0.0828, AUC=0.8098, ACC=0.7691, RMSE=0.4026
2026-02-11 14:07:50,364 - INFO - [junyi|gpd_base_full|lr=0.003|drop=0.40] [Reg Terms] Epoch [010] | Train: graph_entropy=0.000000, mf_l2=0.000000, proto_div=0.000000, proto_usage=0.000000, personal_sparse=0.032798, alpha_var=-0.000000, reg_bce_ratio=0.0654 | Val: graph_entropy=0.050000, mf_l2=0.000000, proto_div=0.000000, proto_usage=0.000000, personal_sparse=0.032798, alpha_var=-0.000000, reg_bce_ratio=0.1668
2026-02-11 14:07:50,364 - INFO - [junyi|gpd_base_full|lr=0.003|drop=0.40] -> No improvement 1 epoch(s) (best AUC=0.8119 @ 9)
2026-02-11 14:07:50,550 - INFO - [junyi|gpd_base_full|lr=0.003|drop=0.40] Checkpoint saved: checkpoints/junyi_ablation_full_seed42/checkpoint_epoch_10.pth
2026-02-11 14:07:50,941 - INFO - [junyi|gpd_base_full|lr=0.003|drop=0.40] [Module Activity] Epoch 10: Graph✗ Personal✗ MF✓
2026-02-11 14:10:20,094 - INFO - [junyi|gpd_base_full|lr=0.003|drop=0.40] Epoch [011/100] | Train: Loss=0.5345, BCE=0.5017, Reg=0.0328, AUC=0.8059, ACC=0.7584, RMSE=0.4070 | Val: Loss=0.5721, BCE=0.4893, Reg=0.0828, AUC=0.8129, ACC=0.7696, RMSE=0.4003
2026-02-11 14:10:20,094 - INFO - [junyi|gpd_base_full|lr=0.003|drop=0.40] [Reg Terms] Epoch [011] | Train: graph_entropy=0.000000, mf_l2=0.000000, proto_div=0.000000, proto_usage=0.000000, personal_sparse=0.032798, alpha_var=-0.000000, reg_bce_ratio=0.0654 | Val: graph_entropy=0.050000, mf_l2=0.000000, proto_div=0.000000, proto_usage=0.000000, personal_sparse=0.032798, alpha_var=-0.000000, reg_bce_ratio=0.1692
2026-02-11 14:10:20,358 - INFO - [junyi|gpd_base_full|lr=0.003|drop=0.40] -> New best AUC=0.8129 at epoch 11
2026-02-11 14:12:49,477 - INFO - [junyi|gpd_base_full|lr=0.003|drop=0.40] Epoch [012/100] | Train: Loss=0.5339, BCE=0.5011, Reg=0.0328, AUC=0.8064, ACC=0.7586, RMSE=0.4067 | Val: Loss=0.5756, BCE=0.4928, Reg=0.0828, AUC=0.8113, ACC=0.7674, RMSE=0.4017
2026-02-11 14:12:49,477 - INFO - [junyi|gpd_base_full|lr=0.003|drop=0.40] [Reg Terms] Epoch [012] | Train: graph_entropy=0.000000, mf_l2=0.000000, proto_div=0.000000, proto_usage=0.000000, personal_sparse=0.032798, alpha_var=-0.000000, reg_bce_ratio=0.0655 | Val: graph_entropy=0.050000, mf_l2=0.000000, proto_div=0.000000, proto_usage=0.000000, personal_sparse=0.032798, alpha_var=-0.000000, reg_bce_ratio=0.1680
2026-02-11 14:12:49,478 - INFO - [junyi|gpd_base_full|lr=0.003|drop=0.40] -> No improvement 1 epoch(s) (best AUC=0.8129 @ 11)
2026-02-11 14:15:18,578 - INFO - [junyi|gpd_base_full|lr=0.003|drop=0.40] Epoch [013/100] | Train: Loss=0.5342, BCE=0.5014, Reg=0.0328, AUC=0.8061, ACC=0.7580, RMSE=0.4069 | Val: Loss=0.5822, BCE=0.4994, Reg=0.0828, AUC=0.8106, ACC=0.7659, RMSE=0.4042
2026-02-11 14:15:18,578 - INFO - [junyi|gpd_base_full|lr=0.003|drop=0.40] [Reg Terms] Epoch [013] | Train: graph_entropy=0.000000, mf_l2=0.000000, proto_div=0.000000, proto_usage=0.000000, personal_sparse=0.032798, alpha_var=-0.000000, reg_bce_ratio=0.0654 | Val: graph_entropy=0.050000, mf_l2=0.000000, proto_div=0.000000, proto_usage=0.000000, personal_sparse=0.032798, alpha_var=-0.000000, reg_bce_ratio=0.1658
2026-02-11 14:15:18,578 - INFO - [junyi|gpd_base_full|lr=0.003|drop=0.40] -> No improvement 2 epoch(s) (best AUC=0.8129 @ 11)
2026-02-11 14:17:47,731 - INFO - [junyi|gpd_base_full|lr=0.003|drop=0.40] Epoch [014/100] | Train: Loss=0.5235, BCE=0.4907, Reg=0.0328, AUC=0.8158, ACC=0.7663, RMSE=0.4015 | Val: Loss=0.5681, BCE=0.4853, Reg=0.0828, AUC=0.8185, ACC=0.7717, RMSE=0.3981
2026-02-11 14:17:47,731 - INFO - [junyi|gpd_base_full|lr=0.003|drop=0.40] [Reg Terms] Epoch [014] | Train: graph_entropy=0.000000, mf_l2=0.000000, proto_div=0.000000, proto_usage=0.000000, personal_sparse=0.032798, alpha_var=-0.000000, reg_bce_ratio=0.0668 | Val: graph_entropy=0.050000, mf_l2=0.000000, proto_div=0.000000, proto_usage=0.000000, personal_sparse=0.032798, alpha_var=-0.000000, reg_bce_ratio=0.1706
2026-02-11 14:17:48,167 - INFO - [junyi|gpd_base_full|lr=0.003|drop=0.40] -> New best AUC=0.8185 at epoch 14
2026-02-11 14:20:17,254 - INFO - [junyi|gpd_base_full|lr=0.003|drop=0.40] Epoch [015/100] | Train: Loss=0.5207, BCE=0.4879, Reg=0.0328, AUC=0.8182, ACC=0.7682, RMSE=0.4001 | Val: Loss=0.5689, BCE=0.4861, Reg=0.0828, AUC=0.8178, ACC=0.7727, RMSE=0.3980
2026-02-11 14:20:17,254 - INFO - [junyi|gpd_base_full|lr=0.003|drop=0.40] [Reg Terms] Epoch [015] | Train: graph_entropy=0.000000, mf_l2=0.000000, proto_div=0.000000, proto_usage=0.000000, personal_sparse=0.032798, alpha_var=-0.000000, reg_bce_ratio=0.0672 | Val: graph_entropy=0.050000, mf_l2=0.000000, proto_div=0.000000, proto_usage=0.000000, personal_sparse=0.032798, alpha_var=-0.000000, reg_bce_ratio=0.1703
2026-02-11 14:20:17,254 - INFO - [junyi|gpd_base_full|lr=0.003|drop=0.40] -> No improvement 1 epoch(s) (best AUC=0.8185 @ 14)
2026-02-11 14:22:46,396 - INFO - [junyi|gpd_base_full|lr=0.003|drop=0.40] Epoch [016/100] | Train: Loss=0.5194, BCE=0.4866, Reg=0.0328, AUC=0.8192, ACC=0.7688, RMSE=0.3995 | Val: Loss=0.5685, BCE=0.4857, Reg=0.0828, AUC=0.8189, ACC=0.7744, RMSE=0.3974
2026-02-11 14:22:46,396 - INFO - [junyi|gpd_base_full|lr=0.003|drop=0.40] [Reg Terms] Epoch [016] | Train: graph_entropy=0.000000, mf_l2=0.000000, proto_div=0.000000, proto_usage=0.000000, personal_sparse=0.032798, alpha_var=-0.000000, reg_bce_ratio=0.0674 | Val: graph_entropy=0.050000, mf_l2=0.000000, proto_div=0.000000, proto_usage=0.000000, personal_sparse=0.032798, alpha_var=-0.000000, reg_bce_ratio=0.1705
2026-02-11 14:22:46,706 - INFO - [junyi|gpd_base_full|lr=0.003|drop=0.40] -> New best AUC=0.8189 at epoch 16
2026-02-11 14:25:15,822 - INFO - [junyi|gpd_base_full|lr=0.003|drop=0.40] Epoch [017/100] | Train: Loss=0.5077, BCE=0.4749, Reg=0.0328, AUC=0.8294, ACC=0.7769, RMSE=0.3936 | Val: Loss=0.5637, BCE=0.4809, Reg=0.0828, AUC=0.8234, ACC=0.7775, RMSE=0.3953
2026-02-11 14:25:15,822 - INFO - [junyi|gpd_base_full|lr=0.003|drop=0.40] [Reg Terms] Epoch [017] | Train: graph_entropy=0.000000, mf_l2=0.000000, proto_div=0.000000, proto_usage=0.000000, personal_sparse=0.032798, alpha_var=-0.000000, reg_bce_ratio=0.0691 | Val: graph_entropy=0.050000, mf_l2=0.000000, proto_div=0.000000, proto_usage=0.000000, personal_sparse=0.032798, alpha_var=-0.000000, reg_bce_ratio=0.1722
2026-02-11 14:25:16,120 - INFO - [junyi|gpd_base_full|lr=0.003|drop=0.40] -> New best AUC=0.8234 at epoch 17
2026-02-11 14:27:45,300 - INFO - [junyi|gpd_base_full|lr=0.003|drop=0.40] Epoch [018/100] | Train: Loss=0.5049, BCE=0.4721, Reg=0.0328, AUC=0.8315, ACC=0.7777, RMSE=0.3922 | Val: Loss=0.5667, BCE=0.4839, Reg=0.0828, AUC=0.8222, ACC=0.7758, RMSE=0.3966
2026-02-11 14:27:45,301 - INFO - [junyi|gpd_base_full|lr=0.003|drop=0.40] [Reg Terms] Epoch [018] | Train: graph_entropy=0.000000, mf_l2=0.000000, proto_div=0.000000, proto_usage=0.000000, personal_sparse=0.032798, alpha_var=-0.000000, reg_bce_ratio=0.0695 | Val: graph_entropy=0.050000, mf_l2=0.000000, proto_div=0.000000, proto_usage=0.000000, personal_sparse=0.032798, alpha_var=-0.000000, reg_bce_ratio=0.1711
2026-02-11 14:27:45,301 - INFO - [junyi|gpd_base_full|lr=0.003|drop=0.40] -> No improvement 1 epoch(s) (best AUC=0.8234 @ 17)
2026-02-11 14:30:14,418 - INFO - [junyi|gpd_base_full|lr=0.003|drop=0.40] Epoch [019/100] | Train: Loss=0.5029, BCE=0.4701, Reg=0.0328, AUC=0.8331, ACC=0.7796, RMSE=0.3913 | Val: Loss=0.5655, BCE=0.4827, Reg=0.0828, AUC=0.8233, ACC=0.7754, RMSE=0.3960
2026-02-11 14:30:14,418 - INFO - [junyi|gpd_base_full|lr=0.003|drop=0.40] [Reg Terms] Epoch [019] | Train: graph_entropy=0.000000, mf_l2=0.000000, proto_div=0.000000, proto_usage=0.000000, personal_sparse=0.032798, alpha_var=-0.000000, reg_bce_ratio=0.0698 | Val: graph_entropy=0.050000, mf_l2=0.000000, proto_div=0.000000, proto_usage=0.000000, personal_sparse=0.032798, alpha_var=-0.000000, reg_bce_ratio=0.1715
2026-02-11 14:30:14,418 - INFO - [junyi|gpd_base_full|lr=0.003|drop=0.40] -> No improvement 2 epoch(s) (best AUC=0.8234 @ 17)
2026-02-11 14:32:43,473 - INFO - [junyi|gpd_base_full|lr=0.003|drop=0.40] Epoch [020/100] | Train: Loss=0.4898, BCE=0.4570, Reg=0.0328, AUC=0.8430, ACC=0.7873, RMSE=0.3848 | Val: Loss=0.5702, BCE=0.4874, Reg=0.0828, AUC=0.8243, ACC=0.7760, RMSE=0.3972
2026-02-11 14:32:43,474 - INFO - [junyi|gpd_base_full|lr=0.003|drop=0.40] [Reg Terms] Epoch [020] | Train: graph_entropy=0.000000, mf_l2=0.000000, proto_div=0.000000, proto_usage=0.000000, personal_sparse=0.032798, alpha_var=-0.000000, reg_bce_ratio=0.0718 | Val: graph_entropy=0.050000, mf_l2=0.000000, proto_div=0.000000, proto_usage=0.000000, personal_sparse=0.032798, alpha_var=-0.000000, reg_bce_ratio=0.1699
2026-02-11 14:32:43,715 - INFO - [junyi|gpd_base_full|lr=0.003|drop=0.40] -> New best AUC=0.8243 at epoch 20
2026-02-11 14:32:43,906 - INFO - [junyi|gpd_base_full|lr=0.003|drop=0.40] Checkpoint saved: checkpoints/junyi_ablation_full_seed42/checkpoint_epoch_20.pth
2026-02-11 14:32:44,311 - INFO - [junyi|gpd_base_full|lr=0.003|drop=0.40] [Module Activity] Epoch 20: Graph✗ Personal✗ MF✓
2026-02-11 14:35:13,367 - INFO - [junyi|gpd_base_full|lr=0.003|drop=0.40] Epoch [021/100] | Train: Loss=0.4859, BCE=0.4531, Reg=0.0328, AUC=0.8457, ACC=0.7890, RMSE=0.3830 | Val: Loss=0.5705, BCE=0.4877, Reg=0.0828, AUC=0.8240, ACC=0.7758, RMSE=0.3976
2026-02-11 14:35:13,367 - INFO - [junyi|gpd_base_full|lr=0.003|drop=0.40] [Reg Terms] Epoch [021] | Train: graph_entropy=0.000000, mf_l2=0.000000, proto_div=0.000000, proto_usage=0.000000, personal_sparse=0.032798, alpha_var=-0.000000, reg_bce_ratio=0.0724 | Val: graph_entropy=0.050000, mf_l2=0.000000, proto_div=0.000000, proto_usage=0.000000, personal_sparse=0.032798, alpha_var=-0.000000, reg_bce_ratio=0.1698
2026-02-11 14:35:13,367 - INFO - [junyi|gpd_base_full|lr=0.003|drop=0.40] -> No improvement 1 epoch(s) (best AUC=0.8243 @ 20)
2026-02-11 14:37:42,412 - INFO - [junyi|gpd_base_full|lr=0.003|drop=0.40] Epoch [022/100] | Train: Loss=0.4712, BCE=0.4384, Reg=0.0328, AUC=0.8564, ACC=0.7973, RMSE=0.3755 | Val: Loss=0.5768, BCE=0.4940, Reg=0.0828, AUC=0.8235, ACC=0.7753, RMSE=0.3995
2026-02-11 14:37:42,413 - INFO - [junyi|gpd_base_full|lr=0.003|drop=0.40] [Reg Terms] Epoch [022] | Train: graph_entropy=0.000000, mf_l2=0.000000, proto_div=0.000000, proto_usage=0.000000, personal_sparse=0.032798, alpha_var=-0.000000, reg_bce_ratio=0.0748 | Val: graph_entropy=0.050000, mf_l2=0.000000, proto_div=0.000000, proto_usage=0.000000, personal_sparse=0.032798, alpha_var=-0.000000, reg_bce_ratio=0.1676
2026-02-11 14:37:42,413 - INFO - [junyi|gpd_base_full|lr=0.003|drop=0.40] -> No improvement 2 epoch(s) (best AUC=0.8243 @ 20)
2026-02-11 14:40:11,496 - INFO - [junyi|gpd_base_full|lr=0.003|drop=0.40] Epoch [023/100] | Train: Loss=0.4641, BCE=0.4313, Reg=0.0328, AUC=0.8614, ACC=0.8012, RMSE=0.3722 | Val: Loss=0.5775, BCE=0.4947, Reg=0.0828, AUC=0.8224, ACC=0.7733, RMSE=0.3995
2026-02-11 14:40:11,496 - INFO - [junyi|gpd_base_full|lr=0.003|drop=0.40] [Reg Terms] Epoch [023] | Train: graph_entropy=0.000000, mf_l2=0.000000, proto_div=0.000000, proto_usage=0.000000, personal_sparse=0.032798, alpha_var=-0.000000, reg_bce_ratio=0.0760 | Val: graph_entropy=0.050000, mf_l2=0.000000, proto_div=0.000000, proto_usage=0.000000, personal_sparse=0.032798, alpha_var=-0.000000, reg_bce_ratio=0.1674
2026-02-11 14:40:11,497 - INFO - [junyi|gpd_base_full|lr=0.003|drop=0.40] -> No improvement 3 epoch(s) (best AUC=0.8243 @ 20)
2026-02-11 14:40:11,497 - INFO - [junyi|gpd_base_full|lr=0.003|drop=0.40] Early stopping at epoch 23 (best AUC=0.8243 @ 20)
2026-02-11 14:40:11,503 - INFO - Epoch-wise metrics saved to checkpoints/junyi_ablation_full_seed42/metrics_history.csv
2026-02-11 14:40:11,505 - INFO - [junyi|gpd_base_full|lr=0.003|drop=0.40] Training completed! Best Val AUC=0.8243 @ epoch 20
2026-02-11 14:40:11,868 - INFO - 
============================================================
         MODULE ACTIVITY REPORT
============================================================
Dataset: junyi | Seed: 42 | Epoch: 23

1. Soft Prototype Module:
   - Status: DISABLED (num_prototypes=0 or use_soft_prototype=False)

2. Concept Graph Module:
   - Mean row entropy: 6.560 / 6.560
   - Entropy ratio: 100.0%
   - Status: ✗ TRIVIAL (uniform distribution, not learning)
   → Consider: increase lambda_sparse or training longer

3. Personal Graph Module:
   - Gate alpha mean: 0.500
   - Gate alpha std: 0.000
   - Status: ⚠ MARGINAL (low alpha values)

4. Skill/MF Module:
   - MF logit |mean|: 0.2583
   - MF logit std: 0.2987
   - Fusion gate mean: 0.492
   - Status: ✓ ACTIVE (contributing to predictions)

------------------------------------------------------------
SUMMARY:
   Active modules: Skill/MF
   ⚠ Inactive modules: Concept Graph, Personal Graph
============================================================
2026-02-11 14:40:11,869 - INFO - [junyi|gpd_base_full|lr=0.003|drop=0.40] Module activity saved to checkpoints/junyi_ablation_full_seed42/module_activity.json
2026-02-11 14:40:11,986 - INFO - Using device: cuda:0 (physical gpu 2)
2026-02-11 14:40:11,987 - INFO - Loading model from checkpoints/junyi_ablation_full_seed42/best_model.pth...
2026-02-11 14:40:12,358 - INFO - Inference switches: ablate_module1=False, ablate_module2=False, ablate_module3=False | enable_module1=True, enable_module2=True, enable_module3=True | use_soft_prototype=False, use_mf_branch=True, use_concept_graph=True, use_q_aligned_residual=True, use_soft_prototype_main_path=False | effective(num_gnn_layers=2, num_prototypes=0)
2026-02-11 14:40:12,395 - INFO - [Inference] Ablation runtime check: args(ablate_module1=False,ablate_module2=False,ablate_module3=False) | model(enable_module1=True,enable_module2=True,enable_module3=True) | physical(has_knowledge_encoder=True,has_mf_branch=True,has_soft_prototype=False)
2026-02-11 14:40:12,395 - INFO - [Inference] [Module3 Init] fusion_gate_bias=-1.1000, fusion_gate_max=1.0000, implied_gate=0.2497, q_gate=0.5000, mf_scale=0.1000, bias_scale=0.1000
2026-02-11 14:40:12,397 - INFO - Model loaded from epoch 20. Start testing...
2026-02-11 14:40:20,563 - INFO - [Test] 200/262 batches done, samples=51200
2026-02-11 14:40:23,140 - INFO - 
==================================================
2026-02-11 14:40:23,140 - INFO - Test Results:
2026-02-11 14:40:23,140 - INFO - AUC: 0.8294
2026-02-11 14:40:23,140 - INFO - ACC: 0.7699
2026-02-11 14:40:23,140 - INFO - RMSE: 0.4017
2026-02-11 14:40:23,140 - INFO - ==================================================
2026-02-11 14:40:23,149 - INFO - Summary appended to /home/zsh/ConceptSkillCDM/results/experiment_results.csv
2026-02-11 14:40:23,162 - INFO - Run completed.
2026-02-11 14:40:23,163 - INFO - Best validation AUC: 0.8243 at epoch 20
2026-02-11 14:40:23,163 - INFO - Test metrics - AUC: 0.8294, ACC: 0.7699, RMSE: 0.4017
