2026-02-09 11:32:09,281 - INFO - Arguments:
2026-02-09 11:32:09,282 - INFO -   ablate_concept_graph: False
2026-02-09 11:32:09,282 - INFO -   ablate_module1: False
2026-02-09 11:32:09,282 - INFO -   ablate_module2: False
2026-02-09 11:32:09,282 - INFO -   ablate_module3: False
2026-02-09 11:32:09,282 - INFO -   ablate_skill_encoder: False
2026-02-09 11:32:09,282 - INFO -   ablate_soft_prototype: False
2026-02-09 11:32:09,282 - INFO -   allow_self_loop: True
2026-02-09 11:32:09,282 - INFO -   batch_size: 256
2026-02-09 11:32:09,282 - INFO -   data_dir: ./data/junyi
2026-02-09 11:32:09,282 - INFO -   dataset_name: junyi
2026-02-09 11:32:09,282 - INFO -   disable_q_conditioning: False
2026-02-09 11:32:09,282 - INFO -   disable_self_loop: False
2026-02-09 11:32:09,282 - INFO -   disable_soft_prototype: False
2026-02-09 11:32:09,282 - INFO -   dropout: 0.4
2026-02-09 11:32:09,282 - INFO -   early_stop_patience: 3
2026-02-09 11:32:09,282 - INFO -   enable_module1: True
2026-02-09 11:32:09,282 - INFO -   enable_module2: True
2026-02-09 11:32:09,282 - INFO -   enable_module3: True
2026-02-09 11:32:09,282 - INFO -   epochs: 100
2026-02-09 11:32:09,282 - INFO -   exercise_dim: 128
2026-02-09 11:32:09,282 - INFO -   exercise_l2_lambda: 5e-05
2026-02-09 11:32:09,282 - INFO -   generate_diagnosis: False
2026-02-09 11:32:09,282 - INFO -   gnn_residual_weight: 0.5
2026-02-09 11:32:09,282 - INFO -   gpu_candidates: None
2026-02-09 11:32:09,282 - INFO -   gpu_ids: None
2026-02-09 11:32:09,283 - INFO -   graph_topk: None
2026-02-09 11:32:09,283 - INFO -   knowledge_dim: 128
2026-02-09 11:32:09,283 - INFO -   lambda_alpha: 0.01
2026-02-09 11:32:09,283 - INFO -   lambda_proto_div: 0.1
2026-02-09 11:32:09,283 - INFO -   lambda_proto_usage: 0.1
2026-02-09 11:32:09,283 - INFO -   lambda_sparse: 1.0
2026-02-09 11:32:09,283 - INFO -   lambda_sparse_personal: 0.005
2026-02-09 11:32:09,283 - INFO -   learning_rate: 0.003
2026-02-09 11:32:09,283 - INFO -   log_dir: logs/junyi_ablation_full_seed42
2026-02-09 11:32:09,283 - INFO -   min_exer_interactions: 0
2026-02-09 11:32:09,283 - INFO -   min_poison_count: 0
2026-02-09 11:32:09,283 - INFO -   min_stu_interactions: 15
2026-02-09 11:32:09,283 - INFO -   model_variant: gpd_base_full
2026-02-09 11:32:09,283 - INFO -   multi_gpu: False
2026-02-09 11:32:09,283 - INFO -   no_cuda: False
2026-02-09 11:32:09,283 - INFO -   num_gnn_layers: 2
2026-02-09 11:32:09,283 - INFO -   num_prototypes: 3
2026-02-09 11:32:09,283 - INFO -   num_relation_heads: 2
2026-02-09 11:32:09,283 - INFO -   num_workers: 4
2026-02-09 11:32:09,283 - INFO -   patience: 1
2026-02-09 11:32:09,283 - INFO -   personal_rank: 4
2026-02-09 11:32:09,283 - INFO -   proto_lambda: 5.0
2026-02-09 11:32:09,283 - INFO -   proto_tau: 1.0
2026-02-09 11:32:09,283 - INFO -   save_dir: checkpoints/junyi_ablation_full_seed42
2026-02-09 11:32:09,283 - INFO -   save_interval: 10
2026-02-09 11:32:09,283 - INFO -   seed: 42
2026-02-09 11:32:09,283 - INFO -   skill_dim: 64
2026-02-09 11:32:09,283 - INFO -   use_concept_graph: True
2026-02-09 11:32:09,283 - INFO -   use_exercise_graph: True
2026-02-09 11:32:09,283 - INFO -   use_mf_branch: True
2026-02-09 11:32:09,284 - INFO -   use_personal_graph: True
2026-02-09 11:32:09,284 - INFO -   use_q_conditioning: True
2026-02-09 11:32:09,284 - INFO -   use_skill_encoder: True
2026-02-09 11:32:09,284 - INFO -   use_soft_prototype: True
2026-02-09 11:32:09,284 - INFO -   weight_decay: 0.001
2026-02-09 11:32:09,378 - INFO - Using device: cuda:0 (physical gpu 2)
2026-02-09 11:32:09,378 - INFO - [junyi|gpd_base_full|lr=0.003|drop=0.40] Loading datasets...
2026-02-09 11:32:09,378 - INFO - [junyi|gpd_base_full|lr=0.003|drop=0.40] Regularization: graph_entropy(lambda_sparse)=1.000000, proto_div=0.100000, proto_usage=0.100000, personal_sparse=0.005000, alpha_penalty=0.010000, mf_l2(exercise_l2_lambda)=0.000050
2026-02-09 11:32:09,494 - INFO - [数据清洗] 学生交互次数 < 15 次的学生：共移除 0 个学生（仅统计用户数）
2026-02-09 11:32:09,510 - INFO - [数据清洗] 学生冷启动过滤：在 train/valid/test 中共删除 0 条记录。
2026-02-09 11:32:09,511 - INFO - [数据清洗] 跳过题目冷门过滤（min_exer_interactions <= 0）。
2026-02-09 11:32:09,511 - INFO - [数据清洗] 跳过毒题清洗（min_poison_count <= 0）。
2026-02-09 11:32:19,137 - INFO - [junyi|gpd_base_full|lr=0.003|drop=0.40] Train samples: 262473, Val samples: 24299
2026-02-09 11:32:19,137 - INFO - [junyi|gpd_base_full|lr=0.003|drop=0.40] Number of students: 10000
2026-02-09 11:32:19,137 - INFO - [junyi|gpd_base_full|lr=0.003|drop=0.40] Number of exercises: 706
2026-02-09 11:32:19,137 - INFO - [junyi|gpd_base_full|lr=0.003|drop=0.40] Number of concepts: 706
2026-02-09 11:32:19,137 - INFO - [junyi|gpd_base_full|lr=0.003|drop=0.40] Creating model...
2026-02-09 11:32:19,137 - INFO - [junyi|gpd_base_full|lr=0.003|drop=0.40] Ablation switches: ablate_module1=False, ablate_module2=False, ablate_module3=False | enable_module1=True, enable_module2=True, enable_module3=True | use_soft_prototype=True, use_mf_branch=True, use_concept_graph=True | effective(num_gnn_layers=2, num_prototypes=3)
2026-02-09 11:32:19,289 - INFO - [junyi|gpd_base_full|lr=0.003|drop=0.40] Ablation runtime check: args(ablate_module1=False,ablate_module2=False,ablate_module3=False) | model(enable_module1=True,enable_module2=True,enable_module3=True) | physical(has_knowledge_encoder=True,has_mf_branch=True,has_soft_prototype=True)
2026-02-09 11:32:19,289 - INFO - [junyi|gpd_base_full|lr=0.003|drop=0.40] Total parameters: 3,079,653
2026-02-09 11:32:19,289 - INFO - [junyi|gpd_base_full|lr=0.003|drop=0.40] Trainable parameters: 3,079,653
2026-02-09 11:32:20,226 - INFO - [junyi|gpd_base_full|lr=0.003|drop=0.40] Starting training...
2026-02-09 11:34:44,000 - INFO - [junyi|gpd_base_full|lr=0.003|drop=0.40] Epoch [001/100] | Train: Loss=6.6226, BCE=0.5414, Reg=6.0812, AUC=0.7674, ACC=0.7284, RMSE=0.4264 | Val: Loss=7.1081, BCE=0.5154, Reg=6.5927, AUC=0.7902, ACC=0.7500, RMSE=0.4131
2026-02-09 11:34:44,101 - INFO - [junyi|gpd_base_full|lr=0.003|drop=0.40] -> New best AUC=0.7902 at epoch 1
2026-02-09 11:37:07,421 - INFO - [junyi|gpd_base_full|lr=0.003|drop=0.40] Epoch [002/100] | Train: Loss=6.5984, BCE=0.5169, Reg=6.0815, AUC=0.7909, ACC=0.7459, RMSE=0.4147 | Val: Loss=7.1038, BCE=0.5109, Reg=6.5929, AUC=0.7994, ACC=0.7574, RMSE=0.4102
2026-02-09 11:37:07,732 - INFO - [junyi|gpd_base_full|lr=0.003|drop=0.40] -> New best AUC=0.7994 at epoch 2
2026-02-09 11:39:31,157 - INFO - [junyi|gpd_base_full|lr=0.003|drop=0.40] Epoch [003/100] | Train: Loss=6.5922, BCE=0.5106, Reg=6.0816, AUC=0.7972, ACC=0.7502, RMSE=0.4116 | Val: Loss=7.0986, BCE=0.5058, Reg=6.5928, AUC=0.8028, ACC=0.7606, RMSE=0.4072
2026-02-09 11:39:31,447 - INFO - [junyi|gpd_base_full|lr=0.003|drop=0.40] -> New best AUC=0.8028 at epoch 3
2026-02-09 11:41:54,592 - INFO - [junyi|gpd_base_full|lr=0.003|drop=0.40] Epoch [004/100] | Train: Loss=6.5869, BCE=0.5052, Reg=6.0818, AUC=0.8024, ACC=0.7543, RMSE=0.4090 | Val: Loss=7.0901, BCE=0.4968, Reg=6.5933, AUC=0.8077, ACC=0.7637, RMSE=0.4035
2026-02-09 11:41:54,846 - INFO - [junyi|gpd_base_full|lr=0.003|drop=0.40] -> New best AUC=0.8077 at epoch 4
2026-02-09 11:44:18,264 - INFO - [junyi|gpd_base_full|lr=0.003|drop=0.40] Epoch [005/100] | Train: Loss=6.5845, BCE=0.5020, Reg=6.0825, AUC=0.8053, ACC=0.7563, RMSE=0.4076 | Val: Loss=7.0960, BCE=0.5023, Reg=6.5937, AUC=0.8060, ACC=0.7638, RMSE=0.4061
2026-02-09 11:44:18,264 - INFO - [junyi|gpd_base_full|lr=0.003|drop=0.40] -> No improvement 1 epoch(s) (best AUC=0.8077 @ 4)
2026-02-09 11:46:41,526 - INFO - [junyi|gpd_base_full|lr=0.003|drop=0.40] Epoch [006/100] | Train: Loss=6.5826, BCE=0.4999, Reg=6.0828, AUC=0.8074, ACC=0.7583, RMSE=0.4064 | Val: Loss=7.0958, BCE=0.5020, Reg=6.5938, AUC=0.8094, ACC=0.7608, RMSE=0.4056
2026-02-09 11:46:41,889 - INFO - [junyi|gpd_base_full|lr=0.003|drop=0.40] -> New best AUC=0.8094 at epoch 6
2026-02-09 11:49:05,276 - INFO - [junyi|gpd_base_full|lr=0.003|drop=0.40] Epoch [007/100] | Train: Loss=6.5700, BCE=0.4872, Reg=6.0829, AUC=0.8189, ACC=0.7668, RMSE=0.4002 | Val: Loss=7.0812, BCE=0.4872, Reg=6.5940, AUC=0.8175, ACC=0.7721, RMSE=0.3989
2026-02-09 11:49:05,700 - INFO - [junyi|gpd_base_full|lr=0.003|drop=0.40] -> New best AUC=0.8175 at epoch 7
2026-02-09 11:51:29,200 - INFO - [junyi|gpd_base_full|lr=0.003|drop=0.40] Epoch [008/100] | Train: Loss=6.5669, BCE=0.4841, Reg=6.0828, AUC=0.8214, ACC=0.7684, RMSE=0.3987 | Val: Loss=7.0800, BCE=0.4859, Reg=6.5940, AUC=0.8176, ACC=0.7713, RMSE=0.3984
2026-02-09 11:51:29,462 - INFO - [junyi|gpd_base_full|lr=0.003|drop=0.40] -> New best AUC=0.8176 at epoch 8
2026-02-09 11:53:52,738 - INFO - [junyi|gpd_base_full|lr=0.003|drop=0.40] Epoch [009/100] | Train: Loss=6.5645, BCE=0.4816, Reg=6.0829, AUC=0.8235, ACC=0.7702, RMSE=0.3975 | Val: Loss=7.0802, BCE=0.4862, Reg=6.5940, AUC=0.8190, ACC=0.7731, RMSE=0.3983
2026-02-09 11:53:52,985 - INFO - [junyi|gpd_base_full|lr=0.003|drop=0.40] -> New best AUC=0.8190 at epoch 9
2026-02-09 11:56:16,312 - INFO - [junyi|gpd_base_full|lr=0.003|drop=0.40] Epoch [010/100] | Train: Loss=6.5644, BCE=0.4815, Reg=6.0828, AUC=0.8235, ACC=0.7701, RMSE=0.3975 | Val: Loss=7.0776, BCE=0.4835, Reg=6.5940, AUC=0.8195, ACC=0.7745, RMSE=0.3973
2026-02-09 11:56:16,614 - INFO - [junyi|gpd_base_full|lr=0.003|drop=0.40] -> New best AUC=0.8195 at epoch 10
2026-02-09 11:56:16,704 - INFO - [junyi|gpd_base_full|lr=0.003|drop=0.40] Checkpoint saved: checkpoints/junyi_ablation_full_seed42/checkpoint_epoch_10.pth
2026-02-09 11:56:17,020 - INFO - [junyi|gpd_base_full|lr=0.003|drop=0.40] [Module Activity] Epoch 10: Proto✓ Graph✗ Personal✗ MF✓
2026-02-09 11:58:40,192 - INFO - [junyi|gpd_base_full|lr=0.003|drop=0.40] Epoch [011/100] | Train: Loss=6.5645, BCE=0.4816, Reg=6.0829, AUC=0.8235, ACC=0.7697, RMSE=0.3976 | Val: Loss=7.0772, BCE=0.4832, Reg=6.5940, AUC=0.8197, ACC=0.7726, RMSE=0.3976
2026-02-09 11:58:40,497 - INFO - [junyi|gpd_base_full|lr=0.003|drop=0.40] -> New best AUC=0.8197 at epoch 11
2026-02-09 12:01:03,828 - INFO - [junyi|gpd_base_full|lr=0.003|drop=0.40] Epoch [012/100] | Train: Loss=6.5627, BCE=0.4799, Reg=6.0828, AUC=0.8248, ACC=0.7706, RMSE=0.3968 | Val: Loss=7.0770, BCE=0.4830, Reg=6.5940, AUC=0.8188, ACC=0.7741, RMSE=0.3970
2026-02-09 12:01:03,828 - INFO - [junyi|gpd_base_full|lr=0.003|drop=0.40] -> No improvement 1 epoch(s) (best AUC=0.8197 @ 11)
2026-02-09 12:03:27,015 - INFO - [junyi|gpd_base_full|lr=0.003|drop=0.40] Epoch [013/100] | Train: Loss=6.5504, BCE=0.4675, Reg=6.0829, AUC=0.8353, ACC=0.7794, RMSE=0.3906 | Val: Loss=7.0749, BCE=0.4809, Reg=6.5940, AUC=0.8231, ACC=0.7753, RMSE=0.3955
2026-02-09 12:03:27,285 - INFO - [junyi|gpd_base_full|lr=0.003|drop=0.40] -> New best AUC=0.8231 at epoch 13
2026-02-09 12:05:50,504 - INFO - [junyi|gpd_base_full|lr=0.003|drop=0.40] Epoch [014/100] | Train: Loss=6.5472, BCE=0.4644, Reg=6.0828, AUC=0.8375, ACC=0.7807, RMSE=0.3892 | Val: Loss=7.0755, BCE=0.4815, Reg=6.5940, AUC=0.8220, ACC=0.7744, RMSE=0.3962
2026-02-09 12:05:50,505 - INFO - [junyi|gpd_base_full|lr=0.003|drop=0.40] -> No improvement 1 epoch(s) (best AUC=0.8231 @ 13)
2026-02-09 12:08:13,502 - INFO - [junyi|gpd_base_full|lr=0.003|drop=0.40] Epoch [015/100] | Train: Loss=6.5449, BCE=0.4622, Reg=6.0828, AUC=0.8392, ACC=0.7821, RMSE=0.3882 | Val: Loss=7.0738, BCE=0.4798, Reg=6.5940, AUC=0.8228, ACC=0.7746, RMSE=0.3960
2026-02-09 12:08:13,502 - INFO - [junyi|gpd_base_full|lr=0.003|drop=0.40] -> No improvement 2 epoch(s) (best AUC=0.8231 @ 13)
2026-02-09 12:10:36,714 - INFO - [junyi|gpd_base_full|lr=0.003|drop=0.40] Epoch [016/100] | Train: Loss=6.5429, BCE=0.4601, Reg=6.0828, AUC=0.8407, ACC=0.7826, RMSE=0.3872 | Val: Loss=7.0717, BCE=0.4777, Reg=6.5940, AUC=0.8235, ACC=0.7757, RMSE=0.3945
2026-02-09 12:10:36,949 - INFO - [junyi|gpd_base_full|lr=0.003|drop=0.40] -> New best AUC=0.8235 at epoch 16
2026-02-09 12:13:00,113 - INFO - [junyi|gpd_base_full|lr=0.003|drop=0.40] Epoch [017/100] | Train: Loss=6.5411, BCE=0.4584, Reg=6.0827, AUC=0.8422, ACC=0.7836, RMSE=0.3863 | Val: Loss=7.0736, BCE=0.4797, Reg=6.5939, AUC=0.8228, ACC=0.7754, RMSE=0.3960
2026-02-09 12:13:00,113 - INFO - [junyi|gpd_base_full|lr=0.003|drop=0.40] -> No improvement 1 epoch(s) (best AUC=0.8235 @ 16)
2026-02-09 12:15:23,300 - INFO - [junyi|gpd_base_full|lr=0.003|drop=0.40] Epoch [018/100] | Train: Loss=6.5390, BCE=0.4563, Reg=6.0827, AUC=0.8437, ACC=0.7846, RMSE=0.3854 | Val: Loss=7.0728, BCE=0.4789, Reg=6.5939, AUC=0.8220, ACC=0.7758, RMSE=0.3952
2026-02-09 12:15:23,300 - INFO - [junyi|gpd_base_full|lr=0.003|drop=0.40] -> No improvement 2 epoch(s) (best AUC=0.8235 @ 16)
2026-02-09 12:17:46,784 - INFO - [junyi|gpd_base_full|lr=0.003|drop=0.40] Epoch [019/100] | Train: Loss=6.5203, BCE=0.4376, Reg=6.0826, AUC=0.8577, ACC=0.7959, RMSE=0.3762 | Val: Loss=7.0782, BCE=0.4843, Reg=6.5939, AUC=0.8211, ACC=0.7755, RMSE=0.3972
2026-02-09 12:17:46,785 - INFO - [junyi|gpd_base_full|lr=0.003|drop=0.40] -> No improvement 3 epoch(s) (best AUC=0.8235 @ 16)
2026-02-09 12:17:46,785 - INFO - [junyi|gpd_base_full|lr=0.003|drop=0.40] Early stopping at epoch 19 (best AUC=0.8235 @ 16)
2026-02-09 12:17:46,788 - INFO - Epoch-wise metrics saved to checkpoints/junyi_ablation_full_seed42/metrics_history.csv
2026-02-09 12:17:46,789 - INFO - [junyi|gpd_base_full|lr=0.003|drop=0.40] Training completed! Best Val AUC=0.8235 @ epoch 16
2026-02-09 12:17:47,085 - INFO - 
============================================================
         MODULE ACTIVITY REPORT
============================================================
Dataset: junyi | Seed: 42 | Epoch: 19

1. Soft Prototype Module:
   - Usage entropy: 1.027 / 1.099
   - Usage ratio: 93.5%
   - Prototype distribution: ['0.43', '0.40', '0.17']
   - Status: ✓ ACTIVE

2. Concept Graph Module:
   - Mean row entropy: 6.560 / 6.560
   - Entropy ratio: 100.0%
   - Status: ✗ TRIVIAL (uniform distribution, not learning)
   → Consider: increase lambda_sparse or training longer

3. Personal Graph Module:
   - Gate alpha mean: 0.501
   - Gate alpha std: 0.000
   - Status: ⚠ MARGINAL (low alpha values)

4. Skill/MF Module:
   - MF logit |mean|: 0.1137
   - MF logit std: 0.1354
   - Fusion gate mean: 0.344
   - Status: ✓ ACTIVE (contributing to predictions)

------------------------------------------------------------
SUMMARY:
   Active modules: Soft Prototype, Skill/MF
   ⚠ Inactive modules: Concept Graph, Personal Graph
============================================================
2026-02-09 12:17:47,086 - INFO - [junyi|gpd_base_full|lr=0.003|drop=0.40] Module activity saved to checkpoints/junyi_ablation_full_seed42/module_activity.json
2026-02-09 12:17:47,197 - INFO - Using device: cuda:0 (physical gpu 2)
2026-02-09 12:17:47,197 - INFO - Loading model from checkpoints/junyi_ablation_full_seed42/best_model.pth...
2026-02-09 12:17:47,731 - INFO - Inference switches: ablate_module1=False, ablate_module2=False, ablate_module3=False | enable_module1=True, enable_module2=True, enable_module3=True | use_soft_prototype=True, use_mf_branch=True, use_concept_graph=True | effective(num_gnn_layers=2, num_prototypes=3)
2026-02-09 12:17:47,780 - INFO - [Inference] Ablation runtime check: args(ablate_module1=False,ablate_module2=False,ablate_module3=False) | model(enable_module1=True,enable_module2=True,enable_module3=True) | physical(has_knowledge_encoder=True,has_mf_branch=True,has_soft_prototype=True)
2026-02-09 12:17:47,781 - INFO - Model loaded from epoch 16. Start testing...
2026-02-09 12:17:56,040 - INFO - [Test] 200/262 batches done, samples=51200
2026-02-09 12:17:58,649 - INFO - 
==================================================
2026-02-09 12:17:58,649 - INFO - Test Results:
2026-02-09 12:17:58,650 - INFO - AUC: 0.8274
2026-02-09 12:17:58,650 - INFO - ACC: 0.7686
2026-02-09 12:17:58,650 - INFO - RMSE: 0.3998
2026-02-09 12:17:58,650 - INFO - ==================================================
2026-02-09 12:17:58,660 - INFO - Summary appended to /home/zsh/ConceptSkillCDM/results/experiment_results.csv
2026-02-09 12:17:58,678 - INFO - Run completed.
2026-02-09 12:17:58,678 - INFO - Best validation AUC: 0.8235 at epoch 16
2026-02-09 12:17:58,678 - INFO - Test metrics - AUC: 0.8274, ACC: 0.7686, RMSE: 0.3998
