2026-04-16 11:32:23,997 - INFO - Arguments:
2026-04-16 11:32:23,997 - INFO -   ablate_concept_graph: False
2026-04-16 11:32:23,997 - INFO -   ablate_module1: False
2026-04-16 11:32:23,997 - INFO -   allow_self_loop: True
2026-04-16 11:32:23,997 - INFO -   alpha_min_target: 0.0
2026-04-16 11:32:23,997 - INFO -   batch_size: 256
2026-04-16 11:32:23,997 - INFO -   data_dir: ./data/junyi
2026-04-16 11:32:23,997 - INFO -   dataset_name: junyi
2026-04-16 11:32:23,997 - INFO -   debug_graph_diag: True
2026-04-16 11:32:23,997 - INFO -   diag_batches: 1
2026-04-16 11:32:23,997 - INFO -   disable_self_loop: False
2026-04-16 11:32:23,997 - INFO -   dropout: 0.4
2026-04-16 11:32:23,997 - INFO -   early_stop_patience: 3
2026-04-16 11:32:23,997 - INFO -   enable_module1: True
2026-04-16 11:32:23,997 - INFO -   epochs: 100
2026-04-16 11:32:23,997 - INFO -   generate_diagnosis: False
2026-04-16 11:32:23,997 - INFO -   gnn_residual_weight: 0.5
2026-04-16 11:32:23,997 - INFO -   gpu_candidates: None
2026-04-16 11:32:23,997 - INFO -   gpu_ids: None
2026-04-16 11:32:23,997 - INFO -   gpu_memory_threshold: 2000
2026-04-16 11:32:23,997 - INFO -   gpus: None
2026-04-16 11:32:23,997 - INFO -   graph_dropout: 0.0
2026-04-16 11:32:23,997 - INFO -   graph_entropy_max: 0.7
2026-04-16 11:32:23,997 - INFO -   graph_entropy_min: 0.15
2026-04-16 11:32:23,997 - INFO -   graph_identity_residual: 0.05
2026-04-16 11:32:23,997 - INFO -   graph_propagation_alpha: 0.28
2026-04-16 11:32:23,997 - INFO -   graph_query_writeback_2hop_scale: 0.12
2026-04-16 11:32:23,997 - INFO -   graph_query_writeback_scale: 0.45
2026-04-16 11:32:23,997 - INFO -   graph_readout_1hop_scale: 0.45
2026-04-16 11:32:23,997 - INFO -   graph_readout_2hop_scale: 0.12
2026-04-16 11:32:23,998 - INFO -   graph_reg_cap_ratio: 6.0
2026-04-16 11:32:23,998 - INFO -   graph_reg_warmup_epochs: 2
2026-04-16 11:32:23,998 - INFO -   graph_tau_init: 0.55
2026-04-16 11:32:23,998 - INFO -   graph_topk: 24
2026-04-16 11:32:23,998 - INFO -   graph_uniform_margin: 0.12
2026-04-16 11:32:23,998 - INFO -   knowledge_dim: 128
2026-04-16 11:32:23,998 - INFO -   lambda_alpha: 0.0
2026-04-16 11:32:23,998 - INFO -   lambda_alpha_min: 0.0
2026-04-16 11:32:23,998 - INFO -   lambda_graph_diag: 0.12
2026-04-16 11:32:23,998 - INFO -   lambda_graph_uniform: 0.06
2026-04-16 11:32:23,998 - INFO -   lambda_sparse: 0.6
2026-04-16 11:32:23,998 - INFO -   lambda_sparse_personal: 0.0
2026-04-16 11:32:23,998 - INFO -   learning_rate: 0.003
2026-04-16 11:32:23,998 - INFO -   log_dir: logs/abce_diag/remote_sparse_local_20260416_d3a8de0/junyi/seed42/ae_dominant_no_E
2026-04-16 11:32:23,998 - INFO -   max_test_batches: None
2026-04-16 11:32:23,998 - INFO -   max_train_batches: None
2026-04-16 11:32:23,998 - INFO -   max_val_batches: None
2026-04-16 11:32:23,998 - INFO -   min_exer_interactions: 0
2026-04-16 11:32:23,998 - INFO -   min_poison_count: 0
2026-04-16 11:32:23,998 - INFO -   min_stu_interactions: 15
2026-04-16 11:32:23,998 - INFO -   model_variant: junyi_abce_ae_dominant_no_E
2026-04-16 11:32:23,998 - INFO -   multi_gpu: False
2026-04-16 11:32:23,998 - INFO -   no_cuda: False
2026-04-16 11:32:23,998 - INFO -   num_gnn_layers: 2
2026-04-16 11:32:23,998 - INFO -   num_gpus: 1
2026-04-16 11:32:23,998 - INFO -   num_relation_heads: 2
2026-04-16 11:32:23,998 - INFO -   num_workers: 4
2026-04-16 11:32:23,998 - INFO -   patience: 1
2026-04-16 11:32:23,998 - INFO -   personal_alpha_base_init: 0.04
2026-04-16 11:32:23,998 - INFO -   personal_alpha_bias_scale: 0.0
2026-04-16 11:32:23,998 - INFO -   personal_alpha_budget: 0.1
2026-04-16 11:32:23,998 - INFO -   personal_alpha_temperature: 1.7
2026-04-16 11:32:23,998 - INFO -   personal_delta_scale: 5.0
2026-04-16 11:32:23,998 - INFO -   personal_disable_student_global_context: True
2026-04-16 11:32:23,998 - INFO -   personal_id_lr_mult: 0.25
2026-04-16 11:32:23,998 - INFO -   personal_local_hops: 1
2026-04-16 11:32:23,998 - INFO -   personal_max_alpha: 0.28
2026-04-16 11:32:23,998 - INFO -   personal_neighbor_row_budget: 0.25
2026-04-16 11:32:23,998 - INFO -   personal_query_row_budget: 1.5
2026-04-16 11:32:23,998 - INFO -   personal_rank: 8
2026-04-16 11:32:23,998 - INFO -   personal_reg_warmup_epochs: 4
2026-04-16 11:32:23,998 - INFO -   personal_state_lr_mult: 1.5
2026-04-16 11:32:23,998 - INFO -   personal_student_dim: 64
2026-04-16 11:32:23,998 - INFO -   personal_support_only: True
2026-04-16 11:32:23,998 - INFO -   personal_warmup_epochs: 4
2026-04-16 11:32:23,998 - INFO -   prediction_l2_lambda: 1e-05
2026-04-16 11:32:23,998 - INFO -   save_dir: checkpoints/abce_diag/remote_sparse_local_20260416_d3a8de0/junyi/seed42/ae_dominant_no_E
2026-04-16 11:32:23,998 - INFO -   save_interval: 10
2026-04-16 11:32:23,998 - INFO -   seed: 42
2026-04-16 11:32:23,998 - INFO -   share_concept_embeddings: True
2026-04-16 11:32:23,998 - INFO -   use_concept_graph: True
2026-04-16 11:32:23,998 - INFO -   use_exercise_graph: True
2026-04-16 11:32:23,998 - INFO -   use_personal_graph: False
2026-04-16 11:32:23,998 - INFO -   weight_decay: 0.001
2026-04-16 11:32:24,081 - INFO - Using device: cuda:0 (physical gpu 2)
2026-04-16 11:32:24,081 - INFO - [junyi|junyi_abce_ae_dominant_no_E|lr=0.003|drop=0.40] Loading datasets...
2026-04-16 11:32:24,081 - INFO - [junyi|junyi_abce_ae_dominant_no_E|lr=0.003|drop=0.40] Regularization: graph_entropy(lambda_sparse)=0.600000, graph_diag=0.120000, graph_uniform=0.060000, personal_sparse=0.000000, alpha_penalty=0.000000, alpha_min=0.000000, prediction_l2=0.000010
2026-04-16 11:32:24,081 - INFO - [junyi|junyi_abce_ae_dominant_no_E|lr=0.003|drop=0.40] Graph controls: entropy_band=[0.15, 0.70], uniform_margin=0.12, warmup_epochs=2, cap_ratio=6.00, graph_dropout=0.000, graph_tau_init=0.550
2026-04-16 11:32:24,081 - INFO - [junyi|junyi_abce_ae_dominant_no_E|lr=0.003|drop=0.40] Personal controls: personal_max_alpha=0.280, personal_delta_scale=5.000, personal_warmup_epochs=4, personal_student_dim=64, alpha_min_target=0.0000, personal_local_hops=1, personal_support_only=True, personal_alpha_temperature=1.700, personal_alpha_budget=0.100, personal_query_row_budget=1.500, personal_neighbor_row_budget=0.250, personal_state_lr_mult=1.500, personal_id_lr_mult=0.250, graph_propagation_alpha=0.280, graph_query_writeback_scale=0.450, graph_query_writeback_2hop_scale=0.120
2026-04-16 11:32:24,151 - INFO - [junyi] [数据清洗] 学生交互次数 < 15 次的学生：共移除 2188 个学生（仅统计用户数）
2026-04-16 11:32:24,161 - INFO - [junyi] [数据清洗] 学生冷启动过滤：在 train/valid/test 中共删除 35779 条记录。
2026-04-16 11:32:24,162 - INFO - [junyi] [数据清洗] 跳过题目冷门过滤（min_exer_interactions <= 0）。
2026-04-16 11:32:24,162 - INFO - [junyi] [数据清洗] 跳过毒题清洗（min_poison_count <= 0）。
2026-04-16 11:32:24,162 - INFO - [junyi] 正在构建ID映射...
2026-04-16 11:32:24,275 - INFO - [junyi] 正在构建Q矩阵...
2026-04-16 11:32:28,526 - INFO - [junyi] [数据清洗] Valid train-seen 过滤：before=22111, after=22111, dropped=0, coverage=100.00%
2026-04-16 11:32:28,529 - INFO - [junyi] [数据清洗] Test train-seen 过滤：before=60499, after=60494, dropped=5, coverage=99.99%
2026-04-16 11:32:28,530 - INFO - [junyi] [统计] 开始统计清洗后每道题的概念数量分布...
2026-04-16 11:32:28,532 - INFO - [junyi] [Train] 概念数统计：题目数=697, 平均概念数=1.0000, min=1, max=1, 1概念=697 (100.00%), ≥2概念=0 (0.00%)
2026-04-16 11:32:28,532 - INFO - [junyi] [Train] 概念数直方图（概念数: 题目数量）: {1: 697}
2026-04-16 11:32:28,533 - INFO - [junyi] [Valid] 概念数统计：题目数=614, 平均概念数=1.0000, min=1, max=1, 1概念=614 (100.00%), ≥2概念=0 (0.00%)
2026-04-16 11:32:28,533 - INFO - [junyi] [Valid] 概念数直方图（概念数: 题目数量）: {1: 614}
2026-04-16 11:32:28,534 - INFO - [junyi] [Test] 概念数统计：题目数=663, 平均概念数=1.0000, min=1, max=1, 1概念=663 (100.00%), ≥2概念=0 (0.00%)
2026-04-16 11:32:28,534 - INFO - [junyi] [Test] 概念数直方图（概念数: 题目数量）: {1: 663}
2026-04-16 11:32:28,534 - INFO - [junyi] [统计] 概念数量统计完成。
2026-04-16 11:32:28,534 - INFO - [junyi] 正在加载数据集...
2026-04-16 11:32:28,608 - INFO - [junyi|junyi_abce_ae_dominant_no_E|lr=0.003|drop=0.40] Train samples: 235446, Val samples: 22111
2026-04-16 11:32:28,608 - INFO - [junyi|junyi_abce_ae_dominant_no_E|lr=0.003|drop=0.40] Number of students: 7812
2026-04-16 11:32:28,608 - INFO - [junyi|junyi_abce_ae_dominant_no_E|lr=0.003|drop=0.40] Number of exercises: 697
2026-04-16 11:32:28,608 - INFO - [junyi|junyi_abce_ae_dominant_no_E|lr=0.003|drop=0.40] Number of concepts: 697
2026-04-16 11:32:28,608 - INFO - [junyi|junyi_abce_ae_dominant_no_E|lr=0.003|drop=0.40] Creating model...
2026-04-16 11:32:28,608 - INFO - [junyi|junyi_abce_ae_dominant_no_E|lr=0.003|drop=0.40] Ablation switches: ablate_module1=False | enable_module1=True | use_concept_graph=True | effective(num_gnn_layers=2)
2026-04-16 11:32:28,735 - INFO - [junyi|junyi_abce_ae_dominant_no_E|lr=0.003|drop=0.40] Ablation runtime check: args(ablate_module1=False) | expect(use_concept_graph=True,use_personal_graph=False) | model(enable_module1=True,use_concept_graph=True,use_personal_graph=False) | physical(has_knowledge_encoder=True,has_relation_learning=True,has_adaptive_gate=False,has_personal_generator=False)
2026-04-16 11:32:28,736 - INFO - [junyi|junyi_abce_ae_dominant_no_E|lr=0.003|drop=0.40] Debug diagnostics enabled: diag_batches=1
2026-04-16 11:32:28,755 - INFO - [junyi|junyi_abce_ae_dominant_no_E|lr=0.003|drop=0.40] [Graph Init] graph_tau_mean=1.0055, graph_tau_std=0.0000, graph_dropout=0.000, use_personal_graph=False
2026-04-16 11:32:28,756 - INFO - [junyi|junyi_abce_ae_dominant_no_E|lr=0.003|drop=0.40] Total parameters: 1,267,135
2026-04-16 11:32:28,756 - INFO - [junyi|junyi_abce_ae_dominant_no_E|lr=0.003|drop=0.40] Trainable parameters: 1,267,135
2026-04-16 11:32:29,471 - INFO - [junyi|junyi_abce_ae_dominant_no_E|lr=0.003|drop=0.40] Optimizer param groups: backbone@lr=0.003
2026-04-16 11:32:29,471 - INFO - [junyi|junyi_abce_ae_dominant_no_E|lr=0.003|drop=0.40] Monitor config: scheduler=val_auc(max), best_checkpoint=val_auc(max), early_stop=val_auc(max)
2026-04-16 11:32:29,471 - INFO - [junyi|junyi_abce_ae_dominant_no_E|lr=0.003|drop=0.40] Starting training...
2026-04-16 11:33:24,933 - INFO - [junyi|junyi_abce_ae_dominant_no_E|lr=0.003|drop=0.40] Epoch [001/100] | Train: Loss=0.5296, BCE=0.5221, Reg=0.0075, AUC=0.7862, ACC=0.7426, RMSE=0.4171 | Val: Loss=0.5091, BCE=0.5027, Reg=0.0064, AUC=0.8031, ACC=0.7636, RMSE=0.4060
2026-04-16 11:33:24,934 - INFO - [junyi|junyi_abce_ae_dominant_no_E|lr=0.003|drop=0.40] [Reg Terms] Epoch [001] | Train: graph_entropy=0.000000, graph_diag=0.004133, graph_uniform=0.003371, graph_reg_scale=1.0000, prediction_l2=0.000000, personal_sparse=0.000000, alpha_var=0.000000, alpha_collapse=0.000000, reg_bce_ratio=0.0144 | Val: graph_entropy=0.000000, graph_diag=0.003000, graph_uniform=0.003377, graph_reg_scale=1.0000, prediction_l2=0.000000, personal_sparse=0.000000, alpha_var=0.000000, alpha_collapse=0.000000, reg_bce_ratio=0.0127
2026-04-16 11:33:25,096 - INFO - [junyi|junyi_abce_ae_dominant_no_E|lr=0.003|drop=0.40] [Diag][AE] Epoch [001] | irt_abs_mean=1.7721, irt_std=1.1164, personal_warmup_scale=1.00, graph_row_entropy=3.2177, graph_entropy_ratio=0.4915, alpha_mean=0.0000, alpha_std=0.0000, alpha_base_mean=0.0000, alpha_delta_absmean=0.0000, alpha_saturation_ratio=0.0000, alpha_bias_std=NA, alpha_state_path=0.0000, alpha_id_path=0.0000, alpha_bias_path=0.0000, head_bias_path=0.0000, personal_row_entropy=0.0000, personal_matrix_delta=0.0000, personal_matrix_student_std=0.0000, personal_delta_pre_softmax_norm=0.0000, personal_delta_student_std=0.0000, alpha_head_std=0.0000, query_row_graph_delta=0.1166, query_row_personal_delta=0.0000, neighbor_row_personal_delta=0.0000, personal_row_budget_mean=0.0000, personal_query_row_std=0.0000, readout_query_support_mass=2.4001, personal_student_mix=0.0000, personal_student_adapter=0.0000, local_row_ratio=0.0000, support_density=0.0000, readout_query_delta=0.0044, personal_bad_rows=0.00, personal_fallback_rows=0.00, personal_logits_absmax=0.0000
2026-04-16 11:33:25,096 - INFO - [junyi|junyi_abce_ae_dominant_no_E|lr=0.003|drop=0.40] [Diag][A] Epoch [001] | entropy_ratio=0.4915, diag_mass=0.0500, to_uniform_l2=0.007448, to_identity_l2=0.036726, relation_identity_delta=0.036726, knowledge_state_graph_delta=0.379273, knowledge_state_personal_delta=0.000000, share_concept_embeddings=True, tau_mean=0.6931, tau_std=0.0000, graph_reg_scale(train/val)=1.0000/1.0000
2026-04-16 11:33:25,097 - INFO - [junyi|junyi_abce_ae_dominant_no_E|lr=0.003|drop=0.40] [Grad Norms] Epoch [001] | relation_emb=2.019066e-01, relation_tau=0.000000e+00, relation_wq=6.925275e-22, relation_wk=0.000000e+00, personal_u=0.000000e+00, personal_v=0.000000e+00, personal_alpha_bias=0.000000e+00, personal_gate_emb=0.000000e+00, personal_gate_state_proj=0.000000e+00, personal_gate_context_proj=0.000000e+00, personal_gate_state_direct=0.000000e+00, personal_gate_id_direct=0.000000e+00, personal_gate_context_direct=0.000000e+00, personal_gate_out=0.000000e+00, personal_generator_emb=0.000000e+00, personal_generator_context_proj=0.000000e+00, personal_generator_context_hidden=0.000000e+00, personal_generator_context_to_u=0.000000e+00, personal_generator_context_to_v=0.000000e+00, personal_generator_state_row=0.000000e+00, personal_generator_state_col=0.000000e+00, personal_generator_id_row=0.000000e+00, personal_generator_id_col=0.000000e+00, personal_generator_state_adapter=0.000000e+00, personal_generator_id_adapter=0.000000e+00, personal_generator_context_adapter=0.000000e+00, personal_generator_direct_scale=0.000000e+00
2026-04-16 11:33:25,357 - INFO - [junyi|junyi_abce_ae_dominant_no_E|lr=0.003|drop=0.40] -> New best AUC=0.8031 at epoch 1
2026-04-16 11:34:21,244 - INFO - [junyi|junyi_abce_ae_dominant_no_E|lr=0.003|drop=0.40] Epoch [002/100] | Train: Loss=0.5212, BCE=0.5084, Reg=0.0128, AUC=0.7994, ACC=0.7530, RMSE=0.4104 | Val: Loss=0.5120, BCE=0.4992, Reg=0.0128, AUC=0.8081, ACC=0.7660, RMSE=0.4047
2026-04-16 11:34:21,244 - INFO - [junyi|junyi_abce_ae_dominant_no_E|lr=0.003|drop=0.40] [Reg Terms] Epoch [002] | Train: graph_entropy=0.000000, graph_diag=0.006000, graph_uniform=0.006753, graph_reg_scale=1.0000, prediction_l2=0.000000, personal_sparse=0.000000, alpha_var=0.000000, alpha_collapse=0.000000, reg_bce_ratio=0.0251 | Val: graph_entropy=0.000000, graph_diag=0.006000, graph_uniform=0.006753, graph_reg_scale=1.0000, prediction_l2=0.000000, personal_sparse=0.000000, alpha_var=0.000000, alpha_collapse=0.000000, reg_bce_ratio=0.0255
2026-04-16 11:34:21,423 - INFO - [junyi|junyi_abce_ae_dominant_no_E|lr=0.003|drop=0.40] [Diag][AE] Epoch [002] | irt_abs_mean=1.7880, irt_std=1.0004, personal_warmup_scale=1.00, graph_row_entropy=3.2177, graph_entropy_ratio=0.4915, alpha_mean=0.0000, alpha_std=0.0000, alpha_base_mean=0.0000, alpha_delta_absmean=0.0000, alpha_saturation_ratio=0.0000, alpha_bias_std=NA, alpha_state_path=0.0000, alpha_id_path=0.0000, alpha_bias_path=0.0000, head_bias_path=0.0000, personal_row_entropy=0.0000, personal_matrix_delta=0.0000, personal_matrix_student_std=0.0000, personal_delta_pre_softmax_norm=0.0000, personal_delta_student_std=0.0000, alpha_head_std=0.0000, query_row_graph_delta=0.1309, query_row_personal_delta=0.0000, neighbor_row_personal_delta=0.0000, personal_row_budget_mean=0.0000, personal_query_row_std=0.0000, readout_query_support_mass=1.3669, personal_student_mix=0.0000, personal_student_adapter=0.0000, local_row_ratio=0.0000, support_density=0.0000, readout_query_delta=0.0050, personal_bad_rows=0.00, personal_fallback_rows=0.00, personal_logits_absmax=0.0000
2026-04-16 11:34:21,424 - INFO - [junyi|junyi_abce_ae_dominant_no_E|lr=0.003|drop=0.40] [Diag][A] Epoch [002] | entropy_ratio=0.4915, diag_mass=0.0500, to_uniform_l2=0.007448, to_identity_l2=0.036726, relation_identity_delta=0.036726, knowledge_state_graph_delta=0.383631, knowledge_state_personal_delta=0.000000, share_concept_embeddings=True, tau_mean=0.6931, tau_std=0.0000, graph_reg_scale(train/val)=1.0000/1.0000
2026-04-16 11:34:21,424 - INFO - [junyi|junyi_abce_ae_dominant_no_E|lr=0.003|drop=0.40] [Grad Norms] Epoch [002] | relation_emb=2.386498e-01, relation_tau=4.135254e-12, relation_wq=3.343678e-09, relation_wk=3.112986e-09, personal_u=0.000000e+00, personal_v=0.000000e+00, personal_alpha_bias=0.000000e+00, personal_gate_emb=0.000000e+00, personal_gate_state_proj=0.000000e+00, personal_gate_context_proj=0.000000e+00, personal_gate_state_direct=0.000000e+00, personal_gate_id_direct=0.000000e+00, personal_gate_context_direct=0.000000e+00, personal_gate_out=0.000000e+00, personal_generator_emb=0.000000e+00, personal_generator_context_proj=0.000000e+00, personal_generator_context_hidden=0.000000e+00, personal_generator_context_to_u=0.000000e+00, personal_generator_context_to_v=0.000000e+00, personal_generator_state_row=0.000000e+00, personal_generator_state_col=0.000000e+00, personal_generator_id_row=0.000000e+00, personal_generator_id_col=0.000000e+00, personal_generator_state_adapter=0.000000e+00, personal_generator_id_adapter=0.000000e+00, personal_generator_context_adapter=0.000000e+00, personal_generator_direct_scale=0.000000e+00
2026-04-16 11:34:21,628 - INFO - [junyi|junyi_abce_ae_dominant_no_E|lr=0.003|drop=0.40] -> New best AUC=0.8081 at epoch 2
2026-04-16 11:35:17,023 - INFO - [junyi|junyi_abce_ae_dominant_no_E|lr=0.003|drop=0.40] Epoch [003/100] | Train: Loss=0.5182, BCE=0.5055, Reg=0.0128, AUC=0.8018, ACC=0.7557, RMSE=0.4089 | Val: Loss=0.5122, BCE=0.4995, Reg=0.0128, AUC=0.8073, ACC=0.7639, RMSE=0.4056
2026-04-16 11:35:17,024 - INFO - [junyi|junyi_abce_ae_dominant_no_E|lr=0.003|drop=0.40] [Reg Terms] Epoch [003] | Train: graph_entropy=0.000000, graph_diag=0.006003, graph_uniform=0.006753, graph_reg_scale=1.0000, prediction_l2=0.000000, personal_sparse=0.000000, alpha_var=0.000000, alpha_collapse=0.000000, reg_bce_ratio=0.0252 | Val: graph_entropy=0.000000, graph_diag=0.006000, graph_uniform=0.006753, graph_reg_scale=1.0000, prediction_l2=0.000000, personal_sparse=0.000000, alpha_var=0.000000, alpha_collapse=0.000000, reg_bce_ratio=0.0255
2026-04-16 11:35:17,202 - INFO - [junyi|junyi_abce_ae_dominant_no_E|lr=0.003|drop=0.40] [Diag][AE] Epoch [003] | irt_abs_mean=1.8773, irt_std=1.0472, personal_warmup_scale=1.00, graph_row_entropy=3.2177, graph_entropy_ratio=0.4915, alpha_mean=0.0000, alpha_std=0.0000, alpha_base_mean=0.0000, alpha_delta_absmean=0.0000, alpha_saturation_ratio=0.0000, alpha_bias_std=NA, alpha_state_path=0.0000, alpha_id_path=0.0000, alpha_bias_path=0.0000, head_bias_path=0.0000, personal_row_entropy=0.0000, personal_matrix_delta=0.0000, personal_matrix_student_std=0.0000, personal_delta_pre_softmax_norm=0.0000, personal_delta_student_std=0.0000, alpha_head_std=0.0000, query_row_graph_delta=0.1181, query_row_personal_delta=0.0000, neighbor_row_personal_delta=0.0000, personal_row_budget_mean=0.0000, personal_query_row_std=0.0000, readout_query_support_mass=0.9717, personal_student_mix=0.0000, personal_student_adapter=0.0000, local_row_ratio=0.0000, support_density=0.0000, readout_query_delta=0.0045, personal_bad_rows=0.00, personal_fallback_rows=0.00, personal_logits_absmax=0.0000
2026-04-16 11:35:17,203 - INFO - [junyi|junyi_abce_ae_dominant_no_E|lr=0.003|drop=0.40] [Diag][A] Epoch [003] | entropy_ratio=0.4915, diag_mass=0.0500, to_uniform_l2=0.007448, to_identity_l2=0.036726, relation_identity_delta=0.036726, knowledge_state_graph_delta=0.345072, knowledge_state_personal_delta=0.000000, share_concept_embeddings=True, tau_mean=0.6931, tau_std=0.0000, graph_reg_scale(train/val)=1.0000/1.0000
2026-04-16 11:35:17,203 - INFO - [junyi|junyi_abce_ae_dominant_no_E|lr=0.003|drop=0.40] [Grad Norms] Epoch [003] | relation_emb=2.131968e-01, relation_tau=3.319558e-12, relation_wq=4.758228e-09, relation_wk=5.663930e-09, personal_u=0.000000e+00, personal_v=0.000000e+00, personal_alpha_bias=0.000000e+00, personal_gate_emb=0.000000e+00, personal_gate_state_proj=0.000000e+00, personal_gate_context_proj=0.000000e+00, personal_gate_state_direct=0.000000e+00, personal_gate_id_direct=0.000000e+00, personal_gate_context_direct=0.000000e+00, personal_gate_out=0.000000e+00, personal_generator_emb=0.000000e+00, personal_generator_context_proj=0.000000e+00, personal_generator_context_hidden=0.000000e+00, personal_generator_context_to_u=0.000000e+00, personal_generator_context_to_v=0.000000e+00, personal_generator_state_row=0.000000e+00, personal_generator_state_col=0.000000e+00, personal_generator_id_row=0.000000e+00, personal_generator_id_col=0.000000e+00, personal_generator_state_adapter=0.000000e+00, personal_generator_id_adapter=0.000000e+00, personal_generator_context_adapter=0.000000e+00, personal_generator_direct_scale=0.000000e+00
2026-04-16 11:35:17,203 - INFO - [junyi|junyi_abce_ae_dominant_no_E|lr=0.003|drop=0.40] -> No improvement 1 epoch(s) (best AUC=0.8081 @ 2)
2026-04-16 11:36:12,793 - INFO - [junyi|junyi_abce_ae_dominant_no_E|lr=0.003|drop=0.40] Epoch [004/100] | Train: Loss=0.5168, BCE=0.5041, Reg=0.0128, AUC=0.8032, ACC=0.7556, RMSE=0.4083 | Val: Loss=0.5093, BCE=0.4965, Reg=0.0128, AUC=0.8103, ACC=0.7660, RMSE=0.4033
2026-04-16 11:36:12,793 - INFO - [junyi|junyi_abce_ae_dominant_no_E|lr=0.003|drop=0.40] [Reg Terms] Epoch [004] | Train: graph_entropy=0.000000, graph_diag=0.006005, graph_uniform=0.006753, graph_reg_scale=1.0000, prediction_l2=0.000000, personal_sparse=0.000000, alpha_var=0.000000, alpha_collapse=0.000000, reg_bce_ratio=0.0253 | Val: graph_entropy=0.000000, graph_diag=0.006000, graph_uniform=0.006753, graph_reg_scale=1.0000, prediction_l2=0.000000, personal_sparse=0.000000, alpha_var=0.000000, alpha_collapse=0.000000, reg_bce_ratio=0.0257
2026-04-16 11:36:12,962 - INFO - [junyi|junyi_abce_ae_dominant_no_E|lr=0.003|drop=0.40] [Diag][AE] Epoch [004] | irt_abs_mean=1.9072, irt_std=1.1980, personal_warmup_scale=1.00, graph_row_entropy=3.2177, graph_entropy_ratio=0.4915, alpha_mean=0.0000, alpha_std=0.0000, alpha_base_mean=0.0000, alpha_delta_absmean=0.0000, alpha_saturation_ratio=0.0000, alpha_bias_std=NA, alpha_state_path=0.0000, alpha_id_path=0.0000, alpha_bias_path=0.0000, head_bias_path=0.0000, personal_row_entropy=0.0000, personal_matrix_delta=0.0000, personal_matrix_student_std=0.0000, personal_delta_pre_softmax_norm=0.0000, personal_delta_student_std=0.0000, alpha_head_std=0.0000, query_row_graph_delta=0.1113, query_row_personal_delta=0.0000, neighbor_row_personal_delta=0.0000, personal_row_budget_mean=0.0000, personal_query_row_std=0.0000, readout_query_support_mass=0.8035, personal_student_mix=0.0000, personal_student_adapter=0.0000, local_row_ratio=0.0000, support_density=0.0000, readout_query_delta=0.0042, personal_bad_rows=0.00, personal_fallback_rows=0.00, personal_logits_absmax=0.0000
2026-04-16 11:36:12,962 - INFO - [junyi|junyi_abce_ae_dominant_no_E|lr=0.003|drop=0.40] [Diag][A] Epoch [004] | entropy_ratio=0.4915, diag_mass=0.0500, to_uniform_l2=0.007448, to_identity_l2=0.036726, relation_identity_delta=0.036726, knowledge_state_graph_delta=0.310120, knowledge_state_personal_delta=0.000000, share_concept_embeddings=True, tau_mean=0.6931, tau_std=0.0000, graph_reg_scale(train/val)=1.0000/1.0000
2026-04-16 11:36:12,962 - INFO - [junyi|junyi_abce_ae_dominant_no_E|lr=0.003|drop=0.40] [Grad Norms] Epoch [004] | relation_emb=2.180331e-01, relation_tau=2.771139e-12, relation_wq=7.393969e-09, relation_wk=7.614599e-09, personal_u=0.000000e+00, personal_v=0.000000e+00, personal_alpha_bias=0.000000e+00, personal_gate_emb=0.000000e+00, personal_gate_state_proj=0.000000e+00, personal_gate_context_proj=0.000000e+00, personal_gate_state_direct=0.000000e+00, personal_gate_id_direct=0.000000e+00, personal_gate_context_direct=0.000000e+00, personal_gate_out=0.000000e+00, personal_generator_emb=0.000000e+00, personal_generator_context_proj=0.000000e+00, personal_generator_context_hidden=0.000000e+00, personal_generator_context_to_u=0.000000e+00, personal_generator_context_to_v=0.000000e+00, personal_generator_state_row=0.000000e+00, personal_generator_state_col=0.000000e+00, personal_generator_id_row=0.000000e+00, personal_generator_id_col=0.000000e+00, personal_generator_state_adapter=0.000000e+00, personal_generator_id_adapter=0.000000e+00, personal_generator_context_adapter=0.000000e+00, personal_generator_direct_scale=0.000000e+00
2026-04-16 11:36:13,167 - INFO - [junyi|junyi_abce_ae_dominant_no_E|lr=0.003|drop=0.40] -> New best AUC=0.8103 at epoch 4
2026-04-16 11:37:08,867 - INFO - [junyi|junyi_abce_ae_dominant_no_E|lr=0.003|drop=0.40] Epoch [005/100] | Train: Loss=0.5153, BCE=0.5025, Reg=0.0128, AUC=0.8046, ACC=0.7568, RMSE=0.4075 | Val: Loss=0.5056, BCE=0.4929, Reg=0.0128, AUC=0.8092, ACC=0.7622, RMSE=0.4032
2026-04-16 11:37:08,867 - INFO - [junyi|junyi_abce_ae_dominant_no_E|lr=0.003|drop=0.40] [Reg Terms] Epoch [005] | Train: graph_entropy=0.000000, graph_diag=0.006000, graph_uniform=0.006753, graph_reg_scale=1.0000, prediction_l2=0.000000, personal_sparse=0.000000, alpha_var=0.000000, alpha_collapse=0.000000, reg_bce_ratio=0.0254 | Val: graph_entropy=0.000000, graph_diag=0.006000, graph_uniform=0.006753, graph_reg_scale=1.0000, prediction_l2=0.000000, personal_sparse=0.000000, alpha_var=0.000000, alpha_collapse=0.000000, reg_bce_ratio=0.0259
2026-04-16 11:37:09,025 - INFO - [junyi|junyi_abce_ae_dominant_no_E|lr=0.003|drop=0.40] [Diag][AE] Epoch [005] | irt_abs_mean=1.6719, irt_std=0.9565, personal_warmup_scale=1.00, graph_row_entropy=3.2177, graph_entropy_ratio=0.4915, alpha_mean=0.0000, alpha_std=0.0000, alpha_base_mean=0.0000, alpha_delta_absmean=0.0000, alpha_saturation_ratio=0.0000, alpha_bias_std=NA, alpha_state_path=0.0000, alpha_id_path=0.0000, alpha_bias_path=0.0000, head_bias_path=0.0000, personal_row_entropy=0.0000, personal_matrix_delta=0.0000, personal_matrix_student_std=0.0000, personal_delta_pre_softmax_norm=0.0000, personal_delta_student_std=0.0000, alpha_head_std=0.0000, query_row_graph_delta=0.1126, query_row_personal_delta=0.0000, neighbor_row_personal_delta=0.0000, personal_row_budget_mean=0.0000, personal_query_row_std=0.0000, readout_query_support_mass=0.8744, personal_student_mix=0.0000, personal_student_adapter=0.0000, local_row_ratio=0.0000, support_density=0.0000, readout_query_delta=0.0043, personal_bad_rows=0.00, personal_fallback_rows=0.00, personal_logits_absmax=0.0000
2026-04-16 11:37:09,025 - INFO - [junyi|junyi_abce_ae_dominant_no_E|lr=0.003|drop=0.40] [Diag][A] Epoch [005] | entropy_ratio=0.4915, diag_mass=0.0500, to_uniform_l2=0.007448, to_identity_l2=0.036726, relation_identity_delta=0.036726, knowledge_state_graph_delta=0.306623, knowledge_state_personal_delta=0.000000, share_concept_embeddings=True, tau_mean=0.6931, tau_std=0.0000, graph_reg_scale(train/val)=1.0000/1.0000
2026-04-16 11:37:09,025 - INFO - [junyi|junyi_abce_ae_dominant_no_E|lr=0.003|drop=0.40] [Grad Norms] Epoch [005] | relation_emb=2.060201e-01, relation_tau=7.233100e-12, relation_wq=5.632403e-09, relation_wk=4.679370e-09, personal_u=0.000000e+00, personal_v=0.000000e+00, personal_alpha_bias=0.000000e+00, personal_gate_emb=0.000000e+00, personal_gate_state_proj=0.000000e+00, personal_gate_context_proj=0.000000e+00, personal_gate_state_direct=0.000000e+00, personal_gate_id_direct=0.000000e+00, personal_gate_context_direct=0.000000e+00, personal_gate_out=0.000000e+00, personal_generator_emb=0.000000e+00, personal_generator_context_proj=0.000000e+00, personal_generator_context_hidden=0.000000e+00, personal_generator_context_to_u=0.000000e+00, personal_generator_context_to_v=0.000000e+00, personal_generator_state_row=0.000000e+00, personal_generator_state_col=0.000000e+00, personal_generator_id_row=0.000000e+00, personal_generator_id_col=0.000000e+00, personal_generator_state_adapter=0.000000e+00, personal_generator_id_adapter=0.000000e+00, personal_generator_context_adapter=0.000000e+00, personal_generator_direct_scale=0.000000e+00
2026-04-16 11:37:09,025 - INFO - [junyi|junyi_abce_ae_dominant_no_E|lr=0.003|drop=0.40] -> No improvement 1 epoch(s) (best AUC=0.8103 @ 4)
2026-04-16 11:38:04,295 - INFO - [junyi|junyi_abce_ae_dominant_no_E|lr=0.003|drop=0.40] Epoch [006/100] | Train: Loss=0.5147, BCE=0.5020, Reg=0.0128, AUC=0.8051, ACC=0.7579, RMSE=0.4072 | Val: Loss=0.5022, BCE=0.4894, Reg=0.0128, AUC=0.8133, ACC=0.7687, RMSE=0.4007
2026-04-16 11:38:04,295 - INFO - [junyi|junyi_abce_ae_dominant_no_E|lr=0.003|drop=0.40] [Reg Terms] Epoch [006] | Train: graph_entropy=0.000000, graph_diag=0.006009, graph_uniform=0.006753, graph_reg_scale=1.0000, prediction_l2=0.000000, personal_sparse=0.000000, alpha_var=0.000000, alpha_collapse=0.000000, reg_bce_ratio=0.0254 | Val: graph_entropy=0.000000, graph_diag=0.006000, graph_uniform=0.006753, graph_reg_scale=1.0000, prediction_l2=0.000000, personal_sparse=0.000000, alpha_var=0.000000, alpha_collapse=0.000000, reg_bce_ratio=0.0261
2026-04-16 11:38:04,460 - INFO - [junyi|junyi_abce_ae_dominant_no_E|lr=0.003|drop=0.40] [Diag][AE] Epoch [006] | irt_abs_mean=1.6728, irt_std=0.9834, personal_warmup_scale=1.00, graph_row_entropy=3.2177, graph_entropy_ratio=0.4915, alpha_mean=0.0000, alpha_std=0.0000, alpha_base_mean=0.0000, alpha_delta_absmean=0.0000, alpha_saturation_ratio=0.0000, alpha_bias_std=NA, alpha_state_path=0.0000, alpha_id_path=0.0000, alpha_bias_path=0.0000, head_bias_path=0.0000, personal_row_entropy=0.0000, personal_matrix_delta=0.0000, personal_matrix_student_std=0.0000, personal_delta_pre_softmax_norm=0.0000, personal_delta_student_std=0.0000, alpha_head_std=0.0000, query_row_graph_delta=0.1127, query_row_personal_delta=0.0000, neighbor_row_personal_delta=0.0000, personal_row_budget_mean=0.0000, personal_query_row_std=0.0000, readout_query_support_mass=1.0403, personal_student_mix=0.0000, personal_student_adapter=0.0000, local_row_ratio=0.0000, support_density=0.0000, readout_query_delta=0.0043, personal_bad_rows=0.00, personal_fallback_rows=0.00, personal_logits_absmax=0.0000
2026-04-16 11:38:04,460 - INFO - [junyi|junyi_abce_ae_dominant_no_E|lr=0.003|drop=0.40] [Diag][A] Epoch [006] | entropy_ratio=0.4915, diag_mass=0.0500, to_uniform_l2=0.007448, to_identity_l2=0.036726, relation_identity_delta=0.036726, knowledge_state_graph_delta=0.326238, knowledge_state_personal_delta=0.000000, share_concept_embeddings=True, tau_mean=0.6931, tau_std=0.0000, graph_reg_scale(train/val)=1.0000/1.0000
2026-04-16 11:38:04,461 - INFO - [junyi|junyi_abce_ae_dominant_no_E|lr=0.003|drop=0.40] [Grad Norms] Epoch [006] | relation_emb=2.460310e-01, relation_tau=1.171403e-11, relation_wq=7.649378e-09, relation_wk=8.664757e-09, personal_u=0.000000e+00, personal_v=0.000000e+00, personal_alpha_bias=0.000000e+00, personal_gate_emb=0.000000e+00, personal_gate_state_proj=0.000000e+00, personal_gate_context_proj=0.000000e+00, personal_gate_state_direct=0.000000e+00, personal_gate_id_direct=0.000000e+00, personal_gate_context_direct=0.000000e+00, personal_gate_out=0.000000e+00, personal_generator_emb=0.000000e+00, personal_generator_context_proj=0.000000e+00, personal_generator_context_hidden=0.000000e+00, personal_generator_context_to_u=0.000000e+00, personal_generator_context_to_v=0.000000e+00, personal_generator_state_row=0.000000e+00, personal_generator_state_col=0.000000e+00, personal_generator_id_row=0.000000e+00, personal_generator_id_col=0.000000e+00, personal_generator_state_adapter=0.000000e+00, personal_generator_id_adapter=0.000000e+00, personal_generator_context_adapter=0.000000e+00, personal_generator_direct_scale=0.000000e+00
2026-04-16 11:38:04,633 - INFO - [junyi|junyi_abce_ae_dominant_no_E|lr=0.003|drop=0.40] -> New best AUC=0.8133 at epoch 6
2026-04-16 11:38:59,811 - INFO - [junyi|junyi_abce_ae_dominant_no_E|lr=0.003|drop=0.40] Epoch [007/100] | Train: Loss=0.5139, BCE=0.5011, Reg=0.0128, AUC=0.8059, ACC=0.7573, RMSE=0.4069 | Val: Loss=0.5044, BCE=0.4917, Reg=0.0128, AUC=0.8109, ACC=0.7690, RMSE=0.4016
2026-04-16 11:38:59,812 - INFO - [junyi|junyi_abce_ae_dominant_no_E|lr=0.003|drop=0.40] [Reg Terms] Epoch [007] | Train: graph_entropy=0.000000, graph_diag=0.006013, graph_uniform=0.006753, graph_reg_scale=1.0000, prediction_l2=0.000000, personal_sparse=0.000000, alpha_var=0.000000, alpha_collapse=0.000000, reg_bce_ratio=0.0255 | Val: graph_entropy=0.000000, graph_diag=0.006000, graph_uniform=0.006753, graph_reg_scale=1.0000, prediction_l2=0.000000, personal_sparse=0.000000, alpha_var=0.000000, alpha_collapse=0.000000, reg_bce_ratio=0.0259
2026-04-16 11:38:59,989 - INFO - [junyi|junyi_abce_ae_dominant_no_E|lr=0.003|drop=0.40] [Diag][AE] Epoch [007] | irt_abs_mean=1.7101, irt_std=1.0500, personal_warmup_scale=1.00, graph_row_entropy=3.2177, graph_entropy_ratio=0.4915, alpha_mean=0.0000, alpha_std=0.0000, alpha_base_mean=0.0000, alpha_delta_absmean=0.0000, alpha_saturation_ratio=0.0000, alpha_bias_std=NA, alpha_state_path=0.0000, alpha_id_path=0.0000, alpha_bias_path=0.0000, head_bias_path=0.0000, personal_row_entropy=0.0000, personal_matrix_delta=0.0000, personal_matrix_student_std=0.0000, personal_delta_pre_softmax_norm=0.0000, personal_delta_student_std=0.0000, alpha_head_std=0.0000, query_row_graph_delta=0.1145, query_row_personal_delta=0.0000, neighbor_row_personal_delta=0.0000, personal_row_budget_mean=0.0000, personal_query_row_std=0.0000, readout_query_support_mass=0.8123, personal_student_mix=0.0000, personal_student_adapter=0.0000, local_row_ratio=0.0000, support_density=0.0000, readout_query_delta=0.0043, personal_bad_rows=0.00, personal_fallback_rows=0.00, personal_logits_absmax=0.0000
2026-04-16 11:38:59,990 - INFO - [junyi|junyi_abce_ae_dominant_no_E|lr=0.003|drop=0.40] [Diag][A] Epoch [007] | entropy_ratio=0.4915, diag_mass=0.0500, to_uniform_l2=0.007448, to_identity_l2=0.036726, relation_identity_delta=0.036726, knowledge_state_graph_delta=0.338614, knowledge_state_personal_delta=0.000000, share_concept_embeddings=True, tau_mean=0.6931, tau_std=0.0000, graph_reg_scale(train/val)=1.0000/1.0000
2026-04-16 11:38:59,990 - INFO - [junyi|junyi_abce_ae_dominant_no_E|lr=0.003|drop=0.40] [Grad Norms] Epoch [007] | relation_emb=2.602511e-01, relation_tau=5.715781e-12, relation_wq=1.067248e-08, relation_wk=1.024545e-08, personal_u=0.000000e+00, personal_v=0.000000e+00, personal_alpha_bias=0.000000e+00, personal_gate_emb=0.000000e+00, personal_gate_state_proj=0.000000e+00, personal_gate_context_proj=0.000000e+00, personal_gate_state_direct=0.000000e+00, personal_gate_id_direct=0.000000e+00, personal_gate_context_direct=0.000000e+00, personal_gate_out=0.000000e+00, personal_generator_emb=0.000000e+00, personal_generator_context_proj=0.000000e+00, personal_generator_context_hidden=0.000000e+00, personal_generator_context_to_u=0.000000e+00, personal_generator_context_to_v=0.000000e+00, personal_generator_state_row=0.000000e+00, personal_generator_state_col=0.000000e+00, personal_generator_id_row=0.000000e+00, personal_generator_id_col=0.000000e+00, personal_generator_state_adapter=0.000000e+00, personal_generator_id_adapter=0.000000e+00, personal_generator_context_adapter=0.000000e+00, personal_generator_direct_scale=0.000000e+00
2026-04-16 11:38:59,990 - INFO - [junyi|junyi_abce_ae_dominant_no_E|lr=0.003|drop=0.40] -> No improvement 1 epoch(s) (best AUC=0.8133 @ 6)
2026-04-16 11:39:55,318 - INFO - [junyi|junyi_abce_ae_dominant_no_E|lr=0.003|drop=0.40] Epoch [008/100] | Train: Loss=0.5129, BCE=0.5001, Reg=0.0128, AUC=0.8069, ACC=0.7595, RMSE=0.4063 | Val: Loss=0.5009, BCE=0.4882, Reg=0.0128, AUC=0.8129, ACC=0.7690, RMSE=0.4004
2026-04-16 11:39:55,318 - INFO - [junyi|junyi_abce_ae_dominant_no_E|lr=0.003|drop=0.40] [Reg Terms] Epoch [008] | Train: graph_entropy=0.000000, graph_diag=0.006005, graph_uniform=0.006753, graph_reg_scale=1.0000, prediction_l2=0.000000, personal_sparse=0.000000, alpha_var=0.000000, alpha_collapse=0.000000, reg_bce_ratio=0.0255 | Val: graph_entropy=0.000000, graph_diag=0.006000, graph_uniform=0.006753, graph_reg_scale=1.0000, prediction_l2=0.000000, personal_sparse=0.000000, alpha_var=0.000000, alpha_collapse=0.000000, reg_bce_ratio=0.0261
2026-04-16 11:39:55,515 - INFO - [junyi|junyi_abce_ae_dominant_no_E|lr=0.003|drop=0.40] [Diag][AE] Epoch [008] | irt_abs_mean=1.5794, irt_std=0.9216, personal_warmup_scale=1.00, graph_row_entropy=3.2177, graph_entropy_ratio=0.4915, alpha_mean=0.0000, alpha_std=0.0000, alpha_base_mean=0.0000, alpha_delta_absmean=0.0000, alpha_saturation_ratio=0.0000, alpha_bias_std=NA, alpha_state_path=0.0000, alpha_id_path=0.0000, alpha_bias_path=0.0000, head_bias_path=0.0000, personal_row_entropy=0.0000, personal_matrix_delta=0.0000, personal_matrix_student_std=0.0000, personal_delta_pre_softmax_norm=0.0000, personal_delta_student_std=0.0000, alpha_head_std=0.0000, query_row_graph_delta=0.1149, query_row_personal_delta=0.0000, neighbor_row_personal_delta=0.0000, personal_row_budget_mean=0.0000, personal_query_row_std=0.0000, readout_query_support_mass=1.0429, personal_student_mix=0.0000, personal_student_adapter=0.0000, local_row_ratio=0.0000, support_density=0.0000, readout_query_delta=0.0044, personal_bad_rows=0.00, personal_fallback_rows=0.00, personal_logits_absmax=0.0000
2026-04-16 11:39:55,515 - INFO - [junyi|junyi_abce_ae_dominant_no_E|lr=0.003|drop=0.40] [Diag][A] Epoch [008] | entropy_ratio=0.4915, diag_mass=0.0500, to_uniform_l2=0.007448, to_identity_l2=0.036726, relation_identity_delta=0.036726, knowledge_state_graph_delta=0.329265, knowledge_state_personal_delta=0.000000, share_concept_embeddings=True, tau_mean=0.6931, tau_std=0.0000, graph_reg_scale(train/val)=1.0000/1.0000
2026-04-16 11:39:55,515 - INFO - [junyi|junyi_abce_ae_dominant_no_E|lr=0.003|drop=0.40] [Grad Norms] Epoch [008] | relation_emb=2.170850e-01, relation_tau=9.914759e-12, relation_wq=9.494890e-09, relation_wk=8.436355e-09, personal_u=0.000000e+00, personal_v=0.000000e+00, personal_alpha_bias=0.000000e+00, personal_gate_emb=0.000000e+00, personal_gate_state_proj=0.000000e+00, personal_gate_context_proj=0.000000e+00, personal_gate_state_direct=0.000000e+00, personal_gate_id_direct=0.000000e+00, personal_gate_context_direct=0.000000e+00, personal_gate_out=0.000000e+00, personal_generator_emb=0.000000e+00, personal_generator_context_proj=0.000000e+00, personal_generator_context_hidden=0.000000e+00, personal_generator_context_to_u=0.000000e+00, personal_generator_context_to_v=0.000000e+00, personal_generator_state_row=0.000000e+00, personal_generator_state_col=0.000000e+00, personal_generator_id_row=0.000000e+00, personal_generator_id_col=0.000000e+00, personal_generator_state_adapter=0.000000e+00, personal_generator_id_adapter=0.000000e+00, personal_generator_context_adapter=0.000000e+00, personal_generator_direct_scale=0.000000e+00
2026-04-16 11:39:55,515 - INFO - [junyi|junyi_abce_ae_dominant_no_E|lr=0.003|drop=0.40] -> No improvement 2 epoch(s) (best AUC=0.8133 @ 6)
2026-04-16 11:40:51,276 - INFO - [junyi|junyi_abce_ae_dominant_no_E|lr=0.003|drop=0.40] Epoch [009/100] | Train: Loss=0.5012, BCE=0.4885, Reg=0.0128, AUC=0.8176, ACC=0.7664, RMSE=0.4007 | Val: Loss=0.4948, BCE=0.4821, Reg=0.0128, AUC=0.8192, ACC=0.7742, RMSE=0.3967
2026-04-16 11:40:51,276 - INFO - [junyi|junyi_abce_ae_dominant_no_E|lr=0.003|drop=0.40] [Reg Terms] Epoch [009] | Train: graph_entropy=0.000000, graph_diag=0.006003, graph_uniform=0.006753, graph_reg_scale=1.0000, prediction_l2=0.000000, personal_sparse=0.000000, alpha_var=0.000000, alpha_collapse=0.000000, reg_bce_ratio=0.0261 | Val: graph_entropy=0.000000, graph_diag=0.006000, graph_uniform=0.006753, graph_reg_scale=1.0000, prediction_l2=0.000000, personal_sparse=0.000000, alpha_var=0.000000, alpha_collapse=0.000000, reg_bce_ratio=0.0265
2026-04-16 11:40:51,463 - INFO - [junyi|junyi_abce_ae_dominant_no_E|lr=0.003|drop=0.40] [Diag][AE] Epoch [009] | irt_abs_mean=1.8222, irt_std=1.1746, personal_warmup_scale=1.00, graph_row_entropy=3.2177, graph_entropy_ratio=0.4915, alpha_mean=0.0000, alpha_std=0.0000, alpha_base_mean=0.0000, alpha_delta_absmean=0.0000, alpha_saturation_ratio=0.0000, alpha_bias_std=NA, alpha_state_path=0.0000, alpha_id_path=0.0000, alpha_bias_path=0.0000, head_bias_path=0.0000, personal_row_entropy=0.0000, personal_matrix_delta=0.0000, personal_matrix_student_std=0.0000, personal_delta_pre_softmax_norm=0.0000, personal_delta_student_std=0.0000, alpha_head_std=0.0000, query_row_graph_delta=0.1019, query_row_personal_delta=0.0000, neighbor_row_personal_delta=0.0000, personal_row_budget_mean=0.0000, personal_query_row_std=0.0000, readout_query_support_mass=2.4014, personal_student_mix=0.0000, personal_student_adapter=0.0000, local_row_ratio=0.0000, support_density=0.0000, readout_query_delta=0.0039, personal_bad_rows=0.00, personal_fallback_rows=0.00, personal_logits_absmax=0.0000
2026-04-16 11:40:51,463 - INFO - [junyi|junyi_abce_ae_dominant_no_E|lr=0.003|drop=0.40] [Diag][A] Epoch [009] | entropy_ratio=0.4915, diag_mass=0.0500, to_uniform_l2=0.007448, to_identity_l2=0.036726, relation_identity_delta=0.036726, knowledge_state_graph_delta=0.340039, knowledge_state_personal_delta=0.000000, share_concept_embeddings=True, tau_mean=0.6931, tau_std=0.0000, graph_reg_scale(train/val)=1.0000/1.0000
2026-04-16 11:40:51,463 - INFO - [junyi|junyi_abce_ae_dominant_no_E|lr=0.003|drop=0.40] [Grad Norms] Epoch [009] | relation_emb=2.645990e-01, relation_tau=0.000000e+00, relation_wq=0.000000e+00, relation_wk=0.000000e+00, personal_u=0.000000e+00, personal_v=0.000000e+00, personal_alpha_bias=0.000000e+00, personal_gate_emb=0.000000e+00, personal_gate_state_proj=0.000000e+00, personal_gate_context_proj=0.000000e+00, personal_gate_state_direct=0.000000e+00, personal_gate_id_direct=0.000000e+00, personal_gate_context_direct=0.000000e+00, personal_gate_out=0.000000e+00, personal_generator_emb=0.000000e+00, personal_generator_context_proj=0.000000e+00, personal_generator_context_hidden=0.000000e+00, personal_generator_context_to_u=0.000000e+00, personal_generator_context_to_v=0.000000e+00, personal_generator_state_row=0.000000e+00, personal_generator_state_col=0.000000e+00, personal_generator_id_row=0.000000e+00, personal_generator_id_col=0.000000e+00, personal_generator_state_adapter=0.000000e+00, personal_generator_id_adapter=0.000000e+00, personal_generator_context_adapter=0.000000e+00, personal_generator_direct_scale=0.000000e+00
2026-04-16 11:40:51,654 - INFO - [junyi|junyi_abce_ae_dominant_no_E|lr=0.003|drop=0.40] -> New best AUC=0.8192 at epoch 9
2026-04-16 11:41:46,887 - INFO - [junyi|junyi_abce_ae_dominant_no_E|lr=0.003|drop=0.40] Epoch [010/100] | Train: Loss=0.4983, BCE=0.4855, Reg=0.0128, AUC=0.8199, ACC=0.7683, RMSE=0.3992 | Val: Loss=0.4957, BCE=0.4829, Reg=0.0128, AUC=0.8185, ACC=0.7725, RMSE=0.3974
2026-04-16 11:41:46,888 - INFO - [junyi|junyi_abce_ae_dominant_no_E|lr=0.003|drop=0.40] [Reg Terms] Epoch [010] | Train: graph_entropy=0.000000, graph_diag=0.006005, graph_uniform=0.006753, graph_reg_scale=1.0000, prediction_l2=0.000000, personal_sparse=0.000000, alpha_var=0.000000, alpha_collapse=0.000000, reg_bce_ratio=0.0263 | Val: graph_entropy=0.000000, graph_diag=0.006000, graph_uniform=0.006753, graph_reg_scale=1.0000, prediction_l2=0.000000, personal_sparse=0.000000, alpha_var=0.000000, alpha_collapse=0.000000, reg_bce_ratio=0.0264
2026-04-16 11:41:47,060 - INFO - [junyi|junyi_abce_ae_dominant_no_E|lr=0.003|drop=0.40] [Diag][AE] Epoch [010] | irt_abs_mean=1.8154, irt_std=1.0474, personal_warmup_scale=1.00, graph_row_entropy=3.2177, graph_entropy_ratio=0.4915, alpha_mean=0.0000, alpha_std=0.0000, alpha_base_mean=0.0000, alpha_delta_absmean=0.0000, alpha_saturation_ratio=0.0000, alpha_bias_std=NA, alpha_state_path=0.0000, alpha_id_path=0.0000, alpha_bias_path=0.0000, head_bias_path=0.0000, personal_row_entropy=0.0000, personal_matrix_delta=0.0000, personal_matrix_student_std=0.0000, personal_delta_pre_softmax_norm=0.0000, personal_delta_student_std=0.0000, alpha_head_std=0.0000, query_row_graph_delta=0.1153, query_row_personal_delta=0.0000, neighbor_row_personal_delta=0.0000, personal_row_budget_mean=0.0000, personal_query_row_std=0.0000, readout_query_support_mass=1.2408, personal_student_mix=0.0000, personal_student_adapter=0.0000, local_row_ratio=0.0000, support_density=0.0000, readout_query_delta=0.0044, personal_bad_rows=0.00, personal_fallback_rows=0.00, personal_logits_absmax=0.0000
2026-04-16 11:41:47,060 - INFO - [junyi|junyi_abce_ae_dominant_no_E|lr=0.003|drop=0.40] [Diag][A] Epoch [010] | entropy_ratio=0.4915, diag_mass=0.0500, to_uniform_l2=0.007448, to_identity_l2=0.036726, relation_identity_delta=0.036726, knowledge_state_graph_delta=0.355809, knowledge_state_personal_delta=0.000000, share_concept_embeddings=True, tau_mean=0.6931, tau_std=0.0000, graph_reg_scale(train/val)=1.0000/1.0000
2026-04-16 11:41:47,060 - INFO - [junyi|junyi_abce_ae_dominant_no_E|lr=0.003|drop=0.40] [Grad Norms] Epoch [010] | relation_emb=3.384733e-01, relation_tau=4.439354e-21, relation_wq=1.302634e-18, relation_wk=7.929006e-20, personal_u=0.000000e+00, personal_v=0.000000e+00, personal_alpha_bias=0.000000e+00, personal_gate_emb=0.000000e+00, personal_gate_state_proj=0.000000e+00, personal_gate_context_proj=0.000000e+00, personal_gate_state_direct=0.000000e+00, personal_gate_id_direct=0.000000e+00, personal_gate_context_direct=0.000000e+00, personal_gate_out=0.000000e+00, personal_generator_emb=0.000000e+00, personal_generator_context_proj=0.000000e+00, personal_generator_context_hidden=0.000000e+00, personal_generator_context_to_u=0.000000e+00, personal_generator_context_to_v=0.000000e+00, personal_generator_state_row=0.000000e+00, personal_generator_state_col=0.000000e+00, personal_generator_id_row=0.000000e+00, personal_generator_id_col=0.000000e+00, personal_generator_state_adapter=0.000000e+00, personal_generator_id_adapter=0.000000e+00, personal_generator_context_adapter=0.000000e+00, personal_generator_direct_scale=0.000000e+00
2026-04-16 11:41:47,060 - INFO - [junyi|junyi_abce_ae_dominant_no_E|lr=0.003|drop=0.40] -> No improvement 1 epoch(s) (best AUC=0.8192 @ 9)
2026-04-16 11:41:47,093 - INFO - [junyi|junyi_abce_ae_dominant_no_E|lr=0.003|drop=0.40] Checkpoint saved: checkpoints/abce_diag/remote_sparse_local_20260416_d3a8de0/junyi/seed42/ae_dominant_no_E/checkpoint_epoch_10.pth
2026-04-16 11:41:47,282 - INFO - [junyi|junyi_abce_ae_dominant_no_E|lr=0.003|drop=0.40] [Module Activity] Epoch 10: Graph[OK]
2026-04-16 11:42:43,416 - INFO - [junyi|junyi_abce_ae_dominant_no_E|lr=0.003|drop=0.40] Epoch [011/100] | Train: Loss=0.4976, BCE=0.4849, Reg=0.0128, AUC=0.8206, ACC=0.7688, RMSE=0.3989 | Val: Loss=0.4948, BCE=0.4821, Reg=0.0128, AUC=0.8196, ACC=0.7728, RMSE=0.3965
2026-04-16 11:42:43,416 - INFO - [junyi|junyi_abce_ae_dominant_no_E|lr=0.003|drop=0.40] [Reg Terms] Epoch [011] | Train: graph_entropy=0.000000, graph_diag=0.006002, graph_uniform=0.006753, graph_reg_scale=1.0000, prediction_l2=0.000000, personal_sparse=0.000000, alpha_var=0.000000, alpha_collapse=0.000000, reg_bce_ratio=0.0263 | Val: graph_entropy=0.000000, graph_diag=0.006000, graph_uniform=0.006753, graph_reg_scale=1.0000, prediction_l2=0.000000, personal_sparse=0.000000, alpha_var=0.000000, alpha_collapse=0.000000, reg_bce_ratio=0.0265
2026-04-16 11:42:43,590 - INFO - [junyi|junyi_abce_ae_dominant_no_E|lr=0.003|drop=0.40] [Diag][AE] Epoch [011] | irt_abs_mean=1.8041, irt_std=1.1010, personal_warmup_scale=1.00, graph_row_entropy=3.2177, graph_entropy_ratio=0.4915, alpha_mean=0.0000, alpha_std=0.0000, alpha_base_mean=0.0000, alpha_delta_absmean=0.0000, alpha_saturation_ratio=0.0000, alpha_bias_std=NA, alpha_state_path=0.0000, alpha_id_path=0.0000, alpha_bias_path=0.0000, head_bias_path=0.0000, personal_row_entropy=0.0000, personal_matrix_delta=0.0000, personal_matrix_student_std=0.0000, personal_delta_pre_softmax_norm=0.0000, personal_delta_student_std=0.0000, alpha_head_std=0.0000, query_row_graph_delta=0.1114, query_row_personal_delta=0.0000, neighbor_row_personal_delta=0.0000, personal_row_budget_mean=0.0000, personal_query_row_std=0.0000, readout_query_support_mass=1.3311, personal_student_mix=0.0000, personal_student_adapter=0.0000, local_row_ratio=0.0000, support_density=0.0000, readout_query_delta=0.0042, personal_bad_rows=0.00, personal_fallback_rows=0.00, personal_logits_absmax=0.0000
2026-04-16 11:42:43,591 - INFO - [junyi|junyi_abce_ae_dominant_no_E|lr=0.003|drop=0.40] [Diag][A] Epoch [011] | entropy_ratio=0.4915, diag_mass=0.0500, to_uniform_l2=0.007448, to_identity_l2=0.036726, relation_identity_delta=0.036726, knowledge_state_graph_delta=0.350245, knowledge_state_personal_delta=0.000000, share_concept_embeddings=True, tau_mean=0.6931, tau_std=0.0000, graph_reg_scale(train/val)=1.0000/1.0000
2026-04-16 11:42:43,591 - INFO - [junyi|junyi_abce_ae_dominant_no_E|lr=0.003|drop=0.40] [Grad Norms] Epoch [011] | relation_emb=2.714898e-01, relation_tau=1.647194e-11, relation_wq=4.384918e-09, relation_wk=3.962438e-09, personal_u=0.000000e+00, personal_v=0.000000e+00, personal_alpha_bias=0.000000e+00, personal_gate_emb=0.000000e+00, personal_gate_state_proj=0.000000e+00, personal_gate_context_proj=0.000000e+00, personal_gate_state_direct=0.000000e+00, personal_gate_id_direct=0.000000e+00, personal_gate_context_direct=0.000000e+00, personal_gate_out=0.000000e+00, personal_generator_emb=0.000000e+00, personal_generator_context_proj=0.000000e+00, personal_generator_context_hidden=0.000000e+00, personal_generator_context_to_u=0.000000e+00, personal_generator_context_to_v=0.000000e+00, personal_generator_state_row=0.000000e+00, personal_generator_state_col=0.000000e+00, personal_generator_id_row=0.000000e+00, personal_generator_id_col=0.000000e+00, personal_generator_state_adapter=0.000000e+00, personal_generator_id_adapter=0.000000e+00, personal_generator_context_adapter=0.000000e+00, personal_generator_direct_scale=0.000000e+00
2026-04-16 11:42:43,770 - INFO - [junyi|junyi_abce_ae_dominant_no_E|lr=0.003|drop=0.40] -> New best AUC=0.8196 at epoch 11
2026-04-16 11:43:39,842 - INFO - [junyi|junyi_abce_ae_dominant_no_E|lr=0.003|drop=0.40] Epoch [012/100] | Train: Loss=0.4962, BCE=0.4834, Reg=0.0128, AUC=0.8217, ACC=0.7702, RMSE=0.3982 | Val: Loss=0.4960, BCE=0.4833, Reg=0.0128, AUC=0.8201, ACC=0.7706, RMSE=0.3979
2026-04-16 11:43:39,843 - INFO - [junyi|junyi_abce_ae_dominant_no_E|lr=0.003|drop=0.40] [Reg Terms] Epoch [012] | Train: graph_entropy=0.000000, graph_diag=0.006005, graph_uniform=0.006753, graph_reg_scale=1.0000, prediction_l2=0.000000, personal_sparse=0.000000, alpha_var=0.000000, alpha_collapse=0.000000, reg_bce_ratio=0.0264 | Val: graph_entropy=0.000000, graph_diag=0.006000, graph_uniform=0.006753, graph_reg_scale=1.0000, prediction_l2=0.000000, personal_sparse=0.000000, alpha_var=0.000000, alpha_collapse=0.000000, reg_bce_ratio=0.0264
2026-04-16 11:43:40,006 - INFO - [junyi|junyi_abce_ae_dominant_no_E|lr=0.003|drop=0.40] [Diag][AE] Epoch [012] | irt_abs_mean=1.8034, irt_std=1.1202, personal_warmup_scale=1.00, graph_row_entropy=3.2177, graph_entropy_ratio=0.4915, alpha_mean=0.0000, alpha_std=0.0000, alpha_base_mean=0.0000, alpha_delta_absmean=0.0000, alpha_saturation_ratio=0.0000, alpha_bias_std=NA, alpha_state_path=0.0000, alpha_id_path=0.0000, alpha_bias_path=0.0000, head_bias_path=0.0000, personal_row_entropy=0.0000, personal_matrix_delta=0.0000, personal_matrix_student_std=0.0000, personal_delta_pre_softmax_norm=0.0000, personal_delta_student_std=0.0000, alpha_head_std=0.0000, query_row_graph_delta=0.1235, query_row_personal_delta=0.0000, neighbor_row_personal_delta=0.0000, personal_row_budget_mean=0.0000, personal_query_row_std=0.0000, readout_query_support_mass=0.9948, personal_student_mix=0.0000, personal_student_adapter=0.0000, local_row_ratio=0.0000, support_density=0.0000, readout_query_delta=0.0047, personal_bad_rows=0.00, personal_fallback_rows=0.00, personal_logits_absmax=0.0000
2026-04-16 11:43:40,006 - INFO - [junyi|junyi_abce_ae_dominant_no_E|lr=0.003|drop=0.40] [Diag][A] Epoch [012] | entropy_ratio=0.4915, diag_mass=0.0500, to_uniform_l2=0.007448, to_identity_l2=0.036726, relation_identity_delta=0.036726, knowledge_state_graph_delta=0.367124, knowledge_state_personal_delta=0.000000, share_concept_embeddings=True, tau_mean=0.6931, tau_std=0.0000, graph_reg_scale(train/val)=1.0000/1.0000
2026-04-16 11:43:40,006 - INFO - [junyi|junyi_abce_ae_dominant_no_E|lr=0.003|drop=0.40] [Grad Norms] Epoch [012] | relation_emb=3.116280e-01, relation_tau=7.879218e-13, relation_wq=1.047848e-08, relation_wk=9.410405e-09, personal_u=0.000000e+00, personal_v=0.000000e+00, personal_alpha_bias=0.000000e+00, personal_gate_emb=0.000000e+00, personal_gate_state_proj=0.000000e+00, personal_gate_context_proj=0.000000e+00, personal_gate_state_direct=0.000000e+00, personal_gate_id_direct=0.000000e+00, personal_gate_context_direct=0.000000e+00, personal_gate_out=0.000000e+00, personal_generator_emb=0.000000e+00, personal_generator_context_proj=0.000000e+00, personal_generator_context_hidden=0.000000e+00, personal_generator_context_to_u=0.000000e+00, personal_generator_context_to_v=0.000000e+00, personal_generator_state_row=0.000000e+00, personal_generator_state_col=0.000000e+00, personal_generator_id_row=0.000000e+00, personal_generator_id_col=0.000000e+00, personal_generator_state_adapter=0.000000e+00, personal_generator_id_adapter=0.000000e+00, personal_generator_context_adapter=0.000000e+00, personal_generator_direct_scale=0.000000e+00
2026-04-16 11:43:40,181 - INFO - [junyi|junyi_abce_ae_dominant_no_E|lr=0.003|drop=0.40] -> New best AUC=0.8201 at epoch 12
2026-04-16 11:44:36,145 - INFO - [junyi|junyi_abce_ae_dominant_no_E|lr=0.003|drop=0.40] Epoch [013/100] | Train: Loss=0.4966, BCE=0.4839, Reg=0.0128, AUC=0.8215, ACC=0.7695, RMSE=0.3983 | Val: Loss=0.4943, BCE=0.4815, Reg=0.0128, AUC=0.8212, ACC=0.7749, RMSE=0.3964
2026-04-16 11:44:36,146 - INFO - [junyi|junyi_abce_ae_dominant_no_E|lr=0.003|drop=0.40] [Reg Terms] Epoch [013] | Train: graph_entropy=0.000000, graph_diag=0.006005, graph_uniform=0.006753, graph_reg_scale=1.0000, prediction_l2=0.000000, personal_sparse=0.000000, alpha_var=0.000000, alpha_collapse=0.000000, reg_bce_ratio=0.0264 | Val: graph_entropy=0.000000, graph_diag=0.006000, graph_uniform=0.006753, graph_reg_scale=1.0000, prediction_l2=0.000000, personal_sparse=0.000000, alpha_var=0.000000, alpha_collapse=0.000000, reg_bce_ratio=0.0265
2026-04-16 11:44:36,327 - INFO - [junyi|junyi_abce_ae_dominant_no_E|lr=0.003|drop=0.40] [Diag][AE] Epoch [013] | irt_abs_mean=1.9432, irt_std=1.1602, personal_warmup_scale=1.00, graph_row_entropy=3.2177, graph_entropy_ratio=0.4915, alpha_mean=0.0000, alpha_std=0.0000, alpha_base_mean=0.0000, alpha_delta_absmean=0.0000, alpha_saturation_ratio=0.0000, alpha_bias_std=NA, alpha_state_path=0.0000, alpha_id_path=0.0000, alpha_bias_path=0.0000, head_bias_path=0.0000, personal_row_entropy=0.0000, personal_matrix_delta=0.0000, personal_matrix_student_std=0.0000, personal_delta_pre_softmax_norm=0.0000, personal_delta_student_std=0.0000, alpha_head_std=0.0000, query_row_graph_delta=0.1161, query_row_personal_delta=0.0000, neighbor_row_personal_delta=0.0000, personal_row_budget_mean=0.0000, personal_query_row_std=0.0000, readout_query_support_mass=0.6846, personal_student_mix=0.0000, personal_student_adapter=0.0000, local_row_ratio=0.0000, support_density=0.0000, readout_query_delta=0.0044, personal_bad_rows=0.00, personal_fallback_rows=0.00, personal_logits_absmax=0.0000
2026-04-16 11:44:36,327 - INFO - [junyi|junyi_abce_ae_dominant_no_E|lr=0.003|drop=0.40] [Diag][A] Epoch [013] | entropy_ratio=0.4915, diag_mass=0.0500, to_uniform_l2=0.007448, to_identity_l2=0.036726, relation_identity_delta=0.036726, knowledge_state_graph_delta=0.367746, knowledge_state_personal_delta=0.000000, share_concept_embeddings=True, tau_mean=0.6931, tau_std=0.0000, graph_reg_scale(train/val)=1.0000/1.0000
2026-04-16 11:44:36,327 - INFO - [junyi|junyi_abce_ae_dominant_no_E|lr=0.003|drop=0.40] [Grad Norms] Epoch [013] | relation_emb=3.198817e-01, relation_tau=7.297396e-13, relation_wq=2.560838e-09, relation_wk=2.028729e-09, personal_u=0.000000e+00, personal_v=0.000000e+00, personal_alpha_bias=0.000000e+00, personal_gate_emb=0.000000e+00, personal_gate_state_proj=0.000000e+00, personal_gate_context_proj=0.000000e+00, personal_gate_state_direct=0.000000e+00, personal_gate_id_direct=0.000000e+00, personal_gate_context_direct=0.000000e+00, personal_gate_out=0.000000e+00, personal_generator_emb=0.000000e+00, personal_generator_context_proj=0.000000e+00, personal_generator_context_hidden=0.000000e+00, personal_generator_context_to_u=0.000000e+00, personal_generator_context_to_v=0.000000e+00, personal_generator_state_row=0.000000e+00, personal_generator_state_col=0.000000e+00, personal_generator_id_row=0.000000e+00, personal_generator_id_col=0.000000e+00, personal_generator_state_adapter=0.000000e+00, personal_generator_id_adapter=0.000000e+00, personal_generator_context_adapter=0.000000e+00, personal_generator_direct_scale=0.000000e+00
2026-04-16 11:44:36,515 - INFO - [junyi|junyi_abce_ae_dominant_no_E|lr=0.003|drop=0.40] -> New best AUC=0.8212 at epoch 13
2026-04-16 11:45:32,996 - INFO - [junyi|junyi_abce_ae_dominant_no_E|lr=0.003|drop=0.40] Epoch [014/100] | Train: Loss=0.4973, BCE=0.4845, Reg=0.0128, AUC=0.8210, ACC=0.7692, RMSE=0.3986 | Val: Loss=0.4949, BCE=0.4821, Reg=0.0128, AUC=0.8184, ACC=0.7755, RMSE=0.3965
2026-04-16 11:45:32,996 - INFO - [junyi|junyi_abce_ae_dominant_no_E|lr=0.003|drop=0.40] [Reg Terms] Epoch [014] | Train: graph_entropy=0.000000, graph_diag=0.006002, graph_uniform=0.006753, graph_reg_scale=1.0000, prediction_l2=0.000000, personal_sparse=0.000000, alpha_var=0.000000, alpha_collapse=0.000000, reg_bce_ratio=0.0263 | Val: graph_entropy=0.000000, graph_diag=0.006000, graph_uniform=0.006753, graph_reg_scale=1.0000, prediction_l2=0.000000, personal_sparse=0.000000, alpha_var=0.000000, alpha_collapse=0.000000, reg_bce_ratio=0.0265
2026-04-16 11:45:33,183 - INFO - [junyi|junyi_abce_ae_dominant_no_E|lr=0.003|drop=0.40] [Diag][AE] Epoch [014] | irt_abs_mean=1.7712, irt_std=1.1352, personal_warmup_scale=1.00, graph_row_entropy=3.2177, graph_entropy_ratio=0.4915, alpha_mean=0.0000, alpha_std=0.0000, alpha_base_mean=0.0000, alpha_delta_absmean=0.0000, alpha_saturation_ratio=0.0000, alpha_bias_std=NA, alpha_state_path=0.0000, alpha_id_path=0.0000, alpha_bias_path=0.0000, head_bias_path=0.0000, personal_row_entropy=0.0000, personal_matrix_delta=0.0000, personal_matrix_student_std=0.0000, personal_delta_pre_softmax_norm=0.0000, personal_delta_student_std=0.0000, alpha_head_std=0.0000, query_row_graph_delta=0.1129, query_row_personal_delta=0.0000, neighbor_row_personal_delta=0.0000, personal_row_budget_mean=0.0000, personal_query_row_std=0.0000, readout_query_support_mass=0.9050, personal_student_mix=0.0000, personal_student_adapter=0.0000, local_row_ratio=0.0000, support_density=0.0000, readout_query_delta=0.0043, personal_bad_rows=0.00, personal_fallback_rows=0.00, personal_logits_absmax=0.0000
2026-04-16 11:45:33,183 - INFO - [junyi|junyi_abce_ae_dominant_no_E|lr=0.003|drop=0.40] [Diag][A] Epoch [014] | entropy_ratio=0.4915, diag_mass=0.0500, to_uniform_l2=0.007448, to_identity_l2=0.036726, relation_identity_delta=0.036726, knowledge_state_graph_delta=0.355141, knowledge_state_personal_delta=0.000000, share_concept_embeddings=True, tau_mean=0.6931, tau_std=0.0000, graph_reg_scale(train/val)=1.0000/1.0000
2026-04-16 11:45:33,183 - INFO - [junyi|junyi_abce_ae_dominant_no_E|lr=0.003|drop=0.40] [Grad Norms] Epoch [014] | relation_emb=2.883391e-01, relation_tau=3.455147e-12, relation_wq=6.817713e-09, relation_wk=5.621594e-09, personal_u=0.000000e+00, personal_v=0.000000e+00, personal_alpha_bias=0.000000e+00, personal_gate_emb=0.000000e+00, personal_gate_state_proj=0.000000e+00, personal_gate_context_proj=0.000000e+00, personal_gate_state_direct=0.000000e+00, personal_gate_id_direct=0.000000e+00, personal_gate_context_direct=0.000000e+00, personal_gate_out=0.000000e+00, personal_generator_emb=0.000000e+00, personal_generator_context_proj=0.000000e+00, personal_generator_context_hidden=0.000000e+00, personal_generator_context_to_u=0.000000e+00, personal_generator_context_to_v=0.000000e+00, personal_generator_state_row=0.000000e+00, personal_generator_state_col=0.000000e+00, personal_generator_id_row=0.000000e+00, personal_generator_id_col=0.000000e+00, personal_generator_state_adapter=0.000000e+00, personal_generator_id_adapter=0.000000e+00, personal_generator_context_adapter=0.000000e+00, personal_generator_direct_scale=0.000000e+00
2026-04-16 11:45:33,184 - INFO - [junyi|junyi_abce_ae_dominant_no_E|lr=0.003|drop=0.40] -> No improvement 1 epoch(s) (best AUC=0.8212 @ 13)
2026-04-16 11:46:28,874 - INFO - [junyi|junyi_abce_ae_dominant_no_E|lr=0.003|drop=0.40] Epoch [015/100] | Train: Loss=0.4967, BCE=0.4839, Reg=0.0128, AUC=0.8216, ACC=0.7697, RMSE=0.3983 | Val: Loss=0.4972, BCE=0.4844, Reg=0.0128, AUC=0.8218, ACC=0.7770, RMSE=0.3965
2026-04-16 11:46:28,874 - INFO - [junyi|junyi_abce_ae_dominant_no_E|lr=0.003|drop=0.40] [Reg Terms] Epoch [015] | Train: graph_entropy=0.000000, graph_diag=0.006005, graph_uniform=0.006753, graph_reg_scale=1.0000, prediction_l2=0.000000, personal_sparse=0.000000, alpha_var=0.000000, alpha_collapse=0.000000, reg_bce_ratio=0.0264 | Val: graph_entropy=0.000000, graph_diag=0.006000, graph_uniform=0.006753, graph_reg_scale=1.0000, prediction_l2=0.000000, personal_sparse=0.000000, alpha_var=0.000000, alpha_collapse=0.000000, reg_bce_ratio=0.0263
2026-04-16 11:46:29,073 - INFO - [junyi|junyi_abce_ae_dominant_no_E|lr=0.003|drop=0.40] [Diag][AE] Epoch [015] | irt_abs_mean=1.9908, irt_std=1.2602, personal_warmup_scale=1.00, graph_row_entropy=3.2177, graph_entropy_ratio=0.4915, alpha_mean=0.0000, alpha_std=0.0000, alpha_base_mean=0.0000, alpha_delta_absmean=0.0000, alpha_saturation_ratio=0.0000, alpha_bias_std=NA, alpha_state_path=0.0000, alpha_id_path=0.0000, alpha_bias_path=0.0000, head_bias_path=0.0000, personal_row_entropy=0.0000, personal_matrix_delta=0.0000, personal_matrix_student_std=0.0000, personal_delta_pre_softmax_norm=0.0000, personal_delta_student_std=0.0000, alpha_head_std=0.0000, query_row_graph_delta=0.1255, query_row_personal_delta=0.0000, neighbor_row_personal_delta=0.0000, personal_row_budget_mean=0.0000, personal_query_row_std=0.0000, readout_query_support_mass=1.3588, personal_student_mix=0.0000, personal_student_adapter=0.0000, local_row_ratio=0.0000, support_density=0.0000, readout_query_delta=0.0048, personal_bad_rows=0.00, personal_fallback_rows=0.00, personal_logits_absmax=0.0000
2026-04-16 11:46:29,073 - INFO - [junyi|junyi_abce_ae_dominant_no_E|lr=0.003|drop=0.40] [Diag][A] Epoch [015] | entropy_ratio=0.4915, diag_mass=0.0500, to_uniform_l2=0.007448, to_identity_l2=0.036726, relation_identity_delta=0.036726, knowledge_state_graph_delta=0.392873, knowledge_state_personal_delta=0.000000, share_concept_embeddings=True, tau_mean=0.6931, tau_std=0.0000, graph_reg_scale(train/val)=1.0000/1.0000
2026-04-16 11:46:29,073 - INFO - [junyi|junyi_abce_ae_dominant_no_E|lr=0.003|drop=0.40] [Grad Norms] Epoch [015] | relation_emb=3.676391e-01, relation_tau=1.533546e-12, relation_wq=1.503872e-08, relation_wk=1.127302e-08, personal_u=0.000000e+00, personal_v=0.000000e+00, personal_alpha_bias=0.000000e+00, personal_gate_emb=0.000000e+00, personal_gate_state_proj=0.000000e+00, personal_gate_context_proj=0.000000e+00, personal_gate_state_direct=0.000000e+00, personal_gate_id_direct=0.000000e+00, personal_gate_context_direct=0.000000e+00, personal_gate_out=0.000000e+00, personal_generator_emb=0.000000e+00, personal_generator_context_proj=0.000000e+00, personal_generator_context_hidden=0.000000e+00, personal_generator_context_to_u=0.000000e+00, personal_generator_context_to_v=0.000000e+00, personal_generator_state_row=0.000000e+00, personal_generator_state_col=0.000000e+00, personal_generator_id_row=0.000000e+00, personal_generator_id_col=0.000000e+00, personal_generator_state_adapter=0.000000e+00, personal_generator_id_adapter=0.000000e+00, personal_generator_context_adapter=0.000000e+00, personal_generator_direct_scale=0.000000e+00
2026-04-16 11:46:29,270 - INFO - [junyi|junyi_abce_ae_dominant_no_E|lr=0.003|drop=0.40] -> New best AUC=0.8218 at epoch 15
2026-04-16 11:47:25,216 - INFO - [junyi|junyi_abce_ae_dominant_no_E|lr=0.003|drop=0.40] Epoch [016/100] | Train: Loss=0.4981, BCE=0.4853, Reg=0.0128, AUC=0.8202, ACC=0.7696, RMSE=0.3989 | Val: Loss=0.4964, BCE=0.4837, Reg=0.0128, AUC=0.8203, ACC=0.7731, RMSE=0.3980
2026-04-16 11:47:25,216 - INFO - [junyi|junyi_abce_ae_dominant_no_E|lr=0.003|drop=0.40] [Reg Terms] Epoch [016] | Train: graph_entropy=0.000000, graph_diag=0.006005, graph_uniform=0.006753, graph_reg_scale=1.0000, prediction_l2=0.000000, personal_sparse=0.000000, alpha_var=0.000000, alpha_collapse=0.000000, reg_bce_ratio=0.0263 | Val: graph_entropy=0.000000, graph_diag=0.006000, graph_uniform=0.006753, graph_reg_scale=1.0000, prediction_l2=0.000000, personal_sparse=0.000000, alpha_var=0.000000, alpha_collapse=0.000000, reg_bce_ratio=0.0264
2026-04-16 11:47:25,398 - INFO - [junyi|junyi_abce_ae_dominant_no_E|lr=0.003|drop=0.40] [Diag][AE] Epoch [016] | irt_abs_mean=1.6775, irt_std=0.9686, personal_warmup_scale=1.00, graph_row_entropy=3.2177, graph_entropy_ratio=0.4915, alpha_mean=0.0000, alpha_std=0.0000, alpha_base_mean=0.0000, alpha_delta_absmean=0.0000, alpha_saturation_ratio=0.0000, alpha_bias_std=NA, alpha_state_path=0.0000, alpha_id_path=0.0000, alpha_bias_path=0.0000, head_bias_path=0.0000, personal_row_entropy=0.0000, personal_matrix_delta=0.0000, personal_matrix_student_std=0.0000, personal_delta_pre_softmax_norm=0.0000, personal_delta_student_std=0.0000, alpha_head_std=0.0000, query_row_graph_delta=0.1469, query_row_personal_delta=0.0000, neighbor_row_personal_delta=0.0000, personal_row_budget_mean=0.0000, personal_query_row_std=0.0000, readout_query_support_mass=1.5019, personal_student_mix=0.0000, personal_student_adapter=0.0000, local_row_ratio=0.0000, support_density=0.0000, readout_query_delta=0.0056, personal_bad_rows=0.00, personal_fallback_rows=0.00, personal_logits_absmax=0.0000
2026-04-16 11:47:25,398 - INFO - [junyi|junyi_abce_ae_dominant_no_E|lr=0.003|drop=0.40] [Diag][A] Epoch [016] | entropy_ratio=0.4915, diag_mass=0.0500, to_uniform_l2=0.007448, to_identity_l2=0.036726, relation_identity_delta=0.036726, knowledge_state_graph_delta=0.375173, knowledge_state_personal_delta=0.000000, share_concept_embeddings=True, tau_mean=0.6931, tau_std=0.0000, graph_reg_scale(train/val)=1.0000/1.0000
2026-04-16 11:47:25,398 - INFO - [junyi|junyi_abce_ae_dominant_no_E|lr=0.003|drop=0.40] [Grad Norms] Epoch [016] | relation_emb=3.747196e-01, relation_tau=1.414803e-12, relation_wq=9.194266e-09, relation_wk=8.021347e-09, personal_u=0.000000e+00, personal_v=0.000000e+00, personal_alpha_bias=0.000000e+00, personal_gate_emb=0.000000e+00, personal_gate_state_proj=0.000000e+00, personal_gate_context_proj=0.000000e+00, personal_gate_state_direct=0.000000e+00, personal_gate_id_direct=0.000000e+00, personal_gate_context_direct=0.000000e+00, personal_gate_out=0.000000e+00, personal_generator_emb=0.000000e+00, personal_generator_context_proj=0.000000e+00, personal_generator_context_hidden=0.000000e+00, personal_generator_context_to_u=0.000000e+00, personal_generator_context_to_v=0.000000e+00, personal_generator_state_row=0.000000e+00, personal_generator_state_col=0.000000e+00, personal_generator_id_row=0.000000e+00, personal_generator_id_col=0.000000e+00, personal_generator_state_adapter=0.000000e+00, personal_generator_id_adapter=0.000000e+00, personal_generator_context_adapter=0.000000e+00, personal_generator_direct_scale=0.000000e+00
2026-04-16 11:47:25,399 - INFO - [junyi|junyi_abce_ae_dominant_no_E|lr=0.003|drop=0.40] -> No improvement 1 epoch(s) (best AUC=0.8218 @ 15)
2026-04-16 11:48:21,398 - INFO - [junyi|junyi_abce_ae_dominant_no_E|lr=0.003|drop=0.40] Epoch [017/100] | Train: Loss=0.4971, BCE=0.4844, Reg=0.0128, AUC=0.8213, ACC=0.7695, RMSE=0.3985 | Val: Loss=0.4897, BCE=0.4769, Reg=0.0128, AUC=0.8211, ACC=0.7737, RMSE=0.3953
2026-04-16 11:48:21,398 - INFO - [junyi|junyi_abce_ae_dominant_no_E|lr=0.003|drop=0.40] [Reg Terms] Epoch [017] | Train: graph_entropy=0.000000, graph_diag=0.006005, graph_uniform=0.006753, graph_reg_scale=1.0000, prediction_l2=0.000000, personal_sparse=0.000000, alpha_var=0.000000, alpha_collapse=0.000000, reg_bce_ratio=0.0263 | Val: graph_entropy=0.000000, graph_diag=0.006000, graph_uniform=0.006753, graph_reg_scale=1.0000, prediction_l2=0.000000, personal_sparse=0.000000, alpha_var=0.000000, alpha_collapse=0.000000, reg_bce_ratio=0.0267
2026-04-16 11:48:21,561 - INFO - [junyi|junyi_abce_ae_dominant_no_E|lr=0.003|drop=0.40] [Diag][AE] Epoch [017] | irt_abs_mean=1.6511, irt_std=1.0593, personal_warmup_scale=1.00, graph_row_entropy=3.2177, graph_entropy_ratio=0.4915, alpha_mean=0.0000, alpha_std=0.0000, alpha_base_mean=0.0000, alpha_delta_absmean=0.0000, alpha_saturation_ratio=0.0000, alpha_bias_std=NA, alpha_state_path=0.0000, alpha_id_path=0.0000, alpha_bias_path=0.0000, head_bias_path=0.0000, personal_row_entropy=0.0000, personal_matrix_delta=0.0000, personal_matrix_student_std=0.0000, personal_delta_pre_softmax_norm=0.0000, personal_delta_student_std=0.0000, alpha_head_std=0.0000, query_row_graph_delta=0.1236, query_row_personal_delta=0.0000, neighbor_row_personal_delta=0.0000, personal_row_budget_mean=0.0000, personal_query_row_std=0.0000, readout_query_support_mass=1.3524, personal_student_mix=0.0000, personal_student_adapter=0.0000, local_row_ratio=0.0000, support_density=0.0000, readout_query_delta=0.0047, personal_bad_rows=0.00, personal_fallback_rows=0.00, personal_logits_absmax=0.0000
2026-04-16 11:48:21,562 - INFO - [junyi|junyi_abce_ae_dominant_no_E|lr=0.003|drop=0.40] [Diag][A] Epoch [017] | entropy_ratio=0.4915, diag_mass=0.0500, to_uniform_l2=0.007448, to_identity_l2=0.036726, relation_identity_delta=0.036726, knowledge_state_graph_delta=0.356546, knowledge_state_personal_delta=0.000000, share_concept_embeddings=True, tau_mean=0.6931, tau_std=0.0000, graph_reg_scale(train/val)=1.0000/1.0000
2026-04-16 11:48:21,562 - INFO - [junyi|junyi_abce_ae_dominant_no_E|lr=0.003|drop=0.40] [Grad Norms] Epoch [017] | relation_emb=2.973304e-01, relation_tau=7.462701e-13, relation_wq=8.567920e-09, relation_wk=5.247107e-09, personal_u=0.000000e+00, personal_v=0.000000e+00, personal_alpha_bias=0.000000e+00, personal_gate_emb=0.000000e+00, personal_gate_state_proj=0.000000e+00, personal_gate_context_proj=0.000000e+00, personal_gate_state_direct=0.000000e+00, personal_gate_id_direct=0.000000e+00, personal_gate_context_direct=0.000000e+00, personal_gate_out=0.000000e+00, personal_generator_emb=0.000000e+00, personal_generator_context_proj=0.000000e+00, personal_generator_context_hidden=0.000000e+00, personal_generator_context_to_u=0.000000e+00, personal_generator_context_to_v=0.000000e+00, personal_generator_state_row=0.000000e+00, personal_generator_state_col=0.000000e+00, personal_generator_id_row=0.000000e+00, personal_generator_id_col=0.000000e+00, personal_generator_state_adapter=0.000000e+00, personal_generator_id_adapter=0.000000e+00, personal_generator_context_adapter=0.000000e+00, personal_generator_direct_scale=0.000000e+00
2026-04-16 11:48:21,562 - INFO - [junyi|junyi_abce_ae_dominant_no_E|lr=0.003|drop=0.40] -> No improvement 2 epoch(s) (best AUC=0.8218 @ 15)
2026-04-16 11:49:17,501 - INFO - [junyi|junyi_abce_ae_dominant_no_E|lr=0.003|drop=0.40] Epoch [018/100] | Train: Loss=0.4831, BCE=0.4704, Reg=0.0128, AUC=0.8330, ACC=0.7776, RMSE=0.3918 | Val: Loss=0.4896, BCE=0.4768, Reg=0.0128, AUC=0.8249, ACC=0.7793, RMSE=0.3940
2026-04-16 11:49:17,501 - INFO - [junyi|junyi_abce_ae_dominant_no_E|lr=0.003|drop=0.40] [Reg Terms] Epoch [018] | Train: graph_entropy=0.000000, graph_diag=0.006000, graph_uniform=0.006753, graph_reg_scale=1.0000, prediction_l2=0.000000, personal_sparse=0.000000, alpha_var=0.000000, alpha_collapse=0.000000, reg_bce_ratio=0.0271 | Val: graph_entropy=0.000000, graph_diag=0.006000, graph_uniform=0.006753, graph_reg_scale=1.0000, prediction_l2=0.000000, personal_sparse=0.000000, alpha_var=0.000000, alpha_collapse=0.000000, reg_bce_ratio=0.0267
2026-04-16 11:49:17,659 - INFO - [junyi|junyi_abce_ae_dominant_no_E|lr=0.003|drop=0.40] [Diag][AE] Epoch [018] | irt_abs_mean=1.9565, irt_std=1.1628, personal_warmup_scale=1.00, graph_row_entropy=3.2177, graph_entropy_ratio=0.4915, alpha_mean=0.0000, alpha_std=0.0000, alpha_base_mean=0.0000, alpha_delta_absmean=0.0000, alpha_saturation_ratio=0.0000, alpha_bias_std=NA, alpha_state_path=0.0000, alpha_id_path=0.0000, alpha_bias_path=0.0000, head_bias_path=0.0000, personal_row_entropy=0.0000, personal_matrix_delta=0.0000, personal_matrix_student_std=0.0000, personal_delta_pre_softmax_norm=0.0000, personal_delta_student_std=0.0000, alpha_head_std=0.0000, query_row_graph_delta=0.1037, query_row_personal_delta=0.0000, neighbor_row_personal_delta=0.0000, personal_row_budget_mean=0.0000, personal_query_row_std=0.0000, readout_query_support_mass=2.4317, personal_student_mix=0.0000, personal_student_adapter=0.0000, local_row_ratio=0.0000, support_density=0.0000, readout_query_delta=0.0039, personal_bad_rows=0.00, personal_fallback_rows=0.00, personal_logits_absmax=0.0000
2026-04-16 11:49:17,660 - INFO - [junyi|junyi_abce_ae_dominant_no_E|lr=0.003|drop=0.40] [Diag][A] Epoch [018] | entropy_ratio=0.4915, diag_mass=0.0500, to_uniform_l2=0.007448, to_identity_l2=0.036726, relation_identity_delta=0.036726, knowledge_state_graph_delta=0.376626, knowledge_state_personal_delta=0.000000, share_concept_embeddings=True, tau_mean=0.6931, tau_std=0.0000, graph_reg_scale(train/val)=1.0000/1.0000
2026-04-16 11:49:17,660 - INFO - [junyi|junyi_abce_ae_dominant_no_E|lr=0.003|drop=0.40] [Grad Norms] Epoch [018] | relation_emb=4.410692e-01, relation_tau=0.000000e+00, relation_wq=0.000000e+00, relation_wk=0.000000e+00, personal_u=0.000000e+00, personal_v=0.000000e+00, personal_alpha_bias=0.000000e+00, personal_gate_emb=0.000000e+00, personal_gate_state_proj=0.000000e+00, personal_gate_context_proj=0.000000e+00, personal_gate_state_direct=0.000000e+00, personal_gate_id_direct=0.000000e+00, personal_gate_context_direct=0.000000e+00, personal_gate_out=0.000000e+00, personal_generator_emb=0.000000e+00, personal_generator_context_proj=0.000000e+00, personal_generator_context_hidden=0.000000e+00, personal_generator_context_to_u=0.000000e+00, personal_generator_context_to_v=0.000000e+00, personal_generator_state_row=0.000000e+00, personal_generator_state_col=0.000000e+00, personal_generator_id_row=0.000000e+00, personal_generator_id_col=0.000000e+00, personal_generator_state_adapter=0.000000e+00, personal_generator_id_adapter=0.000000e+00, personal_generator_context_adapter=0.000000e+00, personal_generator_direct_scale=0.000000e+00
2026-04-16 11:49:17,801 - INFO - [junyi|junyi_abce_ae_dominant_no_E|lr=0.003|drop=0.40] -> New best AUC=0.8249 at epoch 18
2026-04-16 11:50:13,179 - INFO - [junyi|junyi_abce_ae_dominant_no_E|lr=0.003|drop=0.40] Epoch [019/100] | Train: Loss=0.4794, BCE=0.4667, Reg=0.0128, AUC=0.8358, ACC=0.7796, RMSE=0.3900 | Val: Loss=0.4914, BCE=0.4787, Reg=0.0128, AUC=0.8230, ACC=0.7767, RMSE=0.3954
2026-04-16 11:50:13,179 - INFO - [junyi|junyi_abce_ae_dominant_no_E|lr=0.003|drop=0.40] [Reg Terms] Epoch [019] | Train: graph_entropy=0.000000, graph_diag=0.006000, graph_uniform=0.006753, graph_reg_scale=1.0000, prediction_l2=0.000000, personal_sparse=0.000000, alpha_var=0.000000, alpha_collapse=0.000000, reg_bce_ratio=0.0273 | Val: graph_entropy=0.000000, graph_diag=0.006000, graph_uniform=0.006753, graph_reg_scale=1.0000, prediction_l2=0.000000, personal_sparse=0.000000, alpha_var=0.000000, alpha_collapse=0.000000, reg_bce_ratio=0.0266
2026-04-16 11:50:13,372 - INFO - [junyi|junyi_abce_ae_dominant_no_E|lr=0.003|drop=0.40] [Diag][AE] Epoch [019] | irt_abs_mean=1.8773, irt_std=1.1012, personal_warmup_scale=1.00, graph_row_entropy=3.2177, graph_entropy_ratio=0.4915, alpha_mean=0.0000, alpha_std=0.0000, alpha_base_mean=0.0000, alpha_delta_absmean=0.0000, alpha_saturation_ratio=0.0000, alpha_bias_std=NA, alpha_state_path=0.0000, alpha_id_path=0.0000, alpha_bias_path=0.0000, head_bias_path=0.0000, personal_row_entropy=0.0000, personal_matrix_delta=0.0000, personal_matrix_student_std=0.0000, personal_delta_pre_softmax_norm=0.0000, personal_delta_student_std=0.0000, alpha_head_std=0.0000, query_row_graph_delta=0.1029, query_row_personal_delta=0.0000, neighbor_row_personal_delta=0.0000, personal_row_budget_mean=0.0000, personal_query_row_std=0.0000, readout_query_support_mass=1.9439, personal_student_mix=0.0000, personal_student_adapter=0.0000, local_row_ratio=0.0000, support_density=0.0000, readout_query_delta=0.0039, personal_bad_rows=0.00, personal_fallback_rows=0.00, personal_logits_absmax=0.0000
2026-04-16 11:50:13,373 - INFO - [junyi|junyi_abce_ae_dominant_no_E|lr=0.003|drop=0.40] [Diag][A] Epoch [019] | entropy_ratio=0.4915, diag_mass=0.0500, to_uniform_l2=0.007448, to_identity_l2=0.036726, relation_identity_delta=0.036726, knowledge_state_graph_delta=0.379475, knowledge_state_personal_delta=0.000000, share_concept_embeddings=True, tau_mean=0.6931, tau_std=0.0000, graph_reg_scale(train/val)=1.0000/1.0000
2026-04-16 11:50:13,373 - INFO - [junyi|junyi_abce_ae_dominant_no_E|lr=0.003|drop=0.40] [Grad Norms] Epoch [019] | relation_emb=4.519532e-01, relation_tau=0.000000e+00, relation_wq=0.000000e+00, relation_wk=0.000000e+00, personal_u=0.000000e+00, personal_v=0.000000e+00, personal_alpha_bias=0.000000e+00, personal_gate_emb=0.000000e+00, personal_gate_state_proj=0.000000e+00, personal_gate_context_proj=0.000000e+00, personal_gate_state_direct=0.000000e+00, personal_gate_id_direct=0.000000e+00, personal_gate_context_direct=0.000000e+00, personal_gate_out=0.000000e+00, personal_generator_emb=0.000000e+00, personal_generator_context_proj=0.000000e+00, personal_generator_context_hidden=0.000000e+00, personal_generator_context_to_u=0.000000e+00, personal_generator_context_to_v=0.000000e+00, personal_generator_state_row=0.000000e+00, personal_generator_state_col=0.000000e+00, personal_generator_id_row=0.000000e+00, personal_generator_id_col=0.000000e+00, personal_generator_state_adapter=0.000000e+00, personal_generator_id_adapter=0.000000e+00, personal_generator_context_adapter=0.000000e+00, personal_generator_direct_scale=0.000000e+00
2026-04-16 11:50:13,373 - INFO - [junyi|junyi_abce_ae_dominant_no_E|lr=0.003|drop=0.40] -> No improvement 1 epoch(s) (best AUC=0.8249 @ 18)
2026-04-16 11:51:08,872 - INFO - [junyi|junyi_abce_ae_dominant_no_E|lr=0.003|drop=0.40] Epoch [020/100] | Train: Loss=0.4796, BCE=0.4668, Reg=0.0128, AUC=0.8358, ACC=0.7802, RMSE=0.3899 | Val: Loss=0.4928, BCE=0.4800, Reg=0.0128, AUC=0.8218, ACC=0.7740, RMSE=0.3960
2026-04-16 11:51:08,872 - INFO - [junyi|junyi_abce_ae_dominant_no_E|lr=0.003|drop=0.40] [Reg Terms] Epoch [020] | Train: graph_entropy=0.000000, graph_diag=0.006005, graph_uniform=0.006753, graph_reg_scale=1.0000, prediction_l2=0.000000, personal_sparse=0.000000, alpha_var=0.000000, alpha_collapse=0.000000, reg_bce_ratio=0.0273 | Val: graph_entropy=0.000000, graph_diag=0.006000, graph_uniform=0.006753, graph_reg_scale=1.0000, prediction_l2=0.000000, personal_sparse=0.000000, alpha_var=0.000000, alpha_collapse=0.000000, reg_bce_ratio=0.0266
2026-04-16 11:51:09,073 - INFO - [junyi|junyi_abce_ae_dominant_no_E|lr=0.003|drop=0.40] [Diag][AE] Epoch [020] | irt_abs_mean=1.7951, irt_std=1.0614, personal_warmup_scale=1.00, graph_row_entropy=3.2177, graph_entropy_ratio=0.4915, alpha_mean=0.0000, alpha_std=0.0000, alpha_base_mean=0.0000, alpha_delta_absmean=0.0000, alpha_saturation_ratio=0.0000, alpha_bias_std=NA, alpha_state_path=0.0000, alpha_id_path=0.0000, alpha_bias_path=0.0000, head_bias_path=0.0000, personal_row_entropy=0.0000, personal_matrix_delta=0.0000, personal_matrix_student_std=0.0000, personal_delta_pre_softmax_norm=0.0000, personal_delta_student_std=0.0000, alpha_head_std=0.0000, query_row_graph_delta=0.1199, query_row_personal_delta=0.0000, neighbor_row_personal_delta=0.0000, personal_row_budget_mean=0.0000, personal_query_row_std=0.0000, readout_query_support_mass=1.7379, personal_student_mix=0.0000, personal_student_adapter=0.0000, local_row_ratio=0.0000, support_density=0.0000, readout_query_delta=0.0045, personal_bad_rows=0.00, personal_fallback_rows=0.00, personal_logits_absmax=0.0000
2026-04-16 11:51:09,073 - INFO - [junyi|junyi_abce_ae_dominant_no_E|lr=0.003|drop=0.40] [Diag][A] Epoch [020] | entropy_ratio=0.4915, diag_mass=0.0500, to_uniform_l2=0.007448, to_identity_l2=0.036726, relation_identity_delta=0.036726, knowledge_state_graph_delta=0.389927, knowledge_state_personal_delta=0.000000, share_concept_embeddings=True, tau_mean=0.6931, tau_std=0.0000, graph_reg_scale(train/val)=1.0000/1.0000
2026-04-16 11:51:09,073 - INFO - [junyi|junyi_abce_ae_dominant_no_E|lr=0.003|drop=0.40] [Grad Norms] Epoch [020] | relation_emb=4.560558e-01, relation_tau=6.321038e-14, relation_wq=1.571700e-10, relation_wk=1.068846e-10, personal_u=0.000000e+00, personal_v=0.000000e+00, personal_alpha_bias=0.000000e+00, personal_gate_emb=0.000000e+00, personal_gate_state_proj=0.000000e+00, personal_gate_context_proj=0.000000e+00, personal_gate_state_direct=0.000000e+00, personal_gate_id_direct=0.000000e+00, personal_gate_context_direct=0.000000e+00, personal_gate_out=0.000000e+00, personal_generator_emb=0.000000e+00, personal_generator_context_proj=0.000000e+00, personal_generator_context_hidden=0.000000e+00, personal_generator_context_to_u=0.000000e+00, personal_generator_context_to_v=0.000000e+00, personal_generator_state_row=0.000000e+00, personal_generator_state_col=0.000000e+00, personal_generator_id_row=0.000000e+00, personal_generator_id_col=0.000000e+00, personal_generator_state_adapter=0.000000e+00, personal_generator_id_adapter=0.000000e+00, personal_generator_context_adapter=0.000000e+00, personal_generator_direct_scale=0.000000e+00
2026-04-16 11:51:09,074 - INFO - [junyi|junyi_abce_ae_dominant_no_E|lr=0.003|drop=0.40] -> No improvement 2 epoch(s) (best AUC=0.8249 @ 18)
2026-04-16 11:51:09,112 - INFO - [junyi|junyi_abce_ae_dominant_no_E|lr=0.003|drop=0.40] Checkpoint saved: checkpoints/abce_diag/remote_sparse_local_20260416_d3a8de0/junyi/seed42/ae_dominant_no_E/checkpoint_epoch_20.pth
2026-04-16 11:51:09,333 - INFO - [junyi|junyi_abce_ae_dominant_no_E|lr=0.003|drop=0.40] [Module Activity] Epoch 20: Graph[OK]
2026-04-16 11:52:05,266 - INFO - [junyi|junyi_abce_ae_dominant_no_E|lr=0.003|drop=0.40] Epoch [021/100] | Train: Loss=0.4653, BCE=0.4526, Reg=0.0128, AUC=0.8471, ACC=0.7883, RMSE=0.3829 | Val: Loss=0.4926, BCE=0.4799, Reg=0.0128, AUC=0.8232, ACC=0.7755, RMSE=0.3958
2026-04-16 11:52:05,267 - INFO - [junyi|junyi_abce_ae_dominant_no_E|lr=0.003|drop=0.40] [Reg Terms] Epoch [021] | Train: graph_entropy=0.000000, graph_diag=0.006000, graph_uniform=0.006753, graph_reg_scale=1.0000, prediction_l2=0.000000, personal_sparse=0.000000, alpha_var=0.000000, alpha_collapse=0.000000, reg_bce_ratio=0.0282 | Val: graph_entropy=0.000000, graph_diag=0.006000, graph_uniform=0.006753, graph_reg_scale=1.0000, prediction_l2=0.000000, personal_sparse=0.000000, alpha_var=0.000000, alpha_collapse=0.000000, reg_bce_ratio=0.0266
2026-04-16 11:52:05,454 - INFO - [junyi|junyi_abce_ae_dominant_no_E|lr=0.003|drop=0.40] [Diag][AE] Epoch [021] | irt_abs_mean=1.8402, irt_std=1.0848, personal_warmup_scale=1.00, graph_row_entropy=3.2177, graph_entropy_ratio=0.4915, alpha_mean=0.0000, alpha_std=0.0000, alpha_base_mean=0.0000, alpha_delta_absmean=0.0000, alpha_saturation_ratio=0.0000, alpha_bias_std=NA, alpha_state_path=0.0000, alpha_id_path=0.0000, alpha_bias_path=0.0000, head_bias_path=0.0000, personal_row_entropy=0.0000, personal_matrix_delta=0.0000, personal_matrix_student_std=0.0000, personal_delta_pre_softmax_norm=0.0000, personal_delta_student_std=0.0000, alpha_head_std=0.0000, query_row_graph_delta=0.1133, query_row_personal_delta=0.0000, neighbor_row_personal_delta=0.0000, personal_row_budget_mean=0.0000, personal_query_row_std=0.0000, readout_query_support_mass=2.3792, personal_student_mix=0.0000, personal_student_adapter=0.0000, local_row_ratio=0.0000, support_density=0.0000, readout_query_delta=0.0043, personal_bad_rows=0.00, personal_fallback_rows=0.00, personal_logits_absmax=0.0000
2026-04-16 11:52:05,454 - INFO - [junyi|junyi_abce_ae_dominant_no_E|lr=0.003|drop=0.40] [Diag][A] Epoch [021] | entropy_ratio=0.4915, diag_mass=0.0500, to_uniform_l2=0.007448, to_identity_l2=0.036726, relation_identity_delta=0.036726, knowledge_state_graph_delta=0.397644, knowledge_state_personal_delta=0.000000, share_concept_embeddings=True, tau_mean=0.6931, tau_std=0.0000, graph_reg_scale(train/val)=1.0000/1.0000
2026-04-16 11:52:05,455 - INFO - [junyi|junyi_abce_ae_dominant_no_E|lr=0.003|drop=0.40] [Grad Norms] Epoch [021] | relation_emb=6.854308e-01, relation_tau=0.000000e+00, relation_wq=0.000000e+00, relation_wk=0.000000e+00, personal_u=0.000000e+00, personal_v=0.000000e+00, personal_alpha_bias=0.000000e+00, personal_gate_emb=0.000000e+00, personal_gate_state_proj=0.000000e+00, personal_gate_context_proj=0.000000e+00, personal_gate_state_direct=0.000000e+00, personal_gate_id_direct=0.000000e+00, personal_gate_context_direct=0.000000e+00, personal_gate_out=0.000000e+00, personal_generator_emb=0.000000e+00, personal_generator_context_proj=0.000000e+00, personal_generator_context_hidden=0.000000e+00, personal_generator_context_to_u=0.000000e+00, personal_generator_context_to_v=0.000000e+00, personal_generator_state_row=0.000000e+00, personal_generator_state_col=0.000000e+00, personal_generator_id_row=0.000000e+00, personal_generator_id_col=0.000000e+00, personal_generator_state_adapter=0.000000e+00, personal_generator_id_adapter=0.000000e+00, personal_generator_context_adapter=0.000000e+00, personal_generator_direct_scale=0.000000e+00
2026-04-16 11:52:05,455 - INFO - [junyi|junyi_abce_ae_dominant_no_E|lr=0.003|drop=0.40] -> No improvement 3 epoch(s) (best AUC=0.8249 @ 18)
2026-04-16 11:52:05,455 - INFO - [junyi|junyi_abce_ae_dominant_no_E|lr=0.003|drop=0.40] Early stopping at epoch 21 (best AUC=0.8249 @ 18)
2026-04-16 11:52:05,462 - INFO - Epoch-wise metrics saved to checkpoints/abce_diag/remote_sparse_local_20260416_d3a8de0/junyi/seed42/ae_dominant_no_E/metrics_history.csv
2026-04-16 11:52:05,463 - INFO - [junyi|junyi_abce_ae_dominant_no_E|lr=0.003|drop=0.40] Training completed! Best Val AUC=0.8249 @ epoch 18
2026-04-16 11:52:05,659 - INFO - 
============================================================
         MODULE ACTIVITY REPORT
============================================================
Dataset: junyi | Seed: 42 | Epoch: 21

1. Concept Graph Module (A):
   - Mean row entropy: 3.218 / 6.547
   - Entropy ratio: 49.1%
   - Status: ACTIVE (learning meaningful structure)

2. Personal Graph Module (E):
   - Status: DISABLED (use_personal_graph=False or no_E)

------------------------------------------------------------
SUMMARY:
   Active modules: Concept Graph (A)
   All enabled graph modules are functioning properly.
============================================================
2026-04-16 11:52:05,659 - INFO - [junyi|junyi_abce_ae_dominant_no_E|lr=0.003|drop=0.40] Module activity saved to checkpoints/abce_diag/remote_sparse_local_20260416_d3a8de0/junyi/seed42/ae_dominant_no_E/module_activity.json
2026-04-16 11:52:05,709 - INFO - Using device: cuda:0 (physical gpu 2)
2026-04-16 11:52:05,709 - INFO - Loading model from checkpoints/abce_diag/remote_sparse_local_20260416_d3a8de0/junyi/seed42/ae_dominant_no_E/best_model.pth...
2026-04-16 11:52:05,784 - INFO - [Inference Filter] before=67063, after=60494, dropped=6569, coverage=90.20% (train-only seen student/item support)
2026-04-16 11:52:05,805 - INFO - Inference switches: ablate_module1=False | enable_module1=True | use_concept_graph=True | effective(num_gnn_layers=2)
2026-04-16 11:52:05,827 - INFO - [Inference] Ablation runtime check: args(ablate_module1=False) | expect(use_concept_graph=True,use_personal_graph=False) | model(enable_module1=True,use_concept_graph=True,use_personal_graph=False) | physical(has_knowledge_encoder=True,has_relation_learning=True,has_adaptive_gate=False,has_personal_generator=False)
2026-04-16 11:52:05,828 - INFO - [Inference] [Graph Init] graph_tau_mean=1.0055, graph_tau_std=0.0000, graph_dropout=0.000, use_personal_graph=False
2026-04-16 11:52:05,829 - INFO - Model loaded from epoch 18. Start testing...
2026-04-16 11:52:09,957 - INFO - [Test] 200/237 batches done, samples=51200
2026-04-16 11:52:10,750 - INFO - 
==================================================
2026-04-16 11:52:10,751 - INFO - Test Results:
2026-04-16 11:52:10,751 - INFO - AUC: 0.8286
2026-04-16 11:52:10,751 - INFO - ACC: 0.7708
2026-04-16 11:52:10,751 - INFO - RMSE: 0.3991
2026-04-16 11:52:10,751 - INFO - ==================================================
2026-04-16 11:52:10,768 - INFO - Summary appended to /home/zsh/ConceptSkillCDM/results/experiment_results.csv
2026-04-16 11:52:10,771 - INFO - Run completed.
2026-04-16 11:52:10,771 - INFO - Best validation AUC: 0.8249 at epoch 18
2026-04-16 11:52:10,772 - INFO - Test metrics - AUC: 0.8286, ACC: 0.7708, RMSE: 0.3991
