2026-01-08 07:52:44,569 - INFO - Arguments:
2026-01-08 07:52:44,570 - INFO -   ablate_concept_graph: False
2026-01-08 07:52:44,570 - INFO -   ablate_skill_encoder: False
2026-01-08 07:52:44,570 - INFO -   ablate_soft_prototype: False
2026-01-08 07:52:44,570 - INFO -   batch_size: 128
2026-01-08 07:52:44,570 - INFO -   data_dir: ./data/assist_09
2026-01-08 07:52:44,570 - INFO -   dataset_name: assist_09
2026-01-08 07:52:44,570 - INFO -   disable_q_conditioning: False
2026-01-08 07:52:44,570 - INFO -   disable_self_loop: False
2026-01-08 07:52:44,570 - INFO -   disable_soft_prototype: False
2026-01-08 07:52:44,570 - INFO -   dropout: 0.2
2026-01-08 07:52:44,570 - INFO -   early_stop_patience: 3
2026-01-08 07:52:44,570 - INFO -   epochs: 100
2026-01-08 07:52:44,570 - INFO -   exercise_dim: 64
2026-01-08 07:52:44,570 - INFO -   exercise_l2_lambda: 5e-05
2026-01-08 07:52:44,570 - INFO -   generate_diagnosis: False
2026-01-08 07:52:44,570 - INFO -   gnn_residual_weight: 0.5
2026-01-08 07:52:44,570 - INFO -   gpu_candidates: None
2026-01-08 07:52:44,570 - INFO -   graph_topk: None
2026-01-08 07:52:44,570 - INFO -   knowledge_dim: 64
2026-01-08 07:52:44,570 - INFO -   lambda_alpha: 0.0
2026-01-08 07:52:44,570 - INFO -   lambda_proto_div: 0.0
2026-01-08 07:52:44,570 - INFO -   lambda_proto_usage: 0.0
2026-01-08 07:52:44,570 - INFO -   lambda_sparse: 0.1
2026-01-08 07:52:44,571 - INFO -   lambda_sparse_personal: 0.0
2026-01-08 07:52:44,571 - INFO -   learning_rate: 0.0003
2026-01-08 07:52:44,571 - INFO -   log_dir: logs/assist_09_ablation_full_seed42
2026-01-08 07:52:44,571 - INFO -   min_exer_interactions: 0
2026-01-08 07:52:44,571 - INFO -   min_poison_count: 0
2026-01-08 07:52:44,571 - INFO -   min_stu_interactions: 15
2026-01-08 07:52:44,571 - INFO -   model_variant: gpd_base_full
2026-01-08 07:52:44,571 - INFO -   no_cuda: False
2026-01-08 07:52:44,571 - INFO -   num_gnn_layers: 1
2026-01-08 07:52:44,571 - INFO -   num_prototypes: 3
2026-01-08 07:52:44,571 - INFO -   num_relation_heads: 2
2026-01-08 07:52:44,571 - INFO -   num_workers: 4
2026-01-08 07:52:44,571 - INFO -   patience: 5
2026-01-08 07:52:44,571 - INFO -   personal_rank: 4
2026-01-08 07:52:44,571 - INFO -   proto_lambda: 0.1
2026-01-08 07:52:44,571 - INFO -   proto_tau: 1.0
2026-01-08 07:52:44,571 - INFO -   save_dir: checkpoints/assist_09_ablation_full_seed42
2026-01-08 07:52:44,571 - INFO -   save_interval: 10
2026-01-08 07:52:44,571 - INFO -   seed: 42
2026-01-08 07:52:44,571 - INFO -   skill_dim: 64
2026-01-08 07:52:44,571 - INFO -   use_concept_graph: True
2026-01-08 07:52:44,571 - INFO -   use_exercise_graph: True
2026-01-08 07:52:44,571 - INFO -   use_mf_branch: True
2026-01-08 07:52:44,571 - INFO -   use_personal_graph: 0
2026-01-08 07:52:44,571 - INFO -   use_skill_encoder: True
2026-01-08 07:52:44,571 - INFO -   use_soft_prototype: True
2026-01-08 07:52:44,571 - INFO -   weight_decay: 1e-05
2026-01-08 07:52:44,676 - INFO - Using device: cuda:0
2026-01-08 07:52:44,676 - INFO - [assist_09|gpd_base_full|lr=0.0003|drop=0.20] Loading datasets...
2026-01-08 07:52:44,676 - INFO - [assist_09|gpd_base_full|lr=0.0003|drop=0.20] Regularization: graph_entropy(lambda_sparse)=0.100000, proto_div=0.000000, proto_usage=0.000000, personal_sparse=0.000000, alpha_penalty=0.000000, mf_l2(exercise_l2_lambda)=0.000050
2026-01-08 07:52:44,816 - INFO - [数据清洗] 学生交互次数 < 15 次的学生：共移除 0 个学生（仅统计用户数）
2026-01-08 07:52:44,833 - INFO - [数据清洗] 学生冷启动过滤：在 train/valid/test 中共删除 0 条记录。
2026-01-08 07:52:44,833 - INFO - [数据清洗] 跳过题目冷门过滤（min_exer_interactions <= 0）。
2026-01-08 07:52:44,833 - INFO - [数据清洗] 跳过毒题清洗（min_poison_count <= 0）。
