2026-02-10 17:13:21,618 - INFO - Arguments:
2026-02-10 17:13:21,618 - INFO -   ablate_concept_graph: False
2026-02-10 17:13:21,618 - INFO -   ablate_module1: False
2026-02-10 17:13:21,618 - INFO -   ablate_module2: False
2026-02-10 17:13:21,618 - INFO -   ablate_module3: False
2026-02-10 17:13:21,618 - INFO -   ablate_skill_encoder: False
2026-02-10 17:13:21,618 - INFO -   ablate_soft_prototype: False
2026-02-10 17:13:21,618 - INFO -   allow_self_loop: True
2026-02-10 17:13:21,618 - INFO -   batch_size: 128
2026-02-10 17:13:21,618 - INFO -   data_dir: ./data/assist_09
2026-02-10 17:13:21,618 - INFO -   dataset_name: assist_09
2026-02-10 17:13:21,618 - INFO -   debug_module3_diag: False
2026-02-10 17:13:21,618 - INFO -   diag_batches: 2
2026-02-10 17:13:21,618 - INFO -   disable_q_aligned_residual: False
2026-02-10 17:13:21,618 - INFO -   disable_q_conditioning: False
2026-02-10 17:13:21,618 - INFO -   disable_self_loop: False
2026-02-10 17:13:21,618 - INFO -   disable_soft_prototype: False
2026-02-10 17:13:21,618 - INFO -   dropout: 0.2
2026-02-10 17:13:21,618 - INFO -   early_stop_patience: 3
2026-02-10 17:13:21,618 - INFO -   enable_module1: True
2026-02-10 17:13:21,618 - INFO -   enable_module2: True
2026-02-10 17:13:21,619 - INFO -   enable_module3: True
2026-02-10 17:13:21,619 - INFO -   enable_soft_prototype: False
2026-02-10 17:13:21,619 - INFO -   epochs: 100
2026-02-10 17:13:21,619 - INFO -   exercise_dim: 64
2026-02-10 17:13:21,619 - INFO -   exercise_l2_lambda: 5e-05
2026-02-10 17:13:21,619 - INFO -   fusion_gate_bias_init: -2.5
2026-02-10 17:13:21,619 - INFO -   fusion_gate_max: 0.4
2026-02-10 17:13:21,619 - INFO -   generate_diagnosis: False
2026-02-10 17:13:21,619 - INFO -   gnn_residual_weight: 0.5
2026-02-10 17:13:21,619 - INFO -   gpu_candidates: None
2026-02-10 17:13:21,619 - INFO -   gpu_ids: None
2026-02-10 17:13:21,619 - INFO -   gpu_memory_threshold: 2000
2026-02-10 17:13:21,619 - INFO -   gpus: None
2026-02-10 17:13:21,619 - INFO -   graph_topk: None
2026-02-10 17:13:21,619 - INFO -   knowledge_dim: 64
2026-02-10 17:13:21,619 - INFO -   lambda_alpha: 0.01
2026-02-10 17:13:21,619 - INFO -   lambda_proto_div: 0.0
2026-02-10 17:13:21,619 - INFO -   lambda_proto_usage: 0.0
2026-02-10 17:13:21,619 - INFO -   lambda_sparse: 1.0
2026-02-10 17:13:21,619 - INFO -   lambda_sparse_personal: 0.005
2026-02-10 17:13:21,619 - INFO -   learning_rate: 0.0003
2026-02-10 17:13:21,619 - INFO -   log_dir: logs/assist_09_ablation_full_seed42
2026-02-10 17:13:21,619 - INFO -   min_exer_interactions: 0
2026-02-10 17:13:21,619 - INFO -   min_poison_count: 0
2026-02-10 17:13:21,619 - INFO -   min_stu_interactions: 15
2026-02-10 17:13:21,619 - INFO -   model_variant: gpd_base_full
2026-02-10 17:13:21,619 - INFO -   multi_gpu: False
2026-02-10 17:13:21,619 - INFO -   no_cuda: False
2026-02-10 17:13:21,619 - INFO -   num_gnn_layers: 1
2026-02-10 17:13:21,619 - INFO -   num_gpus: 1
2026-02-10 17:13:21,620 - INFO -   num_prototypes: 0
2026-02-10 17:13:21,620 - INFO -   num_relation_heads: 2
2026-02-10 17:13:21,620 - INFO -   num_workers: 4
2026-02-10 17:13:21,620 - INFO -   patience: 5
2026-02-10 17:13:21,620 - INFO -   personal_rank: 4
2026-02-10 17:13:21,620 - INFO -   proto_lambda: 0.0
2026-02-10 17:13:21,620 - INFO -   proto_tau: 1.0
2026-02-10 17:13:21,620 - INFO -   residual_clip_t: 2.0
2026-02-10 17:13:21,620 - INFO -   save_dir: checkpoints/assist_09_ablation_full_seed42
2026-02-10 17:13:21,620 - INFO -   save_interval: 10
2026-02-10 17:13:21,620 - INFO -   seed: 42
2026-02-10 17:13:21,620 - INFO -   skill_dim: 128
2026-02-10 17:13:21,620 - INFO -   use_concept_graph: True
2026-02-10 17:13:21,620 - INFO -   use_exercise_graph: True
2026-02-10 17:13:21,620 - INFO -   use_mf_branch: True
2026-02-10 17:13:21,620 - INFO -   use_personal_graph: True
2026-02-10 17:13:21,620 - INFO -   use_q_aligned_residual: True
2026-02-10 17:13:21,620 - INFO -   use_q_conditioning: True
2026-02-10 17:13:21,620 - INFO -   use_skill_encoder: True
2026-02-10 17:13:21,620 - INFO -   use_soft_prototype: False
2026-02-10 17:13:21,620 - INFO -   use_soft_prototype_main_path: False
2026-02-10 17:13:21,620 - INFO -   weight_decay: 1e-05
2026-02-10 17:13:21,728 - INFO - Using device: cuda:0
2026-02-10 17:13:21,728 - INFO - [assist_09|gpd_base_full|lr=0.0003|drop=0.20] Loading datasets...
2026-02-10 17:13:21,728 - INFO - [assist_09|gpd_base_full|lr=0.0003|drop=0.20] Regularization: graph_entropy(lambda_sparse)=1.000000, proto_div=0.000000, proto_usage=0.000000, personal_sparse=0.005000, alpha_penalty=0.010000, mf_l2(exercise_l2_lambda)=0.000050
2026-02-10 17:13:21,848 - INFO - [数据清洗] 学生交互次数 < 15 次的学生：共移除 0 个学生（仅统计用户数）
2026-02-10 17:13:21,862 - INFO - [数据清洗] 学生冷启动过滤：在 train/valid/test 中共删除 0 条记录。
2026-02-10 17:13:21,862 - INFO - [数据清洗] 跳过题目冷门过滤（min_exer_interactions <= 0）。
2026-02-10 17:13:21,862 - INFO - [数据清洗] 跳过毒题清洗（min_poison_count <= 0）。
2026-02-10 17:13:31,757 - INFO - [assist_09|gpd_base_full|lr=0.0003|drop=0.20] Train samples: 194489, Val samples: 20385
2026-02-10 17:13:31,758 - INFO - [assist_09|gpd_base_full|lr=0.0003|drop=0.20] Number of students: 2493
2026-02-10 17:13:31,758 - INFO - [assist_09|gpd_base_full|lr=0.0003|drop=0.20] Number of exercises: 17676
2026-02-10 17:13:31,758 - INFO - [assist_09|gpd_base_full|lr=0.0003|drop=0.20] Number of concepts: 123
2026-02-10 17:13:31,758 - INFO - [assist_09|gpd_base_full|lr=0.0003|drop=0.20] Creating model...
2026-02-10 17:13:31,758 - INFO - [assist_09|gpd_base_full|lr=0.0003|drop=0.20] Ablation switches: ablate_module1=False, ablate_module2=False, ablate_module3=False | enable_module1=True, enable_module2=True, enable_module3=True | use_soft_prototype=False, use_mf_branch=True, use_concept_graph=True, use_q_aligned_residual=True, use_soft_prototype_main_path=False | effective(num_gnn_layers=1, num_prototypes=0)
2026-02-10 17:13:31,884 - INFO - [assist_09|gpd_base_full|lr=0.0003|drop=0.20] Ablation runtime check: args(ablate_module1=False,ablate_module2=False,ablate_module3=False) | model(enable_module1=True,enable_module2=True,enable_module3=True) | physical(has_knowledge_encoder=True,has_mf_branch=True,has_soft_prototype=False)
2026-02-10 17:13:31,884 - INFO - [assist_09|gpd_base_full|lr=0.0003|drop=0.20] Total parameters: 652,399
2026-02-10 17:13:31,884 - INFO - [assist_09|gpd_base_full|lr=0.0003|drop=0.20] Trainable parameters: 652,399
2026-02-10 17:13:32,749 - INFO - [assist_09|gpd_base_full|lr=0.0003|drop=0.20] Starting training...
2026-02-10 17:14:11,507 - INFO - [assist_09|gpd_base_full|lr=0.0003|drop=0.20] Epoch [001/100] | Train: Loss=5.1871, BCE=0.5881, Reg=4.5991, AUC=0.6892, ACC=0.6944, RMSE=0.4483 | Val: Loss=5.3804, BCE=0.5647, Reg=4.8157, AUC=0.7304, ACC=0.7134, RMSE=0.4371
2026-02-10 17:14:11,507 - INFO - [assist_09|gpd_base_full|lr=0.0003|drop=0.20] [Reg Terms] Epoch [001] | Train: graph_entropy=4.588062, mf_l2=0.000002, proto_div=0.000000, proto_usage=0.000000, personal_sparse=0.012745, alpha_var=-0.001751, reg_bce_ratio=7.8206 | Val: graph_entropy=4.812184, mf_l2=0.000004, proto_div=0.000000, proto_usage=0.000000, personal_sparse=0.004954, alpha_var=-0.001483, reg_bce_ratio=8.5271
2026-02-10 17:14:11,739 - INFO - [assist_09|gpd_base_full|lr=0.0003|drop=0.20] -> New best AUC=0.7304 at epoch 1
2026-02-10 17:14:50,887 - INFO - [assist_09|gpd_base_full|lr=0.0003|drop=0.20] Epoch [002/100] | Train: Loss=5.1378, BCE=0.5484, Reg=4.5895, AUC=0.7476, ACC=0.7240, RMSE=0.4293 | Val: Loss=5.3741, BCE=0.5606, Reg=4.8135, AUC=0.7363, ACC=0.7163, RMSE=0.4353
2026-02-10 17:14:50,887 - INFO - [assist_09|gpd_base_full|lr=0.0003|drop=0.20] [Reg Terms] Epoch [002] | Train: graph_entropy=4.587991, mf_l2=0.000011, proto_div=0.000000, proto_usage=0.000000, personal_sparse=0.003768, alpha_var=-0.002314, reg_bce_ratio=8.3694 | Val: graph_entropy=4.812184, mf_l2=0.000016, proto_div=0.000000, proto_usage=0.000000, personal_sparse=0.002866, alpha_var=-0.001519, reg_bce_ratio=8.5871
2026-02-10 17:14:51,208 - INFO - [assist_09|gpd_base_full|lr=0.0003|drop=0.20] -> New best AUC=0.7363 at epoch 2
2026-02-10 17:15:27,686 - INFO - [assist_09|gpd_base_full|lr=0.0003|drop=0.20] Epoch [003/100] | Train: Loss=5.1215, BCE=0.5334, Reg=4.5882, AUC=0.7655, ACC=0.7335, RMSE=0.4225 | Val: Loss=5.3686, BCE=0.5558, Reg=4.8128, AUC=0.7421, ACC=0.7196, RMSE=0.4330
2026-02-10 17:15:27,686 - INFO - [assist_09|gpd_base_full|lr=0.0003|drop=0.20] [Reg Terms] Epoch [003] | Train: graph_entropy=4.587932, mf_l2=0.000026, proto_div=0.000000, proto_usage=0.000000, personal_sparse=0.002575, alpha_var=-0.002382, reg_bce_ratio=8.6017 | Val: graph_entropy=4.812184, mf_l2=0.000032, proto_div=0.000000, proto_usage=0.000000, personal_sparse=0.002139, alpha_var=-0.001515, reg_bce_ratio=8.6592
2026-02-10 17:15:28,015 - INFO - [assist_09|gpd_base_full|lr=0.0003|drop=0.20] -> New best AUC=0.7421 at epoch 3
2026-02-10 17:16:02,789 - INFO - [assist_09|gpd_base_full|lr=0.0003|drop=0.20] Epoch [004/100] | Train: Loss=5.1085, BCE=0.5211, Reg=4.5875, AUC=0.7809, ACC=0.7382, RMSE=0.4171 | Val: Loss=5.3663, BCE=0.5539, Reg=4.8124, AUC=0.7464, ACC=0.7200, RMSE=0.4321
2026-02-10 17:16:02,789 - INFO - [assist_09|gpd_base_full|lr=0.0003|drop=0.20] [Reg Terms] Epoch [004] | Train: graph_entropy=4.587898, mf_l2=0.000044, proto_div=0.000000, proto_usage=0.000000, personal_sparse=0.001951, alpha_var=-0.002395, reg_bce_ratio=8.8043 | Val: graph_entropy=4.812184, mf_l2=0.000050, proto_div=0.000000, proto_usage=0.000000, personal_sparse=0.001692, alpha_var=-0.001507, reg_bce_ratio=8.6883
2026-02-10 17:16:03,152 - INFO - [assist_09|gpd_base_full|lr=0.0003|drop=0.20] -> New best AUC=0.7464 at epoch 4
2026-02-10 17:16:41,184 - INFO - [assist_09|gpd_base_full|lr=0.0003|drop=0.20] Epoch [005/100] | Train: Loss=5.0970, BCE=0.5098, Reg=4.5872, AUC=0.7941, ACC=0.7440, RMSE=0.4121 | Val: Loss=5.3632, BCE=0.5511, Reg=4.8121, AUC=0.7495, ACC=0.7219, RMSE=0.4307
2026-02-10 17:16:41,184 - INFO - [assist_09|gpd_base_full|lr=0.0003|drop=0.20] [Reg Terms] Epoch [005] | Train: graph_entropy=4.587995, mf_l2=0.000061, proto_div=0.000000, proto_usage=0.000000, personal_sparse=0.001573, alpha_var=-0.002403, reg_bce_ratio=8.9982 | Val: graph_entropy=4.812184, mf_l2=0.000067, proto_div=0.000000, proto_usage=0.000000, personal_sparse=0.001379, alpha_var=-0.001517, reg_bce_ratio=8.7323
2026-02-10 17:16:41,511 - INFO - [assist_09|gpd_base_full|lr=0.0003|drop=0.20] -> New best AUC=0.7495 at epoch 5
2026-02-10 17:17:18,406 - INFO - [assist_09|gpd_base_full|lr=0.0003|drop=0.20] Epoch [006/100] | Train: Loss=5.0864, BCE=0.4995, Reg=4.5870, AUC=0.8059, ACC=0.7486, RMSE=0.4074 | Val: Loss=5.3620, BCE=0.5500, Reg=4.8120, AUC=0.7529, ACC=0.7251, RMSE=0.4300
2026-02-10 17:17:18,407 - INFO - [assist_09|gpd_base_full|lr=0.0003|drop=0.20] [Reg Terms] Epoch [006] | Train: graph_entropy=4.588001, mf_l2=0.000078, proto_div=0.000000, proto_usage=0.000000, personal_sparse=0.001328, alpha_var=-0.002415, reg_bce_ratio=9.1840 | Val: graph_entropy=4.812184, mf_l2=0.000084, proto_div=0.000000, proto_usage=0.000000, personal_sparse=0.001248, alpha_var=-0.001527, reg_bce_ratio=8.7490
2026-02-10 17:17:18,736 - INFO - [assist_09|gpd_base_full|lr=0.0003|drop=0.20] -> New best AUC=0.7529 at epoch 6
2026-02-10 17:17:56,070 - INFO - [assist_09|gpd_base_full|lr=0.0003|drop=0.20] Epoch [007/100] | Train: Loss=5.0771, BCE=0.4903, Reg=4.5868, AUC=0.8157, ACC=0.7537, RMSE=0.4032 | Val: Loss=5.3596, BCE=0.5478, Reg=4.8118, AUC=0.7570, ACC=0.7287, RMSE=0.4288
2026-02-10 17:17:56,070 - INFO - [assist_09|gpd_base_full|lr=0.0003|drop=0.20] [Reg Terms] Epoch [007] | Train: graph_entropy=4.587967, mf_l2=0.000096, proto_div=0.000000, proto_usage=0.000000, personal_sparse=0.001166, alpha_var=-0.002415, reg_bce_ratio=9.3555 | Val: graph_entropy=4.812184, mf_l2=0.000102, proto_div=0.000000, proto_usage=0.000000, personal_sparse=0.001037, alpha_var=-0.001515, reg_bce_ratio=8.7844
2026-02-10 17:17:56,403 - INFO - [assist_09|gpd_base_full|lr=0.0003|drop=0.20] -> New best AUC=0.7570 at epoch 7
2026-02-10 17:18:34,002 - INFO - [assist_09|gpd_base_full|lr=0.0003|drop=0.20] Epoch [008/100] | Train: Loss=5.0689, BCE=0.4823, Reg=4.5867, AUC=0.8239, ACC=0.7589, RMSE=0.3995 | Val: Loss=5.3575, BCE=0.5458, Reg=4.8117, AUC=0.7580, ACC=0.7306, RMSE=0.4276
2026-02-10 17:18:34,002 - INFO - [assist_09|gpd_base_full|lr=0.0003|drop=0.20] [Reg Terms] Epoch [008] | Train: graph_entropy=4.587960, mf_l2=0.000113, proto_div=0.000000, proto_usage=0.000000, personal_sparse=0.001010, alpha_var=-0.002416, reg_bce_ratio=9.5109 | Val: graph_entropy=4.812184, mf_l2=0.000118, proto_div=0.000000, proto_usage=0.000000, personal_sparse=0.000937, alpha_var=-0.001528, reg_bce_ratio=8.8161
2026-02-10 17:18:34,348 - INFO - [assist_09|gpd_base_full|lr=0.0003|drop=0.20] -> New best AUC=0.7580 at epoch 8
2026-02-10 17:19:12,040 - INFO - [assist_09|gpd_base_full|lr=0.0003|drop=0.20] Epoch [009/100] | Train: Loss=5.0616, BCE=0.4751, Reg=4.5866, AUC=0.8306, ACC=0.7634, RMSE=0.3961 | Val: Loss=5.3590, BCE=0.5474, Reg=4.8116, AUC=0.7600, ACC=0.7300, RMSE=0.4279
2026-02-10 17:19:12,041 - INFO - [assist_09|gpd_base_full|lr=0.0003|drop=0.20] [Reg Terms] Epoch [009] | Train: graph_entropy=4.587974, mf_l2=0.000128, proto_div=0.000000, proto_usage=0.000000, personal_sparse=0.000911, alpha_var=-0.002424, reg_bce_ratio=9.6549 | Val: graph_entropy=4.812184, mf_l2=0.000131, proto_div=0.000000, proto_usage=0.000000, personal_sparse=0.000801, alpha_var=-0.001519, reg_bce_ratio=8.7892
2026-02-10 17:19:12,355 - INFO - [assist_09|gpd_base_full|lr=0.0003|drop=0.20] -> New best AUC=0.7600 at epoch 9
2026-02-10 17:19:50,268 - INFO - [assist_09|gpd_base_full|lr=0.0003|drop=0.20] Epoch [010/100] | Train: Loss=5.0552, BCE=0.4686, Reg=4.5866, AUC=0.8360, ACC=0.7671, RMSE=0.3931 | Val: Loss=5.3564, BCE=0.5449, Reg=4.8116, AUC=0.7619, ACC=0.7317, RMSE=0.4267
2026-02-10 17:19:50,268 - INFO - [assist_09|gpd_base_full|lr=0.0003|drop=0.20] [Reg Terms] Epoch [010] | Train: graph_entropy=4.588051, mf_l2=0.000139, proto_div=0.000000, proto_usage=0.000000, personal_sparse=0.000809, alpha_var=-0.002424, reg_bce_ratio=9.7871 | Val: graph_entropy=4.812184, mf_l2=0.000141, proto_div=0.000000, proto_usage=0.000000, personal_sparse=0.000753, alpha_var=-0.001525, reg_bce_ratio=8.8309
2026-02-10 17:19:50,645 - INFO - [assist_09|gpd_base_full|lr=0.0003|drop=0.20] -> New best AUC=0.7619 at epoch 10
2026-02-10 17:19:50,705 - INFO - [assist_09|gpd_base_full|lr=0.0003|drop=0.20] Checkpoint saved: checkpoints/assist_09_ablation_full_seed42/checkpoint_epoch_10.pth
2026-02-10 17:19:50,904 - INFO - [assist_09|gpd_base_full|lr=0.0003|drop=0.20] [Module Activity] Epoch 10: Graph✗ Personal✓ MF✓
2026-02-10 17:20:28,023 - INFO - [assist_09|gpd_base_full|lr=0.0003|drop=0.20] Epoch [011/100] | Train: Loss=5.0498, BCE=0.4634, Reg=4.5863, AUC=0.8404, ACC=0.7705, RMSE=0.3906 | Val: Loss=5.3540, BCE=0.5425, Reg=4.8115, AUC=0.7646, ACC=0.7320, RMSE=0.4254
2026-02-10 17:20:28,023 - INFO - [assist_09|gpd_base_full|lr=0.0003|drop=0.20] [Reg Terms] Epoch [011] | Train: graph_entropy=4.587852, mf_l2=0.000149, proto_div=0.000000, proto_usage=0.000000, personal_sparse=0.000750, alpha_var=-0.002430, reg_bce_ratio=9.8964 | Val: graph_entropy=4.812184, mf_l2=0.000151, proto_div=0.000000, proto_usage=0.000000, personal_sparse=0.000689, alpha_var=-0.001532, reg_bce_ratio=8.8697
2026-02-10 17:20:28,342 - INFO - [assist_09|gpd_base_full|lr=0.0003|drop=0.20] -> New best AUC=0.7646 at epoch 11
2026-02-10 17:21:04,740 - INFO - [assist_09|gpd_base_full|lr=0.0003|drop=0.20] Epoch [012/100] | Train: Loss=5.0447, BCE=0.4582, Reg=4.5864, AUC=0.8445, ACC=0.7728, RMSE=0.3883 | Val: Loss=5.3566, BCE=0.5451, Reg=4.8115, AUC=0.7647, ACC=0.7313, RMSE=0.4262
2026-02-10 17:21:04,740 - INFO - [assist_09|gpd_base_full|lr=0.0003|drop=0.20] [Reg Terms] Epoch [012] | Train: graph_entropy=4.587989, mf_l2=0.000159, proto_div=0.000000, proto_usage=0.000000, personal_sparse=0.000716, alpha_var=-0.002433, reg_bce_ratio=10.0090 | Val: graph_entropy=4.812184, mf_l2=0.000161, proto_div=0.000000, proto_usage=0.000000, personal_sparse=0.000682, alpha_var=-0.001530, reg_bce_ratio=8.8263
2026-02-10 17:21:05,062 - INFO - [assist_09|gpd_base_full|lr=0.0003|drop=0.20] -> New best AUC=0.7647 at epoch 12
2026-02-10 17:21:42,745 - INFO - [assist_09|gpd_base_full|lr=0.0003|drop=0.20] Epoch [013/100] | Train: Loss=5.0402, BCE=0.4539, Reg=4.5864, AUC=0.8479, ACC=0.7764, RMSE=0.3862 | Val: Loss=5.3554, BCE=0.5439, Reg=4.8114, AUC=0.7652, ACC=0.7323, RMSE=0.4258
2026-02-10 17:21:42,745 - INFO - [assist_09|gpd_base_full|lr=0.0003|drop=0.20] [Reg Terms] Epoch [013] | Train: graph_entropy=4.587950, mf_l2=0.000169, proto_div=0.000000, proto_usage=0.000000, personal_sparse=0.000668, alpha_var=-0.002431, reg_bce_ratio=10.1047 | Val: graph_entropy=4.812184, mf_l2=0.000171, proto_div=0.000000, proto_usage=0.000000, personal_sparse=0.000610, alpha_var=-0.001533, reg_bce_ratio=8.8457
2026-02-10 17:21:43,064 - INFO - [assist_09|gpd_base_full|lr=0.0003|drop=0.20] -> New best AUC=0.7652 at epoch 13
2026-02-10 17:22:21,733 - INFO - [assist_09|gpd_base_full|lr=0.0003|drop=0.20] Epoch [014/100] | Train: Loss=5.0362, BCE=0.4498, Reg=4.5865, AUC=0.8509, ACC=0.7786, RMSE=0.3843 | Val: Loss=5.3547, BCE=0.5433, Reg=4.8114, AUC=0.7657, ACC=0.7326, RMSE=0.4254
2026-02-10 17:22:21,733 - INFO - [assist_09|gpd_base_full|lr=0.0003|drop=0.20] [Reg Terms] Epoch [014] | Train: graph_entropy=4.588110, mf_l2=0.000177, proto_div=0.000000, proto_usage=0.000000, personal_sparse=0.000614, alpha_var=-0.002432, reg_bce_ratio=10.1973 | Val: graph_entropy=4.812184, mf_l2=0.000177, proto_div=0.000000, proto_usage=0.000000, personal_sparse=0.000586, alpha_var=-0.001532, reg_bce_ratio=8.8556
2026-02-10 17:22:22,087 - INFO - [assist_09|gpd_base_full|lr=0.0003|drop=0.20] -> New best AUC=0.7657 at epoch 14
2026-02-10 17:23:00,987 - INFO - [assist_09|gpd_base_full|lr=0.0003|drop=0.20] Epoch [015/100] | Train: Loss=5.0326, BCE=0.4463, Reg=4.5863, AUC=0.8535, ACC=0.7806, RMSE=0.3826 | Val: Loss=5.3586, BCE=0.5472, Reg=4.8114, AUC=0.7650, ACC=0.7317, RMSE=0.4265
2026-02-10 17:23:00,988 - INFO - [assist_09|gpd_base_full|lr=0.0003|drop=0.20] [Reg Terms] Epoch [015] | Train: graph_entropy=4.588008, mf_l2=0.000184, proto_div=0.000000, proto_usage=0.000000, personal_sparse=0.000586, alpha_var=-0.002435, reg_bce_ratio=10.2762 | Val: graph_entropy=4.812183, mf_l2=0.000186, proto_div=0.000000, proto_usage=0.000000, personal_sparse=0.000551, alpha_var=-0.001530, reg_bce_ratio=8.7920
2026-02-10 17:23:00,988 - INFO - [assist_09|gpd_base_full|lr=0.0003|drop=0.20] -> No improvement 1 epoch(s) (best AUC=0.7657 @ 14)
2026-02-10 17:23:41,034 - INFO - [assist_09|gpd_base_full|lr=0.0003|drop=0.20] Epoch [016/100] | Train: Loss=5.0295, BCE=0.4433, Reg=4.5863, AUC=0.8557, ACC=0.7831, RMSE=0.3811 | Val: Loss=5.3573, BCE=0.5459, Reg=4.8114, AUC=0.7660, ACC=0.7325, RMSE=0.4259
2026-02-10 17:23:41,035 - INFO - [assist_09|gpd_base_full|lr=0.0003|drop=0.20] [Reg Terms] Epoch [016] | Train: graph_entropy=4.587935, mf_l2=0.000194, proto_div=0.000000, proto_usage=0.000000, personal_sparse=0.000576, alpha_var=-0.002431, reg_bce_ratio=10.3467 | Val: graph_entropy=4.812184, mf_l2=0.000195, proto_div=0.000000, proto_usage=0.000000, personal_sparse=0.000535, alpha_var=-0.001533, reg_bce_ratio=8.8138
2026-02-10 17:23:41,475 - INFO - [assist_09|gpd_base_full|lr=0.0003|drop=0.20] -> New best AUC=0.7660 at epoch 16
2026-02-10 17:24:18,523 - INFO - [assist_09|gpd_base_full|lr=0.0003|drop=0.20] Epoch [017/100] | Train: Loss=5.0260, BCE=0.4397, Reg=4.5863, AUC=0.8585, ACC=0.7852, RMSE=0.3793 | Val: Loss=5.3544, BCE=0.5430, Reg=4.8114, AUC=0.7672, ACC=0.7325, RMSE=0.4250
2026-02-10 17:24:18,523 - INFO - [assist_09|gpd_base_full|lr=0.0003|drop=0.20] [Reg Terms] Epoch [017] | Train: graph_entropy=4.588006, mf_l2=0.000204, proto_div=0.000000, proto_usage=0.000000, personal_sparse=0.000552, alpha_var=-0.002435, reg_bce_ratio=10.4312 | Val: graph_entropy=4.812184, mf_l2=0.000205, proto_div=0.000000, proto_usage=0.000000, personal_sparse=0.000517, alpha_var=-0.001536, reg_bce_ratio=8.8604
2026-02-10 17:24:18,872 - INFO - [assist_09|gpd_base_full|lr=0.0003|drop=0.20] -> New best AUC=0.7672 at epoch 17
2026-02-10 17:24:56,658 - INFO - [assist_09|gpd_base_full|lr=0.0003|drop=0.20] Epoch [018/100] | Train: Loss=5.0180, BCE=0.4317, Reg=4.5863, AUC=0.8649, ACC=0.7900, RMSE=0.3754 | Val: Loss=5.3580, BCE=0.5467, Reg=4.8113, AUC=0.7667, ACC=0.7333, RMSE=0.4258
2026-02-10 17:24:56,659 - INFO - [assist_09|gpd_base_full|lr=0.0003|drop=0.20] [Reg Terms] Epoch [018] | Train: graph_entropy=4.588047, mf_l2=0.000212, proto_div=0.000000, proto_usage=0.000000, personal_sparse=0.000504, alpha_var=-0.002435, reg_bce_ratio=10.6244 | Val: graph_entropy=4.812184, mf_l2=0.000217, proto_div=0.000000, proto_usage=0.000000, personal_sparse=0.000452, alpha_var=-0.001539, reg_bce_ratio=8.8002
2026-02-10 17:24:56,659 - INFO - [assist_09|gpd_base_full|lr=0.0003|drop=0.20] -> No improvement 1 epoch(s) (best AUC=0.7672 @ 17)
2026-02-10 17:25:33,739 - INFO - [assist_09|gpd_base_full|lr=0.0003|drop=0.20] Epoch [019/100] | Train: Loss=5.0156, BCE=0.4293, Reg=4.5863, AUC=0.8664, ACC=0.7915, RMSE=0.3744 | Val: Loss=5.3620, BCE=0.5507, Reg=4.8113, AUC=0.7662, ACC=0.7322, RMSE=0.4268
2026-02-10 17:25:33,739 - INFO - [assist_09|gpd_base_full|lr=0.0003|drop=0.20] [Reg Terms] Epoch [019] | Train: graph_entropy=4.588015, mf_l2=0.000223, proto_div=0.000000, proto_usage=0.000000, personal_sparse=0.000453, alpha_var=-0.002434, reg_bce_ratio=10.6832 | Val: graph_entropy=4.812184, mf_l2=0.000229, proto_div=0.000000, proto_usage=0.000000, personal_sparse=0.000418, alpha_var=-0.001538, reg_bce_ratio=8.7370
2026-02-10 17:25:33,739 - INFO - [assist_09|gpd_base_full|lr=0.0003|drop=0.20] -> No improvement 2 epoch(s) (best AUC=0.7672 @ 17)
2026-02-10 17:26:12,160 - INFO - [assist_09|gpd_base_full|lr=0.0003|drop=0.20] Epoch [020/100] | Train: Loss=5.0143, BCE=0.4281, Reg=4.5861, AUC=0.8669, ACC=0.7910, RMSE=0.3739 | Val: Loss=5.3617, BCE=0.5504, Reg=4.8113, AUC=0.7663, ACC=0.7334, RMSE=0.4266
2026-02-10 17:26:12,161 - INFO - [assist_09|gpd_base_full|lr=0.0003|drop=0.20] [Reg Terms] Epoch [020] | Train: graph_entropy=4.587919, mf_l2=0.000236, proto_div=0.000000, proto_usage=0.000000, personal_sparse=0.000427, alpha_var=-0.002432, reg_bce_ratio=10.7118 | Val: graph_entropy=4.812184, mf_l2=0.000239, proto_div=0.000000, proto_usage=0.000000, personal_sparse=0.000402, alpha_var=-0.001538, reg_bce_ratio=8.7412
2026-02-10 17:26:12,161 - INFO - [assist_09|gpd_base_full|lr=0.0003|drop=0.20] -> No improvement 3 epoch(s) (best AUC=0.7672 @ 17)
2026-02-10 17:26:12,161 - INFO - [assist_09|gpd_base_full|lr=0.0003|drop=0.20] Early stopping at epoch 20 (best AUC=0.7672 @ 17)
2026-02-10 17:26:12,167 - INFO - Epoch-wise metrics saved to checkpoints/assist_09_ablation_full_seed42/metrics_history.csv
2026-02-10 17:26:12,169 - INFO - [assist_09|gpd_base_full|lr=0.0003|drop=0.20] Training completed! Best Val AUC=0.7672 @ epoch 17
2026-02-10 17:26:12,355 - INFO - 
============================================================
         MODULE ACTIVITY REPORT
============================================================
Dataset: assist_09 | Seed: 42 | Epoch: 20

1. Soft Prototype Module:
   - Status: DISABLED (num_prototypes=0 or use_soft_prototype=False)

2. Concept Graph Module:
   - Mean row entropy: 4.812 / 4.812
   - Entropy ratio: 100.0%
   - Status: ✗ TRIVIAL (uniform distribution, not learning)
   → Consider: increase lambda_sparse or training longer

3. Personal Graph Module:
   - Gate alpha mean: 0.282
   - Gate alpha std: 0.449
   - Status: ✓ ACTIVE (using personalization)

4. Skill/MF Module:
   - MF logit |mean|: 1.0268
   - MF logit std: 1.1393
   - Fusion gate mean: 0.393
   - Status: ✓ ACTIVE (contributing to predictions)

------------------------------------------------------------
SUMMARY:
   Active modules: Personal Graph, Skill/MF
   ⚠ Inactive modules: Concept Graph
============================================================
2026-02-10 17:26:12,355 - INFO - [assist_09|gpd_base_full|lr=0.0003|drop=0.20] Module activity saved to checkpoints/assist_09_ablation_full_seed42/module_activity.json
2026-02-10 17:26:12,423 - INFO - Using device: cuda:0
2026-02-10 17:26:12,423 - INFO - Loading model from checkpoints/assist_09_ablation_full_seed42/best_model.pth...
2026-02-10 17:26:12,932 - INFO - Inference switches: ablate_module1=False, ablate_module2=False, ablate_module3=False | enable_module1=True, enable_module2=True, enable_module3=True | use_soft_prototype=False, use_mf_branch=True, use_concept_graph=True, use_q_aligned_residual=True, use_soft_prototype_main_path=False | effective(num_gnn_layers=1, num_prototypes=0)
2026-02-10 17:26:12,948 - INFO - [Inference] Ablation runtime check: args(ablate_module1=False,ablate_module2=False,ablate_module3=False) | model(enable_module1=True,enable_module2=True,enable_module3=True) | physical(has_knowledge_encoder=True,has_mf_branch=True,has_soft_prototype=False)
2026-02-10 17:26:12,950 - INFO - Model loaded from epoch 17. Start testing...
2026-02-10 17:26:14,042 - INFO - [Test] 200/411 batches done, samples=25600
2026-02-10 17:26:15,016 - INFO - [Test] 400/411 batches done, samples=51200
2026-02-10 17:26:15,121 - INFO - 
==================================================
2026-02-10 17:26:15,121 - INFO - Test Results:
2026-02-10 17:26:15,121 - INFO - AUC: 0.7701
2026-02-10 17:26:15,121 - INFO - ACC: 0.7372
2026-02-10 17:26:15,121 - INFO - RMSE: 0.4223
2026-02-10 17:26:15,121 - INFO - ==================================================
2026-02-10 17:26:15,133 - INFO - Summary appended to /home/zsh/ConceptSkillCDM/results/experiment_results.csv
2026-02-10 17:26:15,138 - INFO - Run completed.
2026-02-10 17:26:15,138 - INFO - Best validation AUC: 0.7672 at epoch 17
2026-02-10 17:26:15,138 - INFO - Test metrics - AUC: 0.7701, ACC: 0.7372, RMSE: 0.4223
