2026-03-13 05:19:07,158 - INFO - Arguments:
2026-03-13 05:19:07,158 - INFO -   ablate_concept_graph: False
2026-03-13 05:19:07,158 - INFO -   ablate_module1: False
2026-03-13 05:19:07,158 - INFO -   ablate_module2: False
2026-03-13 05:19:07,158 - INFO -   ablate_module3: False
2026-03-13 05:19:07,158 - INFO -   ablate_skill_encoder: False
2026-03-13 05:19:07,158 - INFO -   ablate_soft_prototype: True
2026-03-13 05:19:07,158 - INFO -   allow_self_loop: True
2026-03-13 05:19:07,158 - INFO -   batch_size: 128
2026-03-13 05:19:07,158 - INFO -   data_dir: ./data/assist_09
2026-03-13 05:19:07,158 - INFO -   dataset_name: assist_09
2026-03-13 05:19:07,158 - INFO -   debug_module3_diag: True
2026-03-13 05:19:07,158 - INFO -   diag_batches: 1
2026-03-13 05:19:07,158 - INFO -   disable_q_aligned_residual: False
2026-03-13 05:19:07,158 - INFO -   disable_q_conditioning: False
2026-03-13 05:19:07,158 - INFO -   disable_self_loop: False
2026-03-13 05:19:07,158 - INFO -   disable_soft_prototype: False
2026-03-13 05:19:07,158 - INFO -   dropout: 0.2
2026-03-13 05:19:07,158 - INFO -   early_stop_patience: 3
2026-03-13 05:19:07,158 - INFO -   enable_module1: True
2026-03-13 05:19:07,159 - INFO -   enable_module2: True
2026-03-13 05:19:07,159 - INFO -   enable_module3: True
2026-03-13 05:19:07,159 - INFO -   enable_soft_prototype: True
2026-03-13 05:19:07,159 - INFO -   epochs: 100
2026-03-13 05:19:07,159 - INFO -   exercise_dim: 64
2026-03-13 05:19:07,159 - INFO -   exercise_l2_lambda: 1e-05
2026-03-13 05:19:07,159 - INFO -   fusion_gate_bias_init: -0.9
2026-03-13 05:19:07,159 - INFO -   fusion_gate_max: 1.0
2026-03-13 05:19:07,159 - INFO -   generate_diagnosis: False
2026-03-13 05:19:07,159 - INFO -   gnn_residual_weight: 0.5
2026-03-13 05:19:07,159 - INFO -   gpu_candidates: None
2026-03-13 05:19:07,159 - INFO -   gpu_ids: None
2026-03-13 05:19:07,159 - INFO -   gpu_memory_threshold: 2000
2026-03-13 05:19:07,159 - INFO -   gpus: None
2026-03-13 05:19:07,159 - INFO -   graph_dropout: 0.0
2026-03-13 05:19:07,159 - INFO -   graph_entropy_max: 0.8
2026-03-13 05:19:07,159 - INFO -   graph_entropy_min: 0.15
2026-03-13 05:19:07,159 - INFO -   graph_reg_cap_ratio: 6.0
2026-03-13 05:19:07,159 - INFO -   graph_reg_warmup_epochs: 0
2026-03-13 05:19:07,159 - INFO -   graph_tau_init: 0.55
2026-03-13 05:19:07,159 - INFO -   graph_topk: 12
2026-03-13 05:19:07,159 - INFO -   graph_uniform_margin: 0.1
2026-03-13 05:19:07,159 - INFO -   knowledge_dim: 64
2026-03-13 05:19:07,159 - INFO -   lambda_alpha: 0.05
2026-03-13 05:19:07,159 - INFO -   lambda_graph_diag: 0.1
2026-03-13 05:19:07,159 - INFO -   lambda_graph_uniform: 0.04
2026-03-13 05:19:07,159 - INFO -   lambda_proto_div: 0.0005
2026-03-13 05:19:07,159 - INFO -   lambda_proto_usage: 0.0005
2026-03-13 05:19:07,159 - INFO -   lambda_sparse: 1.0
2026-03-13 05:19:07,160 - INFO -   lambda_sparse_personal: 0.002
2026-03-13 05:19:07,160 - INFO -   learning_rate: 0.0003
2026-03-13 05:19:07,160 - INFO -   log_dir: logs/abce_diag/abce_rescue_v1/assist_09/seed42/best_no_C
2026-03-13 05:19:07,160 - INFO -   min_exer_interactions: 0
2026-03-13 05:19:07,160 - INFO -   min_poison_count: 0
2026-03-13 05:19:07,160 - INFO -   min_stu_interactions: 15
2026-03-13 05:19:07,160 - INFO -   model_variant: assist_09_abce_best_no_C
2026-03-13 05:19:07,160 - INFO -   multi_gpu: False
2026-03-13 05:19:07,160 - INFO -   no_cuda: False
2026-03-13 05:19:07,160 - INFO -   num_gnn_layers: 1
2026-03-13 05:19:07,160 - INFO -   num_gpus: 1
2026-03-13 05:19:07,160 - INFO -   num_prototypes: 0
2026-03-13 05:19:07,160 - INFO -   num_relation_heads: 2
2026-03-13 05:19:07,160 - INFO -   num_workers: 4
2026-03-13 05:19:07,160 - INFO -   patience: 5
2026-03-13 05:19:07,160 - INFO -   personal_rank: 4
2026-03-13 05:19:07,160 - INFO -   proto_lambda: 0.12
2026-03-13 05:19:07,160 - INFO -   proto_tau: 1.0
2026-03-13 05:19:07,160 - INFO -   residual_clip_t: 2.0
2026-03-13 05:19:07,160 - INFO -   residual_scale_init: 0.25
2026-03-13 05:19:07,160 - INFO -   save_dir: checkpoints/abce_diag/abce_rescue_v1/assist_09/seed42/best_no_C
2026-03-13 05:19:07,160 - INFO -   save_interval: 10
2026-03-13 05:19:07,160 - INFO -   seed: 42
2026-03-13 05:19:07,160 - INFO -   skill_dim: 128
2026-03-13 05:19:07,160 - INFO -   use_concept_graph: True
2026-03-13 05:19:07,160 - INFO -   use_exercise_graph: True
2026-03-13 05:19:07,160 - INFO -   use_mf_branch: True
2026-03-13 05:19:07,160 - INFO -   use_personal_graph: True
2026-03-13 05:19:07,160 - INFO -   use_q_aligned_residual: True
2026-03-13 05:19:07,160 - INFO -   use_q_conditioning: True
2026-03-13 05:19:07,161 - INFO -   use_skill_encoder: True
2026-03-13 05:19:07,161 - INFO -   use_soft_prototype: False
2026-03-13 05:19:07,161 - INFO -   use_soft_prototype_main_path: False
2026-03-13 05:19:07,161 - INFO -   weight_decay: 1e-05
2026-03-13 05:19:07,256 - INFO - Using device: cuda:0 (physical gpu 3)
2026-03-13 05:19:07,256 - INFO - [assist_09|assist_09_abce_best_no_C|lr=0.0003|drop=0.20] Loading datasets...
2026-03-13 05:19:07,256 - INFO - [assist_09|assist_09_abce_best_no_C|lr=0.0003|drop=0.20] Regularization: graph_entropy(lambda_sparse)=1.000000, graph_diag=0.100000, graph_uniform=0.040000, proto_div=0.000500, proto_usage=0.000500, personal_sparse=0.002000, alpha_penalty=0.050000, mf_l2(exercise_l2_lambda)=0.000010
2026-03-13 05:19:07,256 - INFO - [assist_09|assist_09_abce_best_no_C|lr=0.0003|drop=0.20] Graph controls: entropy_band=[0.15, 0.80], uniform_margin=0.10, warmup_epochs=0, cap_ratio=6.00, graph_dropout=0.000, graph_tau_init=0.550
2026-03-13 05:19:07,375 - INFO - [数据清洗] 学生交互次数 < 15 次的学生：共移除 0 个学生（仅统计用户数）
2026-03-13 05:19:07,388 - INFO - [数据清洗] 学生冷启动过滤：在 train/valid/test 中共删除 0 条记录。
2026-03-13 05:19:07,388 - INFO - [数据清洗] 跳过题目冷门过滤（min_exer_interactions <= 0）。
2026-03-13 05:19:07,388 - INFO - [数据清洗] 跳过毒题清洗（min_poison_count <= 0）。
2026-03-13 05:19:19,443 - INFO - [assist_09|assist_09_abce_best_no_C|lr=0.0003|drop=0.20] Train samples: 194489, Val samples: 20385
2026-03-13 05:19:19,443 - INFO - [assist_09|assist_09_abce_best_no_C|lr=0.0003|drop=0.20] Number of students: 2493
2026-03-13 05:19:19,443 - INFO - [assist_09|assist_09_abce_best_no_C|lr=0.0003|drop=0.20] Number of exercises: 17676
2026-03-13 05:19:19,443 - INFO - [assist_09|assist_09_abce_best_no_C|lr=0.0003|drop=0.20] Number of concepts: 123
2026-03-13 05:19:19,443 - INFO - [assist_09|assist_09_abce_best_no_C|lr=0.0003|drop=0.20] Creating model...
2026-03-13 05:19:19,444 - INFO - [assist_09|assist_09_abce_best_no_C|lr=0.0003|drop=0.20] Ablation switches: ablate_module1=False, ablate_module2=False, ablate_module3=False | enable_module1=True, enable_module2=True, enable_module3=True | use_soft_prototype=False, use_mf_branch=True, use_concept_graph=True, use_q_aligned_residual=True, use_soft_prototype_main_path=False | effective(num_gnn_layers=1, num_prototypes=0)
2026-03-13 05:19:19,582 - INFO - [assist_09|assist_09_abce_best_no_C|lr=0.0003|drop=0.20] Ablation runtime check: args(ablate_module1=False,ablate_module2=False,ablate_module3=False) | model(enable_module1=True,enable_module2=True,enable_module3=True) | physical(has_knowledge_encoder=True,has_mf_branch=True,has_soft_prototype=False)
2026-03-13 05:19:19,582 - INFO - [assist_09|assist_09_abce_best_no_C|lr=0.0003|drop=0.20] Debug diagnostics enabled: diag_batches=1
2026-03-13 05:19:19,605 - INFO - [assist_09|assist_09_abce_best_no_C|lr=0.0003|drop=0.20] [Module3 Init] fusion_gate_bias=-0.9000, fusion_gate_max=1.0000, implied_gate=0.2891, q_gate=0.5000, mf_scale=0.2500, bias_scale=0.2500, graph_tau_mean=1.0055, graph_tau_std=0.0000, graph_dropout=0.000
2026-03-13 05:19:19,606 - INFO - [assist_09|assist_09_abce_best_no_C|lr=0.0003|drop=0.20] Total parameters: 1,943,372
2026-03-13 05:19:19,606 - INFO - [assist_09|assist_09_abce_best_no_C|lr=0.0003|drop=0.20] Trainable parameters: 1,943,372
2026-03-13 05:19:20,477 - INFO - [assist_09|assist_09_abce_best_no_C|lr=0.0003|drop=0.20] Starting training...
2026-03-13 05:20:16,597 - INFO - [assist_09|assist_09_abce_best_no_C|lr=0.0003|drop=0.20] Epoch [001/100] | Train: Loss=0.5946, BCE=0.5878, Reg=0.0068, AUC=0.6910, ACC=0.6930, RMSE=0.4483 | Val: Loss=0.5698, BCE=0.5661, Reg=0.0037, AUC=0.7306, ACC=0.7104, RMSE=0.4379
2026-03-13 05:20:16,597 - INFO - [assist_09|assist_09_abce_best_no_C|lr=0.0003|drop=0.20] [Reg Terms] Epoch [001] | Train: graph_entropy=0.000000, graph_diag=0.002506, graph_uniform=0.003005, graph_reg_scale=1.0000, mf_l2=0.000000, proto_div=0.000000, proto_usage=0.000000, personal_sparse=0.001420, alpha_var=-0.000111, reg_bce_ratio=0.0116 | Val: graph_entropy=0.000000, graph_diag=0.000283, graph_uniform=0.003008, graph_reg_scale=1.0000, mf_l2=0.000001, proto_div=0.000000, proto_usage=0.000000, personal_sparse=0.000369, alpha_var=-0.000002, reg_bce_ratio=0.0065
2026-03-13 05:20:16,880 - INFO - [assist_09|assist_09_abce_best_no_C|lr=0.0003|drop=0.20] [Diag][M3] Epoch [001] | residual_abs_mean=0.1009, residual_std=0.0631, mf_abs_mean=0.1009, mf_std=0.0631, gate_mean=0.6984, gate_std=0.1434, irt_abs_mean=1.3108, irt_std=0.5905, delta_abs_mean=0.0746, delta_std=0.0550, delta_over_irt=0.0569, graph_row_entropy=2.4824, graph_entropy_ratio=0.5159, alpha_mean=0.3409, alpha_std=0.0112, personal_row_entropy=0.1964
2026-03-13 05:20:16,881 - INFO - [assist_09|assist_09_abce_best_no_C|lr=0.0003|drop=0.20] [Diag][Graph] Epoch [001] | entropy_ratio=0.5159, diag_mass=0.0028, to_uniform_l2=0.024795, to_identity_l2=0.093622, tau_mean=0.8718, tau_std=0.0017, graph_reg_scale(train/val)=1.0000/1.0000
2026-03-13 05:20:16,881 - INFO - [assist_09|assist_09_abce_best_no_C|lr=0.0003|drop=0.20] [Grad Norms] Epoch [001] | mf_u_proj=0.007902, mf_v_proj=0.008544, fusion_gate=0.002133, q_gate_raw=0.000522, skill_latent=0.041486, relation_emb=4.707326e-03, relation_tau=2.590012e-04, relation_wq=4.907311e-04, relation_wk=8.610783e-04, personal_u=3.078482e-02, personal_v=1.268401e-02
2026-03-13 05:20:17,138 - INFO - [assist_09|assist_09_abce_best_no_C|lr=0.0003|drop=0.20] -> New best AUC=0.7306 at epoch 1
2026-03-13 05:21:13,504 - INFO - [assist_09|assist_09_abce_best_no_C|lr=0.0003|drop=0.20] Epoch [002/100] | Train: Loss=0.5439, BCE=0.5403, Reg=0.0036, AUC=0.7607, ACC=0.7266, RMSE=0.4259 | Val: Loss=0.5513, BCE=0.5476, Reg=0.0037, AUC=0.7526, ACC=0.7191, RMSE=0.4296
2026-03-13 05:21:13,505 - INFO - [assist_09|assist_09_abce_best_no_C|lr=0.0003|drop=0.20] [Reg Terms] Epoch [002] | Train: graph_entropy=0.000000, graph_diag=0.000283, graph_uniform=0.003007, graph_reg_scale=1.0000, mf_l2=0.000004, proto_div=0.000000, proto_usage=0.000000, personal_sparse=0.000306, alpha_var=-0.000003, reg_bce_ratio=0.0067 | Val: graph_entropy=0.000000, graph_diag=0.000369, graph_uniform=0.003006, graph_reg_scale=1.0000, mf_l2=0.000006, proto_div=0.000000, proto_usage=0.000000, personal_sparse=0.000295, alpha_var=-0.000001, reg_bce_ratio=0.0067
2026-03-13 05:21:13,793 - INFO - [assist_09|assist_09_abce_best_no_C|lr=0.0003|drop=0.20] [Diag][M3] Epoch [002] | residual_abs_mean=0.1388, residual_std=0.0964, mf_abs_mean=0.1388, mf_std=0.0964, gate_mean=0.9002, gate_std=0.1350, irt_abs_mean=1.3147, irt_std=0.6279, delta_abs_mean=0.1291, delta_std=0.0955, delta_over_irt=0.0982, graph_row_entropy=2.4808, graph_entropy_ratio=0.5155, alpha_mean=0.3441, alpha_std=0.0060, personal_row_entropy=0.1367
2026-03-13 05:21:13,794 - INFO - [assist_09|assist_09_abce_best_no_C|lr=0.0003|drop=0.20] [Diag][Graph] Epoch [002] | entropy_ratio=0.5155, diag_mass=0.0037, to_uniform_l2=0.024841, to_identity_l2=0.093559, tau_mean=0.7845, tau_std=0.0005, graph_reg_scale(train/val)=1.0000/1.0000
2026-03-13 05:21:13,794 - INFO - [assist_09|assist_09_abce_best_no_C|lr=0.0003|drop=0.20] [Grad Norms] Epoch [002] | mf_u_proj=0.010755, mf_v_proj=0.010719, fusion_gate=0.002814, q_gate_raw=0.001359, skill_latent=0.061821, relation_emb=4.111067e-03, relation_tau=1.821940e-04, relation_wq=3.781952e-04, relation_wk=5.680367e-04, personal_u=4.149400e-02, personal_v=1.842650e-02
2026-03-13 05:21:14,338 - INFO - [assist_09|assist_09_abce_best_no_C|lr=0.0003|drop=0.20] -> New best AUC=0.7526 at epoch 2
2026-03-13 05:22:07,842 - INFO - [assist_09|assist_09_abce_best_no_C|lr=0.0003|drop=0.20] Epoch [003/100] | Train: Loss=0.5093, BCE=0.5058, Reg=0.0035, AUC=0.8027, ACC=0.7482, RMSE=0.4095 | Val: Loss=0.5430, BCE=0.5397, Reg=0.0033, AUC=0.7652, ACC=0.7274, RMSE=0.4260
2026-03-13 05:22:07,842 - INFO - [assist_09|assist_09_abce_best_no_C|lr=0.0003|drop=0.20] [Reg Terms] Epoch [003] | Train: graph_entropy=0.000000, graph_diag=0.000210, graph_uniform=0.003005, graph_reg_scale=1.0000, mf_l2=0.000009, proto_div=0.000000, proto_usage=0.000000, personal_sparse=0.000288, alpha_var=-0.000000, reg_bce_ratio=0.0069 | Val: graph_entropy=0.000000, graph_diag=0.000059, graph_uniform=0.003004, graph_reg_scale=1.0000, mf_l2=0.000012, proto_div=0.000000, proto_usage=0.000000, personal_sparse=0.000226, alpha_var=-0.000000, reg_bce_ratio=0.0061
2026-03-13 05:22:08,139 - INFO - [assist_09|assist_09_abce_best_no_C|lr=0.0003|drop=0.20] [Diag][M3] Epoch [003] | residual_abs_mean=0.2221, residual_std=0.1354, mf_abs_mean=0.2221, mf_std=0.1354, gate_mean=0.9609, gate_std=0.0820, irt_abs_mean=1.4489, irt_std=0.6752, delta_abs_mean=0.2147, delta_std=0.1333, delta_over_irt=0.1482, graph_row_entropy=2.4792, graph_entropy_ratio=0.5152, alpha_mean=0.3478, alpha_std=0.0016, personal_row_entropy=0.0956
2026-03-13 05:22:08,140 - INFO - [assist_09|assist_09_abce_best_no_C|lr=0.0003|drop=0.20] [Diag][Graph] Epoch [003] | entropy_ratio=0.5152, diag_mass=0.0006, to_uniform_l2=0.024888, to_identity_l2=0.093840, tau_mean=0.7151, tau_std=0.0020, graph_reg_scale(train/val)=1.0000/1.0000
2026-03-13 05:22:08,140 - WARNING - [assist_09|assist_09_abce_best_no_C|lr=0.0003|drop=0.20] [Diag Warning][M3] gate_mean has stayed high for 2 epoch(s): gate_mean=0.9609, gate_std=0.0820
2026-03-13 05:22:08,140 - INFO - [assist_09|assist_09_abce_best_no_C|lr=0.0003|drop=0.20] [Grad Norms] Epoch [003] | mf_u_proj=0.017445, mf_v_proj=0.018328, fusion_gate=0.001165, q_gate_raw=0.004729, skill_latent=0.099693, relation_emb=4.174667e-03, relation_tau=1.883642e-04, relation_wq=1.994365e-04, relation_wk=6.326291e-04, personal_u=6.308126e-02, personal_v=1.827288e-02
2026-03-13 05:22:08,628 - INFO - [assist_09|assist_09_abce_best_no_C|lr=0.0003|drop=0.20] -> New best AUC=0.7652 at epoch 3
2026-03-13 05:22:57,335 - INFO - [assist_09|assist_09_abce_best_no_C|lr=0.0003|drop=0.20] Epoch [004/100] | Train: Loss=0.4764, BCE=0.4729, Reg=0.0035, AUC=0.8369, ACC=0.7708, RMSE=0.3933 | Val: Loss=0.5338, BCE=0.5303, Reg=0.0035, AUC=0.7734, ACC=0.7324, RMSE=0.4214
2026-03-13 05:22:57,335 - INFO - [assist_09|assist_09_abce_best_no_C|lr=0.0003|drop=0.20] [Reg Terms] Epoch [004] | Train: graph_entropy=0.000000, graph_diag=0.000206, graph_uniform=0.003005, graph_reg_scale=1.0000, mf_l2=0.000014, proto_div=0.000000, proto_usage=0.000000, personal_sparse=0.000280, alpha_var=-0.000000, reg_bce_ratio=0.0074 | Val: graph_entropy=0.000000, graph_diag=0.000244, graph_uniform=0.003007, graph_reg_scale=1.0000, mf_l2=0.000017, proto_div=0.000000, proto_usage=0.000000, personal_sparse=0.000280, alpha_var=-0.000000, reg_bce_ratio=0.0067
2026-03-13 05:22:57,530 - INFO - [assist_09|assist_09_abce_best_no_C|lr=0.0003|drop=0.20] [Diag][M3] Epoch [004] | residual_abs_mean=0.2798, residual_std=0.1726, mf_abs_mean=0.2798, mf_std=0.1726, gate_mean=0.9781, gate_std=0.0477, irt_abs_mean=1.4127, irt_std=0.6829, delta_abs_mean=0.2750, delta_std=0.1728, delta_over_irt=0.1947, graph_row_entropy=2.4815, graph_entropy_ratio=0.5157, alpha_mean=0.3469, alpha_std=0.0015, personal_row_entropy=0.1061
2026-03-13 05:22:57,530 - INFO - [assist_09|assist_09_abce_best_no_C|lr=0.0003|drop=0.20] [Diag][Graph] Epoch [004] | entropy_ratio=0.5157, diag_mass=0.0024, to_uniform_l2=0.024824, to_identity_l2=0.093663, tau_mean=0.6632, tau_std=0.0004, graph_reg_scale(train/val)=1.0000/1.0000
2026-03-13 05:22:57,531 - WARNING - [assist_09|assist_09_abce_best_no_C|lr=0.0003|drop=0.20] [Diag Warning][M3] gate_mean has stayed high for 3 epoch(s): gate_mean=0.9781, gate_std=0.0477
2026-03-13 05:22:57,531 - INFO - [assist_09|assist_09_abce_best_no_C|lr=0.0003|drop=0.20] [Grad Norms] Epoch [004] | mf_u_proj=0.024985, mf_v_proj=0.028344, fusion_gate=0.000831, q_gate_raw=0.008063, skill_latent=0.132885, relation_emb=3.340834e-03, relation_tau=2.215817e-04, relation_wq=2.107253e-04, relation_wk=4.361029e-04, personal_u=1.066734e-01, personal_v=3.128431e-02
2026-03-13 05:22:58,069 - INFO - [assist_09|assist_09_abce_best_no_C|lr=0.0003|drop=0.20] -> New best AUC=0.7734 at epoch 4
2026-03-13 05:23:50,232 - INFO - [assist_09|assist_09_abce_best_no_C|lr=0.0003|drop=0.20] Epoch [005/100] | Train: Loss=0.4460, BCE=0.4425, Reg=0.0035, AUC=0.8650, ACC=0.7922, RMSE=0.3778 | Val: Loss=0.5314, BCE=0.5279, Reg=0.0035, AUC=0.7770, ACC=0.7344, RMSE=0.4200
2026-03-13 05:23:50,232 - INFO - [assist_09|assist_09_abce_best_no_C|lr=0.0003|drop=0.20] [Reg Terms] Epoch [005] | Train: graph_entropy=0.000000, graph_diag=0.000189, graph_uniform=0.003009, graph_reg_scale=1.0000, mf_l2=0.000019, proto_div=0.000000, proto_usage=0.000000, personal_sparse=0.000282, alpha_var=-0.000000, reg_bce_ratio=0.0079 | Val: graph_entropy=0.000000, graph_diag=0.000195, graph_uniform=0.003010, graph_reg_scale=1.0000, mf_l2=0.000020, proto_div=0.000000, proto_usage=0.000000, personal_sparse=0.000296, alpha_var=-0.000000, reg_bce_ratio=0.0067
2026-03-13 05:23:50,434 - INFO - [assist_09|assist_09_abce_best_no_C|lr=0.0003|drop=0.20] [Diag][M3] Epoch [005] | residual_abs_mean=0.3484, residual_std=0.2181, mf_abs_mean=0.3484, mf_std=0.2181, gate_mean=0.9857, gate_std=0.0345, irt_abs_mean=1.4430, irt_std=0.7358, delta_abs_mean=0.3448, delta_std=0.2184, delta_over_irt=0.2389, graph_row_entropy=2.4844, graph_entropy_ratio=0.5163, alpha_mean=0.3443, alpha_std=0.0025, personal_row_entropy=0.1111
2026-03-13 05:23:50,434 - INFO - [assist_09|assist_09_abce_best_no_C|lr=0.0003|drop=0.20] [Diag][Graph] Epoch [005] | entropy_ratio=0.5163, diag_mass=0.0020, to_uniform_l2=0.024742, to_identity_l2=0.093683, tau_mean=0.6370, tau_std=0.0007, graph_reg_scale(train/val)=1.0000/1.0000
2026-03-13 05:23:50,434 - WARNING - [assist_09|assist_09_abce_best_no_C|lr=0.0003|drop=0.20] [Diag Warning][M3] gate_mean has stayed high for 4 epoch(s): gate_mean=0.9857, gate_std=0.0345
2026-03-13 05:23:50,435 - WARNING - [assist_09|assist_09_abce_best_no_C|lr=0.0003|drop=0.20] [Diag Warning][M3] delta_over_irt has stayed high for 2 epoch(s): delta_over_irt=0.2389, delta_abs_mean=0.3448
2026-03-13 05:23:50,435 - INFO - [assist_09|assist_09_abce_best_no_C|lr=0.0003|drop=0.20] [Grad Norms] Epoch [005] | mf_u_proj=0.039069, mf_v_proj=0.037409, fusion_gate=0.000378, q_gate_raw=0.001098, skill_latent=0.164236, relation_emb=1.321084e-03, relation_tau=1.458951e-04, relation_wq=1.450423e-04, relation_wk=2.017362e-04, personal_u=9.686650e-02, personal_v=1.986798e-02
2026-03-13 05:23:50,897 - INFO - [assist_09|assist_09_abce_best_no_C|lr=0.0003|drop=0.20] -> New best AUC=0.7770 at epoch 5
2026-03-13 05:24:40,053 - INFO - [assist_09|assist_09_abce_best_no_C|lr=0.0003|drop=0.20] Epoch [006/100] | Train: Loss=0.4173, BCE=0.4139, Reg=0.0034, AUC=0.8884, ACC=0.8127, RMSE=0.3628 | Val: Loss=0.5274, BCE=0.5240, Reg=0.0034, AUC=0.7804, ACC=0.7377, RMSE=0.4181
2026-03-13 05:24:40,053 - INFO - [assist_09|assist_09_abce_best_no_C|lr=0.0003|drop=0.20] [Reg Terms] Epoch [006] | Train: graph_entropy=0.000000, graph_diag=0.000050, graph_uniform=0.003011, graph_reg_scale=1.0000, mf_l2=0.000022, proto_div=0.000000, proto_usage=0.000000, personal_sparse=0.000309, alpha_var=-0.000000, reg_bce_ratio=0.0082 | Val: graph_entropy=0.000000, graph_diag=0.000000, graph_uniform=0.003011, graph_reg_scale=1.0000, mf_l2=0.000023, proto_div=0.000000, proto_usage=0.000000, personal_sparse=0.000335, alpha_var=-0.000000, reg_bce_ratio=0.0064
2026-03-13 05:24:40,265 - INFO - [assist_09|assist_09_abce_best_no_C|lr=0.0003|drop=0.20] [Diag][M3] Epoch [006] | residual_abs_mean=0.3860, residual_std=0.2501, mf_abs_mean=0.3860, mf_std=0.2501, gate_mean=0.9891, gate_std=0.0280, irt_abs_mean=1.4094, irt_std=0.7368, delta_abs_mean=0.3836, delta_std=0.2508, delta_over_irt=0.2722, graph_row_entropy=2.4849, graph_entropy_ratio=0.5164, alpha_mean=0.3482, alpha_std=0.0008, personal_row_entropy=0.1244
2026-03-13 05:24:40,265 - INFO - [assist_09|assist_09_abce_best_no_C|lr=0.0003|drop=0.20] [Diag][Graph] Epoch [006] | entropy_ratio=0.5164, diag_mass=0.0000, to_uniform_l2=0.024727, to_identity_l2=0.093849, tau_mean=0.6377, tau_std=0.0015, graph_reg_scale(train/val)=1.0000/1.0000
2026-03-13 05:24:40,265 - WARNING - [assist_09|assist_09_abce_best_no_C|lr=0.0003|drop=0.20] [Diag Warning][M3] gate_mean has stayed high for 5 epoch(s): gate_mean=0.9891, gate_std=0.0280
2026-03-13 05:24:40,265 - WARNING - [assist_09|assist_09_abce_best_no_C|lr=0.0003|drop=0.20] [Diag Warning][M3] delta_over_irt has stayed high for 3 epoch(s): delta_over_irt=0.2722, delta_abs_mean=0.3836
2026-03-13 05:24:40,265 - INFO - [assist_09|assist_09_abce_best_no_C|lr=0.0003|drop=0.20] [Grad Norms] Epoch [006] | mf_u_proj=0.046966, mf_v_proj=0.045200, fusion_gate=0.000635, q_gate_raw=0.000264, skill_latent=0.203773, relation_emb=1.130489e-04, relation_tau=1.397156e-05, relation_wq=3.449250e-05, relation_wk=3.630399e-05, personal_u=9.315254e-02, personal_v=2.764987e-02
2026-03-13 05:24:40,766 - INFO - [assist_09|assist_09_abce_best_no_C|lr=0.0003|drop=0.20] -> New best AUC=0.7804 at epoch 6
2026-03-13 05:25:32,260 - INFO - [assist_09|assist_09_abce_best_no_C|lr=0.0003|drop=0.20] Epoch [007/100] | Train: Loss=0.3918, BCE=0.3884, Reg=0.0034, AUC=0.9063, ACC=0.8288, RMSE=0.3492 | Val: Loss=0.5292, BCE=0.5257, Reg=0.0035, AUC=0.7818, ACC=0.7411, RMSE=0.4182
2026-03-13 05:25:32,261 - INFO - [assist_09|assist_09_abce_best_no_C|lr=0.0003|drop=0.20] [Reg Terms] Epoch [007] | Train: graph_entropy=0.000000, graph_diag=0.000000, graph_uniform=0.003011, graph_reg_scale=1.0000, mf_l2=0.000025, proto_div=0.000000, proto_usage=0.000000, personal_sparse=0.000363, alpha_var=-0.000000, reg_bce_ratio=0.0088 | Val: graph_entropy=0.000000, graph_diag=0.000000, graph_uniform=0.003011, graph_reg_scale=1.0000, mf_l2=0.000026, proto_div=0.000000, proto_usage=0.000000, personal_sparse=0.000439, alpha_var=-0.000000, reg_bce_ratio=0.0066
2026-03-13 05:25:32,454 - INFO - [assist_09|assist_09_abce_best_no_C|lr=0.0003|drop=0.20] [Diag][M3] Epoch [007] | residual_abs_mean=0.4363, residual_std=0.2906, mf_abs_mean=0.4363, mf_std=0.2906, gate_mean=0.9944, gate_std=0.0147, irt_abs_mean=1.4702, irt_std=0.7814, delta_abs_mean=0.4348, delta_std=0.2907, delta_over_irt=0.2958, graph_row_entropy=2.4849, graph_entropy_ratio=0.5164, alpha_mean=0.3483, alpha_std=0.0008, personal_row_entropy=0.1721
2026-03-13 05:25:32,454 - INFO - [assist_09|assist_09_abce_best_no_C|lr=0.0003|drop=0.20] [Diag][Graph] Epoch [007] | entropy_ratio=0.5164, diag_mass=0.0000, to_uniform_l2=0.024727, to_identity_l2=0.093849, tau_mean=0.6433, tau_std=0.0018, graph_reg_scale(train/val)=1.0000/1.0000
2026-03-13 05:25:32,454 - WARNING - [assist_09|assist_09_abce_best_no_C|lr=0.0003|drop=0.20] [Diag Warning][M3] gate_mean has stayed high for 6 epoch(s): gate_mean=0.9944, gate_std=0.0147
2026-03-13 05:25:32,454 - WARNING - [assist_09|assist_09_abce_best_no_C|lr=0.0003|drop=0.20] [Diag Warning][M3] delta_over_irt has stayed high for 4 epoch(s): delta_over_irt=0.2958, delta_abs_mean=0.4348
2026-03-13 05:25:32,454 - INFO - [assist_09|assist_09_abce_best_no_C|lr=0.0003|drop=0.20] [Grad Norms] Epoch [007] | mf_u_proj=0.045089, mf_v_proj=0.043181, fusion_gate=0.000078, q_gate_raw=0.000186, skill_latent=0.186231, relation_emb=1.477607e-05, relation_tau=1.165515e-06, relation_wq=1.741312e-05, relation_wk=6.109087e-06, personal_u=1.219782e-01, personal_v=3.096469e-02
2026-03-13 05:25:32,921 - INFO - [assist_09|assist_09_abce_best_no_C|lr=0.0003|drop=0.20] -> New best AUC=0.7818 at epoch 7
2026-03-13 05:26:23,323 - INFO - [assist_09|assist_09_abce_best_no_C|lr=0.0003|drop=0.20] Epoch [008/100] | Train: Loss=0.3712, BCE=0.3675, Reg=0.0037, AUC=0.9203, ACC=0.8440, RMSE=0.3374 | Val: Loss=0.5272, BCE=0.5231, Reg=0.0041, AUC=0.7840, ACC=0.7414, RMSE=0.4171
2026-03-13 05:26:23,324 - INFO - [assist_09|assist_09_abce_best_no_C|lr=0.0003|drop=0.20] [Reg Terms] Epoch [008] | Train: graph_entropy=0.000000, graph_diag=0.000000, graph_uniform=0.003011, graph_reg_scale=1.0000, mf_l2=0.000027, proto_div=0.000000, proto_usage=0.000000, personal_sparse=0.000706, alpha_var=-0.000000, reg_bce_ratio=0.0102 | Val: graph_entropy=0.000000, graph_diag=0.000000, graph_uniform=0.003011, graph_reg_scale=1.0000, mf_l2=0.000028, proto_div=0.000000, proto_usage=0.000000, personal_sparse=0.001022, alpha_var=-0.000000, reg_bce_ratio=0.0078
2026-03-13 05:26:23,525 - INFO - [assist_09|assist_09_abce_best_no_C|lr=0.0003|drop=0.20] [Diag][M3] Epoch [008] | residual_abs_mean=0.5035, residual_std=0.3429, mf_abs_mean=0.5035, mf_std=0.3429, gate_mean=0.9944, gate_std=0.0184, irt_abs_mean=1.4462, irt_std=0.8006, delta_abs_mean=0.5023, delta_std=0.3432, delta_over_irt=0.3473, graph_row_entropy=2.4849, graph_entropy_ratio=0.5164, alpha_mean=0.3492, alpha_std=0.0003, personal_row_entropy=0.4465
2026-03-13 05:26:23,525 - INFO - [assist_09|assist_09_abce_best_no_C|lr=0.0003|drop=0.20] [Diag][Graph] Epoch [008] | entropy_ratio=0.5164, diag_mass=0.0000, to_uniform_l2=0.024727, to_identity_l2=0.093849, tau_mean=0.6534, tau_std=0.0022, graph_reg_scale(train/val)=1.0000/1.0000
2026-03-13 05:26:23,525 - WARNING - [assist_09|assist_09_abce_best_no_C|lr=0.0003|drop=0.20] [Diag Warning][M3] gate_mean has stayed high for 7 epoch(s): gate_mean=0.9944, gate_std=0.0184
2026-03-13 05:26:23,525 - WARNING - [assist_09|assist_09_abce_best_no_C|lr=0.0003|drop=0.20] [Diag Warning][M3] delta_over_irt has stayed high for 5 epoch(s): delta_over_irt=0.3473, delta_abs_mean=0.5023
2026-03-13 05:26:23,525 - INFO - [assist_09|assist_09_abce_best_no_C|lr=0.0003|drop=0.20] [Grad Norms] Epoch [008] | mf_u_proj=0.042272, mf_v_proj=0.039126, fusion_gate=0.000128, q_gate_raw=0.000920, skill_latent=0.181942, relation_emb=2.180252e-07, relation_tau=2.648576e-08, relation_wq=1.070222e-06, relation_wk=1.530191e-07, personal_u=5.356750e-02, personal_v=1.687403e-02
2026-03-13 05:26:24,027 - INFO - [assist_09|assist_09_abce_best_no_C|lr=0.0003|drop=0.20] -> New best AUC=0.7840 at epoch 8
2026-03-13 05:27:12,036 - INFO - [assist_09|assist_09_abce_best_no_C|lr=0.0003|drop=0.20] Epoch [009/100] | Train: Loss=0.3536, BCE=0.3497, Reg=0.0039, AUC=0.9305, ACC=0.8568, RMSE=0.3271 | Val: Loss=0.5287, BCE=0.5248, Reg=0.0039, AUC=0.7849, ACC=0.7411, RMSE=0.4174
2026-03-13 05:27:12,036 - INFO - [assist_09|assist_09_abce_best_no_C|lr=0.0003|drop=0.20] [Reg Terms] Epoch [009] | Train: graph_entropy=0.000000, graph_diag=0.000000, graph_uniform=0.003011, graph_reg_scale=1.0000, mf_l2=0.000029, proto_div=0.000000, proto_usage=0.000000, personal_sparse=0.000893, alpha_var=-0.000000, reg_bce_ratio=0.0112 | Val: graph_entropy=0.000000, graph_diag=0.000000, graph_uniform=0.003011, graph_reg_scale=1.0000, mf_l2=0.000030, proto_div=0.000000, proto_usage=0.000000, personal_sparse=0.000833, alpha_var=-0.000000, reg_bce_ratio=0.0074
2026-03-13 05:27:12,297 - INFO - [assist_09|assist_09_abce_best_no_C|lr=0.0003|drop=0.20] [Diag][M3] Epoch [009] | residual_abs_mean=0.5692, residual_std=0.3664, mf_abs_mean=0.5692, mf_std=0.3664, gate_mean=0.9967, gate_std=0.0096, irt_abs_mean=1.4365, irt_std=0.8599, delta_abs_mean=0.5683, delta_std=0.3667, delta_over_irt=0.3956, graph_row_entropy=2.4849, graph_entropy_ratio=0.5164, alpha_mean=0.3494, alpha_std=0.0002, personal_row_entropy=0.3463
2026-03-13 05:27:12,297 - INFO - [assist_09|assist_09_abce_best_no_C|lr=0.0003|drop=0.20] [Diag][Graph] Epoch [009] | entropy_ratio=0.5164, diag_mass=0.0000, to_uniform_l2=0.024727, to_identity_l2=0.093849, tau_mean=0.6686, tau_std=0.0024, graph_reg_scale(train/val)=1.0000/1.0000
2026-03-13 05:27:12,297 - WARNING - [assist_09|assist_09_abce_best_no_C|lr=0.0003|drop=0.20] [Diag Warning][M3] gate_mean has stayed high for 8 epoch(s): gate_mean=0.9967, gate_std=0.0096
2026-03-13 05:27:12,297 - WARNING - [assist_09|assist_09_abce_best_no_C|lr=0.0003|drop=0.20] [Diag Warning][M3] delta_over_irt has stayed high for 6 epoch(s): delta_over_irt=0.3956, delta_abs_mean=0.5683
2026-03-13 05:27:12,297 - INFO - [assist_09|assist_09_abce_best_no_C|lr=0.0003|drop=0.20] [Grad Norms] Epoch [009] | mf_u_proj=0.040606, mf_v_proj=0.040755, fusion_gate=0.000092, q_gate_raw=0.003190, skill_latent=0.168080, relation_emb=3.594617e-10, relation_tau=1.151458e-08, relation_wq=3.707930e-08, relation_wk=8.665136e-10, personal_u=4.216181e-02, personal_v=1.576011e-02
2026-03-13 05:27:12,790 - INFO - [assist_09|assist_09_abce_best_no_C|lr=0.0003|drop=0.20] -> New best AUC=0.7849 at epoch 9
2026-03-13 05:28:00,997 - INFO - [assist_09|assist_09_abce_best_no_C|lr=0.0003|drop=0.20] Epoch [010/100] | Train: Loss=0.3359, BCE=0.3320, Reg=0.0039, AUC=0.9390, ACC=0.8666, RMSE=0.3172 | Val: Loss=0.5302, BCE=0.5263, Reg=0.0039, AUC=0.7864, ACC=0.7430, RMSE=0.4173
2026-03-13 05:28:00,997 - INFO - [assist_09|assist_09_abce_best_no_C|lr=0.0003|drop=0.20] [Reg Terms] Epoch [010] | Train: graph_entropy=0.000000, graph_diag=0.000000, graph_uniform=0.003011, graph_reg_scale=1.0000, mf_l2=0.000030, proto_div=0.000000, proto_usage=0.000000, personal_sparse=0.000850, alpha_var=-0.000000, reg_bce_ratio=0.0117 | Val: graph_entropy=0.000000, graph_diag=0.000000, graph_uniform=0.003011, graph_reg_scale=1.0000, mf_l2=0.000031, proto_div=0.000000, proto_usage=0.000000, personal_sparse=0.000872, alpha_var=-0.000000, reg_bce_ratio=0.0074
2026-03-13 05:28:01,200 - INFO - [assist_09|assist_09_abce_best_no_C|lr=0.0003|drop=0.20] [Diag][M3] Epoch [010] | residual_abs_mean=0.6502, residual_std=0.3939, mf_abs_mean=0.6502, mf_std=0.3939, gate_mean=0.9975, gate_std=0.0085, irt_abs_mean=1.4841, irt_std=0.8716, delta_abs_mean=0.6496, delta_std=0.3941, delta_over_irt=0.4377, graph_row_entropy=2.4849, graph_entropy_ratio=0.5164, alpha_mean=0.3494, alpha_std=0.0002, personal_row_entropy=0.3929
2026-03-13 05:28:01,200 - INFO - [assist_09|assist_09_abce_best_no_C|lr=0.0003|drop=0.20] [Diag][Graph] Epoch [010] | entropy_ratio=0.5164, diag_mass=0.0000, to_uniform_l2=0.024727, to_identity_l2=0.093849, tau_mean=0.6845, tau_std=0.0016, graph_reg_scale(train/val)=1.0000/1.0000
2026-03-13 05:28:01,201 - WARNING - [assist_09|assist_09_abce_best_no_C|lr=0.0003|drop=0.20] [Diag Warning][M3] gate_mean has stayed high for 9 epoch(s): gate_mean=0.9975, gate_std=0.0085
2026-03-13 05:28:01,201 - WARNING - [assist_09|assist_09_abce_best_no_C|lr=0.0003|drop=0.20] [Diag Warning][M3] delta_over_irt has stayed high for 7 epoch(s): delta_over_irt=0.4377, delta_abs_mean=0.6496
2026-03-13 05:28:01,201 - INFO - [assist_09|assist_09_abce_best_no_C|lr=0.0003|drop=0.20] [Grad Norms] Epoch [010] | mf_u_proj=0.064729, mf_v_proj=0.066417, fusion_gate=0.000014, q_gate_raw=0.005563, skill_latent=0.262780, relation_emb=8.911105e-15, relation_tau=1.599736e-09, relation_wq=1.499115e-11, relation_wk=2.572498e-14, personal_u=7.175002e-02, personal_v=1.924191e-02
2026-03-13 05:28:01,721 - INFO - [assist_09|assist_09_abce_best_no_C|lr=0.0003|drop=0.20] -> New best AUC=0.7864 at epoch 10
2026-03-13 05:28:01,808 - INFO - [assist_09|assist_09_abce_best_no_C|lr=0.0003|drop=0.20] Checkpoint saved: checkpoints/abce_diag/abce_rescue_v1/assist_09/seed42/best_no_C/checkpoint_epoch_10.pth
2026-03-13 05:28:02,013 - INFO - [assist_09|assist_09_abce_best_no_C|lr=0.0003|drop=0.20] [Module Activity] Epoch 10: Graph✓ Personal✗ MF✓
2026-03-13 05:28:53,218 - INFO - [assist_09|assist_09_abce_best_no_C|lr=0.0003|drop=0.20] Epoch [011/100] | Train: Loss=0.3188, BCE=0.3150, Reg=0.0038, AUC=0.9472, ACC=0.8764, RMSE=0.3072 | Val: Loss=0.5303, BCE=0.5265, Reg=0.0037, AUC=0.7873, ACC=0.7456, RMSE=0.4169
2026-03-13 05:28:53,218 - INFO - [assist_09|assist_09_abce_best_no_C|lr=0.0003|drop=0.20] [Reg Terms] Epoch [011] | Train: graph_entropy=0.000000, graph_diag=0.000000, graph_uniform=0.003011, graph_reg_scale=1.0000, mf_l2=0.000032, proto_div=0.000000, proto_usage=0.000000, personal_sparse=0.000791, alpha_var=-0.000000, reg_bce_ratio=0.0122 | Val: graph_entropy=0.000000, graph_diag=0.000000, graph_uniform=0.003011, graph_reg_scale=1.0000, mf_l2=0.000033, proto_div=0.000000, proto_usage=0.000000, personal_sparse=0.000694, alpha_var=-0.000000, reg_bce_ratio=0.0071
2026-03-13 05:28:53,420 - INFO - [assist_09|assist_09_abce_best_no_C|lr=0.0003|drop=0.20] [Diag][M3] Epoch [011] | residual_abs_mean=0.7065, residual_std=0.4326, mf_abs_mean=0.7065, mf_std=0.4326, gate_mean=0.9978, gate_std=0.0072, irt_abs_mean=1.5130, irt_std=0.9275, delta_abs_mean=0.7058, delta_std=0.4330, delta_over_irt=0.4665, graph_row_entropy=2.4849, graph_entropy_ratio=0.5164, alpha_mean=0.3496, alpha_std=0.0001, personal_row_entropy=0.3098
2026-03-13 05:28:53,420 - INFO - [assist_09|assist_09_abce_best_no_C|lr=0.0003|drop=0.20] [Diag][Graph] Epoch [011] | entropy_ratio=0.5164, diag_mass=0.0000, to_uniform_l2=0.024727, to_identity_l2=0.093849, tau_mean=0.6922, tau_std=0.0004, graph_reg_scale(train/val)=1.0000/1.0000
2026-03-13 05:28:53,420 - WARNING - [assist_09|assist_09_abce_best_no_C|lr=0.0003|drop=0.20] [Diag Warning][M3] gate_mean has stayed high for 10 epoch(s): gate_mean=0.9978, gate_std=0.0072
2026-03-13 05:28:53,420 - WARNING - [assist_09|assist_09_abce_best_no_C|lr=0.0003|drop=0.20] [Diag Warning][M3] delta_over_irt has stayed high for 8 epoch(s): delta_over_irt=0.4665, delta_abs_mean=0.7058
2026-03-13 05:28:53,420 - INFO - [assist_09|assist_09_abce_best_no_C|lr=0.0003|drop=0.20] [Grad Norms] Epoch [011] | mf_u_proj=0.060646, mf_v_proj=0.059903, fusion_gate=0.000062, q_gate_raw=0.001548, skill_latent=0.241375, relation_emb=3.491604e-22, relation_tau=1.377871e-08, relation_wq=1.176542e-16, relation_wk=1.279616e-21, personal_u=3.397436e-02, personal_v=9.456211e-03
2026-03-13 05:28:53,848 - INFO - [assist_09|assist_09_abce_best_no_C|lr=0.0003|drop=0.20] -> New best AUC=0.7873 at epoch 11
2026-03-13 05:29:44,716 - INFO - [assist_09|assist_09_abce_best_no_C|lr=0.0003|drop=0.20] Epoch [012/100] | Train: Loss=0.3046, BCE=0.3009, Reg=0.0038, AUC=0.9531, ACC=0.8851, RMSE=0.2986 | Val: Loss=0.5349, BCE=0.5312, Reg=0.0037, AUC=0.7877, ACC=0.7444, RMSE=0.4182
2026-03-13 05:29:44,716 - INFO - [assist_09|assist_09_abce_best_no_C|lr=0.0003|drop=0.20] [Reg Terms] Epoch [012] | Train: graph_entropy=0.000000, graph_diag=0.000000, graph_uniform=0.003011, graph_reg_scale=1.0000, mf_l2=0.000034, proto_div=0.000000, proto_usage=0.000000, personal_sparse=0.000717, alpha_var=-0.000000, reg_bce_ratio=0.0125 | Val: graph_entropy=0.000000, graph_diag=0.000000, graph_uniform=0.003011, graph_reg_scale=1.0000, mf_l2=0.000034, proto_div=0.000000, proto_usage=0.000000, personal_sparse=0.000667, alpha_var=-0.000000, reg_bce_ratio=0.0070
2026-03-13 05:29:44,917 - INFO - [assist_09|assist_09_abce_best_no_C|lr=0.0003|drop=0.20] [Diag][M3] Epoch [012] | residual_abs_mean=0.7560, residual_std=0.4560, mf_abs_mean=0.7560, mf_std=0.4560, gate_mean=0.9977, gate_std=0.0086, irt_abs_mean=1.4997, irt_std=0.9341, delta_abs_mean=0.7556, delta_std=0.4562, delta_over_irt=0.5038, graph_row_entropy=2.4849, graph_entropy_ratio=0.5164, alpha_mean=0.3494, alpha_std=0.0001, personal_row_entropy=0.2943
2026-03-13 05:29:44,918 - INFO - [assist_09|assist_09_abce_best_no_C|lr=0.0003|drop=0.20] [Diag][Graph] Epoch [012] | entropy_ratio=0.5164, diag_mass=0.0000, to_uniform_l2=0.024727, to_identity_l2=0.093849, tau_mean=0.6932, tau_std=0.0000, graph_reg_scale(train/val)=1.0000/1.0000
2026-03-13 05:29:44,918 - WARNING - [assist_09|assist_09_abce_best_no_C|lr=0.0003|drop=0.20] [Diag Warning][M3] gate_mean has stayed high for 11 epoch(s): gate_mean=0.9977, gate_std=0.0086
2026-03-13 05:29:44,918 - WARNING - [assist_09|assist_09_abce_best_no_C|lr=0.0003|drop=0.20] [Diag Warning][M3] delta_over_irt has stayed high for 9 epoch(s): delta_over_irt=0.5038, delta_abs_mean=0.7556
2026-03-13 05:29:44,918 - INFO - [assist_09|assist_09_abce_best_no_C|lr=0.0003|drop=0.20] [Grad Norms] Epoch [012] | mf_u_proj=0.070186, mf_v_proj=0.070057, fusion_gate=0.000036, q_gate_raw=0.001516, skill_latent=0.241013, relation_emb=0.000000e+00, relation_tau=3.715151e-08, relation_wq=0.000000e+00, relation_wk=0.000000e+00, personal_u=1.119462e-01, personal_v=2.353588e-02
2026-03-13 05:29:45,401 - INFO - [assist_09|assist_09_abce_best_no_C|lr=0.0003|drop=0.20] -> New best AUC=0.7877 at epoch 12
2026-03-13 05:30:36,716 - INFO - [assist_09|assist_09_abce_best_no_C|lr=0.0003|drop=0.20] Epoch [013/100] | Train: Loss=0.2926, BCE=0.2889, Reg=0.0038, AUC=0.9577, ACC=0.8921, RMSE=0.2914 | Val: Loss=0.5358, BCE=0.5320, Reg=0.0037, AUC=0.7874, ACC=0.7433, RMSE=0.4182
2026-03-13 05:30:36,717 - INFO - [assist_09|assist_09_abce_best_no_C|lr=0.0003|drop=0.20] [Reg Terms] Epoch [013] | Train: graph_entropy=0.000000, graph_diag=0.000000, graph_uniform=0.003011, graph_reg_scale=1.0000, mf_l2=0.000035, proto_div=0.000000, proto_usage=0.000000, personal_sparse=0.000708, alpha_var=-0.000000, reg_bce_ratio=0.0130 | Val: graph_entropy=0.000000, graph_diag=0.000000, graph_uniform=0.003011, graph_reg_scale=1.0000, mf_l2=0.000036, proto_div=0.000000, proto_usage=0.000000, personal_sparse=0.000700, alpha_var=-0.000000, reg_bce_ratio=0.0070
2026-03-13 05:30:36,920 - INFO - [assist_09|assist_09_abce_best_no_C|lr=0.0003|drop=0.20] [Diag][M3] Epoch [013] | residual_abs_mean=0.8034, residual_std=0.4896, mf_abs_mean=0.8034, mf_std=0.4896, gate_mean=0.9977, gate_std=0.0081, irt_abs_mean=1.4831, irt_std=0.9384, delta_abs_mean=0.8029, delta_std=0.4899, delta_over_irt=0.5413, graph_row_entropy=2.4849, graph_entropy_ratio=0.5164, alpha_mean=0.3496, alpha_std=0.0001, personal_row_entropy=0.3167
2026-03-13 05:30:36,920 - INFO - [assist_09|assist_09_abce_best_no_C|lr=0.0003|drop=0.20] [Diag][Graph] Epoch [013] | entropy_ratio=0.5164, diag_mass=0.0000, to_uniform_l2=0.024727, to_identity_l2=0.093849, tau_mean=0.6932, tau_std=0.0000, graph_reg_scale(train/val)=1.0000/1.0000
2026-03-13 05:30:36,920 - WARNING - [assist_09|assist_09_abce_best_no_C|lr=0.0003|drop=0.20] [Diag Warning][M3] gate_mean has stayed high for 12 epoch(s): gate_mean=0.9977, gate_std=0.0081
2026-03-13 05:30:36,920 - WARNING - [assist_09|assist_09_abce_best_no_C|lr=0.0003|drop=0.20] [Diag Warning][M3] delta_over_irt has stayed high for 10 epoch(s): delta_over_irt=0.5413, delta_abs_mean=0.8029
2026-03-13 05:30:36,920 - INFO - [assist_09|assist_09_abce_best_no_C|lr=0.0003|drop=0.20] [Grad Norms] Epoch [013] | mf_u_proj=0.096992, mf_v_proj=0.100877, fusion_gate=0.000071, q_gate_raw=0.001509, skill_latent=0.351787, relation_emb=0.000000e+00, relation_tau=5.962944e-08, relation_wq=0.000000e+00, relation_wk=0.000000e+00, personal_u=5.972239e-02, personal_v=9.612123e-03
2026-03-13 05:30:36,921 - INFO - [assist_09|assist_09_abce_best_no_C|lr=0.0003|drop=0.20] -> No improvement 1 epoch(s) (best AUC=0.7877 @ 12)
2026-03-13 05:31:25,264 - INFO - [assist_09|assist_09_abce_best_no_C|lr=0.0003|drop=0.20] Epoch [014/100] | Train: Loss=0.2805, BCE=0.2769, Reg=0.0036, AUC=0.9624, ACC=0.8981, RMSE=0.2840 | Val: Loss=0.5360, BCE=0.5324, Reg=0.0036, AUC=0.7882, ACC=0.7445, RMSE=0.4182
2026-03-13 05:31:25,264 - INFO - [assist_09|assist_09_abce_best_no_C|lr=0.0003|drop=0.20] [Reg Terms] Epoch [014] | Train: graph_entropy=0.000000, graph_diag=0.000000, graph_uniform=0.003011, graph_reg_scale=1.0000, mf_l2=0.000037, proto_div=0.000000, proto_usage=0.000000, personal_sparse=0.000543, alpha_var=-0.000000, reg_bce_ratio=0.0130 | Val: graph_entropy=0.000000, graph_diag=0.000000, graph_uniform=0.003011, graph_reg_scale=1.0000, mf_l2=0.000037, proto_div=0.000000, proto_usage=0.000000, personal_sparse=0.000555, alpha_var=-0.000000, reg_bce_ratio=0.0068
2026-03-13 05:31:25,513 - INFO - [assist_09|assist_09_abce_best_no_C|lr=0.0003|drop=0.20] [Diag][M3] Epoch [014] | residual_abs_mean=0.8588, residual_std=0.4916, mf_abs_mean=0.8588, mf_std=0.4916, gate_mean=0.9977, gate_std=0.0078, irt_abs_mean=1.4857, irt_std=0.9514, delta_abs_mean=0.8583, delta_std=0.4920, delta_over_irt=0.5777, graph_row_entropy=2.4849, graph_entropy_ratio=0.5164, alpha_mean=0.3495, alpha_std=0.0001, personal_row_entropy=0.2471
2026-03-13 05:31:25,514 - INFO - [assist_09|assist_09_abce_best_no_C|lr=0.0003|drop=0.20] [Diag][Graph] Epoch [014] | entropy_ratio=0.5164, diag_mass=0.0000, to_uniform_l2=0.024727, to_identity_l2=0.093849, tau_mean=0.6932, tau_std=0.0000, graph_reg_scale(train/val)=1.0000/1.0000
2026-03-13 05:31:25,514 - WARNING - [assist_09|assist_09_abce_best_no_C|lr=0.0003|drop=0.20] [Diag Warning][M3] gate_mean has stayed high for 13 epoch(s): gate_mean=0.9977, gate_std=0.0078
2026-03-13 05:31:25,514 - WARNING - [assist_09|assist_09_abce_best_no_C|lr=0.0003|drop=0.20] [Diag Warning][M3] delta_over_irt has stayed high for 11 epoch(s): delta_over_irt=0.5777, delta_abs_mean=0.8583
2026-03-13 05:31:25,514 - INFO - [assist_09|assist_09_abce_best_no_C|lr=0.0003|drop=0.20] [Grad Norms] Epoch [014] | mf_u_proj=0.067651, mf_v_proj=0.069497, fusion_gate=0.000032, q_gate_raw=0.002317, skill_latent=0.222000, relation_emb=0.000000e+00, relation_tau=1.077662e-09, relation_wq=0.000000e+00, relation_wk=0.000000e+00, personal_u=3.339239e-02, personal_v=7.627654e-03
2026-03-13 05:31:26,034 - INFO - [assist_09|assist_09_abce_best_no_C|lr=0.0003|drop=0.20] -> New best AUC=0.7882 at epoch 14
2026-03-13 05:32:12,834 - INFO - [assist_09|assist_09_abce_best_no_C|lr=0.0003|drop=0.20] Epoch [015/100] | Train: Loss=0.2611, BCE=0.2576, Reg=0.0036, AUC=0.9696, ACC=0.9101, RMSE=0.2710 | Val: Loss=0.5411, BCE=0.5375, Reg=0.0036, AUC=0.7874, ACC=0.7429, RMSE=0.4196
2026-03-13 05:32:12,834 - INFO - [assist_09|assist_09_abce_best_no_C|lr=0.0003|drop=0.20] [Reg Terms] Epoch [015] | Train: graph_entropy=0.000000, graph_diag=0.000000, graph_uniform=0.003011, graph_reg_scale=1.0000, mf_l2=0.000038, proto_div=0.000000, proto_usage=0.000000, personal_sparse=0.000507, alpha_var=-0.000000, reg_bce_ratio=0.0138 | Val: graph_entropy=0.000000, graph_diag=0.000000, graph_uniform=0.003011, graph_reg_scale=1.0000, mf_l2=0.000038, proto_div=0.000000, proto_usage=0.000000, personal_sparse=0.000527, alpha_var=-0.000000, reg_bce_ratio=0.0067
2026-03-13 05:32:13,039 - INFO - [assist_09|assist_09_abce_best_no_C|lr=0.0003|drop=0.20] [Diag][M3] Epoch [015] | residual_abs_mean=0.8650, residual_std=0.5137, mf_abs_mean=0.8650, mf_std=0.5137, gate_mean=0.9982, gate_std=0.0061, irt_abs_mean=1.4911, irt_std=0.9858, delta_abs_mean=0.8645, delta_std=0.5140, delta_over_irt=0.5798, graph_row_entropy=2.4849, graph_entropy_ratio=0.5164, alpha_mean=0.3490, alpha_std=0.0001, personal_row_entropy=0.2300
2026-03-13 05:32:13,039 - INFO - [assist_09|assist_09_abce_best_no_C|lr=0.0003|drop=0.20] [Diag][Graph] Epoch [015] | entropy_ratio=0.5164, diag_mass=0.0000, to_uniform_l2=0.024727, to_identity_l2=0.093849, tau_mean=0.6931, tau_std=0.0000, graph_reg_scale(train/val)=1.0000/1.0000
2026-03-13 05:32:13,039 - WARNING - [assist_09|assist_09_abce_best_no_C|lr=0.0003|drop=0.20] [Diag Warning][M3] gate_mean has stayed high for 14 epoch(s): gate_mean=0.9982, gate_std=0.0061
2026-03-13 05:32:13,039 - WARNING - [assist_09|assist_09_abce_best_no_C|lr=0.0003|drop=0.20] [Diag Warning][M3] delta_over_irt has stayed high for 12 epoch(s): delta_over_irt=0.5798, delta_abs_mean=0.8645
2026-03-13 05:32:13,039 - INFO - [assist_09|assist_09_abce_best_no_C|lr=0.0003|drop=0.20] [Grad Norms] Epoch [015] | mf_u_proj=0.046973, mf_v_proj=0.054889, fusion_gate=0.000022, q_gate_raw=0.001412, skill_latent=0.154676, relation_emb=0.000000e+00, relation_tau=6.266996e-16, relation_wq=0.000000e+00, relation_wk=0.000000e+00, personal_u=2.582878e-02, personal_v=4.997690e-03
2026-03-13 05:32:13,039 - INFO - [assist_09|assist_09_abce_best_no_C|lr=0.0003|drop=0.20] -> No improvement 1 epoch(s) (best AUC=0.7882 @ 14)
2026-03-13 05:33:03,075 - INFO - [assist_09|assist_09_abce_best_no_C|lr=0.0003|drop=0.20] Epoch [016/100] | Train: Loss=0.2554, BCE=0.2518, Reg=0.0035, AUC=0.9716, ACC=0.9135, RMSE=0.2672 | Val: Loss=0.5419, BCE=0.5385, Reg=0.0034, AUC=0.7876, ACC=0.7449, RMSE=0.4197
2026-03-13 05:33:03,075 - INFO - [assist_09|assist_09_abce_best_no_C|lr=0.0003|drop=0.20] [Reg Terms] Epoch [016] | Train: graph_entropy=0.000000, graph_diag=0.000000, graph_uniform=0.003011, graph_reg_scale=1.0000, mf_l2=0.000038, proto_div=0.000000, proto_usage=0.000000, personal_sparse=0.000488, alpha_var=-0.000000, reg_bce_ratio=0.0140 | Val: graph_entropy=0.000000, graph_diag=0.000000, graph_uniform=0.003011, graph_reg_scale=1.0000, mf_l2=0.000038, proto_div=0.000000, proto_usage=0.000000, personal_sparse=0.000358, alpha_var=-0.000000, reg_bce_ratio=0.0063
2026-03-13 05:33:03,261 - INFO - [assist_09|assist_09_abce_best_no_C|lr=0.0003|drop=0.20] [Diag][M3] Epoch [016] | residual_abs_mean=0.8852, residual_std=0.5237, mf_abs_mean=0.8852, mf_std=0.5237, gate_mean=0.9979, gate_std=0.0075, irt_abs_mean=1.5152, irt_std=0.9486, delta_abs_mean=0.8847, delta_std=0.5241, delta_over_irt=0.5839, graph_row_entropy=2.4849, graph_entropy_ratio=0.5164, alpha_mean=0.3494, alpha_std=0.0001, personal_row_entropy=0.1493
2026-03-13 05:33:03,261 - INFO - [assist_09|assist_09_abce_best_no_C|lr=0.0003|drop=0.20] [Diag][Graph] Epoch [016] | entropy_ratio=0.5164, diag_mass=0.0000, to_uniform_l2=0.024727, to_identity_l2=0.093849, tau_mean=0.6932, tau_std=0.0000, graph_reg_scale(train/val)=1.0000/1.0000
2026-03-13 05:33:03,261 - WARNING - [assist_09|assist_09_abce_best_no_C|lr=0.0003|drop=0.20] [Diag Warning][M3] gate_mean has stayed high for 15 epoch(s): gate_mean=0.9979, gate_std=0.0075
2026-03-13 05:33:03,262 - WARNING - [assist_09|assist_09_abce_best_no_C|lr=0.0003|drop=0.20] [Diag Warning][M3] delta_over_irt has stayed high for 13 epoch(s): delta_over_irt=0.5839, delta_abs_mean=0.8847
2026-03-13 05:33:03,262 - INFO - [assist_09|assist_09_abce_best_no_C|lr=0.0003|drop=0.20] [Grad Norms] Epoch [016] | mf_u_proj=0.060608, mf_v_proj=0.063760, fusion_gate=0.000067, q_gate_raw=0.000195, skill_latent=0.211965, relation_emb=0.000000e+00, relation_tau=1.230989e-09, relation_wq=0.000000e+00, relation_wk=0.000000e+00, personal_u=5.423703e-02, personal_v=9.678864e-03
2026-03-13 05:33:03,262 - INFO - [assist_09|assist_09_abce_best_no_C|lr=0.0003|drop=0.20] -> No improvement 2 epoch(s) (best AUC=0.7882 @ 14)
2026-03-13 05:33:52,407 - INFO - [assist_09|assist_09_abce_best_no_C|lr=0.0003|drop=0.20] Epoch [017/100] | Train: Loss=0.2496, BCE=0.2461, Reg=0.0035, AUC=0.9733, ACC=0.9164, RMSE=0.2634 | Val: Loss=0.5448, BCE=0.5413, Reg=0.0035, AUC=0.7879, ACC=0.7456, RMSE=0.4201
2026-03-13 05:33:52,407 - INFO - [assist_09|assist_09_abce_best_no_C|lr=0.0003|drop=0.20] [Reg Terms] Epoch [017] | Train: graph_entropy=0.000000, graph_diag=0.000000, graph_uniform=0.003011, graph_reg_scale=1.0000, mf_l2=0.000038, proto_div=0.000000, proto_usage=0.000000, personal_sparse=0.000457, alpha_var=-0.000000, reg_bce_ratio=0.0142 | Val: graph_entropy=0.000000, graph_diag=0.000000, graph_uniform=0.003011, graph_reg_scale=1.0000, mf_l2=0.000039, proto_div=0.000000, proto_usage=0.000000, personal_sparse=0.000453, alpha_var=-0.000000, reg_bce_ratio=0.0065
2026-03-13 05:33:52,603 - INFO - [assist_09|assist_09_abce_best_no_C|lr=0.0003|drop=0.20] [Diag][M3] Epoch [017] | residual_abs_mean=0.9087, residual_std=0.5314, mf_abs_mean=0.9087, mf_std=0.5314, gate_mean=0.9983, gate_std=0.0068, irt_abs_mean=1.5740, irt_std=1.0134, delta_abs_mean=0.9083, delta_std=0.5316, delta_over_irt=0.5770, graph_row_entropy=2.4849, graph_entropy_ratio=0.5164, alpha_mean=0.3492, alpha_std=0.0001, personal_row_entropy=0.1934
2026-03-13 05:33:52,603 - INFO - [assist_09|assist_09_abce_best_no_C|lr=0.0003|drop=0.20] [Diag][Graph] Epoch [017] | entropy_ratio=0.5164, diag_mass=0.0000, to_uniform_l2=0.024727, to_identity_l2=0.093849, tau_mean=0.6931, tau_std=0.0000, graph_reg_scale(train/val)=1.0000/1.0000
2026-03-13 05:33:52,604 - WARNING - [assist_09|assist_09_abce_best_no_C|lr=0.0003|drop=0.20] [Diag Warning][M3] gate_mean has stayed high for 16 epoch(s): gate_mean=0.9983, gate_std=0.0068
2026-03-13 05:33:52,604 - WARNING - [assist_09|assist_09_abce_best_no_C|lr=0.0003|drop=0.20] [Diag Warning][M3] delta_over_irt has stayed high for 14 epoch(s): delta_over_irt=0.5770, delta_abs_mean=0.9083
2026-03-13 05:33:52,604 - INFO - [assist_09|assist_09_abce_best_no_C|lr=0.0003|drop=0.20] [Grad Norms] Epoch [017] | mf_u_proj=0.061206, mf_v_proj=0.063175, fusion_gate=0.000048, q_gate_raw=0.003458, skill_latent=0.210660, relation_emb=0.000000e+00, relation_tau=1.415481e-09, relation_wq=0.000000e+00, relation_wk=0.000000e+00, personal_u=3.554680e-02, personal_v=7.677741e-03
2026-03-13 05:33:52,604 - INFO - [assist_09|assist_09_abce_best_no_C|lr=0.0003|drop=0.20] -> No improvement 3 epoch(s) (best AUC=0.7882 @ 14)
2026-03-13 05:33:52,604 - INFO - [assist_09|assist_09_abce_best_no_C|lr=0.0003|drop=0.20] Early stopping at epoch 17 (best AUC=0.7882 @ 14)
2026-03-13 05:33:52,610 - INFO - Epoch-wise metrics saved to checkpoints/abce_diag/abce_rescue_v1/assist_09/seed42/best_no_C/metrics_history.csv
2026-03-13 05:33:52,612 - INFO - [assist_09|assist_09_abce_best_no_C|lr=0.0003|drop=0.20] Training completed! Best Val AUC=0.7882 @ epoch 14
2026-03-13 05:33:52,794 - INFO - 
============================================================
         MODULE ACTIVITY REPORT
============================================================
Dataset: assist_09 | Seed: 42 | Epoch: 17

1. Soft Prototype Module:
   - Status: DISABLED (num_prototypes=0 or use_soft_prototype=False)

2. Concept Graph Module:
   - Mean row entropy: 2.485 / 4.812
   - Entropy ratio: 51.6%
   - Status: ✓ ACTIVE (learning meaningful structure)

3. Personal Graph Module:
   - Gate alpha mean: 0.349
   - Gate alpha std: 0.000
   - Status: ⚠ MARGINAL (low alpha values)

4. Skill/MF Module:
   - MF logit |mean|: 0.8825
   - MF logit std: 0.9918
   - Fusion gate mean: 0.998
   - Status: ✓ ACTIVE (contributing to predictions)

------------------------------------------------------------
SUMMARY:
   Active modules: Concept Graph, Skill/MF
   ⚠ Inactive modules: Personal Graph
============================================================
2026-03-13 05:33:52,794 - INFO - [assist_09|assist_09_abce_best_no_C|lr=0.0003|drop=0.20] Module activity saved to checkpoints/abce_diag/abce_rescue_v1/assist_09/seed42/best_no_C/module_activity.json
2026-03-13 05:33:52,862 - INFO - Using device: cuda:0 (physical gpu 3)
2026-03-13 05:33:52,862 - INFO - Loading model from checkpoints/abce_diag/abce_rescue_v1/assist_09/seed42/best_no_C/best_model.pth...
2026-03-13 05:33:53,365 - INFO - Inference switches: ablate_module1=False, ablate_module2=False, ablate_module3=False | enable_module1=True, enable_module2=True, enable_module3=True | use_soft_prototype=False, use_mf_branch=True, use_concept_graph=True, use_q_aligned_residual=True, use_soft_prototype_main_path=False | effective(num_gnn_layers=1, num_prototypes=0)
2026-03-13 05:33:53,394 - INFO - [Inference] Ablation runtime check: args(ablate_module1=False,ablate_module2=False,ablate_module3=False) | model(enable_module1=True,enable_module2=True,enable_module3=True) | physical(has_knowledge_encoder=True,has_mf_branch=True,has_soft_prototype=False)
2026-03-13 05:33:53,395 - INFO - [Inference] [Module3 Init] fusion_gate_bias=-0.9000, fusion_gate_max=1.0000, implied_gate=0.2891, q_gate=0.5000, mf_scale=0.2500, bias_scale=0.2500, graph_tau_mean=1.0055, graph_tau_std=0.0000, graph_dropout=0.000
2026-03-13 05:33:53,396 - INFO - Model loaded from epoch 14. Start testing...
2026-03-13 05:33:54,547 - INFO - [Test] 200/411 batches done, samples=25600
2026-03-13 05:33:55,657 - INFO - [Test] 400/411 batches done, samples=51200
2026-03-13 05:33:55,790 - INFO - 
==================================================
2026-03-13 05:33:55,790 - INFO - Test Results:
2026-03-13 05:33:55,790 - INFO - AUC: 0.7907
2026-03-13 05:33:55,790 - INFO - ACC: 0.7493
2026-03-13 05:33:55,790 - INFO - RMSE: 0.4162
2026-03-13 05:33:55,790 - INFO - ==================================================
2026-03-13 05:33:55,806 - INFO - Summary appended to /home/zsh/ConceptSkillCDM/results/experiment_results.csv
2026-03-13 05:33:55,811 - INFO - Run completed.
2026-03-13 05:33:55,811 - INFO - Best validation AUC: 0.7882 at epoch 14
2026-03-13 05:33:55,811 - INFO - Test metrics - AUC: 0.7907, ACC: 0.7493, RMSE: 0.4162
